Jan 28 09:27:26.984986 ip-10-0-108-54 systemd[1]: Finished OSTree Finalize Staged Deployment.
Jan 28 09:27:28.126607 ip-10-0-102-200 systemd[1]: Finished OSTree Finalize Staged Deployment.
Jan 28 09:27:30.232528 ip-10-0-3-203 systemd[1]: Finished OSTree Finalize Staged Deployment.
Jan 28 09:27:38.249807 ip-10-0-108-54 systemd[1]: Stopping OSTree Finalize Staged Deployment...
Jan 28 09:27:38.330617 ip-10-0-108-54 ostree[2333]: Finalizing staged deployment
Jan 28 09:27:39.314902 ip-10-0-102-200 systemd[1]: Stopping OSTree Finalize Staged Deployment...
Jan 28 09:27:39.395556 ip-10-0-102-200 ostree[2278]: Finalizing staged deployment
Jan 28 09:27:40.165125 ip-10-0-108-54 ostree[2333]: Copying /etc changes: 10 modified, 0 removed, 142 added
Jan 28 09:27:40.165483 ip-10-0-108-54 ostree[2333]: Copying /etc changes: 10 modified, 0 removed, 142 added
Jan 28 09:27:40.213042 ip-10-0-108-54 ostree[2333]: Refreshing SELinux policy
Jan 28 09:27:41.243515 ip-10-0-102-200 ostree[2278]: Copying /etc changes: 10 modified, 0 removed, 143 added
Jan 28 09:27:41.243968 ip-10-0-102-200 ostree[2278]: Copying /etc changes: 10 modified, 0 removed, 143 added
Jan 28 09:27:41.282987 ip-10-0-3-203 systemd[1]: Stopping OSTree Finalize Staged Deployment...
Jan 28 09:27:41.290960 ip-10-0-102-200 ostree[2278]: Refreshing SELinux policy
Jan 28 09:27:41.364377 ip-10-0-3-203 ostree[2254]: Finalizing staged deployment
Jan 28 09:27:42.445257 ip-10-0-108-54 ostree[2333]: Refreshed SELinux policy in 2232 ms
Jan 28 09:27:42.452821 ip-10-0-108-54 ostree[2333]: Finalized deployment
Jan 28 09:27:42.574663 ip-10-0-108-54 ostree[2333]: bootfs is sufficient for calculated new size: 121.9 MB
Jan 28 09:27:43.186933 ip-10-0-3-203 ostree[2254]: Copying /etc changes: 10 modified, 0 removed, 142 added
Jan 28 09:27:43.187349 ip-10-0-3-203 ostree[2254]: Copying /etc changes: 10 modified, 0 removed, 142 added
Jan 28 09:27:43.233645 ip-10-0-3-203 ostree[2254]: Refreshing SELinux policy
Jan 28 09:27:43.615285 ip-10-0-108-54 ostree[2333]: Starting syncfs() for system root
Jan 28 09:27:43.615306 ip-10-0-108-54 ostree[2333]: Completed syncfs() for system root in 0 ms
Jan 28 09:27:43.615312 ip-10-0-108-54 ostree[2333]: Starting freeze/thaw cycle for boot
Jan 28 09:27:43.642410 ip-10-0-108-54 ostree[2333]: Completed freeze/thaw cycle for boot in 27 ms
Jan 28 09:27:43.642510 ip-10-0-108-54 ostree[2333]: Starting freeze/thaw cycle for boot
Jan 28 09:27:43.655413 ip-10-0-108-54 ostree[2333]: Completed freeze/thaw cycle for boot in 13 ms
Jan 28 09:27:43.655707 ip-10-0-108-54 ostree[2333]: Bootloader updated; bootconfig swap: yes; bootversion: boot.0.1, deployment count change: 1
Jan 28 09:27:43.656009 ip-10-0-108-54 ostree[2333]: Bootloader updated; bootconfig swap: yes; bootversion: boot.0.1, deployment count change: 1
Jan 28 09:27:43.656617 ip-10-0-108-54 ostree[2333]: Finished writing deployment
Jan 28 09:27:43.659637 ip-10-0-102-200 ostree[2278]: Refreshed SELinux policy in 2369 ms
Jan 28 09:27:43.666797 ip-10-0-102-200 ostree[2278]: Finalized deployment
Jan 28 09:27:43.668207 ip-10-0-108-54 ostree[2333]: Cleanup complete
Jan 28 09:27:43.670124 ip-10-0-108-54 systemd[1]: ostree-finalize-staged.service: Deactivated successfully.
Jan 28 09:27:43.670448 ip-10-0-108-54 systemd[1]: Stopped OSTree Finalize Staged Deployment.
Jan 28 09:27:43.672064 ip-10-0-108-54 systemd[1]: ostree-finalize-staged.service: Consumed 2.435s CPU time.
Jan 28 09:27:43.788744 ip-10-0-102-200 ostree[2278]: bootfs is sufficient for calculated new size: 121.9 MB
Jan 28 09:27:44.826277 ip-10-0-102-200 ostree[2278]: Starting syncfs() for system root
Jan 28 09:27:44.826295 ip-10-0-102-200 ostree[2278]: Completed syncfs() for system root in 0 ms
Jan 28 09:27:44.826299 ip-10-0-102-200 ostree[2278]: Starting freeze/thaw cycle for boot
Jan 28 09:27:44.851044 ip-10-0-102-200 ostree[2278]: Completed freeze/thaw cycle for boot in 25 ms
Jan 28 09:27:44.851106 ip-10-0-102-200 ostree[2278]: Starting freeze/thaw cycle for boot
Jan 28 09:27:44.855209 ip-10-0-102-200 ostree[2278]: Completed freeze/thaw cycle for boot in 4 ms
Jan 28 09:27:44.855383 ip-10-0-102-200 ostree[2278]: Bootloader updated; bootconfig swap: yes; bootversion: boot.0.1, deployment count change: 1
Jan 28 09:27:44.855581 ip-10-0-102-200 ostree[2278]: Bootloader updated; bootconfig swap: yes; bootversion: boot.0.1, deployment count change: 1
Jan 28 09:27:44.855873 ip-10-0-102-200 ostree[2278]: Finished writing deployment
Jan 28 09:27:44.866713 ip-10-0-102-200 ostree[2278]: Cleanup complete
Jan 28 09:27:44.868821 ip-10-0-102-200 systemd[1]: ostree-finalize-staged.service: Deactivated successfully.
Jan 28 09:27:44.869071 ip-10-0-102-200 systemd[1]: Stopped OSTree Finalize Staged Deployment.
Jan 28 09:27:44.870290 ip-10-0-102-200 systemd[1]: ostree-finalize-staged.service: Consumed 2.533s CPU time.
Jan 28 09:27:45.470853 ip-10-0-3-203 ostree[2254]: Refreshed SELinux policy in 2237 ms
Jan 28 09:27:45.478421 ip-10-0-3-203 ostree[2254]: Finalized deployment
Jan 28 09:27:45.599997 ip-10-0-3-203 ostree[2254]: bootfs is sufficient for calculated new size: 121.9 MB
Jan 28 09:27:46.635301 ip-10-0-3-203 ostree[2254]: Starting syncfs() for system root
Jan 28 09:27:46.635320 ip-10-0-3-203 ostree[2254]: Completed syncfs() for system root in 0 ms
Jan 28 09:27:46.635327 ip-10-0-3-203 ostree[2254]: Starting freeze/thaw cycle for boot
Jan 28 09:27:46.659476 ip-10-0-3-203 ostree[2254]: Completed freeze/thaw cycle for boot in 24 ms
Jan 28 09:27:46.659532 ip-10-0-3-203 ostree[2254]: Starting freeze/thaw cycle for boot
Jan 28 09:27:46.663689 ip-10-0-3-203 ostree[2254]: Completed freeze/thaw cycle for boot in 4 ms
Jan 28 09:27:46.663795 ip-10-0-3-203 ostree[2254]: Bootloader updated; bootconfig swap: yes; bootversion: boot.0.1, deployment count change: 1
Jan 28 09:27:46.663946 ip-10-0-3-203 ostree[2254]: Bootloader updated; bootconfig swap: yes; bootversion: boot.0.1, deployment count change: 1
Jan 28 09:27:46.664195 ip-10-0-3-203 ostree[2254]: Finished writing deployment
Jan 28 09:27:46.675435 ip-10-0-3-203 ostree[2254]: Cleanup complete
Jan 28 09:27:46.677433 ip-10-0-3-203 systemd[1]: ostree-finalize-staged.service: Deactivated successfully.
Jan 28 09:27:46.677653 ip-10-0-3-203 systemd[1]: Stopped OSTree Finalize Staged Deployment.
Jan 28 09:27:46.678886 ip-10-0-3-203 systemd[1]: ostree-finalize-staged.service: Consumed 2.320s CPU time.
