Jan 28 09:28:01.621749 localhost systemd[1]: Starting Open vSwitch Forwarding Unit...
Jan 28 09:28:01.735354 localhost ovs-ctl[1074]: Inserting openvswitch module.
Jan 28 09:28:01.776000 localhost ovs-ctl[1046]: Starting ovs-vswitchd.
Jan 28 09:28:01.781732 localhost ovs-vsctl[1088]: ovs|00001|vsctl|INFO|Called as ovs-vsctl --no-wait add Open_vSwitch . external-ids hostname=localhost
Jan 28 09:28:01.782734 localhost ovs-ctl[1046]: Enabling remote OVSDB managers.
Jan 28 09:28:01.797783 localhost systemd[1]: Started Open vSwitch Forwarding Unit.
Jan 28 09:28:02.637355 localhost systemd[1]: Starting Open vSwitch Forwarding Unit...
Jan 28 09:28:02.736457 localhost ovs-ctl[1078]: Inserting openvswitch module.
Jan 28 09:28:02.780033 localhost ovs-ctl[1050]: Starting ovs-vswitchd.
Jan 28 09:28:02.785616 localhost ovs-vsctl[1092]: ovs|00001|vsctl|INFO|Called as ovs-vsctl --no-wait add Open_vSwitch . external-ids hostname=localhost
Jan 28 09:28:02.786475 localhost ovs-ctl[1050]: Enabling remote OVSDB managers.
Jan 28 09:28:02.800734 localhost systemd[1]: Started Open vSwitch Forwarding Unit.
Jan 28 09:28:03.509296 localhost systemd[1]: Starting Open vSwitch Forwarding Unit...
Jan 28 09:28:03.605068 localhost ovs-ctl[1073]: Inserting openvswitch module.
Jan 28 09:28:03.640964 localhost ovs-ctl[1045]: Starting ovs-vswitchd.
Jan 28 09:28:03.646829 localhost ovs-vsctl[1087]: ovs|00001|vsctl|INFO|Called as ovs-vsctl --no-wait add Open_vSwitch . external-ids hostname=localhost
Jan 28 09:28:03.647771 localhost ovs-ctl[1045]: Enabling remote OVSDB managers.
Jan 28 09:28:03.661433 localhost systemd[1]: Started Open vSwitch Forwarding Unit.
Jan 28 09:28:04.143712 ip-10-0-108-54 ovs-vswitchd[1081]: ovs|00008|dpif_netlink|INFO|Datapath dispatch mode: per-cpu
Jan 28 09:28:04.145968 ip-10-0-108-54 ovs-vswitchd[1081]: ovs|00009|ofproto_dpif|INFO|system@ovs-system: Datapath supports recirculation
Jan 28 09:28:04.146062 ip-10-0-108-54 ovs-vswitchd[1081]: ovs|00010|ofproto_dpif|INFO|system@ovs-system: VLAN header stack length probed as 2
Jan 28 09:28:04.146153 ip-10-0-108-54 ovs-vswitchd[1081]: ovs|00011|ofproto_dpif|INFO|system@ovs-system: MPLS label stack length probed as 3
Jan 28 09:28:04.146186 ip-10-0-108-54 ovs-vswitchd[1081]: ovs|00012|ofproto_dpif|INFO|system@ovs-system: Datapath supports truncate action
Jan 28 09:28:04.146221 ip-10-0-108-54 ovs-vswitchd[1081]: ovs|00013|ofproto_dpif|INFO|system@ovs-system: Datapath supports unique flow ids
Jan 28 09:28:04.146239 ip-10-0-108-54 ovs-vswitchd[1081]: ovs|00014|ofproto_dpif|INFO|system@ovs-system: Datapath supports clone action
Jan 28 09:28:04.146429 ip-10-0-108-54 ovs-vswitchd[1081]: ovs|00015|ofproto_dpif|INFO|system@ovs-system: Max sample nesting level probed as 10
Jan 28 09:28:04.146462 ip-10-0-108-54 ovs-vswitchd[1081]: ovs|00016|ofproto_dpif|INFO|system@ovs-system: Datapath supports eventmask in conntrack action
Jan 28 09:28:04.146501 ip-10-0-108-54 ovs-vswitchd[1081]: ovs|00017|ofproto_dpif|INFO|system@ovs-system: Datapath supports ct_clear action
Jan 28 09:28:04.146538 ip-10-0-108-54 ovs-vswitchd[1081]: ovs|00018|ofproto_dpif|INFO|system@ovs-system: Max dp_hash algorithm probed to be 1
Jan 28 09:28:04.146576 ip-10-0-108-54 ovs-vswitchd[1081]: ovs|00019|ofproto_dpif|INFO|system@ovs-system: Datapath supports check_pkt_len action
Jan 28 09:28:04.146615 ip-10-0-108-54 ovs-vswitchd[1081]: ovs|00020|ofproto_dpif|INFO|system@ovs-system: Datapath supports timeout policy in conntrack action
Jan 28 09:28:04.146655 ip-10-0-108-54 ovs-vswitchd[1081]: ovs|00021|ofproto_dpif|INFO|system@ovs-system: Datapath supports explicit drop action
Jan 28 09:28:04.146669 ip-10-0-108-54 ovs-vswitchd[1081]: ovs|00022|ofproto_dpif|INFO|system@ovs-system: Datapath supports ct_zero_snat
Jan 28 09:28:04.146703 ip-10-0-108-54 ovs-vswitchd[1081]: ovs|00023|ofproto_dpif|INFO|system@ovs-system: Datapath supports add_mpls action
Jan 28 09:28:04.146743 ip-10-0-108-54 ovs-vswitchd[1081]: ovs|00024|ofproto_dpif|INFO|system@ovs-system: Datapath supports psample action
Jan 28 09:28:04.146784 ip-10-0-108-54 ovs-vswitchd[1081]: ovs|00025|ofproto_dpif|INFO|system@ovs-system: Datapath supports ct_state
Jan 28 09:28:04.146824 ip-10-0-108-54 ovs-vswitchd[1081]: ovs|00026|ofproto_dpif|INFO|system@ovs-system: Datapath supports ct_zone
Jan 28 09:28:04.146858 ip-10-0-108-54 ovs-vswitchd[1081]: ovs|00027|ofproto_dpif|INFO|system@ovs-system: Datapath supports ct_mark
Jan 28 09:28:04.146891 ip-10-0-108-54 ovs-vswitchd[1081]: ovs|00028|ofproto_dpif|INFO|system@ovs-system: Datapath supports ct_label
Jan 28 09:28:04.146925 ip-10-0-108-54 ovs-vswitchd[1081]: ovs|00029|ofproto_dpif|INFO|system@ovs-system: Datapath supports ct_state_nat
Jan 28 09:28:04.146958 ip-10-0-108-54 ovs-vswitchd[1081]: ovs|00030|ofproto_dpif|INFO|system@ovs-system: Datapath supports ct_orig_tuple
Jan 28 09:28:04.146991 ip-10-0-108-54 ovs-vswitchd[1081]: ovs|00031|ofproto_dpif|INFO|system@ovs-system: Datapath supports ct_orig_tuple6
Jan 28 09:28:04.147008 ip-10-0-108-54 ovs-vswitchd[1081]: ovs|00032|ofproto_dpif|INFO|system@ovs-system: Datapath does not support IPv6 ND Extensions
Jan 28 09:28:04.147222 ip-10-0-108-54 ovs-vswitchd[1081]: ovs|00033|ofproto_dpif_upcall|INFO|Overriding n-handler-threads to 4, setting n-revalidator-threads to 2
Jan 28 09:28:04.147229 ip-10-0-108-54 ovs-vswitchd[1081]: ovs|00034|ofproto_dpif_upcall|INFO|Starting 6 threads
Jan 28 09:28:04.170634 ip-10-0-108-54 ovs-vswitchd[1081]: ovs|00035|bridge|INFO|bridge br-ex: added interface ens5 on port 1
Jan 28 09:28:04.170764 ip-10-0-108-54 ovs-vswitchd[1081]: ovs|00036|bridge|INFO|bridge br-ex: using datapath ID 0000fe626b46b647
Jan 28 09:28:04.170972 ip-10-0-108-54 ovs-vswitchd[1081]: ovs|00037|connmgr|INFO|br-ex: added service controller "punix:/var/run/openvswitch/br-ex.mgmt"
Jan 28 09:28:04.555412 ip-10-0-108-54 ovs-vswitchd[1081]: ovs|00038|bridge|INFO|bridge br-ex: deleted interface ens5 on port 1
Jan 28 09:28:04.566482 ip-10-0-108-54 ovs-vswitchd[1081]: ovs|00039|dpif_netlink|INFO|Datapath dispatch mode: per-cpu
Jan 28 09:28:04.566680 ip-10-0-108-54 ovs-vswitchd[1081]: ovs|00040|ofproto_dpif|INFO|system@ovs-system: Datapath supports recirculation
Jan 28 09:28:04.566770 ip-10-0-108-54 ovs-vswitchd[1081]: ovs|00041|ofproto_dpif|INFO|system@ovs-system: VLAN header stack length probed as 2
Jan 28 09:28:04.566876 ip-10-0-108-54 ovs-vswitchd[1081]: ovs|00042|ofproto_dpif|INFO|system@ovs-system: MPLS label stack length probed as 3
Jan 28 09:28:04.566940 ip-10-0-108-54 ovs-vswitchd[1081]: ovs|00043|ofproto_dpif|INFO|system@ovs-system: Datapath supports truncate action
Jan 28 09:28:04.567004 ip-10-0-108-54 ovs-vswitchd[1081]: ovs|00044|ofproto_dpif|INFO|system@ovs-system: Datapath supports unique flow ids
Jan 28 09:28:04.567071 ip-10-0-108-54 ovs-vswitchd[1081]: ovs|00045|ofproto_dpif|INFO|system@ovs-system: Datapath supports clone action
Jan 28 09:28:04.567308 ip-10-0-108-54 ovs-vswitchd[1081]: ovs|00046|ofproto_dpif|INFO|system@ovs-system: Max sample nesting level probed as 10
Jan 28 09:28:04.567364 ip-10-0-108-54 ovs-vswitchd[1081]: ovs|00047|ofproto_dpif|INFO|system@ovs-system: Datapath supports eventmask in conntrack action
Jan 28 09:28:04.567424 ip-10-0-108-54 ovs-vswitchd[1081]: ovs|00048|ofproto_dpif|INFO|system@ovs-system: Datapath supports ct_clear action
Jan 28 09:28:04.567484 ip-10-0-108-54 ovs-vswitchd[1081]: ovs|00049|ofproto_dpif|INFO|system@ovs-system: Max dp_hash algorithm probed to be 1
Jan 28 09:28:04.567544 ip-10-0-108-54 ovs-vswitchd[1081]: ovs|00050|ofproto_dpif|INFO|system@ovs-system: Datapath supports check_pkt_len action
Jan 28 09:28:04.567599 ip-10-0-108-54 ovs-vswitchd[1081]: ovs|00051|ofproto_dpif|INFO|system@ovs-system: Datapath supports timeout policy in conntrack action
Jan 28 09:28:04.567655 ip-10-0-108-54 ovs-vswitchd[1081]: ovs|00052|ofproto_dpif|INFO|system@ovs-system: Datapath supports explicit drop action
Jan 28 09:28:04.567677 ip-10-0-108-54 ovs-vswitchd[1081]: ovs|00053|ofproto_dpif|INFO|system@ovs-system: Datapath supports ct_zero_snat
Jan 28 09:28:04.567727 ip-10-0-108-54 ovs-vswitchd[1081]: ovs|00054|ofproto_dpif|INFO|system@ovs-system: Datapath supports add_mpls action
Jan 28 09:28:04.567784 ip-10-0-108-54 ovs-vswitchd[1081]: ovs|00055|ofproto_dpif|INFO|system@ovs-system: Datapath supports psample action
Jan 28 09:28:04.567840 ip-10-0-108-54 ovs-vswitchd[1081]: ovs|00056|ofproto_dpif|INFO|system@ovs-system: Datapath supports ct_state
Jan 28 09:28:04.567892 ip-10-0-108-54 ovs-vswitchd[1081]: ovs|00057|ofproto_dpif|INFO|system@ovs-system: Datapath supports ct_zone
Jan 28 09:28:04.567948 ip-10-0-108-54 ovs-vswitchd[1081]: ovs|00058|ofproto_dpif|INFO|system@ovs-system: Datapath supports ct_mark
Jan 28 09:28:04.568003 ip-10-0-108-54 ovs-vswitchd[1081]: ovs|00059|ofproto_dpif|INFO|system@ovs-system: Datapath supports ct_label
Jan 28 09:28:04.568071 ip-10-0-108-54 ovs-vswitchd[1081]: ovs|00060|ofproto_dpif|INFO|system@ovs-system: Datapath supports ct_state_nat
Jan 28 09:28:04.568121 ip-10-0-108-54 ovs-vswitchd[1081]: ovs|00061|ofproto_dpif|INFO|system@ovs-system: Datapath supports ct_orig_tuple
Jan 28 09:28:04.568166 ip-10-0-108-54 ovs-vswitchd[1081]: ovs|00062|ofproto_dpif|INFO|system@ovs-system: Datapath supports ct_orig_tuple6
Jan 28 09:28:04.568196 ip-10-0-108-54 ovs-vswitchd[1081]: ovs|00063|ofproto_dpif|INFO|system@ovs-system: Datapath does not support IPv6 ND Extensions
Jan 28 09:28:04.568331 ip-10-0-108-54 ovs-vswitchd[1081]: ovs|00064|ofproto_dpif_upcall|INFO|Overriding n-handler-threads to 4, setting n-revalidator-threads to 2
Jan 28 09:28:04.568354 ip-10-0-108-54 ovs-vswitchd[1081]: ovs|00065|ofproto_dpif_upcall|INFO|Starting 6 threads
Jan 28 09:28:04.568875 ip-10-0-108-54 ovs-vswitchd[1081]: ovs|00066|bridge|INFO|bridge br-ex: added interface ens5 on port 1
Jan 28 09:28:04.568985 ip-10-0-108-54 ovs-vswitchd[1081]: ovs|00067|bridge|INFO|bridge br-ex: using datapath ID 0000a633c4756e44
Jan 28 09:28:04.569124 ip-10-0-108-54 ovs-vswitchd[1081]: ovs|00068|connmgr|INFO|br-ex: added service controller "punix:/var/run/openvswitch/br-ex.mgmt"
Jan 28 09:28:04.960154 ip-10-0-102-200 ovs-vswitchd[1085]: ovs|00008|dpif_netlink|INFO|Datapath dispatch mode: per-cpu
Jan 28 09:28:04.961351 ip-10-0-102-200 ovs-vswitchd[1085]: ovs|00009|ofproto_dpif|INFO|system@ovs-system: Datapath supports recirculation
Jan 28 09:28:04.961426 ip-10-0-102-200 ovs-vswitchd[1085]: ovs|00010|ofproto_dpif|INFO|system@ovs-system: VLAN header stack length probed as 2
Jan 28 09:28:04.961512 ip-10-0-102-200 ovs-vswitchd[1085]: ovs|00011|ofproto_dpif|INFO|system@ovs-system: MPLS label stack length probed as 3
Jan 28 09:28:04.961539 ip-10-0-102-200 ovs-vswitchd[1085]: ovs|00012|ofproto_dpif|INFO|system@ovs-system: Datapath supports truncate action
Jan 28 09:28:04.961569 ip-10-0-102-200 ovs-vswitchd[1085]: ovs|00013|ofproto_dpif|INFO|system@ovs-system: Datapath supports unique flow ids
Jan 28 09:28:04.961583 ip-10-0-102-200 ovs-vswitchd[1085]: ovs|00014|ofproto_dpif|INFO|system@ovs-system: Datapath supports clone action
Jan 28 09:28:04.961782 ip-10-0-102-200 ovs-vswitchd[1085]: ovs|00015|ofproto_dpif|INFO|system@ovs-system: Max sample nesting level probed as 10
Jan 28 09:28:04.961821 ip-10-0-102-200 ovs-vswitchd[1085]: ovs|00016|ofproto_dpif|INFO|system@ovs-system: Datapath supports eventmask in conntrack action
Jan 28 09:28:04.961860 ip-10-0-102-200 ovs-vswitchd[1085]: ovs|00017|ofproto_dpif|INFO|system@ovs-system: Datapath supports ct_clear action
Jan 28 09:28:04.961898 ip-10-0-102-200 ovs-vswitchd[1085]: ovs|00018|ofproto_dpif|INFO|system@ovs-system: Max dp_hash algorithm probed to be 1
Jan 28 09:28:04.961935 ip-10-0-102-200 ovs-vswitchd[1085]: ovs|00019|ofproto_dpif|INFO|system@ovs-system: Datapath supports check_pkt_len action
Jan 28 09:28:04.961973 ip-10-0-102-200 ovs-vswitchd[1085]: ovs|00020|ofproto_dpif|INFO|system@ovs-system: Datapath supports timeout policy in conntrack action
Jan 28 09:28:04.962021 ip-10-0-102-200 ovs-vswitchd[1085]: ovs|00021|ofproto_dpif|INFO|system@ovs-system: Datapath supports explicit drop action
Jan 28 09:28:04.962033 ip-10-0-102-200 ovs-vswitchd[1085]: ovs|00022|ofproto_dpif|INFO|system@ovs-system: Datapath supports ct_zero_snat
Jan 28 09:28:04.962065 ip-10-0-102-200 ovs-vswitchd[1085]: ovs|00023|ofproto_dpif|INFO|system@ovs-system: Datapath supports add_mpls action
Jan 28 09:28:04.962120 ip-10-0-102-200 ovs-vswitchd[1085]: ovs|00024|ofproto_dpif|INFO|system@ovs-system: Datapath supports psample action
Jan 28 09:28:04.962161 ip-10-0-102-200 ovs-vswitchd[1085]: ovs|00025|ofproto_dpif|INFO|system@ovs-system: Datapath supports ct_state
Jan 28 09:28:04.962199 ip-10-0-102-200 ovs-vswitchd[1085]: ovs|00026|ofproto_dpif|INFO|system@ovs-system: Datapath supports ct_zone
Jan 28 09:28:04.962237 ip-10-0-102-200 ovs-vswitchd[1085]: ovs|00027|ofproto_dpif|INFO|system@ovs-system: Datapath supports ct_mark
Jan 28 09:28:04.962274 ip-10-0-102-200 ovs-vswitchd[1085]: ovs|00028|ofproto_dpif|INFO|system@ovs-system: Datapath supports ct_label
Jan 28 09:28:04.962313 ip-10-0-102-200 ovs-vswitchd[1085]: ovs|00029|ofproto_dpif|INFO|system@ovs-system: Datapath supports ct_state_nat
Jan 28 09:28:04.962350 ip-10-0-102-200 ovs-vswitchd[1085]: ovs|00030|ofproto_dpif|INFO|system@ovs-system: Datapath supports ct_orig_tuple
Jan 28 09:28:04.962388 ip-10-0-102-200 ovs-vswitchd[1085]: ovs|00031|ofproto_dpif|INFO|system@ovs-system: Datapath supports ct_orig_tuple6
Jan 28 09:28:04.962411 ip-10-0-102-200 ovs-vswitchd[1085]: ovs|00032|ofproto_dpif|INFO|system@ovs-system: Datapath does not support IPv6 ND Extensions
Jan 28 09:28:04.962589 ip-10-0-102-200 ovs-vswitchd[1085]: ovs|00033|ofproto_dpif_upcall|INFO|Overriding n-handler-threads to 4, setting n-revalidator-threads to 2
Jan 28 09:28:04.962603 ip-10-0-102-200 ovs-vswitchd[1085]: ovs|00034|ofproto_dpif_upcall|INFO|Starting 6 threads
Jan 28 09:28:04.993584 ip-10-0-102-200 ovs-vswitchd[1085]: ovs|00035|bridge|INFO|bridge br-ex: added interface ens5 on port 1
Jan 28 09:28:04.993731 ip-10-0-102-200 ovs-vswitchd[1085]: ovs|00036|bridge|INFO|bridge br-ex: using datapath ID 00005274771d644e
Jan 28 09:28:04.993937 ip-10-0-102-200 ovs-vswitchd[1085]: ovs|00037|connmgr|INFO|br-ex: added service controller "punix:/var/run/openvswitch/br-ex.mgmt"
Jan 28 09:28:05.137571 ip-10-0-108-54 ovs-vswitchd[1081]: ovs|00069|netdev|WARN|failed to set MTU for network device br-ex: No such device
Jan 28 09:28:05.137943 ip-10-0-108-54 ovs-vswitchd[1081]: ovs|00070|bridge|INFO|bridge br-ex: added interface br-ex on port 65534
Jan 28 09:28:05.138080 ip-10-0-108-54 ovs-vswitchd[1081]: ovs|00071|bridge|INFO|bridge br-ex: using datapath ID 00000674b0633b53
Jan 28 09:28:05.309561 ip-10-0-102-200 ovs-vswitchd[1085]: ovs|00038|bridge|INFO|bridge br-ex: deleted interface ens5 on port 1
Jan 28 09:28:05.328833 ip-10-0-102-200 ovs-vswitchd[1085]: ovs|00039|dpif_netlink|INFO|Datapath dispatch mode: per-cpu
Jan 28 09:28:05.329001 ip-10-0-102-200 ovs-vswitchd[1085]: ovs|00040|ofproto_dpif|INFO|system@ovs-system: Datapath supports recirculation
Jan 28 09:28:05.329066 ip-10-0-102-200 ovs-vswitchd[1085]: ovs|00041|ofproto_dpif|INFO|system@ovs-system: VLAN header stack length probed as 2
Jan 28 09:28:05.329204 ip-10-0-102-200 ovs-vswitchd[1085]: ovs|00042|ofproto_dpif|INFO|system@ovs-system: MPLS label stack length probed as 3
Jan 28 09:28:05.329240 ip-10-0-102-200 ovs-vswitchd[1085]: ovs|00043|ofproto_dpif|INFO|system@ovs-system: Datapath supports truncate action
Jan 28 09:28:05.329295 ip-10-0-102-200 ovs-vswitchd[1085]: ovs|00044|ofproto_dpif|INFO|system@ovs-system: Datapath supports unique flow ids
Jan 28 09:28:05.329325 ip-10-0-102-200 ovs-vswitchd[1085]: ovs|00045|ofproto_dpif|INFO|system@ovs-system: Datapath supports clone action
Jan 28 09:28:05.329529 ip-10-0-102-200 ovs-vswitchd[1085]: ovs|00046|ofproto_dpif|INFO|system@ovs-system: Max sample nesting level probed as 10
Jan 28 09:28:05.329581 ip-10-0-102-200 ovs-vswitchd[1085]: ovs|00047|ofproto_dpif|INFO|system@ovs-system: Datapath supports eventmask in conntrack action
Jan 28 09:28:05.329636 ip-10-0-102-200 ovs-vswitchd[1085]: ovs|00048|ofproto_dpif|INFO|system@ovs-system: Datapath supports ct_clear action
Jan 28 09:28:05.329705 ip-10-0-102-200 ovs-vswitchd[1085]: ovs|00049|ofproto_dpif|INFO|system@ovs-system: Max dp_hash algorithm probed to be 1
Jan 28 09:28:05.329764 ip-10-0-102-200 ovs-vswitchd[1085]: ovs|00050|ofproto_dpif|INFO|system@ovs-system: Datapath supports check_pkt_len action
Jan 28 09:28:05.329821 ip-10-0-102-200 ovs-vswitchd[1085]: ovs|00051|ofproto_dpif|INFO|system@ovs-system: Datapath supports timeout policy in conntrack action
Jan 28 09:28:05.329870 ip-10-0-102-200 ovs-vswitchd[1085]: ovs|00052|ofproto_dpif|INFO|system@ovs-system: Datapath supports explicit drop action
Jan 28 09:28:05.329891 ip-10-0-102-200 ovs-vswitchd[1085]: ovs|00053|ofproto_dpif|INFO|system@ovs-system: Datapath supports ct_zero_snat
Jan 28 09:28:05.329938 ip-10-0-102-200 ovs-vswitchd[1085]: ovs|00054|ofproto_dpif|INFO|system@ovs-system: Datapath supports add_mpls action
Jan 28 09:28:05.329991 ip-10-0-102-200 ovs-vswitchd[1085]: ovs|00055|ofproto_dpif|INFO|system@ovs-system: Datapath supports psample action
Jan 28 09:28:05.330038 ip-10-0-102-200 ovs-vswitchd[1085]: ovs|00056|ofproto_dpif|INFO|system@ovs-system: Datapath supports ct_state
Jan 28 09:28:05.330084 ip-10-0-102-200 ovs-vswitchd[1085]: ovs|00057|ofproto_dpif|INFO|system@ovs-system: Datapath supports ct_zone
Jan 28 09:28:05.330153 ip-10-0-102-200 ovs-vswitchd[1085]: ovs|00058|ofproto_dpif|INFO|system@ovs-system: Datapath supports ct_mark
Jan 28 09:28:05.330199 ip-10-0-102-200 ovs-vswitchd[1085]: ovs|00059|ofproto_dpif|INFO|system@ovs-system: Datapath supports ct_label
Jan 28 09:28:05.330245 ip-10-0-102-200 ovs-vswitchd[1085]: ovs|00060|ofproto_dpif|INFO|system@ovs-system: Datapath supports ct_state_nat
Jan 28 09:28:05.330292 ip-10-0-102-200 ovs-vswitchd[1085]: ovs|00061|ofproto_dpif|INFO|system@ovs-system: Datapath supports ct_orig_tuple
Jan 28 09:28:05.330346 ip-10-0-102-200 ovs-vswitchd[1085]: ovs|00062|ofproto_dpif|INFO|system@ovs-system: Datapath supports ct_orig_tuple6
Jan 28 09:28:05.330383 ip-10-0-102-200 ovs-vswitchd[1085]: ovs|00063|ofproto_dpif|INFO|system@ovs-system: Datapath does not support IPv6 ND Extensions
Jan 28 09:28:05.330536 ip-10-0-102-200 ovs-vswitchd[1085]: ovs|00064|ofproto_dpif_upcall|INFO|Overriding n-handler-threads to 4, setting n-revalidator-threads to 2
Jan 28 09:28:05.330564 ip-10-0-102-200 ovs-vswitchd[1085]: ovs|00065|ofproto_dpif_upcall|INFO|Starting 6 threads
Jan 28 09:28:05.331049 ip-10-0-102-200 ovs-vswitchd[1085]: ovs|00066|bridge|INFO|bridge br-ex: added interface ens5 on port 1
Jan 28 09:28:05.331175 ip-10-0-102-200 ovs-vswitchd[1085]: ovs|00067|bridge|INFO|bridge br-ex: using datapath ID 0000be83ebead543
Jan 28 09:28:05.331305 ip-10-0-102-200 ovs-vswitchd[1085]: ovs|00068|connmgr|INFO|br-ex: added service controller "punix:/var/run/openvswitch/br-ex.mgmt"
Jan 28 09:28:05.984362 ip-10-0-102-200 ovs-vswitchd[1085]: ovs|00069|netdev|WARN|failed to set MTU for network device br-ex: No such device
Jan 28 09:28:05.986119 ip-10-0-102-200 ovs-vswitchd[1085]: ovs|00070|bridge|INFO|bridge br-ex: added interface br-ex on port 65534
Jan 28 09:28:05.986245 ip-10-0-102-200 ovs-vswitchd[1085]: ovs|00071|bridge|INFO|bridge br-ex: using datapath ID 0000061e36514663
Jan 28 09:28:06.033215 ip-10-0-3-203 ovs-vswitchd[1080]: ovs|00008|dpif_netlink|INFO|Datapath dispatch mode: per-cpu
Jan 28 09:28:06.034507 ip-10-0-3-203 ovs-vswitchd[1080]: ovs|00009|ofproto_dpif|INFO|system@ovs-system: Datapath supports recirculation
Jan 28 09:28:06.034580 ip-10-0-3-203 ovs-vswitchd[1080]: ovs|00010|ofproto_dpif|INFO|system@ovs-system: VLAN header stack length probed as 2
Jan 28 09:28:06.034665 ip-10-0-3-203 ovs-vswitchd[1080]: ovs|00011|ofproto_dpif|INFO|system@ovs-system: MPLS label stack length probed as 3
Jan 28 09:28:06.034691 ip-10-0-3-203 ovs-vswitchd[1080]: ovs|00012|ofproto_dpif|INFO|system@ovs-system: Datapath supports truncate action
Jan 28 09:28:06.034723 ip-10-0-3-203 ovs-vswitchd[1080]: ovs|00013|ofproto_dpif|INFO|system@ovs-system: Datapath supports unique flow ids
Jan 28 09:28:06.034736 ip-10-0-3-203 ovs-vswitchd[1080]: ovs|00014|ofproto_dpif|INFO|system@ovs-system: Datapath supports clone action
Jan 28 09:28:06.034952 ip-10-0-3-203 ovs-vswitchd[1080]: ovs|00015|ofproto_dpif|INFO|system@ovs-system: Max sample nesting level probed as 10
Jan 28 09:28:06.034977 ip-10-0-3-203 ovs-vswitchd[1080]: ovs|00016|ofproto_dpif|INFO|system@ovs-system: Datapath supports eventmask in conntrack action
Jan 28 09:28:06.035007 ip-10-0-3-203 ovs-vswitchd[1080]: ovs|00017|ofproto_dpif|INFO|system@ovs-system: Datapath supports ct_clear action
Jan 28 09:28:06.035035 ip-10-0-3-203 ovs-vswitchd[1080]: ovs|00018|ofproto_dpif|INFO|system@ovs-system: Max dp_hash algorithm probed to be 1
Jan 28 09:28:06.035064 ip-10-0-3-203 ovs-vswitchd[1080]: ovs|00019|ofproto_dpif|INFO|system@ovs-system: Datapath supports check_pkt_len action
Jan 28 09:28:06.035093 ip-10-0-3-203 ovs-vswitchd[1080]: ovs|00020|ofproto_dpif|INFO|system@ovs-system: Datapath supports timeout policy in conntrack action
Jan 28 09:28:06.035124 ip-10-0-3-203 ovs-vswitchd[1080]: ovs|00021|ofproto_dpif|INFO|system@ovs-system: Datapath supports explicit drop action
Jan 28 09:28:06.035130 ip-10-0-3-203 ovs-vswitchd[1080]: ovs|00022|ofproto_dpif|INFO|system@ovs-system: Datapath supports ct_zero_snat
Jan 28 09:28:06.035159 ip-10-0-3-203 ovs-vswitchd[1080]: ovs|00023|ofproto_dpif|INFO|system@ovs-system: Datapath supports add_mpls action
Jan 28 09:28:06.035189 ip-10-0-3-203 ovs-vswitchd[1080]: ovs|00024|ofproto_dpif|INFO|system@ovs-system: Datapath supports psample action
Jan 28 09:28:06.035221 ip-10-0-3-203 ovs-vswitchd[1080]: ovs|00025|ofproto_dpif|INFO|system@ovs-system: Datapath supports ct_state
Jan 28 09:28:06.035250 ip-10-0-3-203 ovs-vswitchd[1080]: ovs|00026|ofproto_dpif|INFO|system@ovs-system: Datapath supports ct_zone
Jan 28 09:28:06.035280 ip-10-0-3-203 ovs-vswitchd[1080]: ovs|00027|ofproto_dpif|INFO|system@ovs-system: Datapath supports ct_mark
Jan 28 09:28:06.035311 ip-10-0-3-203 ovs-vswitchd[1080]: ovs|00028|ofproto_dpif|INFO|system@ovs-system: Datapath supports ct_label
Jan 28 09:28:06.035345 ip-10-0-3-203 ovs-vswitchd[1080]: ovs|00029|ofproto_dpif|INFO|system@ovs-system: Datapath supports ct_state_nat
Jan 28 09:28:06.035376 ip-10-0-3-203 ovs-vswitchd[1080]: ovs|00030|ofproto_dpif|INFO|system@ovs-system: Datapath supports ct_orig_tuple
Jan 28 09:28:06.035410 ip-10-0-3-203 ovs-vswitchd[1080]: ovs|00031|ofproto_dpif|INFO|system@ovs-system: Datapath supports ct_orig_tuple6
Jan 28 09:28:06.035426 ip-10-0-3-203 ovs-vswitchd[1080]: ovs|00032|ofproto_dpif|INFO|system@ovs-system: Datapath does not support IPv6 ND Extensions
Jan 28 09:28:06.035623 ip-10-0-3-203 ovs-vswitchd[1080]: ovs|00033|ofproto_dpif_upcall|INFO|Overriding n-handler-threads to 4, setting n-revalidator-threads to 2
Jan 28 09:28:06.035630 ip-10-0-3-203 ovs-vswitchd[1080]: ovs|00034|ofproto_dpif_upcall|INFO|Starting 6 threads
Jan 28 09:28:06.064025 ip-10-0-3-203 ovs-vswitchd[1080]: ovs|00035|bridge|INFO|bridge br-ex: added interface ens5 on port 1
Jan 28 09:28:06.064129 ip-10-0-3-203 ovs-vswitchd[1080]: ovs|00036|bridge|INFO|bridge br-ex: using datapath ID 000096b84a39704b
Jan 28 09:28:06.064285 ip-10-0-3-203 ovs-vswitchd[1080]: ovs|00037|connmgr|INFO|br-ex: added service controller "punix:/var/run/openvswitch/br-ex.mgmt"
Jan 28 09:28:06.415601 ip-10-0-3-203 ovs-vswitchd[1080]: ovs|00038|bridge|INFO|bridge br-ex: deleted interface ens5 on port 1
Jan 28 09:28:06.427813 ip-10-0-3-203 ovs-vswitchd[1080]: ovs|00039|dpif_netlink|INFO|Datapath dispatch mode: per-cpu
Jan 28 09:28:06.427989 ip-10-0-3-203 ovs-vswitchd[1080]: ovs|00040|ofproto_dpif|INFO|system@ovs-system: Datapath supports recirculation
Jan 28 09:28:06.428054 ip-10-0-3-203 ovs-vswitchd[1080]: ovs|00041|ofproto_dpif|INFO|system@ovs-system: VLAN header stack length probed as 2
Jan 28 09:28:06.428154 ip-10-0-3-203 ovs-vswitchd[1080]: ovs|00042|ofproto_dpif|INFO|system@ovs-system: MPLS label stack length probed as 3
Jan 28 09:28:06.428211 ip-10-0-3-203 ovs-vswitchd[1080]: ovs|00043|ofproto_dpif|INFO|system@ovs-system: Datapath supports truncate action
Jan 28 09:28:06.428270 ip-10-0-3-203 ovs-vswitchd[1080]: ovs|00044|ofproto_dpif|INFO|system@ovs-system: Datapath supports unique flow ids
Jan 28 09:28:06.428313 ip-10-0-3-203 ovs-vswitchd[1080]: ovs|00045|ofproto_dpif|INFO|system@ovs-system: Datapath supports clone action
Jan 28 09:28:06.428587 ip-10-0-3-203 ovs-vswitchd[1080]: ovs|00046|ofproto_dpif|INFO|system@ovs-system: Max sample nesting level probed as 10
Jan 28 09:28:06.428643 ip-10-0-3-203 ovs-vswitchd[1080]: ovs|00047|ofproto_dpif|INFO|system@ovs-system: Datapath supports eventmask in conntrack action
Jan 28 09:28:06.428692 ip-10-0-3-203 ovs-vswitchd[1080]: ovs|00048|ofproto_dpif|INFO|system@ovs-system: Datapath supports ct_clear action
Jan 28 09:28:06.428736 ip-10-0-3-203 ovs-vswitchd[1080]: ovs|00049|ofproto_dpif|INFO|system@ovs-system: Max dp_hash algorithm probed to be 1
Jan 28 09:28:06.428781 ip-10-0-3-203 ovs-vswitchd[1080]: ovs|00050|ofproto_dpif|INFO|system@ovs-system: Datapath supports check_pkt_len action
Jan 28 09:28:06.428828 ip-10-0-3-203 ovs-vswitchd[1080]: ovs|00051|ofproto_dpif|INFO|system@ovs-system: Datapath supports timeout policy in conntrack action
Jan 28 09:28:06.428881 ip-10-0-3-203 ovs-vswitchd[1080]: ovs|00052|ofproto_dpif|INFO|system@ovs-system: Datapath supports explicit drop action
Jan 28 09:28:06.428941 ip-10-0-3-203 ovs-vswitchd[1080]: ovs|00053|ofproto_dpif|INFO|system@ovs-system: Datapath supports ct_zero_snat
Jan 28 09:28:06.428994 ip-10-0-3-203 ovs-vswitchd[1080]: ovs|00054|ofproto_dpif|INFO|system@ovs-system: Datapath supports add_mpls action
Jan 28 09:28:06.429050 ip-10-0-3-203 ovs-vswitchd[1080]: ovs|00055|ofproto_dpif|INFO|system@ovs-system: Datapath supports psample action
Jan 28 09:28:06.429117 ip-10-0-3-203 ovs-vswitchd[1080]: ovs|00056|ofproto_dpif|INFO|system@ovs-system: Datapath supports ct_state
Jan 28 09:28:06.429174 ip-10-0-3-203 ovs-vswitchd[1080]: ovs|00057|ofproto_dpif|INFO|system@ovs-system: Datapath supports ct_zone
Jan 28 09:28:06.429229 ip-10-0-3-203 ovs-vswitchd[1080]: ovs|00058|ofproto_dpif|INFO|system@ovs-system: Datapath supports ct_mark
Jan 28 09:28:06.429278 ip-10-0-3-203 ovs-vswitchd[1080]: ovs|00059|ofproto_dpif|INFO|system@ovs-system: Datapath supports ct_label
Jan 28 09:28:06.429334 ip-10-0-3-203 ovs-vswitchd[1080]: ovs|00060|ofproto_dpif|INFO|system@ovs-system: Datapath supports ct_state_nat
Jan 28 09:28:06.429382 ip-10-0-3-203 ovs-vswitchd[1080]: ovs|00061|ofproto_dpif|INFO|system@ovs-system: Datapath supports ct_orig_tuple
Jan 28 09:28:06.429436 ip-10-0-3-203 ovs-vswitchd[1080]: ovs|00062|ofproto_dpif|INFO|system@ovs-system: Datapath supports ct_orig_tuple6
Jan 28 09:28:06.429469 ip-10-0-3-203 ovs-vswitchd[1080]: ovs|00063|ofproto_dpif|INFO|system@ovs-system: Datapath does not support IPv6 ND Extensions
Jan 28 09:28:06.429615 ip-10-0-3-203 ovs-vswitchd[1080]: ovs|00064|ofproto_dpif_upcall|INFO|Overriding n-handler-threads to 4, setting n-revalidator-threads to 2
Jan 28 09:28:06.429644 ip-10-0-3-203 ovs-vswitchd[1080]: ovs|00065|ofproto_dpif_upcall|INFO|Starting 6 threads
Jan 28 09:28:06.430586 ip-10-0-3-203 ovs-vswitchd[1080]: ovs|00066|bridge|INFO|bridge br-ex: added interface ens5 on port 1
Jan 28 09:28:06.430681 ip-10-0-3-203 ovs-vswitchd[1080]: ovs|00067|bridge|INFO|bridge br-ex: using datapath ID 00007a8978064e4a
Jan 28 09:28:06.430785 ip-10-0-3-203 ovs-vswitchd[1080]: ovs|00068|connmgr|INFO|br-ex: added service controller "punix:/var/run/openvswitch/br-ex.mgmt"
Jan 28 09:28:06.972874 ip-10-0-3-203 ovs-vswitchd[1080]: ovs|00069|netdev|WARN|failed to set MTU for network device br-ex: No such device
Jan 28 09:28:06.973265 ip-10-0-3-203 ovs-vswitchd[1080]: ovs|00070|bridge|INFO|bridge br-ex: added interface br-ex on port 65534
Jan 28 09:28:06.973390 ip-10-0-3-203 ovs-vswitchd[1080]: ovs|00071|bridge|INFO|bridge br-ex: using datapath ID 000002922eb9dab9
Jan 28 09:28:11.763683 ip-10-0-108-54 ovs-vswitchd[1081]: ovs|00072|memory|INFO|44268 kB peak resident set size after 10.0 seconds
Jan 28 09:28:11.763819 ip-10-0-108-54 ovs-vswitchd[1081]: ovs|00073|memory|INFO|handlers:4 idl-cells-Open_vSwitch:153 ports:2 revalidators:2 rules:5 udpif keys:13
Jan 28 09:28:12.795434 ip-10-0-102-200 ovs-vswitchd[1085]: ovs|00072|memory|INFO|44008 kB peak resident set size after 10.0 seconds
Jan 28 09:28:12.795571 ip-10-0-102-200 ovs-vswitchd[1085]: ovs|00073|memory|INFO|handlers:4 idl-cells-Open_vSwitch:153 ports:2 revalidators:2 rules:5 udpif keys:13
Jan 28 09:28:13.642066 ip-10-0-3-203 ovs-vswitchd[1080]: ovs|00072|memory|INFO|44764 kB peak resident set size after 10.0 seconds
Jan 28 09:28:13.642206 ip-10-0-3-203 ovs-vswitchd[1080]: ovs|00073|memory|INFO|handlers:4 idl-cells-Open_vSwitch:153 ports:2 revalidators:2 rules:5 udpif keys:13
Jan 28 09:29:45.572760 ip-10-0-102-200 ovs-vswitchd[1085]: ovs|00074|bridge|INFO|bridge br-int: added interface br-int on port 65534
Jan 28 09:29:45.572953 ip-10-0-102-200 ovs-vswitchd[1085]: ovs|00075|bridge|INFO|bridge br-int: using datapath ID 000046abd3e77b61
Jan 28 09:29:45.573126 ip-10-0-102-200 ovs-vswitchd[1085]: ovs|00076|connmgr|INFO|br-int: added service controller "punix:/var/run/openvswitch/br-int.mgmt"
Jan 28 09:29:48.473114 ip-10-0-108-54 ovs-vswitchd[1081]: ovs|00074|bridge|INFO|bridge br-int: added interface br-int on port 65534
Jan 28 09:29:48.473348 ip-10-0-108-54 ovs-vswitchd[1081]: ovs|00075|bridge|INFO|bridge br-int: using datapath ID 0000e2ecca4dc81d
Jan 28 09:29:48.473506 ip-10-0-108-54 ovs-vswitchd[1081]: ovs|00076|connmgr|INFO|br-int: added service controller "punix:/var/run/openvswitch/br-int.mgmt"
Jan 28 09:29:51.293726 ip-10-0-3-203 ovs-vswitchd[1080]: ovs|00074|bridge|INFO|bridge br-int: added interface br-int on port 65534
Jan 28 09:29:51.293980 ip-10-0-3-203 ovs-vswitchd[1080]: ovs|00075|bridge|INFO|bridge br-int: using datapath ID 00007a2049699afd
Jan 28 09:29:51.294116 ip-10-0-3-203 ovs-vswitchd[1080]: ovs|00076|connmgr|INFO|br-int: added service controller "punix:/var/run/openvswitch/br-int.mgmt"
Jan 28 09:29:54.111908 ip-10-0-102-200 ovs-vswitchd[1085]: ovs|00077|netlink_conntrack|INFO|Disabling conntrack flush by zone. Not supported in Linux kernel.
Jan 28 09:29:54.242354 ip-10-0-102-200 ovs-vswitchd[1085]: ovs|00078|bridge|INFO|bridge br-ex: added interface patch-br-ex_ip-10-0-102-200.us-west-1.compute.internal-to-br-int on port 2
Jan 28 09:29:54.242404 ip-10-0-102-200 ovs-vswitchd[1085]: ovs|00079|bridge|INFO|bridge br-int: added interface patch-br-int-to-br-ex_ip-10-0-102-200.us-west-1.compute.internal on port 1
Jan 28 09:29:54.642457 ip-10-0-102-200 ovs-vswitchd[1085]: ovs|00080|bridge|INFO|bridge br-int: added interface ovn-c267e4-0 on port 2
Jan 28 09:29:54.667529 ip-10-0-108-54 ovs-vswitchd[1081]: ovs|00077|bridge|INFO|bridge br-int: added interface ovn-b6462f-0 on port 1
Jan 28 09:29:54.846038 ip-10-0-102-200 ovs-vswitchd[1085]: ovs|00081|connmgr|INFO|br-int<->unix#4: 1602 flow_mods in the last 2 s (1593 adds, 4 deletes, 5 modifications)
Jan 28 09:29:56.402656 ip-10-0-108-54 ovs-vswitchd[1081]: ovs|00078|connmgr|INFO|br-int<->unix#4: 24 flow_mods 1 s ago (23 adds, 1 deletes)
Jan 28 09:30:01.730871 ip-10-0-108-54 ovs-vswitchd[1081]: ovs|00079|netlink_conntrack|INFO|Disabling conntrack flush by zone. Not supported in Linux kernel.
Jan 28 09:30:01.734197 ip-10-0-102-200 ovs-vswitchd[1085]: ovs|00082|connmgr|INFO|br-ex<->unix#16: 1 flow_mods in the last 0 s (1 adds)
Jan 28 09:30:01.857729 ip-10-0-108-54 ovs-vswitchd[1081]: ovs|00080|bridge|INFO|bridge br-ex: added interface patch-br-ex_ip-10-0-108-54.us-west-1.compute.internal-to-br-int on port 2
Jan 28 09:30:01.857780 ip-10-0-108-54 ovs-vswitchd[1081]: ovs|00081|bridge|INFO|bridge br-int: added interface patch-br-int-to-br-ex_ip-10-0-108-54.us-west-1.compute.internal on port 2
Jan 28 09:30:02.889265 ip-10-0-108-54 ovs-vswitchd[1081]: ovs|00082|connmgr|INFO|br-ex<->unix#17: 1 flow_mods in the last 0 s (1 adds)
Jan 28 09:30:05.496570 ip-10-0-102-200 ovs-vswitchd[1085]: ovs|00083|bridge|INFO|bridge br-int: added interface ovn-ecd1c2-0 on port 3
Jan 28 09:30:05.497352 ip-10-0-108-54 ovs-vswitchd[1081]: ovs|00083|bridge|INFO|bridge br-int: added interface ovn-ecd1c2-0 on port 3
Jan 28 09:30:05.578149 ip-10-0-3-203 ovs-vswitchd[1080]: ovs|00077|bridge|INFO|bridge br-int: added interface ovn-b6462f-0 on port 1
Jan 28 09:30:05.578341 ip-10-0-3-203 ovs-vswitchd[1080]: ovs|00078|bridge|INFO|bridge br-int: added interface ovn-c267e4-0 on port 2
Jan 28 09:30:05.594594 ip-10-0-3-203 ovs-vswitchd[1080]: ovs|00079|netlink_conntrack|INFO|Disabling conntrack flush by zone. Not supported in Linux kernel.
Jan 28 09:30:05.627307 ip-10-0-102-200 ovs-vswitchd[1085]: ovs|00084|connmgr|INFO|br-ex<->unix#25: 38 flow_mods in the last 0 s (37 adds, 1 deletes)
Jan 28 09:30:05.644446 ip-10-0-102-200 ovs-vswitchd[1085]: ovs|00085|netdev|WARN|failed to set MTU for network device ovn-k8s-mp0: No such device
Jan 28 09:30:05.644839 ip-10-0-102-200 ovs-vswitchd[1085]: ovs|00086|bridge|INFO|bridge br-int: added interface ovn-k8s-mp0 on port 4
Jan 28 09:30:05.732636 ip-10-0-3-203 ovs-vswitchd[1080]: ovs|00080|bridge|INFO|bridge br-ex: added interface patch-br-ex_ip-10-0-3-203.us-west-1.compute.internal-to-br-int on port 2
Jan 28 09:30:05.732683 ip-10-0-3-203 ovs-vswitchd[1080]: ovs|00081|bridge|INFO|bridge br-int: added interface patch-br-int-to-br-ex_ip-10-0-3-203.us-west-1.compute.internal on port 3
Jan 28 09:30:05.872037 ip-10-0-108-54 ovs-vswitchd[1081]: ovs|00084|connmgr|INFO|br-ex<->unix#24: 38 flow_mods in the last 0 s (37 adds, 1 deletes)
Jan 28 09:30:05.888563 ip-10-0-108-54 ovs-vswitchd[1081]: ovs|00085|netdev|WARN|failed to set MTU for network device ovn-k8s-mp0: No such device
Jan 28 09:30:05.888958 ip-10-0-108-54 ovs-vswitchd[1081]: ovs|00086|bridge|INFO|bridge br-int: added interface ovn-k8s-mp0 on port 4
Jan 28 09:30:06.239435 ip-10-0-3-203 ovs-vswitchd[1080]: ovs|00082|connmgr|INFO|br-ex<->unix#13: 37 flow_mods in the last 0 s (37 adds)
Jan 28 09:30:06.252792 ip-10-0-3-203 ovs-vswitchd[1080]: ovs|00083|netdev|WARN|failed to set MTU for network device ovn-k8s-mp0: No such device
Jan 28 09:30:06.253206 ip-10-0-3-203 ovs-vswitchd[1080]: ovs|00084|bridge|INFO|bridge br-int: added interface ovn-k8s-mp0 on port 4
Jan 28 09:30:07.186939 ip-10-0-102-200 ovs-vswitchd[1085]: ovs|00087|connmgr|INFO|br-ex<->unix#37: 4 flow_mods in the last 0 s (2 adds, 2 deletes)
Jan 28 09:30:07.380523 ip-10-0-108-54 ovs-vswitchd[1081]: ovs|00087|connmgr|INFO|br-ex<->unix#36: 4 flow_mods in the last 0 s (2 adds, 2 deletes)
Jan 28 09:30:07.489924 ip-10-0-3-203 ovs-vswitchd[1080]: ovs|00085|connmgr|INFO|br-ex<->unix#25: 4 flow_mods in the last 0 s (2 adds, 2 deletes)
Jan 28 09:30:09.334601 ip-10-0-108-54 ovs-vswitchd[1081]: ovs|00088|bridge|INFO|bridge br-int: added interface 7b97491ce7dad08 on port 5
Jan 28 09:30:09.347943 ip-10-0-108-54 ovs-vswitchd[1081]: ovs|00089|bridge|INFO|bridge br-int: added interface 1a437450e7f8c01 on port 6
Jan 28 09:30:09.649167 ip-10-0-108-54 ovs-vswitchd[1081]: ovs|00090|bridge|INFO|bridge br-int: added interface d8588543b3da5f1 on port 7
Jan 28 09:30:09.655475 ip-10-0-108-54 ovs-vswitchd[1081]: ovs|00091|bridge|INFO|bridge br-int: added interface 46b864605bc6a56 on port 8
Jan 28 09:30:09.694563 ip-10-0-108-54 ovs-vswitchd[1081]: ovs|00092|bridge|INFO|bridge br-int: added interface 1d29aa953efd45e on port 9
Jan 28 09:30:09.915586 ip-10-0-108-54 ovs-vswitchd[1081]: ovs|00093|bridge|INFO|bridge br-int: added interface c529d2cc8a3df40 on port 10
Jan 28 09:30:09.995775 ip-10-0-108-54 ovs-vswitchd[1081]: ovs|00094|bridge|INFO|bridge br-int: added interface 026bc42f71d56ac on port 11
Jan 28 09:30:10.031826 ip-10-0-108-54 ovs-vswitchd[1081]: ovs|00095|bridge|INFO|bridge br-int: added interface 35b830022c70cc6 on port 12
Jan 28 09:30:10.141138 ip-10-0-108-54 ovs-vswitchd[1081]: ovs|00096|bridge|INFO|bridge br-int: added interface 3e9beeaf86a82b4 on port 13
Jan 28 09:30:10.241114 ip-10-0-108-54 ovs-vswitchd[1081]: ovs|00097|bridge|INFO|bridge br-int: added interface ddbb7f4abe98c26 on port 14
Jan 28 09:30:10.339357 ip-10-0-108-54 ovs-vswitchd[1081]: ovs|00098|bridge|INFO|bridge br-int: added interface ee5763d51d81c99 on port 15
Jan 28 09:30:10.370247 ip-10-0-108-54 ovs-vswitchd[1081]: ovs|00099|bridge|INFO|bridge br-int: added interface 5150eccee9a6631 on port 16
Jan 28 09:30:10.507682 ip-10-0-108-54 ovs-vswitchd[1081]: ovs|00100|bridge|INFO|bridge br-int: added interface 1e3a20734cd776e on port 17
Jan 28 09:30:10.528633 ip-10-0-108-54 ovs-vswitchd[1081]: ovs|00101|bridge|INFO|bridge br-int: added interface 568f8dd534ec793 on port 18
Jan 28 09:30:10.547077 ip-10-0-108-54 ovs-vswitchd[1081]: ovs|00102|bridge|INFO|bridge br-int: added interface 6c4fbcf10a8f8e3 on port 19
Jan 28 09:30:11.489948 ip-10-0-108-54 ovs-vswitchd[1081]: ovs|00103|connmgr|INFO|br-int<->unix#14: 2451 flow_mods in the 9 s starting 10 s ago (2362 adds, 83 deletes, 6 modifications)
Jan 28 09:30:13.730704 ip-10-0-102-200 ovs-vswitchd[1085]: ovs|00088|connmgr|INFO|br-int<->unix#21: 1637 flow_mods in the 2 s starting 10 s ago (1622 adds, 12 deletes, 3 modifications)
Jan 28 09:30:15.410684 ip-10-0-3-203 ovs-vswitchd[1080]: ovs|00086|connmgr|INFO|br-int<->unix#6: 1670 flow_mods in the 1 s starting 10 s ago (1641 adds, 24 deletes, 5 modifications)
Jan 28 09:30:31.517877 ip-10-0-108-54 ovs-vswitchd[1081]: ovs|00104|bridge|INFO|bridge br-int: added interface 78dcc7a45047ed8 on port 20
Jan 28 09:30:32.662387 ip-10-0-3-203 ovs-vswitchd[1080]: ovs|00087|bridge|INFO|bridge br-int: added interface 947534dc6c4102d on port 5
Jan 28 09:30:32.847032 ip-10-0-102-200 ovs-vswitchd[1085]: ovs|00089|bridge|INFO|bridge br-int: added interface 5c82e42b6399bb9 on port 5
Jan 28 09:30:32.851259 ip-10-0-3-203 ovs-vswitchd[1080]: ovs|00088|bridge|INFO|bridge br-int: added interface 6bf8bb6163656ba on port 6
Jan 28 09:30:33.075888 ip-10-0-108-54 ovs-vswitchd[1081]: ovs|00105|bridge|INFO|bridge br-int: added interface 307f63c5657188f on port 21
Jan 28 09:30:36.786567 ip-10-0-102-200 ovs-vswitchd[1085]: ovs|00090|bridge|INFO|bridge br-int: added interface 098b3cc84a68258 on port 6
Jan 28 09:30:44.096248 ip-10-0-108-54 ovs-vswitchd[1081]: ovs|00106|bridge|INFO|bridge br-int: added interface bbf8bc63f02930d on port 22
Jan 28 09:30:45.449133 ip-10-0-108-54 ovs-vswitchd[1081]: ovs|00107|bridge|INFO|bridge br-int: added interface 41107635fe91a80 on port 23
Jan 28 09:30:50.949303 ip-10-0-3-203 ovs-vswitchd[1080]: ovs|00089|bridge|INFO|bridge br-int: added interface 7396db3e13c96c4 on port 7
Jan 28 09:30:56.887379 ip-10-0-102-200 ovs-vswitchd[1085]: ovs|00091|bridge|INFO|bridge br-int: added interface 8878ea492b7aed6 on port 7
Jan 28 09:30:58.447865 ip-10-0-108-54 ovs-vswitchd[1081]: ovs|00108|bridge|INFO|bridge br-int: added interface 1f2d78008786146 on port 24
Jan 28 09:30:59.433487 ip-10-0-102-200 ovs-vswitchd[1085]: ovs|00092|bridge|INFO|bridge br-int: added interface fa514ecc8f85b15 on port 8
Jan 28 09:30:59.461678 ip-10-0-3-203 ovs-vswitchd[1080]: ovs|00090|bridge|INFO|bridge br-int: added interface 4f4db2cda74c7c9 on port 8
Jan 28 09:30:59.568866 ip-10-0-102-200 ovs-vswitchd[1085]: ovs|00093|bridge|INFO|bridge br-int: added interface 77c9b67d410c119 on port 9
Jan 28 09:31:05.164776 ip-10-0-108-54 ovs-vswitchd[1081]: ovs|00109|bridge|INFO|bridge br-int: added interface 7160891f0102753 on port 25
Jan 28 09:31:07.126604 ip-10-0-3-203 ovs-vswitchd[1080]: ovs|00091|bridge|INFO|bridge br-int: added interface 8d4383b9280d47e on port 9
Jan 28 09:31:07.609664 ip-10-0-3-203 ovs-vswitchd[1080]: ovs|00092|bridge|INFO|bridge br-int: added interface bb8f5207a0c89e1 on port 10
Jan 28 09:31:07.631804 ip-10-0-102-200 ovs-vswitchd[1085]: ovs|00094|bridge|INFO|bridge br-int: added interface 93680ee4c1ade96 on port 10
Jan 28 09:31:09.297673 ip-10-0-102-200 ovs-vswitchd[1085]: ovs|00095|bridge|INFO|bridge br-int: added interface e43e138f74c4000 on port 11
Jan 28 09:31:11.165061 ip-10-0-3-203 ovs-vswitchd[1080]: ovs|00093|bridge|INFO|bridge br-int: added interface 6e77d7da2403671 on port 11
Jan 28 09:31:11.490129 ip-10-0-108-54 ovs-vswitchd[1081]: ovs|00110|connmgr|INFO|br-int<->unix#14: 527 flow_mods in the last 41 s (447 adds, 80 deletes)
Jan 28 09:31:11.795439 ip-10-0-3-203 ovs-vswitchd[1080]: ovs|00094|bridge|INFO|bridge br-int: added interface 397266bac4bf3be on port 12
Jan 28 09:31:13.154205 ip-10-0-102-200 ovs-vswitchd[1085]: ovs|00096|bridge|INFO|bridge br-int: added interface 65ac506db64751e on port 12
Jan 28 09:31:13.254681 ip-10-0-102-200 ovs-vswitchd[1085]: ovs|00097|bridge|INFO|bridge br-int: added interface 0a7e5c96280ec75 on port 13
Jan 28 09:31:13.730811 ip-10-0-102-200 ovs-vswitchd[1085]: ovs|00098|connmgr|INFO|br-int<->unix#21: 591 flow_mods in the 43 s starting 44 s ago (503 adds, 88 deletes)
Jan 28 09:31:14.024488 ip-10-0-102-200 ovs-vswitchd[1085]: ovs|00099|bridge|INFO|bridge br-int: added interface 92eb3d347e946ba on port 14
Jan 28 09:31:14.346565 ip-10-0-108-54 ovs-vswitchd[1081]: ovs|00111|bridge|INFO|bridge br-int: added interface 64d11e1cdf06b8d on port 26
Jan 28 09:31:14.590422 ip-10-0-3-203 ovs-vswitchd[1080]: ovs|00095|bridge|INFO|bridge br-int: added interface ee0b9dd8773dfaf on port 13
Jan 28 09:31:14.760914 ip-10-0-108-54 ovs-vswitchd[1081]: ovs|00112|bridge|INFO|bridge br-int: added interface 692a472bde70aea on port 27
Jan 28 09:31:15.411216 ip-10-0-3-203 ovs-vswitchd[1080]: ovs|00096|connmgr|INFO|br-int<->unix#6: 746 flow_mods in the last 45 s (649 adds, 97 deletes)
Jan 28 09:31:15.852179 ip-10-0-108-54 ovs-vswitchd[1081]: ovs|00113|bridge|INFO|bridge br-int: added interface 9da37936b6e4c69 on port 28
Jan 28 09:31:15.999235 ip-10-0-108-54 ovs-vswitchd[1081]: ovs|00114|bridge|INFO|bridge br-int: added interface b96c24b68a0f96a on port 29
Jan 28 09:31:16.088083 ip-10-0-108-54 ovs-vswitchd[1081]: ovs|00115|bridge|INFO|bridge br-int: added interface ec90574150b4bf2 on port 30
Jan 28 09:31:16.238727 ip-10-0-108-54 ovs-vswitchd[1081]: ovs|00116|bridge|INFO|bridge br-int: added interface 60c8015500335f3 on port 31
Jan 28 09:31:16.239058 ip-10-0-108-54 ovs-vswitchd[1081]: ovs|00117|bridge|INFO|bridge br-int: added interface 94316a6aa020825 on port 32
Jan 28 09:31:16.294617 ip-10-0-108-54 ovs-vswitchd[1081]: ovs|00118|bridge|INFO|bridge br-int: added interface 7ec152f054fe7e3 on port 33
Jan 28 09:31:16.311413 ip-10-0-108-54 ovs-vswitchd[1081]: ovs|00119|bridge|INFO|bridge br-int: added interface c07dd25076bed4e on port 34
Jan 28 09:31:16.390958 ip-10-0-108-54 ovs-vswitchd[1081]: ovs|00120|bridge|INFO|bridge br-int: added interface bb827a75529ccb4 on port 35
Jan 28 09:31:16.445297 ip-10-0-108-54 ovs-vswitchd[1081]: ovs|00121|bridge|INFO|bridge br-int: added interface a07d8db1fa1adbf on port 36
Jan 28 09:31:16.467115 ip-10-0-108-54 ovs-vswitchd[1081]: ovs|00122|bridge|INFO|bridge br-int: added interface 2f6e0297c3e184f on port 37
Jan 28 09:31:16.923309 ip-10-0-108-54 ovs-vswitchd[1081]: ovs|00123|bridge|INFO|bridge br-int: added interface 719b5baaac60011 on port 38
Jan 28 09:31:17.045075 ip-10-0-108-54 ovs-vswitchd[1081]: ovs|00124|bridge|INFO|bridge br-int: added interface dcaa06511847f48 on port 39
Jan 28 09:31:17.081609 ip-10-0-108-54 ovs-vswitchd[1081]: ovs|00125|bridge|INFO|bridge br-int: added interface b677f332f8c43a2 on port 40
Jan 28 09:31:17.096985 ip-10-0-108-54 ovs-vswitchd[1081]: ovs|00126|bridge|INFO|bridge br-int: added interface f76c7ede9f0df0a on port 41
Jan 28 09:31:17.145491 ip-10-0-108-54 ovs-vswitchd[1081]: ovs|00127|bridge|INFO|bridge br-int: added interface 5df0606a6a0fe2d on port 42
Jan 28 09:31:17.207668 ip-10-0-108-54 ovs-vswitchd[1081]: ovs|00128|bridge|INFO|bridge br-int: added interface 4e20d597fb03fe0 on port 43
Jan 28 09:31:18.486201 ip-10-0-102-200 ovs-vswitchd[1085]: ovs|00100|bridge|INFO|bridge br-int: deleted interface e43e138f74c4000 on port 11
Jan 28 09:31:23.243442 ip-10-0-102-200 ovs-vswitchd[1085]: ovs|00101|bridge|INFO|bridge br-int: added interface 210981b1608ac3a on port 15
Jan 28 09:31:23.261834 ip-10-0-102-200 ovs-vswitchd[1085]: ovs|00102|bridge|INFO|bridge br-int: added interface 2b02073ecc8e925 on port 16
Jan 28 09:31:36.799315 ip-10-0-3-203 ovs-vswitchd[1080]: ovs|00097|bridge|INFO|bridge br-int: added interface 784bf713011d7b0 on port 14
Jan 28 09:31:40.545583 ip-10-0-102-200 ovs-vswitchd[1085]: ovs|00103|bridge|INFO|bridge br-int: deleted interface 8878ea492b7aed6 on port 7
Jan 28 09:31:40.695400 ip-10-0-102-200 ovs-vswitchd[1085]: ovs|00001|ofproto_dpif_upcall(handler14)|INFO|received packet on unassociated datapath port 8 (no OpenFlow port for datapath port 8)
Jan 28 09:31:40.695475 ip-10-0-102-200 ovs-vswitchd[1085]: ovs|00104|bridge|INFO|bridge br-int: added interface f4998a41d811da1 on port 17
Jan 28 09:31:42.908806 ip-10-0-3-203 ovs-vswitchd[1080]: ovs|00098|bridge|INFO|bridge br-int: added interface e549bb1c891195a on port 15
Jan 28 09:31:46.078059 ip-10-0-102-200 ovs-vswitchd[1085]: ovs|00105|bridge|INFO|bridge br-int: deleted interface f4998a41d811da1 on port 17
Jan 28 09:31:49.437711 ip-10-0-102-200 ovs-vswitchd[1085]: ovs|00106|bridge|INFO|bridge br-int: added interface 58880b011763f7c on port 18
Jan 28 09:31:49.544274 ip-10-0-102-200 ovs-vswitchd[1085]: ovs|00107|bridge|INFO|bridge br-int: deleted interface 65ac506db64751e on port 12
Jan 28 09:31:52.206101 ip-10-0-108-54 ovs-vswitchd[1081]: ovs|00129|bridge|INFO|bridge br-int: added interface f6b363a2e6821d7 on port 44
Jan 28 09:31:55.948600 ip-10-0-102-200 ovs-vswitchd[1085]: ovs|00108|bridge|INFO|bridge br-int: deleted interface 0a7e5c96280ec75 on port 13
Jan 28 09:31:56.304801 ip-10-0-108-54 ovs-vswitchd[1081]: ovs|00130|bridge|INFO|bridge br-int: deleted interface 60c8015500335f3 on port 31
Jan 28 09:31:57.351215 ip-10-0-3-203 ovs-vswitchd[1080]: ovs|00099|bridge|INFO|bridge br-int: added interface 2ad3dc0d5ee0850 on port 16
Jan 28 09:31:58.589808 ip-10-0-3-203 ovs-vswitchd[1080]: ovs|00100|bridge|INFO|bridge br-int: added interface a9ccc4944395028 on port 17
Jan 28 09:31:59.172301 ip-10-0-3-203 ovs-vswitchd[1080]: ovs|00101|connmgr|INFO|br-ex<->unix#484: 1 flow_mods in the last 0 s (1 adds)
Jan 28 09:31:59.173041 ip-10-0-102-200 ovs-vswitchd[1085]: ovs|00109|connmgr|INFO|br-ex<->unix#475: 1 flow_mods in the last 0 s (1 adds)
Jan 28 09:31:59.196828 ip-10-0-3-203 ovs-vswitchd[1080]: ovs|00102|connmgr|INFO|br-ex<->unix#487: 4 flow_mods in the last 0 s (4 adds)
Jan 28 09:31:59.201244 ip-10-0-102-200 ovs-vswitchd[1085]: ovs|00110|connmgr|INFO|br-ex<->unix#478: 4 flow_mods in the last 0 s (4 adds)
Jan 28 09:31:59.251361 ip-10-0-108-54 ovs-vswitchd[1081]: ovs|00131|connmgr|INFO|br-ex<->unix#534: 1 flow_mods in the last 0 s (1 adds)
Jan 28 09:31:59.515800 ip-10-0-3-203 ovs-vswitchd[1080]: ovs|00103|bridge|INFO|bridge br-int: added interface d17cfce8b27cd6a on port 18
Jan 28 09:31:59.541492 ip-10-0-108-54 ovs-vswitchd[1081]: ovs|00132|connmgr|INFO|br-ex<->unix#537: 4 flow_mods in the last 0 s (4 adds)
Jan 28 09:31:59.680977 ip-10-0-3-203 ovs-vswitchd[1080]: ovs|00104|bridge|INFO|bridge br-int: added interface 24295b21309746b on port 19
Jan 28 09:32:00.185585 ip-10-0-3-203 ovs-vswitchd[1080]: ovs|00105|bridge|INFO|bridge br-int: added interface 12ac7c27ba2ff1a on port 20
Jan 28 09:32:00.228330 ip-10-0-3-203 ovs-vswitchd[1080]: ovs|00106|bridge|INFO|bridge br-int: added interface 202ff99dd38bbf9 on port 21
Jan 28 09:32:00.586149 ip-10-0-3-203 ovs-vswitchd[1080]: ovs|00107|bridge|INFO|bridge br-int: added interface 4dbc900fe8efe4b on port 22
Jan 28 09:32:01.110385 ip-10-0-3-203 ovs-vswitchd[1080]: ovs|00108|bridge|INFO|bridge br-int: added interface 1bfa5fcdb8b928b on port 23
Jan 28 09:32:01.150011 ip-10-0-108-54 ovs-vswitchd[1081]: ovs|00133|bridge|INFO|bridge br-int: deleted interface 6c4fbcf10a8f8e3 on port 19
Jan 28 09:32:01.623405 ip-10-0-102-200 ovs-vswitchd[1085]: ovs|00111|bridge|INFO|bridge br-int: added interface 3dfb94065e86a3b on port 19
Jan 28 09:32:02.274676 ip-10-0-108-54 ovs-vswitchd[1081]: ovs|00134|bridge|INFO|bridge br-int: added interface 1a1455467cde714 on port 45
Jan 28 09:32:02.460988 ip-10-0-108-54 ovs-vswitchd[1081]: ovs|00135|bridge|INFO|bridge br-int: added interface dd68027d4a5fe6e on port 46
Jan 28 09:32:02.584413 ip-10-0-108-54 ovs-vswitchd[1081]: ovs|00136|bridge|INFO|bridge br-int: added interface a8651bf2ea47633 on port 47
Jan 28 09:32:02.630206 ip-10-0-102-200 ovs-vswitchd[1085]: ovs|00112|connmgr|INFO|br-ex<->unix#522: 4 flow_mods in the last 0 s (4 deletes)
Jan 28 09:32:02.649196 ip-10-0-3-203 ovs-vswitchd[1080]: ovs|00109|connmgr|INFO|br-ex<->unix#532: 4 flow_mods in the last 0 s (4 deletes)
Jan 28 09:32:02.663924 ip-10-0-108-54 ovs-vswitchd[1081]: ovs|00137|bridge|INFO|bridge br-int: added interface 0eb7dfadffe7c8c on port 48
Jan 28 09:32:02.667823 ip-10-0-108-54 ovs-vswitchd[1081]: ovs|00138|connmgr|INFO|br-ex<->unix#576: 4 flow_mods in the last 0 s (4 deletes)
Jan 28 09:32:02.674136 ip-10-0-102-200 ovs-vswitchd[1085]: ovs|00113|connmgr|INFO|br-ex<->unix#525: 4 flow_mods in the last 0 s (4 adds)
Jan 28 09:32:02.711571 ip-10-0-3-203 ovs-vswitchd[1080]: ovs|00110|connmgr|INFO|br-ex<->unix#538: 4 flow_mods in the last 0 s (4 adds)
Jan 28 09:32:02.807247 ip-10-0-108-54 ovs-vswitchd[1081]: ovs|00139|connmgr|INFO|br-ex<->unix#579: 4 flow_mods in the last 0 s (4 adds)
Jan 28 09:32:11.490086 ip-10-0-108-54 ovs-vswitchd[1081]: ovs|00140|connmgr|INFO|br-int<->unix#14: 2080 flow_mods in the 57 s starting 59 s ago (1590 adds, 488 deletes, 2 modifications)
Jan 28 09:32:11.531560 ip-10-0-102-200 ovs-vswitchd[1085]: ovs|00114|bridge|INFO|bridge br-int: added interface 29d2cd875f873e3 on port 20
Jan 28 09:32:13.731131 ip-10-0-102-200 ovs-vswitchd[1085]: ovs|00115|connmgr|INFO|br-int<->unix#21: 1046 flow_mods in the 58 s starting 59 s ago (650 adds, 396 deletes)
Jan 28 09:32:14.683833 ip-10-0-102-200 ovs-vswitchd[1085]: ovs|00116|bridge|INFO|bridge br-int: deleted interface 210981b1608ac3a on port 15
Jan 28 09:32:15.411217 ip-10-0-3-203 ovs-vswitchd[1080]: ovs|00111|connmgr|INFO|br-int<->unix#6: 1149 flow_mods in the 49 s starting 55 s ago (912 adds, 237 deletes)
Jan 28 09:32:17.618078 ip-10-0-102-200 ovs-vswitchd[1085]: ovs|00117|bridge|INFO|bridge br-int: added interface a2fd036f9d11737 on port 21
Jan 28 09:32:19.074829 ip-10-0-102-200 ovs-vswitchd[1085]: ovs|00118|bridge|INFO|bridge br-int: added interface 0ea1e0e8101502a on port 22
Jan 28 09:32:21.374721 ip-10-0-3-203 ovs-vswitchd[1080]: ovs|00112|bridge|INFO|bridge br-int: added interface 521c21edc64825e on port 24
Jan 28 09:32:22.060270 ip-10-0-3-203 ovs-vswitchd[1080]: ovs|00113|bridge|INFO|bridge br-int: added interface 264a85aefb55ec7 on port 25
Jan 28 09:32:22.521937 ip-10-0-3-203 ovs-vswitchd[1080]: ovs|00114|bridge|INFO|bridge br-int: added interface 15507994874c9c0 on port 26
Jan 28 09:32:23.122825 ip-10-0-102-200 ovs-vswitchd[1085]: ovs|00119|bridge|INFO|bridge br-int: deleted interface 58880b011763f7c on port 18
Jan 28 09:32:28.242739 ip-10-0-108-54 ovs-vswitchd[1081]: ovs|00141|bridge|INFO|bridge br-int: added interface 01939beeb7b1364 on port 49
Jan 28 09:32:33.693426 ip-10-0-108-54 ovs-vswitchd[1081]: ovs|00142|bridge|INFO|bridge br-int: deleted interface b677f332f8c43a2 on port 40
Jan 28 09:32:34.231786 ip-10-0-102-200 ovs-vswitchd[1085]: ovs|00120|bridge|INFO|bridge br-int: added interface bdf0e037ea577ce on port 23
Jan 28 09:32:35.502696 ip-10-0-108-54 ovs-vswitchd[1081]: ovs|00143|bridge|INFO|bridge br-int: deleted interface 692a472bde70aea on port 27
Jan 28 09:32:49.812954 ip-10-0-102-200 ovs-vswitchd[1085]: ovs|00121|bridge|INFO|bridge br-int: deleted interface 92eb3d347e946ba on port 14
Jan 28 09:32:50.163647 ip-10-0-108-54 ovs-vswitchd[1081]: ovs|00144|bridge|INFO|bridge br-int: added interface 4eb49a6fc01292d on port 50
Jan 28 09:32:51.249035 ip-10-0-102-200 ovs-vswitchd[1085]: ovs|00122|bridge|INFO|bridge br-int: deleted interface a2fd036f9d11737 on port 21
Jan 28 09:32:51.625823 ip-10-0-102-200 ovs-vswitchd[1085]: ovs|00123|bridge|INFO|bridge br-int: added interface c952da88bc4ea8d on port 24
Jan 28 09:33:05.887000 ip-10-0-108-54 ovs-vswitchd[1081]: ovs|00145|bridge|INFO|bridge br-int: added interface 0399a5bf78cb04a on port 51
Jan 28 09:33:08.299159 ip-10-0-102-200 ovs-vswitchd[1085]: ovs|00124|bridge|INFO|bridge br-int: deleted interface bdf0e037ea577ce on port 23
Jan 28 09:33:11.490003 ip-10-0-108-54 ovs-vswitchd[1081]: ovs|00146|connmgr|INFO|br-int<->unix#14: 597 flow_mods in the 50 s starting 53 s ago (372 adds, 225 deletes)
Jan 28 09:33:13.731377 ip-10-0-102-200 ovs-vswitchd[1085]: ovs|00125|connmgr|INFO|br-int<->unix#21: 793 flow_mods in the 54 s starting 59 s ago (362 adds, 431 deletes)
Jan 28 09:33:15.410723 ip-10-0-3-203 ovs-vswitchd[1080]: ovs|00115|connmgr|INFO|br-int<->unix#6: 478 flow_mods in the 50 s starting 57 s ago (315 adds, 163 deletes)
Jan 28 09:33:21.343631 ip-10-0-108-54 ovs-vswitchd[1081]: ovs|00147|bridge|INFO|bridge br-int: added interface f5b140b409b3329 on port 52
Jan 28 09:33:23.397754 ip-10-0-102-200 ovs-vswitchd[1085]: ovs|00126|bridge|INFO|bridge br-int: added interface 323a17ac946a6ff on port 25
Jan 28 09:33:28.725649 ip-10-0-108-54 ovs-vswitchd[1081]: ovs|00148|bridge|INFO|bridge br-int: deleted interface f5b140b409b3329 on port 52
Jan 28 09:33:32.347792 ip-10-0-108-54 ovs-vswitchd[1081]: ovs|00149|bridge|INFO|bridge br-int: added interface 9736f0ba438ae3b on port 53
Jan 28 09:33:36.918165 ip-10-0-108-54 ovs-vswitchd[1081]: ovs|00150|bridge|INFO|bridge br-int: deleted interface 0399a5bf78cb04a on port 51
Jan 28 09:33:53.679313 ip-10-0-108-54 ovs-vswitchd[1081]: ovs|00151|bridge|INFO|bridge br-int: deleted interface 7160891f0102753 on port 25
Jan 28 09:33:54.243706 ip-10-0-108-54 ovs-vswitchd[1081]: ovs|00152|bridge|INFO|bridge br-int: added interface 1f664d1c0d6b759 on port 54
Jan 28 09:33:57.434302 ip-10-0-102-200 ovs-vswitchd[1085]: ovs|00127|bridge|INFO|bridge br-int: deleted interface 323a17ac946a6ff on port 25
Jan 28 09:33:59.923846 ip-10-0-102-200 ovs-vswitchd[1085]: ovs|00128|bridge|INFO|bridge br-int: deleted interface c952da88bc4ea8d on port 24
Jan 28 09:34:00.205248 ip-10-0-108-54 ovs-vswitchd[1081]: ovs|00153|bridge|INFO|bridge br-int: added interface 003f4bd451750b6 on port 55
Jan 28 09:34:00.460075 ip-10-0-102-200 ovs-vswitchd[1085]: ovs|00129|bridge|INFO|bridge br-int: added interface bcae295bb7a59d4 on port 26
Jan 28 09:34:11.490241 ip-10-0-108-54 ovs-vswitchd[1081]: ovs|00154|connmgr|INFO|br-int<->unix#14: 370 flow_mods in the 45 s starting 50 s ago (204 adds, 166 deletes)
Jan 28 09:34:13.731285 ip-10-0-102-200 ovs-vswitchd[1085]: ovs|00130|connmgr|INFO|br-int<->unix#21: 245 flow_mods in the 43 s starting 50 s ago (126 adds, 119 deletes)
Jan 28 09:34:15.410244 ip-10-0-3-203 ovs-vswitchd[1080]: ovs|00116|connmgr|INFO|br-int<->unix#6: 88 flow_mods in the 37 s starting 43 s ago (53 adds, 35 deletes)
Jan 28 09:34:15.708055 ip-10-0-108-54 ovs-vswitchd[1081]: ovs|00155|bridge|INFO|bridge br-int: deleted interface 9736f0ba438ae3b on port 53
Jan 28 09:34:19.903357 ip-10-0-102-200 ovs-vswitchd[1085]: ovs|00131|bridge|INFO|bridge br-int: added interface cc8c23e0e87239e on port 27
Jan 28 09:34:23.545709 ip-10-0-108-54 ovs-vswitchd[1081]: ovs|00156|bridge|INFO|bridge br-int: added interface e2819b35bc075f4 on port 56
Jan 28 09:34:32.805466 ip-10-0-108-54 ovs-vswitchd[1081]: ovs|00157|bridge|INFO|bridge br-int: deleted interface 003f4bd451750b6 on port 55
Jan 28 09:34:35.787827 ip-10-0-108-54 ovs-vswitchd[1081]: ovs|00158|bridge|INFO|bridge br-int: added interface cdf97d93faea25b on port 57
Jan 28 09:34:50.881348 ip-10-0-3-203 ovs-vswitchd[1080]: ovs|00117|bridge|INFO|bridge br-int: deleted interface 4f4db2cda74c7c9 on port 8
Jan 28 09:34:51.423494 ip-10-0-3-203 ovs-vswitchd[1080]: ovs|00118|bridge|INFO|bridge br-int: added interface dba643ec25cf254 on port 27
Jan 28 09:34:53.602371 ip-10-0-102-200 ovs-vswitchd[1085]: ovs|00132|bridge|INFO|bridge br-int: deleted interface cc8c23e0e87239e on port 27
Jan 28 09:34:56.644188 ip-10-0-3-203 ovs-vswitchd[1080]: ovs|00119|bridge|INFO|bridge br-int: deleted interface d17cfce8b27cd6a on port 18
Jan 28 09:34:57.164274 ip-10-0-3-203 ovs-vswitchd[1080]: ovs|00120|bridge|INFO|bridge br-int: added interface d99c145bb437783 on port 28
Jan 28 09:35:01.578415 ip-10-0-108-54 ovs-vswitchd[1081]: ovs|00159|bridge|INFO|bridge br-int: added interface 95b2b6e3e7a543b on port 58
Jan 28 09:35:06.123989 ip-10-0-3-203 ovs-vswitchd[1080]: ovs|00121|bridge|INFO|bridge br-int: added interface 83f991decb8506b on port 29
Jan 28 09:35:06.791770 ip-10-0-102-200 ovs-vswitchd[1085]: ovs|00133|bridge|INFO|bridge br-int: added interface b1ad0cd380ab218 on port 28
Jan 28 09:35:11.490118 ip-10-0-108-54 ovs-vswitchd[1081]: ovs|00160|connmgr|INFO|br-int<->unix#14: 300 flow_mods in the 51 s starting 55 s ago (172 adds, 128 deletes)
Jan 28 09:35:12.190154 ip-10-0-102-200 ovs-vswitchd[1085]: ovs|00134|bridge|INFO|bridge br-int: added interface 0ed25315b2a432c on port 29
Jan 28 09:35:13.730646 ip-10-0-102-200 ovs-vswitchd[1085]: ovs|00135|connmgr|INFO|br-int<->unix#21: 229 flow_mods in the 52 s starting 54 s ago (148 adds, 81 deletes)
Jan 28 09:35:14.325260 ip-10-0-3-203 ovs-vswitchd[1080]: ovs|00122|bridge|INFO|bridge br-int: added interface 6853d89f7b1c13b on port 30
Jan 28 09:35:15.410421 ip-10-0-3-203 ovs-vswitchd[1080]: ovs|00123|connmgr|INFO|br-int<->unix#6: 333 flow_mods in the 47 s starting 48 s ago (210 adds, 123 deletes)
Jan 28 09:35:35.127147 ip-10-0-108-54 ovs-vswitchd[1081]: ovs|00161|bridge|INFO|bridge br-int: deleted interface 95b2b6e3e7a543b on port 58
Jan 28 09:35:40.626238 ip-10-0-3-203 ovs-vswitchd[1080]: ovs|00124|bridge|INFO|bridge br-int: deleted interface 83f991decb8506b on port 29
Jan 28 09:35:41.764737 ip-10-0-102-200 ovs-vswitchd[1085]: ovs|00136|bridge|INFO|bridge br-int: deleted interface b1ad0cd380ab218 on port 28
Jan 28 09:35:44.571340 ip-10-0-102-200 ovs-vswitchd[1085]: ovs|00137|bridge|INFO|bridge br-int: added interface 92a4f92308f66de on port 30
Jan 28 09:35:47.609759 ip-10-0-102-200 ovs-vswitchd[1085]: ovs|00138|bridge|INFO|bridge br-int: deleted interface fa514ecc8f85b15 on port 8
Jan 28 09:35:48.137535 ip-10-0-102-200 ovs-vswitchd[1085]: ovs|00139|bridge|INFO|bridge br-int: added interface f1ceb4749183370 on port 31
Jan 28 09:35:51.872541 ip-10-0-102-200 ovs-vswitchd[1085]: ovs|00140|bridge|INFO|bridge br-int: deleted interface 0ed25315b2a432c on port 29
Jan 28 09:35:53.749763 ip-10-0-108-54 ovs-vswitchd[1081]: ovs|00162|bridge|INFO|bridge br-int: deleted interface 1f2d78008786146 on port 24
Jan 28 09:35:54.368760 ip-10-0-108-54 ovs-vswitchd[1081]: ovs|00163|bridge|INFO|bridge br-int: added interface e723a15e1b3d704 on port 59
Jan 28 09:35:55.503819 ip-10-0-102-200 ovs-vswitchd[1085]: ovs|00141|bridge|INFO|bridge br-int: added interface eb3d25709110f30 on port 32
Jan 28 09:36:08.580065 ip-10-0-108-54 ovs-vswitchd[1081]: ovs|00164|bridge|INFO|bridge br-int: added interface b5bd2094a21246e on port 60
Jan 28 09:36:11.490204 ip-10-0-108-54 ovs-vswitchd[1081]: ovs|00165|connmgr|INFO|br-int<->unix#14: 276 flow_mods in the 38 s starting 41 s ago (144 adds, 132 deletes)
Jan 28 09:36:13.731307 ip-10-0-102-200 ovs-vswitchd[1085]: ovs|00142|connmgr|INFO|br-int<->unix#21: 352 flow_mods in the 34 s starting 41 s ago (181 adds, 171 deletes)
Jan 28 09:36:15.410662 ip-10-0-3-203 ovs-vswitchd[1080]: ovs|00125|connmgr|INFO|br-int<->unix#6: 153 flow_mods in the last 43 s (71 adds, 82 deletes)
Jan 28 09:36:17.689177 ip-10-0-3-203 ovs-vswitchd[1080]: ovs|00126|bridge|INFO|bridge br-int: deleted interface 6853d89f7b1c13b on port 30
Jan 28 09:36:30.125936 ip-10-0-3-203 ovs-vswitchd[1080]: ovs|00127|bridge|INFO|bridge br-int: added interface 441dac21b4f2683 on port 31
Jan 28 09:36:39.633127 ip-10-0-108-54 ovs-vswitchd[1081]: ovs|00166|bridge|INFO|bridge br-int: added interface 24857d0a9c4dfa3 on port 61
Jan 28 09:36:43.305311 ip-10-0-102-200 ovs-vswitchd[1085]: ovs|00143|bridge|INFO|bridge br-int: added interface ovn-b05dcd-0 on port 33
Jan 28 09:36:43.307557 ip-10-0-3-203 ovs-vswitchd[1080]: ovs|00128|bridge|INFO|bridge br-int: added interface ovn-b05dcd-0 on port 32
Jan 28 09:36:43.336544 ip-10-0-108-54 ovs-vswitchd[1081]: ovs|00167|bridge|INFO|bridge br-int: added interface ovn-b05dcd-0 on port 62
Jan 28 09:36:43.486362 ip-10-0-108-54 ovs-vswitchd[1081]: ovs|00168|bridge|INFO|bridge br-int: deleted interface b5bd2094a21246e on port 60
Jan 28 09:36:44.282261 ip-10-0-3-203 ovs-vswitchd[1080]: ovs|00129|connmgr|INFO|br-ex<->unix#727: 1 flow_mods in the last 0 s (1 adds)
Jan 28 09:36:45.549362 ip-10-0-108-54 ovs-vswitchd[1081]: ovs|00169|bridge|INFO|bridge br-int: deleted interface 1f664d1c0d6b759 on port 54
Jan 28 09:36:46.122188 ip-10-0-108-54 ovs-vswitchd[1081]: ovs|00170|bridge|INFO|bridge br-int: added interface a156e7c27aa6a7b on port 63
Jan 28 09:36:46.970954 ip-10-0-3-203 ovs-vswitchd[1080]: ovs|00130|bridge|INFO|bridge br-int: added interface 8138c21df229faa on port 33
Jan 28 09:36:50.083288 ip-10-0-108-54 ovs-vswitchd[1081]: ovs|00171|bridge|INFO|bridge br-int: added interface 237943ad4a1cfaf on port 64
Jan 28 09:36:51.552283 ip-10-0-108-54 ovs-vswitchd[1081]: ovs|00172|connmgr|INFO|br-ex<->unix#789: 1 flow_mods in the last 0 s (1 adds)
Jan 28 09:36:51.889981 ip-10-0-102-200 ovs-vswitchd[1085]: ovs|00144|connmgr|INFO|br-ex<->unix#721: 1 flow_mods in the last 0 s (1 adds)
Jan 28 09:36:51.921697 ip-10-0-3-203 ovs-vswitchd[1080]: ovs|00131|bridge|INFO|bridge br-int: deleted interface d99c145bb437783 on port 28
Jan 28 09:36:52.452306 ip-10-0-3-203 ovs-vswitchd[1080]: ovs|00132|bridge|INFO|bridge br-int: added interface 6a7269e0ef2d0f4 on port 34
Jan 28 09:37:04.447876 ip-10-0-3-203 ovs-vswitchd[1080]: ovs|00133|bridge|INFO|bridge br-int: added interface 8b4ef5ffa81f4eb on port 35
Jan 28 09:37:11.489734 ip-10-0-108-54 ovs-vswitchd[1081]: ovs|00173|connmgr|INFO|br-int<->unix#14: 407 flow_mods in the last 59 s (254 adds, 139 deletes, 14 modifications)
Jan 28 09:37:13.730403 ip-10-0-102-200 ovs-vswitchd[1085]: ovs|00145|connmgr|INFO|br-int<->unix#21: 152 flow_mods in the 55 s starting 58 s ago (103 adds, 46 deletes, 3 modifications)
Jan 28 09:37:15.410746 ip-10-0-3-203 ovs-vswitchd[1080]: ovs|00134|connmgr|INFO|br-int<->unix#6: 439 flow_mods in the 54 s starting 58 s ago (281 adds, 153 deletes, 5 modifications)
Jan 28 09:37:15.726799 ip-10-0-102-200 ovs-vswitchd[1085]: ovs|00146|bridge|INFO|bridge br-int: added interface c352fbaf2fa5328 on port 34
Jan 28 09:37:16.894118 ip-10-0-108-54 ovs-vswitchd[1081]: ovs|00174|bridge|INFO|bridge br-int: deleted interface 24857d0a9c4dfa3 on port 61
Jan 28 09:37:22.943277 ip-10-0-3-203 ovs-vswitchd[1080]: ovs|00135|bridge|INFO|bridge br-int: deleted interface 8138c21df229faa on port 33
Jan 28 09:37:23.422551 ip-10-0-108-54 ovs-vswitchd[1081]: ovs|00175|bridge|INFO|bridge br-int: added interface 27693012f05c326 on port 65
Jan 28 09:37:28.715910 ip-10-0-3-203 ovs-vswitchd[1080]: ovs|00136|bridge|INFO|bridge br-int: added interface fd9df921d34eb19 on port 36
Jan 28 09:37:42.013423 ip-10-0-3-203 ovs-vswitchd[1080]: ovs|00137|bridge|INFO|bridge br-int: deleted interface 8b4ef5ffa81f4eb on port 35
Jan 28 09:37:47.694616 ip-10-0-108-54 ovs-vswitchd[1081]: ovs|00176|bridge|INFO|bridge br-int: deleted interface a156e7c27aa6a7b on port 63
Jan 28 09:37:48.285403 ip-10-0-108-54 ovs-vswitchd[1081]: ovs|00177|bridge|INFO|bridge br-int: added interface 03ed9bcb110a503 on port 66
Jan 28 09:37:49.206069 ip-10-0-102-200 ovs-vswitchd[1085]: ovs|00147|bridge|INFO|bridge br-int: deleted interface c352fbaf2fa5328 on port 34
Jan 28 09:37:49.516863 ip-10-0-102-200 ovs-vswitchd[1085]: ovs|00148|bridge|INFO|bridge br-int: deleted interface bcae295bb7a59d4 on port 26
Jan 28 09:37:50.040518 ip-10-0-102-200 ovs-vswitchd[1085]: ovs|00149|bridge|INFO|bridge br-int: added interface 523b919647122e2 on port 35
Jan 28 09:37:52.683644 ip-10-0-3-203 ovs-vswitchd[1080]: ovs|00138|bridge|INFO|bridge br-int: added interface 5a123d629dc3165 on port 37
Jan 28 09:38:02.900705 ip-10-0-108-54 ovs-vswitchd[1081]: ovs|00178|bridge|INFO|bridge br-int: deleted interface 27693012f05c326 on port 65
Jan 28 09:38:11.167218 ip-10-0-108-54 ovs-vswitchd[1081]: ovs|00179|bridge|INFO|bridge br-int: added interface 8774d8272984ac1 on port 67
Jan 28 09:38:11.489899 ip-10-0-108-54 ovs-vswitchd[1081]: ovs|00180|connmgr|INFO|br-int<->unix#14: 313 flow_mods in the last 54 s (161 adds, 152 deletes)
Jan 28 09:38:13.731049 ip-10-0-102-200 ovs-vswitchd[1085]: ovs|00150|connmgr|INFO|br-int<->unix#21: 222 flow_mods in the 51 s starting 58 s ago (115 adds, 107 deletes)
Jan 28 09:38:15.410488 ip-10-0-3-203 ovs-vswitchd[1080]: ovs|00139|connmgr|INFO|br-int<->unix#6: 238 flow_mods in the 51 s starting 52 s ago (128 adds, 110 deletes)
Jan 28 09:38:25.935605 ip-10-0-102-200 ovs-vswitchd[1085]: ovs|00151|bridge|INFO|bridge br-int: added interface f4d470140f6c4e7 on port 36
Jan 28 09:38:44.009343 ip-10-0-102-200 ovs-vswitchd[1085]: ovs|00152|bridge|INFO|bridge br-int: deleted interface f1ceb4749183370 on port 31
Jan 28 09:38:44.570453 ip-10-0-102-200 ovs-vswitchd[1085]: ovs|00153|bridge|INFO|bridge br-int: added interface dba37b4d910c05b on port 37
Jan 28 09:38:46.417027 ip-10-0-3-203 ovs-vswitchd[1080]: ovs|00140|bridge|INFO|bridge br-int: deleted interface 6a7269e0ef2d0f4 on port 34
Jan 28 09:38:46.948783 ip-10-0-3-203 ovs-vswitchd[1080]: ovs|00141|bridge|INFO|bridge br-int: added interface 0a1bf20775f8da9 on port 38
Jan 28 09:38:54.603925 ip-10-0-3-203 ovs-vswitchd[1080]: ovs|00142|bridge|INFO|bridge br-int: added interface 8629b0df0d340aa on port 39
Jan 28 09:38:57.301387 ip-10-0-108-54 ovs-vswitchd[1081]: ovs|00181|bridge|INFO|bridge br-int: added interface 21b7c33ef06f391 on port 68
Jan 28 09:38:58.470147 ip-10-0-102-200 ovs-vswitchd[1085]: ovs|00154|bridge|INFO|bridge br-int: deleted interface f4d470140f6c4e7 on port 36
Jan 28 09:39:11.489831 ip-10-0-108-54 ovs-vswitchd[1081]: ovs|00182|connmgr|INFO|br-int<->unix#14: 191 flow_mods in the 55 s starting 56 s ago (120 adds, 71 deletes)
Jan 28 09:39:13.730896 ip-10-0-102-200 ovs-vswitchd[1085]: ovs|00155|connmgr|INFO|br-int<->unix#21: 386 flow_mods in the 55 s starting 58 s ago (203 adds, 183 deletes)
Jan 28 09:39:15.410243 ip-10-0-3-203 ovs-vswitchd[1080]: ovs|00143|connmgr|INFO|br-int<->unix#6: 263 flow_mods in the 54 s starting 59 s ago (153 adds, 110 deletes)
Jan 28 09:39:30.317147 ip-10-0-108-54 ovs-vswitchd[1081]: ovs|00183|bridge|INFO|bridge br-int: deleted interface 21b7c33ef06f391 on port 68
Jan 28 09:39:34.452518 ip-10-0-3-203 ovs-vswitchd[1080]: ovs|00144|bridge|INFO|bridge br-int: deleted interface 8629b0df0d340aa on port 39
Jan 28 09:39:41.497018 ip-10-0-3-203 ovs-vswitchd[1080]: ovs|00145|bridge|INFO|bridge br-int: added interface dc95b1a22a88674 on port 40
Jan 28 09:39:41.764468 ip-10-0-3-203 ovs-vswitchd[1080]: ovs|00146|bridge|INFO|bridge br-int: deleted interface dba643ec25cf254 on port 27
Jan 28 09:39:42.317791 ip-10-0-3-203 ovs-vswitchd[1080]: ovs|00147|bridge|INFO|bridge br-int: added interface da0f91468f75f43 on port 41
Jan 28 09:39:43.930970 ip-10-0-108-54 ovs-vswitchd[1081]: ovs|00184|bridge|INFO|bridge br-int: deleted interface e723a15e1b3d704 on port 59
Jan 28 09:39:44.562224 ip-10-0-108-54 ovs-vswitchd[1081]: ovs|00185|bridge|INFO|bridge br-int: added interface ad507abae0eaec9 on port 69
Jan 28 09:40:07.177637 ip-10-0-102-200 ovs-vswitchd[1085]: ovs|00156|bridge|INFO|bridge br-int: added interface 4ef4f03976b99b2 on port 38
Jan 28 09:40:07.799758 ip-10-0-108-54 ovs-vswitchd[1081]: ovs|00186|connmgr|INFO|br-ex<->unix#912: 1 flow_mods in the last 0 s (1 deletes)
Jan 28 09:40:07.831819 ip-10-0-108-54 ovs-vswitchd[1081]: ovs|00187|connmgr|INFO|br-ex<->unix#915: 1 flow_mods in the last 0 s (1 adds)
Jan 28 09:40:11.489872 ip-10-0-108-54 ovs-vswitchd[1081]: ovs|00188|connmgr|INFO|br-int<->unix#14: 277 flow_mods in the 40 s starting 41 s ago (130 adds, 147 deletes)
Jan 28 09:40:12.905713 ip-10-0-102-200 ovs-vswitchd[1085]: ovs|00157|bridge|INFO|bridge br-int: added interface e692587e4f35ad7 on port 39
Jan 28 09:40:12.923827 ip-10-0-3-203 ovs-vswitchd[1080]: ovs|00148|bridge|INFO|bridge br-int: added interface 863abcb8851f874 on port 42
Jan 28 09:40:13.730470 ip-10-0-102-200 ovs-vswitchd[1085]: ovs|00158|connmgr|INFO|br-int<->unix#21: 284 flow_mods in the 36 s starting 37 s ago (226 adds, 58 deletes)
Jan 28 09:40:15.410280 ip-10-0-3-203 ovs-vswitchd[1080]: ovs|00149|connmgr|INFO|br-int<->unix#6: 447 flow_mods in the 39 s starting 40 s ago (298 adds, 149 deletes)
Jan 28 09:40:16.947300 ip-10-0-102-200 ovs-vswitchd[1085]: ovs|00159|bridge|INFO|bridge br-int: added interface a56d2a5efcaad4b on port 40
Jan 28 09:40:21.671630 ip-10-0-3-203 ovs-vswitchd[1080]: ovs|00150|bridge|INFO|bridge br-int: added interface a2a0ebe4f04cbd8 on port 43
Jan 28 09:40:21.722640 ip-10-0-108-54 ovs-vswitchd[1081]: ovs|00189|bridge|INFO|bridge br-int: added interface 002667ea28988eb on port 70
Jan 28 09:40:21.942689 ip-10-0-102-200 ovs-vswitchd[1085]: ovs|00160|bridge|INFO|bridge br-int: added interface 21df5c270adb78f on port 41
Jan 28 09:40:35.840539 ip-10-0-102-200 ovs-vswitchd[1085]: ovs|00161|bridge|INFO|bridge br-int: added interface f1d0bd426281fd3 on port 42
Jan 28 09:40:39.804566 ip-10-0-102-200 ovs-vswitchd[1085]: ovs|00162|bridge|INFO|bridge br-int: deleted interface 4ef4f03976b99b2 on port 38
Jan 28 09:40:51.724231 ip-10-0-3-203 ovs-vswitchd[1080]: ovs|00151|bridge|INFO|bridge br-int: deleted interface a2a0ebe4f04cbd8 on port 43
Jan 28 09:40:51.906736 ip-10-0-102-200 ovs-vswitchd[1085]: ovs|00163|bridge|INFO|bridge br-int: deleted interface a56d2a5efcaad4b on port 40
Jan 28 09:40:51.991572 ip-10-0-102-200 ovs-vswitchd[1085]: ovs|00164|bridge|INFO|bridge br-int: deleted interface 21df5c270adb78f on port 41
Jan 28 09:40:52.307261 ip-10-0-3-203 ovs-vswitchd[1080]: ovs|00152|bridge|INFO|bridge br-int: added interface 9d44eafeedd320c on port 44
Jan 28 09:40:52.610661 ip-10-0-102-200 ovs-vswitchd[1085]: ovs|00165|bridge|INFO|bridge br-int: added interface 6f9a5dc490c8451 on port 43
Jan 28 09:40:59.431244 ip-10-0-102-200 ovs-vswitchd[1085]: ovs|00166|bridge|INFO|bridge br-int: added interface da75e33fd1b4cbf on port 44
Jan 28 09:41:06.717439 ip-10-0-102-200 ovs-vswitchd[1085]: ovs|00167|bridge|INFO|bridge br-int: deleted interface f1d0bd426281fd3 on port 42
Jan 28 09:41:11.490259 ip-10-0-108-54 ovs-vswitchd[1081]: ovs|00190|connmgr|INFO|br-int<->unix#14: 173 flow_mods in the 57 s starting 59 s ago (114 adds, 59 deletes)
Jan 28 09:41:13.731347 ip-10-0-102-200 ovs-vswitchd[1085]: ovs|00168|connmgr|INFO|br-int<->unix#21: 492 flow_mods in the 55 s starting 59 s ago (269 adds, 223 deletes)
Jan 28 09:41:15.410397 ip-10-0-3-203 ovs-vswitchd[1080]: ovs|00153|connmgr|INFO|br-int<->unix#6: 204 flow_mods in the 54 s starting 59 s ago (118 adds, 86 deletes)
Jan 28 09:41:17.680510 ip-10-0-3-203 ovs-vswitchd[1080]: ovs|00154|bridge|INFO|bridge br-int: added interface 3ec2757c20429ee on port 45
Jan 28 09:41:18.954805 ip-10-0-108-54 ovs-vswitchd[1081]: ovs|00191|bridge|INFO|bridge br-int: deleted interface 002667ea28988eb on port 70
Jan 28 09:41:19.537337 ip-10-0-108-54 ovs-vswitchd[1081]: ovs|00192|bridge|INFO|bridge br-int: added interface 71ae3a4eec0c522 on port 71
Jan 28 09:41:49.093763 ip-10-0-102-200 ovs-vswitchd[1085]: ovs|00169|bridge|INFO|bridge br-int: deleted interface da75e33fd1b4cbf on port 44
Jan 28 09:41:50.886991 ip-10-0-3-203 ovs-vswitchd[1080]: ovs|00155|bridge|INFO|bridge br-int: deleted interface 3ec2757c20429ee on port 45
Jan 28 09:41:51.745003 ip-10-0-108-54 ovs-vswitchd[1081]: ovs|00193|bridge|INFO|bridge br-int: added interface 53279aca051a519 on port 72
Jan 28 09:42:11.490316 ip-10-0-108-54 ovs-vswitchd[1081]: ovs|00194|connmgr|INFO|br-int<->unix#14: 185 flow_mods in the 44 s starting 52 s ago (115 adds, 70 deletes)
Jan 28 09:42:13.730825 ip-10-0-102-200 ovs-vswitchd[1085]: ovs|00170|connmgr|INFO|br-int<->unix#21: 138 flow_mods in the last 52 s (64 adds, 74 deletes)
Jan 28 09:42:15.410412 ip-10-0-3-203 ovs-vswitchd[1080]: ovs|00156|connmgr|INFO|br-int<->unix#6: 158 flow_mods in the last 58 s (87 adds, 71 deletes)
Jan 28 09:42:22.451036 ip-10-0-102-200 ovs-vswitchd[1085]: ovs|00171|bridge|INFO|bridge br-int: added interface ovn-b8e4d8-0 on port 45
Jan 28 09:42:22.454820 ip-10-0-3-203 ovs-vswitchd[1080]: ovs|00157|bridge|INFO|bridge br-int: added interface ovn-b8e4d8-0 on port 46
Jan 28 09:42:22.501177 ip-10-0-108-54 ovs-vswitchd[1081]: ovs|00195|bridge|INFO|bridge br-int: added interface ovn-b8e4d8-0 on port 73
Jan 28 09:42:23.850732 ip-10-0-108-54 ovs-vswitchd[1081]: ovs|00196|bridge|INFO|bridge br-int: added interface 97318beb14578bb on port 74
Jan 28 09:42:24.836326 ip-10-0-102-200 ovs-vswitchd[1085]: ovs|00172|bridge|INFO|bridge br-int: added interface ovn-4daed9-0 on port 46
Jan 28 09:42:24.839634 ip-10-0-3-203 ovs-vswitchd[1080]: ovs|00158|bridge|INFO|bridge br-int: added interface ovn-4daed9-0 on port 47
Jan 28 09:42:24.860778 ip-10-0-108-54 ovs-vswitchd[1081]: ovs|00197|bridge|INFO|bridge br-int: added interface ovn-4daed9-0 on port 75
Jan 28 09:42:25.344567 ip-10-0-108-54 ovs-vswitchd[1081]: ovs|00198|bridge|INFO|bridge br-int: deleted interface 53279aca051a519 on port 72
Jan 28 09:42:27.100668 ip-10-0-108-54 ovs-vswitchd[1081]: ovs|00199|connmgr|INFO|br-ex<->unix#1022: 2 flow_mods in the last 0 s (2 adds)
Jan 28 09:42:27.106913 ip-10-0-3-203 ovs-vswitchd[1080]: ovs|00159|connmgr|INFO|br-ex<->unix#933: 2 flow_mods in the last 0 s (2 adds)
Jan 28 09:42:28.238897 ip-10-0-102-200 ovs-vswitchd[1085]: ovs|00173|connmgr|INFO|br-ex<->unix#927: 2 flow_mods in the last 0 s (2 adds)
Jan 28 09:42:37.719606 ip-10-0-102-200 ovs-vswitchd[1085]: ovs|00174|bridge|INFO|bridge br-int: added interface ced297af4950ef3 on port 47
Jan 28 09:42:37.970471 ip-10-0-102-200 ovs-vswitchd[1085]: ovs|00175|bridge|INFO|bridge br-int: added interface 4b6b2f23a3276c6 on port 48
Jan 28 09:42:58.478287 ip-10-0-108-54 ovs-vswitchd[1081]: ovs|00200|bridge|INFO|bridge br-int: deleted interface 97318beb14578bb on port 74
Jan 28 09:43:02.689210 ip-10-0-102-200 ovs-vswitchd[1085]: ovs|00176|bridge|INFO|bridge br-int: added interface 24a82a6a6b3ab35 on port 49
Jan 28 09:43:05.356231 ip-10-0-102-200 ovs-vswitchd[1085]: ovs|00177|bridge|INFO|bridge br-int: deleted interface 24a82a6a6b3ab35 on port 49
Jan 28 09:43:06.929413 ip-10-0-108-54 ovs-vswitchd[1081]: ovs|00201|bridge|INFO|bridge br-int: added interface a076850af06e3ad on port 76
Jan 28 09:43:09.560339 ip-10-0-108-54 ovs-vswitchd[1081]: ovs|00202|bridge|INFO|bridge br-int: deleted interface a076850af06e3ad on port 76
Jan 28 09:43:10.692844 ip-10-0-3-203 ovs-vswitchd[1080]: ovs|00160|bridge|INFO|bridge br-int: added interface bbfd0a4a6c120ff on port 48
Jan 28 09:43:11.489941 ip-10-0-108-54 ovs-vswitchd[1081]: ovs|00203|connmgr|INFO|br-int<->unix#14: 661 flow_mods in the 58 s starting 59 s ago (430 adds, 223 deletes, 8 modifications)
Jan 28 09:43:13.370631 ip-10-0-3-203 ovs-vswitchd[1080]: ovs|00161|bridge|INFO|bridge br-int: deleted interface bbfd0a4a6c120ff on port 48
Jan 28 09:43:13.731275 ip-10-0-102-200 ovs-vswitchd[1085]: ovs|00178|connmgr|INFO|br-int<->unix#21: 516 flow_mods in the 56 s starting 58 s ago (359 adds, 151 deletes, 6 modifications)
Jan 28 09:43:15.410966 ip-10-0-3-203 ovs-vswitchd[1080]: ovs|00162|connmgr|INFO|br-int<->unix#6: 589 flow_mods in the 52 s starting 53 s ago (393 adds, 186 deletes, 10 modifications)
Jan 28 09:43:17.396889 ip-10-0-102-200 ovs-vswitchd[1085]: ovs|00179|bridge|INFO|bridge br-int: deleted interface ced297af4950ef3 on port 47
Jan 28 09:43:27.690776 ip-10-0-102-200 ovs-vswitchd[1085]: ovs|00180|bridge|INFO|bridge br-int: added interface 0f0f0dcc4903731 on port 50
Jan 28 09:43:30.109615 ip-10-0-108-54 ovs-vswitchd[1081]: ovs|00204|bridge|INFO|bridge br-int: added interface 06882d85c9215bc on port 77
Jan 28 09:43:30.448922 ip-10-0-102-200 ovs-vswitchd[1085]: ovs|00181|bridge|INFO|bridge br-int: deleted interface 0f0f0dcc4903731 on port 50
Jan 28 09:43:32.711322 ip-10-0-108-54 ovs-vswitchd[1081]: ovs|00205|bridge|INFO|bridge br-int: deleted interface 06882d85c9215bc on port 77
Jan 28 09:43:33.166454 ip-10-0-3-203 ovs-vswitchd[1080]: ovs|00163|bridge|INFO|bridge br-int: added interface 8ccb01a565b0199 on port 49
Jan 28 09:43:33.987168 ip-10-0-3-203 ovs-vswitchd[1080]: ovs|00164|bridge|INFO|bridge br-int: added interface 4ff45875db49c33 on port 50
Jan 28 09:43:34.691788 ip-10-0-102-200 ovs-vswitchd[1085]: ovs|00182|bridge|INFO|bridge br-int: added interface d2f1fcc60fe4c07 on port 51
Jan 28 09:43:36.384736 ip-10-0-3-203 ovs-vswitchd[1080]: ovs|00165|bridge|INFO|bridge br-int: deleted interface 4ff45875db49c33 on port 50
Jan 28 09:43:37.190822 ip-10-0-3-203 ovs-vswitchd[1080]: ovs|00166|bridge|INFO|bridge br-int: added interface 38fd7950772620a on port 51
Jan 28 09:43:40.533846 ip-10-0-102-200 ovs-vswitchd[1085]: ovs|00183|bridge|INFO|bridge br-int: added interface be28ddf5ead66ef on port 52
Jan 28 09:43:43.301278 ip-10-0-102-200 ovs-vswitchd[1085]: ovs|00184|bridge|INFO|bridge br-int: added interface c3f1b06bf23796f on port 53
Jan 28 09:43:43.791079 ip-10-0-3-203 ovs-vswitchd[1080]: ovs|00167|bridge|INFO|bridge br-int: added interface 5b04e62ce000587 on port 52
Jan 28 09:43:44.758081 ip-10-0-108-54 ovs-vswitchd[1081]: ovs|00206|bridge|INFO|bridge br-int: added interface cd422bf5ce0c7fc on port 78
Jan 28 09:43:53.744228 ip-10-0-108-54 ovs-vswitchd[1081]: ovs|00207|bridge|INFO|bridge br-int: deleted interface ad507abae0eaec9 on port 69
Jan 28 09:43:54.390530 ip-10-0-108-54 ovs-vswitchd[1081]: ovs|00208|bridge|INFO|bridge br-int: added interface 5a97839e5fef5ed on port 79
Jan 28 09:44:00.357889 ip-10-0-102-200 ovs-vswitchd[1085]: ovs|00185|bridge|INFO|bridge br-int: deleted interface dba37b4d910c05b on port 37
Jan 28 09:44:00.967749 ip-10-0-102-200 ovs-vswitchd[1085]: ovs|00186|bridge|INFO|bridge br-int: added interface 1badebbfc0c9300 on port 54
Jan 28 09:44:07.506844 ip-10-0-3-203 ovs-vswitchd[1080]: ovs|00168|bridge|INFO|bridge br-int: deleted interface 8ccb01a565b0199 on port 49
Jan 28 09:44:07.620072 ip-10-0-102-200 ovs-vswitchd[1085]: ovs|00187|bridge|INFO|bridge br-int: deleted interface d2f1fcc60fe4c07 on port 51
Jan 28 09:44:10.526231 ip-10-0-3-203 ovs-vswitchd[1080]: ovs|00169|bridge|INFO|bridge br-int: deleted interface 38fd7950772620a on port 51
Jan 28 09:44:11.489457 ip-10-0-108-54 ovs-vswitchd[1081]: ovs|00209|connmgr|INFO|br-int<->unix#14: 404 flow_mods in the 57 s starting 59 s ago (250 adds, 154 deletes)
Jan 28 09:44:13.618445 ip-10-0-3-203 ovs-vswitchd[1080]: ovs|00170|bridge|INFO|bridge br-int: deleted interface 9d44eafeedd320c on port 44
Jan 28 09:44:13.731540 ip-10-0-102-200 ovs-vswitchd[1085]: ovs|00188|connmgr|INFO|br-int<->unix#21: 527 flow_mods in the 53 s starting 59 s ago (307 adds, 220 deletes)
Jan 28 09:44:13.735927 ip-10-0-102-200 ovs-vswitchd[1085]: ovs|00189|bridge|INFO|bridge br-int: deleted interface 6f9a5dc490c8451 on port 43
Jan 28 09:44:13.961665 ip-10-0-102-200 ovs-vswitchd[1085]: ovs|00190|bridge|INFO|bridge br-int: deleted interface c3f1b06bf23796f on port 53
Jan 28 09:44:15.411043 ip-10-0-3-203 ovs-vswitchd[1080]: ovs|00171|connmgr|INFO|br-int<->unix#6: 450 flow_mods in the last 59 s (242 adds, 208 deletes)
Jan 28 09:44:20.459917 ip-10-0-102-200 ovs-vswitchd[1085]: ovs|00191|bridge|INFO|bridge br-int: added interface 54dae8c96c6370e on port 55
Jan 28 09:44:20.507804 ip-10-0-102-200 ovs-vswitchd[1085]: ovs|00192|bridge|INFO|bridge br-int: added interface 4a04ad0aec7784f on port 56
Jan 28 09:44:20.587794 ip-10-0-3-203 ovs-vswitchd[1080]: ovs|00172|bridge|INFO|bridge br-int: added interface a43f3fc58043c64 on port 53
Jan 28 09:44:20.709060 ip-10-0-102-200 ovs-vswitchd[1085]: ovs|00193|bridge|INFO|bridge br-int: deleted interface be28ddf5ead66ef on port 52
Jan 28 09:44:48.116420 ip-10-0-3-203 ovs-vswitchd[1080]: ovs|00173|bridge|INFO|bridge br-int: deleted interface 5b04e62ce000587 on port 52
Jan 28 09:44:48.229737 ip-10-0-108-54 ovs-vswitchd[1081]: ovs|00210|bridge|INFO|bridge br-int: deleted interface 71ae3a4eec0c522 on port 71
Jan 28 09:44:48.728666 ip-10-0-3-203 ovs-vswitchd[1080]: ovs|00174|bridge|INFO|bridge br-int: added interface 707836022d4de9c on port 54
Jan 28 09:44:48.886507 ip-10-0-102-200 ovs-vswitchd[1085]: ovs|00194|bridge|INFO|bridge br-int: deleted interface 54dae8c96c6370e on port 55
Jan 28 09:44:48.929594 ip-10-0-108-54 ovs-vswitchd[1081]: ovs|00211|bridge|INFO|bridge br-int: added interface 752b31b46aeb853 on port 80
Jan 28 09:44:49.454583 ip-10-0-102-200 ovs-vswitchd[1085]: ovs|00195|bridge|INFO|bridge br-int: added interface 78f117f3cdca2f5 on port 57
Jan 28 09:45:11.489664 ip-10-0-108-54 ovs-vswitchd[1081]: ovs|00212|connmgr|INFO|br-int<->unix#14: 297 flow_mods in the 41 s starting 56 s ago (138 adds, 159 deletes)
Jan 28 09:45:13.731425 ip-10-0-102-200 ovs-vswitchd[1085]: ovs|00196|connmgr|INFO|br-int<->unix#21: 577 flow_mods in the 41 s starting 59 s ago (264 adds, 313 deletes)
Jan 28 09:45:15.171892 ip-10-0-108-54 ovs-vswitchd[1081]: ovs|00213|bridge|INFO|bridge br-int: deleted interface 03ed9bcb110a503 on port 66
Jan 28 09:45:15.411084 ip-10-0-3-203 ovs-vswitchd[1080]: ovs|00175|connmgr|INFO|br-int<->unix#6: 352 flow_mods in the 39 s starting 56 s ago (185 adds, 167 deletes)
Jan 28 09:45:15.818070 ip-10-0-108-54 ovs-vswitchd[1081]: ovs|00214|bridge|INFO|bridge br-int: added interface 58833d66a95233e on port 81
Jan 28 09:45:22.358208 ip-10-0-102-200 ovs-vswitchd[1085]: ovs|00197|bridge|INFO|bridge br-int: added interface b5da197e4708cbd on port 58
Jan 28 09:45:48.718512 ip-10-0-102-200 ovs-vswitchd[1085]: ovs|00198|bridge|INFO|bridge br-int: added interface 3ca0c420237930e on port 59
Jan 28 09:45:50.098386 ip-10-0-102-200 ovs-vswitchd[1085]: ovs|00199|bridge|INFO|bridge br-int: deleted interface 523b919647122e2 on port 35
Jan 28 09:45:50.678325 ip-10-0-102-200 ovs-vswitchd[1085]: ovs|00200|bridge|INFO|bridge br-int: added interface 3795804c2cb6c41 on port 60
Jan 28 09:45:51.116179 ip-10-0-102-200 ovs-vswitchd[1085]: ovs|00201|bridge|INFO|bridge br-int: deleted interface 3ca0c420237930e on port 59
Jan 28 09:45:51.542978 ip-10-0-108-54 ovs-vswitchd[1081]: ovs|00215|bridge|INFO|bridge br-int: added interface e38d344216c97b4 on port 82
Jan 28 09:45:53.919409 ip-10-0-3-203 ovs-vswitchd[1080]: ovs|00176|bridge|INFO|bridge br-int: added interface af13ad93983b326 on port 55
Jan 28 09:45:54.505640 ip-10-0-108-54 ovs-vswitchd[1081]: ovs|00216|bridge|INFO|bridge br-int: deleted interface e38d344216c97b4 on port 82
Jan 28 09:45:54.680190 ip-10-0-108-54 ovs-vswitchd[1081]: ovs|00217|bridge|INFO|bridge br-int: added interface 90d2dd6d5587d33 on port 83
Jan 28 09:45:56.111764 ip-10-0-3-203 ovs-vswitchd[1080]: ovs|00177|bridge|INFO|bridge br-int: deleted interface af13ad93983b326 on port 55
Jan 28 09:45:57.115800 ip-10-0-102-200 ovs-vswitchd[1085]: ovs|00202|bridge|INFO|bridge br-int: deleted interface b5da197e4708cbd on port 58
Jan 28 09:46:11.490195 ip-10-0-108-54 ovs-vswitchd[1081]: ovs|00218|connmgr|INFO|br-int<->unix#14: 343 flow_mods in the 53 s starting 56 s ago (198 adds, 145 deletes)
Jan 28 09:46:13.532508 ip-10-0-3-203 ovs-vswitchd[1080]: ovs|00178|bridge|INFO|bridge br-int: deleted interface da0f91468f75f43 on port 41
Jan 28 09:46:13.730832 ip-10-0-102-200 ovs-vswitchd[1085]: ovs|00203|connmgr|INFO|br-int<->unix#21: 424 flow_mods in the 46 s starting 52 s ago (225 adds, 199 deletes)
Jan 28 09:46:14.168065 ip-10-0-3-203 ovs-vswitchd[1080]: ovs|00179|bridge|INFO|bridge br-int: added interface 28d3f3a638aaf0f on port 56
Jan 28 09:46:15.410617 ip-10-0-3-203 ovs-vswitchd[1080]: ovs|00180|connmgr|INFO|br-int<->unix#6: 303 flow_mods in the 52 s starting 54 s ago (162 adds, 141 deletes)
Jan 28 09:46:27.657968 ip-10-0-108-54 ovs-vswitchd[1081]: ovs|00219|bridge|INFO|bridge br-int: deleted interface 90d2dd6d5587d33 on port 83
Jan 28 09:46:29.976710 ip-10-0-108-54 ovs-vswitchd[1081]: ovs|00220|bridge|INFO|bridge br-int: added interface 541922dc05d39a2 on port 84
Jan 28 09:47:04.903769 ip-10-0-108-54 ovs-vswitchd[1081]: ovs|00221|bridge|INFO|bridge br-int: deleted interface 541922dc05d39a2 on port 84
Jan 28 09:47:11.489681 ip-10-0-108-54 ovs-vswitchd[1081]: ovs|00222|connmgr|INFO|br-int<->unix#14: 201 flow_mods in the 45 s starting 52 s ago (99 adds, 102 deletes)
Jan 28 09:47:13.731295 ip-10-0-102-200 ovs-vswitchd[1085]: ovs|00204|connmgr|INFO|br-int<->unix#21: 98 flow_mods in the 41 s starting 54 s ago (60 adds, 38 deletes)
Jan 28 09:47:15.410628 ip-10-0-3-203 ovs-vswitchd[1080]: ovs|00181|connmgr|INFO|br-int<->unix#6: 63 flow_mods in the 41 s starting 56 s ago (40 adds, 23 deletes)
Jan 28 09:47:24.651530 ip-10-0-108-54 ovs-vswitchd[1081]: ovs|00223|bridge|INFO|bridge br-int: deleted interface cd422bf5ce0c7fc on port 78
Jan 28 09:47:38.625096 ip-10-0-108-54 ovs-vswitchd[1081]: ovs|00224|bridge|INFO|bridge br-int: added interface 546fdef8017be81 on port 85
Jan 28 09:47:41.295972 ip-10-0-3-203 ovs-vswitchd[1080]: ovs|00182|bridge|INFO|bridge br-int: added interface ea95849d1ad21be on port 57
Jan 28 09:47:46.427245 ip-10-0-3-203 ovs-vswitchd[1080]: ovs|00183|bridge|INFO|bridge br-int: deleted interface 0a1bf20775f8da9 on port 38
Jan 28 09:47:47.062790 ip-10-0-3-203 ovs-vswitchd[1080]: ovs|00184|bridge|INFO|bridge br-int: added interface 55a64bc2b6b0509 on port 58
Jan 28 09:48:11.490140 ip-10-0-108-54 ovs-vswitchd[1081]: ovs|00225|connmgr|INFO|br-int<->unix#14: 259 flow_mods in the 43 s starting 47 s ago (139 adds, 120 deletes)
Jan 28 09:48:13.730934 ip-10-0-102-200 ovs-vswitchd[1085]: ovs|00205|connmgr|INFO|br-int<->unix#21: 85 flow_mods in the 48 s starting 50 s ago (45 adds, 40 deletes)
Jan 28 09:48:15.410840 ip-10-0-3-203 ovs-vswitchd[1080]: ovs|00185|connmgr|INFO|br-int<->unix#6: 206 flow_mods in the 40 s starting 51 s ago (123 adds, 83 deletes)
Jan 28 09:48:15.496704 ip-10-0-3-203 ovs-vswitchd[1080]: ovs|00186|bridge|INFO|bridge br-int: deleted interface ea95849d1ad21be on port 57
Jan 28 09:48:18.292291 ip-10-0-108-54 ovs-vswitchd[1081]: ovs|00226|bridge|INFO|bridge br-int: deleted interface 546fdef8017be81 on port 85
Jan 28 09:48:19.791553 ip-10-0-3-203 ovs-vswitchd[1080]: ovs|00187|bridge|INFO|bridge br-int: added interface 84acf8ec7ccf6b6 on port 59
Jan 28 09:48:52.651021 ip-10-0-3-203 ovs-vswitchd[1080]: ovs|00188|bridge|INFO|bridge br-int: deleted interface 84acf8ec7ccf6b6 on port 59
Jan 28 09:49:11.489752 ip-10-0-108-54 ovs-vswitchd[1081]: ovs|00227|connmgr|INFO|br-int<->unix#14: 69 flow_mods in the 49 s starting 54 s ago (18 adds, 51 deletes)
Jan 28 09:49:13.731029 ip-10-0-102-200 ovs-vswitchd[1085]: ovs|00206|connmgr|INFO|br-int<->unix#21: 12 flow_mods in the 10 s starting 56 s ago (6 adds, 6 deletes)
Jan 28 09:49:15.410731 ip-10-0-3-203 ovs-vswitchd[1080]: ovs|00189|connmgr|INFO|br-int<->unix#6: 145 flow_mods in the 37 s starting 59 s ago (56 adds, 89 deletes)
Jan 28 09:50:11.489391 ip-10-0-108-54 ovs-vswitchd[1081]: ovs|00228|connmgr|INFO|br-int<->unix#14: 35 flow_mods in the 5 s starting 39 s ago (18 adds, 17 deletes)
Jan 28 09:50:13.731002 ip-10-0-102-200 ovs-vswitchd[1085]: ovs|00207|connmgr|INFO|br-int<->unix#21: 35 flow_mods in the 5 s starting 41 s ago (18 adds, 17 deletes)
Jan 28 09:50:15.410842 ip-10-0-3-203 ovs-vswitchd[1080]: ovs|00190|connmgr|INFO|br-int<->unix#6: 82 flow_mods in the 5 s starting 43 s ago (42 adds, 40 deletes)
Jan 28 09:51:11.490262 ip-10-0-108-54 ovs-vswitchd[1081]: ovs|00229|connmgr|INFO|br-int<->unix#14: 123 flow_mods in the 22 s starting 32 s ago (72 adds, 51 deletes)
Jan 28 09:51:13.731375 ip-10-0-102-200 ovs-vswitchd[1085]: ovs|00208|connmgr|INFO|br-int<->unix#21: 63 flow_mods in the 16 s starting 34 s ago (36 adds, 27 deletes)
Jan 28 09:51:15.411046 ip-10-0-3-203 ovs-vswitchd[1080]: ovs|00191|connmgr|INFO|br-int<->unix#6: 98 flow_mods in the 16 s starting 36 s ago (56 adds, 42 deletes)
Jan 28 09:51:33.216668 ip-10-0-3-203 ovs-vswitchd[1080]: ovs|00192|bridge|INFO|bridge br-int: added interface ce2b5b83bfd9f04 on port 60
Jan 28 09:52:11.490191 ip-10-0-108-54 ovs-vswitchd[1081]: ovs|00230|connmgr|INFO|br-int<->unix#14: 9 flow_mods in the last 19 s (6 adds, 3 deletes)
Jan 28 09:52:13.412185 ip-10-0-3-203 ovs-vswitchd[1080]: ovs|00193|bridge|INFO|bridge br-int: deleted interface ce2b5b83bfd9f04 on port 60
Jan 28 09:52:15.410420 ip-10-0-3-203 ovs-vswitchd[1080]: ovs|00194|connmgr|INFO|br-int<->unix#6: 98 flow_mods in the 40 s starting 42 s ago (49 adds, 49 deletes)
Jan 28 09:52:21.277187 ip-10-0-102-200 ovs-vswitchd[1085]: ovs|00209|connmgr|INFO|br-int<->unix#21: 10 flow_mods in the 5 s starting 10 s ago (7 adds, 3 deletes)
Jan 28 09:53:11.490220 ip-10-0-108-54 ovs-vswitchd[1081]: ovs|00231|connmgr|INFO|br-int<->unix#14: 4 flow_mods 19 s ago (4 deletes)
Jan 28 09:53:59.782013 ip-10-0-102-200 ovs-vswitchd[1085]: ovs|00210|connmgr|INFO|br-int<->unix#21: 4 flow_mods 10 s ago (4 deletes)
Jan 28 09:54:01.735068 ip-10-0-3-203 ovs-vswitchd[1080]: ovs|00195|connmgr|INFO|br-int<->unix#6: 4 flow_mods 10 s ago (4 deletes)
Jan 28 09:54:13.303867 ip-10-0-108-54 ovs-vswitchd[1081]: ovs|00232|connmgr|INFO|br-int<->unix#14: 4 flow_mods 10 s ago (4 adds)
Jan 28 09:54:59.782274 ip-10-0-102-200 ovs-vswitchd[1085]: ovs|00211|connmgr|INFO|br-int<->unix#21: 38 flow_mods in the 17 s starting 34 s ago (21 adds, 17 deletes)
Jan 28 09:55:01.735014 ip-10-0-3-203 ovs-vswitchd[1080]: ovs|00196|connmgr|INFO|br-int<->unix#6: 90 flow_mods in the 17 s starting 36 s ago (49 adds, 41 deletes)
Jan 28 09:55:13.303616 ip-10-0-108-54 ovs-vswitchd[1081]: ovs|00233|connmgr|INFO|br-int<->unix#14: 35 flow_mods in the 17 s starting 48 s ago (18 adds, 17 deletes)
Jan 28 09:55:13.609809 ip-10-0-102-200 ovs-vswitchd[1085]: ovs|00212|bridge|INFO|bridge br-int: added interface f34c0eb7931b14c on port 61
Jan 28 09:55:16.113874 ip-10-0-102-200 ovs-vswitchd[1085]: ovs|00213|bridge|INFO|bridge br-int: deleted interface f34c0eb7931b14c on port 61
Jan 28 09:55:16.422983 ip-10-0-108-54 ovs-vswitchd[1081]: ovs|00234|bridge|INFO|bridge br-int: added interface 64274a9bf40bc44 on port 86
Jan 28 09:55:19.210915 ip-10-0-3-203 ovs-vswitchd[1080]: ovs|00197|bridge|INFO|bridge br-int: added interface 43baf8a38b049ea on port 61
Jan 28 09:55:19.349684 ip-10-0-108-54 ovs-vswitchd[1081]: ovs|00235|bridge|INFO|bridge br-int: deleted interface 64274a9bf40bc44 on port 86
Jan 28 09:55:22.125216 ip-10-0-3-203 ovs-vswitchd[1080]: ovs|00198|bridge|INFO|bridge br-int: deleted interface 43baf8a38b049ea on port 61
Jan 28 09:55:59.782221 ip-10-0-102-200 ovs-vswitchd[1085]: ovs|00214|connmgr|INFO|br-int<->unix#21: 84 flow_mods in the 3 s starting 46 s ago (42 adds, 42 deletes)
Jan 28 09:56:01.735077 ip-10-0-3-203 ovs-vswitchd[1080]: ovs|00199|connmgr|INFO|br-int<->unix#6: 84 flow_mods in the 3 s starting 42 s ago (42 adds, 42 deletes)
Jan 28 09:56:13.303694 ip-10-0-108-54 ovs-vswitchd[1081]: ovs|00236|connmgr|INFO|br-int<->unix#14: 88 flow_mods in the 56 s starting 57 s ago (46 adds, 42 deletes)
Jan 28 09:59:06.168550 ip-10-0-108-54 ovs-vswitchd[1081]: ovs|00237|connmgr|INFO|br-int<->unix#14: 4 flow_mods 10 s ago (4 adds)
Jan 28 10:02:03.318619 ip-10-0-108-54 ovs-vswitchd[1081]: ovs|00238|connmgr|INFO|br-int<->unix#14: 4 flow_mods 10 s ago (4 adds)
Jan 28 10:13:08.919807 ip-10-0-108-54 ovs-vswitchd[1081]: ovs|00239|connmgr|INFO|br-int<->unix#14: 4 flow_mods 10 s ago (4 adds)
Jan 28 10:22:14.646801 ip-10-0-3-203 ovs-vswitchd[1080]: ovs|00200|connmgr|INFO|br-int<->unix#6: 4 flow_mods 10 s ago (4 adds)
Jan 28 10:24:25.513557 ip-10-0-102-200 ovs-vswitchd[1085]: ovs|00215|bridge|INFO|bridge br-int: added interface 1b2c2a3ec8b5e3d on port 62
