Jan 28 09:28:01.212646 localhost systemd[1]: Starting Open vSwitch Database Unit...
Jan 28 09:28:01.276683 localhost chown[941]: /usr/bin/chown: cannot access '/run/openvswitch': No such file or directory
Jan 28 09:28:01.409119 localhost ovs-ctl[956]: /etc/openvswitch/conf.db does not exist ... (warning).
Jan 28 09:28:01.441904 localhost ovs-ctl[956]: Creating empty database /etc/openvswitch/conf.db.
Jan 28 09:28:01.479924 localhost ovs-ctl[956]: Starting ovsdb-server.
Jan 28 09:28:01.485627 localhost ovs-vsctl[1014]: ovs|00001|vsctl|INFO|Called as ovs-vsctl --no-wait -- init -- set Open_vSwitch . db-version=8.8.0
Jan 28 09:28:01.575383 localhost ovs-vsctl[1027]: ovs|00001|vsctl|INFO|Called as ovs-vsctl --no-wait set Open_vSwitch . ovs-version=3.5.2-51.el9fdp "external-ids:system-id=\"c267e4b4-9114-4967-ae22-979db0d77ad7\"" "external-ids:rundir=\"/var/run/openvswitch\"" "system-type=\"rhel\"" "system-version=\"9.6\""
Jan 28 09:28:01.577508 localhost ovs-ctl[956]: Configuring Open vSwitch system IDs.
Jan 28 09:28:01.585216 localhost ovs-vsctl[1033]: ovs|00001|vsctl|INFO|Called as ovs-vsctl --no-wait add Open_vSwitch . external-ids hostname=localhost
Jan 28 09:28:01.585693 localhost ovs-ctl[956]: Enabling remote OVSDB managers.
Jan 28 09:28:01.586453 localhost systemd[1]: Started Open vSwitch Database Unit.
Jan 28 09:28:02.220348 localhost systemd[1]: Starting Open vSwitch Database Unit...
Jan 28 09:28:02.291780 localhost chown[939]: /usr/bin/chown: cannot access '/run/openvswitch': No such file or directory
Jan 28 09:28:02.415736 localhost ovs-ctl[964]: /etc/openvswitch/conf.db does not exist ... (warning).
Jan 28 09:28:02.446716 localhost ovs-ctl[964]: Creating empty database /etc/openvswitch/conf.db.
Jan 28 09:28:02.481922 localhost ovs-ctl[964]: Starting ovsdb-server.
Jan 28 09:28:02.487279 localhost ovs-vsctl[1018]: ovs|00001|vsctl|INFO|Called as ovs-vsctl --no-wait -- init -- set Open_vSwitch . db-version=8.8.0
Jan 28 09:28:02.576565 localhost ovs-vsctl[1031]: ovs|00001|vsctl|INFO|Called as ovs-vsctl --no-wait set Open_vSwitch . ovs-version=3.5.2-51.el9fdp "external-ids:system-id=\"b6462ff2-311a-4b32-b65b-f02c9abd9cd8\"" "external-ids:rundir=\"/var/run/openvswitch\"" "system-type=\"rhel\"" "system-version=\"9.6\""
Jan 28 09:28:02.578550 localhost ovs-ctl[964]: Configuring Open vSwitch system IDs.
Jan 28 09:28:02.586246 localhost ovs-vsctl[1037]: ovs|00001|vsctl|INFO|Called as ovs-vsctl --no-wait add Open_vSwitch . external-ids hostname=localhost
Jan 28 09:28:02.586903 localhost ovs-ctl[964]: Enabling remote OVSDB managers.
Jan 28 09:28:02.587556 localhost systemd[1]: Started Open vSwitch Database Unit.
Jan 28 09:28:03.105009 localhost systemd[1]: Starting Open vSwitch Database Unit...
Jan 28 09:28:03.187817 localhost chown[941]: /usr/bin/chown: cannot access '/run/openvswitch': No such file or directory
Jan 28 09:28:03.302450 localhost ovs-ctl[962]: /etc/openvswitch/conf.db does not exist ... (warning).
Jan 28 09:28:03.336777 localhost ovs-ctl[962]: Creating empty database /etc/openvswitch/conf.db.
Jan 28 09:28:03.372047 localhost ovs-ctl[962]: Starting ovsdb-server.
Jan 28 09:28:03.377204 localhost ovs-vsctl[1013]: ovs|00001|vsctl|INFO|Called as ovs-vsctl --no-wait -- init -- set Open_vSwitch . db-version=8.8.0
Jan 28 09:28:03.470063 localhost ovs-vsctl[1026]: ovs|00001|vsctl|INFO|Called as ovs-vsctl --no-wait set Open_vSwitch . ovs-version=3.5.2-51.el9fdp "external-ids:system-id=\"ecd1c28a-262c-439c-88ea-45c27c5694ee\"" "external-ids:rundir=\"/var/run/openvswitch\"" "system-type=\"rhel\"" "system-version=\"9.6\""
Jan 28 09:28:03.471999 localhost ovs-ctl[962]: Configuring Open vSwitch system IDs.
Jan 28 09:28:03.479051 localhost ovs-vsctl[1032]: ovs|00001|vsctl|INFO|Called as ovs-vsctl --no-wait add Open_vSwitch . external-ids hostname=localhost
Jan 28 09:28:03.479687 localhost ovs-ctl[962]: Enabling remote OVSDB managers.
Jan 28 09:28:03.480282 localhost systemd[1]: Started Open vSwitch Database Unit.
