Jan 28 09:26:23.100308 ip-10-0-3-203 systemd[1]: Starting rpm-ostree System Management Daemon...
Jan 28 09:26:23.122991 ip-10-0-3-203 rpm-ostree[1935]: Reading config file '/etc/rpm-ostreed.conf'
Jan 28 09:26:23.139326 ip-10-0-3-203 rpm-ostree[1935]: In idle state; will auto-exit in 64 seconds
Jan 28 09:26:23.139383 ip-10-0-3-203 systemd[1]: Started rpm-ostree System Management Daemon.
Jan 28 09:26:23.142801 ip-10-0-3-203 rpm-ostree[1935]: client(id:cli dbus:1.28 unit:libpod-d9da906ef952f3389f7cf5a7e667d76528d66c117aa16df0b21f996839de6015.scope uid:0) added; new total=1
Jan 28 09:26:23.147286 ip-10-0-3-203 rpm-ostree[1935]: client(id:cli dbus:1.28 unit:libpod-d9da906ef952f3389f7cf5a7e667d76528d66c117aa16df0b21f996839de6015.scope uid:0) vanished; remaining=0
Jan 28 09:26:23.147304 ip-10-0-3-203 rpm-ostree[1935]: In idle state; will auto-exit in 61 seconds
Jan 28 09:26:23.190211 ip-10-0-3-203 rpm-ostree[1935]: client(id:cli dbus:1.29 unit:libpod-d9da906ef952f3389f7cf5a7e667d76528d66c117aa16df0b21f996839de6015.scope uid:0) added; new total=1
Jan 28 09:26:23.195002 ip-10-0-3-203 rpm-ostree[1935]: client(id:cli dbus:1.29 unit:libpod-d9da906ef952f3389f7cf5a7e667d76528d66c117aa16df0b21f996839de6015.scope uid:0) vanished; remaining=0
Jan 28 09:26:23.195048 ip-10-0-3-203 rpm-ostree[1935]: In idle state; will auto-exit in 63 seconds
Jan 28 09:26:23.362875 ip-10-0-102-200 systemd[1]: Starting rpm-ostree System Management Daemon...
Jan 28 09:26:23.384724 ip-10-0-102-200 rpm-ostree[1958]: Reading config file '/etc/rpm-ostreed.conf'
Jan 28 09:26:23.402395 ip-10-0-102-200 rpm-ostree[1958]: In idle state; will auto-exit in 64 seconds
Jan 28 09:26:23.402438 ip-10-0-102-200 systemd[1]: Started rpm-ostree System Management Daemon.
Jan 28 09:26:23.406122 ip-10-0-102-200 rpm-ostree[1958]: client(id:cli dbus:1.28 unit:libpod-5131a62e6981fef4692585317937ccbde3fd0866db5ea2d8a16c75f196008adc.scope uid:0) added; new total=1
Jan 28 09:26:23.410221 ip-10-0-102-200 rpm-ostree[1958]: client(id:cli dbus:1.28 unit:libpod-5131a62e6981fef4692585317937ccbde3fd0866db5ea2d8a16c75f196008adc.scope uid:0) vanished; remaining=0
Jan 28 09:26:23.410240 ip-10-0-102-200 rpm-ostree[1958]: In idle state; will auto-exit in 64 seconds
Jan 28 09:26:23.452618 ip-10-0-102-200 rpm-ostree[1958]: client(id:cli dbus:1.29 unit:libpod-5131a62e6981fef4692585317937ccbde3fd0866db5ea2d8a16c75f196008adc.scope uid:0) added; new total=1
Jan 28 09:26:23.457010 ip-10-0-102-200 rpm-ostree[1958]: client(id:cli dbus:1.29 unit:libpod-5131a62e6981fef4692585317937ccbde3fd0866db5ea2d8a16c75f196008adc.scope uid:0) vanished; remaining=0
Jan 28 09:26:23.457023 ip-10-0-102-200 rpm-ostree[1958]: In idle state; will auto-exit in 61 seconds
Jan 28 09:26:25.459154 ip-10-0-108-54 systemd[1]: Starting rpm-ostree System Management Daemon...
Jan 28 09:26:25.479698 ip-10-0-108-54 rpm-ostree[1958]: Reading config file '/etc/rpm-ostreed.conf'
Jan 28 09:26:25.496286 ip-10-0-108-54 rpm-ostree[1958]: In idle state; will auto-exit in 63 seconds
Jan 28 09:26:25.496335 ip-10-0-108-54 systemd[1]: Started rpm-ostree System Management Daemon.
Jan 28 09:26:25.499811 ip-10-0-108-54 rpm-ostree[1958]: client(id:cli dbus:1.28 unit:libpod-8e35425ff43f60d3f0819226a534033f9393bff8edca357e3dfad1ea68d55438.scope uid:0) added; new total=1
Jan 28 09:26:25.503957 ip-10-0-108-54 rpm-ostree[1958]: client(id:cli dbus:1.28 unit:libpod-8e35425ff43f60d3f0819226a534033f9393bff8edca357e3dfad1ea68d55438.scope uid:0) vanished; remaining=0
Jan 28 09:26:25.503971 ip-10-0-108-54 rpm-ostree[1958]: In idle state; will auto-exit in 62 seconds
Jan 28 09:26:25.544290 ip-10-0-108-54 rpm-ostree[1958]: client(id:cli dbus:1.29 unit:libpod-8e35425ff43f60d3f0819226a534033f9393bff8edca357e3dfad1ea68d55438.scope uid:0) added; new total=1
Jan 28 09:26:25.548703 ip-10-0-108-54 rpm-ostree[1958]: client(id:cli dbus:1.29 unit:libpod-8e35425ff43f60d3f0819226a534033f9393bff8edca357e3dfad1ea68d55438.scope uid:0) vanished; remaining=0
Jan 28 09:26:25.548722 ip-10-0-108-54 rpm-ostree[1958]: In idle state; will auto-exit in 61 seconds
Jan 28 09:26:51.823454 ip-10-0-102-200 rpm-ostree[1958]: client(id:cli dbus:1.30 unit:libpod-5131a62e6981fef4692585317937ccbde3fd0866db5ea2d8a16c75f196008adc.scope uid:0) added; new total=1
Jan 28 09:26:51.827787 ip-10-0-102-200 rpm-ostree[1958]: Loaded sysroot
Jan 28 09:26:51.846659 ip-10-0-102-200 rpm-ostree[1958]: Locked sysroot
Jan 28 09:26:51.846728 ip-10-0-102-200 rpm-ostree[1958]: Initiated txn Cleanup for client(id:cli dbus:1.30 unit:libpod-5131a62e6981fef4692585317937ccbde3fd0866db5ea2d8a16c75f196008adc.scope uid:0): /org/projectatomic/rpmostree1/rhcos
Jan 28 09:26:51.849238 ip-10-0-102-200 rpm-ostree[1958]: Process [pid: 2158 uid: 0 unit: libpod-5131a62e6981fef4692585317937ccbde3fd0866db5ea2d8a16c75f196008adc.scope] connected to transaction progress
Jan 28 09:26:51.849670 ip-10-0-102-200 rpm-ostree[1958]: Txn Cleanup on /org/projectatomic/rpmostree1/rhcos successful
Jan 28 09:26:51.849854 ip-10-0-102-200 rpm-ostree[1958]: Unlocked sysroot
Jan 28 09:26:51.850202 ip-10-0-102-200 rpm-ostree[1958]: Process [pid: 2158 uid: 0 unit: libpod-5131a62e6981fef4692585317937ccbde3fd0866db5ea2d8a16c75f196008adc.scope] disconnected from transaction progress
Jan 28 09:26:51.851633 ip-10-0-102-200 rpm-ostree[1958]: client(id:cli dbus:1.30 unit:libpod-5131a62e6981fef4692585317937ccbde3fd0866db5ea2d8a16c75f196008adc.scope uid:0) vanished; remaining=0
Jan 28 09:26:51.851650 ip-10-0-102-200 rpm-ostree[1958]: In idle state; will auto-exit in 63 seconds
Jan 28 09:26:51.873990 ip-10-0-102-200 rpm-ostree[1958]: client(id:cli dbus:1.31 unit:libpod-5131a62e6981fef4692585317937ccbde3fd0866db5ea2d8a16c75f196008adc.scope uid:0) added; new total=1
Jan 28 09:26:51.877880 ip-10-0-102-200 rpm-ostree[1958]: client(id:cli dbus:1.31 unit:libpod-5131a62e6981fef4692585317937ccbde3fd0866db5ea2d8a16c75f196008adc.scope uid:0) vanished; remaining=0
Jan 28 09:26:51.877901 ip-10-0-102-200 rpm-ostree[1958]: In idle state; will auto-exit in 64 seconds
Jan 28 09:26:51.914318 ip-10-0-102-200 rpm-ostree[1958]: client(id:cli dbus:1.32 unit:libpod-5131a62e6981fef4692585317937ccbde3fd0866db5ea2d8a16c75f196008adc.scope uid:0) added; new total=1
Jan 28 09:26:51.918465 ip-10-0-102-200 rpm-ostree[1958]: Loaded sysroot
Jan 28 09:26:51.918582 ip-10-0-102-200 rpm-ostree[1958]: Locked sysroot
Jan 28 09:26:51.918636 ip-10-0-102-200 rpm-ostree[1958]: Initiated txn Rebase for client(id:cli dbus:1.32 unit:libpod-5131a62e6981fef4692585317937ccbde3fd0866db5ea2d8a16c75f196008adc.scope uid:0): /org/projectatomic/rpmostree1/rhcos
Jan 28 09:26:51.921016 ip-10-0-102-200 rpm-ostree[1958]: Process [pid: 2173 uid: 0 unit: libpod-5131a62e6981fef4692585317937ccbde3fd0866db5ea2d8a16c75f196008adc.scope] connected to transaction progress
Jan 28 09:26:52.196929 ip-10-0-102-200 rpm-ostree[1958]: Fetching ostree-unverified-registry:registry.build11.ci.openshift.org/ci-ln-vjb5l1t/stable@sha256:56380161baf19863b676fb94aacaae253df853c437df18d00e447f36c895b794
Jan 28 09:26:52.271645 ip-10-0-108-54 rpm-ostree[1958]: client(id:cli dbus:1.30 unit:libpod-8e35425ff43f60d3f0819226a534033f9393bff8edca357e3dfad1ea68d55438.scope uid:0) added; new total=1
Jan 28 09:26:52.276282 ip-10-0-108-54 rpm-ostree[1958]: Loaded sysroot
Jan 28 09:26:52.292970 ip-10-0-108-54 rpm-ostree[1958]: Locked sysroot
Jan 28 09:26:52.293034 ip-10-0-108-54 rpm-ostree[1958]: Initiated txn Cleanup for client(id:cli dbus:1.30 unit:libpod-8e35425ff43f60d3f0819226a534033f9393bff8edca357e3dfad1ea68d55438.scope uid:0): /org/projectatomic/rpmostree1/rhcos
Jan 28 09:26:52.295620 ip-10-0-108-54 rpm-ostree[1958]: Process [pid: 2153 uid: 0 unit: libpod-8e35425ff43f60d3f0819226a534033f9393bff8edca357e3dfad1ea68d55438.scope] connected to transaction progress
Jan 28 09:26:52.296056 ip-10-0-108-54 rpm-ostree[1958]: Txn Cleanup on /org/projectatomic/rpmostree1/rhcos successful
Jan 28 09:26:52.296337 ip-10-0-108-54 rpm-ostree[1958]: Unlocked sysroot
Jan 28 09:26:52.296578 ip-10-0-108-54 rpm-ostree[1958]: Process [pid: 2153 uid: 0 unit: libpod-8e35425ff43f60d3f0819226a534033f9393bff8edca357e3dfad1ea68d55438.scope] disconnected from transaction progress
Jan 28 09:26:52.297949 ip-10-0-108-54 rpm-ostree[1958]: client(id:cli dbus:1.30 unit:libpod-8e35425ff43f60d3f0819226a534033f9393bff8edca357e3dfad1ea68d55438.scope uid:0) vanished; remaining=0
Jan 28 09:26:52.297970 ip-10-0-108-54 rpm-ostree[1958]: In idle state; will auto-exit in 64 seconds
Jan 28 09:26:52.321255 ip-10-0-108-54 rpm-ostree[1958]: client(id:cli dbus:1.31 unit:libpod-8e35425ff43f60d3f0819226a534033f9393bff8edca357e3dfad1ea68d55438.scope uid:0) added; new total=1
Jan 28 09:26:52.325157 ip-10-0-108-54 rpm-ostree[1958]: client(id:cli dbus:1.31 unit:libpod-8e35425ff43f60d3f0819226a534033f9393bff8edca357e3dfad1ea68d55438.scope uid:0) vanished; remaining=0
Jan 28 09:26:52.325177 ip-10-0-108-54 rpm-ostree[1958]: In idle state; will auto-exit in 61 seconds
Jan 28 09:26:52.363622 ip-10-0-108-54 rpm-ostree[1958]: client(id:cli dbus:1.32 unit:libpod-8e35425ff43f60d3f0819226a534033f9393bff8edca357e3dfad1ea68d55438.scope uid:0) added; new total=1
Jan 28 09:26:52.367907 ip-10-0-108-54 rpm-ostree[1958]: Loaded sysroot
Jan 28 09:26:52.368008 ip-10-0-108-54 rpm-ostree[1958]: Locked sysroot
Jan 28 09:26:52.368064 ip-10-0-108-54 rpm-ostree[1958]: Initiated txn Rebase for client(id:cli dbus:1.32 unit:libpod-8e35425ff43f60d3f0819226a534033f9393bff8edca357e3dfad1ea68d55438.scope uid:0): /org/projectatomic/rpmostree1/rhcos
Jan 28 09:26:52.370434 ip-10-0-108-54 rpm-ostree[1958]: Process [pid: 2168 uid: 0 unit: libpod-8e35425ff43f60d3f0819226a534033f9393bff8edca357e3dfad1ea68d55438.scope] connected to transaction progress
Jan 28 09:26:52.632916 ip-10-0-108-54 rpm-ostree[1958]: Fetching ostree-unverified-registry:registry.build11.ci.openshift.org/ci-ln-vjb5l1t/stable@sha256:56380161baf19863b676fb94aacaae253df853c437df18d00e447f36c895b794
Jan 28 09:26:53.253121 ip-10-0-102-200 rpm-ostree[1958]: layers already present: 29; layers needed: 24 (577.1 MB)
Jan 28 09:26:53.716781 ip-10-0-108-54 rpm-ostree[1958]: layers already present: 29; layers needed: 24 (577.1 MB)
Jan 28 09:26:54.048756 ip-10-0-3-203 rpm-ostree[1935]: client(id:cli dbus:1.30 unit:libpod-d9da906ef952f3389f7cf5a7e667d76528d66c117aa16df0b21f996839de6015.scope uid:0) added; new total=1
Jan 28 09:26:54.053205 ip-10-0-3-203 rpm-ostree[1935]: Loaded sysroot
Jan 28 09:26:54.068861 ip-10-0-3-203 rpm-ostree[1935]: Locked sysroot
Jan 28 09:26:54.068937 ip-10-0-3-203 rpm-ostree[1935]: Initiated txn Cleanup for client(id:cli dbus:1.30 unit:libpod-d9da906ef952f3389f7cf5a7e667d76528d66c117aa16df0b21f996839de6015.scope uid:0): /org/projectatomic/rpmostree1/rhcos
Jan 28 09:26:54.071421 ip-10-0-3-203 rpm-ostree[1935]: Process [pid: 2132 uid: 0 unit: libpod-d9da906ef952f3389f7cf5a7e667d76528d66c117aa16df0b21f996839de6015.scope] connected to transaction progress
Jan 28 09:26:54.071848 ip-10-0-3-203 rpm-ostree[1935]: Txn Cleanup on /org/projectatomic/rpmostree1/rhcos successful
Jan 28 09:26:54.072059 ip-10-0-3-203 rpm-ostree[1935]: Unlocked sysroot
Jan 28 09:26:54.072474 ip-10-0-3-203 rpm-ostree[1935]: Process [pid: 2132 uid: 0 unit: libpod-d9da906ef952f3389f7cf5a7e667d76528d66c117aa16df0b21f996839de6015.scope] disconnected from transaction progress
Jan 28 09:26:54.073839 ip-10-0-3-203 rpm-ostree[1935]: client(id:cli dbus:1.30 unit:libpod-d9da906ef952f3389f7cf5a7e667d76528d66c117aa16df0b21f996839de6015.scope uid:0) vanished; remaining=0
Jan 28 09:26:54.073856 ip-10-0-3-203 rpm-ostree[1935]: In idle state; will auto-exit in 61 seconds
Jan 28 09:26:54.096920 ip-10-0-3-203 rpm-ostree[1935]: client(id:cli dbus:1.31 unit:libpod-d9da906ef952f3389f7cf5a7e667d76528d66c117aa16df0b21f996839de6015.scope uid:0) added; new total=1
Jan 28 09:26:54.100801 ip-10-0-3-203 rpm-ostree[1935]: client(id:cli dbus:1.31 unit:libpod-d9da906ef952f3389f7cf5a7e667d76528d66c117aa16df0b21f996839de6015.scope uid:0) vanished; remaining=0
Jan 28 09:26:54.100820 ip-10-0-3-203 rpm-ostree[1935]: In idle state; will auto-exit in 63 seconds
Jan 28 09:26:54.138807 ip-10-0-3-203 rpm-ostree[1935]: client(id:cli dbus:1.32 unit:libpod-d9da906ef952f3389f7cf5a7e667d76528d66c117aa16df0b21f996839de6015.scope uid:0) added; new total=1
Jan 28 09:26:54.143087 ip-10-0-3-203 rpm-ostree[1935]: Loaded sysroot
Jan 28 09:26:54.143180 ip-10-0-3-203 rpm-ostree[1935]: Locked sysroot
Jan 28 09:26:54.143231 ip-10-0-3-203 rpm-ostree[1935]: Initiated txn Rebase for client(id:cli dbus:1.32 unit:libpod-d9da906ef952f3389f7cf5a7e667d76528d66c117aa16df0b21f996839de6015.scope uid:0): /org/projectatomic/rpmostree1/rhcos
Jan 28 09:26:54.145645 ip-10-0-3-203 rpm-ostree[1935]: Process [pid: 2147 uid: 0 unit: libpod-d9da906ef952f3389f7cf5a7e667d76528d66c117aa16df0b21f996839de6015.scope] connected to transaction progress
Jan 28 09:26:54.388860 ip-10-0-3-203 rpm-ostree[1935]: Fetching ostree-unverified-registry:registry.build11.ci.openshift.org/ci-ln-vjb5l1t/stable@sha256:56380161baf19863b676fb94aacaae253df853c437df18d00e447f36c895b794
Jan 28 09:26:55.430358 ip-10-0-3-203 rpm-ostree[1935]: layers already present: 29; layers needed: 24 (577.1 MB)
Jan 28 09:27:30.758736 ip-10-0-108-54 rpm-ostree[1958]: Created deployment; subtasks: checkout=1.4s composefs=1.7s etc=542ms
Jan 28 09:27:30.860523 ip-10-0-108-54 rpm-ostree[1958]: Created new deployment /ostree/deploy/rhcos/deploy/713356fdba03231d44c351d800532bf3accabc2f66dc7a236a85590119243533.0
Jan 28 09:27:30.874186 ip-10-0-108-54 rpm-ostree[1958]: sanitycheck(/usr/bin/true) successful
Jan 28 09:27:31.836960 ip-10-0-102-200 rpm-ostree[1958]: Created deployment; subtasks: checkout=1.4s composefs=1.6s etc=543ms
Jan 28 09:27:31.941087 ip-10-0-102-200 rpm-ostree[1958]: Created new deployment /ostree/deploy/rhcos/deploy/47dcc8b05c40c4c6d49ae703ab694d7be7400062e4a67150bb0d883b0f28f2d9.0
Jan 28 09:27:31.954959 ip-10-0-102-200 rpm-ostree[1958]: sanitycheck(/usr/bin/true) successful
Jan 28 09:27:32.090708 ip-10-0-108-54 rpm-ostree[1958]: Txn Rebase on /org/projectatomic/rpmostree1/rhcos successful
Jan 28 09:27:32.092471 ip-10-0-108-54 rpm-ostree[1958]: Unlocked sysroot
Jan 28 09:27:32.092836 ip-10-0-108-54 rpm-ostree[1958]: Process [pid: 2168 uid: 0 unit: libpod-8e35425ff43f60d3f0819226a534033f9393bff8edca357e3dfad1ea68d55438.scope] disconnected from transaction progress
Jan 28 09:27:32.528162 ip-10-0-108-54 rpm-ostree[1958]: client(id:cli dbus:1.32 unit:libpod-8e35425ff43f60d3f0819226a534033f9393bff8edca357e3dfad1ea68d55438.scope uid:0) vanished; remaining=0
Jan 28 09:27:32.528183 ip-10-0-108-54 rpm-ostree[1958]: In idle state; will auto-exit in 61 seconds
Jan 28 09:27:32.555478 ip-10-0-108-54 rpm-ostree[1958]: client(id:cli dbus:1.33 unit:libpod-8e35425ff43f60d3f0819226a534033f9393bff8edca357e3dfad1ea68d55438.scope uid:0) added; new total=1
Jan 28 09:27:32.561125 ip-10-0-108-54 rpm-ostree[1958]: Loaded sysroot
Jan 28 09:27:32.561222 ip-10-0-108-54 rpm-ostree[1958]: Locked sysroot
Jan 28 09:27:32.561277 ip-10-0-108-54 rpm-ostree[1958]: Initiated txn KernelArgs for client(id:cli dbus:1.33 unit:libpod-8e35425ff43f60d3f0819226a534033f9393bff8edca357e3dfad1ea68d55438.scope uid:0): /org/projectatomic/rpmostree1/rhcos
Jan 28 09:27:32.563853 ip-10-0-108-54 rpm-ostree[1958]: Process [pid: 2225 uid: 0 unit: libpod-8e35425ff43f60d3f0819226a534033f9393bff8edca357e3dfad1ea68d55438.scope] connected to transaction progress
Jan 28 09:27:33.195043 ip-10-0-102-200 rpm-ostree[1958]: Txn Rebase on /org/projectatomic/rpmostree1/rhcos successful
Jan 28 09:27:33.196882 ip-10-0-102-200 rpm-ostree[1958]: Unlocked sysroot
Jan 28 09:27:33.197198 ip-10-0-102-200 rpm-ostree[1958]: Process [pid: 2173 uid: 0 unit: libpod-5131a62e6981fef4692585317937ccbde3fd0866db5ea2d8a16c75f196008adc.scope] disconnected from transaction progress
Jan 28 09:27:33.640232 ip-10-0-102-200 rpm-ostree[1958]: client(id:cli dbus:1.32 unit:libpod-5131a62e6981fef4692585317937ccbde3fd0866db5ea2d8a16c75f196008adc.scope uid:0) vanished; remaining=0
Jan 28 09:27:33.640253 ip-10-0-102-200 rpm-ostree[1958]: In idle state; will auto-exit in 63 seconds
Jan 28 09:27:33.668307 ip-10-0-102-200 rpm-ostree[1958]: client(id:cli dbus:1.33 unit:libpod-5131a62e6981fef4692585317937ccbde3fd0866db5ea2d8a16c75f196008adc.scope uid:0) added; new total=1
Jan 28 09:27:33.673813 ip-10-0-102-200 rpm-ostree[1958]: Loaded sysroot
Jan 28 09:27:33.673934 ip-10-0-102-200 rpm-ostree[1958]: Locked sysroot
Jan 28 09:27:33.674000 ip-10-0-102-200 rpm-ostree[1958]: Initiated txn KernelArgs for client(id:cli dbus:1.33 unit:libpod-5131a62e6981fef4692585317937ccbde3fd0866db5ea2d8a16c75f196008adc.scope uid:0): /org/projectatomic/rpmostree1/rhcos
Jan 28 09:27:33.676533 ip-10-0-102-200 rpm-ostree[1958]: Process [pid: 2230 uid: 0 unit: libpod-5131a62e6981fef4692585317937ccbde3fd0866db5ea2d8a16c75f196008adc.scope] connected to transaction progress
Jan 28 09:27:33.894787 ip-10-0-3-203 rpm-ostree[1935]: Created deployment; subtasks: checkout=1.3s composefs=1.6s etc=536ms
Jan 28 09:27:33.993414 ip-10-0-3-203 rpm-ostree[1935]: Created new deployment /ostree/deploy/rhcos/deploy/4bbb38e99ea66d65d10bab756af063bc26619d51768b9a103ffd5674aebde379.0
Jan 28 09:27:34.005774 ip-10-0-3-203 rpm-ostree[1935]: sanitycheck(/usr/bin/true) successful
Jan 28 09:27:35.203251 ip-10-0-3-203 rpm-ostree[1935]: Txn Rebase on /org/projectatomic/rpmostree1/rhcos successful
Jan 28 09:27:35.205217 ip-10-0-3-203 rpm-ostree[1935]: Unlocked sysroot
Jan 28 09:27:35.205706 ip-10-0-3-203 rpm-ostree[1935]: Process [pid: 2147 uid: 0 unit: libpod-d9da906ef952f3389f7cf5a7e667d76528d66c117aa16df0b21f996839de6015.scope] disconnected from transaction progress
Jan 28 09:27:35.617765 ip-10-0-3-203 rpm-ostree[1935]: client(id:cli dbus:1.32 unit:libpod-d9da906ef952f3389f7cf5a7e667d76528d66c117aa16df0b21f996839de6015.scope uid:0) vanished; remaining=0
Jan 28 09:27:35.617785 ip-10-0-3-203 rpm-ostree[1935]: In idle state; will auto-exit in 62 seconds
Jan 28 09:27:35.645295 ip-10-0-3-203 rpm-ostree[1935]: client(id:cli dbus:1.33 unit:libpod-d9da906ef952f3389f7cf5a7e667d76528d66c117aa16df0b21f996839de6015.scope uid:0) added; new total=1
Jan 28 09:27:35.650704 ip-10-0-3-203 rpm-ostree[1935]: Loaded sysroot
Jan 28 09:27:35.650827 ip-10-0-3-203 rpm-ostree[1935]: Locked sysroot
Jan 28 09:27:35.650914 ip-10-0-3-203 rpm-ostree[1935]: Initiated txn KernelArgs for client(id:cli dbus:1.33 unit:libpod-d9da906ef952f3389f7cf5a7e667d76528d66c117aa16df0b21f996839de6015.scope uid:0): /org/projectatomic/rpmostree1/rhcos
Jan 28 09:27:35.653528 ip-10-0-3-203 rpm-ostree[1935]: Process [pid: 2204 uid: 0 unit: libpod-d9da906ef952f3389f7cf5a7e667d76528d66c117aa16df0b21f996839de6015.scope] connected to transaction progress
Jan 28 09:27:36.252064 ip-10-0-108-54 rpm-ostree[1958]: Created deployment; subtasks: checkout=1.3s composefs=1.7s etc=554ms
Jan 28 09:27:36.793310 ip-10-0-108-54 rpm-ostree[1958]: Created new deployment /ostree/deploy/rhcos/deploy/713356fdba03231d44c351d800532bf3accabc2f66dc7a236a85590119243533.1
Jan 28 09:27:36.804544 ip-10-0-108-54 rpm-ostree[1958]: sanitycheck(/usr/bin/true) successful
Jan 28 09:27:37.313841 ip-10-0-102-200 rpm-ostree[1958]: Created deployment; subtasks: checkout=1.3s composefs=1.6s etc=558ms
Jan 28 09:27:37.515883 ip-10-0-108-54 rpm-ostree[1958]: Txn KernelArgs on /org/projectatomic/rpmostree1/rhcos successful
Jan 28 09:27:37.517568 ip-10-0-108-54 rpm-ostree[1958]: Unlocked sysroot
Jan 28 09:27:37.518148 ip-10-0-108-54 rpm-ostree[1958]: Process [pid: 2225 uid: 0 unit: libpod-8e35425ff43f60d3f0819226a534033f9393bff8edca357e3dfad1ea68d55438.scope] disconnected from transaction progress
Jan 28 09:27:37.734094 ip-10-0-108-54 rpm-ostree[1958]: client(id:cli dbus:1.33 unit:libpod-8e35425ff43f60d3f0819226a534033f9393bff8edca357e3dfad1ea68d55438.scope uid:0) vanished; remaining=0
Jan 28 09:27:37.734117 ip-10-0-108-54 rpm-ostree[1958]: In idle state; will auto-exit in 64 seconds
Jan 28 09:27:37.904351 ip-10-0-102-200 rpm-ostree[1958]: Created new deployment /ostree/deploy/rhcos/deploy/47dcc8b05c40c4c6d49ae703ab694d7be7400062e4a67150bb0d883b0f28f2d9.1
Jan 28 09:27:37.916214 ip-10-0-102-200 rpm-ostree[1958]: sanitycheck(/usr/bin/true) successful
Jan 28 09:27:38.036000 ip-10-0-108-54 systemd[1]: Stopping rpm-ostree System Management Daemon...
Jan 28 09:27:38.162337 ip-10-0-108-54 systemd[1]: rpm-ostreed.service: Deactivated successfully.
Jan 28 09:27:38.162499 ip-10-0-108-54 systemd[1]: Stopped rpm-ostree System Management Daemon.
Jan 28 09:27:38.163719 ip-10-0-108-54 systemd[1]: rpm-ostreed.service: Consumed 32.674s CPU time.
-- Boot a735682ef59e4062b9473692d39824c6 --
Jan 28 09:27:38.611805 ip-10-0-102-200 rpm-ostree[1958]: Txn KernelArgs on /org/projectatomic/rpmostree1/rhcos successful
Jan 28 09:27:38.613391 ip-10-0-102-200 rpm-ostree[1958]: Unlocked sysroot
Jan 28 09:27:38.613942 ip-10-0-102-200 rpm-ostree[1958]: Process [pid: 2230 uid: 0 unit: libpod-5131a62e6981fef4692585317937ccbde3fd0866db5ea2d8a16c75f196008adc.scope] disconnected from transaction progress
Jan 28 09:27:38.825990 ip-10-0-102-200 rpm-ostree[1958]: client(id:cli dbus:1.33 unit:libpod-5131a62e6981fef4692585317937ccbde3fd0866db5ea2d8a16c75f196008adc.scope uid:0) vanished; remaining=0
Jan 28 09:27:38.826012 ip-10-0-102-200 rpm-ostree[1958]: In idle state; will auto-exit in 61 seconds
Jan 28 09:27:39.113955 ip-10-0-102-200 systemd[1]: Stopping rpm-ostree System Management Daemon...
Jan 28 09:27:39.226196 ip-10-0-102-200 systemd[1]: rpm-ostreed.service: Deactivated successfully.
Jan 28 09:27:39.226385 ip-10-0-102-200 systemd[1]: Stopped rpm-ostree System Management Daemon.
Jan 28 09:27:39.227515 ip-10-0-102-200 systemd[1]: rpm-ostreed.service: Consumed 32.556s CPU time.
-- Boot f2b02df6be9e421da096701b76e838f3 --
Jan 28 09:27:39.274793 ip-10-0-3-203 rpm-ostree[1935]: Created deployment; subtasks: checkout=1.3s composefs=1.6s etc=546ms
Jan 28 09:27:39.867468 ip-10-0-3-203 rpm-ostree[1935]: Created new deployment /ostree/deploy/rhcos/deploy/4bbb38e99ea66d65d10bab756af063bc26619d51768b9a103ffd5674aebde379.1
Jan 28 09:27:39.878968 ip-10-0-3-203 rpm-ostree[1935]: sanitycheck(/usr/bin/true) successful
Jan 28 09:27:40.567205 ip-10-0-3-203 rpm-ostree[1935]: Txn KernelArgs on /org/projectatomic/rpmostree1/rhcos successful
Jan 28 09:27:40.568785 ip-10-0-3-203 rpm-ostree[1935]: Unlocked sysroot
Jan 28 09:27:40.569168 ip-10-0-3-203 rpm-ostree[1935]: Process [pid: 2204 uid: 0 unit: libpod-d9da906ef952f3389f7cf5a7e667d76528d66c117aa16df0b21f996839de6015.scope] disconnected from transaction progress
Jan 28 09:27:40.779361 ip-10-0-3-203 rpm-ostree[1935]: client(id:cli dbus:1.33 unit:libpod-d9da906ef952f3389f7cf5a7e667d76528d66c117aa16df0b21f996839de6015.scope uid:0) vanished; remaining=0
Jan 28 09:27:40.779382 ip-10-0-3-203 rpm-ostree[1935]: In idle state; will auto-exit in 60 seconds
Jan 28 09:27:41.070835 ip-10-0-3-203 systemd[1]: Stopping rpm-ostree System Management Daemon...
Jan 28 09:27:41.192042 ip-10-0-3-203 systemd[1]: rpm-ostreed.service: Deactivated successfully.
Jan 28 09:27:41.192195 ip-10-0-3-203 systemd[1]: Stopped rpm-ostree System Management Daemon.
Jan 28 09:27:41.193299 ip-10-0-3-203 systemd[1]: rpm-ostreed.service: Consumed 32.303s CPU time.
-- Boot 0b9a936366a04ba38d6bdf38e1cfd61a --
Jan 28 09:32:06.580404 ip-10-0-3-203 systemd[1]: Starting rpm-ostree System Management Daemon...
Jan 28 09:32:06.718558 ip-10-0-108-54 systemd[1]: Starting rpm-ostree System Management Daemon...
Jan 28 09:32:06.878220 ip-10-0-108-54 rpm-ostree[9413]: Reading config file '/etc/rpm-ostreed.conf'
Jan 28 09:32:06.897684 ip-10-0-108-54 rpm-ostree[9413]: In idle state; will auto-exit in 62 seconds
Jan 28 09:32:06.897815 ip-10-0-108-54 systemd[1]: Started rpm-ostree System Management Daemon.
Jan 28 09:32:06.902124 ip-10-0-108-54 rpm-ostree[9413]: client(id:cli dbus:1.308 unit:crio-59e0e0e5edad7c6380f90ead846c7edf74365aec374ed7071cc7e5137655a5aa.scope uid:0) added; new total=1
Jan 28 09:32:06.907966 ip-10-0-3-203 rpm-ostree[6356]: Reading config file '/etc/rpm-ostreed.conf'
Jan 28 09:32:06.910510 ip-10-0-108-54 rpm-ostree[9413]: client(id:cli dbus:1.308 unit:crio-59e0e0e5edad7c6380f90ead846c7edf74365aec374ed7071cc7e5137655a5aa.scope uid:0) vanished; remaining=0
Jan 28 09:32:06.910525 ip-10-0-108-54 rpm-ostree[9413]: In idle state; will auto-exit in 63 seconds
Jan 28 09:32:07.006176 ip-10-0-108-54 rpm-ostree[9413]: client(id:machine-config-operator dbus:1.309 unit:crio-59e0e0e5edad7c6380f90ead846c7edf74365aec374ed7071cc7e5137655a5aa.scope uid:0) added; new total=1
Jan 28 09:32:07.100744 ip-10-0-108-54 rpm-ostree[9413]: client(id:machine-config-operator dbus:1.309 unit:crio-59e0e0e5edad7c6380f90ead846c7edf74365aec374ed7071cc7e5137655a5aa.scope uid:0) vanished; remaining=0
Jan 28 09:32:07.104155 ip-10-0-108-54 rpm-ostree[9413]: In idle state; will auto-exit in 63 seconds
Jan 28 09:32:07.133586 ip-10-0-3-203 systemd[1]: Started rpm-ostree System Management Daemon.
Jan 28 09:32:07.135181 ip-10-0-3-203 rpm-ostree[6356]: In idle state; will auto-exit in 62 seconds
Jan 28 09:32:07.139416 ip-10-0-3-203 rpm-ostree[6356]: client(id:cli dbus:1.241 unit:crio-b57c412cae39008e735a09afb7dea4adcd711f7dce29ae138da566eacb173dad.scope uid:0) added; new total=1
Jan 28 09:32:07.156967 ip-10-0-3-203 rpm-ostree[6356]: client(id:cli dbus:1.241 unit:crio-b57c412cae39008e735a09afb7dea4adcd711f7dce29ae138da566eacb173dad.scope uid:0) vanished; remaining=0
Jan 28 09:32:07.157754 ip-10-0-3-203 rpm-ostree[6356]: In idle state; will auto-exit in 61 seconds
Jan 28 09:32:07.215479 ip-10-0-108-54 rpm-ostree[9413]: client(id:machine-config-operator dbus:1.310 unit:crio-59e0e0e5edad7c6380f90ead846c7edf74365aec374ed7071cc7e5137655a5aa.scope uid:0) added; new total=1
Jan 28 09:32:07.227008 ip-10-0-108-54 rpm-ostree[9413]: client(id:machine-config-operator dbus:1.310 unit:crio-59e0e0e5edad7c6380f90ead846c7edf74365aec374ed7071cc7e5137655a5aa.scope uid:0) vanished; remaining=0
Jan 28 09:32:07.227310 ip-10-0-108-54 rpm-ostree[9413]: In idle state; will auto-exit in 63 seconds
Jan 28 09:32:07.300428 ip-10-0-3-203 rpm-ostree[6356]: client(id:machine-config-operator dbus:1.242 unit:crio-b57c412cae39008e735a09afb7dea4adcd711f7dce29ae138da566eacb173dad.scope uid:0) added; new total=1
Jan 28 09:32:07.395318 ip-10-0-3-203 rpm-ostree[6356]: client(id:machine-config-operator dbus:1.242 unit:crio-b57c412cae39008e735a09afb7dea4adcd711f7dce29ae138da566eacb173dad.scope uid:0) vanished; remaining=0
Jan 28 09:32:07.395339 ip-10-0-3-203 rpm-ostree[6356]: In idle state; will auto-exit in 63 seconds
Jan 28 09:32:07.460078 ip-10-0-3-203 rpm-ostree[6356]: client(id:machine-config-operator dbus:1.243 unit:crio-b57c412cae39008e735a09afb7dea4adcd711f7dce29ae138da566eacb173dad.scope uid:0) added; new total=1
Jan 28 09:32:07.475689 ip-10-0-3-203 rpm-ostree[6356]: client(id:machine-config-operator dbus:1.243 unit:crio-b57c412cae39008e735a09afb7dea4adcd711f7dce29ae138da566eacb173dad.scope uid:0) vanished; remaining=0
Jan 28 09:32:07.475706 ip-10-0-3-203 rpm-ostree[6356]: In idle state; will auto-exit in 60 seconds
Jan 28 09:32:09.491986 ip-10-0-102-200 systemd[1]: Starting rpm-ostree System Management Daemon...
Jan 28 09:32:09.606419 ip-10-0-102-200 rpm-ostree[6798]: Reading config file '/etc/rpm-ostreed.conf'
Jan 28 09:32:09.623682 ip-10-0-102-200 rpm-ostree[6798]: In idle state; will auto-exit in 63 seconds
Jan 28 09:32:09.624328 ip-10-0-102-200 systemd[1]: Started rpm-ostree System Management Daemon.
Jan 28 09:32:09.628997 ip-10-0-102-200 rpm-ostree[6798]: client(id:cli dbus:1.252 unit:crio-f0a02d3fccf353ef6d6b43a034b71cde8259123eb97dd31232e9473cbae3652f.scope uid:0) added; new total=1
Jan 28 09:32:09.637251 ip-10-0-102-200 rpm-ostree[6798]: client(id:cli dbus:1.252 unit:crio-f0a02d3fccf353ef6d6b43a034b71cde8259123eb97dd31232e9473cbae3652f.scope uid:0) vanished; remaining=0
Jan 28 09:32:09.637541 ip-10-0-102-200 rpm-ostree[6798]: In idle state; will auto-exit in 63 seconds
Jan 28 09:32:09.697337 ip-10-0-102-200 rpm-ostree[6798]: client(id:machine-config-operator dbus:1.254 unit:crio-f0a02d3fccf353ef6d6b43a034b71cde8259123eb97dd31232e9473cbae3652f.scope uid:0) added; new total=1
Jan 28 09:32:09.763808 ip-10-0-102-200 rpm-ostree[6798]: client(id:machine-config-operator dbus:1.254 unit:crio-f0a02d3fccf353ef6d6b43a034b71cde8259123eb97dd31232e9473cbae3652f.scope uid:0) vanished; remaining=0
Jan 28 09:32:09.764136 ip-10-0-102-200 rpm-ostree[6798]: In idle state; will auto-exit in 64 seconds
Jan 28 09:32:09.814905 ip-10-0-102-200 rpm-ostree[6798]: client(id:machine-config-operator dbus:1.255 unit:crio-f0a02d3fccf353ef6d6b43a034b71cde8259123eb97dd31232e9473cbae3652f.scope uid:0) added; new total=1
Jan 28 09:32:09.823712 ip-10-0-102-200 rpm-ostree[6798]: client(id:machine-config-operator dbus:1.255 unit:crio-f0a02d3fccf353ef6d6b43a034b71cde8259123eb97dd31232e9473cbae3652f.scope uid:0) vanished; remaining=0
Jan 28 09:32:09.823726 ip-10-0-102-200 rpm-ostree[6798]: In idle state; will auto-exit in 64 seconds
Jan 28 09:32:34.568512 ip-10-0-3-203 rpm-ostree[6356]: client(id:machine-config-operator dbus:1.262 unit:crio-b57c412cae39008e735a09afb7dea4adcd711f7dce29ae138da566eacb173dad.scope uid:0) added; new total=1
Jan 28 09:32:34.602740 ip-10-0-3-203 rpm-ostree[6356]: Loaded sysroot
Jan 28 09:32:35.076669 ip-10-0-3-203 rpm-ostree[6356]: Locked sysroot
Jan 28 09:32:35.076791 ip-10-0-3-203 rpm-ostree[6356]: Initiated txn Cleanup for client(id:machine-config-operator dbus:1.262 unit:crio-b57c412cae39008e735a09afb7dea4adcd711f7dce29ae138da566eacb173dad.scope uid:0): /org/projectatomic/rpmostree1/rhcos
Jan 28 09:32:35.093299 ip-10-0-3-203 rpm-ostree[6356]: Process [pid: 7196 uid: 0 unit: crio-b57c412cae39008e735a09afb7dea4adcd711f7dce29ae138da566eacb173dad.scope] connected to transaction progress
Jan 28 09:32:35.154209 ip-10-0-3-203 rpm-ostree[6356]: bootfs is sufficient for calculated new size: 0 bytes
Jan 28 09:32:36.767962 ip-10-0-3-203 rpm-ostree[6356]: Starting syncfs() for system root
Jan 28 09:32:36.767974 ip-10-0-3-203 rpm-ostree[6356]: Completed syncfs() for system root in 0 ms
Jan 28 09:32:36.767980 ip-10-0-3-203 rpm-ostree[6356]: Starting freeze/thaw cycle for boot
Jan 28 09:32:37.027960 ip-10-0-3-203 rpm-ostree[6356]: Completed freeze/thaw cycle for boot in 260 ms
Jan 28 09:32:37.028024 ip-10-0-3-203 rpm-ostree[6356]: Starting freeze/thaw cycle for boot
Jan 28 09:32:37.256472 ip-10-0-3-203 rpm-ostree[6356]: Completed freeze/thaw cycle for boot in 228 ms
Jan 28 09:32:37.256559 ip-10-0-3-203 rpm-ostree[6356]: Bootloader updated; bootconfig swap: yes; bootversion: boot.1.1, deployment count change: -1
Jan 28 09:33:10.517488 ip-10-0-108-54 systemd[1]: rpm-ostreed.service: Deactivated successfully.
Jan 28 09:33:14.546861 ip-10-0-102-200 systemd[1]: rpm-ostreed.service: Deactivated successfully.
Jan 28 09:33:24.642216 ip-10-0-3-203 rpm-ostree[6356]: Txn Cleanup on /org/projectatomic/rpmostree1/rhcos successful
Jan 28 09:33:24.643371 ip-10-0-3-203 rpm-ostree[6356]: Unlocked sysroot
Jan 28 09:33:24.643744 ip-10-0-3-203 rpm-ostree[6356]: Process [pid: 7196 uid: 0 unit: crio-b57c412cae39008e735a09afb7dea4adcd711f7dce29ae138da566eacb173dad.scope] disconnected from transaction progress
Jan 28 09:33:24.645357 ip-10-0-3-203 rpm-ostree[6356]: client(id:machine-config-operator dbus:1.262 unit:crio-b57c412cae39008e735a09afb7dea4adcd711f7dce29ae138da566eacb173dad.scope uid:0) vanished; remaining=0
Jan 28 09:33:24.645378 ip-10-0-3-203 rpm-ostree[6356]: In idle state; will auto-exit in 62 seconds
Jan 28 09:33:24.675410 ip-10-0-3-203 rpm-ostree[6356]: client(id:machine-config-operator dbus:1.281 unit:crio-b57c412cae39008e735a09afb7dea4adcd711f7dce29ae138da566eacb173dad.scope uid:0) added; new total=1
Jan 28 09:33:24.681139 ip-10-0-3-203 rpm-ostree[6356]: client(id:machine-config-operator dbus:1.281 unit:crio-b57c412cae39008e735a09afb7dea4adcd711f7dce29ae138da566eacb173dad.scope uid:0) vanished; remaining=0
Jan 28 09:33:24.681157 ip-10-0-3-203 rpm-ostree[6356]: In idle state; will auto-exit in 63 seconds
Jan 28 09:33:26.055548 ip-10-0-108-54 systemd[1]: Starting rpm-ostree System Management Daemon...
Jan 28 09:33:26.182718 ip-10-0-108-54 rpm-ostree[10648]: Reading config file '/etc/rpm-ostreed.conf'
Jan 28 09:33:26.187966 ip-10-0-108-54 rpm-ostree[10648]: In idle state; will auto-exit in 62 seconds
Jan 28 09:33:26.188460 ip-10-0-108-54 systemd[1]: Started rpm-ostree System Management Daemon.
Jan 28 09:33:26.192668 ip-10-0-108-54 rpm-ostree[10648]: client(id:machine-config-operator dbus:1.354 unit:crio-59e0e0e5edad7c6380f90ead846c7edf74365aec374ed7071cc7e5137655a5aa.scope uid:0) added; new total=1
Jan 28 09:33:26.199866 ip-10-0-108-54 rpm-ostree[10648]: Loaded sysroot
Jan 28 09:33:26.222218 ip-10-0-108-54 rpm-ostree[10648]: Locked sysroot
Jan 28 09:33:26.222322 ip-10-0-108-54 rpm-ostree[10648]: Initiated txn Cleanup for client(id:machine-config-operator dbus:1.354 unit:crio-59e0e0e5edad7c6380f90ead846c7edf74365aec374ed7071cc7e5137655a5aa.scope uid:0): /org/projectatomic/rpmostree1/rhcos
Jan 28 09:33:26.226364 ip-10-0-108-54 rpm-ostree[10648]: Process [pid: 10644 uid: 0 unit: crio-59e0e0e5edad7c6380f90ead846c7edf74365aec374ed7071cc7e5137655a5aa.scope] connected to transaction progress
Jan 28 09:33:26.227927 ip-10-0-108-54 rpm-ostree[10648]: bootfs is sufficient for calculated new size: 0 bytes
Jan 28 09:33:26.453460 ip-10-0-108-54 rpm-ostree[10648]: Starting syncfs() for system root
Jan 28 09:33:26.453474 ip-10-0-108-54 rpm-ostree[10648]: Completed syncfs() for system root in 0 ms
Jan 28 09:33:26.453480 ip-10-0-108-54 rpm-ostree[10648]: Starting freeze/thaw cycle for boot
Jan 28 09:33:26.471362 ip-10-0-108-54 rpm-ostree[10648]: Completed freeze/thaw cycle for boot in 18 ms
Jan 28 09:33:26.471451 ip-10-0-108-54 rpm-ostree[10648]: Starting freeze/thaw cycle for boot
Jan 28 09:33:26.476601 ip-10-0-108-54 rpm-ostree[10648]: Completed freeze/thaw cycle for boot in 5 ms
Jan 28 09:33:26.476934 ip-10-0-108-54 rpm-ostree[10648]: Bootloader updated; bootconfig swap: yes; bootversion: boot.1.1, deployment count change: -1
Jan 28 09:33:28.846663 ip-10-0-102-200 systemd[1]: Starting rpm-ostree System Management Daemon...
Jan 28 09:33:28.917051 ip-10-0-102-200 rpm-ostree[8008]: Reading config file '/etc/rpm-ostreed.conf'
Jan 28 09:33:28.921857 ip-10-0-102-200 rpm-ostree[8008]: In idle state; will auto-exit in 63 seconds
Jan 28 09:33:28.922263 ip-10-0-102-200 systemd[1]: Started rpm-ostree System Management Daemon.
Jan 28 09:33:28.925206 ip-10-0-102-200 rpm-ostree[8008]: client(id:machine-config-operator dbus:1.295 unit:crio-f0a02d3fccf353ef6d6b43a034b71cde8259123eb97dd31232e9473cbae3652f.scope uid:0) added; new total=1
Jan 28 09:33:28.930651 ip-10-0-102-200 rpm-ostree[8008]: Loaded sysroot
Jan 28 09:33:28.945560 ip-10-0-102-200 rpm-ostree[8008]: Locked sysroot
Jan 28 09:33:28.945699 ip-10-0-102-200 rpm-ostree[8008]: Initiated txn Cleanup for client(id:machine-config-operator dbus:1.295 unit:crio-f0a02d3fccf353ef6d6b43a034b71cde8259123eb97dd31232e9473cbae3652f.scope uid:0): /org/projectatomic/rpmostree1/rhcos
Jan 28 09:33:28.948714 ip-10-0-102-200 rpm-ostree[8008]: Process [pid: 8004 uid: 0 unit: crio-f0a02d3fccf353ef6d6b43a034b71cde8259123eb97dd31232e9473cbae3652f.scope] connected to transaction progress
Jan 28 09:33:28.950671 ip-10-0-102-200 rpm-ostree[8008]: bootfs is sufficient for calculated new size: 0 bytes
Jan 28 09:33:29.145721 ip-10-0-102-200 rpm-ostree[8008]: Starting syncfs() for system root
Jan 28 09:33:29.145736 ip-10-0-102-200 rpm-ostree[8008]: Completed syncfs() for system root in 0 ms
Jan 28 09:33:29.145741 ip-10-0-102-200 rpm-ostree[8008]: Starting freeze/thaw cycle for boot
Jan 28 09:33:29.173564 ip-10-0-102-200 rpm-ostree[8008]: Completed freeze/thaw cycle for boot in 28 ms
Jan 28 09:33:29.173679 ip-10-0-102-200 rpm-ostree[8008]: Starting freeze/thaw cycle for boot
Jan 28 09:33:29.182496 ip-10-0-102-200 rpm-ostree[8008]: Completed freeze/thaw cycle for boot in 9 ms
Jan 28 09:33:29.182566 ip-10-0-102-200 rpm-ostree[8008]: Bootloader updated; bootconfig swap: yes; bootversion: boot.1.1, deployment count change: -1
Jan 28 09:33:31.128741 ip-10-0-108-54 rpm-ostree[10648]: Txn Cleanup on /org/projectatomic/rpmostree1/rhcos successful
Jan 28 09:33:31.130188 ip-10-0-108-54 rpm-ostree[10648]: Unlocked sysroot
Jan 28 09:33:31.130467 ip-10-0-108-54 rpm-ostree[10648]: Process [pid: 10644 uid: 0 unit: crio-59e0e0e5edad7c6380f90ead846c7edf74365aec374ed7071cc7e5137655a5aa.scope] disconnected from transaction progress
Jan 28 09:33:31.132432 ip-10-0-108-54 rpm-ostree[10648]: client(id:machine-config-operator dbus:1.354 unit:crio-59e0e0e5edad7c6380f90ead846c7edf74365aec374ed7071cc7e5137655a5aa.scope uid:0) vanished; remaining=0
Jan 28 09:33:31.132458 ip-10-0-108-54 rpm-ostree[10648]: In idle state; will auto-exit in 62 seconds
Jan 28 09:33:31.167589 ip-10-0-108-54 rpm-ostree[10648]: client(id:machine-config-operator dbus:1.356 unit:crio-59e0e0e5edad7c6380f90ead846c7edf74365aec374ed7071cc7e5137655a5aa.scope uid:0) added; new total=1
Jan 28 09:33:31.173126 ip-10-0-108-54 rpm-ostree[10648]: client(id:machine-config-operator dbus:1.356 unit:crio-59e0e0e5edad7c6380f90ead846c7edf74365aec374ed7071cc7e5137655a5aa.scope uid:0) vanished; remaining=0
Jan 28 09:33:31.173152 ip-10-0-108-54 rpm-ostree[10648]: In idle state; will auto-exit in 62 seconds
Jan 28 09:33:33.387648 ip-10-0-102-200 rpm-ostree[8008]: Txn Cleanup on /org/projectatomic/rpmostree1/rhcos successful
Jan 28 09:33:33.388795 ip-10-0-102-200 rpm-ostree[8008]: Unlocked sysroot
Jan 28 09:33:33.389202 ip-10-0-102-200 rpm-ostree[8008]: Process [pid: 8004 uid: 0 unit: crio-f0a02d3fccf353ef6d6b43a034b71cde8259123eb97dd31232e9473cbae3652f.scope] disconnected from transaction progress
Jan 28 09:33:33.390858 ip-10-0-102-200 rpm-ostree[8008]: client(id:machine-config-operator dbus:1.295 unit:crio-f0a02d3fccf353ef6d6b43a034b71cde8259123eb97dd31232e9473cbae3652f.scope uid:0) vanished; remaining=0
Jan 28 09:33:33.390876 ip-10-0-102-200 rpm-ostree[8008]: In idle state; will auto-exit in 61 seconds
Jan 28 09:33:33.419555 ip-10-0-102-200 rpm-ostree[8008]: client(id:machine-config-operator dbus:1.296 unit:crio-f0a02d3fccf353ef6d6b43a034b71cde8259123eb97dd31232e9473cbae3652f.scope uid:0) added; new total=1
Jan 28 09:33:33.424462 ip-10-0-102-200 rpm-ostree[8008]: client(id:machine-config-operator dbus:1.296 unit:crio-f0a02d3fccf353ef6d6b43a034b71cde8259123eb97dd31232e9473cbae3652f.scope uid:0) vanished; remaining=0
Jan 28 09:33:33.424481 ip-10-0-102-200 rpm-ostree[8008]: In idle state; will auto-exit in 60 seconds
Jan 28 09:34:27.496352 ip-10-0-3-203 systemd[1]: rpm-ostreed.service: Deactivated successfully.
Jan 28 09:34:27.496766 ip-10-0-3-203 systemd[1]: rpm-ostreed.service: Consumed 2.230s CPU time.
Jan 28 09:34:33.524646 ip-10-0-108-54 systemd[1]: rpm-ostreed.service: Deactivated successfully.
Jan 28 09:34:33.524986 ip-10-0-108-54 systemd[1]: rpm-ostreed.service: Consumed 2.132s CPU time.
Jan 28 09:34:33.570860 ip-10-0-102-200 rpm-ostree[8008]: In idle state; will auto-exit in 60 seconds
Jan 28 09:34:33.585619 ip-10-0-102-200 systemd[1]: rpm-ostreed.service: Deactivated successfully.
Jan 28 09:34:33.585870 ip-10-0-102-200 systemd[1]: rpm-ostreed.service: Consumed 1.923s CPU time.
Jan 28 09:41:57.433616 ip-10-0-102-200 systemd[1]: Starting rpm-ostree System Management Daemon...
Jan 28 09:41:57.516412 ip-10-0-102-200 rpm-ostree[14850]: Reading config file '/etc/rpm-ostreed.conf'
Jan 28 09:41:57.521282 ip-10-0-102-200 rpm-ostree[14850]: In idle state; will auto-exit in 64 seconds
Jan 28 09:41:57.521670 ip-10-0-102-200 systemd[1]: Started rpm-ostree System Management Daemon.
Jan 28 09:41:57.526031 ip-10-0-102-200 rpm-ostree[14850]: client(id:cli dbus:1.392 unit:session-3.scope uid:0) added; new total=1
Jan 28 09:41:57.577749 ip-10-0-102-200 rpm-ostree[14850]: client(id:cli dbus:1.392 unit:session-3.scope uid:0) vanished; remaining=0
Jan 28 09:41:57.577774 ip-10-0-102-200 rpm-ostree[14850]: In idle state; will auto-exit in 62 seconds
Jan 28 09:42:09.230474 ip-10-0-3-203 systemd[1]: Starting rpm-ostree System Management Daemon...
Jan 28 09:42:09.334931 ip-10-0-3-203 rpm-ostree[19954]: Reading config file '/etc/rpm-ostreed.conf'
Jan 28 09:42:09.345328 ip-10-0-3-203 rpm-ostree[19954]: In idle state; will auto-exit in 63 seconds
Jan 28 09:42:09.345418 ip-10-0-3-203 systemd[1]: Started rpm-ostree System Management Daemon.
Jan 28 09:42:09.349711 ip-10-0-3-203 rpm-ostree[19954]: client(id:cli dbus:1.357 unit:session-3.scope uid:0) added; new total=1
Jan 28 09:42:09.403386 ip-10-0-3-203 rpm-ostree[19954]: client(id:cli dbus:1.357 unit:session-3.scope uid:0) vanished; remaining=0
Jan 28 09:42:09.403411 ip-10-0-3-203 rpm-ostree[19954]: In idle state; will auto-exit in 62 seconds
Jan 28 09:42:26.628667 ip-10-0-108-54 systemd[1]: Starting rpm-ostree System Management Daemon...
Jan 28 09:42:26.766903 ip-10-0-108-54 rpm-ostree[20010]: Reading config file '/etc/rpm-ostreed.conf'
Jan 28 09:42:26.772204 ip-10-0-108-54 rpm-ostree[20010]: In idle state; will auto-exit in 62 seconds
Jan 28 09:42:26.772603 ip-10-0-108-54 systemd[1]: Started rpm-ostree System Management Daemon.
Jan 28 09:42:26.777325 ip-10-0-108-54 rpm-ostree[20010]: client(id:cli dbus:1.553 unit:session-3.scope uid:0) added; new total=1
Jan 28 09:42:26.837899 ip-10-0-108-54 rpm-ostree[20010]: client(id:cli dbus:1.553 unit:session-3.scope uid:0) vanished; remaining=0
Jan 28 09:42:26.837925 ip-10-0-108-54 rpm-ostree[20010]: In idle state; will auto-exit in 60 seconds
Jan 28 09:42:59.533873 ip-10-0-102-200 systemd[1]: rpm-ostreed.service: Deactivated successfully.
Jan 28 09:43:11.496136 ip-10-0-3-203 systemd[1]: rpm-ostreed.service: Deactivated successfully.
Jan 28 09:43:27.544163 ip-10-0-108-54 rpm-ostree[20010]: In idle state; will auto-exit in 61 seconds
Jan 28 09:43:27.549651 ip-10-0-108-54 systemd[1]: rpm-ostreed.service: Deactivated successfully.
