2026-01-28T09:36:36.106455452Z + [[ -f /env/_master ]]
2026-01-28T09:36:36.106455452Z + . /ovnkube-lib/ovnkube-lib.sh
2026-01-28T09:36:36.106544464Z ++ set -x
2026-01-28T09:36:36.106544464Z ++ K8S_NODE=ip-10-0-78-215.us-west-1.compute.internal
2026-01-28T09:36:36.106544464Z ++ [[ -n ip-10-0-78-215.us-west-1.compute.internal ]]
2026-01-28T09:36:36.106544464Z ++ [[ -f /env/ip-10-0-78-215.us-west-1.compute.internal ]]
2026-01-28T09:36:36.106544464Z ++ northd_pidfile=/var/run/ovn/ovn-northd.pid
2026-01-28T09:36:36.106557834Z ++ controller_pidfile=/var/run/ovn/ovn-controller.pid
2026-01-28T09:36:36.106567945Z ++ controller_logfile=/var/log/ovn/acl-audit-log.log
2026-01-28T09:36:36.106567945Z ++ vswitch_dbsock=/var/run/openvswitch/db.sock
2026-01-28T09:36:36.106578185Z ++ nbdb_pidfile=/var/run/ovn/ovnnb_db.pid
2026-01-28T09:36:36.106578185Z ++ nbdb_sock=/var/run/ovn/ovnnb_db.sock
2026-01-28T09:36:36.106588395Z ++ nbdb_ctl=/var/run/ovn/ovnnb_db.ctl
2026-01-28T09:36:36.106598155Z ++ sbdb_pidfile=/var/run/ovn/ovnsb_db.pid
2026-01-28T09:36:36.106598155Z ++ sbdb_sock=/var/run/ovn/ovnsb_db.sock
2026-01-28T09:36:36.106608145Z ++ sbdb_ctl=/var/run/ovn/ovnsb_db.ctl
2026-01-28T09:36:36.107517754Z + trap quit-nbdb TERM INT
2026-01-28T09:36:36.107536694Z + start-nbdb info
2026-01-28T09:36:36.107536694Z + local log_level=info
2026-01-28T09:36:36.107547034Z + [[ 1 -ne 1 ]]
2026-01-28T09:36:36.107735988Z + wait 3079
2026-01-28T09:36:36.107817020Z + exec /usr/share/ovn/scripts/ovn-ctl --no-monitor --db-nb-sock=/var/run/ovn/ovnnb_db.sock '--ovn-nb-log=-vconsole:info -vfile:off -vPATTERN:console:%D{%Y-%m-%dT%H:%M:%S.###Z}|%05N|%c%T|%p|%m' run_nb_ovsdb
2026-01-28T09:36:36.332638871Z /etc/ovn/ovnnb_db.db does not exist ... (warning).
2026-01-28T09:36:36.503637494Z Creating empty database /etc/ovn/ovnnb_db.db.
2026-01-28T09:36:36.576614918Z 2026-01-28T09:36:36.576Z|00001|vlog|INFO|opened log file /var/log/ovn/ovsdb-server-nb.log
2026-01-28T09:36:36.590983998Z 2026-01-28T09:36:36.590Z|00002|ovsdb_server|INFO|ovsdb-server (Open vSwitch) 3.5.2-51.el9fdp
2026-01-28T09:36:46.582869228Z 2026-01-28T09:36:46.582Z|00003|memory|INFO|12544 kB peak resident set size after 10.0 seconds
2026-01-28T09:36:46.582956400Z 2026-01-28T09:36:46.582Z|00004|memory|INFO|atoms:8508 cells:4869 json-caches:2 monitors:4 n-weak-refs:87 sessions:2
