2026-01-28T09:30:01.501295498Z + [[ -f /env/_master ]]
2026-01-28T09:30:01.501408511Z + . /ovnkube-lib/ovnkube-lib.sh
2026-01-28T09:30:01.501472582Z ++ set -x
2026-01-28T09:30:01.501485933Z ++ K8S_NODE=
2026-01-28T09:30:01.501519683Z ++ [[ -n '' ]]
2026-01-28T09:30:01.501519683Z ++ northd_pidfile=/var/run/ovn/ovn-northd.pid
2026-01-28T09:30:01.501531643Z ++ controller_pidfile=/var/run/ovn/ovn-controller.pid
2026-01-28T09:30:01.501531643Z ++ controller_logfile=/var/log/ovn/acl-audit-log.log
2026-01-28T09:30:01.501541904Z ++ vswitch_dbsock=/var/run/openvswitch/db.sock
2026-01-28T09:30:01.501551824Z ++ nbdb_pidfile=/var/run/ovn/ovnnb_db.pid
2026-01-28T09:30:01.501551824Z ++ nbdb_sock=/var/run/ovn/ovnnb_db.sock
2026-01-28T09:30:01.501561934Z ++ nbdb_ctl=/var/run/ovn/ovnnb_db.ctl
2026-01-28T09:30:01.501561934Z ++ sbdb_pidfile=/var/run/ovn/ovnsb_db.pid
2026-01-28T09:30:01.501571674Z ++ sbdb_sock=/var/run/ovn/ovnsb_db.sock
2026-01-28T09:30:01.501581264Z ++ sbdb_ctl=/var/run/ovn/ovnsb_db.ctl
2026-01-28T09:30:01.502477923Z + trap quit-sbdb TERM INT
2026-01-28T09:30:01.502496254Z + start-sbdb info
2026-01-28T09:30:01.502496254Z + local log_level=info
2026-01-28T09:30:01.502506664Z + [[ 1 -ne 1 ]]
2026-01-28T09:30:01.502688768Z + wait 3639
2026-01-28T09:30:01.502751480Z + exec /usr/share/ovn/scripts/ovn-ctl --no-monitor --db-sb-sock=/var/run/ovn/ovnsb_db.sock '--ovn-sb-log=-vconsole:info -vfile:off -vPATTERN:console:%D{%Y-%m-%dT%H:%M:%S.###Z}|%05N|%c%T|%p|%m' run_sb_ovsdb
2026-01-28T09:30:01.572738676Z 2026-01-28T09:30:01.572Z|00001|vlog|INFO|opened log file /var/log/ovn/ovsdb-server-sb.log
2026-01-28T09:30:01.576131659Z 2026-01-28T09:30:01.576Z|00002|ovsdb_server|INFO|ovsdb-server (Open vSwitch) 3.5.2-51.el9fdp
2026-01-28T09:30:11.579035404Z 2026-01-28T09:30:11.578Z|00003|memory|INFO|14524 kB peak resident set size after 10.0 seconds
2026-01-28T09:30:11.579129416Z 2026-01-28T09:30:11.579Z|00004|memory|INFO|atoms:12222 cells:11790 json-caches:2 monitors:5 n-weak-refs:82 sessions:3
