2026-01-28T09:29:56.662291766Z ++ K8S_NODE=ip-10-0-102-200.us-west-1.compute.internal
2026-01-28T09:29:56.662291766Z ++ [[ -n ip-10-0-102-200.us-west-1.compute.internal ]]
2026-01-28T09:29:56.662291766Z ++ [[ -f /env/ip-10-0-102-200.us-west-1.compute.internal ]]
2026-01-28T09:29:56.662364798Z ++ northd_pidfile=/var/run/ovn/ovn-northd.pid
2026-01-28T09:29:56.662364798Z ++ controller_pidfile=/var/run/ovn/ovn-controller.pid
2026-01-28T09:29:56.662364798Z ++ controller_logfile=/var/log/ovn/acl-audit-log.log
2026-01-28T09:29:56.662364798Z ++ vswitch_dbsock=/var/run/openvswitch/db.sock
2026-01-28T09:29:56.662364798Z ++ nbdb_pidfile=/var/run/ovn/ovnnb_db.pid
2026-01-28T09:29:56.662364798Z ++ nbdb_sock=/var/run/ovn/ovnnb_db.sock
2026-01-28T09:29:56.662364798Z ++ nbdb_ctl=/var/run/ovn/ovnnb_db.ctl
2026-01-28T09:29:56.662364798Z ++ sbdb_pidfile=/var/run/ovn/ovnsb_db.pid
2026-01-28T09:29:56.662364798Z ++ sbdb_sock=/var/run/ovn/ovnsb_db.sock
2026-01-28T09:29:56.662364798Z ++ sbdb_ctl=/var/run/ovn/ovnsb_db.ctl
2026-01-28T09:29:56.663343470Z + start-ovn-controller info
2026-01-28T09:29:56.663343470Z + local log_level=info
2026-01-28T09:29:56.663343470Z + [[ 1 -ne 1 ]]
2026-01-28T09:29:56.663623106Z ++ date -Iseconds
2026-01-28T09:29:56.665307245Z + echo '2026-01-28T09:29:56+00:00 - starting ovn-controller'
2026-01-28T09:29:56.665323665Z 2026-01-28T09:29:56+00:00 - starting ovn-controller
2026-01-28T09:29:56.665359596Z + exec ovn-controller unix:/var/run/openvswitch/db.sock -vfile:off --no-chdir --pidfile=/var/run/ovn/ovn-controller.pid --syslog-method=null --log-file=/var/log/ovn/acl-audit-log.log -vFACILITY:local0 -vconsole:info -vconsole:acl_log:off '-vPATTERN:console:%D{%Y-%m-%dT%H:%M:%S.###Z}|%05N|%c%T|%p|%m' -vsyslog:acl_log:info -vfile:acl_log:info
2026-01-28T09:29:56.668389565Z 2026-01-28T09:29:56Z|00001|vlog|INFO|opened log file /var/log/ovn/acl-audit-log.log
2026-01-28T09:29:56.669430158Z 2026-01-28T09:29:56.669Z|00002|reconnect|INFO|unix:/var/run/openvswitch/db.sock: connecting...
2026-01-28T09:29:56.669447829Z 2026-01-28T09:29:56.669Z|00003|reconnect|INFO|unix:/var/run/openvswitch/db.sock: connected
2026-01-28T09:29:56.671494535Z 2026-01-28T09:29:56.671Z|00004|main|INFO|OVN internal version is : [25.03.2-20.41.0-78.8]
2026-01-28T09:29:56.671494535Z 2026-01-28T09:29:56.671Z|00005|main|INFO|OVS IDL reconnected, force recompute.
2026-01-28T09:29:56.671537996Z 2026-01-28T09:29:56.671Z|00006|reconnect|INFO|unix:/var/run/ovn/ovnsb_db.sock: connecting...
2026-01-28T09:29:56.671537996Z 2026-01-28T09:29:56.671Z|00007|reconnect|INFO|unix:/var/run/ovn/ovnsb_db.sock: connection attempt failed (No such file or directory)
2026-01-28T09:29:56.671550106Z 2026-01-28T09:29:56.671Z|00008|main|INFO|OVNSB IDL reconnected, force recompute.
2026-01-28T09:29:56.671550106Z 2026-01-28T09:29:56.671Z|00009|ovn_util|INFO|statctrl: connecting to switch: "unix:/var/run/openvswitch/br-int.mgmt"
2026-01-28T09:29:56.671550106Z 2026-01-28T09:29:56.671Z|00010|rconn|INFO|unix:/var/run/openvswitch/br-int.mgmt: connecting...
2026-01-28T09:29:56.671608048Z 2026-01-28T09:29:56.671Z|00011|ovn_util|INFO|pinctrl: connecting to switch: "unix:/var/run/openvswitch/br-int.mgmt"
2026-01-28T09:29:56.671608048Z 2026-01-28T09:29:56.671Z|00012|rconn|INFO|unix:/var/run/openvswitch/br-int.mgmt: connecting...
2026-01-28T09:29:56.671802722Z 2026-01-28T09:29:56.671Z|00001|rconn(ovn_statctrl3)|INFO|unix:/var/run/openvswitch/br-int.mgmt: connected
2026-01-28T09:29:56.671898524Z 2026-01-28T09:29:56.671Z|00001|rconn(ovn_pinctrl0)|INFO|unix:/var/run/openvswitch/br-int.mgmt: connected
2026-01-28T09:29:57.672237005Z 2026-01-28T09:29:57.672Z|00013|reconnect|INFO|unix:/var/run/ovn/ovnsb_db.sock: connecting...
2026-01-28T09:29:57.672237005Z 2026-01-28T09:29:57.672Z|00014|reconnect|INFO|unix:/var/run/ovn/ovnsb_db.sock: connection attempt failed (No such file or directory)
2026-01-28T09:29:57.672237005Z 2026-01-28T09:29:57.672Z|00015|reconnect|INFO|unix:/var/run/ovn/ovnsb_db.sock: waiting 2 seconds before reconnect
2026-01-28T09:29:59.674238650Z 2026-01-28T09:29:59.674Z|00016|reconnect|INFO|unix:/var/run/ovn/ovnsb_db.sock: connecting...
2026-01-28T09:29:59.674238650Z 2026-01-28T09:29:59.674Z|00017|reconnect|INFO|unix:/var/run/ovn/ovnsb_db.sock: connection attempt failed (No such file or directory)
2026-01-28T09:29:59.674238650Z 2026-01-28T09:29:59.674Z|00018|reconnect|INFO|unix:/var/run/ovn/ovnsb_db.sock: waiting 4 seconds before reconnect
2026-01-28T09:30:03.675049473Z 2026-01-28T09:30:03.674Z|00019|reconnect|INFO|unix:/var/run/ovn/ovnsb_db.sock: connecting...
2026-01-28T09:30:03.675077984Z 2026-01-28T09:30:03.675Z|00020|reconnect|INFO|unix:/var/run/ovn/ovnsb_db.sock: connected
2026-01-28T09:30:03.687597928Z 2026-01-28T09:30:03.687Z|00021|ovn_util|INFO|features: connecting to switch: "unix:/var/run/openvswitch/br-int.mgmt"
2026-01-28T09:30:03.687597928Z 2026-01-28T09:30:03.687Z|00022|rconn|INFO|unix:/var/run/openvswitch/br-int.mgmt: connecting...
2026-01-28T09:30:03.688014818Z 2026-01-28T09:30:03.687Z|00023|rconn|INFO|unix:/var/run/openvswitch/br-int.mgmt: connected
2026-01-28T09:30:03.688067079Z 2026-01-28T09:30:03.688Z|00024|features|INFO|OVS Feature: ct_zero_snat, state: supported
2026-01-28T09:30:03.688067079Z 2026-01-28T09:30:03.688Z|00025|features|INFO|OVS Feature: ct_flush, state: supported
2026-01-28T09:30:03.688067079Z 2026-01-28T09:30:03.688Z|00026|features|INFO|OVS Feature: dp_hash_l4_sym_support, state: supported
2026-01-28T09:30:03.688117570Z 2026-01-28T09:30:03.688Z|00027|reconnect|INFO|unix:/var/run/openvswitch/db.sock: connecting...
2026-01-28T09:30:03.688117570Z 2026-01-28T09:30:03.688Z|00028|main|INFO|OVS feature set changed, force recompute.
2026-01-28T09:30:03.688137290Z 2026-01-28T09:30:03.688Z|00029|ovn_util|INFO|ofctrl: connecting to switch: "unix:/var/run/openvswitch/br-int.mgmt"
2026-01-28T09:30:03.688137290Z 2026-01-28T09:30:03.688Z|00030|rconn|INFO|unix:/var/run/openvswitch/br-int.mgmt: connecting...
2026-01-28T09:30:03.689127983Z 2026-01-28T09:30:03.688Z|00031|features|INFO|OVS Feature: meter_support, state: supported
2026-01-28T09:30:03.689127983Z 2026-01-28T09:30:03.688Z|00032|features|INFO|OVS Feature: group_support, state: supported
2026-01-28T09:30:03.689127983Z 2026-01-28T09:30:03.688Z|00033|features|INFO|OVS Feature: sample_action_with_registers, state: supported
2026-01-28T09:30:03.689127983Z 2026-01-28T09:30:03.688Z|00034|reconnect|INFO|unix:/var/run/openvswitch/db.sock: connected
2026-01-28T09:30:03.689438150Z 2026-01-28T09:30:03.689Z|00035|features|INFO|OVS DB schema supports 4 flow table prefixes, our IDL supports: 4
2026-01-28T09:30:03.689584403Z 2026-01-28T09:30:03.689Z|00036|main|INFO|OVS feature set changed, force recompute.
2026-01-28T09:30:03.695430096Z 2026-01-28T09:30:03.695Z|00037|features|INFO|OVS Feature: ct_label_flush, state: supported
2026-01-28T09:30:03.695450366Z 2026-01-28T09:30:03.695Z|00038|main|INFO|OVS feature set changed, force recompute.
2026-01-28T09:30:03.695597990Z 2026-01-28T09:30:03.695Z|00039|rconn|INFO|unix:/var/run/openvswitch/br-int.mgmt: connected
2026-01-28T09:30:03.695613000Z 2026-01-28T09:30:03.695Z|00040|main|INFO|OVS OpenFlow connection reconnected,force recompute.
2026-01-28T09:30:05.646129724Z 2026-01-28T09:30:05.646Z|00041|binding|INFO|Claiming lport k8s-ip-10-0-102-200.us-west-1.compute.internal for this chassis.
2026-01-28T09:30:05.646129724Z 2026-01-28T09:30:05.646Z|00042|binding|INFO|k8s-ip-10-0-102-200.us-west-1.compute.internal: Claiming 0a:58:0a:81:00:02 10.129.0.2
2026-01-28T09:30:05.655681297Z 2026-01-28T09:30:05.655Z|00043|binding|INFO|Setting lport k8s-ip-10-0-102-200.us-west-1.compute.internal ovn-installed in OVS
2026-01-28T09:30:05.655743299Z 2026-01-28T09:30:05.655Z|00044|binding|INFO|Setting lport k8s-ip-10-0-102-200.us-west-1.compute.internal up in Southbound
2026-01-28T09:30:07.025049943Z 2026-01-28T09:30:07.024Z|00045|memory|INFO|17536 kB peak resident set size after 10.4 seconds
2026-01-28T09:30:07.025049943Z 2026-01-28T09:30:07.025Z|00046|memory|INFO|idl-cells-OVN_Southbound:10124 idl-cells-Open_vSwitch:528 if_status_mgr_ifaces_state_usage-KB:1 if_status_mgr_ifaces_usage-KB:1 lflow-cache-entries-cache-expr:178 lflow-cache-entries-cache-matches:488 lflow-cache-size-KB:703 local_datapath_usage-KB:1 ofctrl_desired_flow_usage-KB:404 ofctrl_installed_flow_usage-KB:301 ofctrl_sb_flow_ref_usage-KB:161
2026-01-28T09:30:32.849418377Z 2026-01-28T09:30:32.849Z|00047|binding|INFO|Claiming lport openshift-network-diagnostics_network-check-target-74c8c for this chassis.
2026-01-28T09:30:32.849418377Z 2026-01-28T09:30:32.849Z|00048|binding|INFO|openshift-network-diagnostics_network-check-target-74c8c: Claiming 0a:58:0a:81:00:03 10.129.0.3
2026-01-28T09:30:32.858545508Z 2026-01-28T09:30:32.858Z|00049|binding|INFO|Setting lport openshift-network-diagnostics_network-check-target-74c8c ovn-installed in OVS
2026-01-28T09:30:32.858545508Z 2026-01-28T09:30:32.858Z|00050|binding|INFO|Setting lport openshift-network-diagnostics_network-check-target-74c8c up in Southbound
2026-01-28T09:30:36.787564808Z 2026-01-28T09:30:36.787Z|00051|binding|INFO|Claiming lport openshift-service-ca_service-ca-59d858b8c5-jkhh8 for this chassis.
2026-01-28T09:30:36.787564808Z 2026-01-28T09:30:36.787Z|00052|binding|INFO|openshift-service-ca_service-ca-59d858b8c5-jkhh8: Claiming 0a:58:0a:81:00:06 10.129.0.6
2026-01-28T09:30:36.796438144Z 2026-01-28T09:30:36.796Z|00053|binding|INFO|Setting lport openshift-service-ca_service-ca-59d858b8c5-jkhh8 ovn-installed in OVS
2026-01-28T09:30:36.796438144Z 2026-01-28T09:30:36.796Z|00054|binding|INFO|Setting lport openshift-service-ca_service-ca-59d858b8c5-jkhh8 up in Southbound
2026-01-28T09:30:56.888874681Z 2026-01-28T09:30:56.888Z|00055|binding|INFO|Claiming lport openshift-kube-scheduler_installer-1-ip-10-0-102-200.us-west-1.compute.internal for this chassis.
2026-01-28T09:30:56.888874681Z 2026-01-28T09:30:56.888Z|00056|binding|INFO|openshift-kube-scheduler_installer-1-ip-10-0-102-200.us-west-1.compute.internal: Claiming 0a:58:0a:81:00:08 10.129.0.8
2026-01-28T09:30:56.897736048Z 2026-01-28T09:30:56.897Z|00057|binding|INFO|Setting lport openshift-kube-scheduler_installer-1-ip-10-0-102-200.us-west-1.compute.internal ovn-installed in OVS
2026-01-28T09:30:56.897736048Z 2026-01-28T09:30:56.897Z|00058|binding|INFO|Setting lport openshift-kube-scheduler_installer-1-ip-10-0-102-200.us-west-1.compute.internal up in Southbound
2026-01-28T09:30:59.435230459Z 2026-01-28T09:30:59.435Z|00059|binding|INFO|Claiming lport openshift-oauth-apiserver_apiserver-6b75d77bd5-57pt7 for this chassis.
2026-01-28T09:30:59.436766983Z 2026-01-28T09:30:59.436Z|00060|binding|INFO|openshift-oauth-apiserver_apiserver-6b75d77bd5-57pt7: Claiming 0a:58:0a:81:00:09 10.129.0.9
2026-01-28T09:30:59.445838925Z 2026-01-28T09:30:59.445Z|00061|binding|INFO|Setting lport openshift-oauth-apiserver_apiserver-6b75d77bd5-57pt7 ovn-installed in OVS
2026-01-28T09:30:59.445838925Z 2026-01-28T09:30:59.445Z|00062|binding|INFO|Setting lport openshift-oauth-apiserver_apiserver-6b75d77bd5-57pt7 up in Southbound
2026-01-28T09:30:59.570859725Z 2026-01-28T09:30:59.570Z|00063|binding|INFO|Claiming lport openshift-e2e-loki_loki-promtail-gppr2 for this chassis.
2026-01-28T09:30:59.570859725Z 2026-01-28T09:30:59.570Z|00064|binding|INFO|openshift-e2e-loki_loki-promtail-gppr2: Claiming 0a:58:0a:81:00:05 10.129.0.5
2026-01-28T09:30:59.581384799Z 2026-01-28T09:30:59.581Z|00065|binding|INFO|Setting lport openshift-e2e-loki_loki-promtail-gppr2 ovn-installed in OVS
2026-01-28T09:30:59.581428880Z 2026-01-28T09:30:59.581Z|00066|binding|INFO|Setting lport openshift-e2e-loki_loki-promtail-gppr2 up in Southbound
2026-01-28T09:31:07.633614423Z 2026-01-28T09:31:07.633Z|00067|binding|INFO|Claiming lport openshift-console_downloads-5cd4dc6c99-njvt9 for this chassis.
2026-01-28T09:31:07.633663674Z 2026-01-28T09:31:07.633Z|00068|binding|INFO|openshift-console_downloads-5cd4dc6c99-njvt9: Claiming 0a:58:0a:81:00:0a 10.129.0.10
2026-01-28T09:31:07.644390313Z 2026-01-28T09:31:07.644Z|00069|binding|INFO|Setting lport openshift-console_downloads-5cd4dc6c99-njvt9 ovn-installed in OVS
2026-01-28T09:31:07.644437664Z 2026-01-28T09:31:07.644Z|00070|binding|INFO|Setting lport openshift-console_downloads-5cd4dc6c99-njvt9 up in Southbound
2026-01-28T09:31:09.299365292Z 2026-01-28T09:31:09.299Z|00071|binding|INFO|Claiming lport openshift-kube-scheduler_installer-2-ip-10-0-102-200.us-west-1.compute.internal for this chassis.
2026-01-28T09:31:09.299365292Z 2026-01-28T09:31:09.299Z|00072|binding|INFO|openshift-kube-scheduler_installer-2-ip-10-0-102-200.us-west-1.compute.internal: Claiming 0a:58:0a:81:00:0b 10.129.0.11
2026-01-28T09:31:09.311361509Z 2026-01-28T09:31:09.311Z|00073|binding|INFO|Setting lport openshift-kube-scheduler_installer-2-ip-10-0-102-200.us-west-1.compute.internal ovn-installed in OVS
2026-01-28T09:31:09.311406390Z 2026-01-28T09:31:09.311Z|00074|binding|INFO|Setting lport openshift-kube-scheduler_installer-2-ip-10-0-102-200.us-west-1.compute.internal up in Southbound
2026-01-28T09:31:13.157834267Z 2026-01-28T09:31:13.157Z|00075|binding|INFO|Claiming lport openshift-kube-controller-manager_installer-1-ip-10-0-102-200.us-west-1.compute.internal for this chassis.
2026-01-28T09:31:13.157834267Z 2026-01-28T09:31:13.157Z|00076|binding|INFO|openshift-kube-controller-manager_installer-1-ip-10-0-102-200.us-west-1.compute.internal: Claiming 0a:58:0a:81:00:0c 10.129.0.12
2026-01-28T09:31:13.172530564Z 2026-01-28T09:31:13.172Z|00077|binding|INFO|Setting lport openshift-kube-controller-manager_installer-1-ip-10-0-102-200.us-west-1.compute.internal ovn-installed in OVS
2026-01-28T09:31:13.172587575Z 2026-01-28T09:31:13.172Z|00078|binding|INFO|Setting lport openshift-kube-controller-manager_installer-1-ip-10-0-102-200.us-west-1.compute.internal up in Southbound
2026-01-28T09:31:13.259530748Z 2026-01-28T09:31:13.259Z|00079|binding|INFO|Claiming lport openshift-etcd_installer-1-ip-10-0-102-200.us-west-1.compute.internal for this chassis.
2026-01-28T09:31:13.259530748Z 2026-01-28T09:31:13.259Z|00080|binding|INFO|openshift-etcd_installer-1-ip-10-0-102-200.us-west-1.compute.internal: Claiming 0a:58:0a:81:00:0d 10.129.0.13
2026-01-28T09:31:13.271956395Z 2026-01-28T09:31:13.271Z|00081|binding|INFO|Setting lport openshift-etcd_installer-1-ip-10-0-102-200.us-west-1.compute.internal ovn-installed in OVS
2026-01-28T09:31:13.272023256Z 2026-01-28T09:31:13.272Z|00082|binding|INFO|Setting lport openshift-etcd_installer-1-ip-10-0-102-200.us-west-1.compute.internal up in Southbound
2026-01-28T09:31:14.025499050Z 2026-01-28T09:31:14.025Z|00083|binding|INFO|Claiming lport openshift-cluster-csi-drivers_aws-ebs-csi-driver-controller-7b68b68679-khprz for this chassis.
2026-01-28T09:31:14.025548501Z 2026-01-28T09:31:14.025Z|00084|binding|INFO|openshift-cluster-csi-drivers_aws-ebs-csi-driver-controller-7b68b68679-khprz: Claiming 0a:58:0a:81:00:0e 10.129.0.14
2026-01-28T09:31:14.040819781Z 2026-01-28T09:31:14.040Z|00085|binding|INFO|Setting lport openshift-cluster-csi-drivers_aws-ebs-csi-driver-controller-7b68b68679-khprz ovn-installed in OVS
2026-01-28T09:31:14.040873562Z 2026-01-28T09:31:14.040Z|00086|binding|INFO|Setting lport openshift-cluster-csi-drivers_aws-ebs-csi-driver-controller-7b68b68679-khprz up in Southbound
2026-01-28T09:31:18.486543743Z 2026-01-28T09:31:18.486Z|00087|binding|INFO|Releasing lport openshift-kube-scheduler_installer-2-ip-10-0-102-200.us-west-1.compute.internal from this chassis (sb_readonly=0)
2026-01-28T09:31:18.486607815Z 2026-01-28T09:31:18.486Z|00088|binding|INFO|Setting lport openshift-kube-scheduler_installer-2-ip-10-0-102-200.us-west-1.compute.internal down in Southbound
2026-01-28T09:31:23.247170428Z 2026-01-28T09:31:23.247Z|00089|binding|INFO|Claiming lport openshift-kube-scheduler_installer-3-ip-10-0-102-200.us-west-1.compute.internal for this chassis.
2026-01-28T09:31:23.247225689Z 2026-01-28T09:31:23.247Z|00090|binding|INFO|openshift-kube-scheduler_installer-3-ip-10-0-102-200.us-west-1.compute.internal: Claiming 0a:58:0a:81:00:0f 10.129.0.15
2026-01-28T09:31:23.262110720Z 2026-01-28T09:31:23.262Z|00091|binding|INFO|Setting lport openshift-kube-scheduler_installer-3-ip-10-0-102-200.us-west-1.compute.internal ovn-installed in OVS
2026-01-28T09:31:23.262716034Z 2026-01-28T09:31:23.262Z|00092|binding|INFO|Setting lport openshift-kube-scheduler_installer-3-ip-10-0-102-200.us-west-1.compute.internal up in Southbound
2026-01-28T09:31:23.267476240Z 2026-01-28T09:31:23.267Z|00093|binding|INFO|Claiming lport openshift-multus_network-metrics-daemon-xx8tl for this chassis.
2026-01-28T09:31:23.267519781Z 2026-01-28T09:31:23.267Z|00094|binding|INFO|openshift-multus_network-metrics-daemon-xx8tl: Claiming 0a:58:0a:81:00:04 10.129.0.4
2026-01-28T09:31:23.281070112Z 2026-01-28T09:31:23.281Z|00095|binding|INFO|Setting lport openshift-multus_network-metrics-daemon-xx8tl ovn-installed in OVS
2026-01-28T09:31:23.281070112Z 2026-01-28T09:31:23.281Z|00096|binding|INFO|Setting lport openshift-multus_network-metrics-daemon-xx8tl up in Southbound
2026-01-28T09:31:40.545720274Z 2026-01-28T09:31:40.545Z|00097|binding|INFO|Releasing lport openshift-kube-scheduler_installer-1-ip-10-0-102-200.us-west-1.compute.internal from this chassis (sb_readonly=0)
2026-01-28T09:31:40.545777636Z 2026-01-28T09:31:40.545Z|00098|binding|INFO|Setting lport openshift-kube-scheduler_installer-1-ip-10-0-102-200.us-west-1.compute.internal down in Southbound
2026-01-28T09:31:40.700049175Z 2026-01-28T09:31:40.700Z|00099|binding|INFO|Claiming lport openshift-kube-controller-manager_installer-2-ip-10-0-102-200.us-west-1.compute.internal for this chassis.
2026-01-28T09:31:40.700120317Z 2026-01-28T09:31:40.700Z|00100|binding|INFO|openshift-kube-controller-manager_installer-2-ip-10-0-102-200.us-west-1.compute.internal: Claiming 0a:58:0a:81:00:10 10.129.0.16
2026-01-28T09:31:40.726142151Z 2026-01-28T09:31:40.726Z|00101|binding|INFO|Setting lport openshift-kube-controller-manager_installer-2-ip-10-0-102-200.us-west-1.compute.internal ovn-installed in OVS
2026-01-28T09:31:40.726197102Z 2026-01-28T09:31:40.726Z|00102|binding|INFO|Setting lport openshift-kube-controller-manager_installer-2-ip-10-0-102-200.us-west-1.compute.internal up in Southbound
2026-01-28T09:31:46.081417885Z 2026-01-28T09:31:46.079Z|00103|binding|INFO|Releasing lport openshift-kube-controller-manager_installer-2-ip-10-0-102-200.us-west-1.compute.internal from this chassis (sb_readonly=0)
2026-01-28T09:31:46.081417885Z 2026-01-28T09:31:46.079Z|00104|binding|INFO|Setting lport openshift-kube-controller-manager_installer-2-ip-10-0-102-200.us-west-1.compute.internal down in Southbound
2026-01-28T09:31:49.440538336Z 2026-01-28T09:31:49.438Z|00105|binding|INFO|Claiming lport openshift-kube-controller-manager_installer-3-ip-10-0-102-200.us-west-1.compute.internal for this chassis.
2026-01-28T09:31:49.440538336Z 2026-01-28T09:31:49.438Z|00106|binding|INFO|openshift-kube-controller-manager_installer-3-ip-10-0-102-200.us-west-1.compute.internal: Claiming 0a:58:0a:81:00:11 10.129.0.17
2026-01-28T09:31:49.449904844Z 2026-01-28T09:31:49.449Z|00107|binding|INFO|Setting lport openshift-kube-controller-manager_installer-3-ip-10-0-102-200.us-west-1.compute.internal ovn-installed in OVS
2026-01-28T09:31:49.449953325Z 2026-01-28T09:31:49.449Z|00108|binding|INFO|Setting lport openshift-kube-controller-manager_installer-3-ip-10-0-102-200.us-west-1.compute.internal up in Southbound
2026-01-28T09:31:49.544492479Z 2026-01-28T09:31:49.544Z|00109|binding|INFO|Releasing lport openshift-kube-controller-manager_installer-1-ip-10-0-102-200.us-west-1.compute.internal from this chassis (sb_readonly=0)
2026-01-28T09:31:49.544596472Z 2026-01-28T09:31:49.544Z|00110|binding|INFO|Setting lport openshift-kube-controller-manager_installer-1-ip-10-0-102-200.us-west-1.compute.internal down in Southbound
2026-01-28T09:31:55.948861831Z 2026-01-28T09:31:55.948Z|00111|binding|INFO|Releasing lport openshift-etcd_installer-1-ip-10-0-102-200.us-west-1.compute.internal from this chassis (sb_readonly=0)
2026-01-28T09:31:55.948920282Z 2026-01-28T09:31:55.948Z|00112|binding|INFO|Setting lport openshift-etcd_installer-1-ip-10-0-102-200.us-west-1.compute.internal down in Southbound
2026-01-28T09:32:01.625528264Z 2026-01-28T09:32:01.625Z|00113|binding|INFO|Claiming lport openshift-dns_dns-default-jcnkp for this chassis.
2026-01-28T09:32:01.625594905Z 2026-01-28T09:32:01.625Z|00114|binding|INFO|openshift-dns_dns-default-jcnkp: Claiming 0a:58:0a:81:00:12 10.129.0.18
2026-01-28T09:32:01.637793027Z 2026-01-28T09:32:01.637Z|00115|binding|INFO|Setting lport openshift-dns_dns-default-jcnkp ovn-installed in OVS
2026-01-28T09:32:01.637793027Z 2026-01-28T09:32:01.637Z|00116|binding|INFO|Setting lport openshift-dns_dns-default-jcnkp up in Southbound
2026-01-28T09:32:11.532847505Z 2026-01-28T09:32:11.532Z|00117|binding|INFO|Claiming lport openshift-etcd_etcd-guard-ip-10-0-102-200.us-west-1.compute.internal for this chassis.
2026-01-28T09:32:11.532906967Z 2026-01-28T09:32:11.532Z|00118|binding|INFO|openshift-etcd_etcd-guard-ip-10-0-102-200.us-west-1.compute.internal: Claiming 0a:58:0a:81:00:13 10.129.0.19
2026-01-28T09:32:11.564582042Z 2026-01-28T09:32:11.564Z|00119|binding|INFO|Setting lport openshift-etcd_etcd-guard-ip-10-0-102-200.us-west-1.compute.internal ovn-installed in OVS
2026-01-28T09:32:11.564642503Z 2026-01-28T09:32:11.564Z|00120|binding|INFO|Setting lport openshift-etcd_etcd-guard-ip-10-0-102-200.us-west-1.compute.internal up in Southbound
2026-01-28T09:32:14.684619246Z 2026-01-28T09:32:14.684Z|00121|binding|INFO|Releasing lport openshift-kube-scheduler_installer-3-ip-10-0-102-200.us-west-1.compute.internal from this chassis (sb_readonly=0)
2026-01-28T09:32:14.684882542Z 2026-01-28T09:32:14.684Z|00122|binding|INFO|Setting lport openshift-kube-scheduler_installer-3-ip-10-0-102-200.us-west-1.compute.internal down in Southbound
2026-01-28T09:32:17.619537601Z 2026-01-28T09:32:17.619Z|00123|binding|INFO|Claiming lport openshift-kube-scheduler_installer-4-ip-10-0-102-200.us-west-1.compute.internal for this chassis.
2026-01-28T09:32:17.619537601Z 2026-01-28T09:32:17.619Z|00124|binding|INFO|openshift-kube-scheduler_installer-4-ip-10-0-102-200.us-west-1.compute.internal: Claiming 0a:58:0a:81:00:14 10.129.0.20
2026-01-28T09:32:17.651476054Z 2026-01-28T09:32:17.651Z|00125|binding|INFO|Setting lport openshift-kube-scheduler_installer-4-ip-10-0-102-200.us-west-1.compute.internal ovn-installed in OVS
2026-01-28T09:32:17.651572946Z 2026-01-28T09:32:17.651Z|00126|binding|INFO|Setting lport openshift-kube-scheduler_installer-4-ip-10-0-102-200.us-west-1.compute.internal up in Southbound
2026-01-28T09:32:19.076255977Z 2026-01-28T09:32:19.076Z|00127|binding|INFO|Claiming lport openshift-kube-scheduler_openshift-kube-scheduler-guard-ip-10-0-102-200.us-west-1.compute.internal for this chassis.
2026-01-28T09:32:19.076306748Z 2026-01-28T09:32:19.076Z|00128|binding|INFO|openshift-kube-scheduler_openshift-kube-scheduler-guard-ip-10-0-102-200.us-west-1.compute.internal: Claiming 0a:58:0a:81:00:15 10.129.0.21
2026-01-28T09:32:19.112054948Z 2026-01-28T09:32:19.112Z|00129|binding|INFO|Setting lport openshift-kube-scheduler_openshift-kube-scheduler-guard-ip-10-0-102-200.us-west-1.compute.internal ovn-installed in OVS
2026-01-28T09:32:19.112130100Z 2026-01-28T09:32:19.112Z|00130|binding|INFO|Setting lport openshift-kube-scheduler_openshift-kube-scheduler-guard-ip-10-0-102-200.us-west-1.compute.internal up in Southbound
2026-01-28T09:32:23.123266649Z 2026-01-28T09:32:23.123Z|00131|binding|INFO|Releasing lport openshift-kube-controller-manager_installer-3-ip-10-0-102-200.us-west-1.compute.internal from this chassis (sb_readonly=0)
2026-01-28T09:32:23.123328740Z 2026-01-28T09:32:23.123Z|00132|binding|INFO|Setting lport openshift-kube-controller-manager_installer-3-ip-10-0-102-200.us-west-1.compute.internal down in Southbound
2026-01-28T09:32:34.232989557Z 2026-01-28T09:32:34.232Z|00133|binding|INFO|Claiming lport openshift-kube-controller-manager_installer-4-ip-10-0-102-200.us-west-1.compute.internal for this chassis.
2026-01-28T09:32:34.233053668Z 2026-01-28T09:32:34.233Z|00134|binding|INFO|openshift-kube-controller-manager_installer-4-ip-10-0-102-200.us-west-1.compute.internal: Claiming 0a:58:0a:81:00:16 10.129.0.22
2026-01-28T09:32:34.266275203Z 2026-01-28T09:32:34.266Z|00135|binding|INFO|Setting lport openshift-kube-controller-manager_installer-4-ip-10-0-102-200.us-west-1.compute.internal ovn-installed in OVS
2026-01-28T09:32:34.266275203Z 2026-01-28T09:32:34.266Z|00136|binding|INFO|Setting lport openshift-kube-controller-manager_installer-4-ip-10-0-102-200.us-west-1.compute.internal up in Southbound
2026-01-28T09:32:49.813321616Z 2026-01-28T09:32:49.813Z|00137|binding|INFO|Releasing lport openshift-cluster-csi-drivers_aws-ebs-csi-driver-controller-7b68b68679-khprz from this chassis (sb_readonly=0)
2026-01-28T09:32:49.813397037Z 2026-01-28T09:32:49.813Z|00138|binding|INFO|Setting lport openshift-cluster-csi-drivers_aws-ebs-csi-driver-controller-7b68b68679-khprz down in Southbound
2026-01-28T09:32:51.259650182Z 2026-01-28T09:32:51.259Z|00139|binding|INFO|Releasing lport openshift-kube-scheduler_installer-4-ip-10-0-102-200.us-west-1.compute.internal from this chassis (sb_readonly=0)
2026-01-28T09:32:51.259716463Z 2026-01-28T09:32:51.259Z|00140|binding|INFO|Setting lport openshift-kube-scheduler_installer-4-ip-10-0-102-200.us-west-1.compute.internal down in Southbound
2026-01-28T09:32:51.626903094Z 2026-01-28T09:32:51.626Z|00141|binding|INFO|Claiming lport openshift-apiserver_apiserver-bd64768ff-nzdwl for this chassis.
2026-01-28T09:32:51.626957975Z 2026-01-28T09:32:51.626Z|00142|binding|INFO|openshift-apiserver_apiserver-bd64768ff-nzdwl: Claiming 0a:58:0a:81:00:17 10.129.0.23
2026-01-28T09:32:51.658880607Z 2026-01-28T09:32:51.658Z|00143|binding|INFO|Setting lport openshift-apiserver_apiserver-bd64768ff-nzdwl ovn-installed in OVS
2026-01-28T09:32:51.658880607Z 2026-01-28T09:32:51.658Z|00144|binding|INFO|Setting lport openshift-apiserver_apiserver-bd64768ff-nzdwl up in Southbound
2026-01-28T09:33:08.299428813Z 2026-01-28T09:33:08.299Z|00145|binding|INFO|Releasing lport openshift-kube-controller-manager_installer-4-ip-10-0-102-200.us-west-1.compute.internal from this chassis (sb_readonly=0)
2026-01-28T09:33:08.299527905Z 2026-01-28T09:33:08.299Z|00146|binding|INFO|Setting lport openshift-kube-controller-manager_installer-4-ip-10-0-102-200.us-west-1.compute.internal down in Southbound
2026-01-28T09:33:23.399623877Z 2026-01-28T09:33:23.399Z|00147|binding|INFO|Claiming lport openshift-kube-controller-manager_installer-4-retry-1-ip-10-0-102-200.us-west-1.compute.internal for this chassis.
2026-01-28T09:33:23.399623877Z 2026-01-28T09:33:23.399Z|00148|binding|INFO|openshift-kube-controller-manager_installer-4-retry-1-ip-10-0-102-200.us-west-1.compute.internal: Claiming 0a:58:0a:81:00:18 10.129.0.24
2026-01-28T09:33:23.433559034Z 2026-01-28T09:33:23.433Z|00149|binding|INFO|Setting lport openshift-kube-controller-manager_installer-4-retry-1-ip-10-0-102-200.us-west-1.compute.internal ovn-installed in OVS
2026-01-28T09:33:23.433559034Z 2026-01-28T09:33:23.433Z|00150|binding|INFO|Setting lport openshift-kube-controller-manager_installer-4-retry-1-ip-10-0-102-200.us-west-1.compute.internal up in Southbound
2026-01-28T09:33:57.435853380Z 2026-01-28T09:33:57.435Z|00151|binding|INFO|Releasing lport openshift-kube-controller-manager_installer-4-retry-1-ip-10-0-102-200.us-west-1.compute.internal from this chassis (sb_readonly=0)
2026-01-28T09:33:57.435853380Z 2026-01-28T09:33:57.435Z|00152|binding|INFO|Setting lport openshift-kube-controller-manager_installer-4-retry-1-ip-10-0-102-200.us-west-1.compute.internal down in Southbound
2026-01-28T09:33:59.924073799Z 2026-01-28T09:33:59.924Z|00153|binding|INFO|Releasing lport openshift-apiserver_apiserver-bd64768ff-nzdwl from this chassis (sb_readonly=0)
2026-01-28T09:33:59.924147131Z 2026-01-28T09:33:59.924Z|00154|binding|INFO|Setting lport openshift-apiserver_apiserver-bd64768ff-nzdwl down in Southbound
2026-01-28T09:34:00.462432538Z 2026-01-28T09:34:00.462Z|00155|binding|INFO|Claiming lport openshift-apiserver_apiserver-7c78d7f689-7gmcl for this chassis.
2026-01-28T09:34:00.462503690Z 2026-01-28T09:34:00.462Z|00156|binding|INFO|openshift-apiserver_apiserver-7c78d7f689-7gmcl: Claiming 0a:58:0a:81:00:19 10.129.0.25
2026-01-28T09:34:00.495674715Z 2026-01-28T09:34:00.495Z|00157|binding|INFO|Setting lport openshift-apiserver_apiserver-7c78d7f689-7gmcl ovn-installed in OVS
2026-01-28T09:34:00.495674715Z 2026-01-28T09:34:00.495Z|00158|binding|INFO|Setting lport openshift-apiserver_apiserver-7c78d7f689-7gmcl up in Southbound
2026-01-28T09:34:19.904783290Z 2026-01-28T09:34:19.904Z|00159|binding|INFO|Claiming lport openshift-kube-controller-manager_installer-4-retry-2-ip-10-0-102-200.us-west-1.compute.internal for this chassis.
2026-01-28T09:34:19.904845221Z 2026-01-28T09:34:19.904Z|00160|binding|INFO|openshift-kube-controller-manager_installer-4-retry-2-ip-10-0-102-200.us-west-1.compute.internal: Claiming 0a:58:0a:81:00:1a 10.129.0.26
2026-01-28T09:34:19.939233832Z 2026-01-28T09:34:19.939Z|00161|binding|INFO|Setting lport openshift-kube-controller-manager_installer-4-retry-2-ip-10-0-102-200.us-west-1.compute.internal ovn-installed in OVS
2026-01-28T09:34:19.939233832Z 2026-01-28T09:34:19.939Z|00162|binding|INFO|Setting lport openshift-kube-controller-manager_installer-4-retry-2-ip-10-0-102-200.us-west-1.compute.internal up in Southbound
2026-01-28T09:34:49.909558244Z 2026-01-28T09:34:49.909Z|00163|memory_trim|INFO|Detected inactivity (last active 30005 ms ago): trimming memory
2026-01-28T09:34:53.602657644Z 2026-01-28T09:34:53.602Z|00164|binding|INFO|Releasing lport openshift-kube-controller-manager_installer-4-retry-2-ip-10-0-102-200.us-west-1.compute.internal from this chassis (sb_readonly=0)
2026-01-28T09:34:53.603331679Z 2026-01-28T09:34:53.603Z|00165|binding|INFO|Setting lport openshift-kube-controller-manager_installer-4-retry-2-ip-10-0-102-200.us-west-1.compute.internal down in Southbound
2026-01-28T09:35:06.794468088Z 2026-01-28T09:35:06.794Z|00166|binding|INFO|Claiming lport openshift-kube-controller-manager_installer-5-ip-10-0-102-200.us-west-1.compute.internal for this chassis.
2026-01-28T09:35:06.794527850Z 2026-01-28T09:35:06.794Z|00167|binding|INFO|openshift-kube-controller-manager_installer-5-ip-10-0-102-200.us-west-1.compute.internal: Claiming 0a:58:0a:81:00:1b 10.129.0.27
2026-01-28T09:35:06.827643772Z 2026-01-28T09:35:06.827Z|00168|binding|INFO|Setting lport openshift-kube-controller-manager_installer-5-ip-10-0-102-200.us-west-1.compute.internal ovn-installed in OVS
2026-01-28T09:35:06.827698253Z 2026-01-28T09:35:06.827Z|00169|binding|INFO|Setting lport openshift-kube-controller-manager_installer-5-ip-10-0-102-200.us-west-1.compute.internal up in Southbound
2026-01-28T09:35:12.191793473Z 2026-01-28T09:35:12.191Z|00170|binding|INFO|Claiming lport openshift-kube-apiserver_installer-1-ip-10-0-102-200.us-west-1.compute.internal for this chassis.
2026-01-28T09:35:12.191851045Z 2026-01-28T09:35:12.191Z|00171|binding|INFO|openshift-kube-apiserver_installer-1-ip-10-0-102-200.us-west-1.compute.internal: Claiming 0a:58:0a:81:00:1c 10.129.0.28
2026-01-28T09:35:12.225174958Z 2026-01-28T09:35:12.225Z|00172|binding|INFO|Setting lport openshift-kube-apiserver_installer-1-ip-10-0-102-200.us-west-1.compute.internal ovn-installed in OVS
2026-01-28T09:35:12.225174958Z 2026-01-28T09:35:12.225Z|00173|binding|INFO|Setting lport openshift-kube-apiserver_installer-1-ip-10-0-102-200.us-west-1.compute.internal up in Southbound
2026-01-28T09:35:41.764907703Z 2026-01-28T09:35:41.764Z|00174|binding|INFO|Releasing lport openshift-kube-controller-manager_installer-5-ip-10-0-102-200.us-west-1.compute.internal from this chassis (sb_readonly=0)
2026-01-28T09:35:41.765666250Z 2026-01-28T09:35:41.765Z|00175|binding|INFO|Setting lport openshift-kube-controller-manager_installer-5-ip-10-0-102-200.us-west-1.compute.internal down in Southbound
2026-01-28T09:35:44.574904472Z 2026-01-28T09:35:44.573Z|00176|binding|INFO|Claiming lport openshift-kube-controller-manager_kube-controller-manager-guard-ip-10-0-102-200.us-west-1.compute.internal for this chassis.
2026-01-28T09:35:44.574904472Z 2026-01-28T09:35:44.573Z|00177|binding|INFO|openshift-kube-controller-manager_kube-controller-manager-guard-ip-10-0-102-200.us-west-1.compute.internal: Claiming 0a:58:0a:81:00:1d 10.129.0.29
2026-01-28T09:35:44.605957015Z 2026-01-28T09:35:44.605Z|00178|binding|INFO|Setting lport openshift-kube-controller-manager_kube-controller-manager-guard-ip-10-0-102-200.us-west-1.compute.internal ovn-installed in OVS
2026-01-28T09:35:44.605957015Z 2026-01-28T09:35:44.605Z|00179|binding|INFO|Setting lport openshift-kube-controller-manager_kube-controller-manager-guard-ip-10-0-102-200.us-west-1.compute.internal up in Southbound
2026-01-28T09:35:47.610032934Z 2026-01-28T09:35:47.609Z|00180|binding|INFO|Releasing lport openshift-oauth-apiserver_apiserver-6b75d77bd5-57pt7 from this chassis (sb_readonly=0)
2026-01-28T09:35:47.610332411Z 2026-01-28T09:35:47.610Z|00181|binding|INFO|Setting lport openshift-oauth-apiserver_apiserver-6b75d77bd5-57pt7 down in Southbound
2026-01-28T09:35:48.138766470Z 2026-01-28T09:35:48.138Z|00182|binding|INFO|Claiming lport openshift-oauth-apiserver_apiserver-7b48d6dccd-7hzzz for this chassis.
2026-01-28T09:35:48.138819701Z 2026-01-28T09:35:48.138Z|00183|binding|INFO|openshift-oauth-apiserver_apiserver-7b48d6dccd-7hzzz: Claiming 0a:58:0a:81:00:1e 10.129.0.30
2026-01-28T09:35:48.172301988Z 2026-01-28T09:35:48.172Z|00184|binding|INFO|Setting lport openshift-oauth-apiserver_apiserver-7b48d6dccd-7hzzz ovn-installed in OVS
2026-01-28T09:35:48.172301988Z 2026-01-28T09:35:48.172Z|00185|binding|INFO|Setting lport openshift-oauth-apiserver_apiserver-7b48d6dccd-7hzzz up in Southbound
2026-01-28T09:35:51.880856844Z 2026-01-28T09:35:51.879Z|00186|binding|INFO|Releasing lport openshift-kube-apiserver_installer-1-ip-10-0-102-200.us-west-1.compute.internal from this chassis (sb_readonly=0)
2026-01-28T09:35:51.880856844Z 2026-01-28T09:35:51.879Z|00187|binding|INFO|Setting lport openshift-kube-apiserver_installer-1-ip-10-0-102-200.us-west-1.compute.internal down in Southbound
2026-01-28T09:35:55.505246353Z 2026-01-28T09:35:55.505Z|00188|binding|INFO|Claiming lport openshift-kube-apiserver_kube-apiserver-guard-ip-10-0-102-200.us-west-1.compute.internal for this chassis.
2026-01-28T09:35:55.505307324Z 2026-01-28T09:35:55.505Z|00189|binding|INFO|openshift-kube-apiserver_kube-apiserver-guard-ip-10-0-102-200.us-west-1.compute.internal: Claiming 0a:58:0a:81:00:1f 10.129.0.31
2026-01-28T09:35:55.540376406Z 2026-01-28T09:35:55.540Z|00190|binding|INFO|Setting lport openshift-kube-apiserver_kube-apiserver-guard-ip-10-0-102-200.us-west-1.compute.internal ovn-installed in OVS
2026-01-28T09:35:55.540444798Z 2026-01-28T09:35:55.540Z|00191|binding|INFO|Setting lport openshift-kube-apiserver_kube-apiserver-guard-ip-10-0-102-200.us-west-1.compute.internal up in Southbound
2026-01-28T09:37:15.728585094Z 2026-01-28T09:37:15.728Z|00192|binding|INFO|Claiming lport openshift-etcd_installer-7-ip-10-0-102-200.us-west-1.compute.internal for this chassis.
2026-01-28T09:37:15.728666966Z 2026-01-28T09:37:15.728Z|00193|binding|INFO|openshift-etcd_installer-7-ip-10-0-102-200.us-west-1.compute.internal: Claiming 0a:58:0a:81:00:20 10.129.0.32
2026-01-28T09:37:15.767314056Z 2026-01-28T09:37:15.767Z|00194|binding|INFO|Setting lport openshift-etcd_installer-7-ip-10-0-102-200.us-west-1.compute.internal ovn-installed in OVS
2026-01-28T09:37:15.767314056Z 2026-01-28T09:37:15.767Z|00195|binding|INFO|Setting lport openshift-etcd_installer-7-ip-10-0-102-200.us-west-1.compute.internal up in Southbound
2026-01-28T09:37:49.206417203Z 2026-01-28T09:37:49.206Z|00196|binding|INFO|Releasing lport openshift-etcd_installer-7-ip-10-0-102-200.us-west-1.compute.internal from this chassis (sb_readonly=0)
2026-01-28T09:37:49.206499234Z 2026-01-28T09:37:49.206Z|00197|binding|INFO|Setting lport openshift-etcd_installer-7-ip-10-0-102-200.us-west-1.compute.internal down in Southbound
2026-01-28T09:37:49.517691076Z 2026-01-28T09:37:49.517Z|00198|binding|INFO|Releasing lport openshift-apiserver_apiserver-7c78d7f689-7gmcl from this chassis (sb_readonly=0)
2026-01-28T09:37:49.517747187Z 2026-01-28T09:37:49.517Z|00199|binding|INFO|Setting lport openshift-apiserver_apiserver-7c78d7f689-7gmcl down in Southbound
2026-01-28T09:37:50.041813103Z 2026-01-28T09:37:50.041Z|00200|binding|INFO|Claiming lport openshift-apiserver_apiserver-7fd9cdccd4-whddr for this chassis.
2026-01-28T09:37:50.041864824Z 2026-01-28T09:37:50.041Z|00201|binding|INFO|openshift-apiserver_apiserver-7fd9cdccd4-whddr: Claiming 0a:58:0a:81:00:21 10.129.0.33
2026-01-28T09:37:50.077127658Z 2026-01-28T09:37:50.077Z|00202|binding|INFO|Setting lport openshift-apiserver_apiserver-7fd9cdccd4-whddr ovn-installed in OVS
2026-01-28T09:37:50.077127658Z 2026-01-28T09:37:50.077Z|00203|binding|INFO|Setting lport openshift-apiserver_apiserver-7fd9cdccd4-whddr up in Southbound
2026-01-28T09:38:25.937036500Z 2026-01-28T09:38:25.937Z|00204|binding|INFO|Claiming lport openshift-kube-scheduler_installer-5-ip-10-0-102-200.us-west-1.compute.internal for this chassis.
2026-01-28T09:38:25.938306508Z 2026-01-28T09:38:25.938Z|00205|binding|INFO|openshift-kube-scheduler_installer-5-ip-10-0-102-200.us-west-1.compute.internal: Claiming 0a:58:0a:81:00:22 10.129.0.34
2026-01-28T09:38:25.971723550Z 2026-01-28T09:38:25.971Z|00206|binding|INFO|Setting lport openshift-kube-scheduler_installer-5-ip-10-0-102-200.us-west-1.compute.internal up in Southbound
2026-01-28T09:38:25.972324683Z 2026-01-28T09:38:25.972Z|00207|binding|INFO|Setting lport openshift-kube-scheduler_installer-5-ip-10-0-102-200.us-west-1.compute.internal ovn-installed in OVS
2026-01-28T09:38:44.009705405Z 2026-01-28T09:38:44.009Z|00208|binding|INFO|Releasing lport openshift-oauth-apiserver_apiserver-7b48d6dccd-7hzzz from this chassis (sb_readonly=0)
2026-01-28T09:38:44.009753706Z 2026-01-28T09:38:44.009Z|00209|binding|INFO|Setting lport openshift-oauth-apiserver_apiserver-7b48d6dccd-7hzzz down in Southbound
2026-01-28T09:38:44.571627986Z 2026-01-28T09:38:44.571Z|00210|binding|INFO|Claiming lport openshift-oauth-apiserver_apiserver-775c9c7997-nzbb7 for this chassis.
2026-01-28T09:38:44.572824553Z 2026-01-28T09:38:44.572Z|00211|binding|INFO|openshift-oauth-apiserver_apiserver-775c9c7997-nzbb7: Claiming 0a:58:0a:81:00:23 10.129.0.35
2026-01-28T09:38:44.607228348Z 2026-01-28T09:38:44.607Z|00212|binding|INFO|Setting lport openshift-oauth-apiserver_apiserver-775c9c7997-nzbb7 ovn-installed in OVS
2026-01-28T09:38:44.607269879Z 2026-01-28T09:38:44.607Z|00213|binding|INFO|Setting lport openshift-oauth-apiserver_apiserver-775c9c7997-nzbb7 up in Southbound
2026-01-28T09:38:58.470477285Z 2026-01-28T09:38:58.470Z|00214|binding|INFO|Releasing lport openshift-kube-scheduler_installer-5-ip-10-0-102-200.us-west-1.compute.internal from this chassis (sb_readonly=0)
2026-01-28T09:38:58.470547156Z 2026-01-28T09:38:58.470Z|00215|binding|INFO|Setting lport openshift-kube-scheduler_installer-5-ip-10-0-102-200.us-west-1.compute.internal down in Southbound
2026-01-28T09:40:07.179050807Z 2026-01-28T09:40:07.179Z|00216|binding|INFO|Claiming lport openshift-kube-scheduler_installer-6-ip-10-0-102-200.us-west-1.compute.internal for this chassis.
2026-01-28T09:40:07.179139639Z 2026-01-28T09:40:07.179Z|00217|binding|INFO|openshift-kube-scheduler_installer-6-ip-10-0-102-200.us-west-1.compute.internal: Claiming 0a:58:0a:81:00:24 10.129.0.36
2026-01-28T09:40:07.218209064Z 2026-01-28T09:40:07.218Z|00218|binding|INFO|Setting lport openshift-kube-scheduler_installer-6-ip-10-0-102-200.us-west-1.compute.internal ovn-installed in OVS
2026-01-28T09:40:07.218282776Z 2026-01-28T09:40:07.218Z|00219|binding|INFO|Setting lport openshift-kube-scheduler_installer-6-ip-10-0-102-200.us-west-1.compute.internal up in Southbound
2026-01-28T09:40:12.907122022Z 2026-01-28T09:40:12.907Z|00220|binding|INFO|Claiming lport openshift-cloud-credential-operator_pod-identity-webhook-698875dc5b-rrw8l for this chassis.
2026-01-28T09:40:12.907179003Z 2026-01-28T09:40:12.907Z|00221|binding|INFO|openshift-cloud-credential-operator_pod-identity-webhook-698875dc5b-rrw8l: Claiming 0a:58:0a:81:00:25 10.129.0.37
2026-01-28T09:40:12.950440290Z 2026-01-28T09:40:12.950Z|00222|binding|INFO|Setting lport openshift-cloud-credential-operator_pod-identity-webhook-698875dc5b-rrw8l ovn-installed in OVS
2026-01-28T09:40:12.950440290Z 2026-01-28T09:40:12.950Z|00223|binding|INFO|Setting lport openshift-cloud-credential-operator_pod-identity-webhook-698875dc5b-rrw8l up in Southbound
2026-01-28T09:40:16.949186159Z 2026-01-28T09:40:16.949Z|00224|binding|INFO|Claiming lport openshift-kube-controller-manager_installer-6-ip-10-0-102-200.us-west-1.compute.internal for this chassis.
2026-01-28T09:40:16.949247280Z 2026-01-28T09:40:16.949Z|00225|binding|INFO|openshift-kube-controller-manager_installer-6-ip-10-0-102-200.us-west-1.compute.internal: Claiming 0a:58:0a:81:00:27 10.129.0.39
2026-01-28T09:40:16.991156177Z 2026-01-28T09:40:16.991Z|00226|binding|INFO|Setting lport openshift-kube-controller-manager_installer-6-ip-10-0-102-200.us-west-1.compute.internal ovn-installed in OVS
2026-01-28T09:40:16.991220959Z 2026-01-28T09:40:16.991Z|00227|binding|INFO|Setting lport openshift-kube-controller-manager_installer-6-ip-10-0-102-200.us-west-1.compute.internal up in Southbound
2026-01-28T09:40:21.951945137Z 2026-01-28T09:40:21.947Z|00228|binding|INFO|Claiming lport openshift-authentication_oauth-openshift-579b6b5f5-9cwvk for this chassis.
2026-01-28T09:40:21.951945137Z 2026-01-28T09:40:21.947Z|00229|binding|INFO|openshift-authentication_oauth-openshift-579b6b5f5-9cwvk: Claiming 0a:58:0a:81:00:26 10.129.0.38
2026-01-28T09:40:21.987797538Z 2026-01-28T09:40:21.987Z|00230|binding|INFO|Setting lport openshift-authentication_oauth-openshift-579b6b5f5-9cwvk ovn-installed in OVS
2026-01-28T09:40:21.987868279Z 2026-01-28T09:40:21.987Z|00231|binding|INFO|Setting lport openshift-authentication_oauth-openshift-579b6b5f5-9cwvk up in Southbound
2026-01-28T09:40:35.841843587Z 2026-01-28T09:40:35.841Z|00232|binding|INFO|Claiming lport openshift-kube-apiserver_installer-3-ip-10-0-102-200.us-west-1.compute.internal for this chassis.
2026-01-28T09:40:35.842387759Z 2026-01-28T09:40:35.842Z|00233|binding|INFO|openshift-kube-apiserver_installer-3-ip-10-0-102-200.us-west-1.compute.internal: Claiming 0a:58:0a:81:00:28 10.129.0.40
2026-01-28T09:40:35.881867081Z 2026-01-28T09:40:35.881Z|00234|binding|INFO|Setting lport openshift-kube-apiserver_installer-3-ip-10-0-102-200.us-west-1.compute.internal up in Southbound
2026-01-28T09:40:35.882279070Z 2026-01-28T09:40:35.882Z|00235|binding|INFO|Setting lport openshift-kube-apiserver_installer-3-ip-10-0-102-200.us-west-1.compute.internal ovn-installed in OVS
2026-01-28T09:40:39.804912645Z 2026-01-28T09:40:39.804Z|00236|binding|INFO|Releasing lport openshift-kube-scheduler_installer-6-ip-10-0-102-200.us-west-1.compute.internal from this chassis (sb_readonly=0)
2026-01-28T09:40:39.805737363Z 2026-01-28T09:40:39.804Z|00237|binding|INFO|Setting lport openshift-kube-scheduler_installer-6-ip-10-0-102-200.us-west-1.compute.internal down in Southbound
2026-01-28T09:40:51.914701589Z 2026-01-28T09:40:51.914Z|00238|binding|INFO|Releasing lport openshift-kube-controller-manager_installer-6-ip-10-0-102-200.us-west-1.compute.internal from this chassis (sb_readonly=0)
2026-01-28T09:40:51.915410944Z 2026-01-28T09:40:51.915Z|00239|binding|INFO|Setting lport openshift-kube-controller-manager_installer-6-ip-10-0-102-200.us-west-1.compute.internal down in Southbound
2026-01-28T09:40:51.990960495Z 2026-01-28T09:40:51.990Z|00240|binding|INFO|Releasing lport openshift-authentication_oauth-openshift-579b6b5f5-9cwvk from this chassis (sb_readonly=0)
2026-01-28T09:40:51.991020636Z 2026-01-28T09:40:51.991Z|00241|binding|INFO|Setting lport openshift-authentication_oauth-openshift-579b6b5f5-9cwvk down in Southbound
2026-01-28T09:40:52.612465564Z 2026-01-28T09:40:52.612Z|00242|binding|INFO|Claiming lport openshift-authentication_oauth-openshift-5b776594cb-5k8gf for this chassis.
2026-01-28T09:40:52.612528055Z 2026-01-28T09:40:52.612Z|00243|binding|INFO|openshift-authentication_oauth-openshift-5b776594cb-5k8gf: Claiming 0a:58:0a:81:00:29 10.129.0.41
2026-01-28T09:40:52.651124998Z 2026-01-28T09:40:52.651Z|00244|binding|INFO|Setting lport openshift-authentication_oauth-openshift-5b776594cb-5k8gf ovn-installed in OVS
2026-01-28T09:40:52.651188360Z 2026-01-28T09:40:52.651Z|00245|binding|INFO|Setting lport openshift-authentication_oauth-openshift-5b776594cb-5k8gf up in Southbound
2026-01-28T09:40:59.433327817Z 2026-01-28T09:40:59.433Z|00246|binding|INFO|Claiming lport openshift-kube-apiserver_installer-4-ip-10-0-102-200.us-west-1.compute.internal for this chassis.
2026-01-28T09:40:59.433327817Z 2026-01-28T09:40:59.433Z|00247|binding|INFO|openshift-kube-apiserver_installer-4-ip-10-0-102-200.us-west-1.compute.internal: Claiming 0a:58:0a:81:00:2a 10.129.0.42
2026-01-28T09:40:59.473077666Z 2026-01-28T09:40:59.473Z|00248|binding|INFO|Setting lport openshift-kube-apiserver_installer-4-ip-10-0-102-200.us-west-1.compute.internal up in Southbound
2026-01-28T09:40:59.473727620Z 2026-01-28T09:40:59.473Z|00249|binding|INFO|Setting lport openshift-kube-apiserver_installer-4-ip-10-0-102-200.us-west-1.compute.internal ovn-installed in OVS
2026-01-28T09:41:06.718694330Z 2026-01-28T09:41:06.718Z|00250|binding|INFO|Releasing lport openshift-kube-apiserver_installer-3-ip-10-0-102-200.us-west-1.compute.internal from this chassis (sb_readonly=0)
2026-01-28T09:41:06.718694330Z 2026-01-28T09:41:06.718Z|00251|binding|INFO|Setting lport openshift-kube-apiserver_installer-3-ip-10-0-102-200.us-west-1.compute.internal down in Southbound
2026-01-28T09:41:49.096506127Z 2026-01-28T09:41:49.096Z|00252|binding|INFO|Releasing lport openshift-kube-apiserver_installer-4-ip-10-0-102-200.us-west-1.compute.internal from this chassis (sb_readonly=0)
2026-01-28T09:41:49.097354072Z 2026-01-28T09:41:49.097Z|00253|binding|INFO|Setting lport openshift-kube-apiserver_installer-4-ip-10-0-102-200.us-west-1.compute.internal down in Southbound
2026-01-28T09:42:37.723374517Z 2026-01-28T09:42:37.723Z|00254|binding|INFO|Claiming lport openshift-kube-apiserver_installer-5-ip-10-0-102-200.us-west-1.compute.internal for this chassis.
2026-01-28T09:42:37.723913119Z 2026-01-28T09:42:37.723Z|00255|binding|INFO|openshift-kube-apiserver_installer-5-ip-10-0-102-200.us-west-1.compute.internal: Claiming 0a:58:0a:81:00:2b 10.129.0.43
2026-01-28T09:42:37.765851370Z 2026-01-28T09:42:37.765Z|00256|binding|INFO|Setting lport openshift-kube-apiserver_installer-5-ip-10-0-102-200.us-west-1.compute.internal ovn-installed in OVS
2026-01-28T09:42:37.765851370Z 2026-01-28T09:42:37.765Z|00257|binding|INFO|Setting lport openshift-kube-apiserver_installer-5-ip-10-0-102-200.us-west-1.compute.internal up in Southbound
2026-01-28T09:42:37.972084785Z 2026-01-28T09:42:37.971Z|00258|binding|INFO|Claiming lport openshift-monitoring_prometheus-operator-76ff77665f-7pknb for this chassis.
2026-01-28T09:42:37.972084785Z 2026-01-28T09:42:37.971Z|00259|binding|INFO|openshift-monitoring_prometheus-operator-76ff77665f-7pknb: Claiming 0a:58:0a:81:00:2c 10.129.0.44
2026-01-28T09:42:38.016562343Z 2026-01-28T09:42:38.016Z|00260|binding|INFO|Setting lport openshift-monitoring_prometheus-operator-76ff77665f-7pknb up in Southbound
2026-01-28T09:42:38.021623958Z 2026-01-28T09:42:38.021Z|00261|binding|INFO|Setting lport openshift-monitoring_prometheus-operator-76ff77665f-7pknb ovn-installed in OVS
2026-01-28T09:43:02.690434347Z 2026-01-28T09:43:02.690Z|00262|binding|INFO|Claiming lport openshift-etcd_revision-pruner-7-ip-10-0-102-200.us-west-1.compute.internal for this chassis.
2026-01-28T09:43:02.690496608Z 2026-01-28T09:43:02.690Z|00263|binding|INFO|openshift-etcd_revision-pruner-7-ip-10-0-102-200.us-west-1.compute.internal: Claiming 0a:58:0a:81:00:2d 10.129.0.45
2026-01-28T09:43:02.731697520Z 2026-01-28T09:43:02.731Z|00264|binding|INFO|Setting lport openshift-etcd_revision-pruner-7-ip-10-0-102-200.us-west-1.compute.internal up in Southbound
2026-01-28T09:43:02.732366635Z 2026-01-28T09:43:02.732Z|00265|binding|INFO|Setting lport openshift-etcd_revision-pruner-7-ip-10-0-102-200.us-west-1.compute.internal ovn-installed in OVS
2026-01-28T09:43:05.356531223Z 2026-01-28T09:43:05.356Z|00266|binding|INFO|Releasing lport openshift-etcd_revision-pruner-7-ip-10-0-102-200.us-west-1.compute.internal from this chassis (sb_readonly=0)
2026-01-28T09:43:05.356595084Z 2026-01-28T09:43:05.356Z|00267|binding|INFO|Setting lport openshift-etcd_revision-pruner-7-ip-10-0-102-200.us-west-1.compute.internal down in Southbound
2026-01-28T09:43:17.397223915Z 2026-01-28T09:43:17.397Z|00268|binding|INFO|Releasing lport openshift-kube-apiserver_installer-5-ip-10-0-102-200.us-west-1.compute.internal from this chassis (sb_readonly=0)
2026-01-28T09:43:17.397294757Z 2026-01-28T09:43:17.397Z|00269|binding|INFO|Setting lport openshift-kube-apiserver_installer-5-ip-10-0-102-200.us-west-1.compute.internal down in Southbound
2026-01-28T09:43:27.692070840Z 2026-01-28T09:43:27.692Z|00270|binding|INFO|Claiming lport openshift-etcd_revision-pruner-8-ip-10-0-102-200.us-west-1.compute.internal for this chassis.
2026-01-28T09:43:27.692070840Z 2026-01-28T09:43:27.692Z|00271|binding|INFO|openshift-etcd_revision-pruner-8-ip-10-0-102-200.us-west-1.compute.internal: Claiming 0a:58:0a:81:00:2e 10.129.0.46
2026-01-28T09:43:27.735189434Z 2026-01-28T09:43:27.735Z|00272|binding|INFO|Setting lport openshift-etcd_revision-pruner-8-ip-10-0-102-200.us-west-1.compute.internal ovn-installed in OVS
2026-01-28T09:43:27.735189434Z 2026-01-28T09:43:27.735Z|00273|binding|INFO|Setting lport openshift-etcd_revision-pruner-8-ip-10-0-102-200.us-west-1.compute.internal up in Southbound
2026-01-28T09:43:30.449225280Z 2026-01-28T09:43:30.449Z|00274|binding|INFO|Releasing lport openshift-etcd_revision-pruner-8-ip-10-0-102-200.us-west-1.compute.internal from this chassis (sb_readonly=0)
2026-01-28T09:43:30.449279841Z 2026-01-28T09:43:30.449Z|00275|binding|INFO|Setting lport openshift-etcd_revision-pruner-8-ip-10-0-102-200.us-west-1.compute.internal down in Southbound
2026-01-28T09:43:34.693676082Z 2026-01-28T09:43:34.693Z|00276|binding|INFO|Claiming lport openshift-etcd_installer-8-ip-10-0-102-200.us-west-1.compute.internal for this chassis.
2026-01-28T09:43:34.693734633Z 2026-01-28T09:43:34.693Z|00277|binding|INFO|openshift-etcd_installer-8-ip-10-0-102-200.us-west-1.compute.internal: Claiming 0a:58:0a:81:00:2f 10.129.0.47
2026-01-28T09:43:34.737875738Z 2026-01-28T09:43:34.737Z|00278|binding|INFO|Setting lport openshift-etcd_installer-8-ip-10-0-102-200.us-west-1.compute.internal ovn-installed in OVS
2026-01-28T09:43:34.737875738Z 2026-01-28T09:43:34.737Z|00279|binding|INFO|Setting lport openshift-etcd_installer-8-ip-10-0-102-200.us-west-1.compute.internal up in Southbound
2026-01-28T09:43:40.535514421Z 2026-01-28T09:43:40.535Z|00280|binding|INFO|Claiming lport openshift-kube-apiserver_installer-6-ip-10-0-102-200.us-west-1.compute.internal for this chassis.
2026-01-28T09:43:40.535575282Z 2026-01-28T09:43:40.535Z|00281|binding|INFO|openshift-kube-apiserver_installer-6-ip-10-0-102-200.us-west-1.compute.internal: Claiming 0a:58:0a:81:00:30 10.129.0.48
2026-01-28T09:43:40.578512652Z 2026-01-28T09:43:40.578Z|00282|binding|INFO|Setting lport openshift-kube-apiserver_installer-6-ip-10-0-102-200.us-west-1.compute.internal ovn-installed in OVS
2026-01-28T09:43:40.578512652Z 2026-01-28T09:43:40.578Z|00283|binding|INFO|Setting lport openshift-kube-apiserver_installer-6-ip-10-0-102-200.us-west-1.compute.internal up in Southbound
2026-01-28T09:43:43.395185051Z 2026-01-28T09:43:43.395Z|00284|binding|INFO|Claiming lport openshift-console_console-7bdcfdb46d-k28c4 for this chassis.
2026-01-28T09:43:43.395185051Z 2026-01-28T09:43:43.395Z|00285|binding|INFO|openshift-console_console-7bdcfdb46d-k28c4: Claiming 0a:58:0a:81:00:31 10.129.0.49
2026-01-28T09:43:43.435535498Z 2026-01-28T09:43:43.435Z|00286|binding|INFO|Setting lport openshift-console_console-7bdcfdb46d-k28c4 ovn-installed in OVS
2026-01-28T09:43:43.435535498Z 2026-01-28T09:43:43.435Z|00287|binding|INFO|Setting lport openshift-console_console-7bdcfdb46d-k28c4 up in Southbound
2026-01-28T09:44:00.358183616Z 2026-01-28T09:44:00.358Z|00288|binding|INFO|Releasing lport openshift-oauth-apiserver_apiserver-775c9c7997-nzbb7 from this chassis (sb_readonly=0)
2026-01-28T09:44:00.358258017Z 2026-01-28T09:44:00.358Z|00289|binding|INFO|Setting lport openshift-oauth-apiserver_apiserver-775c9c7997-nzbb7 down in Southbound
2026-01-28T09:44:00.970053359Z 2026-01-28T09:44:00.968Z|00290|binding|INFO|Claiming lport openshift-oauth-apiserver_apiserver-f485d7f4c-6j69n for this chassis.
2026-01-28T09:44:00.970053359Z 2026-01-28T09:44:00.968Z|00291|binding|INFO|openshift-oauth-apiserver_apiserver-f485d7f4c-6j69n: Claiming 0a:58:0a:81:00:32 10.129.0.50
2026-01-28T09:44:01.011799888Z 2026-01-28T09:44:01.011Z|00292|binding|INFO|Setting lport openshift-oauth-apiserver_apiserver-f485d7f4c-6j69n ovn-installed in OVS
2026-01-28T09:44:01.011799888Z 2026-01-28T09:44:01.011Z|00293|binding|INFO|Setting lport openshift-oauth-apiserver_apiserver-f485d7f4c-6j69n up in Southbound
2026-01-28T09:44:07.620506985Z 2026-01-28T09:44:07.620Z|00294|binding|INFO|Releasing lport openshift-etcd_installer-8-ip-10-0-102-200.us-west-1.compute.internal from this chassis (sb_readonly=0)
2026-01-28T09:44:07.620568616Z 2026-01-28T09:44:07.620Z|00295|binding|INFO|Setting lport openshift-etcd_installer-8-ip-10-0-102-200.us-west-1.compute.internal down in Southbound
2026-01-28T09:44:13.736947823Z 2026-01-28T09:44:13.736Z|00296|binding|INFO|Releasing lport openshift-authentication_oauth-openshift-5b776594cb-5k8gf from this chassis (sb_readonly=0)
2026-01-28T09:44:13.737645549Z 2026-01-28T09:44:13.737Z|00297|binding|INFO|Setting lport openshift-authentication_oauth-openshift-5b776594cb-5k8gf down in Southbound
2026-01-28T09:44:13.966220888Z 2026-01-28T09:44:13.966Z|00298|binding|INFO|Releasing lport openshift-console_console-7bdcfdb46d-k28c4 from this chassis (sb_readonly=0)
2026-01-28T09:44:13.966363472Z 2026-01-28T09:44:13.966Z|00299|binding|INFO|Setting lport openshift-console_console-7bdcfdb46d-k28c4 down in Southbound
2026-01-28T09:44:20.462712241Z 2026-01-28T09:44:20.462Z|00300|binding|INFO|Claiming lport openshift-console_console-77fcdcbd6-845x4 for this chassis.
2026-01-28T09:44:20.462776083Z 2026-01-28T09:44:20.462Z|00301|binding|INFO|openshift-console_console-77fcdcbd6-845x4: Claiming 0a:58:0a:81:00:33 10.129.0.51
2026-01-28T09:44:20.503807805Z 2026-01-28T09:44:20.503Z|00302|binding|INFO|Setting lport openshift-console_console-77fcdcbd6-845x4 ovn-installed in OVS
2026-01-28T09:44:20.503807805Z 2026-01-28T09:44:20.503Z|00303|binding|INFO|Setting lport openshift-console_console-77fcdcbd6-845x4 up in Southbound
2026-01-28T09:44:20.510225480Z 2026-01-28T09:44:20.510Z|00304|binding|INFO|Claiming lport openshift-authentication_oauth-openshift-85f8644668-v9ndg for this chassis.
2026-01-28T09:44:20.510287451Z 2026-01-28T09:44:20.510Z|00305|binding|INFO|openshift-authentication_oauth-openshift-85f8644668-v9ndg: Claiming 0a:58:0a:81:00:34 10.129.0.52
2026-01-28T09:44:20.553159445Z 2026-01-28T09:44:20.553Z|00306|binding|INFO|Setting lport openshift-authentication_oauth-openshift-85f8644668-v9ndg ovn-installed in OVS
2026-01-28T09:44:20.553224767Z 2026-01-28T09:44:20.553Z|00307|binding|INFO|Setting lport openshift-authentication_oauth-openshift-85f8644668-v9ndg up in Southbound
2026-01-28T09:44:20.709362058Z 2026-01-28T09:44:20.709Z|00308|binding|INFO|Releasing lport openshift-kube-apiserver_installer-6-ip-10-0-102-200.us-west-1.compute.internal from this chassis (sb_readonly=0)
2026-01-28T09:44:20.709431299Z 2026-01-28T09:44:20.709Z|00309|binding|INFO|Setting lport openshift-kube-apiserver_installer-6-ip-10-0-102-200.us-west-1.compute.internal down in Southbound
2026-01-28T09:44:48.886757965Z 2026-01-28T09:44:48.886Z|00310|binding|INFO|Releasing lport openshift-console_console-77fcdcbd6-845x4 from this chassis (sb_readonly=0)
2026-01-28T09:44:48.886757965Z 2026-01-28T09:44:48.886Z|00311|binding|INFO|Setting lport openshift-console_console-77fcdcbd6-845x4 down in Southbound
2026-01-28T09:44:49.455679275Z 2026-01-28T09:44:49.455Z|00312|binding|INFO|Claiming lport openshift-console_console-585b57b9cf-2ntjt for this chassis.
2026-01-28T09:44:49.455750557Z 2026-01-28T09:44:49.455Z|00313|binding|INFO|openshift-console_console-585b57b9cf-2ntjt: Claiming 0a:58:0a:81:00:35 10.129.0.53
2026-01-28T09:44:49.492557301Z 2026-01-28T09:44:49.492Z|00314|binding|INFO|Setting lport openshift-console_console-585b57b9cf-2ntjt ovn-installed in OVS
2026-01-28T09:44:49.492557301Z 2026-01-28T09:44:49.492Z|00315|binding|INFO|Setting lport openshift-console_console-585b57b9cf-2ntjt up in Southbound
2026-01-28T09:45:22.359355330Z 2026-01-28T09:45:22.359Z|00316|binding|INFO|Claiming lport openshift-kube-controller-manager_installer-7-ip-10-0-102-200.us-west-1.compute.internal for this chassis.
2026-01-28T09:45:22.359417261Z 2026-01-28T09:45:22.359Z|00317|binding|INFO|openshift-kube-controller-manager_installer-7-ip-10-0-102-200.us-west-1.compute.internal: Claiming 0a:58:0a:81:00:36 10.129.0.54
2026-01-28T09:45:22.401163202Z 2026-01-28T09:45:22.401Z|00318|binding|INFO|Setting lport openshift-kube-controller-manager_installer-7-ip-10-0-102-200.us-west-1.compute.internal up in Southbound
2026-01-28T09:45:22.401857037Z 2026-01-28T09:45:22.401Z|00319|binding|INFO|Setting lport openshift-kube-controller-manager_installer-7-ip-10-0-102-200.us-west-1.compute.internal ovn-installed in OVS
2026-01-28T09:45:48.719822196Z 2026-01-28T09:45:48.719Z|00320|binding|INFO|Claiming lport openshift-kube-scheduler_revision-pruner-6-ip-10-0-102-200.us-west-1.compute.internal for this chassis.
2026-01-28T09:45:48.719883667Z 2026-01-28T09:45:48.719Z|00321|binding|INFO|openshift-kube-scheduler_revision-pruner-6-ip-10-0-102-200.us-west-1.compute.internal: Claiming 0a:58:0a:81:00:37 10.129.0.55
2026-01-28T09:45:48.763907379Z 2026-01-28T09:45:48.763Z|00322|binding|INFO|Setting lport openshift-kube-scheduler_revision-pruner-6-ip-10-0-102-200.us-west-1.compute.internal up in Southbound
2026-01-28T09:45:48.763952030Z 2026-01-28T09:45:48.763Z|00323|binding|INFO|Setting lport openshift-kube-scheduler_revision-pruner-6-ip-10-0-102-200.us-west-1.compute.internal ovn-installed in OVS
2026-01-28T09:45:50.098682597Z 2026-01-28T09:45:50.098Z|00324|binding|INFO|Releasing lport openshift-apiserver_apiserver-7fd9cdccd4-whddr from this chassis (sb_readonly=0)
2026-01-28T09:45:50.098723968Z 2026-01-28T09:45:50.098Z|00325|binding|INFO|Setting lport openshift-apiserver_apiserver-7fd9cdccd4-whddr down in Southbound
2026-01-28T09:45:50.679537352Z 2026-01-28T09:45:50.679Z|00326|binding|INFO|Claiming lport openshift-apiserver_apiserver-846d86c975-gq94n for this chassis.
2026-01-28T09:45:50.679602603Z 2026-01-28T09:45:50.679Z|00327|binding|INFO|openshift-apiserver_apiserver-846d86c975-gq94n: Claiming 0a:58:0a:81:00:38 10.129.0.56
2026-01-28T09:45:50.720932615Z 2026-01-28T09:45:50.720Z|00328|binding|INFO|Setting lport openshift-apiserver_apiserver-846d86c975-gq94n ovn-installed in OVS
2026-01-28T09:45:50.720932615Z 2026-01-28T09:45:50.720Z|00329|binding|INFO|Setting lport openshift-apiserver_apiserver-846d86c975-gq94n up in Southbound
2026-01-28T09:45:51.120041665Z 2026-01-28T09:45:51.116Z|00330|binding|INFO|Releasing lport openshift-kube-scheduler_revision-pruner-6-ip-10-0-102-200.us-west-1.compute.internal from this chassis (sb_readonly=0)
2026-01-28T09:45:51.120041665Z 2026-01-28T09:45:51.116Z|00331|binding|INFO|Setting lport openshift-kube-scheduler_revision-pruner-6-ip-10-0-102-200.us-west-1.compute.internal down in Southbound
2026-01-28T09:45:57.116138220Z 2026-01-28T09:45:57.116Z|00332|binding|INFO|Releasing lport openshift-kube-controller-manager_installer-7-ip-10-0-102-200.us-west-1.compute.internal from this chassis (sb_readonly=0)
2026-01-28T09:45:57.116211272Z 2026-01-28T09:45:57.116Z|00333|binding|INFO|Setting lport openshift-kube-controller-manager_installer-7-ip-10-0-102-200.us-west-1.compute.internal down in Southbound
2026-01-28T09:48:57.012696212Z 2026-01-28T09:48:57.012Z|00334|memory_trim|INFO|Detected inactivity (last active 30004 ms ago): trimming memory
2026-01-28T09:50:07.819389426Z 2026-01-28T09:50:07.819Z|00335|memory_trim|INFO|Detected inactivity (last active 30001 ms ago): trimming memory
2026-01-28T09:51:26.005690271Z 2026-01-28T09:51:26.005Z|00336|memory_trim|INFO|Detected inactivity (last active 30022 ms ago): trimming memory
2026-01-28T09:52:41.282604783Z 2026-01-28T09:52:41.282Z|00337|memory_trim|INFO|Detected inactivity (last active 30006 ms ago): trimming memory
2026-01-28T09:55:12.950259290Z 2026-01-28T09:55:12.950Z|00338|memory_trim|INFO|Detected inactivity (last active 30010 ms ago): trimming memory
2026-01-28T09:55:13.611420369Z 2026-01-28T09:55:13.611Z|00339|binding|INFO|Claiming lport openshift-kube-apiserver_revision-pruner-6-ip-10-0-102-200.us-west-1.compute.internal for this chassis.
2026-01-28T09:55:13.611478020Z 2026-01-28T09:55:13.611Z|00340|binding|INFO|openshift-kube-apiserver_revision-pruner-6-ip-10-0-102-200.us-west-1.compute.internal: Claiming 0a:58:0a:81:00:39 10.129.0.57
2026-01-28T09:55:13.655366030Z 2026-01-28T09:55:13.655Z|00341|binding|INFO|Setting lport openshift-kube-apiserver_revision-pruner-6-ip-10-0-102-200.us-west-1.compute.internal up in Southbound
2026-01-28T09:55:13.656219469Z 2026-01-28T09:55:13.656Z|00342|binding|INFO|Setting lport openshift-kube-apiserver_revision-pruner-6-ip-10-0-102-200.us-west-1.compute.internal ovn-installed in OVS
2026-01-28T09:55:16.114149155Z 2026-01-28T09:55:16.114Z|00343|binding|INFO|Releasing lport openshift-kube-apiserver_revision-pruner-6-ip-10-0-102-200.us-west-1.compute.internal from this chassis (sb_readonly=0)
2026-01-28T09:55:16.114203696Z 2026-01-28T09:55:16.114Z|00344|binding|INFO|Setting lport openshift-kube-apiserver_revision-pruner-6-ip-10-0-102-200.us-west-1.compute.internal down in Southbound
2026-01-28T09:55:46.259405100Z 2026-01-28T09:55:46.259Z|00345|memory_trim|INFO|Detected inactivity (last active 30015 ms ago): trimming memory
2026-01-28T10:24:25.515066125Z 2026-01-28T10:24:25.514Z|00346|binding|INFO|Claiming lport openshift-must-gather-5xcqk_must-gather-tkhkv for this chassis.
2026-01-28T10:24:25.515066125Z 2026-01-28T10:24:25.514Z|00347|binding|INFO|openshift-must-gather-5xcqk_must-gather-tkhkv: Claiming 0a:58:0a:81:00:3a 10.129.0.58
2026-01-28T10:24:25.557777660Z 2026-01-28T10:24:25.557Z|00348|binding|INFO|Setting lport openshift-must-gather-5xcqk_must-gather-tkhkv ovn-installed in OVS
2026-01-28T10:24:25.557777660Z 2026-01-28T10:24:25.557Z|00349|binding|INFO|Setting lport openshift-must-gather-5xcqk_must-gather-tkhkv up in Southbound
2026-01-28T10:24:45.432165175Z 2026-01-28T10:24:45.431Z|00350|binding|INFO|Claiming lport openshift-must-gather-5xcqk_perf-node-gather-daemonset-l76vv for this chassis.
2026-01-28T10:24:45.432165175Z 2026-01-28T10:24:45.431Z|00351|binding|INFO|openshift-must-gather-5xcqk_perf-node-gather-daemonset-l76vv: Claiming 0a:58:0a:81:00:3b 10.129.0.59
2026-01-28T10:24:45.479878015Z 2026-01-28T10:24:45.479Z|00352|binding|INFO|Setting lport openshift-must-gather-5xcqk_perf-node-gather-daemonset-l76vv ovn-installed in OVS
2026-01-28T10:24:45.479878015Z 2026-01-28T10:24:45.479Z|00353|binding|INFO|Setting lport openshift-must-gather-5xcqk_perf-node-gather-daemonset-l76vv up in Southbound
2026-01-28T10:25:04.461133204Z 2026-01-28T10:25:04.461Z|00354|binding|INFO|Removing iface c6448be097f6c44 ovn-installed in OVS
2026-01-28T10:25:04.461962922Z 2026-01-28T10:25:04.461Z|00355|binding|INFO|Removing lport openshift-must-gather-5xcqk_perf-node-gather-daemonset-l76vv ovn-installed in OVS
