2026-01-28T09:36:38.577169728Z + [[ -f /env/_master ]]
2026-01-28T09:36:38.577169728Z + . /ovnkube-lib/ovnkube-lib.sh
2026-01-28T09:36:38.577250009Z ++ set -x
2026-01-28T09:36:38.577250009Z ++ K8S_NODE=
2026-01-28T09:36:38.577250009Z ++ [[ -n '' ]]
2026-01-28T09:36:38.577263150Z ++ northd_pidfile=/var/run/ovn/ovn-northd.pid
2026-01-28T09:36:38.577273410Z ++ controller_pidfile=/var/run/ovn/ovn-controller.pid
2026-01-28T09:36:38.577273410Z ++ controller_logfile=/var/log/ovn/acl-audit-log.log
2026-01-28T09:36:38.577283800Z ++ vswitch_dbsock=/var/run/openvswitch/db.sock
2026-01-28T09:36:38.577293910Z ++ nbdb_pidfile=/var/run/ovn/ovnnb_db.pid
2026-01-28T09:36:38.577293910Z ++ nbdb_sock=/var/run/ovn/ovnnb_db.sock
2026-01-28T09:36:38.577303891Z ++ nbdb_ctl=/var/run/ovn/ovnnb_db.ctl
2026-01-28T09:36:38.577303891Z ++ sbdb_pidfile=/var/run/ovn/ovnsb_db.pid
2026-01-28T09:36:38.577314191Z ++ sbdb_sock=/var/run/ovn/ovnsb_db.sock
2026-01-28T09:36:38.577323801Z ++ sbdb_ctl=/var/run/ovn/ovnsb_db.ctl
2026-01-28T09:36:38.578224599Z + trap quit-sbdb TERM INT
2026-01-28T09:36:38.578243719Z + start-sbdb info
2026-01-28T09:36:38.578243719Z + local log_level=info
2026-01-28T09:36:38.578256460Z + [[ 1 -ne 1 ]]
2026-01-28T09:36:38.578463944Z + wait 3209
2026-01-28T09:36:38.578521665Z + exec /usr/share/ovn/scripts/ovn-ctl --no-monitor --db-sb-sock=/var/run/ovn/ovnsb_db.sock '--ovn-sb-log=-vconsole:info -vfile:off -vPATTERN:console:%D{%Y-%m-%dT%H:%M:%S.###Z}|%05N|%c%T|%p|%m' run_sb_ovsdb
2026-01-28T09:36:38.658225814Z /etc/ovn/ovnsb_db.db does not exist ... (warning).
2026-01-28T09:36:38.686298177Z Creating empty database /etc/ovn/ovnsb_db.db.
2026-01-28T09:36:38.712926281Z 2026-01-28T09:36:38.712Z|00001|vlog|INFO|opened log file /var/log/ovn/ovsdb-server-sb.log
2026-01-28T09:36:38.717574234Z 2026-01-28T09:36:38.717Z|00002|ovsdb_server|INFO|ovsdb-server (Open vSwitch) 3.5.2-51.el9fdp
2026-01-28T09:36:48.718648886Z 2026-01-28T09:36:48.718Z|00003|memory|INFO|14976 kB peak resident set size after 10.0 seconds
2026-01-28T09:36:48.718772708Z 2026-01-28T09:36:48.718Z|00004|memory|INFO|atoms:16810 cells:15958 json-caches:2 monitors:5 n-weak-refs:117 sessions:3
