2026-01-28T09:31:41.074472053Z I0128 09:31:41.073344       1 main.go:45] Version:93ae3cda55610c22414b32e87ade429c6fb110ed
2026-01-28T09:31:41.074472053Z I0128 09:31:41.073395       1 main.go:46] Starting with config{  :9091 ip-10-0-102-200.us-west-1.compute.internal}
2026-01-28T09:31:41.074980524Z W0128 09:31:41.074961       1 client_config.go:618] Neither --kubeconfig nor --master was specified.  Using the inClusterConfig.  This might not work.
2026-01-28T09:31:41.078900182Z I0128 09:31:41.078879       1 controller.go:42] Setting up event handlers
2026-01-28T09:31:41.083123377Z I0128 09:31:41.080238       1 podmetrics.go:101] Serving network metrics
2026-01-28T09:31:41.083123377Z I0128 09:31:41.080252       1 controller.go:101] Starting pod controller
2026-01-28T09:31:41.083123377Z I0128 09:31:41.080257       1 controller.go:104] Waiting for informer caches to sync
2026-01-28T09:31:41.181380071Z I0128 09:31:41.181212       1 controller.go:109] Starting workers
2026-01-28T09:31:41.181434272Z I0128 09:31:41.181423       1 controller.go:114] Started workers
2026-01-28T09:31:41.181487733Z I0128 09:31:41.181476       1 controller.go:192] Received pod 'aws-ebs-csi-driver-controller-7b68b68679-khprz'
2026-01-28T09:31:41.181585295Z I0128 09:31:41.181572       1 controller.go:151] Successfully synced 'openshift-cluster-csi-drivers/aws-ebs-csi-driver-controller-7b68b68679-khprz'
2026-01-28T09:31:41.181631686Z I0128 09:31:41.181620       1 controller.go:192] Received pod 'downloads-5cd4dc6c99-njvt9'
2026-01-28T09:31:41.181669567Z I0128 09:31:41.181660       1 controller.go:151] Successfully synced 'openshift-console/downloads-5cd4dc6c99-njvt9'
2026-01-28T09:31:41.181717928Z I0128 09:31:41.181707       1 controller.go:192] Received pod 'loki-promtail-gppr2'
2026-01-28T09:31:41.181751939Z I0128 09:31:41.181743       1 controller.go:151] Successfully synced 'openshift-e2e-loki/loki-promtail-gppr2'
2026-01-28T09:31:41.181776339Z I0128 09:31:41.181767       1 controller.go:192] Received pod 'installer-1-ip-10-0-102-200.us-west-1.compute.internal'
2026-01-28T09:31:41.181807410Z I0128 09:31:41.181798       1 controller.go:151] Successfully synced 'openshift-etcd/installer-1-ip-10-0-102-200.us-west-1.compute.internal'
2026-01-28T09:31:41.181830510Z I0128 09:31:41.181822       1 controller.go:192] Received pod 'installer-1-ip-10-0-102-200.us-west-1.compute.internal'
2026-01-28T09:31:41.181859231Z I0128 09:31:41.181850       1 controller.go:151] Successfully synced 'openshift-kube-controller-manager/installer-1-ip-10-0-102-200.us-west-1.compute.internal'
2026-01-28T09:31:41.181882362Z I0128 09:31:41.181874       1 controller.go:192] Received pod 'installer-2-ip-10-0-102-200.us-west-1.compute.internal'
2026-01-28T09:31:41.181910682Z I0128 09:31:41.181902       1 controller.go:151] Successfully synced 'openshift-kube-controller-manager/installer-2-ip-10-0-102-200.us-west-1.compute.internal'
2026-01-28T09:31:41.181933463Z I0128 09:31:41.181925       1 controller.go:192] Received pod 'installer-3-ip-10-0-102-200.us-west-1.compute.internal'
2026-01-28T09:31:41.181961753Z I0128 09:31:41.181953       1 controller.go:151] Successfully synced 'openshift-kube-scheduler/installer-3-ip-10-0-102-200.us-west-1.compute.internal'
2026-01-28T09:31:41.181984384Z I0128 09:31:41.181976       1 controller.go:192] Received pod 'network-metrics-daemon-xx8tl'
2026-01-28T09:31:41.182012455Z I0128 09:31:41.182004       1 controller.go:151] Successfully synced 'openshift-multus/network-metrics-daemon-xx8tl'
2026-01-28T09:31:41.182034555Z I0128 09:31:41.182026       1 controller.go:192] Received pod 'network-check-target-74c8c'
2026-01-28T09:31:41.182069106Z I0128 09:31:41.182060       1 controller.go:151] Successfully synced 'openshift-network-diagnostics/network-check-target-74c8c'
2026-01-28T09:31:41.182132677Z I0128 09:31:41.182121       1 controller.go:192] Received pod 'apiserver-6b75d77bd5-57pt7'
2026-01-28T09:31:41.182173328Z I0128 09:31:41.182163       1 controller.go:151] Successfully synced 'openshift-oauth-apiserver/apiserver-6b75d77bd5-57pt7'
2026-01-28T09:31:41.182197009Z I0128 09:31:41.182188       1 controller.go:192] Received pod 'service-ca-59d858b8c5-jkhh8'
2026-01-28T09:31:41.182227139Z I0128 09:31:41.182218       1 controller.go:151] Successfully synced 'openshift-service-ca/service-ca-59d858b8c5-jkhh8'
2026-01-28T09:31:46.872832345Z I0128 09:31:46.872705       1 controller.go:151] Successfully synced 'openshift-kube-controller-manager/installer-2-ip-10-0-102-200.us-west-1.compute.internal'
2026-01-28T09:31:49.476174857Z I0128 09:31:49.475773       1 controller.go:192] Received pod 'installer-3-ip-10-0-102-200.us-west-1.compute.internal'
2026-01-28T09:31:49.476203937Z I0128 09:31:49.476196       1 controller.go:151] Successfully synced 'openshift-kube-controller-manager/installer-3-ip-10-0-102-200.us-west-1.compute.internal'
2026-01-28T09:31:49.900125330Z I0128 09:31:49.900064       1 controller.go:151] Successfully synced 'openshift-kube-controller-manager/installer-1-ip-10-0-102-200.us-west-1.compute.internal'
2026-01-28T09:32:01.672717873Z I0128 09:32:01.671626       1 controller.go:192] Received pod 'dns-default-jcnkp'
2026-01-28T09:32:01.672717873Z I0128 09:32:01.672052       1 controller.go:151] Successfully synced 'openshift-dns/dns-default-jcnkp'
2026-01-28T09:32:11.777809934Z I0128 09:32:11.777256       1 controller.go:192] Received pod 'etcd-guard-ip-10-0-102-200.us-west-1.compute.internal'
2026-01-28T09:32:11.777809934Z I0128 09:32:11.777742       1 controller.go:151] Successfully synced 'openshift-etcd/etcd-guard-ip-10-0-102-200.us-west-1.compute.internal'
2026-01-28T09:32:15.087267838Z I0128 09:32:15.087227       1 controller.go:151] Successfully synced 'openshift-kube-scheduler/installer-3-ip-10-0-102-200.us-west-1.compute.internal'
2026-01-28T09:32:17.874392030Z I0128 09:32:17.874340       1 controller.go:192] Received pod 'installer-4-ip-10-0-102-200.us-west-1.compute.internal'
2026-01-28T09:32:17.874509113Z I0128 09:32:17.874493       1 controller.go:151] Successfully synced 'openshift-kube-scheduler/installer-4-ip-10-0-102-200.us-west-1.compute.internal'
2026-01-28T09:32:19.331247270Z I0128 09:32:19.331195       1 controller.go:192] Received pod 'openshift-kube-scheduler-guard-ip-10-0-102-200.us-west-1.compute.internal'
2026-01-28T09:32:19.331247270Z I0128 09:32:19.331239       1 controller.go:151] Successfully synced 'openshift-kube-scheduler/openshift-kube-scheduler-guard-ip-10-0-102-200.us-west-1.compute.internal'
2026-01-28T09:32:34.477953983Z I0128 09:32:34.477918       1 controller.go:192] Received pod 'installer-4-ip-10-0-102-200.us-west-1.compute.internal'
2026-01-28T09:32:34.478057416Z I0128 09:32:34.478031       1 controller.go:151] Successfully synced 'openshift-kube-controller-manager/installer-4-ip-10-0-102-200.us-west-1.compute.internal'
2026-01-28T09:32:50.240782893Z I0128 09:32:50.240723       1 controller.go:151] Successfully synced 'openshift-cluster-csi-drivers/aws-ebs-csi-driver-controller-7b68b68679-khprz'
2026-01-28T09:32:51.237701401Z I0128 09:32:51.237625       1 controller.go:151] Successfully synced 'openshift-apiserver/apiserver-67797656fb-lzm68'
2026-01-28T09:32:51.874271985Z I0128 09:32:51.874213       1 controller.go:192] Received pod 'apiserver-bd64768ff-nzdwl'
2026-01-28T09:32:51.874271985Z I0128 09:32:51.874254       1 controller.go:151] Successfully synced 'openshift-apiserver/apiserver-bd64768ff-nzdwl'
2026-01-28T09:33:03.288569142Z I0128 09:33:03.288532       1 controller.go:151] Successfully synced 'openshift-kube-scheduler/openshift-kube-scheduler-ip-10-0-102-200.us-west-1.compute.internal'
2026-01-28T09:33:23.645916360Z I0128 09:33:23.645856       1 controller.go:192] Received pod 'installer-4-retry-1-ip-10-0-102-200.us-west-1.compute.internal'
2026-01-28T09:33:23.646059243Z I0128 09:33:23.646028       1 controller.go:151] Successfully synced 'openshift-kube-controller-manager/installer-4-retry-1-ip-10-0-102-200.us-west-1.compute.internal'
2026-01-28T09:34:00.429312654Z I0128 09:34:00.429260       1 controller.go:151] Successfully synced 'openshift-apiserver/apiserver-bd64768ff-nzdwl'
2026-01-28T09:34:00.721854448Z I0128 09:34:00.713912       1 controller.go:192] Received pod 'apiserver-7c78d7f689-7gmcl'
2026-01-28T09:34:00.721854448Z I0128 09:34:00.714003       1 controller.go:151] Successfully synced 'openshift-apiserver/apiserver-7c78d7f689-7gmcl'
2026-01-28T09:34:20.150794811Z I0128 09:34:20.150757       1 controller.go:192] Received pod 'installer-4-retry-2-ip-10-0-102-200.us-west-1.compute.internal'
2026-01-28T09:34:20.150929574Z I0128 09:34:20.150897       1 controller.go:151] Successfully synced 'openshift-kube-controller-manager/installer-4-retry-2-ip-10-0-102-200.us-west-1.compute.internal'
2026-01-28T09:35:07.039574672Z I0128 09:35:07.039512       1 controller.go:192] Received pod 'installer-5-ip-10-0-102-200.us-west-1.compute.internal'
2026-01-28T09:35:07.040038392Z I0128 09:35:07.039673       1 controller.go:151] Successfully synced 'openshift-kube-controller-manager/installer-5-ip-10-0-102-200.us-west-1.compute.internal'
2026-01-28T09:35:12.435324917Z I0128 09:35:12.435287       1 controller.go:192] Received pod 'installer-1-ip-10-0-102-200.us-west-1.compute.internal'
2026-01-28T09:35:12.435409699Z I0128 09:35:12.435395       1 controller.go:151] Successfully synced 'openshift-kube-apiserver/installer-1-ip-10-0-102-200.us-west-1.compute.internal'
2026-01-28T09:35:44.825738738Z I0128 09:35:44.823433       1 controller.go:192] Received pod 'kube-controller-manager-guard-ip-10-0-102-200.us-west-1.compute.internal'
2026-01-28T09:35:44.825738738Z I0128 09:35:44.823474       1 controller.go:151] Successfully synced 'openshift-kube-controller-manager/kube-controller-manager-guard-ip-10-0-102-200.us-west-1.compute.internal'
2026-01-28T09:35:48.098205105Z I0128 09:35:48.098130       1 controller.go:151] Successfully synced 'openshift-oauth-apiserver/apiserver-6b75d77bd5-57pt7'
2026-01-28T09:35:48.384714647Z I0128 09:35:48.384577       1 controller.go:192] Received pod 'apiserver-7b48d6dccd-7hzzz'
2026-01-28T09:35:48.384714647Z I0128 09:35:48.384620       1 controller.go:151] Successfully synced 'openshift-oauth-apiserver/apiserver-7b48d6dccd-7hzzz'
2026-01-28T09:35:55.748911259Z I0128 09:35:55.748853       1 controller.go:192] Received pod 'kube-apiserver-guard-ip-10-0-102-200.us-west-1.compute.internal'
2026-01-28T09:35:55.749063772Z I0128 09:35:55.749048       1 controller.go:151] Successfully synced 'openshift-kube-apiserver/kube-apiserver-guard-ip-10-0-102-200.us-west-1.compute.internal'
2026-01-28T09:37:15.976286837Z I0128 09:37:15.976222       1 controller.go:192] Received pod 'installer-7-ip-10-0-102-200.us-west-1.compute.internal'
2026-01-28T09:37:15.976328058Z I0128 09:37:15.976290       1 controller.go:151] Successfully synced 'openshift-etcd/installer-7-ip-10-0-102-200.us-west-1.compute.internal'
2026-01-28T09:37:50.208747076Z I0128 09:37:50.208704       1 controller.go:151] Successfully synced 'openshift-apiserver/apiserver-7c78d7f689-7gmcl'
2026-01-28T09:37:50.291895915Z I0128 09:37:50.291852       1 controller.go:192] Received pod 'apiserver-7fd9cdccd4-whddr'
2026-01-28T09:37:50.291961756Z I0128 09:37:50.291902       1 controller.go:151] Successfully synced 'openshift-apiserver/apiserver-7fd9cdccd4-whddr'
2026-01-28T09:38:26.187730805Z I0128 09:38:26.187633       1 controller.go:192] Received pod 'installer-5-ip-10-0-102-200.us-west-1.compute.internal'
2026-01-28T09:38:26.187730805Z I0128 09:38:26.187673       1 controller.go:151] Successfully synced 'openshift-kube-scheduler/installer-5-ip-10-0-102-200.us-west-1.compute.internal'
2026-01-28T09:38:26.299517387Z I0128 09:38:26.299444       1 controller.go:151] Successfully synced 'openshift-etcd/etcd-ip-10-0-102-200.us-west-1.compute.internal'
2026-01-28T09:38:44.399961900Z I0128 09:38:44.399919       1 controller.go:151] Successfully synced 'openshift-oauth-apiserver/apiserver-7b48d6dccd-7hzzz'
2026-01-28T09:38:44.820053319Z I0128 09:38:44.819863       1 controller.go:192] Received pod 'apiserver-775c9c7997-nzbb7'
2026-01-28T09:38:44.820053319Z I0128 09:38:44.819928       1 controller.go:151] Successfully synced 'openshift-oauth-apiserver/apiserver-775c9c7997-nzbb7'
2026-01-28T09:39:10.286664927Z I0128 09:39:10.286605       1 controller.go:151] Successfully synced 'openshift-kube-scheduler/openshift-kube-scheduler-ip-10-0-102-200.us-west-1.compute.internal'
2026-01-28T09:40:07.426902621Z I0128 09:40:07.426850       1 controller.go:192] Received pod 'installer-6-ip-10-0-102-200.us-west-1.compute.internal'
2026-01-28T09:40:07.427048015Z I0128 09:40:07.427012       1 controller.go:151] Successfully synced 'openshift-kube-scheduler/installer-6-ip-10-0-102-200.us-west-1.compute.internal'
2026-01-28T09:40:13.160371263Z I0128 09:40:13.160331       1 controller.go:192] Received pod 'pod-identity-webhook-698875dc5b-rrw8l'
2026-01-28T09:40:13.160407344Z I0128 09:40:13.160395       1 controller.go:151] Successfully synced 'openshift-cloud-credential-operator/pod-identity-webhook-698875dc5b-rrw8l'
2026-01-28T09:40:17.203860770Z I0128 09:40:17.203814       1 controller.go:192] Received pod 'installer-6-ip-10-0-102-200.us-west-1.compute.internal'
2026-01-28T09:40:17.203970083Z I0128 09:40:17.203955       1 controller.go:151] Successfully synced 'openshift-kube-controller-manager/installer-6-ip-10-0-102-200.us-west-1.compute.internal'
2026-01-28T09:40:22.212315928Z I0128 09:40:22.212255       1 controller.go:192] Received pod 'oauth-openshift-579b6b5f5-9cwvk'
2026-01-28T09:40:22.212315928Z I0128 09:40:22.212298       1 controller.go:151] Successfully synced 'openshift-authentication/oauth-openshift-579b6b5f5-9cwvk'
2026-01-28T09:40:36.094295130Z I0128 09:40:36.094217       1 controller.go:192] Received pod 'installer-3-ip-10-0-102-200.us-west-1.compute.internal'
2026-01-28T09:40:36.094295130Z I0128 09:40:36.094283       1 controller.go:151] Successfully synced 'openshift-kube-apiserver/installer-3-ip-10-0-102-200.us-west-1.compute.internal'
2026-01-28T09:40:50.286905804Z I0128 09:40:50.286775       1 controller.go:151] Successfully synced 'openshift-kube-scheduler/openshift-kube-scheduler-ip-10-0-102-200.us-west-1.compute.internal'
2026-01-28T09:40:52.848892281Z I0128 09:40:52.848853       1 controller.go:151] Successfully synced 'openshift-authentication/oauth-openshift-579b6b5f5-9cwvk'
2026-01-28T09:40:52.874635310Z I0128 09:40:52.874599       1 controller.go:192] Received pod 'oauth-openshift-5b776594cb-5k8gf'
2026-01-28T09:40:52.874749192Z I0128 09:40:52.874733       1 controller.go:151] Successfully synced 'openshift-authentication/oauth-openshift-5b776594cb-5k8gf'
2026-01-28T09:40:59.686644687Z I0128 09:40:59.686605       1 controller.go:192] Received pod 'installer-4-ip-10-0-102-200.us-west-1.compute.internal'
2026-01-28T09:40:59.686730449Z I0128 09:40:59.686714       1 controller.go:151] Successfully synced 'openshift-kube-apiserver/installer-4-ip-10-0-102-200.us-west-1.compute.internal'
2026-01-28T09:41:02.285084819Z I0128 09:41:02.285009       1 controller.go:151] Successfully synced 'openshift-kube-controller-manager/kube-controller-manager-ip-10-0-102-200.us-west-1.compute.internal'
2026-01-28T09:41:07.219314257Z I0128 09:41:07.219271       1 controller.go:151] Successfully synced 'openshift-kube-apiserver/installer-3-ip-10-0-102-200.us-west-1.compute.internal'
2026-01-28T09:42:37.995932206Z I0128 09:42:37.994998       1 controller.go:192] Received pod 'installer-5-ip-10-0-102-200.us-west-1.compute.internal'
2026-01-28T09:42:37.996290454Z I0128 09:42:37.996248       1 controller.go:151] Successfully synced 'openshift-kube-apiserver/installer-5-ip-10-0-102-200.us-west-1.compute.internal'
2026-01-28T09:42:38.236861988Z I0128 09:42:38.236803       1 controller.go:192] Received pod 'prometheus-operator-76ff77665f-7pknb'
2026-01-28T09:42:38.237172295Z I0128 09:42:38.236897       1 controller.go:151] Successfully synced 'openshift-monitoring/prometheus-operator-76ff77665f-7pknb'
2026-01-28T09:43:02.945310282Z I0128 09:43:02.943903       1 controller.go:192] Received pod 'revision-pruner-7-ip-10-0-102-200.us-west-1.compute.internal'
2026-01-28T09:43:02.945310282Z I0128 09:43:02.943947       1 controller.go:151] Successfully synced 'openshift-etcd/revision-pruner-7-ip-10-0-102-200.us-west-1.compute.internal'
2026-01-28T09:43:12.392818094Z I0128 09:43:12.392772       1 controller.go:151] Successfully synced 'openshift-etcd/installer-1-ip-10-0-102-200.us-west-1.compute.internal'
2026-01-28T09:43:27.947556417Z I0128 09:43:27.946515       1 controller.go:192] Received pod 'revision-pruner-8-ip-10-0-102-200.us-west-1.compute.internal'
2026-01-28T09:43:27.947556417Z I0128 09:43:27.946595       1 controller.go:151] Successfully synced 'openshift-etcd/revision-pruner-8-ip-10-0-102-200.us-west-1.compute.internal'
2026-01-28T09:43:34.942676723Z I0128 09:43:34.941927       1 controller.go:192] Received pod 'installer-8-ip-10-0-102-200.us-west-1.compute.internal'
2026-01-28T09:43:34.942676723Z I0128 09:43:34.941973       1 controller.go:151] Successfully synced 'openshift-etcd/installer-8-ip-10-0-102-200.us-west-1.compute.internal'
2026-01-28T09:43:40.785827859Z I0128 09:43:40.785455       1 controller.go:192] Received pod 'installer-6-ip-10-0-102-200.us-west-1.compute.internal'
2026-01-28T09:43:40.785827859Z I0128 09:43:40.785497       1 controller.go:151] Successfully synced 'openshift-kube-apiserver/installer-6-ip-10-0-102-200.us-west-1.compute.internal'
2026-01-28T09:43:43.554552124Z I0128 09:43:43.554512       1 controller.go:192] Received pod 'console-7bdcfdb46d-k28c4'
2026-01-28T09:43:43.554633716Z I0128 09:43:43.554620       1 controller.go:151] Successfully synced 'openshift-console/console-7bdcfdb46d-k28c4'
2026-01-28T09:44:00.868673980Z I0128 09:44:00.868621       1 controller.go:151] Successfully synced 'openshift-oauth-apiserver/apiserver-775c9c7997-nzbb7'
2026-01-28T09:44:01.228932568Z I0128 09:44:01.228892       1 controller.go:192] Received pod 'apiserver-f485d7f4c-6j69n'
2026-01-28T09:44:01.229048631Z I0128 09:44:01.229027       1 controller.go:151] Successfully synced 'openshift-oauth-apiserver/apiserver-f485d7f4c-6j69n'
2026-01-28T09:44:11.293270693Z I0128 09:44:11.293225       1 controller.go:151] Successfully synced 'openshift-kube-apiserver/kube-apiserver-ip-10-0-102-200.us-west-1.compute.internal'
2026-01-28T09:44:14.666751781Z I0128 09:44:14.666710       1 controller.go:151] Successfully synced 'openshift-console/console-7bdcfdb46d-k28c4'
2026-01-28T09:44:14.711506127Z I0128 09:44:14.711468       1 controller.go:151] Successfully synced 'openshift-authentication/oauth-openshift-5b776594cb-5k8gf'
2026-01-28T09:44:20.725082671Z I0128 09:44:20.724078       1 controller.go:192] Received pod 'console-77fcdcbd6-845x4'
2026-01-28T09:44:20.725082671Z I0128 09:44:20.724163       1 controller.go:151] Successfully synced 'openshift-console/console-77fcdcbd6-845x4'
2026-01-28T09:44:20.774358029Z I0128 09:44:20.773340       1 controller.go:192] Received pod 'oauth-openshift-85f8644668-v9ndg'
2026-01-28T09:44:20.774358029Z I0128 09:44:20.773395       1 controller.go:151] Successfully synced 'openshift-authentication/oauth-openshift-85f8644668-v9ndg'
2026-01-28T09:44:48.377363707Z I0128 09:44:48.377307       1 controller.go:151] Successfully synced 'openshift-etcd/etcd-ip-10-0-102-200.us-west-1.compute.internal'
2026-01-28T09:44:49.712527931Z I0128 09:44:49.712489       1 controller.go:192] Received pod 'console-585b57b9cf-2ntjt'
2026-01-28T09:44:49.712701445Z I0128 09:44:49.712685       1 controller.go:151] Successfully synced 'openshift-console/console-585b57b9cf-2ntjt'
2026-01-28T09:44:49.855821024Z I0128 09:44:49.855756       1 controller.go:151] Successfully synced 'openshift-console/console-77fcdcbd6-845x4'
2026-01-28T09:45:22.611163774Z I0128 09:45:22.610911       1 controller.go:192] Received pod 'installer-7-ip-10-0-102-200.us-west-1.compute.internal'
2026-01-28T09:45:22.611163774Z I0128 09:45:22.610993       1 controller.go:151] Successfully synced 'openshift-kube-controller-manager/installer-7-ip-10-0-102-200.us-west-1.compute.internal'
2026-01-28T09:45:48.968794174Z I0128 09:45:48.968730       1 controller.go:192] Received pod 'revision-pruner-6-ip-10-0-102-200.us-west-1.compute.internal'
2026-01-28T09:45:48.968835805Z I0128 09:45:48.968803       1 controller.go:151] Successfully synced 'openshift-kube-scheduler/revision-pruner-6-ip-10-0-102-200.us-west-1.compute.internal'
2026-01-28T09:45:50.936979931Z I0128 09:45:50.936899       1 controller.go:192] Received pod 'apiserver-846d86c975-gq94n'
2026-01-28T09:45:50.937015742Z I0128 09:45:50.936946       1 controller.go:151] Successfully synced 'openshift-apiserver/apiserver-846d86c975-gq94n'
2026-01-28T09:45:51.084981315Z I0128 09:45:51.084924       1 controller.go:151] Successfully synced 'openshift-apiserver/apiserver-7fd9cdccd4-whddr'
2026-01-28T09:46:08.297494699Z I0128 09:46:08.297365       1 controller.go:151] Successfully synced 'openshift-kube-controller-manager/kube-controller-manager-ip-10-0-102-200.us-west-1.compute.internal'
2026-01-28T09:46:42.293190719Z I0128 09:46:42.293148       1 controller.go:151] Successfully synced 'openshift-kube-apiserver/kube-apiserver-ip-10-0-102-200.us-west-1.compute.internal'
2026-01-28T09:55:13.864625391Z I0128 09:55:13.864578       1 controller.go:192] Received pod 'revision-pruner-6-ip-10-0-102-200.us-west-1.compute.internal'
2026-01-28T09:55:13.864801035Z I0128 09:55:13.864732       1 controller.go:151] Successfully synced 'openshift-kube-apiserver/revision-pruner-6-ip-10-0-102-200.us-west-1.compute.internal'
2026-01-28T09:55:20.250052197Z I0128 09:55:20.250010       1 controller.go:151] Successfully synced 'openshift-kube-apiserver/installer-1-ip-10-0-102-200.us-west-1.compute.internal'
2026-01-28T10:24:25.772955620Z I0128 10:24:25.772910       1 controller.go:192] Received pod 'must-gather-tkhkv'
2026-01-28T10:24:25.773084163Z I0128 10:24:25.773066       1 controller.go:151] Successfully synced 'openshift-must-gather-5xcqk/must-gather-tkhkv'
2026-01-28T10:24:45.715462851Z I0128 10:24:45.715423       1 controller.go:192] Received pod 'perf-node-gather-daemonset-l76vv'
2026-01-28T10:24:45.715729237Z I0128 10:24:45.715710       1 controller.go:151] Successfully synced 'openshift-must-gather-5xcqk/perf-node-gather-daemonset-l76vv'
2026-01-28T10:25:04.455153180Z I0128 10:25:04.452464       1 controller.go:151] Successfully synced 'openshift-must-gather-5xcqk/perf-node-gather-daemonset-l76vv'
