2026-01-28T09:47:48.797363488Z W0128 09:47:48.797220       1 cmd.go:257] Using insecure, self-signed certificates
2026-01-28T09:47:48.797613323Z I0128 09:47:48.797591       1 crypto.go:594] Generating new CA for check-endpoints-signer@1769593668 cert, and key in /tmp/serving-cert-35765263/serving-signer.crt, /tmp/serving-cert-35765263/serving-signer.key
2026-01-28T09:47:48.797613323Z Validity period of the certificate for "check-endpoints-signer@1769593668" is unset, resetting to 43800h0m0s!
2026-01-28T09:47:49.615150444Z I0128 09:47:49.615097       1 observer_polling.go:159] Starting file observer
2026-01-28T09:47:49.615246946Z I0128 09:47:49.615224       1 envvar.go:172] "Feature gate default state" feature="ClientsAllowCBOR" enabled=false
2026-01-28T09:47:49.615301138Z I0128 09:47:49.615270       1 envvar.go:172] "Feature gate default state" feature="ClientsPreferCBOR" enabled=false
2026-01-28T09:47:49.615451371Z I0128 09:47:49.615347       1 envvar.go:172] "Feature gate default state" feature="InformerResourceVersion" enabled=false
2026-01-28T09:47:49.615451371Z I0128 09:47:49.615360       1 envvar.go:172] "Feature gate default state" feature="InOrderInformers" enabled=true
2026-01-28T09:47:49.615451371Z I0128 09:47:49.615366       1 envvar.go:172] "Feature gate default state" feature="WatchListClient" enabled=false
2026-01-28T09:47:49.627213671Z I0128 09:47:49.627180       1 builder.go:304] check-endpoints version 4.20.0-202601161812.p2.g974542a.assembly.stream.el9-974542a-974542ae2ef86a631546b3a48fd0da3c2e3b74dd
2026-01-28T09:47:49.627864624Z I0128 09:47:49.627837       1 dynamic_serving_content.go:116] "Loaded a new cert/key pair" name="serving-cert::/tmp/serving-cert-35765263/tls.crt::/tmp/serving-cert-35765263/tls.key"
2026-01-28T09:47:50.059604573Z I0128 09:47:50.059537       1 requestheader_controller.go:255] Loaded a new request header values for RequestHeaderAuthRequestController
2026-01-28T09:47:50.060937451Z I0128 09:47:50.060906       1 maxinflight.go:139] "Initialized nonMutatingChan" len=400
2026-01-28T09:47:50.060937451Z I0128 09:47:50.060921       1 maxinflight.go:145] "Initialized mutatingChan" len=200
2026-01-28T09:47:50.060959872Z I0128 09:47:50.060943       1 maxinflight.go:116] "Set denominator for readonly requests" limit=400
2026-01-28T09:47:50.060959872Z I0128 09:47:50.060948       1 maxinflight.go:120] "Set denominator for mutating requests" limit=200
2026-01-28T09:47:50.063777362Z I0128 09:47:50.063754       1 secure_serving.go:57] Forcing use of http/1.1 only
2026-01-28T09:47:50.063840083Z W0128 09:47:50.063826       1 secure_serving.go:69] Use of insecure cipher 'TLS_ECDHE_ECDSA_WITH_AES_128_CBC_SHA256' detected.
2026-01-28T09:47:50.063853613Z W0128 09:47:50.063843       1 secure_serving.go:69] Use of insecure cipher 'TLS_ECDHE_RSA_WITH_AES_128_CBC_SHA256' detected.
2026-01-28T09:47:50.063853613Z W0128 09:47:50.063849       1 secure_serving.go:69] Use of insecure cipher 'TLS_RSA_WITH_AES_128_GCM_SHA256' detected.
2026-01-28T09:47:50.063864093Z W0128 09:47:50.063853       1 secure_serving.go:69] Use of insecure cipher 'TLS_RSA_WITH_AES_256_GCM_SHA384' detected.
2026-01-28T09:47:50.063864093Z W0128 09:47:50.063856       1 secure_serving.go:69] Use of insecure cipher 'TLS_RSA_WITH_AES_128_CBC_SHA' detected.
2026-01-28T09:47:50.063864093Z W0128 09:47:50.063860       1 secure_serving.go:69] Use of insecure cipher 'TLS_RSA_WITH_AES_256_CBC_SHA' detected.
2026-01-28T09:47:50.063938845Z I0128 09:47:50.063786       1 genericapiserver.go:546] MuxAndDiscoveryComplete has all endpoints registered and discovery information is complete
2026-01-28T09:47:50.067021990Z I0128 09:47:50.066997       1 requestheader_controller.go:180] Starting RequestHeaderAuthRequestController
2026-01-28T09:47:50.067106552Z I0128 09:47:50.067088       1 shared_informer.go:350] "Waiting for caches to sync" controller="RequestHeaderAuthRequestController"
2026-01-28T09:47:50.067142463Z I0128 09:47:50.067027       1 configmap_cafile_content.go:205] "Starting controller" name="client-ca::kube-system::extension-apiserver-authentication::client-ca-file"
2026-01-28T09:47:50.067177624Z I0128 09:47:50.067165       1 shared_informer.go:350] "Waiting for caches to sync" controller="client-ca::kube-system::extension-apiserver-authentication::client-ca-file"
2026-01-28T09:47:50.067581052Z I0128 09:47:50.067549       1 tlsconfig.go:203] "Loaded serving cert" certName="serving-cert::/tmp/serving-cert-35765263/tls.crt::/tmp/serving-cert-35765263/tls.key" certDetail="\"localhost\" [serving] validServingFor=[localhost] issuer=\"check-endpoints-signer@1769593668\" (2026-01-28 09:47:48 +0000 UTC to 2026-01-28 09:47:49 +0000 UTC (now=2026-01-28 09:47:50.067520631 +0000 UTC))"
2026-01-28T09:47:50.067634053Z I0128 09:47:50.067043       1 configmap_cafile_content.go:205] "Starting controller" name="client-ca::kube-system::extension-apiserver-authentication::requestheader-client-ca-file"
2026-01-28T09:47:50.067681354Z I0128 09:47:50.067669       1 shared_informer.go:350] "Waiting for caches to sync" controller="client-ca::kube-system::extension-apiserver-authentication::requestheader-client-ca-file"
2026-01-28T09:47:50.067858588Z I0128 09:47:50.067823       1 named_certificates.go:53] "Loaded SNI cert" index=0 certName="self-signed loopback" certDetail="\"apiserver-loopback-client@1769593670\" [serving] validServingFor=[apiserver-loopback-client] issuer=\"apiserver-loopback-client-ca@1769593669\" (2026-01-28 08:47:49 +0000 UTC to 2029-01-28 08:47:49 +0000 UTC (now=2026-01-28 09:47:50.067799927 +0000 UTC))"
2026-01-28T09:47:50.067858588Z I0128 09:47:50.067844       1 secure_serving.go:211] Serving securely on [::]:17698
2026-01-28T09:47:50.067875109Z I0128 09:47:50.067867       1 genericapiserver.go:696] [graceful-termination] waiting for shutdown to be initiated
2026-01-28T09:47:50.067902469Z I0128 09:47:50.067878       1 dynamic_serving_content.go:135] "Starting controller" name="serving-cert::/tmp/serving-cert-35765263/tls.crt::/tmp/serving-cert-35765263/tls.key"
2026-01-28T09:47:50.069503043Z I0128 09:47:50.067986       1 tlsconfig.go:243] "Starting DynamicServingCertificateController"
2026-01-28T09:47:50.070323501Z I0128 09:47:50.070290       1 reflector.go:430] "Caches populated" type="*v1.ConfigMap" reflector="k8s.io/client-go@v0.33.2/tools/cache/reflector.go:285"
2026-01-28T09:47:50.070383782Z I0128 09:47:50.070361       1 reflector.go:430] "Caches populated" type="*v1.ConfigMap" reflector="k8s.io/client-go@v0.33.2/tools/cache/reflector.go:285"
2026-01-28T09:47:50.070456403Z I0128 09:47:50.070304       1 reflector.go:430] "Caches populated" type="*v1.ConfigMap" reflector="k8s.io/client-go@v0.33.2/tools/cache/reflector.go:285"
2026-01-28T09:47:50.073267743Z I0128 09:47:50.073224       1 base_controller.go:76] Waiting for caches to sync for CheckEndpointsTimeToStart
2026-01-28T09:47:50.168012885Z I0128 09:47:50.167967       1 shared_informer.go:357] "Caches are synced" controller="client-ca::kube-system::extension-apiserver-authentication::client-ca-file"
2026-01-28T09:47:50.168082617Z I0128 09:47:50.168013       1 shared_informer.go:357] "Caches are synced" controller="RequestHeaderAuthRequestController"
2026-01-28T09:47:50.168182399Z I0128 09:47:50.167967       1 shared_informer.go:357] "Caches are synced" controller="client-ca::kube-system::extension-apiserver-authentication::requestheader-client-ca-file"
2026-01-28T09:47:50.168416514Z I0128 09:47:50.168389       1 tlsconfig.go:181] "Loaded client CA" index=0 certName="client-ca::kube-system::extension-apiserver-authentication::client-ca-file,client-ca::kube-system::extension-apiserver-authentication::requestheader-client-ca-file" certDetail="\"admin-kubeconfig-signer\" [] issuer=\"<self>\" (2026-01-28 09:13:02 +0000 UTC to 2036-01-26 09:13:02 +0000 UTC (now=2026-01-28 09:47:50.168366952 +0000 UTC))"
2026-01-28T09:47:50.168441774Z I0128 09:47:50.168418       1 tlsconfig.go:181] "Loaded client CA" index=1 certName="client-ca::kube-system::extension-apiserver-authentication::client-ca-file,client-ca::kube-system::extension-apiserver-authentication::requestheader-client-ca-file" certDetail="\"kubelet-signer\" [] issuer=\"<self>\" (2026-01-28 09:13:06 +0000 UTC to 2026-01-29 09:13:06 +0000 UTC (now=2026-01-28 09:47:50.168404763 +0000 UTC))"
2026-01-28T09:47:50.168441774Z I0128 09:47:50.168437       1 tlsconfig.go:181] "Loaded client CA" index=2 certName="client-ca::kube-system::extension-apiserver-authentication::client-ca-file,client-ca::kube-system::extension-apiserver-authentication::requestheader-client-ca-file" certDetail="\"kube-control-plane-signer\" [] issuer=\"<self>\" (2026-01-28 09:13:06 +0000 UTC to 2027-01-28 09:13:06 +0000 UTC (now=2026-01-28 09:47:50.168425674 +0000 UTC))"
2026-01-28T09:47:50.168477745Z I0128 09:47:50.168456       1 tlsconfig.go:181] "Loaded client CA" index=3 certName="client-ca::kube-system::extension-apiserver-authentication::client-ca-file,client-ca::kube-system::extension-apiserver-authentication::requestheader-client-ca-file" certDetail="\"kube-apiserver-to-kubelet-signer\" [] issuer=\"<self>\" (2026-01-28 09:13:07 +0000 UTC to 2027-01-28 09:13:07 +0000 UTC (now=2026-01-28 09:47:50.168443184 +0000 UTC))"
2026-01-28T09:47:50.168489855Z I0128 09:47:50.168478       1 tlsconfig.go:181] "Loaded client CA" index=4 certName="client-ca::kube-system::extension-apiserver-authentication::client-ca-file,client-ca::kube-system::extension-apiserver-authentication::requestheader-client-ca-file" certDetail="\"kubelet-bootstrap-kubeconfig-signer\" [] issuer=\"<self>\" (2026-01-28 09:13:03 +0000 UTC to 2036-01-26 09:13:03 +0000 UTC (now=2026-01-28 09:47:50.168465795 +0000 UTC))"
2026-01-28T09:47:50.168502106Z I0128 09:47:50.168495       1 tlsconfig.go:181] "Loaded client CA" index=5 certName="client-ca::kube-system::extension-apiserver-authentication::client-ca-file,client-ca::kube-system::extension-apiserver-authentication::requestheader-client-ca-file" certDetail="\"kube-csr-signer_@1769592636\" [] issuer=\"kubelet-signer\" (2026-01-28 09:30:35 +0000 UTC to 2026-01-29 09:13:06 +0000 UTC (now=2026-01-28 09:47:50.168484505 +0000 UTC))"
2026-01-28T09:47:50.168530616Z I0128 09:47:50.168512       1 tlsconfig.go:181] "Loaded client CA" index=6 certName="client-ca::kube-system::extension-apiserver-authentication::client-ca-file,client-ca::kube-system::extension-apiserver-authentication::requestheader-client-ca-file" certDetail="\"openshift-kube-apiserver-operator_node-system-admin-signer@1769592635\" [] issuer=\"<self>\" (2026-01-28 09:30:35 +0000 UTC to 2029-01-27 09:30:36 +0000 UTC (now=2026-01-28 09:47:50.168500735 +0000 UTC))"
2026-01-28T09:47:50.168744700Z I0128 09:47:50.168694       1 tlsconfig.go:203] "Loaded serving cert" certName="serving-cert::/tmp/serving-cert-35765263/tls.crt::/tmp/serving-cert-35765263/tls.key" certDetail="\"localhost\" [serving] validServingFor=[localhost] issuer=\"check-endpoints-signer@1769593668\" (2026-01-28 09:47:48 +0000 UTC to 2026-01-28 09:47:49 +0000 UTC (now=2026-01-28 09:47:50.168683439 +0000 UTC))"
2026-01-28T09:47:50.169206980Z I0128 09:47:50.169189       1 named_certificates.go:53] "Loaded SNI cert" index=0 certName="self-signed loopback" certDetail="\"apiserver-loopback-client@1769593670\" [serving] validServingFor=[apiserver-loopback-client] issuer=\"apiserver-loopback-client-ca@1769593669\" (2026-01-28 08:47:49 +0000 UTC to 2029-01-28 08:47:49 +0000 UTC (now=2026-01-28 09:47:50.169169109 +0000 UTC))"
2026-01-28T09:47:50.169573598Z I0128 09:47:50.169551       1 tlsconfig.go:181] "Loaded client CA" index=0 certName="client-ca::kube-system::extension-apiserver-authentication::client-ca-file,client-ca::kube-system::extension-apiserver-authentication::requestheader-client-ca-file" certDetail="\"admin-kubeconfig-signer\" [] issuer=\"<self>\" (2026-01-28 09:13:02 +0000 UTC to 2036-01-26 09:13:02 +0000 UTC (now=2026-01-28 09:47:50.169528547 +0000 UTC))"
2026-01-28T09:47:50.169639150Z I0128 09:47:50.169627       1 tlsconfig.go:181] "Loaded client CA" index=1 certName="client-ca::kube-system::extension-apiserver-authentication::client-ca-file,client-ca::kube-system::extension-apiserver-authentication::requestheader-client-ca-file" certDetail="\"kubelet-signer\" [] issuer=\"<self>\" (2026-01-28 09:13:06 +0000 UTC to 2026-01-29 09:13:06 +0000 UTC (now=2026-01-28 09:47:50.169607059 +0000 UTC))"
2026-01-28T09:47:50.169678800Z I0128 09:47:50.169668       1 tlsconfig.go:181] "Loaded client CA" index=2 certName="client-ca::kube-system::extension-apiserver-authentication::client-ca-file,client-ca::kube-system::extension-apiserver-authentication::requestheader-client-ca-file" certDetail="\"kube-control-plane-signer\" [] issuer=\"<self>\" (2026-01-28 09:13:06 +0000 UTC to 2027-01-28 09:13:06 +0000 UTC (now=2026-01-28 09:47:50.16965596 +0000 UTC))"
2026-01-28T09:47:50.169719591Z I0128 09:47:50.169709       1 tlsconfig.go:181] "Loaded client CA" index=3 certName="client-ca::kube-system::extension-apiserver-authentication::client-ca-file,client-ca::kube-system::extension-apiserver-authentication::requestheader-client-ca-file" certDetail="\"kube-apiserver-to-kubelet-signer\" [] issuer=\"<self>\" (2026-01-28 09:13:07 +0000 UTC to 2027-01-28 09:13:07 +0000 UTC (now=2026-01-28 09:47:50.169693951 +0000 UTC))"
2026-01-28T09:47:50.169809893Z I0128 09:47:50.169750       1 tlsconfig.go:181] "Loaded client CA" index=4 certName="client-ca::kube-system::extension-apiserver-authentication::client-ca-file,client-ca::kube-system::extension-apiserver-authentication::requestheader-client-ca-file" certDetail="\"kubelet-bootstrap-kubeconfig-signer\" [] issuer=\"<self>\" (2026-01-28 09:13:03 +0000 UTC to 2036-01-26 09:13:03 +0000 UTC (now=2026-01-28 09:47:50.169737232 +0000 UTC))"
2026-01-28T09:47:50.169850014Z I0128 09:47:50.169838       1 tlsconfig.go:181] "Loaded client CA" index=5 certName="client-ca::kube-system::extension-apiserver-authentication::client-ca-file,client-ca::kube-system::extension-apiserver-authentication::requestheader-client-ca-file" certDetail="\"kube-csr-signer_@1769592636\" [] issuer=\"kubelet-signer\" (2026-01-28 09:30:35 +0000 UTC to 2026-01-29 09:13:06 +0000 UTC (now=2026-01-28 09:47:50.169826334 +0000 UTC))"
2026-01-28T09:47:50.169913855Z I0128 09:47:50.169898       1 tlsconfig.go:181] "Loaded client CA" index=6 certName="client-ca::kube-system::extension-apiserver-authentication::client-ca-file,client-ca::kube-system::extension-apiserver-authentication::requestheader-client-ca-file" certDetail="\"openshift-kube-apiserver-operator_node-system-admin-signer@1769592635\" [] issuer=\"<self>\" (2026-01-28 09:30:35 +0000 UTC to 2029-01-27 09:30:36 +0000 UTC (now=2026-01-28 09:47:50.169869304 +0000 UTC))"
2026-01-28T09:47:50.169962516Z I0128 09:47:50.169951       1 tlsconfig.go:181] "Loaded client CA" index=7 certName="client-ca::kube-system::extension-apiserver-authentication::client-ca-file,client-ca::kube-system::extension-apiserver-authentication::requestheader-client-ca-file" certDetail="\"aggregator-signer\" [] issuer=\"<self>\" (2026-01-28 09:13:04 +0000 UTC to 2026-01-29 09:13:04 +0000 UTC (now=2026-01-28 09:47:50.169938046 +0000 UTC))"
2026-01-28T09:47:50.170255623Z I0128 09:47:50.170240       1 tlsconfig.go:203] "Loaded serving cert" certName="serving-cert::/tmp/serving-cert-35765263/tls.crt::/tmp/serving-cert-35765263/tls.key" certDetail="\"localhost\" [serving] validServingFor=[localhost] issuer=\"check-endpoints-signer@1769593668\" (2026-01-28 09:47:48 +0000 UTC to 2026-01-28 09:47:49 +0000 UTC (now=2026-01-28 09:47:50.170219372 +0000 UTC))"
2026-01-28T09:47:50.170551919Z I0128 09:47:50.170538       1 named_certificates.go:53] "Loaded SNI cert" index=0 certName="self-signed loopback" certDetail="\"apiserver-loopback-client@1769593670\" [serving] validServingFor=[apiserver-loopback-client] issuer=\"apiserver-loopback-client-ca@1769593669\" (2026-01-28 08:47:49 +0000 UTC to 2029-01-28 08:47:49 +0000 UTC (now=2026-01-28 09:47:50.170518788 +0000 UTC))"
2026-01-28T09:47:50.184361872Z I0128 09:47:50.184319       1 reflector.go:430] "Caches populated" type="*v1.CustomResourceDefinition" reflector="k8s.io/client-go@v0.33.2/tools/cache/reflector.go:285"
2026-01-28T09:47:50.273612788Z I0128 09:47:50.273567       1 base_controller.go:82] Caches are synced for CheckEndpointsTimeToStart 
2026-01-28T09:47:50.273612788Z I0128 09:47:50.273593       1 base_controller.go:119] Starting #1 worker of CheckEndpointsTimeToStart controller ...
