2026-01-28T09:32:49.156490997Z I0128 09:32:49.156305       1 leaderelection.go:121] The leader election gives 4 retries and allows for 30s of clock skew. The kube-apiserver downtime tolerance is 78s. Worst non-graceful lease acquisition is 2m43s. Worst graceful lease acquisition is {26s}.
2026-01-28T09:32:49.156728310Z I0128 09:32:49.156709       1 main.go:30] Go Version: go1.24.11 (Red Hat 1.24.11-1.el9_6) X:strictfipsruntime
2026-01-28T09:32:49.156764271Z I0128 09:32:49.156752       1 main.go:31] Go OS/Arch: linux/amd64
2026-01-28T09:32:49.156993315Z I0128 09:32:49.156970       1 leaderelection.go:121] The leader election gives 4 retries and allows for 13s of clock skew. The kube-apiserver downtime tolerance is 78s. Worst non-graceful lease acquisition is 2m26s. Worst graceful lease acquisition is {26s}.
2026-01-28T09:32:49.157103317Z I0128 09:32:49.157061       1 main.go:113] Watching machine-api objects only in namespace "openshift-machine-api" for reconciliation.
2026-01-28T09:32:49.157368732Z I0128 09:32:49.157345       1 envvar.go:172] "Feature gate default state" feature="ClientsAllowCBOR" enabled=false
2026-01-28T09:32:49.157407922Z I0128 09:32:49.157395       1 envvar.go:172] "Feature gate default state" feature="ClientsPreferCBOR" enabled=false
2026-01-28T09:32:49.157438033Z I0128 09:32:49.157427       1 envvar.go:172] "Feature gate default state" feature="InformerResourceVersion" enabled=false
2026-01-28T09:32:49.157467043Z I0128 09:32:49.157456       1 envvar.go:172] "Feature gate default state" feature="InOrderInformers" enabled=true
2026-01-28T09:32:49.157496264Z I0128 09:32:49.157486       1 envvar.go:172] "Feature gate default state" feature="WatchListClient" enabled=false
2026-01-28T09:32:49.158272827Z I0128 09:32:49.158254       1 main.go:121] Registering Components.
2026-01-28T09:32:49.189912515Z I0128 09:32:49.189857       1 main.go:144] Starting the Cmd.
2026-01-28T09:32:49.195400889Z I0128 09:32:49.195371       1 server.go:208] "Starting metrics server" logger="controller-runtime.metrics"
2026-01-28T09:32:49.195646043Z I0128 09:32:49.195627       1 server.go:247] "Serving metrics server" logger="controller-runtime.metrics" bindAddress=":8083" secure=false
2026-01-28T09:32:49.195872897Z I0128 09:32:49.195854       1 server.go:83] "starting server" name="health probe" addr="[::]:9442"
2026-01-28T09:32:49.196136191Z I0128 09:32:49.196119       1 reflector.go:357] "Starting reflector" type="*v1beta1.Machine" resyncPeriod="9h11m55.438170737s" reflector="sigs.k8s.io/controller-runtime/pkg/cache/internal/informers.go:108"
2026-01-28T09:32:49.196176672Z I0128 09:32:49.196164       1 reflector.go:403] "Listing and watching" type="*v1beta1.Machine" reflector="sigs.k8s.io/controller-runtime/pkg/cache/internal/informers.go:108"
2026-01-28T09:32:49.202276626Z I0128 09:32:49.202252       1 reflector.go:430] "Caches populated" type="*v1beta1.Machine" reflector="sigs.k8s.io/controller-runtime/pkg/cache/internal/informers.go:108"
2026-01-28T09:32:49.298006905Z I0128 09:32:49.297964       1 leaderelection.go:257] attempting to acquire leader lease openshift-machine-api/cluster-api-provider-healthcheck-leader...
2026-01-28T09:32:49.440216805Z I0128 09:32:49.440175       1 leaderelection.go:271] successfully acquired lease openshift-machine-api/cluster-api-provider-healthcheck-leader
2026-01-28T09:32:49.440586451Z I0128 09:32:49.440559       1 controller.go:198] "Starting EventSource" controller="machinehealthcheck-controller" source="kind source: *v1.Node"
2026-01-28T09:32:49.440655933Z I0128 09:32:49.440642       1 controller.go:198] "Starting EventSource" controller="machinehealthcheck-controller" source="kind source: *v1beta1.MachineHealthCheck"
2026-01-28T09:32:49.441184071Z I0128 09:32:49.441149       1 controller.go:198] "Starting EventSource" controller="machinehealthcheck-controller" source="kind source: *v1beta1.Machine"
2026-01-28T09:32:49.441294383Z I0128 09:32:49.441270       1 reflector.go:357] "Starting reflector" type="*v1beta1.MachineHealthCheck" resyncPeriod="10h51m50.294291216s" reflector="sigs.k8s.io/controller-runtime/pkg/cache/internal/informers.go:108"
2026-01-28T09:32:49.441387085Z I0128 09:32:49.441374       1 reflector.go:403] "Listing and watching" type="*v1beta1.MachineHealthCheck" reflector="sigs.k8s.io/controller-runtime/pkg/cache/internal/informers.go:108"
2026-01-28T09:32:49.441429246Z I0128 09:32:49.441408       1 reflector.go:357] "Starting reflector" type="*v1.Node" resyncPeriod="9h16m52.098140505s" reflector="sigs.k8s.io/controller-runtime/pkg/cache/internal/informers.go:108"
2026-01-28T09:32:49.441630919Z I0128 09:32:49.441428       1 reflector.go:403] "Listing and watching" type="*v1.Node" reflector="sigs.k8s.io/controller-runtime/pkg/cache/internal/informers.go:108"
2026-01-28T09:32:49.442504304Z I0128 09:32:49.442485       1 recorder.go:104] "machine-api-controllers-67dcb4566c-m4pg8_75b71ca8-5383-49d3-b351-99c37babb0d4 became leader" logger="events" type="Normal" object={"kind":"Lease","namespace":"openshift-machine-api","name":"cluster-api-provider-healthcheck-leader","uid":"c7966250-5bb6-437c-927d-e355178bd054","apiVersion":"coordination.k8s.io/v1","resourceVersion":"12153"} reason="LeaderElection"
2026-01-28T09:32:49.443338398Z I0128 09:32:49.443295       1 reflector.go:430] "Caches populated" type="*v1beta1.MachineHealthCheck" reflector="sigs.k8s.io/controller-runtime/pkg/cache/internal/informers.go:108"
2026-01-28T09:32:49.443679604Z I0128 09:32:49.443650       1 reflector.go:430] "Caches populated" type="*v1.Node" reflector="sigs.k8s.io/controller-runtime/pkg/cache/internal/informers.go:108"
2026-01-28T09:32:49.549137389Z I0128 09:32:49.549096       1 controller.go:233] "Starting Controller" controller="machinehealthcheck-controller"
2026-01-28T09:32:49.549693688Z I0128 09:32:49.549675       1 controller.go:242] "Starting workers" controller="machinehealthcheck-controller" worker count=1
2026-01-28T09:32:49.550215507Z W0128 09:32:49.550195       1 machinehealthcheck_controller.go:578] No-op: Unable to retrieve machine from node "/ip-10-0-102-200.us-west-1.compute.internal": expecting one machine for node ip-10-0-102-200.us-west-1.compute.internal, got: []
2026-01-28T09:32:49.550388640Z W0128 09:32:49.550373       1 machinehealthcheck_controller.go:578] No-op: Unable to retrieve machine from node "/ip-10-0-108-54.us-west-1.compute.internal": expecting one machine for node ip-10-0-108-54.us-west-1.compute.internal, got: []
2026-01-28T09:32:49.550558063Z W0128 09:32:49.550532       1 machinehealthcheck_controller.go:578] No-op: Unable to retrieve machine from node "/ip-10-0-3-203.us-west-1.compute.internal": expecting one machine for node ip-10-0-3-203.us-west-1.compute.internal, got: []
2026-01-28T09:36:10.875551213Z W0128 09:36:10.875508       1 machinehealthcheck_controller.go:578] No-op: Unable to retrieve machine from node "/ip-10-0-78-215.us-west-1.compute.internal": expecting one machine for node ip-10-0-78-215.us-west-1.compute.internal, got: []
2026-01-28T09:36:10.894307174Z W0128 09:36:10.894182       1 machinehealthcheck_controller.go:578] No-op: Unable to retrieve machine from node "/ip-10-0-78-215.us-west-1.compute.internal": expecting one machine for node ip-10-0-78-215.us-west-1.compute.internal, got: []
2026-01-28T09:36:10.894307174Z W0128 09:36:10.894250       1 machinehealthcheck_controller.go:578] No-op: Unable to retrieve machine from node "/ip-10-0-78-215.us-west-1.compute.internal": expecting one machine for node ip-10-0-78-215.us-west-1.compute.internal, got: []
2026-01-28T09:36:10.905800139Z W0128 09:36:10.905766       1 machinehealthcheck_controller.go:578] No-op: Unable to retrieve machine from node "/ip-10-0-78-215.us-west-1.compute.internal": expecting one machine for node ip-10-0-78-215.us-west-1.compute.internal, got: []
2026-01-28T09:36:10.905945502Z W0128 09:36:10.905872       1 machinehealthcheck_controller.go:578] No-op: Unable to retrieve machine from node "/ip-10-0-78-215.us-west-1.compute.internal": expecting one machine for node ip-10-0-78-215.us-west-1.compute.internal, got: []
2026-01-28T09:41:46.501832102Z W0128 09:41:46.501793       1 machinehealthcheck_controller.go:578] No-op: Unable to retrieve machine from node "/ip-10-0-101-165.us-west-1.compute.internal": expecting one machine for node ip-10-0-101-165.us-west-1.compute.internal, got: []
2026-01-28T09:41:49.209640239Z W0128 09:41:49.209599       1 machinehealthcheck_controller.go:578] No-op: Unable to retrieve machine from node "/ip-10-0-22-208.us-west-1.compute.internal": expecting one machine for node ip-10-0-22-208.us-west-1.compute.internal, got: []
2026-01-28T09:42:07.610943678Z I0128 09:42:07.610705       1 machinehealthcheck_controller.go:162] Reconciling openshift-machine-api/machine-api-termination-handler
2026-01-28T09:42:07.610943678Z I0128 09:42:07.610803       1 machinehealthcheck_controller.go:188] Reconciling openshift-machine-api/machine-api-termination-handler: finding targets
2026-01-28T09:42:07.611054700Z I0128 09:42:07.611032       1 machinehealthcheck_controller.go:251] Remediations are allowed for openshift-machine-api/machine-api-termination-handler: total targets: 0,  max unhealthy: 100%, unhealthy targets: 0
2026-01-28T09:42:07.620683398Z I0128 09:42:07.620646       1 machinehealthcheck_controller.go:279] Reconciling openshift-machine-api/machine-api-termination-handler: no more targets meet unhealthy criteria
2026-01-28T09:42:07.620729268Z I0128 09:42:07.620689       1 machinehealthcheck_controller.go:162] Reconciling openshift-machine-api/machine-api-termination-handler
2026-01-28T09:42:07.620761329Z I0128 09:42:07.620740       1 machinehealthcheck_controller.go:188] Reconciling openshift-machine-api/machine-api-termination-handler: finding targets
2026-01-28T09:42:07.621095956Z I0128 09:42:07.621070       1 machinehealthcheck_controller.go:251] Remediations are allowed for openshift-machine-api/machine-api-termination-handler: total targets: 0,  max unhealthy: 100%, unhealthy targets: 0
2026-01-28T09:42:07.629231911Z I0128 09:42:07.629204       1 machinehealthcheck_controller.go:279] Reconciling openshift-machine-api/machine-api-termination-handler: no more targets meet unhealthy criteria
