2026-01-28T09:40:51.011729425Z W0128 09:40:51.011598       1 feature_gate.go:328] unrecognized feature gate: MachineConfigNodes
2026-01-28T09:40:51.011729425Z W0128 09:40:51.011691       1 feature_gate.go:328] unrecognized feature gate: ClusterAPIInstallIBMCloud
2026-01-28T09:40:51.011729425Z W0128 09:40:51.011696       1 feature_gate.go:328] unrecognized feature gate: GCPClusterHostedDNS
2026-01-28T09:40:51.011729425Z W0128 09:40:51.011701       1 feature_gate.go:328] unrecognized feature gate: Example
2026-01-28T09:40:51.011729425Z W0128 09:40:51.011704       1 feature_gate.go:328] unrecognized feature gate: MultiDiskSetup
2026-01-28T09:40:51.011729425Z W0128 09:40:51.011707       1 feature_gate.go:328] unrecognized feature gate: NewOLMOwnSingleNamespace
2026-01-28T09:40:51.011729425Z W0128 09:40:51.011710       1 feature_gate.go:328] unrecognized feature gate: AdminNetworkPolicy
2026-01-28T09:40:51.011729425Z W0128 09:40:51.011713       1 feature_gate.go:328] unrecognized feature gate: NewOLM
2026-01-28T09:40:51.011729425Z W0128 09:40:51.011716       1 feature_gate.go:328] unrecognized feature gate: DyanmicServiceEndpointIBMCloud
2026-01-28T09:40:51.011852537Z W0128 09:40:51.011738       1 feature_gate.go:328] unrecognized feature gate: MachineAPIOperatorDisableMachineHealthCheckController
2026-01-28T09:40:51.011852537Z W0128 09:40:51.011742       1 feature_gate.go:328] unrecognized feature gate: VSphereMixedNodeEnv
2026-01-28T09:40:51.011852537Z W0128 09:40:51.011745       1 feature_gate.go:328] unrecognized feature gate: MultiArchInstallAzure
2026-01-28T09:40:51.011852537Z W0128 09:40:51.011749       1 feature_gate.go:328] unrecognized feature gate: NewOLMWebhookProviderOpenshiftServiceCA
2026-01-28T09:40:51.011852537Z W0128 09:40:51.011752       1 feature_gate.go:328] unrecognized feature gate: ExternalSnapshotMetadata
2026-01-28T09:40:51.011852537Z W0128 09:40:51.011761       1 feature_gate.go:328] unrecognized feature gate: ImageModeStatusReporting
2026-01-28T09:40:51.011852537Z W0128 09:40:51.011764       1 feature_gate.go:328] unrecognized feature gate: AzureMultiDisk
2026-01-28T09:40:51.011852537Z W0128 09:40:51.011768       1 feature_gate.go:328] unrecognized feature gate: Example2
2026-01-28T09:40:51.011852537Z W0128 09:40:51.011771       1 feature_gate.go:328] unrecognized feature gate: BuildCSIVolumes
2026-01-28T09:40:51.011852537Z W0128 09:40:51.011774       1 feature_gate.go:328] unrecognized feature gate: ClusterVersionOperatorConfiguration
2026-01-28T09:40:51.011852537Z W0128 09:40:51.011777       1 feature_gate.go:328] unrecognized feature gate: AWSDedicatedHosts
2026-01-28T09:40:51.011852537Z W0128 09:40:51.011781       1 feature_gate.go:328] unrecognized feature gate: NetworkLiveMigration
2026-01-28T09:40:51.011852537Z W0128 09:40:51.011784       1 feature_gate.go:328] unrecognized feature gate: BootImageSkewEnforcement
2026-01-28T09:40:51.011852537Z W0128 09:40:51.011787       1 feature_gate.go:328] unrecognized feature gate: ManagedBootImages
2026-01-28T09:40:51.011852537Z W0128 09:40:51.011790       1 feature_gate.go:328] unrecognized feature gate: ManagedBootImagesAWS
2026-01-28T09:40:51.011852537Z W0128 09:40:51.011793       1 feature_gate.go:328] unrecognized feature gate: InsightsConfig
2026-01-28T09:40:51.011852537Z W0128 09:40:51.011797       1 feature_gate.go:328] unrecognized feature gate: InsightsConfigAPI
2026-01-28T09:40:51.011852537Z W0128 09:40:51.011800       1 feature_gate.go:328] unrecognized feature gate: GatewayAPIController
2026-01-28T09:40:51.011852537Z W0128 09:40:51.011822       1 feature_gate.go:328] unrecognized feature gate: GatewayAPI
2026-01-28T09:40:51.011852537Z W0128 09:40:51.011827       1 feature_gate.go:328] unrecognized feature gate: VolumeGroupSnapshot
2026-01-28T09:40:51.011852537Z W0128 09:40:51.011831       1 feature_gate.go:328] unrecognized feature gate: BootcNodeManagement
2026-01-28T09:40:51.011852537Z W0128 09:40:51.011834       1 feature_gate.go:328] unrecognized feature gate: EtcdBackendQuota
2026-01-28T09:40:51.011852537Z W0128 09:40:51.011837       1 feature_gate.go:328] unrecognized feature gate: MetricsCollectionProfiles
2026-01-28T09:40:51.011852537Z W0128 09:40:51.011840       1 feature_gate.go:328] unrecognized feature gate: PinnedImages
2026-01-28T09:40:51.011852537Z W0128 09:40:51.011845       1 feature_gate.go:328] unrecognized feature gate: ManagedBootImagesAzure
2026-01-28T09:40:51.011852537Z W0128 09:40:51.011848       1 feature_gate.go:328] unrecognized feature gate: GCPCustomAPIEndpointsInstall
2026-01-28T09:40:51.011880758Z W0128 09:40:51.011852       1 feature_gate.go:328] unrecognized feature gate: IngressControllerDynamicConfigurationManager
2026-01-28T09:40:51.011880758Z W0128 09:40:51.011855       1 feature_gate.go:328] unrecognized feature gate: OpenShiftPodSecurityAdmission
2026-01-28T09:40:51.011880758Z W0128 09:40:51.011858       1 feature_gate.go:328] unrecognized feature gate: DNSNameResolver
2026-01-28T09:40:51.011880758Z W0128 09:40:51.011861       1 feature_gate.go:328] unrecognized feature gate: NewOLMPreflightPermissionChecks
2026-01-28T09:40:51.011880758Z W0128 09:40:51.011864       1 feature_gate.go:328] unrecognized feature gate: NetworkSegmentation
2026-01-28T09:40:51.011880758Z W0128 09:40:51.011867       1 feature_gate.go:328] unrecognized feature gate: ImageStreamImportMode
2026-01-28T09:40:51.011880758Z W0128 09:40:51.011870       1 feature_gate.go:328] unrecognized feature gate: AzureClusterHostedDNSInstall
2026-01-28T09:40:51.011880758Z W0128 09:40:51.011874       1 feature_gate.go:328] unrecognized feature gate: AWSClusterHostedDNSInstall
2026-01-28T09:40:51.011880758Z W0128 09:40:51.011878       1 feature_gate.go:328] unrecognized feature gate: AlibabaPlatform
2026-01-28T09:40:51.011893548Z W0128 09:40:51.011881       1 feature_gate.go:328] unrecognized feature gate: UpgradeStatus
2026-01-28T09:40:51.011893548Z W0128 09:40:51.011884       1 feature_gate.go:328] unrecognized feature gate: VSphereHostVMGroupZonal
2026-01-28T09:40:51.011929759Z W0128 09:40:51.011906       1 feature_gate.go:328] unrecognized feature gate: DualReplica
2026-01-28T09:40:51.011929759Z W0128 09:40:51.011914       1 feature_gate.go:328] unrecognized feature gate: AzureDedicatedHosts
2026-01-28T09:40:51.011929759Z W0128 09:40:51.011920       1 feature_gate.go:351] Setting GA feature gate ServiceAccountTokenNodeBinding=true. It will be removed in a future release.
2026-01-28T09:40:51.011929759Z W0128 09:40:51.011925       1 feature_gate.go:328] unrecognized feature gate: ExternalOIDC
2026-01-28T09:40:51.011942150Z W0128 09:40:51.011929       1 feature_gate.go:328] unrecognized feature gate: InsightsOnDemandDataGather
2026-01-28T09:40:51.011942150Z W0128 09:40:51.011933       1 feature_gate.go:328] unrecognized feature gate: AdditionalRoutingCapabilities
2026-01-28T09:40:51.011942150Z W0128 09:40:51.011938       1 feature_gate.go:349] Setting deprecated feature gate KMSv1=true. It will be removed in a future release.
2026-01-28T09:40:51.011952940Z W0128 09:40:51.011943       1 feature_gate.go:328] unrecognized feature gate: AWSClusterHostedDNS
2026-01-28T09:40:51.011952940Z W0128 09:40:51.011946       1 feature_gate.go:328] unrecognized feature gate: ExternalOIDCWithUIDAndExtraClaimMappings
2026-01-28T09:40:51.011952940Z W0128 09:40:51.011950       1 feature_gate.go:328] unrecognized feature gate: ClusterAPIInstall
2026-01-28T09:40:51.011969270Z W0128 09:40:51.011953       1 feature_gate.go:328] unrecognized feature gate: ManagedBootImagesvSphere
2026-01-28T09:40:51.011969270Z W0128 09:40:51.011956       1 feature_gate.go:328] unrecognized feature gate: KMSEncryptionProvider
2026-01-28T09:40:51.011969270Z W0128 09:40:51.011959       1 feature_gate.go:328] unrecognized feature gate: SigstoreImageVerificationPKI
2026-01-28T09:40:51.011969270Z W0128 09:40:51.011963       1 feature_gate.go:328] unrecognized feature gate: MachineAPIMigration
2026-01-28T09:40:51.011969270Z W0128 09:40:51.011966       1 feature_gate.go:328] unrecognized feature gate: ClusterMonitoringConfig
2026-01-28T09:40:51.011981100Z W0128 09:40:51.011969       1 feature_gate.go:328] unrecognized feature gate: GCPClusterHostedDNSInstall
2026-01-28T09:40:51.012009431Z W0128 09:40:51.011992       1 feature_gate.go:328] unrecognized feature gate: RouteAdvertisements
2026-01-28T09:40:51.012009431Z W0128 09:40:51.011999       1 feature_gate.go:328] unrecognized feature gate: VSphereMultiDisk
2026-01-28T09:40:51.012009431Z W0128 09:40:51.012002       1 feature_gate.go:328] unrecognized feature gate: SigstoreImageVerification
2026-01-28T09:40:51.012009431Z W0128 09:40:51.012006       1 feature_gate.go:328] unrecognized feature gate: VSphereMultiNetworks
2026-01-28T09:40:51.012022001Z W0128 09:40:51.012011       1 feature_gate.go:328] unrecognized feature gate: GCPCustomAPIEndpoints
2026-01-28T09:40:51.012022001Z W0128 09:40:51.012014       1 feature_gate.go:328] unrecognized feature gate: NetworkDiagnosticsConfig
2026-01-28T09:40:51.012022001Z W0128 09:40:51.012017       1 feature_gate.go:328] unrecognized feature gate: NoRegistryClusterOperations
2026-01-28T09:40:51.012033052Z W0128 09:40:51.012020       1 feature_gate.go:328] unrecognized feature gate: ShortCertRotation
2026-01-28T09:40:51.012033052Z W0128 09:40:51.012024       1 feature_gate.go:328] unrecognized feature gate: HighlyAvailableArbiter
2026-01-28T09:40:51.012033052Z W0128 09:40:51.012029       1 feature_gate.go:328] unrecognized feature gate: MixedCPUsAllocation
2026-01-28T09:40:51.012043842Z W0128 09:40:51.012033       1 feature_gate.go:328] unrecognized feature gate: AzureWorkloadIdentity
2026-01-28T09:40:51.012043842Z W0128 09:40:51.012036       1 feature_gate.go:328] unrecognized feature gate: SignatureStores
2026-01-28T09:40:51.012043842Z W0128 09:40:51.012039       1 feature_gate.go:328] unrecognized feature gate: PreconfiguredUDNAddresses
2026-01-28T09:40:51.012054342Z W0128 09:40:51.012043       1 feature_gate.go:328] unrecognized feature gate: ConsolePluginContentSecurityPolicy
2026-01-28T09:40:51.012054342Z W0128 09:40:51.012046       1 feature_gate.go:328] unrecognized feature gate: IngressControllerLBSubnetsAWS
2026-01-28T09:40:51.012054342Z W0128 09:40:51.012049       1 feature_gate.go:328] unrecognized feature gate: CPMSMachineNamePrefix
2026-01-28T09:40:51.012069452Z W0128 09:40:51.012052       1 feature_gate.go:328] unrecognized feature gate: OVNObservability
2026-01-28T09:40:51.012069452Z W0128 09:40:51.012055       1 feature_gate.go:328] unrecognized feature gate: AutomatedEtcdBackup
2026-01-28T09:40:51.012148794Z W0128 09:40:51.012084       1 feature_gate.go:328] unrecognized feature gate: VSphereConfigurableMaxAllowedBlockVolumesPerNode
2026-01-28T09:40:51.012148794Z W0128 09:40:51.012104       1 feature_gate.go:328] unrecognized feature gate: IrreconcilableMachineConfig
2026-01-28T09:40:51.012148794Z W0128 09:40:51.012108       1 feature_gate.go:328] unrecognized feature gate: SetEIPForNLBIngressController
2026-01-28T09:40:51.012148794Z W0128 09:40:51.012111       1 feature_gate.go:328] unrecognized feature gate: NewOLMCatalogdAPIV1Metas
2026-01-28T09:40:51.012148794Z W0128 09:40:51.012115       1 feature_gate.go:328] unrecognized feature gate: NutanixMultiSubnets
2026-01-28T09:40:51.012148794Z W0128 09:40:51.012118       1 feature_gate.go:328] unrecognized feature gate: AWSServiceLBNetworkSecurityGroup
2026-01-28T09:40:51.012231606Z I0128 09:40:51.012209       1 flags.go:64] FLAG: --allow-metric-labels="[]"
2026-01-28T09:40:51.012329808Z I0128 09:40:51.012300       1 flags.go:64] FLAG: --allow-metric-labels-manifest=""
2026-01-28T09:40:51.012329808Z I0128 09:40:51.012313       1 flags.go:64] FLAG: --authentication-kubeconfig="/etc/kubernetes/static-pod-resources/configmaps/scheduler-kubeconfig/kubeconfig"
2026-01-28T09:40:51.012329808Z I0128 09:40:51.012320       1 flags.go:64] FLAG: --authentication-skip-lookup="false"
2026-01-28T09:40:51.012345748Z I0128 09:40:51.012325       1 flags.go:64] FLAG: --authentication-token-webhook-cache-ttl="10s"
2026-01-28T09:40:51.012345748Z I0128 09:40:51.012331       1 flags.go:64] FLAG: --authentication-tolerate-lookup-failure="true"
2026-01-28T09:40:51.012393879Z I0128 09:40:51.012355       1 flags.go:64] FLAG: --authorization-always-allow-paths="[/healthz,/readyz,/livez]"
2026-01-28T09:40:51.012393879Z I0128 09:40:51.012367       1 flags.go:64] FLAG: --authorization-kubeconfig="/etc/kubernetes/static-pod-resources/configmaps/scheduler-kubeconfig/kubeconfig"
2026-01-28T09:40:51.012393879Z I0128 09:40:51.012372       1 flags.go:64] FLAG: --authorization-webhook-cache-authorized-ttl="10s"
2026-01-28T09:40:51.012393879Z I0128 09:40:51.012377       1 flags.go:64] FLAG: --authorization-webhook-cache-unauthorized-ttl="10s"
2026-01-28T09:40:51.012393879Z I0128 09:40:51.012381       1 flags.go:64] FLAG: --bind-address="0.0.0.0"
2026-01-28T09:40:51.012393879Z I0128 09:40:51.012387       1 flags.go:64] FLAG: --cert-dir="/var/run/kubernetes"
2026-01-28T09:40:51.012407810Z I0128 09:40:51.012391       1 flags.go:64] FLAG: --client-ca-file=""
2026-01-28T09:40:51.012407810Z I0128 09:40:51.012396       1 flags.go:64] FLAG: --config="/etc/kubernetes/static-pod-resources/configmaps/config/config.yaml"
2026-01-28T09:40:51.012407810Z I0128 09:40:51.012401       1 flags.go:64] FLAG: --contention-profiling="true"
2026-01-28T09:40:51.012407810Z I0128 09:40:51.012405       1 flags.go:64] FLAG: --disable-http2-serving="false"
2026-01-28T09:40:51.012418990Z I0128 09:40:51.012408       1 flags.go:64] FLAG: --disabled-metrics="[]"
2026-01-28T09:40:51.012418990Z I0128 09:40:51.012414       1 flags.go:64] FLAG: --emulated-version="[]"
2026-01-28T09:40:51.012541733Z I0128 09:40:51.012418       1 flags.go:64] FLAG: --feature-gates=":AWSClusterHostedDNS=false,:AWSClusterHostedDNSInstall=false,:AWSDedicatedHosts=false,:AWSServiceLBNetworkSecurityGroup=false,:AdditionalRoutingCapabilities=true,:AdminNetworkPolicy=true,:AlibabaPlatform=true,:AutomatedEtcdBackup=false,:AzureClusterHostedDNSInstall=false,:AzureDedicatedHosts=false,:AzureMultiDisk=false,:AzureWorkloadIdentity=true,:BootImageSkewEnforcement=false,:BootcNodeManagement=false,:BuildCSIVolumes=true,:CPMSMachineNamePrefix=true,:ClusterAPIInstall=false,:ClusterAPIInstallIBMCloud=false,:ClusterMonitoringConfig=false,:ClusterVersionOperatorConfiguration=false,:ConsolePluginContentSecurityPolicy=true,:DNSNameResolver=false,:DualReplica=false,:DyanmicServiceEndpointIBMCloud=false,:DynamicResourceAllocation=false,:EtcdBackendQuota=false,:EventedPLEG=false,:Example=false,:Example2=false,:ExternalOIDC=true,:ExternalOIDCWithUIDAndExtraClaimMappings=true,:ExternalSnapshotMetadata=false,:GCPClusterHostedDNS=false,:GCPClusterHostedDNSInstall=false,:GCPCustomAPIEndpoints=false,:GCPCustomAPIEndpointsInstall=false,:GatewayAPI=true,:GatewayAPIController=true,:HighlyAvailableArbiter=true,:ImageModeStatusReporting=false,:ImageStreamImportMode=false,:ImageVolume=true,:IngressControllerDynamicConfigurationManager=false,:IngressControllerLBSubnetsAWS=true,:InsightsConfig=false,:InsightsConfigAPI=false,:InsightsOnDemandDataGather=false,:IrreconcilableMachineConfig=false,:KMSEncryptionProvider=false,:KMSv1=true,:MachineAPIMigration=false,:MachineAPIOperatorDisableMachineHealthCheckController=false,:MachineConfigNodes=true,:ManagedBootImages=true,:ManagedBootImagesAWS=true,:ManagedBootImagesAzure=false,:ManagedBootImagesvSphere=false,:MaxUnavailableStatefulSet=false,:MetricsCollectionProfiles=true,:MinimumKubeletVersion=false,:MixedCPUsAllocation=false,:MultiArchInstallAzure=false,:MultiDiskSetup=false,:MutatingAdmissionPolicy=false,:NetworkDiagnosticsConfig=true,:NetworkLiveMigration=true,:NetworkSegmentation=true,:NewOLM=true,:NewOLMCatalogdAPIV1Metas=false,:NewOLMOwnSingleNamespace=false,:NewOLMPreflightPermissionChecks=false,:NewOLMWebhookProviderOpenshiftServiceCA=false,:NoRegistryClusterOperations=false,:NodeSwap=false,:NutanixMultiSubnets=false,:OVNObservability=false,:OpenShiftPodSecurityAdmission=false,:PinnedImages=true,:PreconfiguredUDNAddresses=true,:ProcMountType=true,:RouteAdvertisements=true,:RouteExternalCertificate=true,:SELinuxMount=false,:ServiceAccountTokenNodeBinding=true,:SetEIPForNLBIngressController=true,:ShortCertRotation=false,:SignatureStores=false,:SigstoreImageVerification=true,:SigstoreImageVerificationPKI=false,:StoragePerformantSecurityPolicy=true,:TranslateStreamCloseWebsocketRequests=false,:UpgradeStatus=true,:UserNamespacesPodSecurityStandards=true,:UserNamespacesSupport=true,:VSphereConfigurableMaxAllowedBlockVolumesPerNode=false,:VSphereHostVMGroupZonal=false,:VSphereMixedNodeEnv=false,:VSphereMultiDisk=true,:VSphereMultiNetworks=true,:VolumeAttributesClass=false,:VolumeGroupSnapshot=false"
2026-01-28T09:40:51.012606594Z I0128 09:40:51.012570       1 flags.go:64] FLAG: --help="false"
2026-01-28T09:40:51.012661295Z I0128 09:40:51.012635       1 flags.go:64] FLAG: --http2-max-streams-per-connection="0"
2026-01-28T09:40:51.012706686Z I0128 09:40:51.012680       1 flags.go:64] FLAG: --kube-api-burst="100"
2026-01-28T09:40:51.012736007Z I0128 09:40:51.012724       1 flags.go:64] FLAG: --kube-api-content-type="application/vnd.kubernetes.protobuf"
2026-01-28T09:40:51.012765258Z I0128 09:40:51.012746       1 flags.go:64] FLAG: --kube-api-qps="50"
2026-01-28T09:40:51.012765258Z I0128 09:40:51.012756       1 flags.go:64] FLAG: --kubeconfig=""
2026-01-28T09:40:51.012765258Z I0128 09:40:51.012760       1 flags.go:64] FLAG: --leader-elect="true"
2026-01-28T09:40:51.012777458Z I0128 09:40:51.012765       1 flags.go:64] FLAG: --leader-elect-lease-duration="15s"
2026-01-28T09:40:51.012777458Z I0128 09:40:51.012769       1 flags.go:64] FLAG: --leader-elect-renew-deadline="10s"
2026-01-28T09:40:51.012777458Z I0128 09:40:51.012772       1 flags.go:64] FLAG: --leader-elect-resource-lock="leases"
2026-01-28T09:40:51.012788138Z I0128 09:40:51.012776       1 flags.go:64] FLAG: --leader-elect-resource-name="kube-scheduler"
2026-01-28T09:40:51.012788138Z I0128 09:40:51.012780       1 flags.go:64] FLAG: --leader-elect-resource-namespace="kube-system"
2026-01-28T09:40:51.012788138Z I0128 09:40:51.012784       1 flags.go:64] FLAG: --leader-elect-retry-period="2s"
2026-01-28T09:40:51.012822909Z I0128 09:40:51.012811       1 flags.go:64] FLAG: --log-flush-frequency="5s"
2026-01-28T09:40:51.012847170Z I0128 09:40:51.012836       1 flags.go:64] FLAG: --log-json-info-buffer-size="0"
2026-01-28T09:40:51.012864290Z I0128 09:40:51.012857       1 flags.go:64] FLAG: --log-json-split-stream="false"
2026-01-28T09:40:51.012884430Z I0128 09:40:51.012873       1 flags.go:64] FLAG: --log-text-info-buffer-size="0"
2026-01-28T09:40:51.012912161Z I0128 09:40:51.012900       1 flags.go:64] FLAG: --log-text-split-stream="false"
2026-01-28T09:40:51.012947002Z I0128 09:40:51.012935       1 flags.go:64] FLAG: --logging-format="text"
2026-01-28T09:40:51.012974602Z I0128 09:40:51.012963       1 flags.go:64] FLAG: --master=""
2026-01-28T09:40:51.013000913Z I0128 09:40:51.012990       1 flags.go:64] FLAG: --permit-address-sharing="false"
2026-01-28T09:40:51.013021613Z I0128 09:40:51.013013       1 flags.go:64] FLAG: --permit-port-sharing="false"
2026-01-28T09:40:51.013048284Z I0128 09:40:51.013036       1 flags.go:64] FLAG: --pod-max-in-unschedulable-pods-duration="5m0s"
2026-01-28T09:40:51.013074495Z I0128 09:40:51.013063       1 flags.go:64] FLAG: --profiling="true"
2026-01-28T09:40:51.013127866Z I0128 09:40:51.013111       1 flags.go:64] FLAG: --requestheader-allowed-names="[]"
2026-01-28T09:40:51.013146886Z I0128 09:40:51.013140       1 flags.go:64] FLAG: --requestheader-client-ca-file=""
2026-01-28T09:40:51.013157676Z I0128 09:40:51.013145       1 flags.go:64] FLAG: --requestheader-extra-headers-prefix="[x-remote-extra-]"
2026-01-28T09:40:51.013157676Z I0128 09:40:51.013153       1 flags.go:64] FLAG: --requestheader-group-headers="[x-remote-group]"
2026-01-28T09:40:51.013168386Z I0128 09:40:51.013158       1 flags.go:64] FLAG: --requestheader-uid-headers="[]"
2026-01-28T09:40:51.013168386Z I0128 09:40:51.013163       1 flags.go:64] FLAG: --requestheader-username-headers="[x-remote-user]"
2026-01-28T09:40:51.013178457Z I0128 09:40:51.013169       1 flags.go:64] FLAG: --secure-port="10259"
2026-01-28T09:40:51.013178457Z I0128 09:40:51.013173       1 flags.go:64] FLAG: --show-hidden-metrics-for-version=""
2026-01-28T09:40:51.013188547Z I0128 09:40:51.013176       1 flags.go:64] FLAG: --tls-cert-file="/etc/kubernetes/static-pod-resources/secrets/serving-cert/tls.crt"
2026-01-28T09:40:51.013293179Z I0128 09:40:51.013181       1 flags.go:64] FLAG: --tls-cipher-suites="[TLS_AES_128_GCM_SHA256,TLS_AES_256_GCM_SHA384,TLS_CHACHA20_POLY1305_SHA256,TLS_ECDHE_ECDSA_WITH_AES_128_GCM_SHA256,TLS_ECDHE_RSA_WITH_AES_128_GCM_SHA256,TLS_ECDHE_ECDSA_WITH_AES_256_GCM_SHA384,TLS_ECDHE_RSA_WITH_AES_256_GCM_SHA384,TLS_ECDHE_ECDSA_WITH_CHACHA20_POLY1305_SHA256,TLS_ECDHE_RSA_WITH_CHACHA20_POLY1305_SHA256]"
2026-01-28T09:40:51.013293179Z I0128 09:40:51.013216       1 flags.go:64] FLAG: --tls-min-version="VersionTLS12"
2026-01-28T09:40:51.013293179Z I0128 09:40:51.013221       1 flags.go:64] FLAG: --tls-private-key-file="/etc/kubernetes/static-pod-resources/secrets/serving-cert/tls.key"
2026-01-28T09:40:51.013293179Z I0128 09:40:51.013226       1 flags.go:64] FLAG: --tls-sni-cert-key="[]"
2026-01-28T09:40:51.013293179Z I0128 09:40:51.013231       1 flags.go:64] FLAG: --unsupported-kube-api-over-localhost="false"
2026-01-28T09:40:51.013293179Z I0128 09:40:51.013235       1 flags.go:64] FLAG: --v="2"
2026-01-28T09:40:51.013293179Z I0128 09:40:51.013246       1 flags.go:64] FLAG: --version="false"
2026-01-28T09:40:51.013293179Z I0128 09:40:51.013251       1 flags.go:64] FLAG: --vmodule=""
2026-01-28T09:40:51.013293179Z I0128 09:40:51.013257       1 flags.go:64] FLAG: --write-config-to=""
2026-01-28T09:40:51.013524585Z W0128 09:40:51.013506       1 feature_gate.go:328] unrecognized feature gate: GCPCustomAPIEndpointsInstall
2026-01-28T09:40:51.013576186Z W0128 09:40:51.013564       1 feature_gate.go:328] unrecognized feature gate: IngressControllerDynamicConfigurationManager
2026-01-28T09:40:51.013602246Z W0128 09:40:51.013592       1 feature_gate.go:328] unrecognized feature gate: OpenShiftPodSecurityAdmission
2026-01-28T09:40:51.013613076Z W0128 09:40:51.013605       1 feature_gate.go:328] unrecognized feature gate: DNSNameResolver
2026-01-28T09:40:51.013613076Z W0128 09:40:51.013609       1 feature_gate.go:328] unrecognized feature gate: NewOLMPreflightPermissionChecks
2026-01-28T09:40:51.013639397Z W0128 09:40:51.013612       1 feature_gate.go:328] unrecognized feature gate: NetworkSegmentation
2026-01-28T09:40:51.013639397Z W0128 09:40:51.013634       1 feature_gate.go:328] unrecognized feature gate: ImageStreamImportMode
2026-01-28T09:40:51.013650277Z W0128 09:40:51.013639       1 feature_gate.go:328] unrecognized feature gate: AzureClusterHostedDNSInstall
2026-01-28T09:40:51.013650277Z W0128 09:40:51.013642       1 feature_gate.go:328] unrecognized feature gate: AWSClusterHostedDNSInstall
2026-01-28T09:40:51.013650277Z W0128 09:40:51.013647       1 feature_gate.go:328] unrecognized feature gate: AlibabaPlatform
2026-01-28T09:40:51.013661457Z W0128 09:40:51.013650       1 feature_gate.go:328] unrecognized feature gate: UpgradeStatus
2026-01-28T09:40:51.013661457Z W0128 09:40:51.013653       1 feature_gate.go:328] unrecognized feature gate: VSphereHostVMGroupZonal
2026-01-28T09:40:51.013661457Z W0128 09:40:51.013657       1 feature_gate.go:328] unrecognized feature gate: DualReplica
2026-01-28T09:40:51.013671848Z W0128 09:40:51.013660       1 feature_gate.go:328] unrecognized feature gate: AzureDedicatedHosts
2026-01-28T09:40:51.013671848Z W0128 09:40:51.013665       1 feature_gate.go:351] Setting GA feature gate ServiceAccountTokenNodeBinding=true. It will be removed in a future release.
2026-01-28T09:40:51.013671848Z W0128 09:40:51.013669       1 feature_gate.go:328] unrecognized feature gate: ExternalOIDC
2026-01-28T09:40:51.013682468Z W0128 09:40:51.013674       1 feature_gate.go:328] unrecognized feature gate: InsightsOnDemandDataGather
2026-01-28T09:40:51.013682468Z W0128 09:40:51.013678       1 feature_gate.go:328] unrecognized feature gate: AdditionalRoutingCapabilities
2026-01-28T09:40:51.013692488Z W0128 09:40:51.013682       1 feature_gate.go:349] Setting deprecated feature gate KMSv1=true. It will be removed in a future release.
2026-01-28T09:40:51.013692488Z W0128 09:40:51.013687       1 feature_gate.go:328] unrecognized feature gate: AWSClusterHostedDNS
2026-01-28T09:40:51.013702498Z W0128 09:40:51.013691       1 feature_gate.go:328] unrecognized feature gate: ExternalOIDCWithUIDAndExtraClaimMappings
2026-01-28T09:40:51.013702498Z W0128 09:40:51.013694       1 feature_gate.go:328] unrecognized feature gate: ClusterAPIInstall
2026-01-28T09:40:51.013702498Z W0128 09:40:51.013697       1 feature_gate.go:328] unrecognized feature gate: ManagedBootImagesvSphere
2026-01-28T09:40:51.013712958Z W0128 09:40:51.013701       1 feature_gate.go:328] unrecognized feature gate: KMSEncryptionProvider
2026-01-28T09:40:51.013712958Z W0128 09:40:51.013704       1 feature_gate.go:328] unrecognized feature gate: SigstoreImageVerificationPKI
2026-01-28T09:40:51.013712958Z W0128 09:40:51.013708       1 feature_gate.go:328] unrecognized feature gate: MachineAPIMigration
2026-01-28T09:40:51.013723399Z W0128 09:40:51.013711       1 feature_gate.go:328] unrecognized feature gate: ClusterMonitoringConfig
2026-01-28T09:40:51.013723399Z W0128 09:40:51.013715       1 feature_gate.go:328] unrecognized feature gate: GCPClusterHostedDNSInstall
2026-01-28T09:40:51.013723399Z W0128 09:40:51.013718       1 feature_gate.go:328] unrecognized feature gate: RouteAdvertisements
2026-01-28T09:40:51.013733799Z W0128 09:40:51.013721       1 feature_gate.go:328] unrecognized feature gate: VSphereMultiDisk
2026-01-28T09:40:51.013733799Z W0128 09:40:51.013725       1 feature_gate.go:328] unrecognized feature gate: SigstoreImageVerification
2026-01-28T09:40:51.013733799Z W0128 09:40:51.013728       1 feature_gate.go:328] unrecognized feature gate: VSphereMultiNetworks
2026-01-28T09:40:51.013733799Z W0128 09:40:51.013731       1 feature_gate.go:328] unrecognized feature gate: GCPCustomAPIEndpoints
2026-01-28T09:40:51.013749259Z W0128 09:40:51.013735       1 feature_gate.go:328] unrecognized feature gate: NetworkDiagnosticsConfig
2026-01-28T09:40:51.013749259Z W0128 09:40:51.013738       1 feature_gate.go:328] unrecognized feature gate: NoRegistryClusterOperations
2026-01-28T09:40:51.013749259Z W0128 09:40:51.013741       1 feature_gate.go:328] unrecognized feature gate: ShortCertRotation
2026-01-28T09:40:51.013749259Z W0128 09:40:51.013746       1 feature_gate.go:328] unrecognized feature gate: HighlyAvailableArbiter
2026-01-28T09:40:51.013760120Z W0128 09:40:51.013749       1 feature_gate.go:328] unrecognized feature gate: MixedCPUsAllocation
2026-01-28T09:40:51.013760120Z W0128 09:40:51.013752       1 feature_gate.go:328] unrecognized feature gate: AzureWorkloadIdentity
2026-01-28T09:40:51.013760120Z W0128 09:40:51.013756       1 feature_gate.go:328] unrecognized feature gate: SignatureStores
2026-01-28T09:40:51.013788770Z W0128 09:40:51.013759       1 feature_gate.go:328] unrecognized feature gate: PreconfiguredUDNAddresses
2026-01-28T09:40:51.013801151Z W0128 09:40:51.013792       1 feature_gate.go:328] unrecognized feature gate: ConsolePluginContentSecurityPolicy
2026-01-28T09:40:51.013801151Z W0128 09:40:51.013796       1 feature_gate.go:328] unrecognized feature gate: IngressControllerLBSubnetsAWS
2026-01-28T09:40:51.013811151Z W0128 09:40:51.013799       1 feature_gate.go:328] unrecognized feature gate: CPMSMachineNamePrefix
2026-01-28T09:40:51.013811151Z W0128 09:40:51.013802       1 feature_gate.go:328] unrecognized feature gate: OVNObservability
2026-01-28T09:40:51.013811151Z W0128 09:40:51.013805       1 feature_gate.go:328] unrecognized feature gate: AutomatedEtcdBackup
2026-01-28T09:40:51.013822111Z W0128 09:40:51.013809       1 feature_gate.go:328] unrecognized feature gate: VSphereConfigurableMaxAllowedBlockVolumesPerNode
2026-01-28T09:40:51.013822111Z W0128 09:40:51.013813       1 feature_gate.go:328] unrecognized feature gate: IrreconcilableMachineConfig
2026-01-28T09:40:51.013822111Z W0128 09:40:51.013816       1 feature_gate.go:328] unrecognized feature gate: SetEIPForNLBIngressController
2026-01-28T09:40:51.013832681Z W0128 09:40:51.013820       1 feature_gate.go:328] unrecognized feature gate: NewOLMCatalogdAPIV1Metas
2026-01-28T09:40:51.013832681Z W0128 09:40:51.013824       1 feature_gate.go:328] unrecognized feature gate: NutanixMultiSubnets
2026-01-28T09:40:51.013832681Z W0128 09:40:51.013827       1 feature_gate.go:328] unrecognized feature gate: AWSServiceLBNetworkSecurityGroup
2026-01-28T09:40:51.013832681Z W0128 09:40:51.013830       1 feature_gate.go:328] unrecognized feature gate: MachineConfigNodes
2026-01-28T09:40:51.013843712Z W0128 09:40:51.013833       1 feature_gate.go:328] unrecognized feature gate: ClusterAPIInstallIBMCloud
2026-01-28T09:40:51.013843712Z W0128 09:40:51.013837       1 feature_gate.go:328] unrecognized feature gate: GCPClusterHostedDNS
2026-01-28T09:40:51.013843712Z W0128 09:40:51.013840       1 feature_gate.go:328] unrecognized feature gate: Example
2026-01-28T09:40:51.013854202Z W0128 09:40:51.013843       1 feature_gate.go:328] unrecognized feature gate: MultiDiskSetup
2026-01-28T09:40:51.013866622Z W0128 09:40:51.013859       1 feature_gate.go:328] unrecognized feature gate: NewOLMOwnSingleNamespace
2026-01-28T09:40:51.013866622Z W0128 09:40:51.013862       1 feature_gate.go:328] unrecognized feature gate: AdminNetworkPolicy
2026-01-28T09:40:51.013876722Z W0128 09:40:51.013866       1 feature_gate.go:328] unrecognized feature gate: NewOLM
2026-01-28T09:40:51.013876722Z W0128 09:40:51.013869       1 feature_gate.go:328] unrecognized feature gate: DyanmicServiceEndpointIBMCloud
2026-01-28T09:40:51.013876722Z W0128 09:40:51.013872       1 feature_gate.go:328] unrecognized feature gate: MachineAPIOperatorDisableMachineHealthCheckController
2026-01-28T09:40:51.013893353Z W0128 09:40:51.013875       1 feature_gate.go:328] unrecognized feature gate: VSphereMixedNodeEnv
2026-01-28T09:40:51.013893353Z W0128 09:40:51.013879       1 feature_gate.go:328] unrecognized feature gate: MultiArchInstallAzure
2026-01-28T09:40:51.013893353Z W0128 09:40:51.013882       1 feature_gate.go:328] unrecognized feature gate: NewOLMWebhookProviderOpenshiftServiceCA
2026-01-28T09:40:51.013893353Z W0128 09:40:51.013885       1 feature_gate.go:328] unrecognized feature gate: ExternalSnapshotMetadata
2026-01-28T09:40:51.013893353Z W0128 09:40:51.013889       1 feature_gate.go:328] unrecognized feature gate: ImageModeStatusReporting
2026-01-28T09:40:51.013904953Z W0128 09:40:51.013892       1 feature_gate.go:328] unrecognized feature gate: AzureMultiDisk
2026-01-28T09:40:51.013904953Z W0128 09:40:51.013895       1 feature_gate.go:328] unrecognized feature gate: Example2
2026-01-28T09:40:51.013904953Z W0128 09:40:51.013898       1 feature_gate.go:328] unrecognized feature gate: BuildCSIVolumes
2026-01-28T09:40:51.013904953Z W0128 09:40:51.013902       1 feature_gate.go:328] unrecognized feature gate: ClusterVersionOperatorConfiguration
2026-01-28T09:40:51.013915673Z W0128 09:40:51.013905       1 feature_gate.go:328] unrecognized feature gate: AWSDedicatedHosts
2026-01-28T09:40:51.013915673Z W0128 09:40:51.013908       1 feature_gate.go:328] unrecognized feature gate: NetworkLiveMigration
2026-01-28T09:40:51.013915673Z W0128 09:40:51.013911       1 feature_gate.go:328] unrecognized feature gate: BootImageSkewEnforcement
2026-01-28T09:40:51.013926053Z W0128 09:40:51.013914       1 feature_gate.go:328] unrecognized feature gate: ManagedBootImages
2026-01-28T09:40:51.013926053Z W0128 09:40:51.013918       1 feature_gate.go:328] unrecognized feature gate: ManagedBootImagesAWS
2026-01-28T09:40:51.013926053Z W0128 09:40:51.013921       1 feature_gate.go:328] unrecognized feature gate: InsightsConfig
2026-01-28T09:40:51.013936454Z W0128 09:40:51.013926       1 feature_gate.go:328] unrecognized feature gate: InsightsConfigAPI
2026-01-28T09:40:51.013936454Z W0128 09:40:51.013929       1 feature_gate.go:328] unrecognized feature gate: GatewayAPIController
2026-01-28T09:40:51.013936454Z W0128 09:40:51.013933       1 feature_gate.go:328] unrecognized feature gate: GatewayAPI
2026-01-28T09:40:51.013947094Z W0128 09:40:51.013936       1 feature_gate.go:328] unrecognized feature gate: VolumeGroupSnapshot
2026-01-28T09:40:51.013947094Z W0128 09:40:51.013939       1 feature_gate.go:328] unrecognized feature gate: BootcNodeManagement
2026-01-28T09:40:51.013947094Z W0128 09:40:51.013944       1 feature_gate.go:328] unrecognized feature gate: EtcdBackendQuota
2026-01-28T09:40:51.013957504Z W0128 09:40:51.013947       1 feature_gate.go:328] unrecognized feature gate: MetricsCollectionProfiles
2026-01-28T09:40:51.013957504Z W0128 09:40:51.013950       1 feature_gate.go:328] unrecognized feature gate: PinnedImages
2026-01-28T09:40:51.013957504Z W0128 09:40:51.013953       1 feature_gate.go:328] unrecognized feature gate: ManagedBootImagesAzure
2026-01-28T09:40:51.016531931Z I0128 09:40:51.016509       1 dynamic_serving_content.go:116] "Loaded a new cert/key pair" name="serving-cert::/etc/kubernetes/static-pod-resources/secrets/serving-cert/tls.crt::/etc/kubernetes/static-pod-resources/secrets/serving-cert/tls.key"
2026-01-28T09:40:51.998600983Z I0128 09:40:51.998540       1 requestheader_controller.go:255] Loaded a new request header values for RequestHeaderAuthRequestController
2026-01-28T09:40:52.062547787Z I0128 09:40:52.051392       1 framework.go:399] "the scheduler starts to work with those plugins" Plugins={"PreEnqueue":{"Enabled":[{"Name":"SchedulingGates","Weight":0},{"Name":"DefaultPreemption","Weight":0}],"Disabled":null},"QueueSort":{"Enabled":[{"Name":"PrioritySort","Weight":0}],"Disabled":null},"PreFilter":{"Enabled":[{"Name":"NodeAffinity","Weight":0},{"Name":"NodePorts","Weight":0},{"Name":"NodeResourcesFit","Weight":0},{"Name":"VolumeRestrictions","Weight":0},{"Name":"NodeVolumeLimits","Weight":0},{"Name":"VolumeBinding","Weight":0},{"Name":"VolumeZone","Weight":0},{"Name":"PodTopologySpread","Weight":0},{"Name":"InterPodAffinity","Weight":0}],"Disabled":null},"Filter":{"Enabled":[{"Name":"NodeUnschedulable","Weight":0},{"Name":"NodeName","Weight":0},{"Name":"TaintToleration","Weight":0},{"Name":"NodeAffinity","Weight":0},{"Name":"NodePorts","Weight":0},{"Name":"NodeResourcesFit","Weight":0},{"Name":"VolumeRestrictions","Weight":0},{"Name":"NodeVolumeLimits","Weight":0},{"Name":"VolumeBinding","Weight":0},{"Name":"VolumeZone","Weight":0},{"Name":"PodTopologySpread","Weight":0},{"Name":"InterPodAffinity","Weight":0}],"Disabled":null},"PostFilter":{"Enabled":[{"Name":"DefaultPreemption","Weight":0}],"Disabled":null},"PreScore":{"Enabled":[{"Name":"TaintToleration","Weight":0},{"Name":"NodeAffinity","Weight":0},{"Name":"NodeResourcesFit","Weight":0},{"Name":"VolumeBinding","Weight":0},{"Name":"PodTopologySpread","Weight":0},{"Name":"InterPodAffinity","Weight":0},{"Name":"NodeResourcesBalancedAllocation","Weight":0}],"Disabled":null},"Score":{"Enabled":[{"Name":"TaintToleration","Weight":3},{"Name":"NodeAffinity","Weight":2},{"Name":"NodeResourcesFit","Weight":1},{"Name":"VolumeBinding","Weight":1},{"Name":"PodTopologySpread","Weight":2},{"Name":"InterPodAffinity","Weight":2},{"Name":"NodeResourcesBalancedAllocation","Weight":1},{"Name":"ImageLocality","Weight":1}],"Disabled":null},"Reserve":{"Enabled":[{"Name":"VolumeBinding","Weight":0}],"Disabled":null},"Permit":{"Enabled":null,"Disabled":null},"PreBind":{"Enabled":[{"Name":"VolumeBinding","Weight":0}],"Disabled":null},"Bind":{"Enabled":[{"Name":"DefaultBinder","Weight":0}],"Disabled":null},"PostBind":{"Enabled":null,"Disabled":null},"MultiPoint":{"Enabled":null,"Disabled":null}}
2026-01-28T09:40:52.062547787Z I0128 09:40:52.056311       1 configfile.go:94] "Using component config" config=<
2026-01-28T09:40:52.062547787Z 	apiVersion: kubescheduler.config.k8s.io/v1
2026-01-28T09:40:52.062547787Z 	clientConnection:
2026-01-28T09:40:52.062547787Z 	  acceptContentTypes: ""
2026-01-28T09:40:52.062547787Z 	  burst: 100
2026-01-28T09:40:52.062547787Z 	  contentType: application/vnd.kubernetes.protobuf
2026-01-28T09:40:52.062547787Z 	  kubeconfig: /etc/kubernetes/static-pod-resources/configmaps/scheduler-kubeconfig/kubeconfig
2026-01-28T09:40:52.062547787Z 	  qps: 50
2026-01-28T09:40:52.062547787Z 	enableContentionProfiling: false
2026-01-28T09:40:52.062547787Z 	enableProfiling: false
2026-01-28T09:40:52.062547787Z 	kind: KubeSchedulerConfiguration
2026-01-28T09:40:52.062547787Z 	leaderElection:
2026-01-28T09:40:52.062547787Z 	  leaderElect: true
2026-01-28T09:40:52.062547787Z 	  leaseDuration: 2m17s
2026-01-28T09:40:52.062547787Z 	  renewDeadline: 1m47s
2026-01-28T09:40:52.062547787Z 	  resourceLock: leases
2026-01-28T09:40:52.062547787Z 	  resourceName: kube-scheduler
2026-01-28T09:40:52.062547787Z 	  resourceNamespace: openshift-kube-scheduler
2026-01-28T09:40:52.062547787Z 	  retryPeriod: 26s
2026-01-28T09:40:52.062547787Z 	parallelism: 16
2026-01-28T09:40:52.062547787Z 	percentageOfNodesToScore: 0
2026-01-28T09:40:52.062547787Z 	podInitialBackoffSeconds: 1
2026-01-28T09:40:52.062547787Z 	podMaxBackoffSeconds: 10
2026-01-28T09:40:52.062547787Z 	profiles:
2026-01-28T09:40:52.062547787Z 	- pluginConfig:
2026-01-28T09:40:52.062547787Z 	  - args:
2026-01-28T09:40:52.062547787Z 	      apiVersion: kubescheduler.config.k8s.io/v1
2026-01-28T09:40:52.062547787Z 	      kind: DefaultPreemptionArgs
2026-01-28T09:40:52.062547787Z 	      minCandidateNodesAbsolute: 100
2026-01-28T09:40:52.062547787Z 	      minCandidateNodesPercentage: 10
2026-01-28T09:40:52.062547787Z 	    name: DefaultPreemption
2026-01-28T09:40:52.062547787Z 	  - args:
2026-01-28T09:40:52.062547787Z 	      apiVersion: kubescheduler.config.k8s.io/v1
2026-01-28T09:40:52.062547787Z 	      hardPodAffinityWeight: 1
2026-01-28T09:40:52.062547787Z 	      ignorePreferredTermsOfExistingPods: false
2026-01-28T09:40:52.062547787Z 	      kind: InterPodAffinityArgs
2026-01-28T09:40:52.062547787Z 	    name: InterPodAffinity
2026-01-28T09:40:52.062547787Z 	  - args:
2026-01-28T09:40:52.062547787Z 	      apiVersion: kubescheduler.config.k8s.io/v1
2026-01-28T09:40:52.062547787Z 	      kind: NodeAffinityArgs
2026-01-28T09:40:52.062547787Z 	    name: NodeAffinity
2026-01-28T09:40:52.062547787Z 	  - args:
2026-01-28T09:40:52.062547787Z 	      apiVersion: kubescheduler.config.k8s.io/v1
2026-01-28T09:40:52.062547787Z 	      kind: NodeResourcesBalancedAllocationArgs
2026-01-28T09:40:52.062547787Z 	      resources:
2026-01-28T09:40:52.062547787Z 	      - name: cpu
2026-01-28T09:40:52.062547787Z 	        weight: 1
2026-01-28T09:40:52.062547787Z 	      - name: memory
2026-01-28T09:40:52.062547787Z 	        weight: 1
2026-01-28T09:40:52.062547787Z 	    name: NodeResourcesBalancedAllocation
2026-01-28T09:40:52.062547787Z 	  - args:
2026-01-28T09:40:52.062547787Z 	      apiVersion: kubescheduler.config.k8s.io/v1
2026-01-28T09:40:52.062547787Z 	      kind: NodeResourcesFitArgs
2026-01-28T09:40:52.062547787Z 	      scoringStrategy:
2026-01-28T09:40:52.062547787Z 	        resources:
2026-01-28T09:40:52.062547787Z 	        - name: cpu
2026-01-28T09:40:52.062547787Z 	          weight: 1
2026-01-28T09:40:52.062547787Z 	        - name: memory
2026-01-28T09:40:52.062547787Z 	          weight: 1
2026-01-28T09:40:52.062547787Z 	        type: LeastAllocated
2026-01-28T09:40:52.062547787Z 	    name: NodeResourcesFit
2026-01-28T09:40:52.062547787Z 	  - args:
2026-01-28T09:40:52.062547787Z 	      apiVersion: kubescheduler.config.k8s.io/v1
2026-01-28T09:40:52.062547787Z 	      defaultingType: System
2026-01-28T09:40:52.062547787Z 	      kind: PodTopologySpreadArgs
2026-01-28T09:40:52.062547787Z 	    name: PodTopologySpread
2026-01-28T09:40:52.062547787Z 	  - args:
2026-01-28T09:40:52.062547787Z 	      apiVersion: kubescheduler.config.k8s.io/v1
2026-01-28T09:40:52.062547787Z 	      bindTimeoutSeconds: 600
2026-01-28T09:40:52.062547787Z 	      kind: VolumeBindingArgs
2026-01-28T09:40:52.062547787Z 	    name: VolumeBinding
2026-01-28T09:40:52.062547787Z 	  plugins:
2026-01-28T09:40:52.062547787Z 	    bind: {}
2026-01-28T09:40:52.062547787Z 	    filter: {}
2026-01-28T09:40:52.062547787Z 	    multiPoint:
2026-01-28T09:40:52.062547787Z 	      enabled:
2026-01-28T09:40:52.062547787Z 	      - name: SchedulingGates
2026-01-28T09:40:52.062547787Z 	        weight: 0
2026-01-28T09:40:52.062547787Z 	      - name: PrioritySort
2026-01-28T09:40:52.062547787Z 	        weight: 0
2026-01-28T09:40:52.062547787Z 	      - name: NodeUnschedulable
2026-01-28T09:40:52.062547787Z 	        weight: 0
2026-01-28T09:40:52.062547787Z 	      - name: NodeName
2026-01-28T09:40:52.062547787Z 	        weight: 0
2026-01-28T09:40:52.062547787Z 	      - name: TaintToleration
2026-01-28T09:40:52.062547787Z 	        weight: 3
2026-01-28T09:40:52.062547787Z 	      - name: NodeAffinity
2026-01-28T09:40:52.062547787Z 	        weight: 2
2026-01-28T09:40:52.062547787Z 	      - name: NodePorts
2026-01-28T09:40:52.062547787Z 	        weight: 0
2026-01-28T09:40:52.062547787Z 	      - name: NodeResourcesFit
2026-01-28T09:40:52.062547787Z 	        weight: 1
2026-01-28T09:40:52.062547787Z 	      - name: VolumeRestrictions
2026-01-28T09:40:52.062547787Z 	        weight: 0
2026-01-28T09:40:52.062547787Z 	      - name: NodeVolumeLimits
2026-01-28T09:40:52.062547787Z 	        weight: 0
2026-01-28T09:40:52.062547787Z 	      - name: VolumeBinding
2026-01-28T09:40:52.062547787Z 	        weight: 0
2026-01-28T09:40:52.062547787Z 	      - name: VolumeZone
2026-01-28T09:40:52.062547787Z 	        weight: 0
2026-01-28T09:40:52.062547787Z 	      - name: PodTopologySpread
2026-01-28T09:40:52.062547787Z 	        weight: 2
2026-01-28T09:40:52.062547787Z 	      - name: InterPodAffinity
2026-01-28T09:40:52.062547787Z 	        weight: 2
2026-01-28T09:40:52.062547787Z 	      - name: DefaultPreemption
2026-01-28T09:40:52.062547787Z 	        weight: 0
2026-01-28T09:40:52.062547787Z 	      - name: NodeResourcesBalancedAllocation
2026-01-28T09:40:52.062547787Z 	        weight: 1
2026-01-28T09:40:52.062547787Z 	      - name: ImageLocality
2026-01-28T09:40:52.062547787Z 	        weight: 1
2026-01-28T09:40:52.062547787Z 	      - name: DefaultBinder
2026-01-28T09:40:52.062547787Z 	        weight: 0
2026-01-28T09:40:52.062547787Z 	    permit: {}
2026-01-28T09:40:52.062547787Z 	    postBind: {}
2026-01-28T09:40:52.062547787Z 	    postFilter: {}
2026-01-28T09:40:52.062547787Z 	    preBind: {}
2026-01-28T09:40:52.062547787Z 	    preEnqueue: {}
2026-01-28T09:40:52.062547787Z 	    preFilter: {}
2026-01-28T09:40:52.062547787Z 	    preScore: {}
2026-01-28T09:40:52.062547787Z 	    queueSort: {}
2026-01-28T09:40:52.062547787Z 	    reserve: {}
2026-01-28T09:40:52.062547787Z 	    score: {}
2026-01-28T09:40:52.062547787Z 	  schedulerName: default-scheduler
2026-01-28T09:40:52.062547787Z  >
2026-01-28T09:40:52.075418782Z I0128 09:40:52.075339       1 server.go:176] "Starting Kubernetes Scheduler" version="v1.33.6"
2026-01-28T09:40:52.075418782Z I0128 09:40:52.075362       1 server.go:178] "Golang settings" GOGC="" GOMAXPROCS="" GOTRACEBACK=""
2026-01-28T09:40:52.091531958Z I0128 09:40:52.089829       1 tlsconfig.go:203] "Loaded serving cert" certName="serving-cert::/etc/kubernetes/static-pod-resources/secrets/serving-cert/tls.crt::/etc/kubernetes/static-pod-resources/secrets/serving-cert/tls.key" certDetail="\"scheduler.openshift-kube-scheduler.svc\" [serving] validServingFor=[scheduler.openshift-kube-scheduler.svc,scheduler.openshift-kube-scheduler.svc.cluster.local] issuer=\"openshift-service-serving-signer@1769592635\" (2026-01-28 09:30:55 +0000 UTC to 2028-01-28 09:30:56 +0000 UTC (now=2026-01-28 09:40:52.08980232 +0000 UTC))"
2026-01-28T09:40:52.091531958Z I0128 09:40:52.090067       1 named_certificates.go:53] "Loaded SNI cert" index=0 certName="self-signed loopback" certDetail="\"apiserver-loopback-client@1769593251\" [serving] validServingFor=[apiserver-loopback-client] issuer=\"apiserver-loopback-client-ca@1769593251\" (2026-01-28 08:40:51 +0000 UTC to 2029-01-28 08:40:51 +0000 UTC (now=2026-01-28 09:40:52.090057285 +0000 UTC))"
2026-01-28T09:40:52.091531958Z I0128 09:40:52.090314       1 secure_serving.go:211] Serving securely on [::]:10259
2026-01-28T09:40:52.091531958Z I0128 09:40:52.090390       1 requestheader_controller.go:180] Starting RequestHeaderAuthRequestController
2026-01-28T09:40:52.091531958Z I0128 09:40:52.090412       1 shared_informer.go:350] "Waiting for caches to sync" controller="RequestHeaderAuthRequestController"
2026-01-28T09:40:52.091531958Z I0128 09:40:52.090432       1 dynamic_serving_content.go:135] "Starting controller" name="serving-cert::/etc/kubernetes/static-pod-resources/secrets/serving-cert/tls.crt::/etc/kubernetes/static-pod-resources/secrets/serving-cert/tls.key"
2026-01-28T09:40:52.091531958Z I0128 09:40:52.090517       1 tlsconfig.go:243] "Starting DynamicServingCertificateController"
2026-01-28T09:40:52.092384527Z I0128 09:40:52.092021       1 configmap_cafile_content.go:205] "Starting controller" name="client-ca::kube-system::extension-apiserver-authentication::requestheader-client-ca-file"
2026-01-28T09:40:52.092384527Z I0128 09:40:52.092039       1 shared_informer.go:350] "Waiting for caches to sync" controller="client-ca::kube-system::extension-apiserver-authentication::requestheader-client-ca-file"
2026-01-28T09:40:52.094685387Z I0128 09:40:52.092671       1 configmap_cafile_content.go:205] "Starting controller" name="client-ca::kube-system::extension-apiserver-authentication::client-ca-file"
2026-01-28T09:40:52.094685387Z I0128 09:40:52.094319       1 shared_informer.go:350] "Waiting for caches to sync" controller="client-ca::kube-system::extension-apiserver-authentication::client-ca-file"
2026-01-28T09:40:52.094685387Z I0128 09:40:52.093317       1 reflector.go:430] "Caches populated" type="*v1.CSIDriver" reflector="k8s.io/client-go/informers/factory.go:160"
2026-01-28T09:40:52.094685387Z I0128 09:40:52.093578       1 reflector.go:430] "Caches populated" type="*v1.ConfigMap" reflector="runtime/asm_amd64.s:1700"
2026-01-28T09:40:52.096916867Z I0128 09:40:52.094917       1 reflector.go:430] "Caches populated" type="*v1.VolumeAttachment" reflector="k8s.io/client-go/informers/factory.go:160"
2026-01-28T09:40:52.096916867Z I0128 09:40:52.096181       1 reflector.go:430] "Caches populated" type="*v1.StatefulSet" reflector="k8s.io/client-go/informers/factory.go:160"
2026-01-28T09:40:52.096916867Z I0128 09:40:52.096336       1 reflector.go:430] "Caches populated" type="*v1.PersistentVolume" reflector="k8s.io/client-go/informers/factory.go:160"
2026-01-28T09:40:52.096916867Z I0128 09:40:52.096644       1 reflector.go:430] "Caches populated" type="*v1.StorageClass" reflector="k8s.io/client-go/informers/factory.go:160"
2026-01-28T09:40:52.096916867Z I0128 09:40:52.096853       1 reflector.go:430] "Caches populated" type="*v1.ReplicationController" reflector="k8s.io/client-go/informers/factory.go:160"
2026-01-28T09:40:52.099815221Z I0128 09:40:52.097108       1 reflector.go:430] "Caches populated" type="*v1.PodDisruptionBudget" reflector="k8s.io/client-go/informers/factory.go:160"
2026-01-28T09:40:52.099815221Z I0128 09:40:52.097375       1 reflector.go:430] "Caches populated" type="*v1.CSINode" reflector="k8s.io/client-go/informers/factory.go:160"
2026-01-28T09:40:52.099815221Z I0128 09:40:52.097501       1 reflector.go:430] "Caches populated" type="*v1.CSIStorageCapacity" reflector="k8s.io/client-go/informers/factory.go:160"
2026-01-28T09:40:52.099815221Z I0128 09:40:52.097630       1 reflector.go:430] "Caches populated" type="*v1.PersistentVolumeClaim" reflector="k8s.io/client-go/informers/factory.go:160"
2026-01-28T09:40:52.099815221Z I0128 09:40:52.097830       1 reflector.go:430] "Caches populated" type="*v1.ConfigMap" reflector="runtime/asm_amd64.s:1700"
2026-01-28T09:40:52.100494446Z I0128 09:40:52.100471       1 reflector.go:430] "Caches populated" type="*v1.ConfigMap" reflector="runtime/asm_amd64.s:1700"
2026-01-28T09:40:52.103420010Z I0128 09:40:52.103386       1 reflector.go:430] "Caches populated" type="*v1.Node" reflector="k8s.io/client-go/informers/factory.go:160"
2026-01-28T09:40:52.111578001Z I0128 09:40:52.104438       1 node_tree.go:65] "Added node to NodeTree" node="ip-10-0-102-200.us-west-1.compute.internal" zone="us-west-1:\x00:us-west-1c"
2026-01-28T09:40:52.111786835Z I0128 09:40:52.111770       1 node_tree.go:65] "Added node to NodeTree" node="ip-10-0-108-54.us-west-1.compute.internal" zone="us-west-1:\x00:us-west-1c"
2026-01-28T09:40:52.111921058Z I0128 09:40:52.111906       1 node_tree.go:65] "Added node to NodeTree" node="ip-10-0-3-203.us-west-1.compute.internal" zone="us-west-1:\x00:us-west-1a"
2026-01-28T09:40:52.112039071Z I0128 09:40:52.112011       1 node_tree.go:65] "Added node to NodeTree" node="ip-10-0-78-215.us-west-1.compute.internal" zone="us-west-1:\x00:us-west-1c"
2026-01-28T09:40:52.132534474Z I0128 09:40:52.130523       1 reflector.go:430] "Caches populated" type="*v1.ReplicaSet" reflector="k8s.io/client-go/informers/factory.go:160"
2026-01-28T09:40:52.132534474Z I0128 09:40:52.131610       1 reflector.go:430] "Caches populated" type="*v1.Namespace" reflector="k8s.io/client-go/informers/factory.go:160"
2026-01-28T09:40:52.133869504Z I0128 09:40:52.133839       1 reflector.go:430] "Caches populated" type="*v1.Service" reflector="k8s.io/client-go/informers/factory.go:160"
2026-01-28T09:40:52.155353929Z I0128 09:40:52.155309       1 reflector.go:430] "Caches populated" type="*v1.Pod" reflector="k8s.io/client-go/informers/factory.go:160"
2026-01-28T09:40:52.190974426Z I0128 09:40:52.190924       1 shared_informer.go:357] "Caches are synced" controller="RequestHeaderAuthRequestController"
2026-01-28T09:40:52.191230442Z I0128 09:40:52.191207       1 leaderelection.go:257] attempting to acquire leader lease openshift-kube-scheduler/kube-scheduler...
2026-01-28T09:40:52.193751858Z I0128 09:40:52.193700       1 shared_informer.go:357] "Caches are synced" controller="client-ca::kube-system::extension-apiserver-authentication::requestheader-client-ca-file"
2026-01-28T09:40:52.194179927Z I0128 09:40:52.194144       1 tlsconfig.go:181] "Loaded client CA" index=0 certName="client-ca::kube-system::extension-apiserver-authentication::client-ca-file,client-ca::kube-system::extension-apiserver-authentication::requestheader-client-ca-file" certDetail="\"aggregator-signer\" [] issuer=\"<self>\" (2026-01-28 09:13:04 +0000 UTC to 2026-01-29 09:13:04 +0000 UTC (now=2026-01-28 09:40:52.194121436 +0000 UTC))"
2026-01-28T09:40:52.194528155Z I0128 09:40:52.194504       1 tlsconfig.go:203] "Loaded serving cert" certName="serving-cert::/etc/kubernetes/static-pod-resources/secrets/serving-cert/tls.crt::/etc/kubernetes/static-pod-resources/secrets/serving-cert/tls.key" certDetail="\"scheduler.openshift-kube-scheduler.svc\" [serving] validServingFor=[scheduler.openshift-kube-scheduler.svc,scheduler.openshift-kube-scheduler.svc.cluster.local] issuer=\"openshift-service-serving-signer@1769592635\" (2026-01-28 09:30:55 +0000 UTC to 2028-01-28 09:30:56 +0000 UTC (now=2026-01-28 09:40:52.194491104 +0000 UTC))"
2026-01-28T09:40:52.194790390Z I0128 09:40:52.194770       1 named_certificates.go:53] "Loaded SNI cert" index=0 certName="self-signed loopback" certDetail="\"apiserver-loopback-client@1769593251\" [serving] validServingFor=[apiserver-loopback-client] issuer=\"apiserver-loopback-client-ca@1769593251\" (2026-01-28 08:40:51 +0000 UTC to 2029-01-28 08:40:51 +0000 UTC (now=2026-01-28 09:40:52.1947599 +0000 UTC))"
2026-01-28T09:40:52.194894943Z I0128 09:40:52.194881       1 shared_informer.go:357] "Caches are synced" controller="client-ca::kube-system::extension-apiserver-authentication::client-ca-file"
2026-01-28T09:40:52.195577918Z I0128 09:40:52.195546       1 tlsconfig.go:181] "Loaded client CA" index=0 certName="client-ca::kube-system::extension-apiserver-authentication::client-ca-file,client-ca::kube-system::extension-apiserver-authentication::requestheader-client-ca-file" certDetail="\"admin-kubeconfig-signer\" [] issuer=\"<self>\" (2026-01-28 09:13:02 +0000 UTC to 2036-01-26 09:13:02 +0000 UTC (now=2026-01-28 09:40:52.195533917 +0000 UTC))"
2026-01-28T09:40:52.195691380Z I0128 09:40:52.195671       1 tlsconfig.go:181] "Loaded client CA" index=1 certName="client-ca::kube-system::extension-apiserver-authentication::client-ca-file,client-ca::kube-system::extension-apiserver-authentication::requestheader-client-ca-file" certDetail="\"kubelet-signer\" [] issuer=\"<self>\" (2026-01-28 09:13:06 +0000 UTC to 2026-01-29 09:13:06 +0000 UTC (now=2026-01-28 09:40:52.19566114 +0000 UTC))"
2026-01-28T09:40:52.195800013Z I0128 09:40:52.195777       1 tlsconfig.go:181] "Loaded client CA" index=2 certName="client-ca::kube-system::extension-apiserver-authentication::client-ca-file,client-ca::kube-system::extension-apiserver-authentication::requestheader-client-ca-file" certDetail="\"kube-control-plane-signer\" [] issuer=\"<self>\" (2026-01-28 09:13:06 +0000 UTC to 2027-01-28 09:13:06 +0000 UTC (now=2026-01-28 09:40:52.195712621 +0000 UTC))"
2026-01-28T09:40:52.195901895Z I0128 09:40:52.195861       1 tlsconfig.go:181] "Loaded client CA" index=3 certName="client-ca::kube-system::extension-apiserver-authentication::client-ca-file,client-ca::kube-system::extension-apiserver-authentication::requestheader-client-ca-file" certDetail="\"kube-apiserver-to-kubelet-signer\" [] issuer=\"<self>\" (2026-01-28 09:13:07 +0000 UTC to 2027-01-28 09:13:07 +0000 UTC (now=2026-01-28 09:40:52.195852094 +0000 UTC))"
2026-01-28T09:40:52.195975087Z I0128 09:40:52.195956       1 tlsconfig.go:181] "Loaded client CA" index=4 certName="client-ca::kube-system::extension-apiserver-authentication::client-ca-file,client-ca::kube-system::extension-apiserver-authentication::requestheader-client-ca-file" certDetail="\"kubelet-bootstrap-kubeconfig-signer\" [] issuer=\"<self>\" (2026-01-28 09:13:03 +0000 UTC to 2036-01-26 09:13:03 +0000 UTC (now=2026-01-28 09:40:52.195947976 +0000 UTC))"
2026-01-28T09:40:52.196036618Z I0128 09:40:52.196001       1 tlsconfig.go:181] "Loaded client CA" index=5 certName="client-ca::kube-system::extension-apiserver-authentication::client-ca-file,client-ca::kube-system::extension-apiserver-authentication::requestheader-client-ca-file" certDetail="\"kube-csr-signer_@1769592636\" [] issuer=\"kubelet-signer\" (2026-01-28 09:30:35 +0000 UTC to 2026-01-29 09:13:06 +0000 UTC (now=2026-01-28 09:40:52.195995067 +0000 UTC))"
2026-01-28T09:40:52.196080609Z I0128 09:40:52.196064       1 tlsconfig.go:181] "Loaded client CA" index=6 certName="client-ca::kube-system::extension-apiserver-authentication::client-ca-file,client-ca::kube-system::extension-apiserver-authentication::requestheader-client-ca-file" certDetail="\"openshift-kube-apiserver-operator_node-system-admin-signer@1769592635\" [] issuer=\"<self>\" (2026-01-28 09:30:35 +0000 UTC to 2029-01-27 09:30:36 +0000 UTC (now=2026-01-28 09:40:52.196056748 +0000 UTC))"
2026-01-28T09:40:52.196146980Z I0128 09:40:52.196129       1 tlsconfig.go:181] "Loaded client CA" index=7 certName="client-ca::kube-system::extension-apiserver-authentication::client-ca-file,client-ca::kube-system::extension-apiserver-authentication::requestheader-client-ca-file" certDetail="\"aggregator-signer\" [] issuer=\"<self>\" (2026-01-28 09:13:04 +0000 UTC to 2026-01-29 09:13:04 +0000 UTC (now=2026-01-28 09:40:52.196122 +0000 UTC))"
2026-01-28T09:40:52.196710393Z I0128 09:40:52.196668       1 tlsconfig.go:203] "Loaded serving cert" certName="serving-cert::/etc/kubernetes/static-pod-resources/secrets/serving-cert/tls.crt::/etc/kubernetes/static-pod-resources/secrets/serving-cert/tls.key" certDetail="\"scheduler.openshift-kube-scheduler.svc\" [serving] validServingFor=[scheduler.openshift-kube-scheduler.svc,scheduler.openshift-kube-scheduler.svc.cluster.local] issuer=\"openshift-service-serving-signer@1769592635\" (2026-01-28 09:30:55 +0000 UTC to 2028-01-28 09:30:56 +0000 UTC (now=2026-01-28 09:40:52.196657442 +0000 UTC))"
2026-01-28T09:40:52.196984389Z I0128 09:40:52.196966       1 named_certificates.go:53] "Loaded SNI cert" index=0 certName="self-signed loopback" certDetail="\"apiserver-loopback-client@1769593251\" [serving] validServingFor=[apiserver-loopback-client] issuer=\"apiserver-loopback-client-ca@1769593251\" (2026-01-28 08:40:51 +0000 UTC to 2029-01-28 08:40:51 +0000 UTC (now=2026-01-28 09:40:52.196955828 +0000 UTC))"
2026-01-28T09:41:46.500279814Z I0128 09:41:46.500241       1 node_tree.go:65] "Added node to NodeTree" node="ip-10-0-101-165.us-west-1.compute.internal" zone=""
2026-01-28T09:41:46.713624081Z I0128 09:41:46.713584       1 node_tree.go:79] "Removed node from NodeTree" node="ip-10-0-101-165.us-west-1.compute.internal" zone=""
2026-01-28T09:41:46.713696583Z I0128 09:41:46.713682       1 node_tree.go:65] "Added node to NodeTree" node="ip-10-0-101-165.us-west-1.compute.internal" zone="us-west-1:\x00:us-west-1c"
2026-01-28T09:41:49.207555218Z I0128 09:41:49.207499       1 node_tree.go:65] "Added node to NodeTree" node="ip-10-0-22-208.us-west-1.compute.internal" zone=""
2026-01-28T09:41:49.422604805Z I0128 09:41:49.422562       1 node_tree.go:79] "Removed node from NodeTree" node="ip-10-0-22-208.us-west-1.compute.internal" zone=""
2026-01-28T09:41:49.422604805Z I0128 09:41:49.422587       1 node_tree.go:65] "Added node to NodeTree" node="ip-10-0-22-208.us-west-1.compute.internal" zone="us-west-1:\x00:us-west-1a"
2026-01-28T09:44:20.019805642Z I0128 09:44:20.019756       1 leaderelection.go:271] successfully acquired lease openshift-kube-scheduler/kube-scheduler
2026-01-28T09:44:20.020571269Z I0128 09:44:20.020543       1 preemption.go:264] "No preemption candidate is found; preemption is not helpful for scheduling" pod="openshift-apiserver/apiserver-846d86c975-gq94n"
2026-01-28T09:44:20.020597740Z I0128 09:44:20.020582       1 schedule_one.go:1044] "Unable to schedule pod; no fit; waiting" pod="openshift-apiserver/apiserver-846d86c975-gq94n" err="0/6 nodes are available: 3 node(s) didn't match Pod's node affinity/selector, 3 node(s) didn't match pod anti-affinity rules. preemption: 0/6 nodes are available: 3 Preemption is not helpful for scheduling, 3 node(s) didn't match pod anti-affinity rules."
2026-01-28T09:44:20.021757526Z I0128 09:44:20.021725       1 preemption.go:264] "No preemption candidate is found; preemption is not helpful for scheduling" pod="openshift-authentication/oauth-openshift-85f8644668-g4p86"
2026-01-28T09:44:20.021790977Z I0128 09:44:20.021758       1 schedule_one.go:1044] "Unable to schedule pod; no fit; waiting" pod="openshift-authentication/oauth-openshift-85f8644668-g4p86" err="0/6 nodes are available: 3 node(s) didn't match Pod's node affinity/selector, 3 node(s) didn't match pod anti-affinity rules. preemption: 0/6 nodes are available: 3 Preemption is not helpful for scheduling, 3 node(s) didn't match pod anti-affinity rules."
2026-01-28T09:44:20.029972601Z I0128 09:44:20.029945       1 schedule_one.go:314] "Successfully bound pod to node" pod="openshift-authentication/oauth-openshift-85f8644668-jz4bp" node="ip-10-0-3-203.us-west-1.compute.internal" evaluatedNodes=6 feasibleNodes=1
2026-01-28T09:44:20.030985544Z I0128 09:44:20.030938       1 schedule_one.go:314] "Successfully bound pod to node" pod="openshift-console/console-77fcdcbd6-845x4" node="ip-10-0-102-200.us-west-1.compute.internal" evaluatedNodes=6 feasibleNodes=1
2026-01-28T09:44:20.038901011Z I0128 09:44:20.038868       1 schedule_one.go:314] "Successfully bound pod to node" pod="openshift-authentication/oauth-openshift-85f8644668-v9ndg" node="ip-10-0-102-200.us-west-1.compute.internal" evaluatedNodes=6 feasibleNodes=2
2026-01-28T09:44:23.046806619Z I0128 09:44:23.046720       1 preemption.go:264] "No preemption candidate is found; preemption is not helpful for scheduling" pod="openshift-console/console-585b57b9cf-bgvtm"
2026-01-28T09:44:23.046806619Z I0128 09:44:23.046786       1 schedule_one.go:1044] "Unable to schedule pod; no fit; waiting" pod="openshift-console/console-585b57b9cf-bgvtm" err="0/6 nodes are available: 3 node(s) didn't match Pod's node affinity/selector, 3 node(s) didn't match pod anti-affinity rules. preemption: 0/6 nodes are available: 3 Preemption is not helpful for scheduling, 3 node(s) didn't match pod anti-affinity rules."
2026-01-28T09:44:23.171610705Z I0128 09:44:23.171565       1 preemption.go:264] "No preemption candidate is found; preemption is not helpful for scheduling" pod="openshift-console/console-585b57b9cf-2ntjt"
2026-01-28T09:44:23.171764278Z I0128 09:44:23.171732       1 schedule_one.go:1044] "Unable to schedule pod; no fit; waiting" pod="openshift-console/console-585b57b9cf-2ntjt" err="0/6 nodes are available: 3 node(s) didn't match Pod's node affinity/selector, 3 node(s) didn't match pod anti-affinity rules. preemption: 0/6 nodes are available: 3 Preemption is not helpful for scheduling, 3 node(s) didn't match pod anti-affinity rules."
2026-01-28T09:44:23.285444513Z I0128 09:44:23.285400       1 preemption.go:264] "No preemption candidate is found; preemption is not helpful for scheduling" pod="openshift-oauth-apiserver/apiserver-f485d7f4c-w49xf"
2026-01-28T09:44:23.285479964Z I0128 09:44:23.285451       1 schedule_one.go:1044] "Unable to schedule pod; no fit; waiting" pod="openshift-oauth-apiserver/apiserver-f485d7f4c-w49xf" err="0/6 nodes are available: 3 node(s) didn't match Pod's node affinity/selector, 3 node(s) didn't match pod anti-affinity rules. preemption: 0/6 nodes are available: 3 Preemption is not helpful for scheduling, 3 node(s) didn't match pod anti-affinity rules."
2026-01-28T09:44:24.787175813Z I0128 09:44:24.787118       1 schedule_one.go:314] "Successfully bound pod to node" pod="openshift-monitoring/prometheus-k8s-1" node="ip-10-0-22-208.us-west-1.compute.internal" evaluatedNodes=6 feasibleNodes=1
2026-01-28T09:44:25.118275330Z I0128 09:44:25.118195       1 schedule_one.go:314] "Successfully bound pod to node" pod="openshift-monitoring/alertmanager-main-1" node="ip-10-0-101-165.us-west-1.compute.internal" evaluatedNodes=6 feasibleNodes=2
2026-01-28T09:44:48.284712451Z I0128 09:44:48.284672       1 preemption.go:264] "No preemption candidate is found; preemption is not helpful for scheduling" pod="openshift-console/console-585b57b9cf-2ntjt"
2026-01-28T09:44:48.284805924Z I0128 09:44:48.284785       1 schedule_one.go:1044] "Unable to schedule pod; no fit; waiting" pod="openshift-console/console-585b57b9cf-2ntjt" err="0/6 nodes are available: 3 node(s) didn't match Pod's node affinity/selector, 3 node(s) didn't match pod anti-affinity rules. preemption: 0/6 nodes are available: 3 Preemption is not helpful for scheduling, 3 node(s) didn't match pod anti-affinity rules."
2026-01-28T09:44:48.300170340Z I0128 09:44:48.300133       1 schedule_one.go:314] "Successfully bound pod to node" pod="openshift-console/console-585b57b9cf-bgvtm" node="ip-10-0-3-203.us-west-1.compute.internal" evaluatedNodes=6 feasibleNodes=1
2026-01-28T09:44:48.483277973Z I0128 09:44:48.483210       1 schedule_one.go:314] "Successfully bound pod to node" pod="openshift-authentication/oauth-openshift-85f8644668-g4p86" node="ip-10-0-108-54.us-west-1.compute.internal" evaluatedNodes=6 feasibleNodes=1
2026-01-28T09:44:49.055340121Z I0128 09:44:49.055282       1 schedule_one.go:314] "Successfully bound pod to node" pod="openshift-console/console-585b57b9cf-2ntjt" node="ip-10-0-102-200.us-west-1.compute.internal" evaluatedNodes=6 feasibleNodes=1
2026-01-28T09:44:57.184982997Z I0128 09:44:57.184928       1 schedule_one.go:314] "Successfully bound pod to node" pod="openshift-monitoring/alertmanager-main-0" node="ip-10-0-22-208.us-west-1.compute.internal" evaluatedNodes=6 feasibleNodes=2
2026-01-28T09:45:00.166874497Z I0128 09:45:00.166808       1 schedule_one.go:314] "Successfully bound pod to node" pod="openshift-operator-lifecycle-manager/collect-profiles-29493225-stldg" node="ip-10-0-78-215.us-west-1.compute.internal" evaluatedNodes=6 feasibleNodes=3
2026-01-28T09:45:15.358396954Z I0128 09:45:15.358342       1 schedule_one.go:314] "Successfully bound pod to node" pod="openshift-oauth-apiserver/apiserver-f485d7f4c-w49xf" node="ip-10-0-108-54.us-west-1.compute.internal" evaluatedNodes=6 feasibleNodes=1
2026-01-28T09:45:21.413026057Z I0128 09:45:21.412955       1 preemption.go:264] "No preemption candidate is found; preemption is not helpful for scheduling" pod="openshift-oauth-apiserver/apiserver-f485d7f4c-f7jwv"
2026-01-28T09:45:21.413026057Z I0128 09:45:21.413013       1 schedule_one.go:1044] "Unable to schedule pod; no fit; waiting" pod="openshift-oauth-apiserver/apiserver-f485d7f4c-f7jwv" err="0/6 nodes are available: 3 node(s) didn't match Pod's node affinity/selector, 3 node(s) didn't match pod anti-affinity rules. preemption: 0/6 nodes are available: 3 Preemption is not helpful for scheduling, 3 node(s) didn't match pod anti-affinity rules."
2026-01-28T09:45:36.326072453Z I0128 09:45:36.326012       1 schedule_one.go:314] "Successfully bound pod to node" pod="openshift-monitoring/prometheus-k8s-0" node="ip-10-0-101-165.us-west-1.compute.internal" evaluatedNodes=6 feasibleNodes=2
2026-01-28T09:45:50.270767754Z I0128 09:45:50.270708       1 schedule_one.go:314] "Successfully bound pod to node" pod="openshift-apiserver/apiserver-846d86c975-gq94n" node="ip-10-0-102-200.us-west-1.compute.internal" evaluatedNodes=6 feasibleNodes=1
2026-01-28T09:45:56.333836327Z I0128 09:45:56.333771       1 preemption.go:264] "No preemption candidate is found; preemption is not helpful for scheduling" pod="openshift-apiserver/apiserver-846d86c975-bfn5q"
2026-01-28T09:45:56.333836327Z I0128 09:45:56.333820       1 schedule_one.go:1044] "Unable to schedule pod; no fit; waiting" pod="openshift-apiserver/apiserver-846d86c975-bfn5q" err="0/6 nodes are available: 3 node(s) didn't match Pod's node affinity/selector, 3 node(s) didn't match pod anti-affinity rules. preemption: 0/6 nodes are available: 3 Preemption is not helpful for scheduling, 3 node(s) didn't match pod anti-affinity rules."
2026-01-28T09:46:13.717615137Z I0128 09:46:13.717529       1 schedule_one.go:314] "Successfully bound pod to node" pod="openshift-oauth-apiserver/apiserver-f485d7f4c-f7jwv" node="ip-10-0-3-203.us-west-1.compute.internal" evaluatedNodes=6 feasibleNodes=1
2026-01-28T09:47:46.611931402Z I0128 09:47:46.611873       1 schedule_one.go:314] "Successfully bound pod to node" pod="openshift-apiserver/apiserver-846d86c975-bfn5q" node="ip-10-0-3-203.us-west-1.compute.internal" evaluatedNodes=6 feasibleNodes=1
2026-01-28T10:00:00.175389637Z I0128 10:00:00.175335       1 schedule_one.go:314] "Successfully bound pod to node" pod="openshift-operator-lifecycle-manager/collect-profiles-29493240-kf29s" node="ip-10-0-78-215.us-west-1.compute.internal" evaluatedNodes=6 feasibleNodes=3
2026-01-28T10:15:00.138235275Z I0128 10:15:00.138161       1 schedule_one.go:314] "Successfully bound pod to node" pod="openshift-operator-lifecycle-manager/collect-profiles-29493255-7xfwd" node="ip-10-0-78-215.us-west-1.compute.internal" evaluatedNodes=6 feasibleNodes=3
2026-01-28T10:24:25.102639391Z I0128 10:24:25.102589       1 schedule_one.go:314] "Successfully bound pod to node" pod="openshift-must-gather-5xcqk/must-gather-tkhkv" node="ip-10-0-102-200.us-west-1.compute.internal" evaluatedNodes=6 feasibleNodes=3
2026-01-28T10:24:44.957888855Z I0128 10:24:44.957828       1 schedule_one.go:314] "Successfully bound pod to node" pod="openshift-must-gather-5xcqk/perf-node-gather-daemonset-89jxz" node="ip-10-0-78-215.us-west-1.compute.internal" evaluatedNodes=1 feasibleNodes=1
2026-01-28T10:24:44.968721486Z I0128 10:24:44.968679       1 schedule_one.go:314] "Successfully bound pod to node" pod="openshift-must-gather-5xcqk/perf-node-gather-daemonset-l76vv" node="ip-10-0-102-200.us-west-1.compute.internal" evaluatedNodes=1 feasibleNodes=1
2026-01-28T10:24:44.980519668Z I0128 10:24:44.980472       1 schedule_one.go:314] "Successfully bound pod to node" pod="openshift-must-gather-5xcqk/perf-node-gather-daemonset-lgzgt" node="ip-10-0-101-165.us-west-1.compute.internal" evaluatedNodes=1 feasibleNodes=1
2026-01-28T10:24:45.016884406Z I0128 10:24:45.016832       1 schedule_one.go:314] "Successfully bound pod to node" pod="openshift-must-gather-5xcqk/perf-node-gather-daemonset-6qhqt" node="ip-10-0-3-203.us-west-1.compute.internal" evaluatedNodes=1 feasibleNodes=1
2026-01-28T10:24:45.024910084Z I0128 10:24:45.024861       1 schedule_one.go:314] "Successfully bound pod to node" pod="openshift-must-gather-5xcqk/perf-node-gather-daemonset-mvplv" node="ip-10-0-108-54.us-west-1.compute.internal" evaluatedNodes=1 feasibleNodes=1
2026-01-28T10:24:45.030338925Z I0128 10:24:45.030289       1 schedule_one.go:314] "Successfully bound pod to node" pod="openshift-must-gather-5xcqk/perf-node-gather-daemonset-xtsjg" node="ip-10-0-22-208.us-west-1.compute.internal" evaluatedNodes=1 feasibleNodes=1
