2026-01-28T09:32:34.927517597Z I0128 09:32:34.927376       1 cmd.go:95] &{<nil> true {false} installer true map[cert-configmaps:0xc00070da40 cert-dir:0xc00070dd60 cert-secrets:0xc00070d400 configmaps:0xc00070c780 namespace:0xc0006d3e00 optional-cert-configmaps:0xc00070dcc0 optional-configmaps:0xc00070c8c0 optional-secrets:0xc00070c820 pod:0xc0006d3ea0 pod-manifest-dir:0xc00070cb40 resource-dir:0xc00070ca00 revision:0xc0006d3d60 secrets:0xc00070c6e0 v:0xc00097c820] [0xc00097c820 0xc0006d3d60 0xc0006d3e00 0xc0006d3ea0 0xc00070ca00 0xc00070cb40 0xc00070c780 0xc00070c8c0 0xc00070c6e0 0xc00070c820 0xc00070dd60 0xc00070da40 0xc00070dcc0 0xc00070d400] [] map[cert-configmaps:0xc00070da40 cert-dir:0xc00070dd60 cert-secrets:0xc00070d400 configmaps:0xc00070c780 help:0xc00097cbe0 kubeconfig:0xc0006d3cc0 log-flush-frequency:0xc00097c780 namespace:0xc0006d3e00 optional-cert-configmaps:0xc00070dcc0 optional-cert-secrets:0xc00070dc20 optional-configmaps:0xc00070c8c0 optional-secrets:0xc00070c820 pod:0xc0006d3ea0 pod-manifest-dir:0xc00070cb40 pod-manifests-lock-file:0xc00070cf00 resource-dir:0xc00070ca00 revision:0xc0006d3d60 secrets:0xc00070c6e0 timeout-duration:0xc00070cc80 v:0xc00097c820 vmodule:0xc00097c8c0] [0xc0006d3cc0 0xc0006d3d60 0xc0006d3e00 0xc0006d3ea0 0xc00070c6e0 0xc00070c780 0xc00070c820 0xc00070c8c0 0xc00070ca00 0xc00070cb40 0xc00070cc80 0xc00070cf00 0xc00070d400 0xc00070da40 0xc00070dc20 0xc00070dcc0 0xc00070dd60 0xc00097c780 0xc00097c820 0xc00097c8c0 0xc00097cbe0] [0xc00070da40 0xc00070dd60 0xc00070d400 0xc00070c780 0xc00097cbe0 0xc0006d3cc0 0xc00097c780 0xc0006d3e00 0xc00070dcc0 0xc00070dc20 0xc00070c8c0 0xc00070c820 0xc0006d3ea0 0xc00070cb40 0xc00070cf00 0xc00070ca00 0xc0006d3d60 0xc00070c6e0 0xc00070cc80 0xc00097c820 0xc00097c8c0] map[104:0xc00097cbe0 118:0xc00097c820] [] -1 0 0xc0006cf800 true 0x77f6c0 []}
2026-01-28T09:32:34.927626509Z I0128 09:32:34.927523       1 cmd.go:96] (*installerpod.InstallOptions)(0xc000a08340)({
2026-01-28T09:32:34.927626509Z  KubeConfig: (string) "",
2026-01-28T09:32:34.927626509Z  KubeClient: (kubernetes.Interface) <nil>,
2026-01-28T09:32:34.927626509Z  Revision: (string) (len=1) "4",
2026-01-28T09:32:34.927626509Z  NodeName: (string) "",
2026-01-28T09:32:34.927626509Z  Namespace: (string) (len=33) "openshift-kube-controller-manager",
2026-01-28T09:32:34.927626509Z  Clock: (clock.RealClock) {
2026-01-28T09:32:34.927626509Z  },
2026-01-28T09:32:34.927626509Z  PodConfigMapNamePrefix: (string) (len=27) "kube-controller-manager-pod",
2026-01-28T09:32:34.927626509Z  SecretNamePrefixes: ([]string) (len=2 cap=2) {
2026-01-28T09:32:34.927626509Z   (string) (len=27) "service-account-private-key",
2026-01-28T09:32:34.927626509Z   (string) (len=31) "localhost-recovery-client-token"
2026-01-28T09:32:34.927626509Z  },
2026-01-28T09:32:34.927626509Z  OptionalSecretNamePrefixes: ([]string) (len=1 cap=1) {
2026-01-28T09:32:34.927626509Z   (string) (len=12) "serving-cert"
2026-01-28T09:32:34.927626509Z  },
2026-01-28T09:32:34.927626509Z  ConfigMapNamePrefixes: ([]string) (len=8 cap=8) {
2026-01-28T09:32:34.927626509Z   (string) (len=27) "kube-controller-manager-pod",
2026-01-28T09:32:34.927626509Z   (string) (len=6) "config",
2026-01-28T09:32:34.927626509Z   (string) (len=32) "cluster-policy-controller-config",
2026-01-28T09:32:34.927626509Z   (string) (len=29) "controller-manager-kubeconfig",
2026-01-28T09:32:34.927626509Z   (string) (len=38) "kube-controller-cert-syncer-kubeconfig",
2026-01-28T09:32:34.927626509Z   (string) (len=17) "serviceaccount-ca",
2026-01-28T09:32:34.927626509Z   (string) (len=10) "service-ca",
2026-01-28T09:32:34.927626509Z   (string) (len=15) "recycler-config"
2026-01-28T09:32:34.927626509Z  },
2026-01-28T09:32:34.927626509Z  OptionalConfigMapNamePrefixes: ([]string) (len=1 cap=1) {
2026-01-28T09:32:34.927626509Z   (string) (len=12) "cloud-config"
2026-01-28T09:32:34.927626509Z  },
2026-01-28T09:32:34.927626509Z  CertSecretNames: ([]string) (len=2 cap=2) {
2026-01-28T09:32:34.927626509Z   (string) (len=39) "kube-controller-manager-client-cert-key",
2026-01-28T09:32:34.927626509Z   (string) (len=10) "csr-signer"
2026-01-28T09:32:34.927626509Z  },
2026-01-28T09:32:34.927626509Z  OptionalCertSecretNamePrefixes: ([]string) <nil>,
2026-01-28T09:32:34.927626509Z  CertConfigMapNamePrefixes: ([]string) (len=2 cap=2) {
2026-01-28T09:32:34.927626509Z   (string) (len=20) "aggregator-client-ca",
2026-01-28T09:32:34.927626509Z   (string) (len=9) "client-ca"
2026-01-28T09:32:34.927626509Z  },
2026-01-28T09:32:34.927626509Z  OptionalCertConfigMapNamePrefixes: ([]string) (len=1 cap=1) {
2026-01-28T09:32:34.927626509Z   (string) (len=17) "trusted-ca-bundle"
2026-01-28T09:32:34.927626509Z  },
2026-01-28T09:32:34.927626509Z  CertDir: (string) (len=66) "/etc/kubernetes/static-pod-resources/kube-controller-manager-certs",
2026-01-28T09:32:34.927626509Z  ResourceDir: (string) (len=36) "/etc/kubernetes/static-pod-resources",
2026-01-28T09:32:34.927626509Z  PodManifestDir: (string) (len=25) "/etc/kubernetes/manifests",
2026-01-28T09:32:34.927626509Z  Timeout: (time.Duration) 2m0s,
2026-01-28T09:32:34.927626509Z  StaticPodManifestsLockFile: (string) "",
2026-01-28T09:32:34.927626509Z  PodMutationFns: ([]installerpod.PodMutationFunc) <nil>,
2026-01-28T09:32:34.927626509Z  KubeletVersion: (string) ""
2026-01-28T09:32:34.927626509Z })
2026-01-28T09:32:34.927783253Z I0128 09:32:34.927762       1 envvar.go:172] "Feature gate default state" feature="WatchListClient" enabled=false
2026-01-28T09:32:34.927783253Z I0128 09:32:34.927777       1 envvar.go:172] "Feature gate default state" feature="ClientsAllowCBOR" enabled=false
2026-01-28T09:32:34.927792633Z I0128 09:32:34.927782       1 envvar.go:172] "Feature gate default state" feature="ClientsPreferCBOR" enabled=false
2026-01-28T09:32:34.927792633Z I0128 09:32:34.927786       1 envvar.go:172] "Feature gate default state" feature="InformerResourceVersion" enabled=false
2026-01-28T09:32:34.927792633Z I0128 09:32:34.927789       1 envvar.go:172] "Feature gate default state" feature="InOrderInformers" enabled=true
2026-01-28T09:32:34.928255764Z I0128 09:32:34.928230       1 cmd.go:413] Getting controller reference for node ip-10-0-102-200.us-west-1.compute.internal
2026-01-28T09:32:34.936990345Z I0128 09:32:34.936953       1 cmd.go:426] Waiting for installer revisions to settle for node ip-10-0-102-200.us-west-1.compute.internal
2026-01-28T09:32:35.020434475Z I0128 09:32:35.020411       1 cmd.go:518] Waiting additional period after revisions have settled for node ip-10-0-102-200.us-west-1.compute.internal
2026-01-28T09:33:05.020932680Z I0128 09:33:05.020891       1 cmd.go:524] Getting installer pods for node ip-10-0-102-200.us-west-1.compute.internal
2026-01-28T09:33:05.024115682Z I0128 09:33:05.024067       1 cmd.go:542] Latest installer revision for node ip-10-0-102-200.us-west-1.compute.internal is: 4
2026-01-28T09:33:05.024140823Z I0128 09:33:05.024086       1 cmd.go:431] Querying kubelet version for node ip-10-0-102-200.us-west-1.compute.internal
2026-01-28T09:33:05.025986325Z I0128 09:33:05.025964       1 cmd.go:444] Got kubelet version 1.33.6 on target node ip-10-0-102-200.us-west-1.compute.internal
2026-01-28T09:33:05.026004645Z I0128 09:33:05.025985       1 cmd.go:293] Creating target resource directory "/etc/kubernetes/static-pod-resources/kube-controller-manager-pod-4" ...
2026-01-28T09:33:05.026129208Z I0128 09:33:05.026109       1 cmd.go:221] Creating target resource directory "/etc/kubernetes/static-pod-resources/kube-controller-manager-pod-4" ...
2026-01-28T09:33:05.026129208Z I0128 09:33:05.026125       1 cmd.go:229] Getting secrets ...
2026-01-28T09:33:05.027680263Z I0128 09:33:05.027652       1 copy.go:32] Got secret openshift-kube-controller-manager/localhost-recovery-client-token-4
2026-01-28T09:33:05.029252549Z I0128 09:33:05.029234       1 copy.go:32] Got secret openshift-kube-controller-manager/service-account-private-key-4
2026-01-28T09:33:05.030724063Z I0128 09:33:05.030697       1 copy.go:32] Got secret openshift-kube-controller-manager/serving-cert-4
2026-01-28T09:33:05.030758973Z I0128 09:33:05.030724       1 cmd.go:242] Getting config maps ...
2026-01-28T09:33:05.032279098Z I0128 09:33:05.032237       1 copy.go:60] Got configMap openshift-kube-controller-manager/cluster-policy-controller-config-4
2026-01-28T09:33:05.033992397Z I0128 09:33:05.033950       1 copy.go:60] Got configMap openshift-kube-controller-manager/config-4
2026-01-28T09:33:05.035609734Z I0128 09:33:05.035585       1 copy.go:60] Got configMap openshift-kube-controller-manager/controller-manager-kubeconfig-4
2026-01-28T09:33:05.037518878Z I0128 09:33:05.037493       1 copy.go:60] Got configMap openshift-kube-controller-manager/kube-controller-cert-syncer-kubeconfig-4
2026-01-28T09:33:05.039013402Z I0128 09:33:05.038986       1 copy.go:60] Got configMap openshift-kube-controller-manager/kube-controller-manager-pod-4
2026-01-28T09:33:05.230907394Z I0128 09:33:05.230866       1 copy.go:60] Got configMap openshift-kube-controller-manager/recycler-config-4
2026-01-28T09:33:05.423629124Z I0128 09:33:05.423548       1 copy.go:60] Got configMap openshift-kube-controller-manager/service-ca-4
2026-01-28T09:33:05.625521564Z I0128 09:33:05.625476       1 copy.go:60] Got configMap openshift-kube-controller-manager/serviceaccount-ca-4
2026-01-28T09:33:05.823996516Z I0128 09:33:05.823956       1 copy.go:52] Failed to get config map openshift-kube-controller-manager/cloud-config-4: configmaps "cloud-config-4" not found
2026-01-28T09:33:05.823996516Z I0128 09:33:05.823978       1 cmd.go:261] Creating directory "/etc/kubernetes/static-pod-resources/kube-controller-manager-pod-4/secrets/localhost-recovery-client-token" ...
2026-01-28T09:33:05.824144089Z I0128 09:33:05.824127       1 cmd.go:639] Writing secret manifest "/etc/kubernetes/static-pod-resources/kube-controller-manager-pod-4/secrets/localhost-recovery-client-token/ca.crt" ...
2026-01-28T09:33:05.824252162Z I0128 09:33:05.824235       1 cmd.go:639] Writing secret manifest "/etc/kubernetes/static-pod-resources/kube-controller-manager-pod-4/secrets/localhost-recovery-client-token/namespace" ...
2026-01-28T09:33:05.824330074Z I0128 09:33:05.824314       1 cmd.go:639] Writing secret manifest "/etc/kubernetes/static-pod-resources/kube-controller-manager-pod-4/secrets/localhost-recovery-client-token/token" ...
2026-01-28T09:33:05.824410135Z I0128 09:33:05.824395       1 cmd.go:261] Creating directory "/etc/kubernetes/static-pod-resources/kube-controller-manager-pod-4/secrets/service-account-private-key" ...
2026-01-28T09:33:05.824455056Z I0128 09:33:05.824442       1 cmd.go:639] Writing secret manifest "/etc/kubernetes/static-pod-resources/kube-controller-manager-pod-4/secrets/service-account-private-key/service-account.key" ...
2026-01-28T09:33:05.824529638Z I0128 09:33:05.824515       1 cmd.go:261] Creating directory "/etc/kubernetes/static-pod-resources/kube-controller-manager-pod-4/secrets/serving-cert" ...
2026-01-28T09:33:05.824573159Z I0128 09:33:05.824559       1 cmd.go:639] Writing secret manifest "/etc/kubernetes/static-pod-resources/kube-controller-manager-pod-4/secrets/serving-cert/tls.crt" ...
2026-01-28T09:33:05.824668091Z I0128 09:33:05.824641       1 cmd.go:639] Writing secret manifest "/etc/kubernetes/static-pod-resources/kube-controller-manager-pod-4/secrets/serving-cert/tls.key" ...
2026-01-28T09:33:05.824732503Z I0128 09:33:05.824717       1 cmd.go:277] Creating directory "/etc/kubernetes/static-pod-resources/kube-controller-manager-pod-4/configmaps/cluster-policy-controller-config" ...
2026-01-28T09:33:05.824799374Z I0128 09:33:05.824786       1 cmd.go:629] Writing config file "/etc/kubernetes/static-pod-resources/kube-controller-manager-pod-4/configmaps/cluster-policy-controller-config/config.yaml" ...
2026-01-28T09:33:05.824874936Z I0128 09:33:05.824861       1 cmd.go:277] Creating directory "/etc/kubernetes/static-pod-resources/kube-controller-manager-pod-4/configmaps/config" ...
2026-01-28T09:33:05.824920217Z I0128 09:33:05.824906       1 cmd.go:629] Writing config file "/etc/kubernetes/static-pod-resources/kube-controller-manager-pod-4/configmaps/config/config.yaml" ...
2026-01-28T09:33:05.824998739Z I0128 09:33:05.824984       1 cmd.go:277] Creating directory "/etc/kubernetes/static-pod-resources/kube-controller-manager-pod-4/configmaps/controller-manager-kubeconfig" ...
2026-01-28T09:33:05.825044190Z I0128 09:33:05.825030       1 cmd.go:629] Writing config file "/etc/kubernetes/static-pod-resources/kube-controller-manager-pod-4/configmaps/controller-manager-kubeconfig/kubeconfig" ...
2026-01-28T09:33:05.825151722Z I0128 09:33:05.825136       1 cmd.go:277] Creating directory "/etc/kubernetes/static-pod-resources/kube-controller-manager-pod-4/configmaps/kube-controller-cert-syncer-kubeconfig" ...
2026-01-28T09:33:05.825200444Z I0128 09:33:05.825186       1 cmd.go:629] Writing config file "/etc/kubernetes/static-pod-resources/kube-controller-manager-pod-4/configmaps/kube-controller-cert-syncer-kubeconfig/kubeconfig" ...
2026-01-28T09:33:05.825278735Z I0128 09:33:05.825264       1 cmd.go:277] Creating directory "/etc/kubernetes/static-pod-resources/kube-controller-manager-pod-4/configmaps/kube-controller-manager-pod" ...
2026-01-28T09:33:05.825325286Z I0128 09:33:05.825311       1 cmd.go:629] Writing config file "/etc/kubernetes/static-pod-resources/kube-controller-manager-pod-4/configmaps/kube-controller-manager-pod/pod.yaml" ...
2026-01-28T09:33:05.825409898Z I0128 09:33:05.825396       1 cmd.go:629] Writing config file "/etc/kubernetes/static-pod-resources/kube-controller-manager-pod-4/configmaps/kube-controller-manager-pod/version" ...
2026-01-28T09:33:05.825482430Z I0128 09:33:05.825468       1 cmd.go:629] Writing config file "/etc/kubernetes/static-pod-resources/kube-controller-manager-pod-4/configmaps/kube-controller-manager-pod/forceRedeploymentReason" ...
2026-01-28T09:33:05.825546271Z I0128 09:33:05.825532       1 cmd.go:277] Creating directory "/etc/kubernetes/static-pod-resources/kube-controller-manager-pod-4/configmaps/recycler-config" ...
2026-01-28T09:33:05.825611213Z I0128 09:33:05.825596       1 cmd.go:629] Writing config file "/etc/kubernetes/static-pod-resources/kube-controller-manager-pod-4/configmaps/recycler-config/recycler-pod.yaml" ...
2026-01-28T09:33:05.825689324Z I0128 09:33:05.825673       1 cmd.go:277] Creating directory "/etc/kubernetes/static-pod-resources/kube-controller-manager-pod-4/configmaps/service-ca" ...
2026-01-28T09:33:05.825735536Z I0128 09:33:05.825721       1 cmd.go:629] Writing config file "/etc/kubernetes/static-pod-resources/kube-controller-manager-pod-4/configmaps/service-ca/ca-bundle.crt" ...
2026-01-28T09:33:05.825808747Z I0128 09:33:05.825793       1 cmd.go:277] Creating directory "/etc/kubernetes/static-pod-resources/kube-controller-manager-pod-4/configmaps/serviceaccount-ca" ...
2026-01-28T09:33:05.825863979Z I0128 09:33:05.825849       1 cmd.go:629] Writing config file "/etc/kubernetes/static-pod-resources/kube-controller-manager-pod-4/configmaps/serviceaccount-ca/ca-bundle.crt" ...
2026-01-28T09:33:05.825939820Z I0128 09:33:05.825925       1 cmd.go:221] Creating target resource directory "/etc/kubernetes/static-pod-resources/kube-controller-manager-certs" ...
2026-01-28T09:33:05.825947130Z I0128 09:33:05.825939       1 cmd.go:229] Getting secrets ...
2026-01-28T09:33:06.023112622Z I0128 09:33:06.023061       1 copy.go:32] Got secret openshift-kube-controller-manager/csr-signer
2026-01-28T09:33:06.224217684Z I0128 09:33:06.224162       1 copy.go:32] Got secret openshift-kube-controller-manager/kube-controller-manager-client-cert-key
2026-01-28T09:33:06.224217684Z I0128 09:33:06.224187       1 cmd.go:242] Getting config maps ...
2026-01-28T09:33:06.424366874Z I0128 09:33:06.424320       1 copy.go:60] Got configMap openshift-kube-controller-manager/aggregator-client-ca
2026-01-28T09:33:06.623281735Z I0128 09:33:06.623241       1 copy.go:52] Failed to get config map openshift-kube-controller-manager/client-ca: configmaps "client-ca" not found
2026-01-28T09:33:06.829218417Z F0128 09:33:06.829182       1 cmd.go:109] failed to copy: configmaps "client-ca" not found
