2026-01-28T09:49:35.472944275Z I0128 09:49:35.472826       1 readyz.go:175] Listening on 0.0.0.0:9980
2026-01-28T09:49:40.156213222Z I0128 09:49:40.156171       1 etcdcli_pool.go:70] creating a new cached client
2026-01-28T09:49:40.158220975Z 2026/01/28 09:49:40 WARNING: [core] [Channel #1 SubChannel #2]grpc: addrConn.createTransport failed to connect to {Addr: "localhost:2379", ServerName: "localhost:2379", }. Err: connection error: desc = "transport: Error while dialing: dial tcp [::1]:2379: connect: connection refused"
2026-01-28T09:49:41.159781420Z 2026/01/28 09:49:41 WARNING: [core] [Channel #1 SubChannel #2]grpc: addrConn.createTransport failed to connect to {Addr: "localhost:2379", ServerName: "localhost:2379", }. Err: connection error: desc = "transport: Error while dialing: dial tcp [::1]:2379: connect: connection refused"
2026-01-28T09:49:42.157319630Z W0128 09:49:42.157276       1 etcdcli_pool.go:73] could not create a new cached client after 0 tries, trying again. Err: context deadline exceeded
2026-01-28T09:49:44.158018579Z I0128 09:49:44.157958       1 etcdcli_pool.go:70] creating a new cached client
2026-01-28T09:49:44.159207055Z 2026/01/28 09:49:44 WARNING: [core] [Channel #3 SubChannel #4]grpc: addrConn.createTransport failed to connect to {Addr: "localhost:2379", ServerName: "localhost:2379", }. Err: connection error: desc = "transport: Error while dialing: dial tcp [::1]:2379: connect: connection refused"
2026-01-28T09:49:45.156536340Z I0128 09:49:45.156492       1 etcdcli_pool.go:70] creating a new cached client
2026-01-28T09:49:45.157686315Z 2026/01/28 09:49:45 WARNING: [core] [Channel #5 SubChannel #6]grpc: addrConn.createTransport failed to connect to {Addr: "localhost:2379", ServerName: "localhost:2379", }. Err: connection error: desc = "transport: Error while dialing: dial tcp [::1]:2379: connect: connection refused"
2026-01-28T09:49:45.160263399Z 2026/01/28 09:49:45 WARNING: [core] [Channel #3 SubChannel #4]grpc: addrConn.createTransport failed to connect to {Addr: "localhost:2379", ServerName: "localhost:2379", }. Err: connection error: desc = "transport: Error while dialing: dial tcp [::1]:2379: connect: connection refused"
2026-01-28T09:49:46.158523052Z W0128 09:49:46.158473       1 etcdcli_pool.go:73] could not create a new cached client after 1 tries, trying again. Err: context deadline exceeded
2026-01-28T09:49:46.159026283Z 2026/01/28 09:49:46 WARNING: [core] [Channel #5 SubChannel #6]grpc: addrConn.createTransport failed to connect to {Addr: "localhost:2379", ServerName: "localhost:2379", }. Err: connection error: desc = "transport: Error while dialing: dial tcp [::1]:2379: connect: connection refused"
2026-01-28T09:49:47.157214371Z W0128 09:49:47.157162       1 etcdcli_pool.go:73] could not create a new cached client after 0 tries, trying again. Err: context deadline exceeded
2026-01-28T09:49:49.157990600Z I0128 09:49:49.157942       1 etcdcli_pool.go:70] creating a new cached client
2026-01-28T09:49:49.159079943Z 2026/01/28 09:49:49 WARNING: [core] [Channel #7 SubChannel #8]grpc: addrConn.createTransport failed to connect to {Addr: "localhost:2379", ServerName: "localhost:2379", }. Err: connection error: desc = "transport: Error while dialing: dial tcp [::1]:2379: connect: connection refused"
2026-01-28T09:49:50.157468735Z I0128 09:49:50.157427       1 etcdcli_pool.go:70] creating a new cached client
2026-01-28T09:49:50.158481707Z 2026/01/28 09:49:50 WARNING: [core] [Channel #9 SubChannel #10]grpc: addrConn.createTransport failed to connect to {Addr: "localhost:2379", ServerName: "localhost:2379", }. Err: connection error: desc = "transport: Error while dialing: dial tcp [::1]:2379: connect: connection refused"
2026-01-28T09:49:50.159600480Z I0128 09:49:50.159576       1 etcdcli_pool.go:70] creating a new cached client
2026-01-28T09:49:50.160104611Z 2026/01/28 09:49:50 WARNING: [core] [Channel #7 SubChannel #8]grpc: addrConn.createTransport failed to connect to {Addr: "localhost:2379", ServerName: "localhost:2379", }. Err: connection error: desc = "transport: Error while dialing: dial tcp [::1]:2379: connect: connection refused"
2026-01-28T09:49:50.160487259Z 2026/01/28 09:49:50 WARNING: [core] [Channel #11 SubChannel #12]grpc: addrConn.createTransport failed to connect to {Addr: "localhost:2379", ServerName: "localhost:2379", }. Err: connection error: desc = "transport: Error while dialing: dial tcp [::1]:2379: connect: connection refused"
2026-01-28T09:49:51.159189868Z W0128 09:49:51.159133       1 etcdcli_pool.go:73] could not create a new cached client after 1 tries, trying again. Err: context deadline exceeded
2026-01-28T09:49:51.159687138Z 2026/01/28 09:49:51 WARNING: [core] [Channel #9 SubChannel #10]grpc: addrConn.createTransport failed to connect to {Addr: "localhost:2379", ServerName: "localhost:2379", }. Err: connection error: desc = "transport: Error while dialing: dial tcp [::1]:2379: connect: connection refused"
2026-01-28T09:49:51.161186630Z 2026/01/28 09:49:51 WARNING: [core] [Channel #11 SubChannel #12]grpc: addrConn.createTransport failed to connect to {Addr: "localhost:2379", ServerName: "localhost:2379", }. Err: connection error: desc = "transport: Error while dialing: dial tcp [::1]:2379: connect: connection refused"
2026-01-28T09:49:52.026976393Z I0128 09:49:52.026935       1 etcdcli_pool.go:70] creating a new cached client
2026-01-28T09:49:52.028299561Z 2026/01/28 09:49:52 WARNING: [core] [Channel #13 SubChannel #14]grpc: addrConn.createTransport failed to connect to {Addr: "localhost:2379", ServerName: "localhost:2379", }. Err: connection error: desc = "transport: Error while dialing: dial tcp [::1]:2379: connect: connection refused"
2026-01-28T09:49:52.158743755Z W0128 09:49:52.158699       1 etcdcli_pool.go:73] could not create a new cached client after 0 tries, trying again. Err: context deadline exceeded
2026-01-28T09:49:52.160820499Z W0128 09:49:52.160800       1 etcdcli_pool.go:73] could not create a new cached client after 2 tries, trying again. Err: context deadline exceeded
2026-01-28T09:49:53.029790298Z 2026/01/28 09:49:53 WARNING: [core] [Channel #13 SubChannel #14]grpc: addrConn.createTransport failed to connect to {Addr: "localhost:2379", ServerName: "localhost:2379", }. Err: connection error: desc = "transport: Error while dialing: dial tcp [::1]:2379: connect: connection refused"
2026-01-28T09:49:54.028140500Z W0128 09:49:54.028099       1 etcdcli_pool.go:73] could not create a new cached client after 0 tries, trying again. Err: context deadline exceeded
2026-01-28T09:49:54.159296879Z I0128 09:49:54.159252       1 etcdcli_pool.go:70] creating a new cached client
2026-01-28T09:49:54.161657309Z 2026/01/28 09:49:54 WARNING: [core] [Channel #15 SubChannel #16]grpc: addrConn.createTransport failed to connect to {Addr: "localhost:2379", ServerName: "localhost:2379", }. Err: connection error: desc = "transport: Error while dialing: dial tcp [::1]:2379: connect: connection refused"
2026-01-28T09:49:55.157868206Z I0128 09:49:55.157821       1 etcdcli_pool.go:70] creating a new cached client
2026-01-28T09:49:55.158829266Z 2026/01/28 09:49:55 WARNING: [core] [Channel #17 SubChannel #18]grpc: addrConn.createTransport failed to connect to {Addr: "localhost:2379", ServerName: "localhost:2379", }. Err: connection error: desc = "transport: Error while dialing: dial tcp [::1]:2379: connect: connection refused"
2026-01-28T09:49:55.159910749Z I0128 09:49:55.159850       1 etcdcli_pool.go:70] creating a new cached client
2026-01-28T09:49:55.160838268Z 2026/01/28 09:49:55 WARNING: [core] [Channel #19 SubChannel #20]grpc: addrConn.createTransport failed to connect to {Addr: "localhost:2379", ServerName: "localhost:2379", }. Err: connection error: desc = "transport: Error while dialing: dial tcp [::1]:2379: connect: connection refused"
2026-01-28T09:49:55.162364830Z 2026/01/28 09:49:55 WARNING: [core] [Channel #15 SubChannel #16]grpc: addrConn.createTransport failed to connect to {Addr: "localhost:2379", ServerName: "localhost:2379", }. Err: connection error: desc = "transport: Error while dialing: dial tcp [::1]:2379: connect: connection refused"
2026-01-28T09:49:56.029045862Z I0128 09:49:56.029002       1 etcdcli_pool.go:70] creating a new cached client
2026-01-28T09:49:56.030256287Z 2026/01/28 09:49:56 WARNING: [core] [Channel #21 SubChannel #22]grpc: addrConn.createTransport failed to connect to {Addr: "localhost:2379", ServerName: "localhost:2379", }. Err: connection error: desc = "transport: Error while dialing: dial tcp [::1]:2379: connect: connection refused"
2026-01-28T09:49:56.160075018Z W0128 09:49:56.160030       1 etcdcli_pool.go:73] could not create a new cached client after 1 tries, trying again. Err: context deadline exceeded
2026-01-28T09:49:56.160339734Z 2026/01/28 09:49:56 WARNING: [core] [Channel #17 SubChannel #18]grpc: addrConn.createTransport failed to connect to {Addr: "localhost:2379", ServerName: "localhost:2379", }. Err: connection error: desc = "transport: Error while dialing: dial tcp [::1]:2379: connect: connection refused"
2026-01-28T09:49:56.161763984Z 2026/01/28 09:49:56 WARNING: [core] [Channel #19 SubChannel #20]grpc: addrConn.createTransport failed to connect to {Addr: "localhost:2379", ServerName: "localhost:2379", }. Err: connection error: desc = "transport: Error while dialing: dial tcp [::1]:2379: connect: connection refused"
2026-01-28T09:49:57.031975500Z 2026/01/28 09:49:57 WARNING: [core] [Channel #21 SubChannel #22]grpc: addrConn.createTransport failed to connect to {Addr: "localhost:2379", ServerName: "localhost:2379", }. Err: connection error: desc = "transport: Error while dialing: dial tcp [::1]:2379: connect: connection refused"
2026-01-28T09:49:57.159130164Z W0128 09:49:57.159094       1 etcdcli_pool.go:73] could not create a new cached client after 0 tries, trying again. Err: context deadline exceeded
2026-01-28T09:49:57.161220198Z W0128 09:49:57.161195       1 etcdcli_pool.go:73] could not create a new cached client after 2 tries, trying again. Err: context deadline exceeded
2026-01-28T09:49:58.030142517Z W0128 09:49:58.030102       1 etcdcli_pool.go:73] could not create a new cached client after 1 tries, trying again. Err: context deadline exceeded
2026-01-28T09:49:59.159269230Z I0128 09:49:59.159223       1 etcdcli_pool.go:70] creating a new cached client
2026-01-28T09:49:59.160355523Z 2026/01/28 09:49:59 WARNING: [core] [Channel #23 SubChannel #24]grpc: addrConn.createTransport failed to connect to {Addr: "localhost:2379", ServerName: "localhost:2379", }. Err: connection error: desc = "transport: Error while dialing: dial tcp [::1]:2379: connect: connection refused"
2026-01-28T09:50:00.158990711Z I0128 09:50:00.158943       1 etcdcli_pool.go:70] creating a new cached client
2026-01-28T09:50:00.160018052Z 2026/01/28 09:50:00 WARNING: [core] [Channel #25 SubChannel #26]grpc: addrConn.createTransport failed to connect to {Addr: "localhost:2379", ServerName: "localhost:2379", }. Err: connection error: desc = "transport: Error while dialing: dial tcp [::1]:2379: connect: connection refused"
2026-01-28T09:50:00.161129776Z I0128 09:50:00.161103       1 etcdcli_pool.go:70] creating a new cached client
2026-01-28T09:50:00.161772849Z 2026/01/28 09:50:00 WARNING: [core] [Channel #23 SubChannel #24]grpc: addrConn.createTransport failed to connect to {Addr: "localhost:2379", ServerName: "localhost:2379", }. Err: connection error: desc = "transport: Error while dialing: dial tcp [::1]:2379: connect: connection refused"
2026-01-28T09:50:00.162254219Z 2026/01/28 09:50:00 WARNING: [core] [Channel #27 SubChannel #28]grpc: addrConn.createTransport failed to connect to {Addr: "localhost:2379", ServerName: "localhost:2379", }. Err: connection error: desc = "transport: Error while dialing: dial tcp [::1]:2379: connect: connection refused"
2026-01-28T09:50:01.160169592Z W0128 09:50:01.160128       1 etcdcli_pool.go:73] could not create a new cached client after 1 tries, trying again. Err: context deadline exceeded
2026-01-28T09:50:01.160627761Z 2026/01/28 09:50:01 WARNING: [core] [Channel #25 SubChannel #26]grpc: addrConn.createTransport failed to connect to {Addr: "localhost:2379", ServerName: "localhost:2379", }. Err: connection error: desc = "transport: Error while dialing: dial tcp [::1]:2379: connect: connection refused"
2026-01-28T09:50:01.163208286Z 2026/01/28 09:50:01 WARNING: [core] [Channel #27 SubChannel #28]grpc: addrConn.createTransport failed to connect to {Addr: "localhost:2379", ServerName: "localhost:2379", }. Err: connection error: desc = "transport: Error while dialing: dial tcp [::1]:2379: connect: connection refused"
2026-01-28T09:50:02.026345338Z I0128 09:50:02.026298       1 etcdcli_pool.go:70] creating a new cached client
2026-01-28T09:50:02.028764120Z 2026/01/28 09:50:02 WARNING: [core] [Channel #29 SubChannel #30]grpc: addrConn.createTransport failed to connect to {Addr: "localhost:2379", ServerName: "localhost:2379", }. Err: connection error: desc = "transport: Error while dialing: dial tcp [::1]:2379: connect: connection refused"
2026-01-28T09:50:02.030901217Z I0128 09:50:02.030860       1 etcdcli_pool.go:70] creating a new cached client
2026-01-28T09:50:02.032377238Z 2026/01/28 09:50:02 WARNING: [core] [Channel #31 SubChannel #32]grpc: addrConn.createTransport failed to connect to {Addr: "localhost:2379", ServerName: "localhost:2379", }. Err: connection error: desc = "transport: Error while dialing: dial tcp [::1]:2379: connect: connection refused"
2026-01-28T09:50:02.159647452Z W0128 09:50:02.159571       1 etcdcli_pool.go:73] could not create a new cached client after 0 tries, trying again. Err: context deadline exceeded
2026-01-28T09:50:02.162223208Z W0128 09:50:02.162199       1 etcdcli_pool.go:73] could not create a new cached client after 2 tries, trying again. Err: context deadline exceeded
2026-01-28T09:50:03.029640550Z 2026/01/28 09:50:03 WARNING: [core] [Channel #29 SubChannel #30]grpc: addrConn.createTransport failed to connect to {Addr: "localhost:2379", ServerName: "localhost:2379", }. Err: connection error: desc = "transport: Error while dialing: dial tcp [::1]:2379: connect: connection refused"
2026-01-28T09:50:03.033191706Z 2026/01/28 09:50:03 WARNING: [core] [Channel #31 SubChannel #32]grpc: addrConn.createTransport failed to connect to {Addr: "localhost:2379", ServerName: "localhost:2379", }. Err: connection error: desc = "transport: Error while dialing: dial tcp [::1]:2379: connect: connection refused"
2026-01-28T09:50:04.027100275Z W0128 09:50:04.027058       1 etcdcli_pool.go:73] could not create a new cached client after 0 tries, trying again. Err: context deadline exceeded
2026-01-28T09:50:04.032145164Z W0128 09:50:04.032107       1 etcdcli_pool.go:73] could not create a new cached client after 2 tries, trying again. Err: context deadline exceeded
2026-01-28T09:50:04.160317507Z I0128 09:50:04.160271       1 etcdcli_pool.go:70] creating a new cached client
2026-01-28T09:50:04.161431522Z 2026/01/28 09:50:04 WARNING: [core] [Channel #33 SubChannel #34]grpc: addrConn.createTransport failed to connect to {Addr: "localhost:2379", ServerName: "localhost:2379", }. Err: connection error: desc = "transport: Error while dialing: dial tcp [::1]:2379: connect: connection refused"
2026-01-28T09:50:05.159378007Z I0128 09:50:05.159344       1 etcdcli_pool.go:70] creating a new cached client
2026-01-28T09:50:05.160237106Z I0128 09:50:05.160210       1 etcdcli_pool.go:70] creating a new cached client
2026-01-28T09:50:05.160480461Z 2026/01/28 09:50:05 WARNING: [core] [Channel #35 SubChannel #36]grpc: addrConn.createTransport failed to connect to {Addr: "localhost:2379", ServerName: "localhost:2379", }. Err: connection error: desc = "transport: Error while dialing: dial tcp [::1]:2379: connect: connection refused"
2026-01-28T09:50:05.161145536Z 2026/01/28 09:50:05 WARNING: [core] [Channel #37 SubChannel #38]grpc: addrConn.createTransport failed to connect to {Addr: "localhost:2379", ServerName: "localhost:2379", }. Err: connection error: desc = "transport: Error while dialing: dial tcp [::1]:2379: connect: connection refused"
2026-01-28T09:50:05.162581727Z 2026/01/28 09:50:05 WARNING: [core] [Channel #33 SubChannel #34]grpc: addrConn.createTransport failed to connect to {Addr: "localhost:2379", ServerName: "localhost:2379", }. Err: connection error: desc = "transport: Error while dialing: dial tcp [::1]:2379: connect: connection refused"
2026-01-28T09:50:06.027701028Z I0128 09:50:06.027625       1 etcdcli_pool.go:70] creating a new cached client
2026-01-28T09:50:06.028747100Z 2026/01/28 09:50:06 WARNING: [core] [Channel #39 SubChannel #40]grpc: addrConn.createTransport failed to connect to {Addr: "localhost:2379", ServerName: "localhost:2379", }. Err: connection error: desc = "transport: Error while dialing: dial tcp [::1]:2379: connect: connection refused"
2026-01-28T09:50:06.161109105Z W0128 09:50:06.161035       1 etcdcli_pool.go:73] could not create a new cached client after 1 tries, trying again. Err: context deadline exceeded
2026-01-28T09:50:06.161598726Z 2026/01/28 09:50:06 WARNING: [core] [Channel #35 SubChannel #36]grpc: addrConn.createTransport failed to connect to {Addr: "localhost:2379", ServerName: "localhost:2379", }. Err: connection error: desc = "transport: Error while dialing: dial tcp [::1]:2379: connect: connection refused"
2026-01-28T09:50:06.161750519Z 2026/01/28 09:50:06 WARNING: [core] [Channel #37 SubChannel #38]grpc: addrConn.createTransport failed to connect to {Addr: "localhost:2379", ServerName: "localhost:2379", }. Err: connection error: desc = "transport: Error while dialing: dial tcp [::1]:2379: connect: connection refused"
2026-01-28T09:50:07.030058099Z 2026/01/28 09:50:07 WARNING: [core] [Channel #39 SubChannel #40]grpc: addrConn.createTransport failed to connect to {Addr: "localhost:2379", ServerName: "localhost:2379", }. Err: connection error: desc = "transport: Error while dialing: dial tcp [::1]:2379: connect: connection refused"
2026-01-28T09:50:07.160334258Z W0128 09:50:07.160287       1 etcdcli_pool.go:73] could not create a new cached client after 0 tries, trying again. Err: context deadline exceeded
2026-01-28T09:50:07.161341450Z W0128 09:50:07.161322       1 etcdcli_pool.go:73] could not create a new cached client after 2 tries, trying again. Err: context deadline exceeded
2026-01-28T09:50:08.028297661Z W0128 09:50:08.028246       1 etcdcli_pool.go:73] could not create a new cached client after 1 tries, trying again. Err: context deadline exceeded
2026-01-28T09:50:09.161074335Z I0128 09:50:09.161017       1 etcdcli_pool.go:70] creating a new cached client
2026-01-28T09:50:09.162019415Z 2026/01/28 09:50:09 WARNING: [core] [Channel #41 SubChannel #42]grpc: addrConn.createTransport failed to connect to {Addr: "localhost:2379", ServerName: "localhost:2379", }. Err: connection error: desc = "transport: Error while dialing: dial tcp [::1]:2379: connect: connection refused"
2026-01-28T09:50:10.160560884Z I0128 09:50:10.160505       1 etcdcli_pool.go:70] creating a new cached client
2026-01-28T09:50:10.161213108Z I0128 09:50:10.161182       1 etcdcli_pool.go:70] creating a new cached client
2026-01-28T09:50:10.161662608Z 2026/01/28 09:50:10 WARNING: [core] [Channel #43 SubChannel #44]grpc: addrConn.createTransport failed to connect to {Addr: "localhost:2379", ServerName: "localhost:2379", }. Err: connection error: desc = "transport: Error while dialing: dial tcp [::1]:2379: connect: connection refused"
2026-01-28T09:50:10.162168398Z 2026/01/28 09:50:10 WARNING: [core] [Channel #45 SubChannel #46]grpc: addrConn.createTransport failed to connect to {Addr: "localhost:2379", ServerName: "localhost:2379", }. Err: connection error: desc = "transport: Error while dialing: dial tcp [::1]:2379: connect: connection refused"
2026-01-28T09:50:10.162579127Z 2026/01/28 09:50:10 WARNING: [core] [Channel #41 SubChannel #42]grpc: addrConn.createTransport failed to connect to {Addr: "localhost:2379", ServerName: "localhost:2379", }. Err: connection error: desc = "transport: Error while dialing: dial tcp [::1]:2379: connect: connection refused"
2026-01-28T09:50:11.161845421Z W0128 09:50:11.161791       1 etcdcli_pool.go:73] could not create a new cached client after 1 tries, trying again. Err: context deadline exceeded
2026-01-28T09:50:11.162367753Z 2026/01/28 09:50:11 WARNING: [core] [Channel #43 SubChannel #44]grpc: addrConn.createTransport failed to connect to {Addr: "localhost:2379", ServerName: "localhost:2379", }. Err: connection error: desc = "transport: Error while dialing: dial tcp [::1]:2379: connect: connection refused"
2026-01-28T09:50:11.162704750Z 2026/01/28 09:50:11 WARNING: [core] [Channel #45 SubChannel #46]grpc: addrConn.createTransport failed to connect to {Addr: "localhost:2379", ServerName: "localhost:2379", }. Err: connection error: desc = "transport: Error while dialing: dial tcp [::1]:2379: connect: connection refused"
2026-01-28T09:50:12.026688297Z I0128 09:50:12.026635       1 etcdcli_pool.go:70] creating a new cached client
2026-01-28T09:50:12.028194579Z 2026/01/28 09:50:12 WARNING: [core] [Channel #47 SubChannel #48]grpc: addrConn.createTransport failed to connect to {Addr: "localhost:2379", ServerName: "localhost:2379", }. Err: connection error: desc = "transport: Error while dialing: dial tcp [::1]:2379: connect: connection refused"
2026-01-28T09:50:12.028381793Z I0128 09:50:12.028359       1 etcdcli_pool.go:70] creating a new cached client
2026-01-28T09:50:12.030374527Z 2026/01/28 09:50:12 WARNING: [core] [Channel #49 SubChannel #50]grpc: addrConn.createTransport failed to connect to {Addr: "localhost:2379", ServerName: "localhost:2379", }. Err: connection error: desc = "transport: Error while dialing: dial tcp [::1]:2379: connect: connection refused"
2026-01-28T09:50:12.161627397Z W0128 09:50:12.161591       1 etcdcli_pool.go:73] could not create a new cached client after 0 tries, trying again. Err: context deadline exceeded
2026-01-28T09:50:12.161700748Z W0128 09:50:12.161628       1 etcdcli_pool.go:73] could not create a new cached client after 2 tries, trying again. Err: context deadline exceeded
2026-01-28T09:50:13.029430536Z 2026/01/28 09:50:13 WARNING: [core] [Channel #47 SubChannel #48]grpc: addrConn.createTransport failed to connect to {Addr: "localhost:2379", ServerName: "localhost:2379", }. Err: connection error: desc = "transport: Error while dialing: dial tcp [::1]:2379: connect: connection refused"
2026-01-28T09:50:13.029815475Z 2026/01/28 09:50:13 WARNING: [core] [Channel #49 SubChannel #50]grpc: addrConn.createTransport failed to connect to {Addr: "localhost:2379", ServerName: "localhost:2379", }. Err: connection error: desc = "transport: Error while dialing: dial tcp [::1]:2379: connect: connection refused"
2026-01-28T09:50:14.028034526Z W0128 09:50:14.027977       1 etcdcli_pool.go:73] could not create a new cached client after 0 tries, trying again. Err: context deadline exceeded
2026-01-28T09:50:14.029020867Z W0128 09:50:14.028991       1 etcdcli_pool.go:73] could not create a new cached client after 2 tries, trying again. Err: context deadline exceeded
2026-01-28T09:50:14.162203000Z I0128 09:50:14.162164       1 etcdcli_pool.go:70] creating a new cached client
2026-01-28T09:50:14.163689262Z 2026/01/28 09:50:14 WARNING: [core] [Channel #51 SubChannel #52]grpc: addrConn.createTransport failed to connect to {Addr: "localhost:2379", ServerName: "localhost:2379", }. Err: connection error: desc = "transport: Error while dialing: dial tcp [::1]:2379: connect: connection refused"
2026-01-28T09:50:15.160667317Z I0128 09:50:15.160624       1 etcdcli_pool.go:70] creating a new cached client
2026-01-28T09:50:15.161803902Z 2026/01/28 09:50:15 WARNING: [core] [Channel #53 SubChannel #54]grpc: addrConn.createTransport failed to connect to {Addr: "localhost:2379", ServerName: "localhost:2379", }. Err: connection error: desc = "transport: Error while dialing: dial tcp [::1]:2379: connect: connection refused"
2026-01-28T09:50:15.162842184Z I0128 09:50:15.162823       1 etcdcli_pool.go:70] creating a new cached client
2026-01-28T09:50:15.163705683Z 2026/01/28 09:50:15 WARNING: [core] [Channel #55 SubChannel #56]grpc: addrConn.createTransport failed to connect to {Addr: "localhost:2379", ServerName: "localhost:2379", }. Err: connection error: desc = "transport: Error while dialing: dial tcp [::1]:2379: connect: connection refused"
2026-01-28T09:50:15.164165273Z 2026/01/28 09:50:15 WARNING: [core] [Channel #51 SubChannel #52]grpc: addrConn.createTransport failed to connect to {Addr: "localhost:2379", ServerName: "localhost:2379", }. Err: connection error: desc = "transport: Error while dialing: dial tcp [::1]:2379: connect: connection refused"
2026-01-28T09:50:16.028190670Z I0128 09:50:16.028130       1 etcdcli_pool.go:70] creating a new cached client
2026-01-28T09:50:16.029476038Z 2026/01/28 09:50:16 WARNING: [core] [Channel #57 SubChannel #58]grpc: addrConn.createTransport failed to connect to {Addr: "localhost:2379", ServerName: "localhost:2379", }. Err: connection error: desc = "transport: Error while dialing: dial tcp [::1]:2379: connect: connection refused"
2026-01-28T09:50:16.162924056Z W0128 09:50:16.162868       1 etcdcli_pool.go:73] could not create a new cached client after 1 tries, trying again. Err: context deadline exceeded
2026-01-28T09:50:16.163362306Z 2026/01/28 09:50:16 WARNING: [core] [Channel #53 SubChannel #54]grpc: addrConn.createTransport failed to connect to {Addr: "localhost:2379", ServerName: "localhost:2379", }. Err: connection error: desc = "transport: Error while dialing: dial tcp [::1]:2379: connect: connection refused"
2026-01-28T09:50:16.164995301Z 2026/01/28 09:50:16 WARNING: [core] [Channel #55 SubChannel #56]grpc: addrConn.createTransport failed to connect to {Addr: "localhost:2379", ServerName: "localhost:2379", }. Err: connection error: desc = "transport: Error while dialing: dial tcp [::1]:2379: connect: connection refused"
2026-01-28T09:50:17.030637284Z 2026/01/28 09:50:17 WARNING: [core] [Channel #57 SubChannel #58]grpc: addrConn.createTransport failed to connect to {Addr: "localhost:2379", ServerName: "localhost:2379", }. Err: connection error: desc = "transport: Error while dialing: dial tcp [::1]:2379: connect: connection refused"
2026-01-28T09:50:17.162125499Z W0128 09:50:17.162085       1 etcdcli_pool.go:73] could not create a new cached client after 0 tries, trying again. Err: context deadline exceeded
2026-01-28T09:50:17.164224194Z W0128 09:50:17.164204       1 etcdcli_pool.go:73] could not create a new cached client after 2 tries, trying again. Err: context deadline exceeded
2026-01-28T09:50:18.029233468Z W0128 09:50:18.029179       1 etcdcli_pool.go:73] could not create a new cached client after 1 tries, trying again. Err: context deadline exceeded
2026-01-28T09:50:19.163143877Z I0128 09:50:19.163094       1 etcdcli_pool.go:70] creating a new cached client
2026-01-28T09:50:19.164165169Z 2026/01/28 09:50:19 WARNING: [core] [Channel #59 SubChannel #60]grpc: addrConn.createTransport failed to connect to {Addr: "localhost:2379", ServerName: "localhost:2379", }. Err: connection error: desc = "transport: Error while dialing: dial tcp [::1]:2379: connect: connection refused"
2026-01-28T09:50:20.162040495Z I0128 09:50:20.162001       1 etcdcli_pool.go:70] creating a new cached client
2026-01-28T09:50:20.162959705Z I0128 09:50:20.162932       1 etcdcli_pool.go:70] creating a new cached client
2026-01-28T09:50:20.163070407Z 2026/01/28 09:50:20 WARNING: [core] [Channel #61 SubChannel #62]grpc: addrConn.createTransport failed to connect to {Addr: "localhost:2379", ServerName: "localhost:2379", }. Err: connection error: desc = "transport: Error while dialing: dial tcp [::1]:2379: connect: connection refused"
2026-01-28T09:50:20.163740482Z 2026/01/28 09:50:20 WARNING: [core] [Channel #63 SubChannel #64]grpc: addrConn.createTransport failed to connect to {Addr: "localhost:2379", ServerName: "localhost:2379", }. Err: connection error: desc = "transport: Error while dialing: dial tcp [::1]:2379: connect: connection refused"
2026-01-28T09:50:20.165275745Z 2026/01/28 09:50:20 WARNING: [core] [Channel #59 SubChannel #60]grpc: addrConn.createTransport failed to connect to {Addr: "localhost:2379", ServerName: "localhost:2379", }. Err: connection error: desc = "transport: Error while dialing: dial tcp [::1]:2379: connect: connection refused"
2026-01-28T09:50:21.164142802Z W0128 09:50:21.164092       1 etcdcli_pool.go:73] could not create a new cached client after 1 tries, trying again. Err: context deadline exceeded
2026-01-28T09:50:22.027727844Z I0128 09:50:22.027687       1 etcdcli_pool.go:70] creating a new cached client
2026-01-28T09:50:22.029360799Z I0128 09:50:22.029340       1 etcdcli_pool.go:70] creating a new cached client
2026-01-28T09:50:22.162679153Z W0128 09:50:22.162634       1 etcdcli_pool.go:73] could not create a new cached client after 0 tries, trying again. Err: context deadline exceeded
2026-01-28T09:50:22.162724264Z 2026/01/28 09:50:22 WARNING: [core] [Channel #61 SubChannel #62]grpc: addrConn.createTransport failed to connect to {Addr: "localhost:2379", ServerName: "localhost:2379", }. Err: connection error: desc = "transport: authentication handshake failed: context canceled"
2026-01-28T09:50:22.163820538Z W0128 09:50:22.163792       1 etcdcli_pool.go:73] could not create a new cached client after 2 tries, trying again. Err: context deadline exceeded
2026-01-28T09:50:22.164073853Z 2026/01/28 09:50:22 WARNING: [core] [Channel #63 SubChannel #64]grpc: addrConn.createTransport failed to connect to {Addr: "localhost:2379", ServerName: "localhost:2379", }. Err: connection error: desc = "transport: authentication handshake failed: context canceled"
2026-01-28T09:50:24.028580826Z W0128 09:50:24.028536       1 etcdcli_pool.go:73] could not create a new cached client after 0 tries, trying again. Err: context deadline exceeded
2026-01-28T09:50:24.028659668Z 2026/01/28 09:50:24 WARNING: [core] [Channel #65 SubChannel #66]grpc: addrConn.createTransport failed to connect to {Addr: "localhost:2379", ServerName: "localhost:2379", }. Err: connection error: desc = "transport: authentication handshake failed: context canceled"
2026-01-28T09:50:24.034701878Z W0128 09:50:24.034655       1 etcdcli_pool.go:73] could not create a new cached client after 2 tries, trying again. Err: context deadline exceeded
2026-01-28T09:50:24.034780189Z 2026/01/28 09:50:24 WARNING: [core] [Channel #67 SubChannel #68]grpc: addrConn.createTransport failed to connect to {Addr: "localhost:2379", ServerName: "localhost:2379", }. Err: connection error: desc = "transport: authentication handshake failed: context canceled"
2026-01-28T09:50:24.162799299Z I0128 09:50:24.162755       1 etcdcli_pool.go:70] creating a new cached client
2026-01-28T09:50:25.162320901Z I0128 09:50:25.162271       1 etcdcli_pool.go:70] creating a new cached client
2026-01-28T09:50:25.164375475Z I0128 09:50:25.164348       1 etcdcli_pool.go:70] creating a new cached client
2026-01-28T09:50:26.029046730Z I0128 09:50:26.029000       1 etcdcli_pool.go:70] creating a new cached client
2026-01-28T09:50:26.164294886Z W0128 09:50:26.164227       1 etcdcli_pool.go:73] could not create a new cached client after 1 tries, trying again. Err: context deadline exceeded
2026-01-28T09:50:26.164367437Z 2026/01/28 09:50:26 WARNING: [core] [Channel #69 SubChannel #70]grpc: addrConn.createTransport failed to connect to {Addr: "localhost:2379", ServerName: "localhost:2379", }. Err: connection error: desc = "transport: authentication handshake failed: context canceled"
2026-01-28T09:50:27.163083192Z W0128 09:50:27.163038       1 etcdcli_pool.go:73] could not create a new cached client after 0 tries, trying again. Err: context deadline exceeded
2026-01-28T09:50:27.163164944Z 2026/01/28 09:50:27 WARNING: [core] [Channel #71 SubChannel #72]grpc: addrConn.createTransport failed to connect to {Addr: "localhost:2379", ServerName: "localhost:2379", }. Err: connection error: desc = "transport: authentication handshake failed: context canceled"
2026-01-28T09:50:27.165149026Z W0128 09:50:27.165126       1 etcdcli_pool.go:73] could not create a new cached client after 2 tries, trying again. Err: context deadline exceeded
2026-01-28T09:50:27.165231338Z 2026/01/28 09:50:27 WARNING: [core] [Channel #73 SubChannel #74]grpc: addrConn.createTransport failed to connect to {Addr: "localhost:2379", ServerName: "localhost:2379", }. Err: connection error: desc = "transport: authentication handshake failed: context canceled"
2026-01-28T09:50:28.030084707Z W0128 09:50:28.030027       1 etcdcli_pool.go:73] could not create a new cached client after 1 tries, trying again. Err: context deadline exceeded
2026-01-28T09:50:28.030135498Z 2026/01/28 09:50:28 WARNING: [core] [Channel #75 SubChannel #76]grpc: addrConn.createTransport failed to connect to {Addr: "localhost:2379", ServerName: "localhost:2379", }. Err: connection error: desc = "transport: authentication handshake failed: context canceled"
2026-01-28T09:50:29.163993315Z I0128 09:50:29.163946       1 etcdcli_pool.go:70] creating a new cached client
2026-01-28T09:50:30.162971136Z I0128 09:50:30.162929       1 etcdcli_pool.go:70] creating a new cached client
2026-01-28T09:50:30.164946368Z I0128 09:50:30.164922       1 etcdcli_pool.go:70] creating a new cached client
2026-01-28T09:50:31.164799887Z W0128 09:50:31.164743       1 etcdcli_pool.go:73] could not create a new cached client after 1 tries, trying again. Err: context deadline exceeded
2026-01-28T09:50:31.164835268Z 2026/01/28 09:50:31 WARNING: [core] [Channel #77 SubChannel #78]grpc: addrConn.createTransport failed to connect to {Addr: "localhost:2379", ServerName: "localhost:2379", }. Err: connection error: desc = "transport: authentication handshake failed: context canceled"
2026-01-28T09:50:32.026914567Z I0128 09:50:32.026861       1 etcdcli_pool.go:70] creating a new cached client
2026-01-28T09:50:32.030675628Z I0128 09:50:32.030638       1 etcdcli_pool.go:70] creating a new cached client
2026-01-28T09:50:32.164183476Z W0128 09:50:32.164130       1 etcdcli_pool.go:73] could not create a new cached client after 0 tries, trying again. Err: context deadline exceeded
2026-01-28T09:50:32.164218106Z 2026/01/28 09:50:32 WARNING: [core] [Channel #79 SubChannel #80]grpc: addrConn.createTransport failed to connect to {Addr: "localhost:2379", ServerName: "localhost:2379", }. Err: connection error: desc = "transport: authentication handshake failed: context canceled"
2026-01-28T09:50:32.166239350Z W0128 09:50:32.166218       1 etcdcli_pool.go:73] could not create a new cached client after 2 tries, trying again. Err: context deadline exceeded
2026-01-28T09:50:32.166368083Z 2026/01/28 09:50:32 WARNING: [core] [Channel #81 SubChannel #82]grpc: addrConn.createTransport failed to connect to {Addr: "localhost:2379", ServerName: "localhost:2379", }. Err: connection error: desc = "transport: authentication handshake failed: context canceled"
2026-01-28T09:50:34.028178771Z W0128 09:50:34.028134       1 etcdcli_pool.go:73] could not create a new cached client after 0 tries, trying again. Err: context deadline exceeded
2026-01-28T09:50:34.028237152Z 2026/01/28 09:50:34 WARNING: [core] [Channel #83 SubChannel #84]grpc: addrConn.createTransport failed to connect to {Addr: "localhost:2379", ServerName: "localhost:2379", }. Err: connection error: desc = "transport: authentication handshake failed: context canceled"
2026-01-28T09:50:34.031222007Z W0128 09:50:34.031203       1 etcdcli_pool.go:73] could not create a new cached client after 2 tries, trying again. Err: context deadline exceeded
2026-01-28T09:50:34.031290808Z 2026/01/28 09:50:34 WARNING: [core] [Channel #85 SubChannel #86]grpc: addrConn.createTransport failed to connect to {Addr: "localhost:2379", ServerName: "localhost:2379", }. Err: connection error: desc = "transport: authentication handshake failed: context canceled"
2026-01-28T09:50:34.164310926Z I0128 09:50:34.164262       1 etcdcli_pool.go:70] creating a new cached client
2026-01-28T09:50:35.164055724Z I0128 09:50:35.164015       1 etcdcli_pool.go:70] creating a new cached client
2026-01-28T09:50:35.164852882Z I0128 09:50:35.164829       1 etcdcli_pool.go:70] creating a new cached client
2026-01-28T09:50:36.028905413Z I0128 09:50:36.028846       1 etcdcli_pool.go:70] creating a new cached client
2026-01-28T09:50:36.165194502Z W0128 09:50:36.165147       1 etcdcli_pool.go:73] could not create a new cached client after 1 tries, trying again. Err: context deadline exceeded
2026-01-28T09:50:36.165272514Z 2026/01/28 09:50:36 WARNING: [core] [Channel #87 SubChannel #88]grpc: addrConn.createTransport failed to connect to {Addr: "localhost:2379", ServerName: "localhost:2379", }. Err: connection error: desc = "transport: authentication handshake failed: context canceled"
2026-01-28T09:50:37.165250056Z W0128 09:50:37.165188       1 etcdcli_pool.go:73] could not create a new cached client after 0 tries, trying again. Err: context deadline exceeded
2026-01-28T09:50:37.165325328Z 2026/01/28 09:50:37 WARNING: [core] [Channel #89 SubChannel #90]grpc: addrConn.createTransport failed to connect to {Addr: "localhost:2379", ServerName: "localhost:2379", }. Err: connection error: desc = "transport: authentication handshake failed: context canceled"
2026-01-28T09:50:37.165325328Z W0128 09:50:37.165314       1 etcdcli_pool.go:73] could not create a new cached client after 2 tries, trying again. Err: context deadline exceeded
2026-01-28T09:50:37.165383879Z 2026/01/28 09:50:37 WARNING: [core] [Channel #91 SubChannel #92]grpc: addrConn.createTransport failed to connect to {Addr: "localhost:2379", ServerName: "localhost:2379", }. Err: connection error: desc = "transport: authentication handshake failed: context canceled"
2026-01-28T09:50:38.030099255Z W0128 09:50:38.030048       1 etcdcli_pool.go:73] could not create a new cached client after 1 tries, trying again. Err: context deadline exceeded
2026-01-28T09:50:38.030167177Z 2026/01/28 09:50:38 WARNING: [core] [Channel #93 SubChannel #94]grpc: addrConn.createTransport failed to connect to {Addr: "localhost:2379", ServerName: "localhost:2379", }. Err: connection error: desc = "transport: authentication handshake failed: context canceled"
2026-01-28T09:50:39.166000559Z I0128 09:50:39.165953       1 etcdcli_pool.go:70] creating a new cached client
2026-01-28T09:50:40.164378877Z I0128 09:50:40.164321       1 etcdcli_pool.go:70] creating a new cached client
2026-01-28T09:50:40.165338237Z I0128 09:50:40.165311       1 etcdcli_pool.go:70] creating a new cached client
2026-01-28T09:50:41.167189351Z W0128 09:50:41.167128       1 etcdcli_pool.go:73] could not create a new cached client after 1 tries, trying again. Err: context deadline exceeded
2026-01-28T09:50:41.167234172Z 2026/01/28 09:50:41 WARNING: [core] [Channel #95 SubChannel #96]grpc: addrConn.createTransport failed to connect to {Addr: "localhost:2379", ServerName: "localhost:2379", }. Err: connection error: desc = "transport: authentication handshake failed: context canceled"
2026-01-28T09:50:42.026988021Z I0128 09:50:42.026936       1 etcdcli_pool.go:70] creating a new cached client
2026-01-28T09:50:42.030464066Z I0128 09:50:42.030445       1 etcdcli_pool.go:70] creating a new cached client
2026-01-28T09:50:42.165578600Z W0128 09:50:42.165541       1 etcdcli_pool.go:73] could not create a new cached client after 0 tries, trying again. Err: context deadline exceeded
2026-01-28T09:50:42.165643911Z 2026/01/28 09:50:42 WARNING: [core] [Channel #97 SubChannel #98]grpc: addrConn.createTransport failed to connect to {Addr: "localhost:2379", ServerName: "localhost:2379", }. Err: connection error: desc = "transport: authentication handshake failed: context canceled"
2026-01-28T09:50:42.165713073Z W0128 09:50:42.165694       1 etcdcli_pool.go:73] could not create a new cached client after 2 tries, trying again. Err: context deadline exceeded
2026-01-28T09:50:42.165866546Z 2026/01/28 09:50:42 WARNING: [core] [Channel #99 SubChannel #100]grpc: addrConn.createTransport failed to connect to {Addr: "localhost:2379", ServerName: "localhost:2379", }. Err: connection error: desc = "transport: authentication handshake failed: context canceled"
2026-01-28T09:50:44.028138702Z W0128 09:50:44.028081       1 etcdcli_pool.go:73] could not create a new cached client after 0 tries, trying again. Err: context deadline exceeded
2026-01-28T09:50:44.028271685Z 2026/01/28 09:50:44 WARNING: [core] [Channel #101 SubChannel #102]grpc: addrConn.createTransport failed to connect to {Addr: "localhost:2379", ServerName: "localhost:2379", }. Err: connection error: desc = "transport: authentication handshake failed: context canceled"
2026-01-28T09:50:44.031260450Z W0128 09:50:44.031205       1 etcdcli_pool.go:73] could not create a new cached client after 2 tries, trying again. Err: context deadline exceeded
2026-01-28T09:50:44.031357132Z 2026/01/28 09:50:44 WARNING: [core] [Channel #103 SubChannel #104]grpc: addrConn.createTransport failed to connect to {Addr: "localhost:2379", ServerName: "localhost:2379", }. Err: connection error: desc = "transport: authentication handshake failed: context canceled"
2026-01-28T09:50:44.166474355Z I0128 09:50:44.166422       1 etcdcli_pool.go:70] creating a new cached client
2026-01-28T09:50:45.165057318Z I0128 09:50:45.164998       1 etcdcli_pool.go:70] creating a new cached client
2026-01-28T09:50:45.168247667Z I0128 09:50:45.168224       1 etcdcli_pool.go:70] creating a new cached client
2026-01-28T09:50:46.028786693Z I0128 09:50:46.028732       1 etcdcli_pool.go:70] creating a new cached client
2026-01-28T09:50:46.168061736Z W0128 09:50:46.168014       1 etcdcli_pool.go:73] could not create a new cached client after 1 tries, trying again. Err: context deadline exceeded
2026-01-28T09:50:46.168183389Z 2026/01/28 09:50:46 WARNING: [core] [Channel #105 SubChannel #106]grpc: addrConn.createTransport failed to connect to {Addr: "localhost:2379", ServerName: "localhost:2379", }. Err: connection error: desc = "transport: authentication handshake failed: context canceled"
2026-01-28T09:50:47.165731750Z W0128 09:50:47.165662       1 etcdcli_pool.go:73] could not create a new cached client after 0 tries, trying again. Err: context deadline exceeded
2026-01-28T09:50:47.165786461Z 2026/01/28 09:50:47 WARNING: [core] [Channel #107 SubChannel #108]grpc: addrConn.createTransport failed to connect to {Addr: "localhost:2379", ServerName: "localhost:2379", }. Err: connection error: desc = "transport: authentication handshake failed: context canceled"
2026-01-28T09:50:47.169819508Z W0128 09:50:47.169757       1 etcdcli_pool.go:73] could not create a new cached client after 2 tries, trying again. Err: context deadline exceeded
2026-01-28T09:50:47.169899250Z 2026/01/28 09:50:47 WARNING: [core] [Channel #109 SubChannel #110]grpc: addrConn.createTransport failed to connect to {Addr: "localhost:2379", ServerName: "localhost:2379", }. Err: connection error: desc = "transport: authentication handshake failed: context canceled"
2026-01-28T09:50:48.029400003Z W0128 09:50:48.029351       1 etcdcli_pool.go:73] could not create a new cached client after 1 tries, trying again. Err: context deadline exceeded
2026-01-28T09:50:48.029474525Z 2026/01/28 09:50:48 WARNING: [core] [Channel #111 SubChannel #112]grpc: addrConn.createTransport failed to connect to {Addr: "localhost:2379", ServerName: "localhost:2379", }. Err: connection error: desc = "transport: authentication handshake failed: context canceled"
2026-01-28T09:50:49.165987942Z I0128 09:50:49.165936       1 etcdcli_pool.go:70] creating a new cached client
2026-01-28T09:50:50.169520733Z I0128 09:50:50.169479       1 etcdcli_pool.go:70] creating a new cached client
2026-01-28T09:50:50.184946506Z I0128 09:50:50.181187       1 etcdcli_pool.go:70] creating a new cached client
