2026-01-28T09:32:04.074187478Z I0128 09:32:04.063365       1 main.go:45] Version:93ae3cda55610c22414b32e87ade429c6fb110ed
2026-01-28T09:32:04.074314614Z I0128 09:32:04.074293       1 main.go:46] Starting with config{  :9091 ip-10-0-108-54.us-west-1.compute.internal}
2026-01-28T09:32:04.074409158Z W0128 09:32:04.074396       1 client_config.go:618] Neither --kubeconfig nor --master was specified.  Using the inClusterConfig.  This might not work.
2026-01-28T09:32:04.074974766Z I0128 09:32:04.074958       1 controller.go:42] Setting up event handlers
2026-01-28T09:32:04.075149035Z I0128 09:32:04.075133       1 podmetrics.go:101] Serving network metrics
2026-01-28T09:32:04.081802644Z I0128 09:32:04.081782       1 controller.go:101] Starting pod controller
2026-01-28T09:32:04.081840926Z I0128 09:32:04.081830       1 controller.go:104] Waiting for informer caches to sync
2026-01-28T09:32:04.396397881Z I0128 09:32:04.396136       1 controller.go:109] Starting workers
2026-01-28T09:32:04.396450653Z I0128 09:32:04.396439       1 controller.go:114] Started workers
2026-01-28T09:32:04.396500486Z I0128 09:32:04.396489       1 controller.go:192] Received pod 'openshift-apiserver-operator-6dc4588658-dps9r'
2026-01-28T09:32:04.396596931Z I0128 09:32:04.396582       1 controller.go:151] Successfully synced 'openshift-apiserver-operator/openshift-apiserver-operator-6dc4588658-dps9r'
2026-01-28T09:32:04.396627632Z I0128 09:32:04.396618       1 controller.go:192] Received pod 'apiserver-bd64768ff-xqh89'
2026-01-28T09:32:04.396663494Z I0128 09:32:04.396654       1 controller.go:151] Successfully synced 'openshift-apiserver/apiserver-bd64768ff-xqh89'
2026-01-28T09:32:04.396688215Z I0128 09:32:04.396679       1 controller.go:192] Received pod 'authentication-operator-7455db8cdd-mtphg'
2026-01-28T09:32:04.396718637Z I0128 09:32:04.396710       1 controller.go:151] Successfully synced 'openshift-authentication-operator/authentication-operator-7455db8cdd-mtphg'
2026-01-28T09:32:04.396744038Z I0128 09:32:04.396734       1 controller.go:192] Received pod 'cloud-credential-operator-68d5848f5d-22hx4'
2026-01-28T09:32:04.396784390Z I0128 09:32:04.396772       1 controller.go:151] Successfully synced 'openshift-cloud-credential-operator/cloud-credential-operator-68d5848f5d-22hx4'
2026-01-28T09:32:04.396813921Z I0128 09:32:04.396803       1 controller.go:192] Received pod 'cloud-network-config-controller-588c995bd4-l69fs'
2026-01-28T09:32:04.396864664Z I0128 09:32:04.396851       1 controller.go:151] Successfully synced 'openshift-cloud-network-config-controller/cloud-network-config-controller-588c995bd4-l69fs'
2026-01-28T09:32:04.396895595Z I0128 09:32:04.396886       1 controller.go:192] Received pod 'cluster-node-tuning-operator-754dc6b9d-5ggbg'
2026-01-28T09:32:04.396931867Z I0128 09:32:04.396921       1 controller.go:151] Successfully synced 'openshift-cluster-node-tuning-operator/cluster-node-tuning-operator-754dc6b9d-5ggbg'
2026-01-28T09:32:04.396958278Z I0128 09:32:04.396949       1 controller.go:192] Received pod 'cluster-olm-operator-6b4797576b-g5m7z'
2026-01-28T09:32:04.396994880Z I0128 09:32:04.396985       1 controller.go:151] Successfully synced 'openshift-cluster-olm-operator/cluster-olm-operator-6b4797576b-g5m7z'
2026-01-28T09:32:04.397041273Z I0128 09:32:04.397011       1 controller.go:192] Received pod 'cluster-storage-operator-97b755d8c-z5w4v'
2026-01-28T09:32:04.397091305Z I0128 09:32:04.397078       1 controller.go:151] Successfully synced 'openshift-cluster-storage-operator/cluster-storage-operator-97b755d8c-z5w4v'
2026-01-28T09:32:04.397134147Z I0128 09:32:04.397121       1 controller.go:192] Received pod 'csi-snapshot-controller-5565fccc6c-gpxnz'
2026-01-28T09:32:04.397176489Z I0128 09:32:04.397165       1 controller.go:151] Successfully synced 'openshift-cluster-storage-operator/csi-snapshot-controller-5565fccc6c-gpxnz'
2026-01-28T09:32:04.397220411Z I0128 09:32:04.397208       1 controller.go:192] Received pod 'csi-snapshot-controller-operator-694c5957bf-qjh54'
2026-01-28T09:32:04.397275374Z I0128 09:32:04.397264       1 controller.go:151] Successfully synced 'openshift-cluster-storage-operator/csi-snapshot-controller-operator-694c5957bf-qjh54'
2026-01-28T09:32:04.397301386Z I0128 09:32:04.397292       1 controller.go:192] Received pod 'openshift-config-operator-6ddf5984bb-xrwj6'
2026-01-28T09:32:04.397334287Z I0128 09:32:04.397324       1 controller.go:151] Successfully synced 'openshift-config-operator/openshift-config-operator-6ddf5984bb-xrwj6'
2026-01-28T09:32:04.397358258Z I0128 09:32:04.397349       1 controller.go:192] Received pod 'console-operator-5cfd85677c-vtxq2'
2026-01-28T09:32:04.397389750Z I0128 09:32:04.397380       1 controller.go:151] Successfully synced 'openshift-console-operator/console-operator-5cfd85677c-vtxq2'
2026-01-28T09:32:04.397415661Z I0128 09:32:04.397406       1 controller.go:192] Received pod 'openshift-controller-manager-operator-67d5c6b9d6-wjn8f'
2026-01-28T09:32:04.397451693Z I0128 09:32:04.397441       1 controller.go:151] Successfully synced 'openshift-controller-manager-operator/openshift-controller-manager-operator-67d5c6b9d6-wjn8f'
2026-01-28T09:32:04.397481434Z I0128 09:32:04.397471       1 controller.go:192] Received pod 'dns-operator-85d867fb6-m7hs7'
2026-01-28T09:32:04.397522296Z I0128 09:32:04.397511       1 controller.go:151] Successfully synced 'openshift-dns-operator/dns-operator-85d867fb6-m7hs7'
2026-01-28T09:32:04.397550058Z I0128 09:32:04.397540       1 controller.go:192] Received pod 'dns-default-bmdsx'
2026-01-28T09:32:04.397592260Z I0128 09:32:04.397580       1 controller.go:151] Successfully synced 'openshift-dns/dns-default-bmdsx'
2026-01-28T09:32:04.397662153Z I0128 09:32:04.397649       1 controller.go:192] Received pod 'event-exporter-867d8cd5d4-bh6zw'
2026-01-28T09:32:04.397704745Z I0128 09:32:04.397694       1 controller.go:151] Successfully synced 'openshift-e2e-loki/event-exporter-867d8cd5d4-bh6zw'
2026-01-28T09:32:04.397729697Z I0128 09:32:04.397721       1 controller.go:192] Received pod 'etcd-operator-86dcff847c-dnhnc'
2026-01-28T09:32:04.397760948Z I0128 09:32:04.397752       1 controller.go:151] Successfully synced 'openshift-etcd-operator/etcd-operator-86dcff847c-dnhnc'
2026-01-28T09:32:04.397784639Z I0128 09:32:04.397776       1 controller.go:192] Received pod 'cluster-image-registry-operator-66fd95cf54-qq4b6'
2026-01-28T09:32:04.397815421Z I0128 09:32:04.397807       1 controller.go:151] Successfully synced 'openshift-image-registry/cluster-image-registry-operator-66fd95cf54-qq4b6'
2026-01-28T09:32:04.397837402Z I0128 09:32:04.397829       1 controller.go:192] Received pod 'ingress-operator-88b444456-2m8cz'
2026-01-28T09:32:04.397866203Z I0128 09:32:04.397857       1 controller.go:151] Successfully synced 'openshift-ingress-operator/ingress-operator-88b444456-2m8cz'
2026-01-28T09:32:04.397888704Z I0128 09:32:04.397880       1 controller.go:192] Received pod 'insights-operator-c7975f6f-qbb65'
2026-01-28T09:32:04.397918306Z I0128 09:32:04.397909       1 controller.go:151] Successfully synced 'openshift-insights/insights-operator-c7975f6f-qbb65'
2026-01-28T09:32:04.397941147Z I0128 09:32:04.397932       1 controller.go:192] Received pod 'kube-apiserver-operator-766b8bd8b7-6fdbx'
2026-01-28T09:32:04.397972099Z I0128 09:32:04.397963       1 controller.go:151] Successfully synced 'openshift-kube-apiserver-operator/kube-apiserver-operator-766b8bd8b7-6fdbx'
2026-01-28T09:32:04.397995150Z I0128 09:32:04.397986       1 controller.go:192] Received pod 'kube-controller-manager-operator-644b4cd777-tgwmp'
2026-01-28T09:32:04.398053052Z I0128 09:32:04.398041       1 controller.go:151] Successfully synced 'openshift-kube-controller-manager-operator/kube-controller-manager-operator-644b4cd777-tgwmp'
2026-01-28T09:32:04.398109355Z I0128 09:32:04.398076       1 controller.go:192] Received pod 'openshift-kube-scheduler-operator-658775bbff-4gb72'
2026-01-28T09:32:04.398152497Z I0128 09:32:04.398140       1 controller.go:151] Successfully synced 'openshift-kube-scheduler-operator/openshift-kube-scheduler-operator-658775bbff-4gb72'
2026-01-28T09:32:04.398181489Z I0128 09:32:04.398171       1 controller.go:192] Received pod 'kube-storage-version-migrator-operator-fd7dc879c-k2xj9'
2026-01-28T09:32:04.398217121Z I0128 09:32:04.398207       1 controller.go:151] Successfully synced 'openshift-kube-storage-version-migrator-operator/kube-storage-version-migrator-operator-fd7dc879c-k2xj9'
2026-01-28T09:32:04.398241312Z I0128 09:32:04.398232       1 controller.go:192] Received pod 'cluster-autoscaler-operator-798d7b4d79-9pp48'
2026-01-28T09:32:04.398272074Z I0128 09:32:04.398263       1 controller.go:151] Successfully synced 'openshift-machine-api/cluster-autoscaler-operator-798d7b4d79-9pp48'
2026-01-28T09:32:04.398294735Z I0128 09:32:04.398286       1 controller.go:192] Received pod 'cluster-baremetal-operator-d6d4db7c7-jltnv'
2026-01-28T09:32:04.398323646Z I0128 09:32:04.398315       1 controller.go:151] Successfully synced 'openshift-machine-api/cluster-baremetal-operator-d6d4db7c7-jltnv'
2026-01-28T09:32:04.398345797Z I0128 09:32:04.398337       1 controller.go:192] Received pod 'control-plane-machine-set-operator-6984f87f6d-bgmkr'
2026-01-28T09:32:04.398375019Z I0128 09:32:04.398366       1 controller.go:151] Successfully synced 'openshift-machine-api/control-plane-machine-set-operator-6984f87f6d-bgmkr'
2026-01-28T09:32:04.398397620Z I0128 09:32:04.398389       1 controller.go:192] Received pod 'machine-api-operator-dbc848f6b-zd76d'
2026-01-28T09:32:04.398426591Z I0128 09:32:04.398418       1 controller.go:151] Successfully synced 'openshift-machine-api/machine-api-operator-dbc848f6b-zd76d'
2026-01-28T09:32:04.398448802Z I0128 09:32:04.398440       1 controller.go:192] Received pod 'machine-config-nodes-crd-cleanup-29493207-hv2jm'
2026-01-28T09:32:04.398487374Z I0128 09:32:04.398478       1 controller.go:151] Successfully synced 'openshift-machine-config-operator/machine-config-nodes-crd-cleanup-29493207-hv2jm'
2026-01-28T09:32:04.398511585Z I0128 09:32:04.398502       1 controller.go:192] Received pod 'machine-config-operator-84ddcf457d-wrwhn'
2026-01-28T09:32:04.398547747Z I0128 09:32:04.398537       1 controller.go:151] Successfully synced 'openshift-machine-config-operator/machine-config-operator-84ddcf457d-wrwhn'
2026-01-28T09:32:04.398578369Z I0128 09:32:04.398566       1 controller.go:192] Received pod 'marketplace-operator-67d499c944-ncrv7'
2026-01-28T09:32:04.398616320Z I0128 09:32:04.398604       1 controller.go:151] Successfully synced 'openshift-marketplace/marketplace-operator-67d499c944-ncrv7'
2026-01-28T09:32:04.398646152Z I0128 09:32:04.398635       1 controller.go:192] Received pod 'cluster-monitoring-operator-5f95799b88-rt4b7'
2026-01-28T09:32:04.398684474Z I0128 09:32:04.398672       1 controller.go:151] Successfully synced 'openshift-monitoring/cluster-monitoring-operator-5f95799b88-rt4b7'
2026-01-28T09:32:04.398715545Z I0128 09:32:04.398704       1 controller.go:192] Received pod 'multus-admission-controller-6b8d9c4f54-97nl9'
2026-01-28T09:32:04.398761008Z I0128 09:32:04.398746       1 controller.go:151] Successfully synced 'openshift-multus/multus-admission-controller-6b8d9c4f54-97nl9'
2026-01-28T09:32:04.398803830Z I0128 09:32:04.398794       1 controller.go:192] Received pod 'multus-admission-controller-6b8d9c4f54-btbbx'
2026-01-28T09:32:04.398836561Z I0128 09:32:04.398828       1 controller.go:151] Successfully synced 'openshift-multus/multus-admission-controller-6b8d9c4f54-btbbx'
2026-01-28T09:32:04.398859083Z I0128 09:32:04.398850       1 controller.go:192] Received pod 'multus-admission-controller-7d8778c98d-cxcq9'
2026-01-28T09:32:04.398887604Z I0128 09:32:04.398879       1 controller.go:151] Successfully synced 'openshift-multus/multus-admission-controller-7d8778c98d-cxcq9'
2026-01-28T09:32:04.398921655Z I0128 09:32:04.398902       1 controller.go:192] Received pod 'network-metrics-daemon-wsgb8'
2026-01-28T09:32:04.398970718Z I0128 09:32:04.398959       1 controller.go:151] Successfully synced 'openshift-multus/network-metrics-daemon-wsgb8'
2026-01-28T09:32:04.398996469Z I0128 09:32:04.398987       1 controller.go:192] Received pod 'network-check-target-dprgj'
2026-01-28T09:32:04.399044912Z I0128 09:32:04.399018       1 controller.go:151] Successfully synced 'openshift-network-diagnostics/network-check-target-dprgj'
2026-01-28T09:32:04.399075173Z I0128 09:32:04.399065       1 controller.go:192] Received pod 'apiserver-6b75d77bd5-jg7b5'
2026-01-28T09:32:04.399122456Z I0128 09:32:04.399111       1 controller.go:151] Successfully synced 'openshift-oauth-apiserver/apiserver-6b75d77bd5-jg7b5'
2026-01-28T09:32:04.399150027Z I0128 09:32:04.399140       1 controller.go:192] Received pod 'catalog-operator-56cd477f79-kvkgk'
2026-01-28T09:32:04.399210900Z I0128 09:32:04.399200       1 controller.go:151] Successfully synced 'openshift-operator-lifecycle-manager/catalog-operator-56cd477f79-kvkgk'
2026-01-28T09:32:04.399236181Z I0128 09:32:04.399227       1 controller.go:192] Received pod 'olm-operator-5d9c556fd5-rdwmw'
2026-01-28T09:32:04.399281763Z I0128 09:32:04.399270       1 controller.go:151] Successfully synced 'openshift-operator-lifecycle-manager/olm-operator-5d9c556fd5-rdwmw'
2026-01-28T09:32:04.399309655Z I0128 09:32:04.399301       1 controller.go:192] Received pod 'package-server-manager-86b5888bc9-h9m6s'
2026-01-28T09:32:04.399340466Z I0128 09:32:04.399332       1 controller.go:151] Successfully synced 'openshift-operator-lifecycle-manager/package-server-manager-86b5888bc9-h9m6s'
2026-01-28T09:32:04.399362477Z I0128 09:32:04.399354       1 controller.go:192] Received pod 'packageserver-656f88d5c4-56qbd'
2026-01-28T09:32:04.399397489Z I0128 09:32:04.399386       1 controller.go:151] Successfully synced 'openshift-operator-lifecycle-manager/packageserver-656f88d5c4-56qbd'
2026-01-28T09:32:04.399438781Z I0128 09:32:04.399418       1 controller.go:192] Received pod 'service-ca-operator-7fc484fbbd-j2t4q'
2026-01-28T09:32:04.399501064Z I0128 09:32:04.399468       1 controller.go:151] Successfully synced 'openshift-service-ca-operator/service-ca-operator-7fc484fbbd-j2t4q'
2026-01-28T09:32:28.500857798Z I0128 09:32:28.500373       1 controller.go:192] Received pod 'loki-promtail-nzxsc'
2026-01-28T09:32:28.500857798Z I0128 09:32:28.500795       1 controller.go:151] Successfully synced 'openshift-e2e-loki/loki-promtail-nzxsc'
2026-01-28T09:32:36.465868781Z I0128 09:32:36.465798       1 controller.go:151] Successfully synced 'openshift-multus/multus-admission-controller-6b8d9c4f54-97nl9'
2026-01-28T09:32:50.464621842Z I0128 09:32:50.464581       1 controller.go:192] Received pod 'aws-ebs-csi-driver-controller-5cbc97cfdb-cf4f6'
2026-01-28T09:32:50.464733478Z I0128 09:32:50.464720       1 controller.go:151] Successfully synced 'openshift-cluster-csi-drivers/aws-ebs-csi-driver-controller-5cbc97cfdb-cf4f6'
2026-01-28T09:33:06.160644721Z I0128 09:33:06.160595       1 controller.go:192] Received pod 'installer-1-ip-10-0-108-54.us-west-1.compute.internal'
2026-01-28T09:33:06.160706334Z I0128 09:33:06.160667       1 controller.go:151] Successfully synced 'openshift-etcd/installer-1-ip-10-0-108-54.us-west-1.compute.internal'
2026-01-28T09:33:06.325288444Z I0128 09:33:06.325246       1 controller.go:151] Successfully synced 'openshift-multus/multus-admission-controller-6b8d9c4f54-btbbx'
2026-01-28T09:33:21.611852037Z I0128 09:33:21.611815       1 controller.go:192] Received pod 'installer-2-ip-10-0-108-54.us-west-1.compute.internal'
2026-01-28T09:33:21.611946872Z I0128 09:33:21.611934       1 controller.go:151] Successfully synced 'openshift-etcd/installer-2-ip-10-0-108-54.us-west-1.compute.internal'
2026-01-28T09:33:29.449414693Z I0128 09:33:29.449295       1 controller.go:151] Successfully synced 'openshift-etcd/installer-2-ip-10-0-108-54.us-west-1.compute.internal'
2026-01-28T09:33:32.606101493Z I0128 09:33:32.605986       1 controller.go:192] Received pod 'installer-3-ip-10-0-108-54.us-west-1.compute.internal'
2026-01-28T09:33:32.606237090Z I0128 09:33:32.606191       1 controller.go:151] Successfully synced 'openshift-etcd/installer-3-ip-10-0-108-54.us-west-1.compute.internal'
2026-01-28T09:33:37.472171219Z I0128 09:33:37.472133       1 controller.go:151] Successfully synced 'openshift-etcd/installer-1-ip-10-0-108-54.us-west-1.compute.internal'
2026-01-28T09:33:54.512079118Z I0128 09:33:54.511710       1 controller.go:192] Received pod 'apiserver-68468f9d85-q6v5m'
2026-01-28T09:33:54.512079118Z I0128 09:33:54.511827       1 controller.go:151] Successfully synced 'openshift-oauth-apiserver/apiserver-68468f9d85-q6v5m'
2026-01-28T09:33:54.547189357Z I0128 09:33:54.547152       1 controller.go:151] Successfully synced 'openshift-oauth-apiserver/apiserver-6b75d77bd5-jg7b5'
2026-01-28T09:34:00.481518706Z I0128 09:34:00.478776       1 controller.go:192] Received pod 'installer-4-ip-10-0-108-54.us-west-1.compute.internal'
2026-01-28T09:34:00.481518706Z I0128 09:34:00.478818       1 controller.go:151] Successfully synced 'openshift-kube-scheduler/installer-4-ip-10-0-108-54.us-west-1.compute.internal'
2026-01-28T09:34:23.802357072Z I0128 09:34:23.802184       1 controller.go:192] Received pod 'etcd-guard-ip-10-0-108-54.us-west-1.compute.internal'
2026-01-28T09:34:23.802357072Z I0128 09:34:23.802250       1 controller.go:151] Successfully synced 'openshift-etcd/etcd-guard-ip-10-0-108-54.us-west-1.compute.internal'
2026-01-28T09:34:36.069090276Z I0128 09:34:36.069051       1 controller.go:192] Received pod 'openshift-kube-scheduler-guard-ip-10-0-108-54.us-west-1.compute.internal'
2026-01-28T09:34:36.069184081Z I0128 09:34:36.069171       1 controller.go:151] Successfully synced 'openshift-kube-scheduler/openshift-kube-scheduler-guard-ip-10-0-108-54.us-west-1.compute.internal'
2026-01-28T09:35:01.869257258Z I0128 09:35:01.869000       1 controller.go:192] Received pod 'installer-5-ip-10-0-108-54.us-west-1.compute.internal'
2026-01-28T09:35:01.869364954Z I0128 09:35:01.869349       1 controller.go:151] Successfully synced 'openshift-kube-scheduler/installer-5-ip-10-0-108-54.us-west-1.compute.internal'
2026-01-28T09:35:48.182379467Z I0128 09:35:48.182332       1 controller.go:151] Successfully synced 'openshift-kube-scheduler/openshift-kube-scheduler-ip-10-0-108-54.us-west-1.compute.internal'
2026-01-28T09:35:54.190664769Z I0128 09:35:54.189946       1 controller.go:151] Successfully synced 'openshift-apiserver/apiserver-bd64768ff-xqh89'
2026-01-28T09:35:54.628162768Z I0128 09:35:54.628120       1 controller.go:192] Received pod 'apiserver-78df49b6c5-xszw4'
2026-01-28T09:35:54.628281594Z I0128 09:35:54.628266       1 controller.go:151] Successfully synced 'openshift-apiserver/apiserver-78df49b6c5-xszw4'
2026-01-28T09:36:08.838154584Z I0128 09:36:08.836725       1 controller.go:192] Received pod 'installer-5-ip-10-0-108-54.us-west-1.compute.internal'
2026-01-28T09:36:08.838272919Z I0128 09:36:08.838256       1 controller.go:151] Successfully synced 'openshift-kube-controller-manager/installer-5-ip-10-0-108-54.us-west-1.compute.internal'
2026-01-28T09:36:39.885855640Z I0128 09:36:39.885818       1 controller.go:192] Received pod 'installer-1-ip-10-0-108-54.us-west-1.compute.internal'
2026-01-28T09:36:39.885940984Z I0128 09:36:39.885926       1 controller.go:151] Successfully synced 'openshift-kube-apiserver/installer-1-ip-10-0-108-54.us-west-1.compute.internal'
2026-01-28T09:36:46.381810033Z I0128 09:36:46.381715       1 controller.go:192] Received pod 'apiserver-7b48d6dccd-mld8c'
2026-01-28T09:36:46.381810033Z I0128 09:36:46.381779       1 controller.go:151] Successfully synced 'openshift-oauth-apiserver/apiserver-7b48d6dccd-mld8c'
2026-01-28T09:36:46.467238541Z I0128 09:36:46.465720       1 controller.go:151] Successfully synced 'openshift-oauth-apiserver/apiserver-68468f9d85-q6v5m'
2026-01-28T09:36:50.344261720Z I0128 09:36:50.344217       1 controller.go:192] Received pod 'kube-controller-manager-guard-ip-10-0-108-54.us-west-1.compute.internal'
2026-01-28T09:36:50.344261720Z I0128 09:36:50.344254       1 controller.go:151] Successfully synced 'openshift-kube-controller-manager/kube-controller-manager-guard-ip-10-0-108-54.us-west-1.compute.internal'
2026-01-28T09:37:17.626418196Z I0128 09:37:17.626381       1 controller.go:151] Successfully synced 'openshift-kube-apiserver/installer-1-ip-10-0-108-54.us-west-1.compute.internal'
2026-01-28T09:37:23.676697631Z I0128 09:37:23.676641       1 controller.go:192] Received pod 'installer-2-ip-10-0-108-54.us-west-1.compute.internal'
2026-01-28T09:37:23.676697631Z I0128 09:37:23.676684       1 controller.go:151] Successfully synced 'openshift-kube-apiserver/installer-2-ip-10-0-108-54.us-west-1.compute.internal'
2026-01-28T09:37:48.543066759Z I0128 09:37:48.542658       1 controller.go:192] Received pod 'apiserver-775c9c7997-gzpw8'
2026-01-28T09:37:48.543066759Z I0128 09:37:48.542757       1 controller.go:151] Successfully synced 'openshift-oauth-apiserver/apiserver-775c9c7997-gzpw8'
2026-01-28T09:37:48.794573281Z I0128 09:37:48.794529       1 controller.go:151] Successfully synced 'openshift-oauth-apiserver/apiserver-7b48d6dccd-mld8c'
2026-01-28T09:38:11.448564276Z I0128 09:38:11.447464       1 controller.go:192] Received pod 'kube-apiserver-guard-ip-10-0-108-54.us-west-1.compute.internal'
2026-01-28T09:38:11.448564276Z I0128 09:38:11.447536       1 controller.go:151] Successfully synced 'openshift-kube-apiserver/kube-apiserver-guard-ip-10-0-108-54.us-west-1.compute.internal'
2026-01-28T09:38:57.558889504Z I0128 09:38:57.558834       1 controller.go:192] Received pod 'installer-7-ip-10-0-108-54.us-west-1.compute.internal'
2026-01-28T09:38:57.558997529Z I0128 09:38:57.558982       1 controller.go:151] Successfully synced 'openshift-etcd/installer-7-ip-10-0-108-54.us-west-1.compute.internal'
2026-01-28T09:39:44.363218257Z I0128 09:39:44.361659       1 controller.go:151] Successfully synced 'openshift-apiserver/apiserver-78df49b6c5-xszw4'
2026-01-28T09:39:44.824381566Z I0128 09:39:44.824337       1 controller.go:192] Received pod 'apiserver-7fd9cdccd4-6clrs'
2026-01-28T09:39:44.824512763Z I0128 09:39:44.824468       1 controller.go:151] Successfully synced 'openshift-apiserver/apiserver-7fd9cdccd4-6clrs'
2026-01-28T09:40:11.199180220Z I0128 09:40:11.199137       1 controller.go:151] Successfully synced 'openshift-etcd/etcd-ip-10-0-108-54.us-west-1.compute.internal'
2026-01-28T09:40:21.999925156Z I0128 09:40:21.999882       1 controller.go:192] Received pod 'oauth-openshift-579b6b5f5-kx9q8'
2026-01-28T09:40:22.000012791Z I0128 09:40:21.999924       1 controller.go:151] Successfully synced 'openshift-authentication/oauth-openshift-579b6b5f5-kx9q8'
2026-01-28T09:41:19.801216940Z I0128 09:41:19.801176       1 controller.go:192] Received pod 'oauth-openshift-5b776594cb-lwbb4'
2026-01-28T09:41:19.801357727Z I0128 09:41:19.801327       1 controller.go:151] Successfully synced 'openshift-authentication/oauth-openshift-5b776594cb-lwbb4'
2026-01-28T09:41:19.937764344Z I0128 09:41:19.937728       1 controller.go:151] Successfully synced 'openshift-authentication/oauth-openshift-579b6b5f5-kx9q8'
2026-01-28T09:41:52.020614441Z I0128 09:41:52.020575       1 controller.go:192] Received pod 'installer-6-ip-10-0-108-54.us-west-1.compute.internal'
2026-01-28T09:41:52.020700486Z I0128 09:41:52.020686       1 controller.go:151] Successfully synced 'openshift-kube-scheduler/installer-6-ip-10-0-108-54.us-west-1.compute.internal'
2026-01-28T09:42:24.130800912Z I0128 09:42:24.130701       1 controller.go:192] Received pod 'installer-6-ip-10-0-108-54.us-west-1.compute.internal'
2026-01-28T09:42:24.130800912Z I0128 09:42:24.130751       1 controller.go:151] Successfully synced 'openshift-kube-controller-manager/installer-6-ip-10-0-108-54.us-west-1.compute.internal'
2026-01-28T09:42:36.173402750Z I0128 09:42:36.173352       1 controller.go:151] Successfully synced 'openshift-kube-scheduler/openshift-kube-scheduler-ip-10-0-108-54.us-west-1.compute.internal'
2026-01-28T09:43:07.197989258Z I0128 09:43:07.197932       1 controller.go:192] Received pod 'revision-pruner-7-ip-10-0-108-54.us-west-1.compute.internal'
2026-01-28T09:43:07.198197148Z I0128 09:43:07.198178       1 controller.go:151] Successfully synced 'openshift-etcd/revision-pruner-7-ip-10-0-108-54.us-west-1.compute.internal'
2026-01-28T09:43:12.210866932Z I0128 09:43:12.210820       1 controller.go:151] Successfully synced 'openshift-kube-controller-manager/kube-controller-manager-ip-10-0-108-54.us-west-1.compute.internal'
2026-01-28T09:43:30.204677738Z I0128 09:43:30.204286       1 controller.go:192] Received pod 'revision-pruner-8-ip-10-0-108-54.us-west-1.compute.internal'
2026-01-28T09:43:30.204677738Z I0128 09:43:30.204330       1 controller.go:151] Successfully synced 'openshift-etcd/revision-pruner-8-ip-10-0-108-54.us-west-1.compute.internal'
2026-01-28T09:43:45.023647673Z I0128 09:43:45.022517       1 controller.go:192] Received pod 'console-77fcdcbd6-8d9vc'
2026-01-28T09:43:45.023647673Z I0128 09:43:45.022587       1 controller.go:151] Successfully synced 'openshift-console/console-77fcdcbd6-8d9vc'
2026-01-28T09:43:54.664821577Z I0128 09:43:54.664781       1 controller.go:192] Received pod 'apiserver-846d86c975-nwl7h'
2026-01-28T09:43:54.664950834Z I0128 09:43:54.664935       1 controller.go:151] Successfully synced 'openshift-apiserver/apiserver-846d86c975-nwl7h'
2026-01-28T09:43:54.830189231Z I0128 09:43:54.830153       1 controller.go:151] Successfully synced 'openshift-apiserver/apiserver-7fd9cdccd4-6clrs'
2026-01-28T09:44:49.145829043Z I0128 09:44:49.145782       1 controller.go:151] Successfully synced 'openshift-authentication/oauth-openshift-5b776594cb-lwbb4'
2026-01-28T09:44:49.203958060Z I0128 09:44:49.203915       1 controller.go:192] Received pod 'oauth-openshift-85f8644668-g4p86'
2026-01-28T09:44:49.204006732Z I0128 09:44:49.203981       1 controller.go:151] Successfully synced 'openshift-authentication/oauth-openshift-85f8644668-g4p86'
2026-01-28T09:45:16.088341349Z I0128 09:45:16.088286       1 controller.go:192] Received pod 'apiserver-f485d7f4c-w49xf'
2026-01-28T09:45:16.088444644Z I0128 09:45:16.088427       1 controller.go:151] Successfully synced 'openshift-oauth-apiserver/apiserver-f485d7f4c-w49xf'
2026-01-28T09:45:16.292494035Z I0128 09:45:16.292437       1 controller.go:151] Successfully synced 'openshift-oauth-apiserver/apiserver-775c9c7997-gzpw8'
2026-01-28T09:45:51.809385572Z I0128 09:45:51.809345       1 controller.go:192] Received pod 'revision-pruner-6-ip-10-0-108-54.us-west-1.compute.internal'
2026-01-28T09:45:51.809479007Z I0128 09:45:51.809464       1 controller.go:151] Successfully synced 'openshift-kube-scheduler/revision-pruner-6-ip-10-0-108-54.us-west-1.compute.internal'
2026-01-28T09:45:54.966175747Z I0128 09:45:54.965862       1 controller.go:192] Received pod 'installer-8-ip-10-0-108-54.us-west-1.compute.internal'
2026-01-28T09:45:54.966175747Z I0128 09:45:54.965925       1 controller.go:151] Successfully synced 'openshift-etcd/installer-8-ip-10-0-108-54.us-west-1.compute.internal'
2026-01-28T09:46:30.243422139Z I0128 09:46:30.243380       1 controller.go:192] Received pod 'installer-7-ip-10-0-108-54.us-west-1.compute.internal'
2026-01-28T09:46:30.243516474Z I0128 09:46:30.243501       1 controller.go:151] Successfully synced 'openshift-kube-controller-manager/installer-7-ip-10-0-108-54.us-west-1.compute.internal'
2026-01-28T09:47:04.208373361Z I0128 09:47:04.208328       1 controller.go:151] Successfully synced 'openshift-etcd/etcd-ip-10-0-108-54.us-west-1.compute.internal'
2026-01-28T09:47:18.172408722Z I0128 09:47:18.172361       1 controller.go:151] Successfully synced 'openshift-kube-controller-manager/kube-controller-manager-ip-10-0-108-54.us-west-1.compute.internal'
2026-01-28T09:47:25.001629992Z I0128 09:47:25.001541       1 controller.go:151] Successfully synced 'openshift-console/console-77fcdcbd6-8d9vc'
2026-01-28T09:47:38.896652534Z I0128 09:47:38.895118       1 controller.go:192] Received pod 'installer-6-ip-10-0-108-54.us-west-1.compute.internal'
2026-01-28T09:47:38.896652534Z I0128 09:47:38.895186       1 controller.go:151] Successfully synced 'openshift-kube-apiserver/installer-6-ip-10-0-108-54.us-west-1.compute.internal'
2026-01-28T09:50:39.181937156Z I0128 09:50:39.181895       1 controller.go:151] Successfully synced 'openshift-kube-apiserver/kube-apiserver-ip-10-0-108-54.us-west-1.compute.internal'
2026-01-28T09:51:02.661463545Z I0128 09:51:02.661420       1 controller.go:151] Successfully synced 'openshift-etcd/installer-3-ip-10-0-108-54.us-west-1.compute.internal'
2026-01-28T09:55:16.713485772Z I0128 09:55:16.713445       1 controller.go:192] Received pod 'revision-pruner-6-ip-10-0-108-54.us-west-1.compute.internal'
2026-01-28T09:55:16.713611418Z I0128 09:55:16.713597       1 controller.go:151] Successfully synced 'openshift-kube-apiserver/revision-pruner-6-ip-10-0-108-54.us-west-1.compute.internal'
2026-01-28T10:24:45.751783760Z I0128 10:24:45.751741       1 controller.go:192] Received pod 'perf-node-gather-daemonset-mvplv'
2026-01-28T10:24:45.751895185Z I0128 10:24:45.751881       1 controller.go:151] Successfully synced 'openshift-must-gather-5xcqk/perf-node-gather-daemonset-mvplv'
2026-01-28T10:25:04.438102328Z I0128 10:25:04.437938       1 controller.go:151] Successfully synced 'openshift-must-gather-5xcqk/perf-node-gather-daemonset-mvplv'
