2026-01-28T09:42:58.361904117Z I0128 09:42:58.361821       1 main.go:45] Version:93ae3cda55610c22414b32e87ade429c6fb110ed
2026-01-28T09:42:58.362060661Z I0128 09:42:58.362046       1 main.go:46] Starting with config{  :9091 ip-10-0-22-208.us-west-1.compute.internal}
2026-01-28T09:42:58.362278446Z W0128 09:42:58.362262       1 client_config.go:618] Neither --kubeconfig nor --master was specified.  Using the inClusterConfig.  This might not work.
2026-01-28T09:42:58.362885612Z I0128 09:42:58.362870       1 controller.go:42] Setting up event handlers
2026-01-28T09:42:58.363591250Z I0128 09:42:58.363567       1 podmetrics.go:101] Serving network metrics
2026-01-28T09:42:58.363611961Z I0128 09:42:58.363588       1 controller.go:101] Starting pod controller
2026-01-28T09:42:58.363611961Z I0128 09:42:58.363594       1 controller.go:104] Waiting for informer caches to sync
2026-01-28T09:42:58.464235225Z I0128 09:42:58.464192       1 controller.go:109] Starting workers
2026-01-28T09:42:58.464320708Z I0128 09:42:58.464308       1 controller.go:114] Started workers
2026-01-28T09:42:58.464376749Z I0128 09:42:58.464350       1 controller.go:192] Received pod 'loki-promtail-vlpcp'
2026-01-28T09:42:58.464493122Z I0128 09:42:58.464349       1 controller.go:192] Received pod 'dns-default-wx96s'
2026-01-28T09:42:58.464528773Z I0128 09:42:58.464512       1 controller.go:151] Successfully synced 'openshift-dns/dns-default-wx96s'
2026-01-28T09:42:58.464528773Z I0128 09:42:58.464525       1 controller.go:192] Received pod 'image-registry-68cdbcc958-s4wvj'
2026-01-28T09:42:58.464554994Z I0128 09:42:58.464541       1 controller.go:151] Successfully synced 'openshift-image-registry/image-registry-68cdbcc958-s4wvj'
2026-01-28T09:42:58.464554994Z I0128 09:42:58.464550       1 controller.go:192] Received pod 'ingress-canary-lnz7z'
2026-01-28T09:42:58.464579704Z I0128 09:42:58.464564       1 controller.go:151] Successfully synced 'openshift-ingress-canary/ingress-canary-lnz7z'
2026-01-28T09:42:58.464579704Z I0128 09:42:58.464576       1 controller.go:192] Received pod 'router-default-69d986749c-g44cn'
2026-01-28T09:42:58.464604295Z I0128 09:42:58.464589       1 controller.go:151] Successfully synced 'openshift-ingress/router-default-69d986749c-g44cn'
2026-01-28T09:42:58.464604295Z I0128 09:42:58.464600       1 controller.go:192] Received pod 'insights-runtime-extractor-8p8nd'
2026-01-28T09:42:58.464628876Z I0128 09:42:58.464613       1 controller.go:151] Successfully synced 'openshift-insights/insights-runtime-extractor-8p8nd'
2026-01-28T09:42:58.464628876Z I0128 09:42:58.464624       1 controller.go:192] Received pod 'alertmanager-main-0'
2026-01-28T09:42:58.464657356Z I0128 09:42:58.464647       1 controller.go:151] Successfully synced 'openshift-monitoring/alertmanager-main-0'
2026-01-28T09:42:58.464657356Z I0128 09:42:58.464652       1 controller.go:192] Received pod 'metrics-server-64d4ffb7b6-pxdqq'
2026-01-28T09:42:58.464670227Z I0128 09:42:58.464664       1 controller.go:151] Successfully synced 'openshift-monitoring/metrics-server-64d4ffb7b6-pxdqq'
2026-01-28T09:42:58.464679917Z I0128 09:42:58.464668       1 controller.go:192] Received pod 'monitoring-plugin-5648d58565-zvz7v'
2026-01-28T09:42:58.464689547Z I0128 09:42:58.464683       1 controller.go:151] Successfully synced 'openshift-monitoring/monitoring-plugin-5648d58565-zvz7v'
2026-01-28T09:42:58.464699027Z I0128 09:42:58.464687       1 controller.go:192] Received pod 'prometheus-operator-admission-webhook-77b4b78b99-qpsp6'
2026-01-28T09:42:58.464708658Z I0128 09:42:58.464698       1 controller.go:151] Successfully synced 'openshift-monitoring/prometheus-operator-admission-webhook-77b4b78b99-qpsp6'
2026-01-28T09:42:58.464708658Z I0128 09:42:58.464704       1 controller.go:192] Received pod 'thanos-querier-64548646df-jjdzt'
2026-01-28T09:42:58.464732088Z I0128 09:42:58.464718       1 controller.go:151] Successfully synced 'openshift-monitoring/thanos-querier-64548646df-jjdzt'
2026-01-28T09:42:58.464732088Z I0128 09:42:58.464723       1 controller.go:192] Received pod 'network-metrics-daemon-2pwhs'
2026-01-28T09:42:58.464742539Z I0128 09:42:58.464734       1 controller.go:151] Successfully synced 'openshift-multus/network-metrics-daemon-2pwhs'
2026-01-28T09:42:58.464742539Z I0128 09:42:58.464739       1 controller.go:192] Received pod 'network-check-target-z4mmq'
2026-01-28T09:42:58.464757009Z I0128 09:42:58.464750       1 controller.go:151] Successfully synced 'openshift-network-diagnostics/network-check-target-z4mmq'
2026-01-28T09:42:58.464757009Z I0128 09:42:58.464472       1 controller.go:151] Successfully synced 'openshift-e2e-loki/loki-promtail-vlpcp'
2026-01-28T09:43:03.648601480Z I0128 09:43:03.648565       1 controller.go:192] Received pod 'prometheus-k8s-1'
2026-01-28T09:43:03.648721813Z I0128 09:43:03.648701       1 controller.go:151] Successfully synced 'openshift-monitoring/prometheus-k8s-1'
2026-01-28T09:44:24.757318289Z I0128 09:44:24.757273       1 controller.go:151] Successfully synced 'openshift-monitoring/prometheus-k8s-1'
2026-01-28T09:44:33.840525750Z I0128 09:44:33.840475       1 controller.go:192] Received pod 'prometheus-k8s-1'
2026-01-28T09:44:33.840571421Z I0128 09:44:33.840537       1 controller.go:151] Successfully synced 'openshift-monitoring/prometheus-k8s-1'
2026-01-28T09:44:57.148011662Z I0128 09:44:57.147969       1 controller.go:151] Successfully synced 'openshift-monitoring/alertmanager-main-0'
2026-01-28T09:44:57.840800797Z I0128 09:44:57.840724       1 controller.go:192] Received pod 'alertmanager-main-0'
2026-01-28T09:44:57.840880119Z I0128 09:44:57.840797       1 controller.go:151] Successfully synced 'openshift-monitoring/alertmanager-main-0'
2026-01-28T10:24:45.679808565Z I0128 10:24:45.679747       1 controller.go:192] Received pod 'perf-node-gather-daemonset-xtsjg'
2026-01-28T10:24:45.679991569Z I0128 10:24:45.679972       1 controller.go:151] Successfully synced 'openshift-must-gather-5xcqk/perf-node-gather-daemonset-xtsjg'
2026-01-28T10:25:04.438663097Z I0128 10:25:04.438629       1 controller.go:151] Successfully synced 'openshift-must-gather-5xcqk/perf-node-gather-daemonset-xtsjg'
