2026-01-28T09:37:24.204260753Z I0128 09:37:24.204068       1 cmd.go:95] &{<nil> true {false} installer true map[cert-configmaps:0xc0009f1220 cert-dir:0xc0009f1400 cert-secrets:0xc0009f1180 configmaps:0xc0009f0d20 namespace:0xc0009f0b40 optional-cert-configmaps:0xc0009f1360 optional-cert-secrets:0xc0009f12c0 optional-configmaps:0xc0009f0e60 optional-secrets:0xc0009f0dc0 pod:0xc0009f0be0 pod-manifest-dir:0xc0009f0fa0 resource-dir:0xc0009f0f00 revision:0xc0009f0aa0 secrets:0xc0009f0c80 v:0xc000a848c0] [0xc000a848c0 0xc0009f0aa0 0xc0009f0b40 0xc0009f0be0 0xc0009f0f00 0xc0009f0fa0 0xc0009f0d20 0xc0009f0e60 0xc0009f0c80 0xc0009f0dc0 0xc0009f1400 0xc0009f1220 0xc0009f1360 0xc0009f1180 0xc0009f12c0] [] map[cert-configmaps:0xc0009f1220 cert-dir:0xc0009f1400 cert-secrets:0xc0009f1180 configmaps:0xc0009f0d20 help:0xc000a84c80 kubeconfig:0xc0009f0a00 log-flush-frequency:0xc000a84820 namespace:0xc0009f0b40 optional-cert-configmaps:0xc0009f1360 optional-cert-secrets:0xc0009f12c0 optional-configmaps:0xc0009f0e60 optional-secrets:0xc0009f0dc0 pod:0xc0009f0be0 pod-manifest-dir:0xc0009f0fa0 pod-manifests-lock-file:0xc0009f10e0 resource-dir:0xc0009f0f00 revision:0xc0009f0aa0 secrets:0xc0009f0c80 timeout-duration:0xc0009f1040 v:0xc000a848c0 vmodule:0xc000a84960] [0xc0009f0a00 0xc0009f0aa0 0xc0009f0b40 0xc0009f0be0 0xc0009f0c80 0xc0009f0d20 0xc0009f0dc0 0xc0009f0e60 0xc0009f0f00 0xc0009f0fa0 0xc0009f1040 0xc0009f10e0 0xc0009f1180 0xc0009f1220 0xc0009f12c0 0xc0009f1360 0xc0009f1400 0xc000a84820 0xc000a848c0 0xc000a84960 0xc000a84c80] [0xc0009f1220 0xc0009f1400 0xc0009f1180 0xc0009f0d20 0xc000a84c80 0xc0009f0a00 0xc000a84820 0xc0009f0b40 0xc0009f1360 0xc0009f12c0 0xc0009f0e60 0xc0009f0dc0 0xc0009f0be0 0xc0009f0fa0 0xc0009f10e0 0xc0009f0f00 0xc0009f0aa0 0xc0009f0c80 0xc0009f1040 0xc000a848c0 0xc000a84960] map[104:0xc000a84c80 118:0xc000a848c0] [] -1 0 0xc0009ee5a0 true 0xae52c0 []}
2026-01-28T09:37:24.204433891Z I0128 09:37:24.204309       1 cmd.go:96] (*installerpod.InstallOptions)(0xc000682ea0)({
2026-01-28T09:37:24.204433891Z  KubeConfig: (string) "",
2026-01-28T09:37:24.204433891Z  KubeClient: (kubernetes.Interface) <nil>,
2026-01-28T09:37:24.204433891Z  Revision: (string) (len=1) "2",
2026-01-28T09:37:24.204433891Z  NodeName: (string) "",
2026-01-28T09:37:24.204433891Z  Namespace: (string) (len=24) "openshift-kube-apiserver",
2026-01-28T09:37:24.204433891Z  Clock: (clock.RealClock) {
2026-01-28T09:37:24.204433891Z  },
2026-01-28T09:37:24.204433891Z  PodConfigMapNamePrefix: (string) (len=18) "kube-apiserver-pod",
2026-01-28T09:37:24.204433891Z  SecretNamePrefixes: ([]string) (len=3 cap=4) {
2026-01-28T09:37:24.204433891Z   (string) (len=11) "etcd-client",
2026-01-28T09:37:24.204433891Z   (string) (len=34) "localhost-recovery-serving-certkey",
2026-01-28T09:37:24.204433891Z   (string) (len=31) "localhost-recovery-client-token"
2026-01-28T09:37:24.204433891Z  },
2026-01-28T09:37:24.204433891Z  OptionalSecretNamePrefixes: ([]string) (len=2 cap=2) {
2026-01-28T09:37:24.204433891Z   (string) (len=17) "encryption-config",
2026-01-28T09:37:24.204433891Z   (string) (len=21) "webhook-authenticator"
2026-01-28T09:37:24.204433891Z  },
2026-01-28T09:37:24.204433891Z  ConfigMapNamePrefixes: ([]string) (len=8 cap=8) {
2026-01-28T09:37:24.204433891Z   (string) (len=18) "kube-apiserver-pod",
2026-01-28T09:37:24.204433891Z   (string) (len=6) "config",
2026-01-28T09:37:24.204433891Z   (string) (len=37) "kube-apiserver-cert-syncer-kubeconfig",
2026-01-28T09:37:24.204433891Z   (string) (len=28) "bound-sa-token-signing-certs",
2026-01-28T09:37:24.204433891Z   (string) (len=15) "etcd-serving-ca",
2026-01-28T09:37:24.204433891Z   (string) (len=18) "kubelet-serving-ca",
2026-01-28T09:37:24.204433891Z   (string) (len=22) "sa-token-signing-certs",
2026-01-28T09:37:24.204433891Z   (string) (len=29) "kube-apiserver-audit-policies"
2026-01-28T09:37:24.204433891Z  },
2026-01-28T09:37:24.204433891Z  OptionalConfigMapNamePrefixes: ([]string) (len=4 cap=4) {
2026-01-28T09:37:24.204433891Z   (string) (len=14) "oauth-metadata",
2026-01-28T09:37:24.204433891Z   (string) (len=12) "cloud-config",
2026-01-28T09:37:24.204433891Z   (string) (len=24) "kube-apiserver-server-ca",
2026-01-28T09:37:24.204433891Z   (string) (len=11) "auth-config"
2026-01-28T09:37:24.204433891Z  },
2026-01-28T09:37:24.204433891Z  CertSecretNames: ([]string) (len=10 cap=16) {
2026-01-28T09:37:24.204433891Z   (string) (len=17) "aggregator-client",
2026-01-28T09:37:24.204433891Z   (string) (len=30) "localhost-serving-cert-certkey",
2026-01-28T09:37:24.204433891Z   (string) (len=31) "service-network-serving-certkey",
2026-01-28T09:37:24.204433891Z   (string) (len=37) "external-loadbalancer-serving-certkey",
2026-01-28T09:37:24.204433891Z   (string) (len=37) "internal-loadbalancer-serving-certkey",
2026-01-28T09:37:24.204433891Z   (string) (len=33) "bound-service-account-signing-key",
2026-01-28T09:37:24.204433891Z   (string) (len=40) "control-plane-node-admin-client-cert-key",
2026-01-28T09:37:24.204433891Z   (string) (len=31) "check-endpoints-client-cert-key",
2026-01-28T09:37:24.204433891Z   (string) (len=14) "kubelet-client",
2026-01-28T09:37:24.204433891Z   (string) (len=16) "node-kubeconfigs"
2026-01-28T09:37:24.204433891Z  },
2026-01-28T09:37:24.204433891Z  OptionalCertSecretNamePrefixes: ([]string) (len=11 cap=16) {
2026-01-28T09:37:24.204433891Z   (string) (len=17) "user-serving-cert",
2026-01-28T09:37:24.204433891Z   (string) (len=21) "user-serving-cert-000",
2026-01-28T09:37:24.204433891Z   (string) (len=21) "user-serving-cert-001",
2026-01-28T09:37:24.204433891Z   (string) (len=21) "user-serving-cert-002",
2026-01-28T09:37:24.204433891Z   (string) (len=21) "user-serving-cert-003",
2026-01-28T09:37:24.204433891Z   (string) (len=21) "user-serving-cert-004",
2026-01-28T09:37:24.204433891Z   (string) (len=21) "user-serving-cert-005",
2026-01-28T09:37:24.204433891Z   (string) (len=21) "user-serving-cert-006",
2026-01-28T09:37:24.204433891Z   (string) (len=21) "user-serving-cert-007",
2026-01-28T09:37:24.204433891Z   (string) (len=21) "user-serving-cert-008",
2026-01-28T09:37:24.204433891Z   (string) (len=21) "user-serving-cert-009"
2026-01-28T09:37:24.204433891Z  },
2026-01-28T09:37:24.204433891Z  CertConfigMapNamePrefixes: ([]string) (len=4 cap=4) {
2026-01-28T09:37:24.204433891Z   (string) (len=20) "aggregator-client-ca",
2026-01-28T09:37:24.204433891Z   (string) (len=9) "client-ca",
2026-01-28T09:37:24.204433891Z   (string) (len=29) "control-plane-node-kubeconfig",
2026-01-28T09:37:24.204433891Z   (string) (len=26) "check-endpoints-kubeconfig"
2026-01-28T09:37:24.204433891Z  },
2026-01-28T09:37:24.204433891Z  OptionalCertConfigMapNamePrefixes: ([]string) (len=1 cap=1) {
2026-01-28T09:37:24.204433891Z   (string) (len=17) "trusted-ca-bundle"
2026-01-28T09:37:24.204433891Z  },
2026-01-28T09:37:24.204433891Z  CertDir: (string) (len=57) "/etc/kubernetes/static-pod-resources/kube-apiserver-certs",
2026-01-28T09:37:24.204433891Z  ResourceDir: (string) (len=36) "/etc/kubernetes/static-pod-resources",
2026-01-28T09:37:24.204433891Z  PodManifestDir: (string) (len=25) "/etc/kubernetes/manifests",
2026-01-28T09:37:24.204433891Z  Timeout: (time.Duration) 2m0s,
2026-01-28T09:37:24.204433891Z  StaticPodManifestsLockFile: (string) "",
2026-01-28T09:37:24.204433891Z  PodMutationFns: ([]installerpod.PodMutationFunc) <nil>,
2026-01-28T09:37:24.204433891Z  KubeletVersion: (string) ""
2026-01-28T09:37:24.204433891Z })
2026-01-28T09:37:24.204648232Z I0128 09:37:24.204628       1 envvar.go:172] "Feature gate default state" feature="WatchListClient" enabled=false
2026-01-28T09:37:24.204657753Z I0128 09:37:24.204647       1 envvar.go:172] "Feature gate default state" feature="ClientsAllowCBOR" enabled=false
2026-01-28T09:37:24.204664873Z I0128 09:37:24.204660       1 envvar.go:172] "Feature gate default state" feature="ClientsPreferCBOR" enabled=false
2026-01-28T09:37:24.204671603Z I0128 09:37:24.204664       1 envvar.go:172] "Feature gate default state" feature="InformerResourceVersion" enabled=false
2026-01-28T09:37:24.204671603Z I0128 09:37:24.204668       1 envvar.go:172] "Feature gate default state" feature="InOrderInformers" enabled=true
2026-01-28T09:37:24.295483801Z I0128 09:37:24.295418       1 cmd.go:413] Getting controller reference for node ip-10-0-108-54.us-west-1.compute.internal
2026-01-28T09:37:24.304700345Z I0128 09:37:24.304664       1 cmd.go:426] Waiting for installer revisions to settle for node ip-10-0-108-54.us-west-1.compute.internal
2026-01-28T09:37:24.307275742Z I0128 09:37:24.307197       1 cmd.go:518] Waiting additional period after revisions have settled for node ip-10-0-108-54.us-west-1.compute.internal
2026-01-28T09:37:54.307700159Z I0128 09:37:54.307651       1 cmd.go:524] Getting installer pods for node ip-10-0-108-54.us-west-1.compute.internal
2026-01-28T09:37:54.311510169Z I0128 09:37:54.311483       1 cmd.go:542] Latest installer revision for node ip-10-0-108-54.us-west-1.compute.internal is: 2
2026-01-28T09:37:54.311510169Z I0128 09:37:54.311500       1 cmd.go:431] Querying kubelet version for node ip-10-0-108-54.us-west-1.compute.internal
2026-01-28T09:37:54.313507469Z I0128 09:37:54.313480       1 cmd.go:444] Got kubelet version 1.33.6 on target node ip-10-0-108-54.us-west-1.compute.internal
2026-01-28T09:37:54.313507469Z I0128 09:37:54.313495       1 cmd.go:293] Creating target resource directory "/etc/kubernetes/static-pod-resources/kube-apiserver-pod-2" ...
2026-01-28T09:37:54.313711939Z I0128 09:37:54.313614       1 cmd.go:221] Creating target resource directory "/etc/kubernetes/static-pod-resources/kube-apiserver-pod-2" ...
2026-01-28T09:37:54.313711939Z I0128 09:37:54.313635       1 cmd.go:229] Getting secrets ...
2026-01-28T09:37:54.315408784Z I0128 09:37:54.315346       1 copy.go:32] Got secret openshift-kube-apiserver/etcd-client-2
2026-01-28T09:37:54.316941740Z I0128 09:37:54.316920       1 copy.go:32] Got secret openshift-kube-apiserver/localhost-recovery-client-token-2
2026-01-28T09:37:54.318480577Z I0128 09:37:54.318452       1 copy.go:32] Got secret openshift-kube-apiserver/localhost-recovery-serving-certkey-2
2026-01-28T09:37:54.319978812Z I0128 09:37:54.319955       1 copy.go:24] Failed to get secret openshift-kube-apiserver/encryption-config-2: secrets "encryption-config-2" not found
2026-01-28T09:37:54.321662466Z I0128 09:37:54.321641       1 copy.go:32] Got secret openshift-kube-apiserver/webhook-authenticator-2
2026-01-28T09:37:54.321858676Z I0128 09:37:54.321762       1 cmd.go:242] Getting config maps ...
2026-01-28T09:37:54.323267706Z I0128 09:37:54.323246       1 copy.go:60] Got configMap openshift-kube-apiserver/bound-sa-token-signing-certs-2
2026-01-28T09:37:54.324783582Z I0128 09:37:54.324749       1 copy.go:60] Got configMap openshift-kube-apiserver/config-2
2026-01-28T09:37:54.326220714Z I0128 09:37:54.326179       1 copy.go:60] Got configMap openshift-kube-apiserver/etcd-serving-ca-2
2026-01-28T09:37:54.511158757Z I0128 09:37:54.511114       1 copy.go:60] Got configMap openshift-kube-apiserver/kube-apiserver-audit-policies-2
2026-01-28T09:37:54.716363702Z I0128 09:37:54.716300       1 copy.go:60] Got configMap openshift-kube-apiserver/kube-apiserver-cert-syncer-kubeconfig-2
2026-01-28T09:37:54.911272004Z I0128 09:37:54.911224       1 copy.go:60] Got configMap openshift-kube-apiserver/kube-apiserver-pod-2
2026-01-28T09:37:55.110889340Z I0128 09:37:55.110842       1 copy.go:60] Got configMap openshift-kube-apiserver/kubelet-serving-ca-2
2026-01-28T09:37:55.317064745Z I0128 09:37:55.316981       1 copy.go:60] Got configMap openshift-kube-apiserver/sa-token-signing-certs-2
2026-01-28T09:37:55.510841569Z I0128 09:37:55.510792       1 copy.go:52] Failed to get config map openshift-kube-apiserver/auth-config-2: configmaps "auth-config-2" not found
2026-01-28T09:37:55.710386932Z I0128 09:37:55.710344       1 copy.go:52] Failed to get config map openshift-kube-apiserver/cloud-config-2: configmaps "cloud-config-2" not found
2026-01-28T09:37:55.910914013Z I0128 09:37:55.910857       1 copy.go:60] Got configMap openshift-kube-apiserver/kube-apiserver-server-ca-2
2026-01-28T09:37:56.110578952Z I0128 09:37:56.110518       1 copy.go:52] Failed to get config map openshift-kube-apiserver/oauth-metadata-2: configmaps "oauth-metadata-2" not found
2026-01-28T09:37:56.110578952Z I0128 09:37:56.110545       1 cmd.go:261] Creating directory "/etc/kubernetes/static-pod-resources/kube-apiserver-pod-2/secrets/etcd-client" ...
2026-01-28T09:37:56.110713959Z I0128 09:37:56.110693       1 cmd.go:639] Writing secret manifest "/etc/kubernetes/static-pod-resources/kube-apiserver-pod-2/secrets/etcd-client/tls.crt" ...
2026-01-28T09:37:56.110885898Z I0128 09:37:56.110862       1 cmd.go:639] Writing secret manifest "/etc/kubernetes/static-pod-resources/kube-apiserver-pod-2/secrets/etcd-client/tls.key" ...
2026-01-28T09:37:56.110990573Z I0128 09:37:56.110968       1 cmd.go:261] Creating directory "/etc/kubernetes/static-pod-resources/kube-apiserver-pod-2/secrets/localhost-recovery-client-token" ...
2026-01-28T09:37:56.111104279Z I0128 09:37:56.111076       1 cmd.go:639] Writing secret manifest "/etc/kubernetes/static-pod-resources/kube-apiserver-pod-2/secrets/localhost-recovery-client-token/namespace" ...
2026-01-28T09:37:56.111199994Z I0128 09:37:56.111180       1 cmd.go:639] Writing secret manifest "/etc/kubernetes/static-pod-resources/kube-apiserver-pod-2/secrets/localhost-recovery-client-token/token" ...
2026-01-28T09:37:56.111340141Z I0128 09:37:56.111313       1 cmd.go:639] Writing secret manifest "/etc/kubernetes/static-pod-resources/kube-apiserver-pod-2/secrets/localhost-recovery-client-token/ca.crt" ...
2026-01-28T09:37:56.111442936Z I0128 09:37:56.111420       1 cmd.go:261] Creating directory "/etc/kubernetes/static-pod-resources/kube-apiserver-pod-2/secrets/localhost-recovery-serving-certkey" ...
2026-01-28T09:37:56.111508529Z I0128 09:37:56.111483       1 cmd.go:639] Writing secret manifest "/etc/kubernetes/static-pod-resources/kube-apiserver-pod-2/secrets/localhost-recovery-serving-certkey/tls.crt" ...
2026-01-28T09:37:56.111599734Z I0128 09:37:56.111581       1 cmd.go:639] Writing secret manifest "/etc/kubernetes/static-pod-resources/kube-apiserver-pod-2/secrets/localhost-recovery-serving-certkey/tls.key" ...
2026-01-28T09:37:56.111697398Z I0128 09:37:56.111679       1 cmd.go:261] Creating directory "/etc/kubernetes/static-pod-resources/kube-apiserver-pod-2/secrets/webhook-authenticator" ...
2026-01-28T09:37:56.111755691Z I0128 09:37:56.111738       1 cmd.go:639] Writing secret manifest "/etc/kubernetes/static-pod-resources/kube-apiserver-pod-2/secrets/webhook-authenticator/kubeConfig" ...
2026-01-28T09:37:56.111865327Z I0128 09:37:56.111848       1 cmd.go:277] Creating directory "/etc/kubernetes/static-pod-resources/kube-apiserver-pod-2/configmaps/bound-sa-token-signing-certs" ...
2026-01-28T09:37:56.111963322Z I0128 09:37:56.111944       1 cmd.go:629] Writing config file "/etc/kubernetes/static-pod-resources/kube-apiserver-pod-2/configmaps/bound-sa-token-signing-certs/service-account-001.pub" ...
2026-01-28T09:37:56.112083588Z I0128 09:37:56.112066       1 cmd.go:277] Creating directory "/etc/kubernetes/static-pod-resources/kube-apiserver-pod-2/configmaps/config" ...
2026-01-28T09:37:56.112168042Z I0128 09:37:56.112150       1 cmd.go:629] Writing config file "/etc/kubernetes/static-pod-resources/kube-apiserver-pod-2/configmaps/config/config.yaml" ...
2026-01-28T09:37:56.112265317Z I0128 09:37:56.112249       1 cmd.go:277] Creating directory "/etc/kubernetes/static-pod-resources/kube-apiserver-pod-2/configmaps/etcd-serving-ca" ...
2026-01-28T09:37:56.112321350Z I0128 09:37:56.112302       1 cmd.go:629] Writing config file "/etc/kubernetes/static-pod-resources/kube-apiserver-pod-2/configmaps/etcd-serving-ca/ca-bundle.crt" ...
2026-01-28T09:37:56.112455586Z I0128 09:37:56.112438       1 cmd.go:277] Creating directory "/etc/kubernetes/static-pod-resources/kube-apiserver-pod-2/configmaps/kube-apiserver-audit-policies" ...
2026-01-28T09:37:56.112517079Z I0128 09:37:56.112497       1 cmd.go:629] Writing config file "/etc/kubernetes/static-pod-resources/kube-apiserver-pod-2/configmaps/kube-apiserver-audit-policies/policy.yaml" ...
2026-01-28T09:37:56.112658566Z I0128 09:37:56.112635       1 cmd.go:277] Creating directory "/etc/kubernetes/static-pod-resources/kube-apiserver-pod-2/configmaps/kube-apiserver-cert-syncer-kubeconfig" ...
2026-01-28T09:37:56.112912419Z I0128 09:37:56.112895       1 cmd.go:629] Writing config file "/etc/kubernetes/static-pod-resources/kube-apiserver-pod-2/configmaps/kube-apiserver-cert-syncer-kubeconfig/kubeconfig" ...
2026-01-28T09:37:56.113038045Z I0128 09:37:56.113004       1 cmd.go:277] Creating directory "/etc/kubernetes/static-pod-resources/kube-apiserver-pod-2/configmaps/kube-apiserver-pod" ...
2026-01-28T09:37:56.113111539Z I0128 09:37:56.113093       1 cmd.go:629] Writing config file "/etc/kubernetes/static-pod-resources/kube-apiserver-pod-2/configmaps/kube-apiserver-pod/pod.yaml" ...
2026-01-28T09:37:56.113220324Z I0128 09:37:56.113201       1 cmd.go:629] Writing config file "/etc/kubernetes/static-pod-resources/kube-apiserver-pod-2/configmaps/kube-apiserver-pod/version" ...
2026-01-28T09:37:56.113317449Z I0128 09:37:56.113299       1 cmd.go:629] Writing config file "/etc/kubernetes/static-pod-resources/kube-apiserver-pod-2/configmaps/kube-apiserver-pod/forceRedeploymentReason" ...
2026-01-28T09:37:56.113460436Z I0128 09:37:56.113436       1 cmd.go:277] Creating directory "/etc/kubernetes/static-pod-resources/kube-apiserver-pod-2/configmaps/kubelet-serving-ca" ...
2026-01-28T09:37:56.113548251Z I0128 09:37:56.113533       1 cmd.go:629] Writing config file "/etc/kubernetes/static-pod-resources/kube-apiserver-pod-2/configmaps/kubelet-serving-ca/ca-bundle.crt" ...
2026-01-28T09:37:56.113650336Z I0128 09:37:56.113626       1 cmd.go:277] Creating directory "/etc/kubernetes/static-pod-resources/kube-apiserver-pod-2/configmaps/sa-token-signing-certs" ...
2026-01-28T09:37:56.113715729Z I0128 09:37:56.113693       1 cmd.go:629] Writing config file "/etc/kubernetes/static-pod-resources/kube-apiserver-pod-2/configmaps/sa-token-signing-certs/service-account-001.pub" ...
2026-01-28T09:37:56.113808514Z I0128 09:37:56.113793       1 cmd.go:277] Creating directory "/etc/kubernetes/static-pod-resources/kube-apiserver-pod-2/configmaps/kube-apiserver-server-ca" ...
2026-01-28T09:37:56.113866387Z I0128 09:37:56.113846       1 cmd.go:629] Writing config file "/etc/kubernetes/static-pod-resources/kube-apiserver-pod-2/configmaps/kube-apiserver-server-ca/ca-bundle.crt" ...
2026-01-28T09:37:56.113969922Z I0128 09:37:56.113952       1 cmd.go:221] Creating target resource directory "/etc/kubernetes/static-pod-resources/kube-apiserver-certs" ...
2026-01-28T09:37:56.113987803Z I0128 09:37:56.113971       1 cmd.go:229] Getting secrets ...
2026-01-28T09:37:56.310615980Z I0128 09:37:56.310555       1 copy.go:32] Got secret openshift-kube-apiserver/aggregator-client
2026-01-28T09:37:56.510361733Z I0128 09:37:56.510312       1 copy.go:32] Got secret openshift-kube-apiserver/bound-service-account-signing-key
2026-01-28T09:37:56.711254323Z I0128 09:37:56.711192       1 copy.go:32] Got secret openshift-kube-apiserver/check-endpoints-client-cert-key
2026-01-28T09:37:56.911177735Z I0128 09:37:56.911125       1 copy.go:32] Got secret openshift-kube-apiserver/control-plane-node-admin-client-cert-key
2026-01-28T09:37:57.111105687Z I0128 09:37:57.111011       1 copy.go:32] Got secret openshift-kube-apiserver/external-loadbalancer-serving-certkey
2026-01-28T09:37:57.310906172Z I0128 09:37:57.310858       1 copy.go:32] Got secret openshift-kube-apiserver/internal-loadbalancer-serving-certkey
2026-01-28T09:37:57.510603323Z I0128 09:37:57.510553       1 copy.go:32] Got secret openshift-kube-apiserver/kubelet-client
2026-01-28T09:37:57.710068652Z I0128 09:37:57.709980       1 copy.go:32] Got secret openshift-kube-apiserver/localhost-serving-cert-certkey
2026-01-28T09:37:57.911303159Z I0128 09:37:57.911237       1 copy.go:32] Got secret openshift-kube-apiserver/node-kubeconfigs
2026-01-28T09:37:58.110985588Z I0128 09:37:58.110938       1 copy.go:32] Got secret openshift-kube-apiserver/service-network-serving-certkey
2026-01-28T09:37:58.310922501Z I0128 09:37:58.310868       1 copy.go:24] Failed to get secret openshift-kube-apiserver/user-serving-cert: secrets "user-serving-cert" not found
2026-01-28T09:37:58.510626161Z I0128 09:37:58.510572       1 copy.go:24] Failed to get secret openshift-kube-apiserver/user-serving-cert-000: secrets "user-serving-cert-000" not found
2026-01-28T09:37:58.710217756Z I0128 09:37:58.710157       1 copy.go:24] Failed to get secret openshift-kube-apiserver/user-serving-cert-001: secrets "user-serving-cert-001" not found
2026-01-28T09:37:58.910682435Z I0128 09:37:58.910629       1 copy.go:24] Failed to get secret openshift-kube-apiserver/user-serving-cert-002: secrets "user-serving-cert-002" not found
2026-01-28T09:37:59.110661310Z I0128 09:37:59.110612       1 copy.go:24] Failed to get secret openshift-kube-apiserver/user-serving-cert-003: secrets "user-serving-cert-003" not found
2026-01-28T09:37:59.310258725Z I0128 09:37:59.310201       1 copy.go:24] Failed to get secret openshift-kube-apiserver/user-serving-cert-004: secrets "user-serving-cert-004" not found
2026-01-28T09:37:59.510858881Z I0128 09:37:59.510799       1 copy.go:24] Failed to get secret openshift-kube-apiserver/user-serving-cert-005: secrets "user-serving-cert-005" not found
2026-01-28T09:37:59.710887768Z I0128 09:37:59.710838       1 copy.go:24] Failed to get secret openshift-kube-apiserver/user-serving-cert-006: secrets "user-serving-cert-006" not found
2026-01-28T09:37:59.910569338Z I0128 09:37:59.910510       1 copy.go:24] Failed to get secret openshift-kube-apiserver/user-serving-cert-007: secrets "user-serving-cert-007" not found
2026-01-28T09:38:00.110224605Z I0128 09:38:00.110167       1 copy.go:24] Failed to get secret openshift-kube-apiserver/user-serving-cert-008: secrets "user-serving-cert-008" not found
2026-01-28T09:38:00.310822231Z I0128 09:38:00.310758       1 copy.go:24] Failed to get secret openshift-kube-apiserver/user-serving-cert-009: secrets "user-serving-cert-009" not found
2026-01-28T09:38:00.310822231Z I0128 09:38:00.310783       1 cmd.go:242] Getting config maps ...
2026-01-28T09:38:00.510741753Z I0128 09:38:00.510683       1 copy.go:60] Got configMap openshift-kube-apiserver/aggregator-client-ca
2026-01-28T09:38:00.710145068Z I0128 09:38:00.710090       1 copy.go:60] Got configMap openshift-kube-apiserver/check-endpoints-kubeconfig
2026-01-28T09:38:00.911101671Z I0128 09:38:00.911011       1 copy.go:60] Got configMap openshift-kube-apiserver/client-ca
2026-01-28T09:38:01.111017803Z I0128 09:38:01.110963       1 copy.go:60] Got configMap openshift-kube-apiserver/control-plane-node-kubeconfig
2026-01-28T09:38:01.317434219Z I0128 09:38:01.317384       1 copy.go:60] Got configMap openshift-kube-apiserver/trusted-ca-bundle
2026-01-28T09:38:01.317815498Z I0128 09:38:01.317796       1 cmd.go:261] Creating directory "/etc/kubernetes/static-pod-resources/kube-apiserver-certs/secrets/aggregator-client" ...
2026-01-28T09:38:01.318004287Z I0128 09:38:01.317981       1 cmd.go:639] Writing secret manifest "/etc/kubernetes/static-pod-resources/kube-apiserver-certs/secrets/aggregator-client/tls.crt" ...
2026-01-28T09:38:01.318266931Z I0128 09:38:01.318223       1 cmd.go:639] Writing secret manifest "/etc/kubernetes/static-pod-resources/kube-apiserver-certs/secrets/aggregator-client/tls.key" ...
2026-01-28T09:38:01.318361035Z I0128 09:38:01.318336       1 cmd.go:261] Creating directory "/etc/kubernetes/static-pod-resources/kube-apiserver-certs/secrets/bound-service-account-signing-key" ...
2026-01-28T09:38:01.318429199Z I0128 09:38:01.318406       1 cmd.go:639] Writing secret manifest "/etc/kubernetes/static-pod-resources/kube-apiserver-certs/secrets/bound-service-account-signing-key/service-account.key" ...
2026-01-28T09:38:01.318595297Z I0128 09:38:01.318561       1 cmd.go:639] Writing secret manifest "/etc/kubernetes/static-pod-resources/kube-apiserver-certs/secrets/bound-service-account-signing-key/service-account.pub" ...
2026-01-28T09:38:01.318723634Z I0128 09:38:01.318666       1 cmd.go:261] Creating directory "/etc/kubernetes/static-pod-resources/kube-apiserver-certs/secrets/check-endpoints-client-cert-key" ...
2026-01-28T09:38:01.318759825Z I0128 09:38:01.318735       1 cmd.go:639] Writing secret manifest "/etc/kubernetes/static-pod-resources/kube-apiserver-certs/secrets/check-endpoints-client-cert-key/tls.crt" ...
2026-01-28T09:38:01.318879581Z I0128 09:38:01.318851       1 cmd.go:639] Writing secret manifest "/etc/kubernetes/static-pod-resources/kube-apiserver-certs/secrets/check-endpoints-client-cert-key/tls.key" ...
2026-01-28T09:38:01.318996897Z I0128 09:38:01.318975       1 cmd.go:261] Creating directory "/etc/kubernetes/static-pod-resources/kube-apiserver-certs/secrets/control-plane-node-admin-client-cert-key" ...
2026-01-28T09:38:01.319089772Z I0128 09:38:01.319068       1 cmd.go:639] Writing secret manifest "/etc/kubernetes/static-pod-resources/kube-apiserver-certs/secrets/control-plane-node-admin-client-cert-key/tls.crt" ...
2026-01-28T09:38:01.319186317Z I0128 09:38:01.319170       1 cmd.go:639] Writing secret manifest "/etc/kubernetes/static-pod-resources/kube-apiserver-certs/secrets/control-plane-node-admin-client-cert-key/tls.key" ...
2026-01-28T09:38:01.319275381Z I0128 09:38:01.319259       1 cmd.go:261] Creating directory "/etc/kubernetes/static-pod-resources/kube-apiserver-certs/secrets/external-loadbalancer-serving-certkey" ...
2026-01-28T09:38:01.319393847Z I0128 09:38:01.319373       1 cmd.go:639] Writing secret manifest "/etc/kubernetes/static-pod-resources/kube-apiserver-certs/secrets/external-loadbalancer-serving-certkey/tls.key" ...
2026-01-28T09:38:01.319534734Z I0128 09:38:01.319517       1 cmd.go:639] Writing secret manifest "/etc/kubernetes/static-pod-resources/kube-apiserver-certs/secrets/external-loadbalancer-serving-certkey/tls.crt" ...
2026-01-28T09:38:01.319907463Z I0128 09:38:01.319868       1 cmd.go:261] Creating directory "/etc/kubernetes/static-pod-resources/kube-apiserver-certs/secrets/internal-loadbalancer-serving-certkey" ...
2026-01-28T09:38:01.319961385Z I0128 09:38:01.319944       1 cmd.go:639] Writing secret manifest "/etc/kubernetes/static-pod-resources/kube-apiserver-certs/secrets/internal-loadbalancer-serving-certkey/tls.key" ...
2026-01-28T09:38:01.320117063Z I0128 09:38:01.320074       1 cmd.go:639] Writing secret manifest "/etc/kubernetes/static-pod-resources/kube-apiserver-certs/secrets/internal-loadbalancer-serving-certkey/tls.crt" ...
2026-01-28T09:38:01.320203688Z I0128 09:38:01.320180       1 cmd.go:261] Creating directory "/etc/kubernetes/static-pod-resources/kube-apiserver-certs/secrets/kubelet-client" ...
2026-01-28T09:38:01.320271291Z I0128 09:38:01.320251       1 cmd.go:639] Writing secret manifest "/etc/kubernetes/static-pod-resources/kube-apiserver-certs/secrets/kubelet-client/tls.crt" ...
2026-01-28T09:38:01.320507273Z I0128 09:38:01.320487       1 cmd.go:639] Writing secret manifest "/etc/kubernetes/static-pod-resources/kube-apiserver-certs/secrets/kubelet-client/tls.key" ...
2026-01-28T09:38:01.320615748Z I0128 09:38:01.320597       1 cmd.go:261] Creating directory "/etc/kubernetes/static-pod-resources/kube-apiserver-certs/secrets/localhost-serving-cert-certkey" ...
2026-01-28T09:38:01.320686132Z I0128 09:38:01.320663       1 cmd.go:639] Writing secret manifest "/etc/kubernetes/static-pod-resources/kube-apiserver-certs/secrets/localhost-serving-cert-certkey/tls.crt" ...
2026-01-28T09:38:01.320789757Z I0128 09:38:01.320766       1 cmd.go:639] Writing secret manifest "/etc/kubernetes/static-pod-resources/kube-apiserver-certs/secrets/localhost-serving-cert-certkey/tls.key" ...
2026-01-28T09:38:01.320893742Z I0128 09:38:01.320873       1 cmd.go:261] Creating directory "/etc/kubernetes/static-pod-resources/kube-apiserver-certs/secrets/node-kubeconfigs" ...
2026-01-28T09:38:01.320961885Z I0128 09:38:01.320943       1 cmd.go:639] Writing secret manifest "/etc/kubernetes/static-pod-resources/kube-apiserver-certs/secrets/node-kubeconfigs/localhost-recovery.kubeconfig" ...
2026-01-28T09:38:01.321101902Z I0128 09:38:01.321082       1 cmd.go:639] Writing secret manifest "/etc/kubernetes/static-pod-resources/kube-apiserver-certs/secrets/node-kubeconfigs/localhost.kubeconfig" ...
2026-01-28T09:38:01.321222978Z I0128 09:38:01.321192       1 cmd.go:639] Writing secret manifest "/etc/kubernetes/static-pod-resources/kube-apiserver-certs/secrets/node-kubeconfigs/lb-ext.kubeconfig" ...
2026-01-28T09:38:01.321321443Z I0128 09:38:01.321303       1 cmd.go:639] Writing secret manifest "/etc/kubernetes/static-pod-resources/kube-apiserver-certs/secrets/node-kubeconfigs/lb-int.kubeconfig" ...
2026-01-28T09:38:01.321449130Z I0128 09:38:01.321428       1 cmd.go:261] Creating directory "/etc/kubernetes/static-pod-resources/kube-apiserver-certs/secrets/service-network-serving-certkey" ...
2026-01-28T09:38:01.321574966Z I0128 09:38:01.321555       1 cmd.go:639] Writing secret manifest "/etc/kubernetes/static-pod-resources/kube-apiserver-certs/secrets/service-network-serving-certkey/tls.key" ...
2026-01-28T09:38:01.321707833Z I0128 09:38:01.321677       1 cmd.go:639] Writing secret manifest "/etc/kubernetes/static-pod-resources/kube-apiserver-certs/secrets/service-network-serving-certkey/tls.crt" ...
2026-01-28T09:38:01.321821518Z I0128 09:38:01.321799       1 cmd.go:277] Creating directory "/etc/kubernetes/static-pod-resources/kube-apiserver-certs/configmaps/aggregator-client-ca" ...
2026-01-28T09:38:01.321929254Z I0128 09:38:01.321897       1 cmd.go:629] Writing config file "/etc/kubernetes/static-pod-resources/kube-apiserver-certs/configmaps/aggregator-client-ca/ca-bundle.crt" ...
2026-01-28T09:38:01.322053700Z I0128 09:38:01.322004       1 cmd.go:277] Creating directory "/etc/kubernetes/static-pod-resources/kube-apiserver-certs/configmaps/check-endpoints-kubeconfig" ...
2026-01-28T09:38:01.322102292Z I0128 09:38:01.322082       1 cmd.go:629] Writing config file "/etc/kubernetes/static-pod-resources/kube-apiserver-certs/configmaps/check-endpoints-kubeconfig/kubeconfig" ...
2026-01-28T09:38:01.322229599Z I0128 09:38:01.322211       1 cmd.go:277] Creating directory "/etc/kubernetes/static-pod-resources/kube-apiserver-certs/configmaps/client-ca" ...
2026-01-28T09:38:01.322292252Z I0128 09:38:01.322273       1 cmd.go:629] Writing config file "/etc/kubernetes/static-pod-resources/kube-apiserver-certs/configmaps/client-ca/ca-bundle.crt" ...
2026-01-28T09:38:01.322427559Z I0128 09:38:01.322403       1 cmd.go:277] Creating directory "/etc/kubernetes/static-pod-resources/kube-apiserver-certs/configmaps/control-plane-node-kubeconfig" ...
2026-01-28T09:38:01.322489512Z I0128 09:38:01.322473       1 cmd.go:629] Writing config file "/etc/kubernetes/static-pod-resources/kube-apiserver-certs/configmaps/control-plane-node-kubeconfig/kubeconfig" ...
2026-01-28T09:38:01.322594687Z I0128 09:38:01.322575       1 cmd.go:277] Creating directory "/etc/kubernetes/static-pod-resources/kube-apiserver-certs/configmaps/trusted-ca-bundle" ...
2026-01-28T09:38:01.322672461Z I0128 09:38:01.322654       1 cmd.go:629] Writing config file "/etc/kubernetes/static-pod-resources/kube-apiserver-certs/configmaps/trusted-ca-bundle/ca-bundle.crt" ...
2026-01-28T09:38:01.322872681Z I0128 09:38:01.322858       1 cmd.go:335] Getting pod configmaps/kube-apiserver-pod-2 -n openshift-kube-apiserver
2026-01-28T09:38:01.510616904Z I0128 09:38:01.510563       1 cmd.go:351] Creating directory for static pod manifest "/etc/kubernetes/manifests" ...
2026-01-28T09:38:01.510684867Z I0128 09:38:01.510621       1 cmd.go:379] Writing a pod under "kube-apiserver-pod.yaml" key 
2026-01-28T09:38:01.510684867Z {"kind":"Pod","apiVersion":"v1","metadata":{"name":"kube-apiserver","namespace":"openshift-kube-apiserver","creationTimestamp":null,"labels":{"apiserver":"true","app":"openshift-kube-apiserver","revision":"2"},"annotations":{"kubectl.kubernetes.io/default-container":"kube-apiserver","target.workload.openshift.io/management":"{\"effect\": \"PreferredDuringScheduling\"}"}},"spec":{"volumes":[{"name":"resource-dir","hostPath":{"path":"/etc/kubernetes/static-pod-resources/kube-apiserver-pod-2"}},{"name":"cert-dir","hostPath":{"path":"/etc/kubernetes/static-pod-resources/kube-apiserver-certs"}},{"name":"audit-dir","hostPath":{"path":"/var/log/kube-apiserver"}},{"name":"tmp-dir","emptyDir":{}},{"name":"ca-bundle-dir","emptyDir":{}}],"initContainers":[{"name":"setup","image":"registry.build11.ci.openshift.org/ci-ln-vjb5l1t/stable@sha256:fb1529a27e685fb1b5b13a5d1e935a27c9b9591e884ec8f6c22025208ec02596","command":["/usr/bin/timeout","279","/bin/bash","-ec"],"args":["echo \"Fixing audit permissions ...\"\nchmod 0700 /var/log/kube-apiserver \u0026\u0026 touch /var/log/kube-apiserver/audit.log \u0026\u0026 chmod 0600 /var/log/kube-apiserver/*\n\nLOCK=/var/log/kube-apiserver/.lock\necho \"Acquiring exclusive lock ${LOCK} ...\"\n\n# Waiting for 194s max for old kube-apiserver's watch-termination process to exit and remove the lock.\n# Two cases:\n# 1. if kubelet does not start the old and new in parallel (i.e. works as expected), the flock will always succeed without any time.\n# 2. if kubelet does overlap old and new pods for up to 130s, the flock will wait and immediate return when the old finishes.\n#\n# NOTE: We can increase 194s for a bigger expected overlap. But a higher value means less noise about the broken kubelet behaviour, i.e. we hide a bug.\n# NOTE: Do not tweak these timings without considering the livenessProbe initialDelaySeconds\nexec {LOCK_FD}\u003e${LOCK} \u0026\u0026 flock --verbose -w 194 \"${LOCK_FD}\" || {\n  echo \"$(date -Iseconds -u) kubelet did not terminate old kube-apiserver before new one\" \u003e\u003e /var/log/kube-apiserver/lock.log\n  echo -n \": WARNING: kubelet did not terminate old kube-apiserver before new one.\"\n\n  # We failed to acquire exclusive lock, which means there is old kube-apiserver running in system.\n  # Since we utilize SO_REUSEPORT, we need to make sure the old kube-apiserver stopped listening.\n  #\n  # NOTE: This is a fallback for broken kubelet, if you observe this please report a bug.\n  echo -n \"Waiting for port 6443 to be released due to likely bug in kubelet or CRI-O \"\n  while [ -n \"$(ss -Htan state listening '( sport = 6443 or sport = 6080 )')\" ]; do\n    echo -n \".\"\n    sleep 1\n    (( tries += 1 ))\n    if [[ \"${tries}\" -gt 10 ]]; then\n      echo \"Timed out waiting for port :6443 and :6080 to be released, this is likely a bug in kubelet or CRI-O\"\n      exit 1\n    fi\n  done\n  #  This is to make sure the server has terminated independently from the lock.\n  #  After the port has been freed (requests can be pending and need 60s max).\n  sleep 65\n}\n# We cannot hold the lock from the init container to the main container. We release it here. There is no risk, at this point we know we are safe.\nflock -u \"${LOCK_FD}\"\n"],"resources":{"requests":{"cpu":"5m","memory":"50Mi"}},"volumeMounts":[{"name":"audit-dir","mountPath":"/var/log/kube-apiserver"},{"name":"tmp-dir","mountPath":"/tmp"}],"terminationMessagePolicy":"FallbackToLogsOnError","imagePullPolicy":"IfNotPresent","securityContext":{"privileged":true,"readOnlyRootFilesystem":true}}],"containers":[{"name":"kube-apiserver","image":"registry.build11.ci.openshift.org/ci-ln-vjb5l1t/stable@sha256:fb1529a27e685fb1b5b13a5d1e935a27c9b9591e884ec8f6c22025208ec02596","command":["/bin/bash","-ec"],"args":["LOCK=/var/log/kube-apiserver/.lock\n# We should be able to acquire the lock immediatelly. If not, it means the init container has not released it yet and kubelet or CRI-O started container prematurely.\nexec {LOCK_FD}\u003e${LOCK} \u0026\u0026 flock --verbose -w 30 \"${LOCK_FD}\" || {\n  echo \"Failed to acquire lock for kube-apiserver. Please check setup container for details. This is likely kubelet or CRI-O bug.\"\n  exit 1\n}\nif [ -f /etc/kubernetes/static-pod-certs/configmaps/trusted-ca-bundle/ca-bundle.crt ]; then\n  echo \"Copying system trust bundle ...\"\n  cp -f /etc/kubernetes/static-pod-certs/configmaps/trusted-ca-bundle/ca-bundle.crt /etc/pki/ca-trust/extracted/pem/tls-ca-bundle.pem\nfi\n\nexec watch-termination --termination-touch-file=/var/log/kube-apiserver/.terminating --termination-log-file=/var/log/kube-apiserver/termination.log --graceful-termination-duration=194s --kubeconfig=/etc/kubernetes/static-pod-resources/configmaps/kube-apiserver-cert-syncer-kubeconfig/kubeconfig -- hyperkube kube-apiserver --openshift-config=/etc/kubernetes/static-pod-resources/configmaps/config/config.yaml --advertise-address=${HOST_IP}  -v=2 --permit-address-sharing\n"],"ports":[{"containerPort":6443}],"env":[{"name":"POD_NAME","valueFrom":{"fieldRef":{"fieldPath":"metadata.name"}}},{"name":"POD_NAMESPACE","valueFrom":{"fieldRef":{"fieldPath":"metadata.namespace"}}},{"name":"STATIC_POD_VERSION","value":"2"},{"name":"HOST_IP","valueFrom":{"fieldRef":{"fieldPath":"status.hostIP"}}},{"name":"GOGC","value":"100"}],"resources":{"requests":{"cpu":"265m","memory":"1Gi"}},"volumeMounts":[{"name":"resource-dir","mountPath":"/etc/kubernetes/static-pod-resources"},{"name":"cert-dir","mountPath":"/etc/kubernetes/static-pod-certs"},{"name":"audit-dir","mountPath":"/var/log/kube-apiserver"},{"name":"tmp-dir","mountPath":"/tmp"},{"name":"ca-bundle-dir","mountPath":"/etc/pki/ca-trust/extracted/pem"}],"livenessProbe":{"httpGet":{"path":"livez?exclude=etcd","port":6443,"scheme":"HTTPS"},"timeoutSeconds":10,"periodSeconds":10,"successThreshold":1,"failureThreshold":3},"readinessProbe":{"httpGet":{"path":"readyz","port":6443,"scheme":"HTTPS"},"timeoutSeconds":10,"periodSeconds":5,"successThreshold":1,"failureThreshold":3},"startupProbe":{"httpGet":{"path":"livez","port":6443,"scheme":"HTTPS"},"timeoutSeconds":10,"periodSeconds":5,"successThreshold":1,"failureThreshold":30},"terminationMessagePolicy":"FallbackToLogsOnError","imagePullPolicy":"IfNotPresent","securityContext":{"privileged":true,"readOnlyRootFilesystem":true}},{"name":"kube-apiserver-cert-syncer","image":"registry.build11.ci.openshift.org/ci-ln-vjb5l1t/stable@sha256:0554bda0a96d190367ed63955b942dd3552e1d90e8586dfd9f8879c964bf245d","command":["cluster-kube-apiserver-operator","cert-syncer"],"args":["--kubeconfig=/etc/kubernetes/static-pod-resources/configmaps/kube-apiserver-cert-syncer-kubeconfig/kubeconfig","--namespace=$(POD_NAMESPACE)","--destination-dir=/etc/kubernetes/static-pod-certs"],"env":[{"name":"POD_NAME","valueFrom":{"fieldRef":{"fieldPath":"metadata.name"}}},{"name":"POD_NAMESPACE","valueFrom":{"fieldRef":{"fieldPath":"metadata.namespace"}}}],"resources":{"requests":{"cpu":"5m","memory":"50Mi"}},"volumeMounts":[{"name":"resource-dir","mountPath":"/etc/kubernetes/static-pod-resources"},{"name":"cert-dir","mountPath":"/etc/kubernetes/static-pod-certs"},{"name":"tmp-dir","mountPath":"/tmp"}],"terminationMessagePolicy":"FallbackToLogsOnError","imagePullPolicy":"IfNotPresent","securityContext":{"readOnlyRootFilesystem":true}},{"name":"kube-apiserver-cert-regeneration-controller","image":"registry.build11.ci.openshift.org/ci-ln-vjb5l1t/stable@sha256:0554bda0a96d190367ed63955b942dd3552e1d90e8586dfd9f8879c964bf245d","command":["cluster-kube-apiserver-operator","cert-regeneration-controller"],"args":["--kubeconfig=/etc/kubernetes/static-pod-resources/configmaps/kube-apiserver-cert-syncer-kubeconfig/kubeconfig","--namespace=$(POD_NAMESPACE)","-v=2"],"env":[{"name":"POD_NAMESPACE","valueFrom":{"fieldRef":{"fieldPath":"metadata.namespace"}}},{"name":"OPERATOR_IMAGE_VERSION","value":"4.20.0-0-2026-01-28-090915-test-ci-ln-vjb5l1t-latest"}],"resources":{"requests":{"cpu":"5m","memory":"50Mi"}},"volumeMounts":[{"name":"resource-dir","mountPath":"/etc/kubernetes/static-pod-resources"},{"name":"tmp-dir","mountPath":"/tmp"}],"terminationMessagePolicy":"FallbackToLogsOnError","imagePullPolicy":"IfNotPresent","securityContext":{"readOnlyRootFilesystem":true}},{"name":"kube-apiserver-insecure-readyz","image":"registry.build11.ci.openshift.org/ci-ln-vjb5l1t/stable@sha256:0554bda0a96d190367ed63955b942dd3552e1d90e8586dfd9f8879c964bf245d","command":["cluster-kube-apiserver-operator","insecure-readyz"],"args":["--insecure-port=6080","--delegate-url=https://localhost:6443/readyz"],"ports":[{"containerPort":6080}],"resources":{"requests":{"cpu":"5m","memory":"50Mi"}},"terminationMessagePolicy":"FallbackToLogsOnError","imagePullPolicy":"IfNotPresent","securityContext":{"readOnlyRootFilesystem":true}},{"name":"kube-apiserver-check-endpoints","image":"registry.build11.ci.openshift.org/ci-ln-vjb5l1t/stable@sha256:0554bda0a96d190367ed63955b942dd3552e1d90e8586dfd9f8879c964bf245d","command":["cluster-kube-apiserver-operator","check-endpoints"],"args":["--kubeconfig","/etc/kubernetes/static-pod-certs/configmaps/check-endpoints-kubeconfig/kubeconfig","--listen","0.0.0.0:17697","--namespace","$(POD_NAMESPACE)","--v","2"],"ports":[{"name":"check-endpoints","hostPort":17697,"containerPort":17697,"protocol":"TCP"}],"env":[{"name":"POD_NAME","valueFrom":{"fieldRef":{"fieldPath":"metadata.name"}}},{"name":"POD_NAMESPACE","valueFrom":{"fieldRef":{"fieldPath":"metadata.namespace"}}}],"resources":{"requests":{"cpu":"10m","memory":"50Mi"}},"volumeMounts":[{"name":"resource-dir","mountPath":"/etc/kubernetes/static-pod-resources"},{"name":"cert-dir","mountPath":"/etc/kubernetes/static-pod-certs"},{"name":"tmp-dir","mountPath":"/tmp"}],"livenessProbe":{"httpGet":{"path":"healthz","port":17697,"scheme":"HTTPS"},"initialDelaySeconds":10,"timeoutSeconds":10},"readinessProbe":{"httpGet":{"path":"healthz","port":17697,"scheme":"HTTPS"},"initialDelaySeconds":10,"timeoutSeconds":10},"terminationMessagePolicy":"FallbackToLogsOnError","imagePullPolicy":"IfNotPresent","securityContext":{"readOnlyRootFilesystem":true}}],"terminationGracePeriodSeconds":194,"hostNetwork":true,"tolerations":[{"operator":"Exists"}],"priorityClassName":"system-node-critical","priority":2000001000},"status":{}}
2026-01-28T09:38:01.513378262Z I0128 09:38:01.513345       1 cmd.go:610] Writing pod manifest "/etc/kubernetes/static-pod-resources/kube-apiserver-pod-2/kube-apiserver-pod.yaml" ...
2026-01-28T09:38:01.513534350Z I0128 09:38:01.513503       1 cmd.go:621] Writing static pod manifest "/etc/kubernetes/manifests/kube-apiserver-pod.yaml" ...
2026-01-28T09:38:01.513534350Z {"kind":"Pod","apiVersion":"v1","metadata":{"name":"kube-apiserver","namespace":"openshift-kube-apiserver","creationTimestamp":null,"labels":{"apiserver":"true","app":"openshift-kube-apiserver","revision":"2"},"annotations":{"kubectl.kubernetes.io/default-container":"kube-apiserver","target.workload.openshift.io/management":"{\"effect\": \"PreferredDuringScheduling\"}"}},"spec":{"volumes":[{"name":"resource-dir","hostPath":{"path":"/etc/kubernetes/static-pod-resources/kube-apiserver-pod-2"}},{"name":"cert-dir","hostPath":{"path":"/etc/kubernetes/static-pod-resources/kube-apiserver-certs"}},{"name":"audit-dir","hostPath":{"path":"/var/log/kube-apiserver"}},{"name":"tmp-dir","emptyDir":{}},{"name":"ca-bundle-dir","emptyDir":{}}],"initContainers":[{"name":"setup","image":"registry.build11.ci.openshift.org/ci-ln-vjb5l1t/stable@sha256:fb1529a27e685fb1b5b13a5d1e935a27c9b9591e884ec8f6c22025208ec02596","command":["/usr/bin/timeout","279","/bin/bash","-ec"],"args":["echo \"Fixing audit permissions ...\"\nchmod 0700 /var/log/kube-apiserver \u0026\u0026 touch /var/log/kube-apiserver/audit.log \u0026\u0026 chmod 0600 /var/log/kube-apiserver/*\n\nLOCK=/var/log/kube-apiserver/.lock\necho \"Acquiring exclusive lock ${LOCK} ...\"\n\n# Waiting for 194s max for old kube-apiserver's watch-termination process to exit and remove the lock.\n# Two cases:\n# 1. if kubelet does not start the old and new in parallel (i.e. works as expected), the flock will always succeed without any time.\n# 2. if kubelet does overlap old and new pods for up to 130s, the flock will wait and immediate return when the old finishes.\n#\n# NOTE: We can increase 194s for a bigger expected overlap. But a higher value means less noise about the broken kubelet behaviour, i.e. we hide a bug.\n# NOTE: Do not tweak these timings without considering the livenessProbe initialDelaySeconds\nexec {LOCK_FD}\u003e${LOCK} \u0026\u0026 flock --verbose -w 194 \"${LOCK_FD}\" || {\n  echo \"$(date -Iseconds -u) kubelet did not terminate old kube-apiserver before new one\" \u003e\u003e /var/log/kube-apiserver/lock.log\n  echo -n \": WARNING: kubelet did not terminate old kube-apiserver before new one.\"\n\n  # We failed to acquire exclusive lock, which means there is old kube-apiserver running in system.\n  # Since we utilize SO_REUSEPORT, we need to make sure the old kube-apiserver stopped listening.\n  #\n  # NOTE: This is a fallback for broken kubelet, if you observe this please report a bug.\n  echo -n \"Waiting for port 6443 to be released due to likely bug in kubelet or CRI-O \"\n  while [ -n \"$(ss -Htan state listening '( sport = 6443 or sport = 6080 )')\" ]; do\n    echo -n \".\"\n    sleep 1\n    (( tries += 1 ))\n    if [[ \"${tries}\" -gt 10 ]]; then\n      echo \"Timed out waiting for port :6443 and :6080 to be released, this is likely a bug in kubelet or CRI-O\"\n      exit 1\n    fi\n  done\n  #  This is to make sure the server has terminated independently from the lock.\n  #  After the port has been freed (requests can be pending and need 60s max).\n  sleep 65\n}\n# We cannot hold the lock from the init container to the main container. We release it here. There is no risk, at this point we know we are safe.\nflock -u \"${LOCK_FD}\"\n"],"resources":{"requests":{"cpu":"5m","memory":"50Mi"}},"volumeMounts":[{"name":"audit-dir","mountPath":"/var/log/kube-apiserver"},{"name":"tmp-dir","mountPath":"/tmp"}],"terminationMessagePolicy":"FallbackToLogsOnError","imagePullPolicy":"IfNotPresent","securityContext":{"privileged":true,"readOnlyRootFilesystem":true}}],"containers":[{"name":"kube-apiserver","image":"registry.build11.ci.openshift.org/ci-ln-vjb5l1t/stable@sha256:fb1529a27e685fb1b5b13a5d1e935a27c9b9591e884ec8f6c22025208ec02596","command":["/bin/bash","-ec"],"args":["LOCK=/var/log/kube-apiserver/.lock\n# We should be able to acquire the lock immediatelly. If not, it means the init container has not released it yet and kubelet or CRI-O started container prematurely.\nexec {LOCK_FD}\u003e${LOCK} \u0026\u0026 flock --verbose -w 30 \"${LOCK_FD}\" || {\n  echo \"Failed to acquire lock for kube-apiserver. Please check setup container for details. This is likely kubelet or CRI-O bug.\"\n  exit 1\n}\nif [ -f /etc/kubernetes/static-pod-certs/configmaps/trusted-ca-bundle/ca-bundle.crt ]; then\n  echo \"Copying system trust bundle ...\"\n  cp -f /etc/kubernetes/static-pod-certs/configmaps/trusted-ca-bundle/ca-bundle.crt /etc/pki/ca-trust/extracted/pem/tls-ca-bundle.pem\nfi\n\nexec watch-termination --termination-touch-file=/var/log/kube-apiserver/.terminating --termination-log-file=/var/log/kube-apiserver/termination.log --graceful-termination-duration=194s --kubeconfig=/etc/kubernetes/static-pod-resources/configmaps/kube-apiserver-cert-syncer-kubeconfig/kubeconfig -- hyperkube kube-apiserver --openshift-config=/etc/kubernetes/static-pod-resources/configmaps/config/config.yaml --advertise-address=${HOST_IP}  -v=2 --permit-address-sharing\n"],"ports":[{"containerPort":6443}],"env":[{"name":"POD_NAME","valueFrom":{"fieldRef":{"fieldPath":"metadata.name"}}},{"name":"POD_NAMESPACE","valueFrom":{"fieldRef":{"fieldPath":"metadata.namespace"}}},{"name":"STATIC_POD_VERSION","value":"2"},{"name":"HOST_IP","valueFrom":{"fieldRef":{"fieldPath":"status.hostIP"}}},{"name":"GOGC","value":"100"}],"resources":{"requests":{"cpu":"265m","memory":"1Gi"}},"volumeMounts":[{"name":"resource-dir","mountPath":"/etc/kubernetes/static-pod-resources"},{"name":"cert-dir","mountPath":"/etc/kubernetes/static-pod-certs"},{"name":"audit-dir","mountPath":"/var/log/kube-apiserver"},{"name":"tmp-dir","mountPath":"/tmp"},{"name":"ca-bundle-dir","mountPath":"/etc/pki/ca-trust/extracted/pem"}],"livenessProbe":{"httpGet":{"path":"livez?exclude=etcd","port":6443,"scheme":"HTTPS"},"timeoutSeconds":10,"periodSeconds":10,"successThreshold":1,"failureThreshold":3},"readinessProbe":{"httpGet":{"path":"readyz","port":6443,"scheme":"HTTPS"},"timeoutSeconds":10,"periodSeconds":5,"successThreshold":1,"failureThreshold":3},"startupProbe":{"httpGet":{"path":"livez","port":6443,"scheme":"HTTPS"},"timeoutSeconds":10,"periodSeconds":5,"successThreshold":1,"failureThreshold":30},"terminationMessagePolicy":"FallbackToLogsOnError","imagePullPolicy":"IfNotPresent","securityContext":{"privileged":true,"readOnlyRootFilesystem":true}},{"name":"kube-apiserver-cert-syncer","image":"registry.build11.ci.openshift.org/ci-ln-vjb5l1t/stable@sha256:0554bda0a96d190367ed63955b942dd3552e1d90e8586dfd9f8879c964bf245d","command":["cluster-kube-apiserver-operator","cert-syncer"],"args":["--kubeconfig=/etc/kubernetes/static-pod-resources/configmaps/kube-apiserver-cert-syncer-kubeconfig/kubeconfig","--namespace=$(POD_NAMESPACE)","--destination-dir=/etc/kubernetes/static-pod-certs"],"env":[{"name":"POD_NAME","valueFrom":{"fieldRef":{"fieldPath":"metadata.name"}}},{"name":"POD_NAMESPACE","valueFrom":{"fieldRef":{"fieldPath":"metadata.namespace"}}}],"resources":{"requests":{"cpu":"5m","memory":"50Mi"}},"volumeMounts":[{"name":"resource-dir","mountPath":"/etc/kubernetes/static-pod-resources"},{"name":"cert-dir","mountPath":"/etc/kubernetes/static-pod-certs"},{"name":"tmp-dir","mountPath":"/tmp"}],"terminationMessagePolicy":"FallbackToLogsOnError","imagePullPolicy":"IfNotPresent","securityContext":{"readOnlyRootFilesystem":true}},{"name":"kube-apiserver-cert-regeneration-controller","image":"registry.build11.ci.openshift.org/ci-ln-vjb5l1t/stable@sha256:0554bda0a96d190367ed63955b942dd3552e1d90e8586dfd9f8879c964bf245d","command":["cluster-kube-apiserver-operator","cert-regeneration-controller"],"args":["--kubeconfig=/etc/kubernetes/static-pod-resources/configmaps/kube-apiserver-cert-syncer-kubeconfig/kubeconfig","--namespace=$(POD_NAMESPACE)","-v=2"],"env":[{"name":"POD_NAMESPACE","valueFrom":{"fieldRef":{"fieldPath":"metadata.namespace"}}},{"name":"OPERATOR_IMAGE_VERSION","value":"4.20.0-0-2026-01-28-090915-test-ci-ln-vjb5l1t-latest"}],"resources":{"requests":{"cpu":"5m","memory":"50Mi"}},"volumeMounts":[{"name":"resource-dir","mountPath":"/etc/kubernetes/static-pod-resources"},{"name":"tmp-dir","mountPath":"/tmp"}],"terminationMessagePolicy":"FallbackToLogsOnError","imagePullPolicy":"IfNotPresent","securityContext":{"readOnlyRootFilesystem":true}},{"name":"kube-apiserver-insecure-readyz","image":"registry.build11.ci.openshift.org/ci-ln-vjb5l1t/stable@sha256:0554bda0a96d190367ed63955b942dd3552e1d90e8586dfd9f8879c964bf245d","command":["cluster-kube-apiserver-operator","insecure-readyz"],"args":["--insecure-port=6080","--delegate-url=https://localhost:6443/readyz"],"ports":[{"containerPort":6080}],"resources":{"requests":{"cpu":"5m","memory":"50Mi"}},"terminationMessagePolicy":"FallbackToLogsOnError","imagePullPolicy":"IfNotPresent","securityContext":{"readOnlyRootFilesystem":true}},{"name":"kube-apiserver-check-endpoints","image":"registry.build11.ci.openshift.org/ci-ln-vjb5l1t/stable@sha256:0554bda0a96d190367ed63955b942dd3552e1d90e8586dfd9f8879c964bf245d","command":["cluster-kube-apiserver-operator","check-endpoints"],"args":["--kubeconfig","/etc/kubernetes/static-pod-certs/configmaps/check-endpoints-kubeconfig/kubeconfig","--listen","0.0.0.0:17697","--namespace","$(POD_NAMESPACE)","--v","2"],"ports":[{"name":"check-endpoints","hostPort":17697,"containerPort":17697,"protocol":"TCP"}],"env":[{"name":"POD_NAME","valueFrom":{"fieldRef":{"fieldPath":"metadata.name"}}},{"name":"POD_NAMESPACE","valueFrom":{"fieldRef":{"fieldPath":"metadata.namespace"}}}],"resources":{"requests":{"cpu":"10m","memory":"50Mi"}},"volumeMounts":[{"name":"resource-dir","mountPath":"/etc/kubernetes/static-pod-resources"},{"name":"cert-dir","mountPath":"/etc/kubernetes/static-pod-certs"},{"name":"tmp-dir","mountPath":"/tmp"}],"livenessProbe":{"httpGet":{"path":"healthz","port":17697,"scheme":"HTTPS"},"initialDelaySeconds":10,"timeoutSeconds":10},"readinessProbe":{"httpGet":{"path":"healthz","port":17697,"scheme":"HTTPS"},"initialDelaySeconds":10,"timeoutSeconds":10},"terminationMessagePolicy":"FallbackToLogsOnError","imagePullPolicy":"IfNotPresent","securityContext":{"readOnlyRootFilesystem":true}}],"terminationGracePeriodSeconds":194,"hostNetwork":true,"tolerations":[{"operator":"Exists"}],"priorityClassName":"system-node-critical","priority":2000001000},"status":{}}
