2026-01-28T09:51:33.985074246Z I0128 09:51:33.984919       1 cmd.go:95] &{<nil> true {false} installer true map[cert-configmaps:0xc0006f8b40 cert-dir:0xc0006f8d20 cert-secrets:0xc0006f8aa0 configmaps:0xc0006f8640 namespace:0xc0006f8460 optional-cert-configmaps:0xc0006f8c80 optional-cert-secrets:0xc0006f8be0 optional-configmaps:0xc0006f8780 optional-secrets:0xc0006f86e0 pod:0xc0006f8500 pod-manifest-dir:0xc0006f88c0 resource-dir:0xc0006f8820 revision:0xc0006f83c0 secrets:0xc0006f85a0 v:0xc0008261e0] [0xc0008261e0 0xc0006f83c0 0xc0006f8460 0xc0006f8500 0xc0006f8820 0xc0006f88c0 0xc0006f8640 0xc0006f8780 0xc0006f85a0 0xc0006f86e0 0xc0006f8d20 0xc0006f8b40 0xc0006f8c80 0xc0006f8aa0 0xc0006f8be0] [] map[cert-configmaps:0xc0006f8b40 cert-dir:0xc0006f8d20 cert-secrets:0xc0006f8aa0 configmaps:0xc0006f8640 help:0xc0008265a0 kubeconfig:0xc0006f8320 log-flush-frequency:0xc000826140 namespace:0xc0006f8460 optional-cert-configmaps:0xc0006f8c80 optional-cert-secrets:0xc0006f8be0 optional-configmaps:0xc0006f8780 optional-secrets:0xc0006f86e0 pod:0xc0006f8500 pod-manifest-dir:0xc0006f88c0 pod-manifests-lock-file:0xc0006f8a00 resource-dir:0xc0006f8820 revision:0xc0006f83c0 secrets:0xc0006f85a0 timeout-duration:0xc0006f8960 v:0xc0008261e0 vmodule:0xc000826280] [0xc0006f8320 0xc0006f83c0 0xc0006f8460 0xc0006f8500 0xc0006f85a0 0xc0006f8640 0xc0006f86e0 0xc0006f8780 0xc0006f8820 0xc0006f88c0 0xc0006f8960 0xc0006f8a00 0xc0006f8aa0 0xc0006f8b40 0xc0006f8be0 0xc0006f8c80 0xc0006f8d20 0xc000826140 0xc0008261e0 0xc000826280 0xc0008265a0] [0xc0006f8b40 0xc0006f8d20 0xc0006f8aa0 0xc0006f8640 0xc0008265a0 0xc0006f8320 0xc000826140 0xc0006f8460 0xc0006f8c80 0xc0006f8be0 0xc0006f8780 0xc0006f86e0 0xc0006f8500 0xc0006f88c0 0xc0006f8a00 0xc0006f8820 0xc0006f83c0 0xc0006f85a0 0xc0006f8960 0xc0008261e0 0xc000826280] map[104:0xc0008265a0 118:0xc0008261e0] [] -1 0 0xc00064b9b0 true 0xae52c0 []}
2026-01-28T09:51:33.985214739Z I0128 09:51:33.985108       1 cmd.go:96] (*installerpod.InstallOptions)(0xc000629380)({
2026-01-28T09:51:33.985214739Z  KubeConfig: (string) "",
2026-01-28T09:51:33.985214739Z  KubeClient: (kubernetes.Interface) <nil>,
2026-01-28T09:51:33.985214739Z  Revision: (string) (len=1) "6",
2026-01-28T09:51:33.985214739Z  NodeName: (string) "",
2026-01-28T09:51:33.985214739Z  Namespace: (string) (len=24) "openshift-kube-apiserver",
2026-01-28T09:51:33.985214739Z  Clock: (clock.RealClock) {
2026-01-28T09:51:33.985214739Z  },
2026-01-28T09:51:33.985214739Z  PodConfigMapNamePrefix: (string) (len=18) "kube-apiserver-pod",
2026-01-28T09:51:33.985214739Z  SecretNamePrefixes: ([]string) (len=3 cap=4) {
2026-01-28T09:51:33.985214739Z   (string) (len=11) "etcd-client",
2026-01-28T09:51:33.985214739Z   (string) (len=34) "localhost-recovery-serving-certkey",
2026-01-28T09:51:33.985214739Z   (string) (len=31) "localhost-recovery-client-token"
2026-01-28T09:51:33.985214739Z  },
2026-01-28T09:51:33.985214739Z  OptionalSecretNamePrefixes: ([]string) (len=2 cap=2) {
2026-01-28T09:51:33.985214739Z   (string) (len=17) "encryption-config",
2026-01-28T09:51:33.985214739Z   (string) (len=21) "webhook-authenticator"
2026-01-28T09:51:33.985214739Z  },
2026-01-28T09:51:33.985214739Z  ConfigMapNamePrefixes: ([]string) (len=8 cap=8) {
2026-01-28T09:51:33.985214739Z   (string) (len=18) "kube-apiserver-pod",
2026-01-28T09:51:33.985214739Z   (string) (len=6) "config",
2026-01-28T09:51:33.985214739Z   (string) (len=37) "kube-apiserver-cert-syncer-kubeconfig",
2026-01-28T09:51:33.985214739Z   (string) (len=28) "bound-sa-token-signing-certs",
2026-01-28T09:51:33.985214739Z   (string) (len=15) "etcd-serving-ca",
2026-01-28T09:51:33.985214739Z   (string) (len=18) "kubelet-serving-ca",
2026-01-28T09:51:33.985214739Z   (string) (len=22) "sa-token-signing-certs",
2026-01-28T09:51:33.985214739Z   (string) (len=29) "kube-apiserver-audit-policies"
2026-01-28T09:51:33.985214739Z  },
2026-01-28T09:51:33.985214739Z  OptionalConfigMapNamePrefixes: ([]string) (len=4 cap=4) {
2026-01-28T09:51:33.985214739Z   (string) (len=14) "oauth-metadata",
2026-01-28T09:51:33.985214739Z   (string) (len=12) "cloud-config",
2026-01-28T09:51:33.985214739Z   (string) (len=24) "kube-apiserver-server-ca",
2026-01-28T09:51:33.985214739Z   (string) (len=11) "auth-config"
2026-01-28T09:51:33.985214739Z  },
2026-01-28T09:51:33.985214739Z  CertSecretNames: ([]string) (len=10 cap=16) {
2026-01-28T09:51:33.985214739Z   (string) (len=17) "aggregator-client",
2026-01-28T09:51:33.985214739Z   (string) (len=30) "localhost-serving-cert-certkey",
2026-01-28T09:51:33.985214739Z   (string) (len=31) "service-network-serving-certkey",
2026-01-28T09:51:33.985214739Z   (string) (len=37) "external-loadbalancer-serving-certkey",
2026-01-28T09:51:33.985214739Z   (string) (len=37) "internal-loadbalancer-serving-certkey",
2026-01-28T09:51:33.985214739Z   (string) (len=33) "bound-service-account-signing-key",
2026-01-28T09:51:33.985214739Z   (string) (len=40) "control-plane-node-admin-client-cert-key",
2026-01-28T09:51:33.985214739Z   (string) (len=31) "check-endpoints-client-cert-key",
2026-01-28T09:51:33.985214739Z   (string) (len=14) "kubelet-client",
2026-01-28T09:51:33.985214739Z   (string) (len=16) "node-kubeconfigs"
2026-01-28T09:51:33.985214739Z  },
2026-01-28T09:51:33.985214739Z  OptionalCertSecretNamePrefixes: ([]string) (len=11 cap=16) {
2026-01-28T09:51:33.985214739Z   (string) (len=17) "user-serving-cert",
2026-01-28T09:51:33.985214739Z   (string) (len=21) "user-serving-cert-000",
2026-01-28T09:51:33.985214739Z   (string) (len=21) "user-serving-cert-001",
2026-01-28T09:51:33.985214739Z   (string) (len=21) "user-serving-cert-002",
2026-01-28T09:51:33.985214739Z   (string) (len=21) "user-serving-cert-003",
2026-01-28T09:51:33.985214739Z   (string) (len=21) "user-serving-cert-004",
2026-01-28T09:51:33.985214739Z   (string) (len=21) "user-serving-cert-005",
2026-01-28T09:51:33.985214739Z   (string) (len=21) "user-serving-cert-006",
2026-01-28T09:51:33.985214739Z   (string) (len=21) "user-serving-cert-007",
2026-01-28T09:51:33.985214739Z   (string) (len=21) "user-serving-cert-008",
2026-01-28T09:51:33.985214739Z   (string) (len=21) "user-serving-cert-009"
2026-01-28T09:51:33.985214739Z  },
2026-01-28T09:51:33.985214739Z  CertConfigMapNamePrefixes: ([]string) (len=4 cap=4) {
2026-01-28T09:51:33.985214739Z   (string) (len=20) "aggregator-client-ca",
2026-01-28T09:51:33.985214739Z   (string) (len=9) "client-ca",
2026-01-28T09:51:33.985214739Z   (string) (len=29) "control-plane-node-kubeconfig",
2026-01-28T09:51:33.985214739Z   (string) (len=26) "check-endpoints-kubeconfig"
2026-01-28T09:51:33.985214739Z  },
2026-01-28T09:51:33.985214739Z  OptionalCertConfigMapNamePrefixes: ([]string) (len=1 cap=1) {
2026-01-28T09:51:33.985214739Z   (string) (len=17) "trusted-ca-bundle"
2026-01-28T09:51:33.985214739Z  },
2026-01-28T09:51:33.985214739Z  CertDir: (string) (len=57) "/etc/kubernetes/static-pod-resources/kube-apiserver-certs",
2026-01-28T09:51:33.985214739Z  ResourceDir: (string) (len=36) "/etc/kubernetes/static-pod-resources",
2026-01-28T09:51:33.985214739Z  PodManifestDir: (string) (len=25) "/etc/kubernetes/manifests",
2026-01-28T09:51:33.985214739Z  Timeout: (time.Duration) 2m0s,
2026-01-28T09:51:33.985214739Z  StaticPodManifestsLockFile: (string) "",
2026-01-28T09:51:33.985214739Z  PodMutationFns: ([]installerpod.PodMutationFunc) <nil>,
2026-01-28T09:51:33.985214739Z  KubeletVersion: (string) ""
2026-01-28T09:51:33.985214739Z })
2026-01-28T09:51:33.985545486Z I0128 09:51:33.985515       1 envvar.go:172] "Feature gate default state" feature="InOrderInformers" enabled=true
2026-01-28T09:51:33.985545486Z I0128 09:51:33.985533       1 envvar.go:172] "Feature gate default state" feature="WatchListClient" enabled=false
2026-01-28T09:51:33.985545486Z I0128 09:51:33.985541       1 envvar.go:172] "Feature gate default state" feature="ClientsAllowCBOR" enabled=false
2026-01-28T09:51:33.985561877Z I0128 09:51:33.985547       1 envvar.go:172] "Feature gate default state" feature="ClientsPreferCBOR" enabled=false
2026-01-28T09:51:33.985561877Z I0128 09:51:33.985554       1 envvar.go:172] "Feature gate default state" feature="InformerResourceVersion" enabled=false
2026-01-28T09:51:33.986082578Z I0128 09:51:33.986051       1 cmd.go:413] Getting controller reference for node ip-10-0-3-203.us-west-1.compute.internal
2026-01-28T09:51:33.994665122Z I0128 09:51:33.994639       1 cmd.go:426] Waiting for installer revisions to settle for node ip-10-0-3-203.us-west-1.compute.internal
2026-01-28T09:51:33.999673540Z I0128 09:51:33.999646       1 cmd.go:518] Waiting additional period after revisions have settled for node ip-10-0-3-203.us-west-1.compute.internal
2026-01-28T09:52:04.000450795Z I0128 09:52:04.000388       1 cmd.go:524] Getting installer pods for node ip-10-0-3-203.us-west-1.compute.internal
2026-01-28T09:52:04.006482105Z I0128 09:52:04.006454       1 cmd.go:542] Latest installer revision for node ip-10-0-3-203.us-west-1.compute.internal is: 6
2026-01-28T09:52:04.006535986Z I0128 09:52:04.006524       1 cmd.go:431] Querying kubelet version for node ip-10-0-3-203.us-west-1.compute.internal
2026-01-28T09:52:04.009676663Z I0128 09:52:04.009652       1 cmd.go:444] Got kubelet version 1.33.6 on target node ip-10-0-3-203.us-west-1.compute.internal
2026-01-28T09:52:04.009676663Z I0128 09:52:04.009671       1 cmd.go:293] Creating target resource directory "/etc/kubernetes/static-pod-resources/kube-apiserver-pod-6" ...
2026-01-28T09:52:04.009796196Z I0128 09:52:04.009778       1 cmd.go:221] Creating target resource directory "/etc/kubernetes/static-pod-resources/kube-apiserver-pod-6" ...
2026-01-28T09:52:04.009796196Z I0128 09:52:04.009794       1 cmd.go:229] Getting secrets ...
2026-01-28T09:52:04.012449093Z I0128 09:52:04.012423       1 copy.go:32] Got secret openshift-kube-apiserver/etcd-client-6
2026-01-28T09:52:04.015223862Z I0128 09:52:04.015195       1 copy.go:32] Got secret openshift-kube-apiserver/localhost-recovery-client-token-6
2026-01-28T09:52:04.017527981Z I0128 09:52:04.017507       1 copy.go:32] Got secret openshift-kube-apiserver/localhost-recovery-serving-certkey-6
2026-01-28T09:52:04.020327641Z I0128 09:52:04.020302       1 copy.go:24] Failed to get secret openshift-kube-apiserver/encryption-config-6: secrets "encryption-config-6" not found
2026-01-28T09:52:04.022747143Z I0128 09:52:04.022718       1 copy.go:32] Got secret openshift-kube-apiserver/webhook-authenticator-6
2026-01-28T09:52:04.022789864Z I0128 09:52:04.022746       1 cmd.go:242] Getting config maps ...
2026-01-28T09:52:04.025789089Z I0128 09:52:04.025754       1 copy.go:60] Got configMap openshift-kube-apiserver/bound-sa-token-signing-certs-6
2026-01-28T09:52:04.028303532Z I0128 09:52:04.028272       1 copy.go:60] Got configMap openshift-kube-apiserver/config-6
2026-01-28T09:52:04.030399807Z I0128 09:52:04.030375       1 copy.go:60] Got configMap openshift-kube-apiserver/etcd-serving-ca-6
2026-01-28T09:52:04.205330086Z I0128 09:52:04.205279       1 copy.go:60] Got configMap openshift-kube-apiserver/kube-apiserver-audit-policies-6
2026-01-28T09:52:04.403323360Z I0128 09:52:04.403281       1 copy.go:60] Got configMap openshift-kube-apiserver/kube-apiserver-cert-syncer-kubeconfig-6
2026-01-28T09:52:04.603368817Z I0128 09:52:04.603325       1 copy.go:60] Got configMap openshift-kube-apiserver/kube-apiserver-pod-6
2026-01-28T09:52:04.804349194Z I0128 09:52:04.804289       1 copy.go:60] Got configMap openshift-kube-apiserver/kubelet-serving-ca-6
2026-01-28T09:52:05.008437908Z I0128 09:52:05.008391       1 copy.go:60] Got configMap openshift-kube-apiserver/sa-token-signing-certs-6
2026-01-28T09:52:05.203068119Z I0128 09:52:05.203029       1 copy.go:52] Failed to get config map openshift-kube-apiserver/auth-config-6: configmaps "auth-config-6" not found
2026-01-28T09:52:05.403754230Z I0128 09:52:05.403711       1 copy.go:52] Failed to get config map openshift-kube-apiserver/cloud-config-6: configmaps "cloud-config-6" not found
2026-01-28T09:52:05.604262147Z I0128 09:52:05.604219       1 copy.go:60] Got configMap openshift-kube-apiserver/kube-apiserver-server-ca-6
2026-01-28T09:52:05.803424576Z I0128 09:52:05.803381       1 copy.go:60] Got configMap openshift-kube-apiserver/oauth-metadata-6
2026-01-28T09:52:05.803424576Z I0128 09:52:05.803409       1 cmd.go:261] Creating directory "/etc/kubernetes/static-pod-resources/kube-apiserver-pod-6/secrets/etcd-client" ...
2026-01-28T09:52:05.803583789Z I0128 09:52:05.803565       1 cmd.go:639] Writing secret manifest "/etc/kubernetes/static-pod-resources/kube-apiserver-pod-6/secrets/etcd-client/tls.crt" ...
2026-01-28T09:52:05.803719452Z I0128 09:52:05.803699       1 cmd.go:639] Writing secret manifest "/etc/kubernetes/static-pod-resources/kube-apiserver-pod-6/secrets/etcd-client/tls.key" ...
2026-01-28T09:52:05.803820624Z I0128 09:52:05.803803       1 cmd.go:261] Creating directory "/etc/kubernetes/static-pod-resources/kube-apiserver-pod-6/secrets/localhost-recovery-client-token" ...
2026-01-28T09:52:05.803903516Z I0128 09:52:05.803868       1 cmd.go:639] Writing secret manifest "/etc/kubernetes/static-pod-resources/kube-apiserver-pod-6/secrets/localhost-recovery-client-token/ca.crt" ...
2026-01-28T09:52:05.804044259Z I0128 09:52:05.804025       1 cmd.go:639] Writing secret manifest "/etc/kubernetes/static-pod-resources/kube-apiserver-pod-6/secrets/localhost-recovery-client-token/namespace" ...
2026-01-28T09:52:05.804151021Z I0128 09:52:05.804124       1 cmd.go:639] Writing secret manifest "/etc/kubernetes/static-pod-resources/kube-apiserver-pod-6/secrets/localhost-recovery-client-token/service-ca.crt" ...
2026-01-28T09:52:05.804255844Z I0128 09:52:05.804235       1 cmd.go:639] Writing secret manifest "/etc/kubernetes/static-pod-resources/kube-apiserver-pod-6/secrets/localhost-recovery-client-token/token" ...
2026-01-28T09:52:05.804351335Z I0128 09:52:05.804334       1 cmd.go:261] Creating directory "/etc/kubernetes/static-pod-resources/kube-apiserver-pod-6/secrets/localhost-recovery-serving-certkey" ...
2026-01-28T09:52:05.804416627Z I0128 09:52:05.804391       1 cmd.go:639] Writing secret manifest "/etc/kubernetes/static-pod-resources/kube-apiserver-pod-6/secrets/localhost-recovery-serving-certkey/tls.crt" ...
2026-01-28T09:52:05.804513649Z I0128 09:52:05.804495       1 cmd.go:639] Writing secret manifest "/etc/kubernetes/static-pod-resources/kube-apiserver-pod-6/secrets/localhost-recovery-serving-certkey/tls.key" ...
2026-01-28T09:52:05.804613651Z I0128 09:52:05.804598       1 cmd.go:261] Creating directory "/etc/kubernetes/static-pod-resources/kube-apiserver-pod-6/secrets/webhook-authenticator" ...
2026-01-28T09:52:05.804693653Z I0128 09:52:05.804649       1 cmd.go:639] Writing secret manifest "/etc/kubernetes/static-pod-resources/kube-apiserver-pod-6/secrets/webhook-authenticator/kubeConfig" ...
2026-01-28T09:52:05.804781275Z I0128 09:52:05.804759       1 cmd.go:277] Creating directory "/etc/kubernetes/static-pod-resources/kube-apiserver-pod-6/configmaps/bound-sa-token-signing-certs" ...
2026-01-28T09:52:05.804904167Z I0128 09:52:05.804864       1 cmd.go:629] Writing config file "/etc/kubernetes/static-pod-resources/kube-apiserver-pod-6/configmaps/bound-sa-token-signing-certs/service-account-001.pub" ...
2026-01-28T09:52:05.805014040Z I0128 09:52:05.804991       1 cmd.go:277] Creating directory "/etc/kubernetes/static-pod-resources/kube-apiserver-pod-6/configmaps/config" ...
2026-01-28T09:52:05.805077551Z I0128 09:52:05.805062       1 cmd.go:629] Writing config file "/etc/kubernetes/static-pod-resources/kube-apiserver-pod-6/configmaps/config/config.yaml" ...
2026-01-28T09:52:05.805202804Z I0128 09:52:05.805165       1 cmd.go:277] Creating directory "/etc/kubernetes/static-pod-resources/kube-apiserver-pod-6/configmaps/etcd-serving-ca" ...
2026-01-28T09:52:05.805247725Z I0128 09:52:05.805227       1 cmd.go:629] Writing config file "/etc/kubernetes/static-pod-resources/kube-apiserver-pod-6/configmaps/etcd-serving-ca/ca-bundle.crt" ...
2026-01-28T09:52:05.805395968Z I0128 09:52:05.805379       1 cmd.go:277] Creating directory "/etc/kubernetes/static-pod-resources/kube-apiserver-pod-6/configmaps/kube-apiserver-audit-policies" ...
2026-01-28T09:52:05.805462289Z I0128 09:52:05.805439       1 cmd.go:629] Writing config file "/etc/kubernetes/static-pod-resources/kube-apiserver-pod-6/configmaps/kube-apiserver-audit-policies/policy.yaml" ...
2026-01-28T09:52:05.805562901Z I0128 09:52:05.805545       1 cmd.go:277] Creating directory "/etc/kubernetes/static-pod-resources/kube-apiserver-pod-6/configmaps/kube-apiserver-cert-syncer-kubeconfig" ...
2026-01-28T09:52:05.805624213Z I0128 09:52:05.805604       1 cmd.go:629] Writing config file "/etc/kubernetes/static-pod-resources/kube-apiserver-pod-6/configmaps/kube-apiserver-cert-syncer-kubeconfig/kubeconfig" ...
2026-01-28T09:52:05.805721225Z I0128 09:52:05.805705       1 cmd.go:277] Creating directory "/etc/kubernetes/static-pod-resources/kube-apiserver-pod-6/configmaps/kube-apiserver-pod" ...
2026-01-28T09:52:05.805781956Z I0128 09:52:05.805764       1 cmd.go:629] Writing config file "/etc/kubernetes/static-pod-resources/kube-apiserver-pod-6/configmaps/kube-apiserver-pod/forceRedeploymentReason" ...
2026-01-28T09:52:05.805899569Z I0128 09:52:05.805864       1 cmd.go:629] Writing config file "/etc/kubernetes/static-pod-resources/kube-apiserver-pod-6/configmaps/kube-apiserver-pod/pod.yaml" ...
2026-01-28T09:52:05.806002491Z I0128 09:52:05.805982       1 cmd.go:629] Writing config file "/etc/kubernetes/static-pod-resources/kube-apiserver-pod-6/configmaps/kube-apiserver-pod/version" ...
2026-01-28T09:52:05.806093553Z I0128 09:52:05.806075       1 cmd.go:277] Creating directory "/etc/kubernetes/static-pod-resources/kube-apiserver-pod-6/configmaps/kubelet-serving-ca" ...
2026-01-28T09:52:05.806183065Z I0128 09:52:05.806166       1 cmd.go:629] Writing config file "/etc/kubernetes/static-pod-resources/kube-apiserver-pod-6/configmaps/kubelet-serving-ca/ca-bundle.crt" ...
2026-01-28T09:52:05.806279107Z I0128 09:52:05.806263       1 cmd.go:277] Creating directory "/etc/kubernetes/static-pod-resources/kube-apiserver-pod-6/configmaps/sa-token-signing-certs" ...
2026-01-28T09:52:05.806344108Z I0128 09:52:05.806323       1 cmd.go:629] Writing config file "/etc/kubernetes/static-pod-resources/kube-apiserver-pod-6/configmaps/sa-token-signing-certs/service-account-002.pub" ...
2026-01-28T09:52:05.806438670Z I0128 09:52:05.806423       1 cmd.go:629] Writing config file "/etc/kubernetes/static-pod-resources/kube-apiserver-pod-6/configmaps/sa-token-signing-certs/service-account-001.pub" ...
2026-01-28T09:52:05.806532152Z I0128 09:52:05.806515       1 cmd.go:277] Creating directory "/etc/kubernetes/static-pod-resources/kube-apiserver-pod-6/configmaps/kube-apiserver-server-ca" ...
2026-01-28T09:52:05.806592763Z I0128 09:52:05.806573       1 cmd.go:629] Writing config file "/etc/kubernetes/static-pod-resources/kube-apiserver-pod-6/configmaps/kube-apiserver-server-ca/ca-bundle.crt" ...
2026-01-28T09:52:05.806762987Z I0128 09:52:05.806723       1 cmd.go:277] Creating directory "/etc/kubernetes/static-pod-resources/kube-apiserver-pod-6/configmaps/oauth-metadata" ...
2026-01-28T09:52:05.806812968Z I0128 09:52:05.806791       1 cmd.go:629] Writing config file "/etc/kubernetes/static-pod-resources/kube-apiserver-pod-6/configmaps/oauth-metadata/oauthMetadata" ...
2026-01-28T09:52:05.806947101Z I0128 09:52:05.806926       1 cmd.go:221] Creating target resource directory "/etc/kubernetes/static-pod-resources/kube-apiserver-certs" ...
2026-01-28T09:52:05.807013503Z I0128 09:52:05.806977       1 cmd.go:229] Getting secrets ...
2026-01-28T09:52:06.004560996Z I0128 09:52:06.004477       1 copy.go:32] Got secret openshift-kube-apiserver/aggregator-client
2026-01-28T09:52:06.203740195Z I0128 09:52:06.203682       1 copy.go:32] Got secret openshift-kube-apiserver/bound-service-account-signing-key
2026-01-28T09:52:06.405406597Z I0128 09:52:06.405361       1 copy.go:32] Got secret openshift-kube-apiserver/check-endpoints-client-cert-key
2026-01-28T09:52:06.603337519Z I0128 09:52:06.603290       1 copy.go:32] Got secret openshift-kube-apiserver/control-plane-node-admin-client-cert-key
2026-01-28T09:52:06.803748194Z I0128 09:52:06.803705       1 copy.go:32] Got secret openshift-kube-apiserver/external-loadbalancer-serving-certkey
2026-01-28T09:52:07.004299122Z I0128 09:52:07.004246       1 copy.go:32] Got secret openshift-kube-apiserver/internal-loadbalancer-serving-certkey
2026-01-28T09:52:07.203581453Z I0128 09:52:07.203535       1 copy.go:32] Got secret openshift-kube-apiserver/kubelet-client
2026-01-28T09:52:07.403724992Z I0128 09:52:07.403683       1 copy.go:32] Got secret openshift-kube-apiserver/localhost-serving-cert-certkey
2026-01-28T09:52:07.604605397Z I0128 09:52:07.604566       1 copy.go:32] Got secret openshift-kube-apiserver/node-kubeconfigs
2026-01-28T09:52:07.804069532Z I0128 09:52:07.804002       1 copy.go:32] Got secret openshift-kube-apiserver/service-network-serving-certkey
2026-01-28T09:52:08.004515218Z I0128 09:52:08.004474       1 copy.go:24] Failed to get secret openshift-kube-apiserver/user-serving-cert: secrets "user-serving-cert" not found
2026-01-28T09:52:08.203729277Z I0128 09:52:08.203666       1 copy.go:24] Failed to get secret openshift-kube-apiserver/user-serving-cert-000: secrets "user-serving-cert-000" not found
2026-01-28T09:52:08.403958148Z I0128 09:52:08.403914       1 copy.go:24] Failed to get secret openshift-kube-apiserver/user-serving-cert-001: secrets "user-serving-cert-001" not found
2026-01-28T09:52:08.603779291Z I0128 09:52:08.603729       1 copy.go:24] Failed to get secret openshift-kube-apiserver/user-serving-cert-002: secrets "user-serving-cert-002" not found
2026-01-28T09:52:08.803779297Z I0128 09:52:08.803739       1 copy.go:24] Failed to get secret openshift-kube-apiserver/user-serving-cert-003: secrets "user-serving-cert-003" not found
2026-01-28T09:52:09.003486617Z I0128 09:52:09.003441       1 copy.go:24] Failed to get secret openshift-kube-apiserver/user-serving-cert-004: secrets "user-serving-cert-004" not found
2026-01-28T09:52:09.203639687Z I0128 09:52:09.203584       1 copy.go:24] Failed to get secret openshift-kube-apiserver/user-serving-cert-005: secrets "user-serving-cert-005" not found
2026-01-28T09:52:09.403925279Z I0128 09:52:09.403861       1 copy.go:24] Failed to get secret openshift-kube-apiserver/user-serving-cert-006: secrets "user-serving-cert-006" not found
2026-01-28T09:52:09.603819563Z I0128 09:52:09.603775       1 copy.go:24] Failed to get secret openshift-kube-apiserver/user-serving-cert-007: secrets "user-serving-cert-007" not found
2026-01-28T09:52:09.806149640Z I0128 09:52:09.806110       1 copy.go:24] Failed to get secret openshift-kube-apiserver/user-serving-cert-008: secrets "user-serving-cert-008" not found
2026-01-28T09:52:10.004503511Z I0128 09:52:10.004446       1 copy.go:24] Failed to get secret openshift-kube-apiserver/user-serving-cert-009: secrets "user-serving-cert-009" not found
2026-01-28T09:52:10.004503511Z I0128 09:52:10.004473       1 cmd.go:242] Getting config maps ...
2026-01-28T09:52:10.203300631Z I0128 09:52:10.203258       1 copy.go:60] Got configMap openshift-kube-apiserver/aggregator-client-ca
2026-01-28T09:52:10.404377081Z I0128 09:52:10.404320       1 copy.go:60] Got configMap openshift-kube-apiserver/check-endpoints-kubeconfig
2026-01-28T09:52:10.603404876Z I0128 09:52:10.603360       1 copy.go:60] Got configMap openshift-kube-apiserver/client-ca
2026-01-28T09:52:10.803372192Z I0128 09:52:10.803331       1 copy.go:60] Got configMap openshift-kube-apiserver/control-plane-node-kubeconfig
2026-01-28T09:52:11.010312587Z I0128 09:52:11.010269       1 copy.go:60] Got configMap openshift-kube-apiserver/trusted-ca-bundle
2026-01-28T09:52:11.080942701Z I0128 09:52:11.010758       1 cmd.go:261] Creating directory "/etc/kubernetes/static-pod-resources/kube-apiserver-certs/secrets/aggregator-client" ...
2026-01-28T09:52:11.080942701Z I0128 09:52:11.010791       1 cmd.go:639] Writing secret manifest "/etc/kubernetes/static-pod-resources/kube-apiserver-certs/secrets/aggregator-client/tls.crt" ...
2026-01-28T09:52:11.080942701Z I0128 09:52:11.011132       1 cmd.go:639] Writing secret manifest "/etc/kubernetes/static-pod-resources/kube-apiserver-certs/secrets/aggregator-client/tls.key" ...
2026-01-28T09:52:11.080942701Z I0128 09:52:11.011528       1 cmd.go:261] Creating directory "/etc/kubernetes/static-pod-resources/kube-apiserver-certs/secrets/bound-service-account-signing-key" ...
2026-01-28T09:52:11.080942701Z I0128 09:52:11.011555       1 cmd.go:639] Writing secret manifest "/etc/kubernetes/static-pod-resources/kube-apiserver-certs/secrets/bound-service-account-signing-key/service-account.pub" ...
2026-01-28T09:52:11.080942701Z I0128 09:52:11.011677       1 cmd.go:639] Writing secret manifest "/etc/kubernetes/static-pod-resources/kube-apiserver-certs/secrets/bound-service-account-signing-key/service-account.key" ...
2026-01-28T09:52:11.080942701Z I0128 09:52:11.011765       1 cmd.go:261] Creating directory "/etc/kubernetes/static-pod-resources/kube-apiserver-certs/secrets/check-endpoints-client-cert-key" ...
2026-01-28T09:52:11.080942701Z I0128 09:52:11.011777       1 cmd.go:639] Writing secret manifest "/etc/kubernetes/static-pod-resources/kube-apiserver-certs/secrets/check-endpoints-client-cert-key/tls.crt" ...
2026-01-28T09:52:11.080942701Z I0128 09:52:11.011862       1 cmd.go:639] Writing secret manifest "/etc/kubernetes/static-pod-resources/kube-apiserver-certs/secrets/check-endpoints-client-cert-key/tls.key" ...
2026-01-28T09:52:11.080942701Z I0128 09:52:11.011972       1 cmd.go:261] Creating directory "/etc/kubernetes/static-pod-resources/kube-apiserver-certs/secrets/control-plane-node-admin-client-cert-key" ...
2026-01-28T09:52:11.080942701Z I0128 09:52:11.011983       1 cmd.go:639] Writing secret manifest "/etc/kubernetes/static-pod-resources/kube-apiserver-certs/secrets/control-plane-node-admin-client-cert-key/tls.crt" ...
2026-01-28T09:52:11.080942701Z I0128 09:52:11.012068       1 cmd.go:639] Writing secret manifest "/etc/kubernetes/static-pod-resources/kube-apiserver-certs/secrets/control-plane-node-admin-client-cert-key/tls.key" ...
2026-01-28T09:52:11.080942701Z I0128 09:52:11.012148       1 cmd.go:261] Creating directory "/etc/kubernetes/static-pod-resources/kube-apiserver-certs/secrets/external-loadbalancer-serving-certkey" ...
2026-01-28T09:52:11.080942701Z I0128 09:52:11.012158       1 cmd.go:639] Writing secret manifest "/etc/kubernetes/static-pod-resources/kube-apiserver-certs/secrets/external-loadbalancer-serving-certkey/tls.crt" ...
2026-01-28T09:52:11.080942701Z I0128 09:52:11.012259       1 cmd.go:639] Writing secret manifest "/etc/kubernetes/static-pod-resources/kube-apiserver-certs/secrets/external-loadbalancer-serving-certkey/tls.key" ...
2026-01-28T09:52:11.080942701Z I0128 09:52:11.012472       1 cmd.go:261] Creating directory "/etc/kubernetes/static-pod-resources/kube-apiserver-certs/secrets/internal-loadbalancer-serving-certkey" ...
2026-01-28T09:52:11.080942701Z I0128 09:52:11.012492       1 cmd.go:639] Writing secret manifest "/etc/kubernetes/static-pod-resources/kube-apiserver-certs/secrets/internal-loadbalancer-serving-certkey/tls.key" ...
2026-01-28T09:52:11.080942701Z I0128 09:52:11.012647       1 cmd.go:639] Writing secret manifest "/etc/kubernetes/static-pod-resources/kube-apiserver-certs/secrets/internal-loadbalancer-serving-certkey/tls.crt" ...
2026-01-28T09:52:11.080942701Z I0128 09:52:11.012798       1 cmd.go:261] Creating directory "/etc/kubernetes/static-pod-resources/kube-apiserver-certs/secrets/kubelet-client" ...
2026-01-28T09:52:11.080942701Z I0128 09:52:11.012819       1 cmd.go:639] Writing secret manifest "/etc/kubernetes/static-pod-resources/kube-apiserver-certs/secrets/kubelet-client/tls.crt" ...
2026-01-28T09:52:11.080942701Z I0128 09:52:11.012984       1 cmd.go:639] Writing secret manifest "/etc/kubernetes/static-pod-resources/kube-apiserver-certs/secrets/kubelet-client/tls.key" ...
2026-01-28T09:52:11.080942701Z I0128 09:52:11.013071       1 cmd.go:261] Creating directory "/etc/kubernetes/static-pod-resources/kube-apiserver-certs/secrets/localhost-serving-cert-certkey" ...
2026-01-28T09:52:11.080942701Z I0128 09:52:11.013081       1 cmd.go:639] Writing secret manifest "/etc/kubernetes/static-pod-resources/kube-apiserver-certs/secrets/localhost-serving-cert-certkey/tls.crt" ...
2026-01-28T09:52:11.080942701Z I0128 09:52:11.013177       1 cmd.go:639] Writing secret manifest "/etc/kubernetes/static-pod-resources/kube-apiserver-certs/secrets/localhost-serving-cert-certkey/tls.key" ...
2026-01-28T09:52:11.080942701Z I0128 09:52:11.013326       1 cmd.go:261] Creating directory "/etc/kubernetes/static-pod-resources/kube-apiserver-certs/secrets/node-kubeconfigs" ...
2026-01-28T09:52:11.080942701Z I0128 09:52:11.013342       1 cmd.go:639] Writing secret manifest "/etc/kubernetes/static-pod-resources/kube-apiserver-certs/secrets/node-kubeconfigs/localhost-recovery.kubeconfig" ...
2026-01-28T09:52:11.080942701Z I0128 09:52:11.013509       1 cmd.go:639] Writing secret manifest "/etc/kubernetes/static-pod-resources/kube-apiserver-certs/secrets/node-kubeconfigs/localhost.kubeconfig" ...
2026-01-28T09:52:11.080942701Z I0128 09:52:11.013614       1 cmd.go:639] Writing secret manifest "/etc/kubernetes/static-pod-resources/kube-apiserver-certs/secrets/node-kubeconfigs/lb-ext.kubeconfig" ...
2026-01-28T09:52:11.080942701Z I0128 09:52:11.013702       1 cmd.go:639] Writing secret manifest "/etc/kubernetes/static-pod-resources/kube-apiserver-certs/secrets/node-kubeconfigs/lb-int.kubeconfig" ...
2026-01-28T09:52:11.080942701Z I0128 09:52:11.013788       1 cmd.go:261] Creating directory "/etc/kubernetes/static-pod-resources/kube-apiserver-certs/secrets/service-network-serving-certkey" ...
2026-01-28T09:52:11.080942701Z I0128 09:52:11.013798       1 cmd.go:639] Writing secret manifest "/etc/kubernetes/static-pod-resources/kube-apiserver-certs/secrets/service-network-serving-certkey/tls.crt" ...
2026-01-28T09:52:11.080942701Z I0128 09:52:11.013926       1 cmd.go:639] Writing secret manifest "/etc/kubernetes/static-pod-resources/kube-apiserver-certs/secrets/service-network-serving-certkey/tls.key" ...
2026-01-28T09:52:11.080942701Z I0128 09:52:11.014087       1 cmd.go:277] Creating directory "/etc/kubernetes/static-pod-resources/kube-apiserver-certs/configmaps/aggregator-client-ca" ...
2026-01-28T09:52:11.080942701Z I0128 09:52:11.014107       1 cmd.go:629] Writing config file "/etc/kubernetes/static-pod-resources/kube-apiserver-certs/configmaps/aggregator-client-ca/ca-bundle.crt" ...
2026-01-28T09:52:11.080942701Z I0128 09:52:11.014242       1 cmd.go:277] Creating directory "/etc/kubernetes/static-pod-resources/kube-apiserver-certs/configmaps/check-endpoints-kubeconfig" ...
2026-01-28T09:52:11.080942701Z I0128 09:52:11.014258       1 cmd.go:629] Writing config file "/etc/kubernetes/static-pod-resources/kube-apiserver-certs/configmaps/check-endpoints-kubeconfig/kubeconfig" ...
2026-01-28T09:52:11.080942701Z I0128 09:52:11.014352       1 cmd.go:277] Creating directory "/etc/kubernetes/static-pod-resources/kube-apiserver-certs/configmaps/client-ca" ...
2026-01-28T09:52:11.080942701Z I0128 09:52:11.014363       1 cmd.go:629] Writing config file "/etc/kubernetes/static-pod-resources/kube-apiserver-certs/configmaps/client-ca/ca-bundle.crt" ...
2026-01-28T09:52:11.080942701Z I0128 09:52:11.014726       1 cmd.go:277] Creating directory "/etc/kubernetes/static-pod-resources/kube-apiserver-certs/configmaps/control-plane-node-kubeconfig" ...
2026-01-28T09:52:11.080942701Z I0128 09:52:11.014805       1 cmd.go:629] Writing config file "/etc/kubernetes/static-pod-resources/kube-apiserver-certs/configmaps/control-plane-node-kubeconfig/kubeconfig" ...
2026-01-28T09:52:11.080942701Z I0128 09:52:11.014997       1 cmd.go:277] Creating directory "/etc/kubernetes/static-pod-resources/kube-apiserver-certs/configmaps/trusted-ca-bundle" ...
2026-01-28T09:52:11.080942701Z I0128 09:52:11.015029       1 cmd.go:629] Writing config file "/etc/kubernetes/static-pod-resources/kube-apiserver-certs/configmaps/trusted-ca-bundle/ca-bundle.crt" ...
2026-01-28T09:52:11.080942701Z I0128 09:52:11.015316       1 cmd.go:335] Getting pod configmaps/kube-apiserver-pod-6 -n openshift-kube-apiserver
2026-01-28T09:52:11.205968285Z I0128 09:52:11.205921       1 cmd.go:351] Creating directory for static pod manifest "/etc/kubernetes/manifests" ...
2026-01-28T09:52:11.206016757Z I0128 09:52:11.205958       1 cmd.go:379] Writing a pod under "kube-apiserver-pod.yaml" key 
2026-01-28T09:52:11.206016757Z {"kind":"Pod","apiVersion":"v1","metadata":{"name":"kube-apiserver","namespace":"openshift-kube-apiserver","creationTimestamp":null,"labels":{"apiserver":"true","app":"openshift-kube-apiserver","revision":"6"},"annotations":{"kubectl.kubernetes.io/default-container":"kube-apiserver","target.workload.openshift.io/management":"{\"effect\": \"PreferredDuringScheduling\"}"}},"spec":{"volumes":[{"name":"resource-dir","hostPath":{"path":"/etc/kubernetes/static-pod-resources/kube-apiserver-pod-6"}},{"name":"cert-dir","hostPath":{"path":"/etc/kubernetes/static-pod-resources/kube-apiserver-certs"}},{"name":"audit-dir","hostPath":{"path":"/var/log/kube-apiserver"}},{"name":"tmp-dir","emptyDir":{}},{"name":"ca-bundle-dir","emptyDir":{}}],"initContainers":[{"name":"setup","image":"registry.build11.ci.openshift.org/ci-ln-vjb5l1t/stable@sha256:fb1529a27e685fb1b5b13a5d1e935a27c9b9591e884ec8f6c22025208ec02596","command":["/usr/bin/timeout","279","/bin/bash","-ec"],"args":["echo \"Fixing audit permissions ...\"\nchmod 0700 /var/log/kube-apiserver \u0026\u0026 touch /var/log/kube-apiserver/audit.log \u0026\u0026 chmod 0600 /var/log/kube-apiserver/*\n\nLOCK=/var/log/kube-apiserver/.lock\necho \"Acquiring exclusive lock ${LOCK} ...\"\n\n# Waiting for 194s max for old kube-apiserver's watch-termination process to exit and remove the lock.\n# Two cases:\n# 1. if kubelet does not start the old and new in parallel (i.e. works as expected), the flock will always succeed without any time.\n# 2. if kubelet does overlap old and new pods for up to 130s, the flock will wait and immediate return when the old finishes.\n#\n# NOTE: We can increase 194s for a bigger expected overlap. But a higher value means less noise about the broken kubelet behaviour, i.e. we hide a bug.\n# NOTE: Do not tweak these timings without considering the livenessProbe initialDelaySeconds\nexec {LOCK_FD}\u003e${LOCK} \u0026\u0026 flock --verbose -w 194 \"${LOCK_FD}\" || {\n  echo \"$(date -Iseconds -u) kubelet did not terminate old kube-apiserver before new one\" \u003e\u003e /var/log/kube-apiserver/lock.log\n  echo -n \": WARNING: kubelet did not terminate old kube-apiserver before new one.\"\n\n  # We failed to acquire exclusive lock, which means there is old kube-apiserver running in system.\n  # Since we utilize SO_REUSEPORT, we need to make sure the old kube-apiserver stopped listening.\n  #\n  # NOTE: This is a fallback for broken kubelet, if you observe this please report a bug.\n  echo -n \"Waiting for port 6443 to be released due to likely bug in kubelet or CRI-O \"\n  while [ -n \"$(ss -Htan state listening '( sport = 6443 or sport = 6080 )')\" ]; do\n    echo -n \".\"\n    sleep 1\n    (( tries += 1 ))\n    if [[ \"${tries}\" -gt 10 ]]; then\n      echo \"Timed out waiting for port :6443 and :6080 to be released, this is likely a bug in kubelet or CRI-O\"\n      exit 1\n    fi\n  done\n  #  This is to make sure the server has terminated independently from the lock.\n  #  After the port has been freed (requests can be pending and need 60s max).\n  sleep 65\n}\n# We cannot hold the lock from the init container to the main container. We release it here. There is no risk, at this point we know we are safe.\nflock -u \"${LOCK_FD}\"\n"],"resources":{"requests":{"cpu":"5m","memory":"50Mi"}},"volumeMounts":[{"name":"audit-dir","mountPath":"/var/log/kube-apiserver"},{"name":"tmp-dir","mountPath":"/tmp"}],"terminationMessagePolicy":"FallbackToLogsOnError","imagePullPolicy":"IfNotPresent","securityContext":{"privileged":true,"readOnlyRootFilesystem":true}}],"containers":[{"name":"kube-apiserver","image":"registry.build11.ci.openshift.org/ci-ln-vjb5l1t/stable@sha256:fb1529a27e685fb1b5b13a5d1e935a27c9b9591e884ec8f6c22025208ec02596","command":["/bin/bash","-ec"],"args":["LOCK=/var/log/kube-apiserver/.lock\n# We should be able to acquire the lock immediatelly. If not, it means the init container has not released it yet and kubelet or CRI-O started container prematurely.\nexec {LOCK_FD}\u003e${LOCK} \u0026\u0026 flock --verbose -w 30 \"${LOCK_FD}\" || {\n  echo \"Failed to acquire lock for kube-apiserver. Please check setup container for details. This is likely kubelet or CRI-O bug.\"\n  exit 1\n}\nif [ -f /etc/kubernetes/static-pod-certs/configmaps/trusted-ca-bundle/ca-bundle.crt ]; then\n  echo \"Copying system trust bundle ...\"\n  cp -f /etc/kubernetes/static-pod-certs/configmaps/trusted-ca-bundle/ca-bundle.crt /etc/pki/ca-trust/extracted/pem/tls-ca-bundle.pem\nfi\n\nexec watch-termination --termination-touch-file=/var/log/kube-apiserver/.terminating --termination-log-file=/var/log/kube-apiserver/termination.log --graceful-termination-duration=194s --kubeconfig=/etc/kubernetes/static-pod-resources/configmaps/kube-apiserver-cert-syncer-kubeconfig/kubeconfig -- hyperkube kube-apiserver --openshift-config=/etc/kubernetes/static-pod-resources/configmaps/config/config.yaml --advertise-address=${HOST_IP}  -v=2 --permit-address-sharing\n"],"ports":[{"containerPort":6443}],"env":[{"name":"POD_NAME","valueFrom":{"fieldRef":{"fieldPath":"metadata.name"}}},{"name":"POD_NAMESPACE","valueFrom":{"fieldRef":{"fieldPath":"metadata.namespace"}}},{"name":"STATIC_POD_VERSION","value":"6"},{"name":"HOST_IP","valueFrom":{"fieldRef":{"fieldPath":"status.hostIP"}}},{"name":"GOGC","value":"100"}],"resources":{"requests":{"cpu":"265m","memory":"1Gi"}},"volumeMounts":[{"name":"resource-dir","mountPath":"/etc/kubernetes/static-pod-resources"},{"name":"cert-dir","mountPath":"/etc/kubernetes/static-pod-certs"},{"name":"audit-dir","mountPath":"/var/log/kube-apiserver"},{"name":"tmp-dir","mountPath":"/tmp"},{"name":"ca-bundle-dir","mountPath":"/etc/pki/ca-trust/extracted/pem"}],"livenessProbe":{"httpGet":{"path":"livez?exclude=etcd","port":6443,"scheme":"HTTPS"},"timeoutSeconds":10,"periodSeconds":10,"successThreshold":1,"failureThreshold":3},"readinessProbe":{"httpGet":{"path":"readyz","port":6443,"scheme":"HTTPS"},"timeoutSeconds":10,"periodSeconds":5,"successThreshold":1,"failureThreshold":3},"startupProbe":{"httpGet":{"path":"livez","port":6443,"scheme":"HTTPS"},"timeoutSeconds":10,"periodSeconds":5,"successThreshold":1,"failureThreshold":30},"terminationMessagePolicy":"FallbackToLogsOnError","imagePullPolicy":"IfNotPresent","securityContext":{"privileged":true,"readOnlyRootFilesystem":true}},{"name":"kube-apiserver-cert-syncer","image":"registry.build11.ci.openshift.org/ci-ln-vjb5l1t/stable@sha256:0554bda0a96d190367ed63955b942dd3552e1d90e8586dfd9f8879c964bf245d","command":["cluster-kube-apiserver-operator","cert-syncer"],"args":["--kubeconfig=/etc/kubernetes/static-pod-resources/configmaps/kube-apiserver-cert-syncer-kubeconfig/kubeconfig","--namespace=$(POD_NAMESPACE)","--destination-dir=/etc/kubernetes/static-pod-certs"],"env":[{"name":"POD_NAME","valueFrom":{"fieldRef":{"fieldPath":"metadata.name"}}},{"name":"POD_NAMESPACE","valueFrom":{"fieldRef":{"fieldPath":"metadata.namespace"}}}],"resources":{"requests":{"cpu":"5m","memory":"50Mi"}},"volumeMounts":[{"name":"resource-dir","mountPath":"/etc/kubernetes/static-pod-resources"},{"name":"cert-dir","mountPath":"/etc/kubernetes/static-pod-certs"},{"name":"tmp-dir","mountPath":"/tmp"}],"terminationMessagePolicy":"FallbackToLogsOnError","imagePullPolicy":"IfNotPresent","securityContext":{"readOnlyRootFilesystem":true}},{"name":"kube-apiserver-cert-regeneration-controller","image":"registry.build11.ci.openshift.org/ci-ln-vjb5l1t/stable@sha256:0554bda0a96d190367ed63955b942dd3552e1d90e8586dfd9f8879c964bf245d","command":["cluster-kube-apiserver-operator","cert-regeneration-controller"],"args":["--kubeconfig=/etc/kubernetes/static-pod-resources/configmaps/kube-apiserver-cert-syncer-kubeconfig/kubeconfig","--namespace=$(POD_NAMESPACE)","-v=2"],"env":[{"name":"POD_NAMESPACE","valueFrom":{"fieldRef":{"fieldPath":"metadata.namespace"}}},{"name":"OPERATOR_IMAGE_VERSION","value":"4.20.0-0-2026-01-28-090915-test-ci-ln-vjb5l1t-latest"}],"resources":{"requests":{"cpu":"5m","memory":"50Mi"}},"volumeMounts":[{"name":"resource-dir","mountPath":"/etc/kubernetes/static-pod-resources"},{"name":"tmp-dir","mountPath":"/tmp"}],"terminationMessagePolicy":"FallbackToLogsOnError","imagePullPolicy":"IfNotPresent","securityContext":{"readOnlyRootFilesystem":true}},{"name":"kube-apiserver-insecure-readyz","image":"registry.build11.ci.openshift.org/ci-ln-vjb5l1t/stable@sha256:0554bda0a96d190367ed63955b942dd3552e1d90e8586dfd9f8879c964bf245d","command":["cluster-kube-apiserver-operator","insecure-readyz"],"args":["--insecure-port=6080","--delegate-url=https://localhost:6443/readyz"],"ports":[{"containerPort":6080}],"resources":{"requests":{"cpu":"5m","memory":"50Mi"}},"terminationMessagePolicy":"FallbackToLogsOnError","imagePullPolicy":"IfNotPresent","securityContext":{"readOnlyRootFilesystem":true}},{"name":"kube-apiserver-check-endpoints","image":"registry.build11.ci.openshift.org/ci-ln-vjb5l1t/stable@sha256:0554bda0a96d190367ed63955b942dd3552e1d90e8586dfd9f8879c964bf245d","command":["cluster-kube-apiserver-operator","check-endpoints"],"args":["--kubeconfig","/etc/kubernetes/static-pod-certs/configmaps/check-endpoints-kubeconfig/kubeconfig","--listen","0.0.0.0:17697","--namespace","$(POD_NAMESPACE)","--v","2"],"ports":[{"name":"check-endpoints","hostPort":17697,"containerPort":17697,"protocol":"TCP"}],"env":[{"name":"POD_NAME","valueFrom":{"fieldRef":{"fieldPath":"metadata.name"}}},{"name":"POD_NAMESPACE","valueFrom":{"fieldRef":{"fieldPath":"metadata.namespace"}}}],"resources":{"requests":{"cpu":"10m","memory":"50Mi"}},"volumeMounts":[{"name":"resource-dir","mountPath":"/etc/kubernetes/static-pod-resources"},{"name":"cert-dir","mountPath":"/etc/kubernetes/static-pod-certs"},{"name":"tmp-dir","mountPath":"/tmp"}],"livenessProbe":{"httpGet":{"path":"healthz","port":17697,"scheme":"HTTPS"},"initialDelaySeconds":10,"timeoutSeconds":10},"readinessProbe":{"httpGet":{"path":"healthz","port":17697,"scheme":"HTTPS"},"initialDelaySeconds":10,"timeoutSeconds":10},"terminationMessagePolicy":"FallbackToLogsOnError","imagePullPolicy":"IfNotPresent","securityContext":{"readOnlyRootFilesystem":true}}],"terminationGracePeriodSeconds":194,"hostNetwork":true,"tolerations":[{"operator":"Exists"}],"priorityClassName":"system-node-critical","priority":2000001000},"status":{}}
2026-01-28T09:52:11.210168456Z I0128 09:52:11.210142       1 cmd.go:610] Writing pod manifest "/etc/kubernetes/static-pod-resources/kube-apiserver-pod-6/kube-apiserver-pod.yaml" ...
2026-01-28T09:52:11.210458982Z I0128 09:52:11.210340       1 cmd.go:617] Removed existing static pod manifest "/etc/kubernetes/manifests/kube-apiserver-pod.yaml" ...
2026-01-28T09:52:11.210458982Z I0128 09:52:11.210353       1 cmd.go:621] Writing static pod manifest "/etc/kubernetes/manifests/kube-apiserver-pod.yaml" ...
2026-01-28T09:52:11.210458982Z {"kind":"Pod","apiVersion":"v1","metadata":{"name":"kube-apiserver","namespace":"openshift-kube-apiserver","creationTimestamp":null,"labels":{"apiserver":"true","app":"openshift-kube-apiserver","revision":"6"},"annotations":{"kubectl.kubernetes.io/default-container":"kube-apiserver","target.workload.openshift.io/management":"{\"effect\": \"PreferredDuringScheduling\"}"}},"spec":{"volumes":[{"name":"resource-dir","hostPath":{"path":"/etc/kubernetes/static-pod-resources/kube-apiserver-pod-6"}},{"name":"cert-dir","hostPath":{"path":"/etc/kubernetes/static-pod-resources/kube-apiserver-certs"}},{"name":"audit-dir","hostPath":{"path":"/var/log/kube-apiserver"}},{"name":"tmp-dir","emptyDir":{}},{"name":"ca-bundle-dir","emptyDir":{}}],"initContainers":[{"name":"setup","image":"registry.build11.ci.openshift.org/ci-ln-vjb5l1t/stable@sha256:fb1529a27e685fb1b5b13a5d1e935a27c9b9591e884ec8f6c22025208ec02596","command":["/usr/bin/timeout","279","/bin/bash","-ec"],"args":["echo \"Fixing audit permissions ...\"\nchmod 0700 /var/log/kube-apiserver \u0026\u0026 touch /var/log/kube-apiserver/audit.log \u0026\u0026 chmod 0600 /var/log/kube-apiserver/*\n\nLOCK=/var/log/kube-apiserver/.lock\necho \"Acquiring exclusive lock ${LOCK} ...\"\n\n# Waiting for 194s max for old kube-apiserver's watch-termination process to exit and remove the lock.\n# Two cases:\n# 1. if kubelet does not start the old and new in parallel (i.e. works as expected), the flock will always succeed without any time.\n# 2. if kubelet does overlap old and new pods for up to 130s, the flock will wait and immediate return when the old finishes.\n#\n# NOTE: We can increase 194s for a bigger expected overlap. But a higher value means less noise about the broken kubelet behaviour, i.e. we hide a bug.\n# NOTE: Do not tweak these timings without considering the livenessProbe initialDelaySeconds\nexec {LOCK_FD}\u003e${LOCK} \u0026\u0026 flock --verbose -w 194 \"${LOCK_FD}\" || {\n  echo \"$(date -Iseconds -u) kubelet did not terminate old kube-apiserver before new one\" \u003e\u003e /var/log/kube-apiserver/lock.log\n  echo -n \": WARNING: kubelet did not terminate old kube-apiserver before new one.\"\n\n  # We failed to acquire exclusive lock, which means there is old kube-apiserver running in system.\n  # Since we utilize SO_REUSEPORT, we need to make sure the old kube-apiserver stopped listening.\n  #\n  # NOTE: This is a fallback for broken kubelet, if you observe this please report a bug.\n  echo -n \"Waiting for port 6443 to be released due to likely bug in kubelet or CRI-O \"\n  while [ -n \"$(ss -Htan state listening '( sport = 6443 or sport = 6080 )')\" ]; do\n    echo -n \".\"\n    sleep 1\n    (( tries += 1 ))\n    if [[ \"${tries}\" -gt 10 ]]; then\n      echo \"Timed out waiting for port :6443 and :6080 to be released, this is likely a bug in kubelet or CRI-O\"\n      exit 1\n    fi\n  done\n  #  This is to make sure the server has terminated independently from the lock.\n  #  After the port has been freed (requests can be pending and need 60s max).\n  sleep 65\n}\n# We cannot hold the lock from the init container to the main container. We release it here. There is no risk, at this point we know we are safe.\nflock -u \"${LOCK_FD}\"\n"],"resources":{"requests":{"cpu":"5m","memory":"50Mi"}},"volumeMounts":[{"name":"audit-dir","mountPath":"/var/log/kube-apiserver"},{"name":"tmp-dir","mountPath":"/tmp"}],"terminationMessagePolicy":"FallbackToLogsOnError","imagePullPolicy":"IfNotPresent","securityContext":{"privileged":true,"readOnlyRootFilesystem":true}}],"containers":[{"name":"kube-apiserver","image":"registry.build11.ci.openshift.org/ci-ln-vjb5l1t/stable@sha256:fb1529a27e685fb1b5b13a5d1e935a27c9b9591e884ec8f6c22025208ec02596","command":["/bin/bash","-ec"],"args":["LOCK=/var/log/kube-apiserver/.lock\n# We should be able to acquire the lock immediatelly. If not, it means the init container has not released it yet and kubelet or CRI-O started container prematurely.\nexec {LOCK_FD}\u003e${LOCK} \u0026\u0026 flock --verbose -w 30 \"${LOCK_FD}\" || {\n  echo \"Failed to acquire lock for kube-apiserver. Please check setup container for details. This is likely kubelet or CRI-O bug.\"\n  exit 1\n}\nif [ -f /etc/kubernetes/static-pod-certs/configmaps/trusted-ca-bundle/ca-bundle.crt ]; then\n  echo \"Copying system trust bundle ...\"\n  cp -f /etc/kubernetes/static-pod-certs/configmaps/trusted-ca-bundle/ca-bundle.crt /etc/pki/ca-trust/extracted/pem/tls-ca-bundle.pem\nfi\n\nexec watch-termination --termination-touch-file=/var/log/kube-apiserver/.terminating --termination-log-file=/var/log/kube-apiserver/termination.log --graceful-termination-duration=194s --kubeconfig=/etc/kubernetes/static-pod-resources/configmaps/kube-apiserver-cert-syncer-kubeconfig/kubeconfig -- hyperkube kube-apiserver --openshift-config=/etc/kubernetes/static-pod-resources/configmaps/config/config.yaml --advertise-address=${HOST_IP}  -v=2 --permit-address-sharing\n"],"ports":[{"containerPort":6443}],"env":[{"name":"POD_NAME","valueFrom":{"fieldRef":{"fieldPath":"metadata.name"}}},{"name":"POD_NAMESPACE","valueFrom":{"fieldRef":{"fieldPath":"metadata.namespace"}}},{"name":"STATIC_POD_VERSION","value":"6"},{"name":"HOST_IP","valueFrom":{"fieldRef":{"fieldPath":"status.hostIP"}}},{"name":"GOGC","value":"100"}],"resources":{"requests":{"cpu":"265m","memory":"1Gi"}},"volumeMounts":[{"name":"resource-dir","mountPath":"/etc/kubernetes/static-pod-resources"},{"name":"cert-dir","mountPath":"/etc/kubernetes/static-pod-certs"},{"name":"audit-dir","mountPath":"/var/log/kube-apiserver"},{"name":"tmp-dir","mountPath":"/tmp"},{"name":"ca-bundle-dir","mountPath":"/etc/pki/ca-trust/extracted/pem"}],"livenessProbe":{"httpGet":{"path":"livez?exclude=etcd","port":6443,"scheme":"HTTPS"},"timeoutSeconds":10,"periodSeconds":10,"successThreshold":1,"failureThreshold":3},"readinessProbe":{"httpGet":{"path":"readyz","port":6443,"scheme":"HTTPS"},"timeoutSeconds":10,"periodSeconds":5,"successThreshold":1,"failureThreshold":3},"startupProbe":{"httpGet":{"path":"livez","port":6443,"scheme":"HTTPS"},"timeoutSeconds":10,"periodSeconds":5,"successThreshold":1,"failureThreshold":30},"terminationMessagePolicy":"FallbackToLogsOnError","imagePullPolicy":"IfNotPresent","securityContext":{"privileged":true,"readOnlyRootFilesystem":true}},{"name":"kube-apiserver-cert-syncer","image":"registry.build11.ci.openshift.org/ci-ln-vjb5l1t/stable@sha256:0554bda0a96d190367ed63955b942dd3552e1d90e8586dfd9f8879c964bf245d","command":["cluster-kube-apiserver-operator","cert-syncer"],"args":["--kubeconfig=/etc/kubernetes/static-pod-resources/configmaps/kube-apiserver-cert-syncer-kubeconfig/kubeconfig","--namespace=$(POD_NAMESPACE)","--destination-dir=/etc/kubernetes/static-pod-certs"],"env":[{"name":"POD_NAME","valueFrom":{"fieldRef":{"fieldPath":"metadata.name"}}},{"name":"POD_NAMESPACE","valueFrom":{"fieldRef":{"fieldPath":"metadata.namespace"}}}],"resources":{"requests":{"cpu":"5m","memory":"50Mi"}},"volumeMounts":[{"name":"resource-dir","mountPath":"/etc/kubernetes/static-pod-resources"},{"name":"cert-dir","mountPath":"/etc/kubernetes/static-pod-certs"},{"name":"tmp-dir","mountPath":"/tmp"}],"terminationMessagePolicy":"FallbackToLogsOnError","imagePullPolicy":"IfNotPresent","securityContext":{"readOnlyRootFilesystem":true}},{"name":"kube-apiserver-cert-regeneration-controller","image":"registry.build11.ci.openshift.org/ci-ln-vjb5l1t/stable@sha256:0554bda0a96d190367ed63955b942dd3552e1d90e8586dfd9f8879c964bf245d","command":["cluster-kube-apiserver-operator","cert-regeneration-controller"],"args":["--kubeconfig=/etc/kubernetes/static-pod-resources/configmaps/kube-apiserver-cert-syncer-kubeconfig/kubeconfig","--namespace=$(POD_NAMESPACE)","-v=2"],"env":[{"name":"POD_NAMESPACE","valueFrom":{"fieldRef":{"fieldPath":"metadata.namespace"}}},{"name":"OPERATOR_IMAGE_VERSION","value":"4.20.0-0-2026-01-28-090915-test-ci-ln-vjb5l1t-latest"}],"resources":{"requests":{"cpu":"5m","memory":"50Mi"}},"volumeMounts":[{"name":"resource-dir","mountPath":"/etc/kubernetes/static-pod-resources"},{"name":"tmp-dir","mountPath":"/tmp"}],"terminationMessagePolicy":"FallbackToLogsOnError","imagePullPolicy":"IfNotPresent","securityContext":{"readOnlyRootFilesystem":true}},{"name":"kube-apiserver-insecure-readyz","image":"registry.build11.ci.openshift.org/ci-ln-vjb5l1t/stable@sha256:0554bda0a96d190367ed63955b942dd3552e1d90e8586dfd9f8879c964bf245d","command":["cluster-kube-apiserver-operator","insecure-readyz"],"args":["--insecure-port=6080","--delegate-url=https://localhost:6443/readyz"],"ports":[{"containerPort":6080}],"resources":{"requests":{"cpu":"5m","memory":"50Mi"}},"terminationMessagePolicy":"FallbackToLogsOnError","imagePullPolicy":"IfNotPresent","securityContext":{"readOnlyRootFilesystem":true}},{"name":"kube-apiserver-check-endpoints","image":"registry.build11.ci.openshift.org/ci-ln-vjb5l1t/stable@sha256:0554bda0a96d190367ed63955b942dd3552e1d90e8586dfd9f8879c964bf245d","command":["cluster-kube-apiserver-operator","check-endpoints"],"args":["--kubeconfig","/etc/kubernetes/static-pod-certs/configmaps/check-endpoints-kubeconfig/kubeconfig","--listen","0.0.0.0:17697","--namespace","$(POD_NAMESPACE)","--v","2"],"ports":[{"name":"check-endpoints","hostPort":17697,"containerPort":17697,"protocol":"TCP"}],"env":[{"name":"POD_NAME","valueFrom":{"fieldRef":{"fieldPath":"metadata.name"}}},{"name":"POD_NAMESPACE","valueFrom":{"fieldRef":{"fieldPath":"metadata.namespace"}}}],"resources":{"requests":{"cpu":"10m","memory":"50Mi"}},"volumeMounts":[{"name":"resource-dir","mountPath":"/etc/kubernetes/static-pod-resources"},{"name":"cert-dir","mountPath":"/etc/kubernetes/static-pod-certs"},{"name":"tmp-dir","mountPath":"/tmp"}],"livenessProbe":{"httpGet":{"path":"healthz","port":17697,"scheme":"HTTPS"},"initialDelaySeconds":10,"timeoutSeconds":10},"readinessProbe":{"httpGet":{"path":"healthz","port":17697,"scheme":"HTTPS"},"initialDelaySeconds":10,"timeoutSeconds":10},"terminationMessagePolicy":"FallbackToLogsOnError","imagePullPolicy":"IfNotPresent","securityContext":{"readOnlyRootFilesystem":true}}],"terminationGracePeriodSeconds":194,"hostNetwork":true,"tolerations":[{"operator":"Exists"}],"priorityClassName":"system-node-critical","priority":2000001000},"status":{}}
