2026-01-28T09:30:34.679943477Z I0128 09:30:34.679797       2 migrator.go:18] FLAG: --add_dir_header="false"
2026-01-28T09:30:34.680061400Z I0128 09:30:34.680035       2 migrator.go:18] FLAG: --alsologtostderr="true"
2026-01-28T09:30:34.680061400Z I0128 09:30:34.680047       2 migrator.go:18] FLAG: --kube-api-burst="1000"
2026-01-28T09:30:34.680061400Z I0128 09:30:34.680054       2 migrator.go:18] FLAG: --kube-api-qps="40"
2026-01-28T09:30:34.680146931Z I0128 09:30:34.680060       2 migrator.go:18] FLAG: --kubeconfig=""
2026-01-28T09:30:34.680146931Z I0128 09:30:34.680066       2 migrator.go:18] FLAG: --log_backtrace_at=":0"
2026-01-28T09:30:34.680146931Z I0128 09:30:34.680071       2 migrator.go:18] FLAG: --log_dir=""
2026-01-28T09:30:34.680146931Z I0128 09:30:34.680075       2 migrator.go:18] FLAG: --log_file=""
2026-01-28T09:30:34.680146931Z I0128 09:30:34.680082       2 migrator.go:18] FLAG: --log_file_max_size="1800"
2026-01-28T09:30:34.680146931Z I0128 09:30:34.680086       2 migrator.go:18] FLAG: --logtostderr="true"
2026-01-28T09:30:34.680146931Z I0128 09:30:34.680090       2 migrator.go:18] FLAG: --one_output="false"
2026-01-28T09:30:34.680146931Z I0128 09:30:34.680093       2 migrator.go:18] FLAG: --skip_headers="false"
2026-01-28T09:30:34.680146931Z I0128 09:30:34.680096       2 migrator.go:18] FLAG: --skip_log_headers="false"
2026-01-28T09:30:34.680146931Z I0128 09:30:34.680100       2 migrator.go:18] FLAG: --stderrthreshold="2"
2026-01-28T09:30:34.680146931Z I0128 09:30:34.680103       2 migrator.go:18] FLAG: --v="2"
2026-01-28T09:30:34.680146931Z I0128 09:30:34.680107       2 migrator.go:18] FLAG: --vmodule=""
2026-01-28T09:30:34.791400066Z I0128 09:30:34.791349       2 kubemigrator.go:110] console-plugin-storage-version-migration: migration running
2026-01-28T09:30:34.827238221Z I0128 09:30:34.827213       2 kubemigrator.go:127] console-plugin-storage-version-migration: migration succeeded
2026-01-28T09:30:35.840308003Z I0128 09:30:35.840255       2 kubemigrator.go:110] machineconfiguration-controllerconfig-storage-version-migration: migration running
2026-01-28T09:30:35.866413901Z I0128 09:30:35.866391       2 kubemigrator.go:127] machineconfiguration-controllerconfig-storage-version-migration: migration succeeded
2026-01-28T09:30:36.873124819Z I0128 09:30:36.873083       2 kubemigrator.go:110] machineconfiguration-machineconfigpool-storage-version-migration: migration running
2026-01-28T09:30:36.898302818Z I0128 09:30:36.898266       2 kubemigrator.go:127] machineconfiguration-machineconfigpool-storage-version-migration: migration succeeded
2026-01-28T09:30:51.909316650Z I0128 09:30:51.908946       2 kubemigrator.go:110] flowcontrol-flowschema-storage-version-migration: migration running
2026-01-28T09:30:51.912531519Z E0128 09:30:51.912512       2 kubemigrator.go:121] failed to list resources: the server could not find the requested resource
2026-01-28T09:30:51.912583710Z E0128 09:30:51.912570       2 kubemigrator.go:130] flowcontrol-flowschema-storage-version-migration: migration failed: failed to list resources: the server could not find the requested resource
2026-01-28T09:30:51.932072227Z E0128 09:30:51.932032       2 kubemigrator.go:89] failed to list resources: the server could not find the requested resource
2026-01-28T09:30:52.945865385Z I0128 09:30:52.945822       2 kubemigrator.go:110] flowcontrol-prioritylevel-storage-version-migration: migration running
2026-01-28T09:30:52.952113098Z E0128 09:30:52.952088       2 kubemigrator.go:121] failed to list resources: the server could not find the requested resource
2026-01-28T09:30:52.952113098Z E0128 09:30:52.952104       2 kubemigrator.go:130] flowcontrol-prioritylevel-storage-version-migration: migration failed: failed to list resources: the server could not find the requested resource
2026-01-28T09:30:52.979420063Z E0128 09:30:52.979387       2 kubemigrator.go:89] failed to list resources: the server could not find the requested resource
2026-01-28T09:30:53.986734241Z I0128 09:30:53.986696       2 kubemigrator.go:110] flowcontrol-flowschema-storage-version-migration-v1beta3: migration running
2026-01-28T09:30:53.991163978Z E0128 09:30:53.991138       2 kubemigrator.go:121] failed to list resources: the server could not find the requested resource
2026-01-28T09:30:53.991163978Z E0128 09:30:53.991155       2 kubemigrator.go:130] flowcontrol-flowschema-storage-version-migration-v1beta3: migration failed: failed to list resources: the server could not find the requested resource
2026-01-28T09:30:54.012856330Z E0128 09:30:54.012822       2 kubemigrator.go:89] failed to list resources: the server could not find the requested resource
2026-01-28T09:30:55.021240029Z I0128 09:30:55.021204       2 kubemigrator.go:110] flowcontrol-prioritylevel-storage-version-migration-v1beta3: migration running
2026-01-28T09:30:55.024498851Z E0128 09:30:55.024478       2 kubemigrator.go:121] failed to list resources: the server could not find the requested resource
2026-01-28T09:30:55.024498851Z E0128 09:30:55.024493       2 kubemigrator.go:130] flowcontrol-prioritylevel-storage-version-migration-v1beta3: migration failed: failed to list resources: the server could not find the requested resource
2026-01-28T09:30:55.044195659Z E0128 09:30:55.044177       2 kubemigrator.go:89] failed to list resources: the server could not find the requested resource
