2026-01-28T09:48:27.427871254Z + timeout 3m /bin/bash -exuo pipefail -c 'while [ -n "$(ss -Htanop \( sport = 10357 \))" ]; do sleep 1; done'
2026-01-28T09:48:27.431456680Z ++ ss -Htanop '(' sport = 10357 ')'
2026-01-28T09:48:27.439305748Z + '[' -n '' ']'
2026-01-28T09:48:27.439779038Z + exec cluster-policy-controller start --config=/etc/kubernetes/static-pod-resources/configmaps/cluster-policy-controller-config/config.yaml --kubeconfig=/etc/kubernetes/static-pod-resources/configmaps/controller-manager-kubeconfig/kubeconfig --namespace=openshift-kube-controller-manager -v=2
2026-01-28T09:48:27.478367535Z I0128 09:48:27.478244       1 leaderelection.go:121] The leader election gives 4 retries and allows for 30s of clock skew. The kube-apiserver downtime tolerance is 78s. Worst non-graceful lease acquisition is 2m43s. Worst graceful lease acquisition is {26s}.
2026-01-28T09:48:27.480435039Z I0128 09:48:27.480406       1 builder.go:304] cluster-policy-controller version 4.20.0-202601161812.p2.g47c7831.assembly.stream.el9-47c7831-47c783103216aa5e1242632127a5d8f98b8b7455
2026-01-28T09:48:27.480975011Z I0128 09:48:27.480945       1 observer_polling.go:159] Starting file observer
2026-01-28T09:48:27.481201316Z I0128 09:48:27.481176       1 dynamic_serving_content.go:116] "Loaded a new cert/key pair" name="serving-cert::/etc/kubernetes/static-pod-resources/secrets/serving-cert/tls.crt::/etc/kubernetes/static-pod-resources/secrets/serving-cert/tls.key"
2026-01-28T09:48:28.100493101Z I0128 09:48:28.100436       1 requestheader_controller.go:255] Loaded a new request header values for RequestHeaderAuthRequestController
2026-01-28T09:48:28.106345746Z I0128 09:48:28.106312       1 maxinflight.go:139] "Initialized nonMutatingChan" len=400
2026-01-28T09:48:28.106345746Z I0128 09:48:28.106337       1 maxinflight.go:145] "Initialized mutatingChan" len=200
2026-01-28T09:48:28.106372267Z I0128 09:48:28.106357       1 maxinflight.go:116] "Set denominator for readonly requests" limit=400
2026-01-28T09:48:28.106372267Z I0128 09:48:28.106365       1 maxinflight.go:120] "Set denominator for mutating requests" limit=200
2026-01-28T09:48:28.111042797Z I0128 09:48:28.111020       1 secure_serving.go:57] Forcing use of http/1.1 only
2026-01-28T09:48:28.111197940Z I0128 09:48:28.111030       1 genericapiserver.go:546] MuxAndDiscoveryComplete has all endpoints registered and discovery information is complete
2026-01-28T09:48:28.112392836Z W0128 09:48:28.112365       1 builder.go:364] unable to get control plane topology, using HA cluster values for leader election: infrastructures.config.openshift.io "cluster" is forbidden: User "system:kube-controller-manager" cannot get resource "infrastructures" in API group "config.openshift.io" at the cluster scope
2026-01-28T09:48:28.112518949Z I0128 09:48:28.112479       1 event.go:377] Event(v1.ObjectReference{Kind:"Pod", Namespace:"openshift-kube-controller-manager", Name:"kube-controller-manager-ip-10-0-3-203.us-west-1.compute.internal", UID:"", APIVersion:"", ResourceVersion:"", FieldPath:""}): type: 'Warning' reason: 'ControlPlaneTopology' unable to get control plane topology, using HA cluster values for leader election: infrastructures.config.openshift.io "cluster" is forbidden: User "system:kube-controller-manager" cannot get resource "infrastructures" in API group "config.openshift.io" at the cluster scope
2026-01-28T09:48:28.112742064Z I0128 09:48:28.112704       1 leaderelection.go:257] attempting to acquire leader lease openshift-kube-controller-manager/cluster-policy-controller-lock...
2026-01-28T09:48:28.115804449Z I0128 09:48:28.115780       1 requestheader_controller.go:180] Starting RequestHeaderAuthRequestController
2026-01-28T09:48:28.115804449Z I0128 09:48:28.115791       1 configmap_cafile_content.go:205] "Starting controller" name="client-ca::kube-system::extension-apiserver-authentication::client-ca-file"
2026-01-28T09:48:28.115842620Z I0128 09:48:28.115814       1 shared_informer.go:350] "Waiting for caches to sync" controller="RequestHeaderAuthRequestController"
2026-01-28T09:48:28.115842620Z I0128 09:48:28.115816       1 shared_informer.go:350] "Waiting for caches to sync" controller="client-ca::kube-system::extension-apiserver-authentication::client-ca-file"
2026-01-28T09:48:28.115909511Z I0128 09:48:28.115869       1 configmap_cafile_content.go:205] "Starting controller" name="client-ca::kube-system::extension-apiserver-authentication::requestheader-client-ca-file"
2026-01-28T09:48:28.115957742Z I0128 09:48:28.115942       1 shared_informer.go:350] "Waiting for caches to sync" controller="client-ca::kube-system::extension-apiserver-authentication::requestheader-client-ca-file"
2026-01-28T09:48:28.116482493Z I0128 09:48:28.116454       1 dynamic_serving_content.go:135] "Starting controller" name="serving-cert::/etc/kubernetes/static-pod-resources/secrets/serving-cert/tls.crt::/etc/kubernetes/static-pod-resources/secrets/serving-cert/tls.key"
2026-01-28T09:48:28.116563415Z I0128 09:48:28.116544       1 tlsconfig.go:203] "Loaded serving cert" certName="serving-cert::/etc/kubernetes/static-pod-resources/secrets/serving-cert/tls.crt::/etc/kubernetes/static-pod-resources/secrets/serving-cert/tls.key" certDetail="\"kube-controller-manager.openshift-kube-controller-manager.svc\" [serving] validServingFor=[kube-controller-manager.openshift-kube-controller-manager.svc,kube-controller-manager.openshift-kube-controller-manager.svc.cluster.local] issuer=\"openshift-service-serving-signer@1769592635\" (2026-01-28 09:30:56 +0000 UTC to 2028-01-28 09:30:57 +0000 UTC (now=2026-01-28 09:48:28.116517844 +0000 UTC))"
2026-01-28T09:48:28.116793000Z I0128 09:48:28.116776       1 named_certificates.go:53] "Loaded SNI cert" index=0 certName="self-signed loopback" certDetail="\"apiserver-loopback-client@1769593708\" [serving] validServingFor=[apiserver-loopback-client] issuer=\"apiserver-loopback-client-ca@1769593707\" (2026-01-28 08:48:27 +0000 UTC to 2029-01-28 08:48:27 +0000 UTC (now=2026-01-28 09:48:28.116758979 +0000 UTC))"
2026-01-28T09:48:28.116829201Z I0128 09:48:28.116818       1 secure_serving.go:211] Serving securely on 127.0.0.1:10357
2026-01-28T09:48:28.116861842Z I0128 09:48:28.116840       1 tlsconfig.go:243] "Starting DynamicServingCertificateController"
2026-01-28T09:48:28.116930513Z I0128 09:48:28.116881       1 genericapiserver.go:696] [graceful-termination] waiting for shutdown to be initiated
2026-01-28T09:48:28.118071118Z I0128 09:48:28.118021       1 reflector.go:430] "Caches populated" type="*v1.ConfigMap" reflector="k8s.io/client-go@v0.33.2/tools/cache/reflector.go:285"
2026-01-28T09:48:28.118214161Z I0128 09:48:28.118159       1 reflector.go:430] "Caches populated" type="*v1.ConfigMap" reflector="k8s.io/client-go@v0.33.2/tools/cache/reflector.go:285"
2026-01-28T09:48:28.118412035Z I0128 09:48:28.118384       1 reflector.go:430] "Caches populated" type="*v1.ConfigMap" reflector="k8s.io/client-go@v0.33.2/tools/cache/reflector.go:285"
2026-01-28T09:48:28.216257691Z I0128 09:48:28.216203       1 shared_informer.go:357] "Caches are synced" controller="RequestHeaderAuthRequestController"
2026-01-28T09:48:28.216426464Z I0128 09:48:28.216307       1 shared_informer.go:357] "Caches are synced" controller="client-ca::kube-system::extension-apiserver-authentication::client-ca-file"
2026-01-28T09:48:28.216426464Z I0128 09:48:28.216343       1 shared_informer.go:357] "Caches are synced" controller="client-ca::kube-system::extension-apiserver-authentication::requestheader-client-ca-file"
2026-01-28T09:48:28.216521716Z I0128 09:48:28.216499       1 tlsconfig.go:181] "Loaded client CA" index=0 certName="client-ca::kube-system::extension-apiserver-authentication::client-ca-file,client-ca::kube-system::extension-apiserver-authentication::requestheader-client-ca-file" certDetail="\"aggregator-signer\" [] issuer=\"<self>\" (2026-01-28 09:13:04 +0000 UTC to 2026-01-29 09:13:04 +0000 UTC (now=2026-01-28 09:48:28.216473455 +0000 UTC))"
2026-01-28T09:48:28.216689080Z I0128 09:48:28.216669       1 tlsconfig.go:203] "Loaded serving cert" certName="serving-cert::/etc/kubernetes/static-pod-resources/secrets/serving-cert/tls.crt::/etc/kubernetes/static-pod-resources/secrets/serving-cert/tls.key" certDetail="\"kube-controller-manager.openshift-kube-controller-manager.svc\" [serving] validServingFor=[kube-controller-manager.openshift-kube-controller-manager.svc,kube-controller-manager.openshift-kube-controller-manager.svc.cluster.local] issuer=\"openshift-service-serving-signer@1769592635\" (2026-01-28 09:30:56 +0000 UTC to 2028-01-28 09:30:57 +0000 UTC (now=2026-01-28 09:48:28.216656629 +0000 UTC))"
2026-01-28T09:48:28.216819303Z I0128 09:48:28.216792       1 named_certificates.go:53] "Loaded SNI cert" index=0 certName="self-signed loopback" certDetail="\"apiserver-loopback-client@1769593708\" [serving] validServingFor=[apiserver-loopback-client] issuer=\"apiserver-loopback-client-ca@1769593707\" (2026-01-28 08:48:27 +0000 UTC to 2029-01-28 08:48:27 +0000 UTC (now=2026-01-28 09:48:28.216783202 +0000 UTC))"
2026-01-28T09:48:28.216943925Z I0128 09:48:28.216924       1 tlsconfig.go:181] "Loaded client CA" index=0 certName="client-ca::kube-system::extension-apiserver-authentication::client-ca-file,client-ca::kube-system::extension-apiserver-authentication::requestheader-client-ca-file" certDetail="\"admin-kubeconfig-signer\" [] issuer=\"<self>\" (2026-01-28 09:13:02 +0000 UTC to 2036-01-26 09:13:02 +0000 UTC (now=2026-01-28 09:48:28.216909405 +0000 UTC))"
2026-01-28T09:48:28.216960716Z I0128 09:48:28.216943       1 tlsconfig.go:181] "Loaded client CA" index=1 certName="client-ca::kube-system::extension-apiserver-authentication::client-ca-file,client-ca::kube-system::extension-apiserver-authentication::requestheader-client-ca-file" certDetail="\"kubelet-signer\" [] issuer=\"<self>\" (2026-01-28 09:13:06 +0000 UTC to 2026-01-29 09:13:06 +0000 UTC (now=2026-01-28 09:48:28.216936305 +0000 UTC))"
2026-01-28T09:48:28.216960716Z I0128 09:48:28.216954       1 tlsconfig.go:181] "Loaded client CA" index=2 certName="client-ca::kube-system::extension-apiserver-authentication::client-ca-file,client-ca::kube-system::extension-apiserver-authentication::requestheader-client-ca-file" certDetail="\"kube-control-plane-signer\" [] issuer=\"<self>\" (2026-01-28 09:13:06 +0000 UTC to 2027-01-28 09:13:06 +0000 UTC (now=2026-01-28 09:48:28.216947385 +0000 UTC))"
2026-01-28T09:48:28.216970916Z I0128 09:48:28.216964       1 tlsconfig.go:181] "Loaded client CA" index=3 certName="client-ca::kube-system::extension-apiserver-authentication::client-ca-file,client-ca::kube-system::extension-apiserver-authentication::requestheader-client-ca-file" certDetail="\"kube-apiserver-to-kubelet-signer\" [] issuer=\"<self>\" (2026-01-28 09:13:07 +0000 UTC to 2027-01-28 09:13:07 +0000 UTC (now=2026-01-28 09:48:28.216958076 +0000 UTC))"
2026-01-28T09:48:28.216989697Z I0128 09:48:28.216974       1 tlsconfig.go:181] "Loaded client CA" index=4 certName="client-ca::kube-system::extension-apiserver-authentication::client-ca-file,client-ca::kube-system::extension-apiserver-authentication::requestheader-client-ca-file" certDetail="\"kubelet-bootstrap-kubeconfig-signer\" [] issuer=\"<self>\" (2026-01-28 09:13:03 +0000 UTC to 2036-01-26 09:13:03 +0000 UTC (now=2026-01-28 09:48:28.216968236 +0000 UTC))"
2026-01-28T09:48:28.216989697Z I0128 09:48:28.216983       1 tlsconfig.go:181] "Loaded client CA" index=5 certName="client-ca::kube-system::extension-apiserver-authentication::client-ca-file,client-ca::kube-system::extension-apiserver-authentication::requestheader-client-ca-file" certDetail="\"kube-csr-signer_@1769592636\" [] issuer=\"kubelet-signer\" (2026-01-28 09:30:35 +0000 UTC to 2026-01-29 09:13:06 +0000 UTC (now=2026-01-28 09:48:28.216977676 +0000 UTC))"
2026-01-28T09:48:28.217004927Z I0128 09:48:28.216993       1 tlsconfig.go:181] "Loaded client CA" index=6 certName="client-ca::kube-system::extension-apiserver-authentication::client-ca-file,client-ca::kube-system::extension-apiserver-authentication::requestheader-client-ca-file" certDetail="\"openshift-kube-apiserver-operator_node-system-admin-signer@1769592635\" [] issuer=\"<self>\" (2026-01-28 09:30:35 +0000 UTC to 2029-01-27 09:30:36 +0000 UTC (now=2026-01-28 09:48:28.216986976 +0000 UTC))"
2026-01-28T09:48:28.217014167Z I0128 09:48:28.217003       1 tlsconfig.go:181] "Loaded client CA" index=7 certName="client-ca::kube-system::extension-apiserver-authentication::client-ca-file,client-ca::kube-system::extension-apiserver-authentication::requestheader-client-ca-file" certDetail="\"aggregator-signer\" [] issuer=\"<self>\" (2026-01-28 09:13:04 +0000 UTC to 2026-01-29 09:13:04 +0000 UTC (now=2026-01-28 09:48:28.216998097 +0000 UTC))"
2026-01-28T09:48:28.217137310Z I0128 09:48:28.217126       1 tlsconfig.go:203] "Loaded serving cert" certName="serving-cert::/etc/kubernetes/static-pod-resources/secrets/serving-cert/tls.crt::/etc/kubernetes/static-pod-resources/secrets/serving-cert/tls.key" certDetail="\"kube-controller-manager.openshift-kube-controller-manager.svc\" [serving] validServingFor=[kube-controller-manager.openshift-kube-controller-manager.svc,kube-controller-manager.openshift-kube-controller-manager.svc.cluster.local] issuer=\"openshift-service-serving-signer@1769592635\" (2026-01-28 09:30:56 +0000 UTC to 2028-01-28 09:30:57 +0000 UTC (now=2026-01-28 09:48:28.217117379 +0000 UTC))"
2026-01-28T09:48:28.217304793Z I0128 09:48:28.217277       1 named_certificates.go:53] "Loaded SNI cert" index=0 certName="self-signed loopback" certDetail="\"apiserver-loopback-client@1769593708\" [serving] validServingFor=[apiserver-loopback-client] issuer=\"apiserver-loopback-client-ca@1769593707\" (2026-01-28 08:48:27 +0000 UTC to 2029-01-28 08:48:27 +0000 UTC (now=2026-01-28 09:48:28.217267062 +0000 UTC))"
