2026-01-28T09:29:58.600223689Z ++ K8S_NODE=
2026-01-28T09:29:58.600223689Z ++ [[ -n '' ]]
2026-01-28T09:29:58.600223689Z ++ northd_pidfile=/var/run/ovn/ovn-northd.pid
2026-01-28T09:29:58.600374822Z ++ controller_pidfile=/var/run/ovn/ovn-controller.pid
2026-01-28T09:29:58.600374822Z ++ controller_logfile=/var/log/ovn/acl-audit-log.log
2026-01-28T09:29:58.600374822Z ++ vswitch_dbsock=/var/run/openvswitch/db.sock
2026-01-28T09:29:58.600374822Z ++ nbdb_pidfile=/var/run/ovn/ovnnb_db.pid
2026-01-28T09:29:58.600374822Z ++ nbdb_sock=/var/run/ovn/ovnnb_db.sock
2026-01-28T09:29:58.600374822Z ++ nbdb_ctl=/var/run/ovn/ovnnb_db.ctl
2026-01-28T09:29:58.600374822Z ++ sbdb_pidfile=/var/run/ovn/ovnsb_db.pid
2026-01-28T09:29:58.600374822Z ++ sbdb_sock=/var/run/ovn/ovnsb_db.sock
2026-01-28T09:29:58.600374822Z ++ sbdb_ctl=/var/run/ovn/ovnsb_db.ctl
2026-01-28T09:29:58.601315022Z + start-audit-log-rotation
2026-01-28T09:29:58.601377014Z + MAXFILESIZE=50000000
2026-01-28T09:29:58.601377014Z + MAXLOGFILES=5
2026-01-28T09:29:58.601648359Z ++ dirname /var/log/ovn/acl-audit-log.log
2026-01-28T09:29:58.603104000Z + LOGDIR=/var/log/ovn
2026-01-28T09:29:58.603104000Z + local retries=0
2026-01-28T09:29:58.603118280Z + [[ 30 -gt 0 ]]
2026-01-28T09:29:58.603125471Z + ((  retries += 1  ))
2026-01-28T09:29:58.603384376Z ++ cat /var/run/ovn/ovn-controller.pid
2026-01-28T09:29:58.604654723Z + CONTROLLERPID=3502
2026-01-28T09:29:58.604654723Z + [[ -n 3502 ]]
2026-01-28T09:29:58.604654723Z + break
2026-01-28T09:29:58.604671524Z + [[ -z 3502 ]]
2026-01-28T09:29:58.604822267Z + true
2026-01-28T09:29:58.604835697Z + '[' -f /var/log/ovn/acl-audit-log.log ']'
2026-01-28T09:29:58.604858978Z + tail -F /var/log/ovn/acl-audit-log.log
2026-01-28T09:29:58.605356538Z ++ du -b /var/log/ovn/acl-audit-log.log
2026-01-28T09:29:58.605499821Z ++ tr -s '\t' ' '
2026-01-28T09:29:58.605645994Z ++ cut '-d ' -f1
2026-01-28T09:29:58.607560795Z + file_size=0
2026-01-28T09:29:58.607579585Z + '[' 0 -gt 50000000 ']'
2026-01-28T09:29:58.608101237Z ++ ls -1 /var/log/ovn/acl-audit-log.log
2026-01-28T09:29:58.608135777Z ++ wc -l
2026-01-28T09:29:58.609738501Z + num_files=1
2026-01-28T09:29:58.609758272Z + '[' 1 -gt 5 ']'
2026-01-28T09:29:58.609758272Z + sleep 30
2026-01-28T09:30:28.611313826Z + true
2026-01-28T09:30:28.611313826Z + '[' -f /var/log/ovn/acl-audit-log.log ']'
2026-01-28T09:30:28.611968900Z ++ du -b /var/log/ovn/acl-audit-log.log
2026-01-28T09:30:28.612110643Z ++ tr -s '\t' ' '
2026-01-28T09:30:28.612281717Z ++ cut '-d ' -f1
2026-01-28T09:30:28.613980273Z + file_size=0
2026-01-28T09:30:28.613997803Z + '[' 0 -gt 50000000 ']'
2026-01-28T09:30:28.614475273Z ++ ls -1 /var/log/ovn/acl-audit-log.log
2026-01-28T09:30:28.614555345Z ++ wc -l
2026-01-28T09:30:28.615962835Z + num_files=1
2026-01-28T09:30:28.615978836Z + '[' 1 -gt 5 ']'
2026-01-28T09:30:28.615978836Z + sleep 30
2026-01-28T09:30:58.617456259Z + true
2026-01-28T09:30:58.617497750Z + '[' -f /var/log/ovn/acl-audit-log.log ']'
2026-01-28T09:30:58.618201265Z ++ du -b /var/log/ovn/acl-audit-log.log
2026-01-28T09:30:58.618356709Z ++ tr -s '\t' ' '
2026-01-28T09:30:58.618523322Z ++ cut '-d ' -f1
2026-01-28T09:30:58.620451204Z + file_size=0
2026-01-28T09:30:58.620471135Z + '[' 0 -gt 50000000 ']'
2026-01-28T09:30:58.621083988Z ++ ls -1 /var/log/ovn/acl-audit-log.log
2026-01-28T09:30:58.621182460Z ++ wc -l
2026-01-28T09:30:58.623013440Z + num_files=1
2026-01-28T09:30:58.623013440Z + '[' 1 -gt 5 ']'
2026-01-28T09:30:58.623013440Z + sleep 30
2026-01-28T09:31:28.624581774Z + true
2026-01-28T09:31:28.624672279Z + '[' -f /var/log/ovn/acl-audit-log.log ']'
2026-01-28T09:31:28.625384037Z ++ du -b /var/log/ovn/acl-audit-log.log
2026-01-28T09:31:28.625544515Z ++ tr -s '\t' ' '
2026-01-28T09:31:28.625684643Z ++ cut '-d ' -f1
2026-01-28T09:31:28.627620196Z + file_size=0
2026-01-28T09:31:28.627646358Z + '[' 0 -gt 50000000 ']'
2026-01-28T09:31:28.628328114Z ++ wc -l
2026-01-28T09:31:28.628374456Z ++ ls -1 /var/log/ovn/acl-audit-log.log
2026-01-28T09:31:28.630225815Z + num_files=1
2026-01-28T09:31:28.630253707Z + '[' 1 -gt 5 ']'
2026-01-28T09:31:28.630253707Z + sleep 30
2026-01-28T09:31:58.631856513Z + true
2026-01-28T09:31:58.631912745Z + '[' -f /var/log/ovn/acl-audit-log.log ']'
2026-01-28T09:31:58.632741173Z ++ tr -s '\t' ' '
2026-01-28T09:31:58.632767843Z ++ du -b /var/log/ovn/acl-audit-log.log
2026-01-28T09:31:58.632936637Z ++ cut '-d ' -f1
2026-01-28T09:31:58.635083364Z + file_size=0
2026-01-28T09:31:58.635125385Z + '[' 0 -gt 50000000 ']'
2026-01-28T09:31:58.635692318Z ++ ls -1 /var/log/ovn/acl-audit-log.log
2026-01-28T09:31:58.635762949Z ++ wc -l
2026-01-28T09:31:58.637593329Z + num_files=1
2026-01-28T09:31:58.637618080Z + '[' 1 -gt 5 ']'
2026-01-28T09:31:58.637618080Z + sleep 30
2026-01-28T09:32:28.639556312Z + true
2026-01-28T09:32:28.639602653Z + '[' -f /var/log/ovn/acl-audit-log.log ']'
2026-01-28T09:32:28.640592385Z ++ cut '-d ' -f1
2026-01-28T09:32:28.643047429Z ++ tr -s '\t' ' '
2026-01-28T09:32:28.643456558Z ++ du -b /var/log/ovn/acl-audit-log.log
2026-01-28T09:32:28.646865123Z + file_size=0
2026-01-28T09:32:28.646951194Z + '[' 0 -gt 50000000 ']'
2026-01-28T09:32:28.647918776Z ++ wc -l
2026-01-28T09:32:28.648157731Z ++ ls -1 /var/log/ovn/acl-audit-log.log
2026-01-28T09:32:28.651923364Z + num_files=1
2026-01-28T09:32:28.651923364Z + '[' 1 -gt 5 ']'
2026-01-28T09:32:28.651923364Z + sleep 30
2026-01-28T09:32:58.652069783Z + true
2026-01-28T09:32:58.652069783Z + '[' -f /var/log/ovn/acl-audit-log.log ']'
2026-01-28T09:32:58.652609883Z ++ du -b /var/log/ovn/acl-audit-log.log
2026-01-28T09:32:58.652766245Z ++ tr -s '\t' ' '
2026-01-28T09:32:58.652945938Z ++ cut '-d ' -f1
2026-01-28T09:32:58.666326306Z + file_size=0
2026-01-28T09:32:58.666356886Z + '[' 0 -gt 50000000 ']'
2026-01-28T09:32:58.667076079Z ++ ls -1 /var/log/ovn/acl-audit-log.log
2026-01-28T09:32:58.667150180Z ++ wc -l
2026-01-28T09:32:58.722492692Z + num_files=1
2026-01-28T09:32:58.722574133Z + '[' 1 -gt 5 ']'
2026-01-28T09:32:58.722610954Z + sleep 30
2026-01-28T09:33:28.724648396Z + true
2026-01-28T09:33:28.724648396Z + '[' -f /var/log/ovn/acl-audit-log.log ']'
2026-01-28T09:33:28.725437272Z ++ du -b /var/log/ovn/acl-audit-log.log
2026-01-28T09:33:28.725437272Z ++ tr -s '\t' ' '
2026-01-28T09:33:28.725649597Z ++ cut '-d ' -f1
2026-01-28T09:33:28.727445254Z + file_size=0
2026-01-28T09:33:28.727474765Z + '[' 0 -gt 50000000 ']'
2026-01-28T09:33:28.728039297Z ++ ls -1 /var/log/ovn/acl-audit-log.log
2026-01-28T09:33:28.728135819Z ++ wc -l
2026-01-28T09:33:28.729674361Z + num_files=1
2026-01-28T09:33:28.729711671Z + '[' 1 -gt 5 ']'
2026-01-28T09:33:28.729711671Z + sleep 30
2026-01-28T09:33:58.731254170Z + true
2026-01-28T09:33:58.731312561Z + '[' -f /var/log/ovn/acl-audit-log.log ']'
2026-01-28T09:33:58.731827411Z ++ du -b /var/log/ovn/acl-audit-log.log
2026-01-28T09:33:58.732070567Z ++ tr -s '\t' ' '
2026-01-28T09:33:58.732247910Z ++ cut '-d ' -f1
2026-01-28T09:33:58.733958226Z + file_size=0
2026-01-28T09:33:58.733986476Z + '[' 0 -gt 50000000 ']'
2026-01-28T09:33:58.734463736Z ++ ls -1 /var/log/ovn/acl-audit-log.log
2026-01-28T09:33:58.734555378Z ++ wc -l
2026-01-28T09:33:58.736020698Z + num_files=1
2026-01-28T09:33:58.736048759Z + '[' 1 -gt 5 ']'
2026-01-28T09:33:58.736048759Z + sleep 30
2026-01-28T09:34:28.737590561Z + true
2026-01-28T09:34:28.737590561Z + '[' -f /var/log/ovn/acl-audit-log.log ']'
2026-01-28T09:34:28.738276135Z ++ du -b /var/log/ovn/acl-audit-log.log
2026-01-28T09:34:28.738447869Z ++ tr -s '\t' ' '
2026-01-28T09:34:28.738622413Z ++ cut '-d ' -f1
2026-01-28T09:34:28.740357629Z + file_size=0
2026-01-28T09:34:28.740382079Z + '[' 0 -gt 50000000 ']'
2026-01-28T09:34:28.740877540Z ++ ls -1 /var/log/ovn/acl-audit-log.log
2026-01-28T09:34:28.740980702Z ++ wc -l
2026-01-28T09:34:28.742554015Z + num_files=1
2026-01-28T09:34:28.742581755Z + '[' 1 -gt 5 ']'
2026-01-28T09:34:28.742581755Z + sleep 30
2026-01-28T09:34:58.744355653Z + true
2026-01-28T09:34:58.744355653Z + '[' -f /var/log/ovn/acl-audit-log.log ']'
2026-01-28T09:34:58.744856864Z ++ du -b /var/log/ovn/acl-audit-log.log
2026-01-28T09:34:58.745144700Z ++ tr -s '\t' ' '
2026-01-28T09:34:58.746932018Z ++ cut '-d ' -f1
2026-01-28T09:34:58.748778687Z + file_size=0
2026-01-28T09:34:58.748805208Z + '[' 0 -gt 50000000 ']'
2026-01-28T09:34:58.749501613Z ++ ls -1 /var/log/ovn/acl-audit-log.log
2026-01-28T09:34:58.749820159Z ++ wc -l
2026-01-28T09:34:58.751786482Z + num_files=1
2026-01-28T09:34:58.751812042Z + '[' 1 -gt 5 ']'
2026-01-28T09:34:58.751812042Z + sleep 30
2026-01-28T09:35:28.753705904Z + true
2026-01-28T09:35:28.753705904Z + '[' -f /var/log/ovn/acl-audit-log.log ']'
2026-01-28T09:35:28.754268556Z ++ du -b /var/log/ovn/acl-audit-log.log
2026-01-28T09:35:28.754413859Z ++ tr -s '\t' ' '
2026-01-28T09:35:28.754625953Z ++ cut '-d ' -f1
2026-01-28T09:35:28.756590155Z + file_size=0
2026-01-28T09:35:28.756620316Z + '[' 0 -gt 50000000 ']'
2026-01-28T09:35:28.757250460Z ++ ls -1 /var/log/ovn/acl-audit-log.log
2026-01-28T09:35:28.757313461Z ++ wc -l
2026-01-28T09:35:28.759283663Z + num_files=1
2026-01-28T09:35:28.759310144Z + '[' 1 -gt 5 ']'
2026-01-28T09:35:28.759310144Z + sleep 30
2026-01-28T09:35:58.760965651Z + true
2026-01-28T09:35:58.760965651Z + '[' -f /var/log/ovn/acl-audit-log.log ']'
2026-01-28T09:35:58.761532313Z ++ du -b /var/log/ovn/acl-audit-log.log
2026-01-28T09:35:58.761674517Z ++ tr -s '\t' ' '
2026-01-28T09:35:58.761845620Z ++ cut '-d ' -f1
2026-01-28T09:35:58.763595949Z + file_size=0
2026-01-28T09:35:58.763620480Z + '[' 0 -gt 50000000 ']'
2026-01-28T09:35:58.764131991Z ++ ls -1 /var/log/ovn/acl-audit-log.log
2026-01-28T09:35:58.764220603Z ++ wc -l
2026-01-28T09:35:58.765737627Z + num_files=1
2026-01-28T09:35:58.765772728Z + '[' 1 -gt 5 ']'
2026-01-28T09:35:58.765772728Z + sleep 30
2026-01-28T09:36:28.767477658Z + true
2026-01-28T09:36:28.767477658Z + '[' -f /var/log/ovn/acl-audit-log.log ']'
2026-01-28T09:36:28.768047110Z ++ du -b /var/log/ovn/acl-audit-log.log
2026-01-28T09:36:28.768199464Z ++ tr -s '\t' ' '
2026-01-28T09:36:28.768357657Z ++ cut '-d ' -f1
2026-01-28T09:36:28.770154787Z + file_size=0
2026-01-28T09:36:28.770184937Z + '[' 0 -gt 50000000 ']'
2026-01-28T09:36:28.770686388Z ++ ls -1 /var/log/ovn/acl-audit-log.log
2026-01-28T09:36:28.770763780Z ++ wc -l
2026-01-28T09:36:28.772340724Z + num_files=1
2026-01-28T09:36:28.772367695Z + '[' 1 -gt 5 ']'
2026-01-28T09:36:28.772367695Z + sleep 30
2026-01-28T09:36:58.773917263Z + true
2026-01-28T09:36:58.773971544Z + '[' -f /var/log/ovn/acl-audit-log.log ']'
2026-01-28T09:36:58.774480765Z ++ du -b /var/log/ovn/acl-audit-log.log
2026-01-28T09:36:58.774649779Z ++ tr -s '\t' ' '
2026-01-28T09:36:58.774790632Z ++ cut '-d ' -f1
2026-01-28T09:36:58.777106375Z + file_size=0
2026-01-28T09:36:58.777137495Z + '[' 0 -gt 50000000 ']'
2026-01-28T09:36:58.777668557Z ++ ls -1 /var/log/ovn/acl-audit-log.log
2026-01-28T09:36:58.777721888Z ++ wc -l
2026-01-28T09:36:58.779210532Z + num_files=1
2026-01-28T09:36:58.779240552Z + '[' 1 -gt 5 ']'
2026-01-28T09:36:58.779240552Z + sleep 30
2026-01-28T09:37:28.780749558Z + true
2026-01-28T09:37:28.780749558Z + '[' -f /var/log/ovn/acl-audit-log.log ']'
2026-01-28T09:37:28.781333982Z ++ du -b /var/log/ovn/acl-audit-log.log
2026-01-28T09:37:28.781479565Z ++ tr -s '\t' ' '
2026-01-28T09:37:28.781662319Z ++ cut '-d ' -f1
2026-01-28T09:37:28.783431010Z + file_size=0
2026-01-28T09:37:28.783459370Z + '[' 0 -gt 50000000 ']'
2026-01-28T09:37:28.783969892Z ++ ls -1 /var/log/ovn/acl-audit-log.log
2026-01-28T09:37:28.784069044Z ++ wc -l
2026-01-28T09:37:28.785549228Z + num_files=1
2026-01-28T09:37:28.785575399Z + '[' 1 -gt 5 ']'
2026-01-28T09:37:28.785575399Z + sleep 30
2026-01-28T09:37:58.787074263Z + true
2026-01-28T09:37:58.787074263Z + '[' -f /var/log/ovn/acl-audit-log.log ']'
2026-01-28T09:37:58.787793989Z ++ du -b /var/log/ovn/acl-audit-log.log
2026-01-28T09:37:58.787989243Z ++ tr -s '\t' ' '
2026-01-28T09:37:58.788136166Z ++ cut '-d ' -f1
2026-01-28T09:37:58.789935266Z + file_size=0
2026-01-28T09:37:58.789959646Z + '[' 0 -gt 50000000 ']'
2026-01-28T09:37:58.790458577Z ++ ls -1 /var/log/ovn/acl-audit-log.log
2026-01-28T09:37:58.790548039Z ++ wc -l
2026-01-28T09:37:58.791991071Z + num_files=1
2026-01-28T09:37:58.792019922Z + '[' 1 -gt 5 ']'
2026-01-28T09:37:58.792019922Z + sleep 30
2026-01-28T09:38:28.793503862Z + true
2026-01-28T09:38:28.793548723Z + '[' -f /var/log/ovn/acl-audit-log.log ']'
2026-01-28T09:38:28.794105365Z ++ du -b /var/log/ovn/acl-audit-log.log
2026-01-28T09:38:28.794241258Z ++ tr -s '\t' ' '
2026-01-28T09:38:28.794419742Z ++ cut '-d ' -f1
2026-01-28T09:38:28.796217210Z + file_size=0
2026-01-28T09:38:28.796243951Z + '[' 0 -gt 50000000 ']'
2026-01-28T09:38:28.796727421Z ++ ls -1 /var/log/ovn/acl-audit-log.log
2026-01-28T09:38:28.796801303Z ++ wc -l
2026-01-28T09:38:28.798333275Z + num_files=1
2026-01-28T09:38:28.798358966Z + '[' 1 -gt 5 ']'
2026-01-28T09:38:28.798358966Z + sleep 30
2026-01-28T09:38:58.799839271Z + true
2026-01-28T09:38:58.799839271Z + '[' -f /var/log/ovn/acl-audit-log.log ']'
2026-01-28T09:38:58.800405843Z ++ du -b /var/log/ovn/acl-audit-log.log
2026-01-28T09:38:58.800552096Z ++ tr -s '\t' ' '
2026-01-28T09:38:58.800879573Z ++ cut '-d ' -f1
2026-01-28T09:38:58.802639840Z + file_size=0
2026-01-28T09:38:58.802670311Z + '[' 0 -gt 50000000 ']'
2026-01-28T09:38:58.803237893Z ++ ls -1 /var/log/ovn/acl-audit-log.log
2026-01-28T09:38:58.803332645Z ++ wc -l
2026-01-28T09:38:58.804866038Z + num_files=1
2026-01-28T09:38:58.804909109Z + '[' 1 -gt 5 ']'
2026-01-28T09:38:58.804909109Z + sleep 30
2026-01-28T09:39:28.806403554Z + true
2026-01-28T09:39:28.806403554Z + '[' -f /var/log/ovn/acl-audit-log.log ']'
2026-01-28T09:39:28.806943435Z ++ du -b /var/log/ovn/acl-audit-log.log
2026-01-28T09:39:28.807059758Z ++ tr -s '\t' ' '
2026-01-28T09:39:28.807273343Z ++ cut '-d ' -f1
2026-01-28T09:39:28.809013160Z + file_size=0
2026-01-28T09:39:28.809044620Z + '[' 0 -gt 50000000 ']'
2026-01-28T09:39:28.809558852Z ++ ls -1 /var/log/ovn/acl-audit-log.log
2026-01-28T09:39:28.809610383Z ++ wc -l
2026-01-28T09:39:28.811199867Z + num_files=1
2026-01-28T09:39:28.811225467Z + '[' 1 -gt 5 ']'
2026-01-28T09:39:28.811225467Z + sleep 30
2026-01-28T09:39:58.812729951Z + true
2026-01-28T09:39:58.812768302Z + '[' -f /var/log/ovn/acl-audit-log.log ']'
2026-01-28T09:39:58.813325353Z ++ du -b /var/log/ovn/acl-audit-log.log
2026-01-28T09:39:58.813458616Z ++ tr -s '\t' ' '
2026-01-28T09:39:58.813627280Z ++ cut '-d ' -f1
2026-01-28T09:39:58.815636942Z + file_size=0
2026-01-28T09:39:58.815718104Z + '[' 0 -gt 50000000 ']'
2026-01-28T09:39:58.816237605Z ++ ls -1 /var/log/ovn/acl-audit-log.log
2026-01-28T09:39:58.816299456Z ++ wc -l
2026-01-28T09:39:58.818044872Z + num_files=1
2026-01-28T09:39:58.818069773Z + '[' 1 -gt 5 ']'
2026-01-28T09:39:58.818069773Z + sleep 30
2026-01-28T09:40:28.819762642Z + true
2026-01-28T09:40:28.819800512Z + '[' -f /var/log/ovn/acl-audit-log.log ']'
2026-01-28T09:40:28.820300543Z ++ du -b /var/log/ovn/acl-audit-log.log
2026-01-28T09:40:28.820443506Z ++ tr -s '\t' ' '
2026-01-28T09:40:28.820608400Z ++ cut '-d ' -f1
2026-01-28T09:40:28.822336347Z + file_size=0
2026-01-28T09:40:28.822361627Z + '[' 0 -gt 50000000 ']'
2026-01-28T09:40:28.822839418Z ++ ls -1 /var/log/ovn/acl-audit-log.log
2026-01-28T09:40:28.822962420Z ++ wc -l
2026-01-28T09:40:28.824463893Z + num_files=1
2026-01-28T09:40:28.824491283Z + '[' 1 -gt 5 ']'
2026-01-28T09:40:28.824491283Z + sleep 30
2026-01-28T09:40:58.826200005Z + true
2026-01-28T09:40:58.826200005Z + '[' -f /var/log/ovn/acl-audit-log.log ']'
2026-01-28T09:40:58.826763717Z ++ du -b /var/log/ovn/acl-audit-log.log
2026-01-28T09:40:58.826942131Z ++ tr -s '\t' ' '
2026-01-28T09:40:58.827125815Z ++ cut '-d ' -f1
2026-01-28T09:40:58.828990915Z + file_size=0
2026-01-28T09:40:58.829019525Z + '[' 0 -gt 50000000 ']'
2026-01-28T09:40:58.829599568Z ++ ls -1 /var/log/ovn/acl-audit-log.log
2026-01-28T09:40:58.829663739Z ++ wc -l
2026-01-28T09:40:58.831207542Z + num_files=1
2026-01-28T09:40:58.831235263Z + '[' 1 -gt 5 ']'
2026-01-28T09:40:58.831235263Z + sleep 30
2026-01-28T09:41:28.832805656Z + true
2026-01-28T09:41:28.832845037Z + '[' -f /var/log/ovn/acl-audit-log.log ']'
2026-01-28T09:41:28.833391999Z ++ du -b /var/log/ovn/acl-audit-log.log
2026-01-28T09:41:28.833527672Z ++ tr -s '\t' ' '
2026-01-28T09:41:28.833753937Z ++ cut '-d ' -f1
2026-01-28T09:41:28.835573696Z + file_size=0
2026-01-28T09:41:28.835604386Z + '[' 0 -gt 50000000 ']'
2026-01-28T09:41:28.836135498Z ++ ls -1 /var/log/ovn/acl-audit-log.log
2026-01-28T09:41:28.836202129Z ++ wc -l
2026-01-28T09:41:28.837697881Z + num_files=1
2026-01-28T09:41:28.837728092Z + '[' 1 -gt 5 ']'
2026-01-28T09:41:28.837728092Z + sleep 30
2026-01-28T09:41:58.839310701Z + true
2026-01-28T09:41:58.839347962Z + '[' -f /var/log/ovn/acl-audit-log.log ']'
2026-01-28T09:41:58.840066587Z ++ du -b /var/log/ovn/acl-audit-log.log
2026-01-28T09:41:58.840337683Z ++ tr -s '\t' ' '
2026-01-28T09:41:58.842387257Z ++ cut '-d ' -f1
2026-01-28T09:41:58.844721977Z + file_size=0
2026-01-28T09:41:58.844792609Z + '[' 0 -gt 50000000 ']'
2026-01-28T09:41:58.845673398Z ++ wc -l
2026-01-28T09:41:58.845715989Z ++ ls -1 /var/log/ovn/acl-audit-log.log
2026-01-28T09:41:58.847804004Z + num_files=1
2026-01-28T09:41:58.847867615Z + '[' 1 -gt 5 ']'
2026-01-28T09:41:58.847934796Z + sleep 30
2026-01-28T09:42:28.849835521Z + true
2026-01-28T09:42:28.849835521Z + '[' -f /var/log/ovn/acl-audit-log.log ']'
2026-01-28T09:42:28.850399993Z ++ du -b /var/log/ovn/acl-audit-log.log
2026-01-28T09:42:28.850539246Z ++ tr -s '\t' ' '
2026-01-28T09:42:28.850715130Z ++ cut '-d ' -f1
2026-01-28T09:42:28.852471068Z + file_size=0
2026-01-28T09:42:28.852495488Z + '[' 0 -gt 50000000 ']'
2026-01-28T09:42:28.853019680Z ++ ls -1 /var/log/ovn/acl-audit-log.log
2026-01-28T09:42:28.853077121Z ++ wc -l
2026-01-28T09:42:28.854608614Z + num_files=1
2026-01-28T09:42:28.854635795Z + '[' 1 -gt 5 ']'
2026-01-28T09:42:28.854635795Z + sleep 30
2026-01-28T09:42:58.856252994Z + true
2026-01-28T09:42:58.856252994Z + '[' -f /var/log/ovn/acl-audit-log.log ']'
2026-01-28T09:42:58.856833776Z ++ du -b /var/log/ovn/acl-audit-log.log
2026-01-28T09:42:58.856977869Z ++ tr -s '\t' ' '
2026-01-28T09:42:58.857148203Z ++ cut '-d ' -f1
2026-01-28T09:42:58.859006012Z + file_size=0
2026-01-28T09:42:58.859037802Z + '[' 0 -gt 50000000 ']'
2026-01-28T09:42:58.859539383Z ++ ls -1 /var/log/ovn/acl-audit-log.log
2026-01-28T09:42:58.859606774Z ++ wc -l
2026-01-28T09:42:58.861151836Z + num_files=1
2026-01-28T09:42:58.861181197Z + '[' 1 -gt 5 ']'
2026-01-28T09:42:58.861181197Z + sleep 30
2026-01-28T09:43:28.862749800Z + true
2026-01-28T09:43:28.862798221Z + '[' -f /var/log/ovn/acl-audit-log.log ']'
2026-01-28T09:43:28.863363563Z ++ du -b /var/log/ovn/acl-audit-log.log
2026-01-28T09:43:28.863534637Z ++ tr -s '\t' ' '
2026-01-28T09:43:28.863831463Z ++ cut '-d ' -f1
2026-01-28T09:43:28.865941238Z + file_size=0
2026-01-28T09:43:28.865971059Z + '[' 0 -gt 50000000 ']'
2026-01-28T09:43:28.866497381Z ++ ls -1 /var/log/ovn/acl-audit-log.log
2026-01-28T09:43:28.866572812Z ++ wc -l
2026-01-28T09:43:28.868771869Z + num_files=1
2026-01-28T09:43:28.868844041Z + '[' 1 -gt 5 ']'
2026-01-28T09:43:28.869133697Z + sleep 30
2026-01-28T09:43:58.871033191Z + true
2026-01-28T09:43:58.871074022Z + '[' -f /var/log/ovn/acl-audit-log.log ']'
2026-01-28T09:43:58.872028812Z ++ du -b /var/log/ovn/acl-audit-log.log
2026-01-28T09:43:58.872371189Z ++ cut '-d ' -f1
2026-01-28T09:43:58.872480892Z ++ tr -s '\t' ' '
2026-01-28T09:43:58.874522226Z + file_size=0
2026-01-28T09:43:58.874585117Z + '[' 0 -gt 50000000 ']'
2026-01-28T09:43:58.875470286Z ++ ls -1 /var/log/ovn/acl-audit-log.log
2026-01-28T09:43:58.877419678Z ++ wc -l
2026-01-28T09:43:58.879460612Z + num_files=1
2026-01-28T09:43:58.879524553Z + '[' 1 -gt 5 ']'
2026-01-28T09:43:58.879555354Z + sleep 30
2026-01-28T09:44:28.881639912Z + true
2026-01-28T09:44:28.881681763Z + '[' -f /var/log/ovn/acl-audit-log.log ']'
2026-01-28T09:44:28.882237245Z ++ du -b /var/log/ovn/acl-audit-log.log
2026-01-28T09:44:28.882374978Z ++ tr -s '\t' ' '
2026-01-28T09:44:28.882541922Z ++ cut '-d ' -f1
2026-01-28T09:44:28.884400341Z + file_size=0
2026-01-28T09:44:28.884431172Z + '[' 0 -gt 50000000 ']'
2026-01-28T09:44:28.884952903Z ++ ls -1 /var/log/ovn/acl-audit-log.log
2026-01-28T09:44:28.885038155Z ++ wc -l
2026-01-28T09:44:28.886558517Z + num_files=1
2026-01-28T09:44:28.886588228Z + '[' 1 -gt 5 ']'
2026-01-28T09:44:28.886588228Z + sleep 30
2026-01-28T09:44:58.888191790Z + true
2026-01-28T09:44:58.888249761Z + '[' -f /var/log/ovn/acl-audit-log.log ']'
2026-01-28T09:44:58.888854324Z ++ du -b /var/log/ovn/acl-audit-log.log
2026-01-28T09:44:58.888958726Z ++ tr -s '\t' ' '
2026-01-28T09:44:58.889125430Z ++ cut '-d ' -f1
2026-01-28T09:44:58.891163233Z + file_size=0
2026-01-28T09:44:58.891191124Z + '[' 0 -gt 50000000 ']'
2026-01-28T09:44:58.891780376Z ++ ls -1 /var/log/ovn/acl-audit-log.log
2026-01-28T09:44:58.891916469Z ++ wc -l
2026-01-28T09:44:58.893719988Z + num_files=1
2026-01-28T09:44:58.893745648Z + '[' 1 -gt 5 ']'
2026-01-28T09:44:58.893745648Z + sleep 30
2026-01-28T09:45:28.895619757Z + true
2026-01-28T09:45:28.895619757Z + '[' -f /var/log/ovn/acl-audit-log.log ']'
2026-01-28T09:45:28.896279131Z ++ du -b /var/log/ovn/acl-audit-log.log
2026-01-28T09:45:28.896414374Z ++ tr -s '\t' ' '
2026-01-28T09:45:28.896608478Z ++ cut '-d ' -f1
2026-01-28T09:45:28.898408786Z + file_size=0
2026-01-28T09:45:28.898442427Z + '[' 0 -gt 50000000 ']'
2026-01-28T09:45:28.898977429Z ++ ls -1 /var/log/ovn/acl-audit-log.log
2026-01-28T09:45:28.899045390Z ++ wc -l
2026-01-28T09:45:28.900563763Z + num_files=1
2026-01-28T09:45:28.900589813Z + '[' 1 -gt 5 ']'
2026-01-28T09:45:28.900589813Z + sleep 30
2026-01-28T09:45:58.902217806Z + true
2026-01-28T09:45:58.902217806Z + '[' -f /var/log/ovn/acl-audit-log.log ']'
2026-01-28T09:45:58.902820029Z ++ du -b /var/log/ovn/acl-audit-log.log
2026-01-28T09:45:58.902965232Z ++ tr -s '\t' ' '
2026-01-28T09:45:58.903220887Z ++ cut '-d ' -f1
2026-01-28T09:45:58.904946734Z + file_size=0
2026-01-28T09:45:58.904979915Z + '[' 0 -gt 50000000 ']'
2026-01-28T09:45:58.905643379Z ++ ls -1 /var/log/ovn/acl-audit-log.log
2026-01-28T09:45:58.905741711Z ++ wc -l
2026-01-28T09:45:58.907312215Z + num_files=1
2026-01-28T09:45:58.907338256Z + '[' 1 -gt 5 ']'
2026-01-28T09:45:58.907338256Z + sleep 30
2026-01-28T09:46:28.908971775Z + true
2026-01-28T09:46:28.908971775Z + '[' -f /var/log/ovn/acl-audit-log.log ']'
2026-01-28T09:46:28.909519417Z ++ du -b /var/log/ovn/acl-audit-log.log
2026-01-28T09:46:28.909655110Z ++ tr -s '\t' ' '
2026-01-28T09:46:28.909802393Z ++ cut '-d ' -f1
2026-01-28T09:46:28.911660053Z + file_size=0
2026-01-28T09:46:28.911691633Z + '[' 0 -gt 50000000 ']'
2026-01-28T09:46:28.912191304Z ++ ls -1 /var/log/ovn/acl-audit-log.log
2026-01-28T09:46:28.912285556Z ++ wc -l
2026-01-28T09:46:28.913863030Z + num_files=1
2026-01-28T09:46:28.913907951Z + '[' 1 -gt 5 ']'
2026-01-28T09:46:28.913907951Z + sleep 30
2026-01-28T09:46:58.915600212Z + true
2026-01-28T09:46:58.915655713Z + '[' -f /var/log/ovn/acl-audit-log.log ']'
2026-01-28T09:46:58.916241595Z ++ du -b /var/log/ovn/acl-audit-log.log
2026-01-28T09:46:58.916469000Z ++ tr -s '\t' ' '
2026-01-28T09:46:58.916580062Z ++ cut '-d ' -f1
2026-01-28T09:46:58.918564544Z + file_size=0
2026-01-28T09:46:58.918591885Z + '[' 0 -gt 50000000 ']'
2026-01-28T09:46:58.919148747Z ++ ls -1 /var/log/ovn/acl-audit-log.log
2026-01-28T09:46:58.919231989Z ++ wc -l
2026-01-28T09:46:58.921225241Z + num_files=1
2026-01-28T09:46:58.921225241Z + '[' 1 -gt 5 ']'
2026-01-28T09:46:58.921253881Z + sleep 30
2026-01-28T09:47:28.922783990Z + true
2026-01-28T09:47:28.922783990Z + '[' -f /var/log/ovn/acl-audit-log.log ']'
2026-01-28T09:47:28.923366362Z ++ du -b /var/log/ovn/acl-audit-log.log
2026-01-28T09:47:28.923570737Z ++ tr -s '\t' ' '
2026-01-28T09:47:28.923728200Z ++ cut '-d ' -f1
2026-01-28T09:47:28.925535168Z + file_size=0
2026-01-28T09:47:28.925566699Z + '[' 0 -gt 50000000 ']'
2026-01-28T09:47:28.926269064Z ++ ls -1 /var/log/ovn/acl-audit-log.log
2026-01-28T09:47:28.926269064Z ++ wc -l
2026-01-28T09:47:28.927959070Z + num_files=1
2026-01-28T09:47:28.927986240Z + '[' 1 -gt 5 ']'
2026-01-28T09:47:28.927986240Z + sleep 30
2026-01-28T09:47:58.929541151Z + true
2026-01-28T09:47:58.929541151Z + '[' -f /var/log/ovn/acl-audit-log.log ']'
2026-01-28T09:47:58.930124933Z ++ du -b /var/log/ovn/acl-audit-log.log
2026-01-28T09:47:58.930298717Z ++ tr -s '\t' ' '
2026-01-28T09:47:58.930500251Z ++ cut '-d ' -f1
2026-01-28T09:47:58.932315960Z + file_size=0
2026-01-28T09:47:58.932346271Z + '[' 0 -gt 50000000 ']'
2026-01-28T09:47:58.932843991Z ++ ls -1 /var/log/ovn/acl-audit-log.log
2026-01-28T09:47:58.932973754Z ++ wc -l
2026-01-28T09:47:58.934555838Z + num_files=1
2026-01-28T09:47:58.934584748Z + '[' 1 -gt 5 ']'
2026-01-28T09:47:58.934584748Z + sleep 30
2026-01-28T09:48:28.936407127Z + true
2026-01-28T09:48:28.936407127Z + '[' -f /var/log/ovn/acl-audit-log.log ']'
2026-01-28T09:48:28.937003780Z ++ du -b /var/log/ovn/acl-audit-log.log
2026-01-28T09:48:28.937147373Z ++ tr -s '\t' ' '
2026-01-28T09:48:28.937337497Z ++ cut '-d ' -f1
2026-01-28T09:48:28.939154666Z + file_size=0
2026-01-28T09:48:28.939180846Z + '[' 0 -gt 50000000 ']'
2026-01-28T09:48:28.939656466Z ++ ls -1 /var/log/ovn/acl-audit-log.log
2026-01-28T09:48:28.939746299Z ++ wc -l
2026-01-28T09:48:28.941236551Z + num_files=1
2026-01-28T09:48:28.941276921Z + '[' 1 -gt 5 ']'
2026-01-28T09:48:28.941276921Z + sleep 30
2026-01-28T09:48:58.942941051Z + true
2026-01-28T09:48:58.942941051Z + '[' -f /var/log/ovn/acl-audit-log.log ']'
2026-01-28T09:48:58.943502483Z ++ du -b /var/log/ovn/acl-audit-log.log
2026-01-28T09:48:58.943639886Z ++ tr -s '\t' ' '
2026-01-28T09:48:58.943826491Z ++ cut '-d ' -f1
2026-01-28T09:48:58.945640212Z + file_size=0
2026-01-28T09:48:58.945665542Z + '[' 0 -gt 50000000 ']'
2026-01-28T09:48:58.946207204Z ++ ls -1 /var/log/ovn/acl-audit-log.log
2026-01-28T09:48:58.946295096Z ++ wc -l
2026-01-28T09:48:58.947851991Z + num_files=1
2026-01-28T09:48:58.947877212Z + '[' 1 -gt 5 ']'
2026-01-28T09:48:58.947877212Z + sleep 30
2026-01-28T09:49:28.949452053Z + true
2026-01-28T09:49:28.949452053Z + '[' -f /var/log/ovn/acl-audit-log.log ']'
2026-01-28T09:49:28.950023265Z ++ du -b /var/log/ovn/acl-audit-log.log
2026-01-28T09:49:28.950156658Z ++ tr -s '\t' ' '
2026-01-28T09:49:28.950326832Z ++ cut '-d ' -f1
2026-01-28T09:49:28.952124700Z + file_size=0
2026-01-28T09:49:28.952156071Z + '[' 0 -gt 50000000 ']'
2026-01-28T09:49:28.952680302Z ++ ls -1 /var/log/ovn/acl-audit-log.log
2026-01-28T09:49:28.952779164Z ++ wc -l
2026-01-28T09:49:28.954534261Z + num_files=1
2026-01-28T09:49:28.954561282Z + '[' 1 -gt 5 ']'
2026-01-28T09:49:28.954561282Z + sleep 30
2026-01-28T09:49:58.956075536Z + true
2026-01-28T09:49:58.956075536Z + '[' -f /var/log/ovn/acl-audit-log.log ']'
2026-01-28T09:49:58.956633917Z ++ du -b /var/log/ovn/acl-audit-log.log
2026-01-28T09:49:58.957088917Z ++ tr -s '\t' ' '
2026-01-28T09:49:58.957088917Z ++ cut '-d ' -f1
2026-01-28T09:49:58.958737291Z + file_size=0
2026-01-28T09:49:58.958760562Z + '[' 0 -gt 50000000 ']'
2026-01-28T09:49:58.959263632Z ++ ls -1 /var/log/ovn/acl-audit-log.log
2026-01-28T09:49:58.959343244Z ++ wc -l
2026-01-28T09:49:58.960936228Z + num_files=1
2026-01-28T09:49:58.960966699Z + '[' 1 -gt 5 ']'
2026-01-28T09:49:58.960966699Z + sleep 30
2026-01-28T09:50:28.962701951Z + true
2026-01-28T09:50:28.962767143Z + '[' -f /var/log/ovn/acl-audit-log.log ']'
2026-01-28T09:50:28.963309164Z ++ du -b /var/log/ovn/acl-audit-log.log
2026-01-28T09:50:28.963463348Z ++ tr -s '\t' ' '
2026-01-28T09:50:28.963635721Z ++ cut '-d ' -f1
2026-01-28T09:50:28.965380319Z + file_size=0
2026-01-28T09:50:28.965411389Z + '[' 0 -gt 50000000 ']'
2026-01-28T09:50:28.965900130Z ++ ls -1 /var/log/ovn/acl-audit-log.log
2026-01-28T09:50:28.966013273Z ++ wc -l
2026-01-28T09:50:28.967812111Z + num_files=1
2026-01-28T09:50:28.967842432Z + '[' 1 -gt 5 ']'
2026-01-28T09:50:28.967842432Z + sleep 30
2026-01-28T09:50:58.969660419Z + true
2026-01-28T09:50:58.969761621Z + '[' -f /var/log/ovn/acl-audit-log.log ']'
2026-01-28T09:50:58.970811013Z ++ du -b /var/log/ovn/acl-audit-log.log
2026-01-28T09:50:58.971020498Z ++ tr -s '\t' ' '
2026-01-28T09:50:58.975030534Z ++ cut '-d ' -f1
2026-01-28T09:50:58.976918245Z + file_size=0
2026-01-28T09:50:58.976984966Z + '[' 0 -gt 50000000 ']'
2026-01-28T09:50:58.977744123Z ++ wc -l
2026-01-28T09:50:58.977987538Z ++ ls -1 /var/log/ovn/acl-audit-log.log
2026-01-28T09:50:58.981751329Z + num_files=1
2026-01-28T09:50:58.981751329Z + '[' 1 -gt 5 ']'
2026-01-28T09:50:58.981785970Z + sleep 30
2026-01-28T09:51:28.983530382Z + true
2026-01-28T09:51:28.983530382Z + '[' -f /var/log/ovn/acl-audit-log.log ']'
2026-01-28T09:51:28.984119134Z ++ du -b /var/log/ovn/acl-audit-log.log
2026-01-28T09:51:28.984273768Z ++ tr -s '\t' ' '
2026-01-28T09:51:28.984419341Z ++ cut '-d ' -f1
2026-01-28T09:51:28.986207539Z + file_size=0
2026-01-28T09:51:28.986232250Z + '[' 0 -gt 50000000 ']'
2026-01-28T09:51:28.986693660Z ++ ls -1 /var/log/ovn/acl-audit-log.log
2026-01-28T09:51:28.986780912Z ++ wc -l
2026-01-28T09:51:28.988261874Z + num_files=1
2026-01-28T09:51:28.988290994Z + '[' 1 -gt 5 ']'
2026-01-28T09:51:28.988290994Z + sleep 30
2026-01-28T09:51:58.989814501Z + true
2026-01-28T09:51:58.989814501Z + '[' -f /var/log/ovn/acl-audit-log.log ']'
2026-01-28T09:51:58.990399343Z ++ du -b /var/log/ovn/acl-audit-log.log
2026-01-28T09:51:58.990545886Z ++ tr -s '\t' ' '
2026-01-28T09:51:58.990727101Z ++ cut '-d ' -f1
2026-01-28T09:51:58.992525239Z + file_size=0
2026-01-28T09:51:58.992558080Z + '[' 0 -gt 50000000 ']'
2026-01-28T09:51:58.993102932Z ++ ls -1 /var/log/ovn/acl-audit-log.log
2026-01-28T09:51:58.993206984Z ++ wc -l
2026-01-28T09:51:58.994941061Z + num_files=1
2026-01-28T09:51:58.994972052Z + '[' 1 -gt 5 ']'
2026-01-28T09:51:58.994972052Z + sleep 30
2026-01-28T09:52:28.996546783Z + true
2026-01-28T09:52:28.996546783Z + '[' -f /var/log/ovn/acl-audit-log.log ']'
2026-01-28T09:52:28.997131275Z ++ du -b /var/log/ovn/acl-audit-log.log
2026-01-28T09:52:28.997286328Z ++ tr -s '\t' ' '
2026-01-28T09:52:28.997424542Z ++ cut '-d ' -f1
2026-01-28T09:52:28.999242080Z + file_size=0
2026-01-28T09:52:28.999271571Z + '[' 0 -gt 50000000 ']'
2026-01-28T09:52:28.999757201Z ++ ls -1 /var/log/ovn/acl-audit-log.log
2026-01-28T09:52:28.999824583Z ++ wc -l
2026-01-28T09:52:29.001363736Z + num_files=1
2026-01-28T09:52:29.001392296Z + '[' 1 -gt 5 ']'
2026-01-28T09:52:29.001392296Z + sleep 30
2026-01-28T09:52:59.002918080Z + true
2026-01-28T09:52:59.002918080Z + '[' -f /var/log/ovn/acl-audit-log.log ']'
2026-01-28T09:52:59.003452121Z ++ du -b /var/log/ovn/acl-audit-log.log
2026-01-28T09:52:59.003596534Z ++ tr -s '\t' ' '
2026-01-28T09:52:59.003758678Z ++ cut '-d ' -f1
2026-01-28T09:52:59.005506085Z + file_size=0
2026-01-28T09:52:59.005532676Z + '[' 0 -gt 50000000 ']'
2026-01-28T09:52:59.006043187Z ++ ls -1 /var/log/ovn/acl-audit-log.log
2026-01-28T09:52:59.006131428Z ++ wc -l
2026-01-28T09:52:59.007844095Z + num_files=1
2026-01-28T09:52:59.007871906Z + '[' 1 -gt 5 ']'
2026-01-28T09:52:59.007871906Z + sleep 30
2026-01-28T09:53:29.009404084Z + true
2026-01-28T09:53:29.009404084Z + '[' -f /var/log/ovn/acl-audit-log.log ']'
2026-01-28T09:53:29.009983446Z ++ du -b /var/log/ovn/acl-audit-log.log
2026-01-28T09:53:29.010119359Z ++ tr -s '\t' ' '
2026-01-28T09:53:29.010351934Z ++ cut '-d ' -f1
2026-01-28T09:53:29.012191934Z + file_size=0
2026-01-28T09:53:29.012216024Z + '[' 0 -gt 50000000 ']'
2026-01-28T09:53:29.012720755Z ++ ls -1 /var/log/ovn/acl-audit-log.log
2026-01-28T09:53:29.012811017Z ++ wc -l
2026-01-28T09:53:29.014334500Z + num_files=1
2026-01-28T09:53:29.014334500Z + '[' 1 -gt 5 ']'
2026-01-28T09:53:29.014369971Z + sleep 30
2026-01-28T09:53:59.016243941Z + true
2026-01-28T09:53:59.016243941Z + '[' -f /var/log/ovn/acl-audit-log.log ']'
2026-01-28T09:53:59.016708511Z ++ du -b /var/log/ovn/acl-audit-log.log
2026-01-28T09:53:59.017138050Z ++ tr -s '\t' ' '
2026-01-28T09:53:59.017285813Z ++ cut '-d ' -f1
2026-01-28T09:53:59.019226965Z + file_size=0
2026-01-28T09:53:59.019255405Z + '[' 0 -gt 50000000 ']'
2026-01-28T09:53:59.019823398Z ++ ls -1 /var/log/ovn/acl-audit-log.log
2026-01-28T09:53:59.019923690Z ++ wc -l
2026-01-28T09:53:59.021740099Z + num_files=1
2026-01-28T09:53:59.021761629Z + '[' 1 -gt 5 ']'
2026-01-28T09:53:59.021761629Z + sleep 30
2026-01-28T09:54:29.024092369Z + true
2026-01-28T09:54:29.024191581Z + '[' -f /var/log/ovn/acl-audit-log.log ']'
2026-01-28T09:54:29.025785036Z ++ tr -s '\t' ' '
2026-01-28T09:54:29.025957890Z ++ cut '-d ' -f1
2026-01-28T09:54:29.026083122Z ++ du -b /var/log/ovn/acl-audit-log.log
2026-01-28T09:54:29.031520721Z + file_size=0
2026-01-28T09:54:29.031599193Z + '[' 0 -gt 50000000 ']'
2026-01-28T09:54:29.032308408Z ++ ls -1 /var/log/ovn/acl-audit-log.log
2026-01-28T09:54:29.032628185Z ++ wc -l
2026-01-28T09:54:29.034790972Z + num_files=1
2026-01-28T09:54:29.034863684Z + '[' 1 -gt 5 ']'
2026-01-28T09:54:29.034927575Z + sleep 30
2026-01-28T09:54:59.036839912Z + true
2026-01-28T09:54:59.036839912Z + '[' -f /var/log/ovn/acl-audit-log.log ']'
2026-01-28T09:54:59.037461935Z ++ du -b /var/log/ovn/acl-audit-log.log
2026-01-28T09:54:59.037598028Z ++ tr -s '\t' ' '
2026-01-28T09:54:59.037766282Z ++ cut '-d ' -f1
2026-01-28T09:54:59.039521840Z + file_size=0
2026-01-28T09:54:59.039551880Z + '[' 0 -gt 50000000 ']'
2026-01-28T09:54:59.040059321Z ++ ls -1 /var/log/ovn/acl-audit-log.log
2026-01-28T09:54:59.040112812Z ++ wc -l
2026-01-28T09:54:59.041652386Z + num_files=1
2026-01-28T09:54:59.041679376Z + '[' 1 -gt 5 ']'
2026-01-28T09:54:59.041679376Z + sleep 30
2026-01-28T09:55:29.043185753Z + true
2026-01-28T09:55:29.043296485Z + '[' -f /var/log/ovn/acl-audit-log.log ']'
2026-01-28T09:55:29.044001570Z ++ du -b /var/log/ovn/acl-audit-log.log
2026-01-28T09:55:29.044134912Z ++ tr -s '\t' ' '
2026-01-28T09:55:29.044315896Z ++ cut '-d ' -f1
2026-01-28T09:55:29.046080892Z + file_size=0
2026-01-28T09:55:29.046111593Z + '[' 0 -gt 50000000 ']'
2026-01-28T09:55:29.046701685Z ++ ls -1 /var/log/ovn/acl-audit-log.log
2026-01-28T09:55:29.046785817Z ++ wc -l
2026-01-28T09:55:29.048595664Z + num_files=1
2026-01-28T09:55:29.048623715Z + '[' 1 -gt 5 ']'
2026-01-28T09:55:29.048623715Z + sleep 30
2026-01-28T09:55:59.050330109Z + true
2026-01-28T09:55:59.050381190Z + '[' -f /var/log/ovn/acl-audit-log.log ']'
2026-01-28T09:55:59.050935892Z ++ du -b /var/log/ovn/acl-audit-log.log
2026-01-28T09:55:59.051079815Z ++ tr -s '\t' ' '
2026-01-28T09:55:59.051268999Z ++ cut '-d ' -f1
2026-01-28T09:55:59.053051107Z + file_size=0
2026-01-28T09:55:59.053075527Z + '[' 0 -gt 50000000 ']'
2026-01-28T09:55:59.053576628Z ++ ls -1 /var/log/ovn/acl-audit-log.log
2026-01-28T09:55:59.053643410Z ++ wc -l
2026-01-28T09:55:59.055179412Z + num_files=1
2026-01-28T09:55:59.055209883Z + '[' 1 -gt 5 ']'
2026-01-28T09:55:59.055209883Z + sleep 30
2026-01-28T09:56:29.056780762Z + true
2026-01-28T09:56:29.056780762Z + '[' -f /var/log/ovn/acl-audit-log.log ']'
2026-01-28T09:56:29.057419196Z ++ du -b /var/log/ovn/acl-audit-log.log
2026-01-28T09:56:29.057772313Z ++ tr -s '\t' ' '
2026-01-28T09:56:29.057970887Z ++ cut '-d ' -f1
2026-01-28T09:56:29.059870618Z + file_size=0
2026-01-28T09:56:29.059914349Z + '[' 0 -gt 50000000 ']'
2026-01-28T09:56:29.060415520Z ++ ls -1 /var/log/ovn/acl-audit-log.log
2026-01-28T09:56:29.060473631Z ++ wc -l
2026-01-28T09:56:29.062141467Z + num_files=1
2026-01-28T09:56:29.062212588Z + '[' 1 -gt 5 ']'
2026-01-28T09:56:29.062248279Z + sleep 30
2026-01-28T09:56:59.064053032Z + true
2026-01-28T09:56:59.064053032Z + '[' -f /var/log/ovn/acl-audit-log.log ']'
2026-01-28T09:56:59.064731847Z ++ du -b /var/log/ovn/acl-audit-log.log
2026-01-28T09:56:59.064875350Z ++ tr -s '\t' ' '
2026-01-28T09:56:59.065093235Z ++ cut '-d ' -f1
2026-01-28T09:56:59.066948494Z + file_size=0
2026-01-28T09:56:59.066972735Z + '[' 0 -gt 50000000 ']'
2026-01-28T09:56:59.067475926Z ++ ls -1 /var/log/ovn/acl-audit-log.log
2026-01-28T09:56:59.067540237Z ++ wc -l
2026-01-28T09:56:59.069100020Z + num_files=1
2026-01-28T09:56:59.069126161Z + '[' 1 -gt 5 ']'
2026-01-28T09:56:59.069126161Z + sleep 30
2026-01-28T09:57:29.070688374Z + true
2026-01-28T09:57:29.070733225Z + '[' -f /var/log/ovn/acl-audit-log.log ']'
2026-01-28T09:57:29.071353678Z ++ du -b /var/log/ovn/acl-audit-log.log
2026-01-28T09:57:29.071449271Z ++ tr -s '\t' ' '
2026-01-28T09:57:29.071643765Z ++ cut '-d ' -f1
2026-01-28T09:57:29.073594497Z + file_size=0
2026-01-28T09:57:29.073622718Z + '[' 0 -gt 50000000 ']'
2026-01-28T09:57:29.074242121Z ++ ls -1 /var/log/ovn/acl-audit-log.log
2026-01-28T09:57:29.074289722Z ++ wc -l
2026-01-28T09:57:29.076023509Z + num_files=1
2026-01-28T09:57:29.076051320Z + '[' 1 -gt 5 ']'
2026-01-28T09:57:29.076051320Z + sleep 30
2026-01-28T09:57:59.077704471Z + true
2026-01-28T09:57:59.077704471Z + '[' -f /var/log/ovn/acl-audit-log.log ']'
2026-01-28T09:57:59.078272434Z ++ du -b /var/log/ovn/acl-audit-log.log
2026-01-28T09:57:59.078441957Z ++ tr -s '\t' ' '
2026-01-28T09:57:59.078619071Z ++ cut '-d ' -f1
2026-01-28T09:57:59.080401099Z + file_size=0
2026-01-28T09:57:59.080401099Z + '[' 0 -gt 50000000 ']'
2026-01-28T09:57:59.080920760Z ++ ls -1 /var/log/ovn/acl-audit-log.log
2026-01-28T09:57:59.080997442Z ++ wc -l
2026-01-28T09:57:59.082578966Z + num_files=1
2026-01-28T09:57:59.082606327Z + '[' 1 -gt 5 ']'
2026-01-28T09:57:59.082606327Z + sleep 30
2026-01-28T09:58:29.084285155Z + true
2026-01-28T09:58:29.084338197Z + '[' -f /var/log/ovn/acl-audit-log.log ']'
2026-01-28T09:58:29.084954220Z ++ du -b /var/log/ovn/acl-audit-log.log
2026-01-28T09:58:29.085285347Z ++ cut '-d ' -f1
2026-01-28T09:58:29.085356218Z ++ tr -s '\t' ' '
2026-01-28T09:58:29.087541816Z + file_size=0
2026-01-28T09:58:29.087569586Z + '[' 0 -gt 50000000 ']'
2026-01-28T09:58:29.088279891Z ++ wc -l
2026-01-28T09:58:29.088367323Z ++ ls -1 /var/log/ovn/acl-audit-log.log
2026-01-28T09:58:29.090367396Z + num_files=1
2026-01-28T09:58:29.090427197Z + '[' 1 -gt 5 ']'
2026-01-28T09:58:29.090427197Z + sleep 30
2026-01-28T09:58:59.092091082Z + true
2026-01-28T09:58:59.092091082Z + '[' -f /var/log/ovn/acl-audit-log.log ']'
2026-01-28T09:58:59.092715876Z ++ du -b /var/log/ovn/acl-audit-log.log
2026-01-28T09:58:59.093082553Z ++ tr -s '\t' ' '
2026-01-28T09:58:59.093082553Z ++ cut '-d ' -f1
2026-01-28T09:58:59.095146588Z + file_size=0
2026-01-28T09:58:59.095174678Z + '[' 0 -gt 50000000 ']'
2026-01-28T09:58:59.095641908Z ++ ls -1 /var/log/ovn/acl-audit-log.log
2026-01-28T09:58:59.095710100Z ++ wc -l
2026-01-28T09:58:59.097494798Z + num_files=1
2026-01-28T09:58:59.097522559Z + '[' 1 -gt 5 ']'
2026-01-28T09:58:59.097522559Z + sleep 30
2026-01-28T09:59:29.099187318Z + true
2026-01-28T09:59:29.099187318Z + '[' -f /var/log/ovn/acl-audit-log.log ']'
2026-01-28T09:59:29.099754281Z ++ du -b /var/log/ovn/acl-audit-log.log
2026-01-28T09:59:29.099922294Z ++ tr -s '\t' ' '
2026-01-28T09:59:29.100128489Z ++ cut '-d ' -f1
2026-01-28T09:59:29.101819765Z + file_size=0
2026-01-28T09:59:29.101844425Z + '[' 0 -gt 50000000 ']'
2026-01-28T09:59:29.102364056Z ++ ls -1 /var/log/ovn/acl-audit-log.log
2026-01-28T09:59:29.102445168Z ++ wc -l
2026-01-28T09:59:29.104056213Z + num_files=1
2026-01-28T09:59:29.104085713Z + '[' 1 -gt 5 ']'
2026-01-28T09:59:29.104085713Z + sleep 30
2026-01-28T09:59:59.105627464Z + true
2026-01-28T09:59:59.105627464Z + '[' -f /var/log/ovn/acl-audit-log.log ']'
2026-01-28T09:59:59.106265278Z ++ du -b /var/log/ovn/acl-audit-log.log
2026-01-28T09:59:59.106364310Z ++ tr -s '\t' ' '
2026-01-28T09:59:59.106544724Z ++ cut '-d ' -f1
2026-01-28T09:59:59.108427974Z + file_size=0
2026-01-28T09:59:59.108454605Z + '[' 0 -gt 50000000 ']'
2026-01-28T09:59:59.109016487Z ++ ls -1 /var/log/ovn/acl-audit-log.log
2026-01-28T09:59:59.109121839Z ++ wc -l
2026-01-28T09:59:59.110841736Z + num_files=1
2026-01-28T09:59:59.110872576Z + '[' 1 -gt 5 ']'
2026-01-28T09:59:59.110872576Z + sleep 30
2026-01-28T10:00:29.112416272Z + true
2026-01-28T10:00:29.112416272Z + '[' -f /var/log/ovn/acl-audit-log.log ']'
2026-01-28T10:00:29.112977194Z ++ du -b /var/log/ovn/acl-audit-log.log
2026-01-28T10:00:29.113240730Z ++ tr -s '\t' ' '
2026-01-28T10:00:29.113336981Z ++ cut '-d ' -f1
2026-01-28T10:00:29.115159540Z + file_size=0
2026-01-28T10:00:29.115184261Z + '[' 0 -gt 50000000 ']'
2026-01-28T10:00:29.115664301Z ++ ls -1 /var/log/ovn/acl-audit-log.log
2026-01-28T10:00:29.115745013Z ++ wc -l
2026-01-28T10:00:29.117261536Z + num_files=1
2026-01-28T10:00:29.117302997Z + '[' 1 -gt 5 ']'
2026-01-28T10:00:29.117302997Z + sleep 30
2026-01-28T10:00:59.118906864Z + true
2026-01-28T10:00:59.118953674Z + '[' -f /var/log/ovn/acl-audit-log.log ']'
2026-01-28T10:00:59.119471265Z ++ du -b /var/log/ovn/acl-audit-log.log
2026-01-28T10:00:59.119616809Z ++ tr -s '\t' ' '
2026-01-28T10:00:59.119779162Z ++ cut '-d ' -f1
2026-01-28T10:00:59.121534240Z + file_size=0
2026-01-28T10:00:59.121559280Z + '[' 0 -gt 50000000 ']'
2026-01-28T10:00:59.122073671Z ++ ls -1 /var/log/ovn/acl-audit-log.log
2026-01-28T10:00:59.122154703Z ++ wc -l
2026-01-28T10:00:59.123626284Z + num_files=1
2026-01-28T10:00:59.123654105Z + '[' 1 -gt 5 ']'
2026-01-28T10:00:59.123654105Z + sleep 30
2026-01-28T10:01:29.125222549Z + true
2026-01-28T10:01:29.125222549Z + '[' -f /var/log/ovn/acl-audit-log.log ']'
2026-01-28T10:01:29.125798101Z ++ du -b /var/log/ovn/acl-audit-log.log
2026-01-28T10:01:29.125991555Z ++ tr -s '\t' ' '
2026-01-28T10:01:29.126145119Z ++ cut '-d ' -f1
2026-01-28T10:01:29.127924877Z + file_size=0
2026-01-28T10:01:29.127924877Z + '[' 0 -gt 50000000 ']'
2026-01-28T10:01:29.128401387Z ++ ls -1 /var/log/ovn/acl-audit-log.log
2026-01-28T10:01:29.128490559Z ++ wc -l
2026-01-28T10:01:29.130069043Z + num_files=1
2026-01-28T10:01:29.130100183Z + '[' 1 -gt 5 ']'
2026-01-28T10:01:29.130100183Z + sleep 30
2026-01-28T10:01:59.131669165Z + true
2026-01-28T10:01:59.131723266Z + '[' -f /var/log/ovn/acl-audit-log.log ']'
2026-01-28T10:01:59.132252468Z ++ du -b /var/log/ovn/acl-audit-log.log
2026-01-28T10:01:59.132614645Z ++ cut '-d ' -f1
2026-01-28T10:01:59.133065185Z ++ tr -s '\t' ' '
2026-01-28T10:01:59.134762742Z + file_size=0
2026-01-28T10:01:59.134787352Z + '[' 0 -gt 50000000 ']'
2026-01-28T10:01:59.135297873Z ++ ls -1 /var/log/ovn/acl-audit-log.log
2026-01-28T10:01:59.135375635Z ++ wc -l
2026-01-28T10:01:59.136899117Z + num_files=1
2026-01-28T10:01:59.136926398Z + '[' 1 -gt 5 ']'
2026-01-28T10:01:59.136926398Z + sleep 30
2026-01-28T10:02:29.138519426Z + true
2026-01-28T10:02:29.138519426Z + '[' -f /var/log/ovn/acl-audit-log.log ']'
2026-01-28T10:02:29.139092268Z ++ du -b /var/log/ovn/acl-audit-log.log
2026-01-28T10:02:29.139540728Z ++ tr -s '\t' ' '
2026-01-28T10:02:29.139540728Z ++ cut '-d ' -f1
2026-01-28T10:02:29.141223714Z + file_size=0
2026-01-28T10:02:29.141253954Z + '[' 0 -gt 50000000 ']'
2026-01-28T10:02:29.141751495Z ++ ls -1 /var/log/ovn/acl-audit-log.log
2026-01-28T10:02:29.141820916Z ++ wc -l
2026-01-28T10:02:29.143511572Z + num_files=1
2026-01-28T10:02:29.143538823Z + '[' 1 -gt 5 ']'
2026-01-28T10:02:29.143538823Z + sleep 30
2026-01-28T10:02:59.145099134Z + true
2026-01-28T10:02:59.145099134Z + '[' -f /var/log/ovn/acl-audit-log.log ']'
2026-01-28T10:02:59.145671926Z ++ du -b /var/log/ovn/acl-audit-log.log
2026-01-28T10:02:59.145820429Z ++ tr -s '\t' ' '
2026-01-28T10:02:59.145997783Z ++ cut '-d ' -f1
2026-01-28T10:02:59.147699630Z + file_size=0
2026-01-28T10:02:59.147724120Z + '[' 0 -gt 50000000 ']'
2026-01-28T10:02:59.148243391Z ++ ls -1 /var/log/ovn/acl-audit-log.log
2026-01-28T10:02:59.148321633Z ++ wc -l
2026-01-28T10:02:59.149925187Z + num_files=1
2026-01-28T10:02:59.149925187Z + '[' 1 -gt 5 ']'
2026-01-28T10:02:59.149948678Z + sleep 30
2026-01-28T10:03:29.151511931Z + true
2026-01-28T10:03:29.151511931Z + '[' -f /var/log/ovn/acl-audit-log.log ']'
2026-01-28T10:03:29.152099524Z ++ du -b /var/log/ovn/acl-audit-log.log
2026-01-28T10:03:29.152226617Z ++ tr -s '\t' ' '
2026-01-28T10:03:29.152399800Z ++ cut '-d ' -f1
2026-01-28T10:03:29.154210709Z + file_size=0
2026-01-28T10:03:29.154238550Z + '[' 0 -gt 50000000 ']'
2026-01-28T10:03:29.154702770Z ++ ls -1 /var/log/ovn/acl-audit-log.log
2026-01-28T10:03:29.154778581Z ++ wc -l
2026-01-28T10:03:29.156291444Z + num_files=1
2026-01-28T10:03:29.156291444Z + '[' 1 -gt 5 ']'
2026-01-28T10:03:29.156320054Z + sleep 30
2026-01-28T10:03:59.157936430Z + true
2026-01-28T10:03:59.157936430Z + '[' -f /var/log/ovn/acl-audit-log.log ']'
2026-01-28T10:03:59.158453441Z ++ du -b /var/log/ovn/acl-audit-log.log
2026-01-28T10:03:59.158602274Z ++ tr -s '\t' ' '
2026-01-28T10:03:59.158764327Z ++ cut '-d ' -f1
2026-01-28T10:03:59.160623477Z + file_size=0
2026-01-28T10:03:59.160655238Z + '[' 0 -gt 50000000 ']'
2026-01-28T10:03:59.161163128Z ++ ls -1 /var/log/ovn/acl-audit-log.log
2026-01-28T10:03:59.161250530Z ++ wc -l
2026-01-28T10:03:59.162751942Z + num_files=1
2026-01-28T10:03:59.162781523Z + '[' 1 -gt 5 ']'
2026-01-28T10:03:59.162781523Z + sleep 30
2026-01-28T10:04:29.164330892Z + true
2026-01-28T10:04:29.164330892Z + '[' -f /var/log/ovn/acl-audit-log.log ']'
2026-01-28T10:04:29.164951816Z ++ du -b /var/log/ovn/acl-audit-log.log
2026-01-28T10:04:29.165114389Z ++ tr -s '\t' ' '
2026-01-28T10:04:29.165325173Z ++ cut '-d ' -f1
2026-01-28T10:04:29.167760605Z + file_size=0
2026-01-28T10:04:29.167796306Z + '[' 0 -gt 50000000 ']'
2026-01-28T10:04:29.168319537Z ++ ls -1 /var/log/ovn/acl-audit-log.log
2026-01-28T10:04:29.168373518Z ++ wc -l
2026-01-28T10:04:29.170143586Z + num_files=1
2026-01-28T10:04:29.170172766Z + '[' 1 -gt 5 ']'
2026-01-28T10:04:29.170172766Z + sleep 30
2026-01-28T10:04:59.171744424Z + true
2026-01-28T10:04:59.171808035Z + '[' -f /var/log/ovn/acl-audit-log.log ']'
2026-01-28T10:04:59.172343957Z ++ du -b /var/log/ovn/acl-audit-log.log
2026-01-28T10:04:59.172492780Z ++ tr -s '\t' ' '
2026-01-28T10:04:59.172658933Z ++ cut '-d ' -f1
2026-01-28T10:04:59.174494063Z + file_size=0
2026-01-28T10:04:59.174523153Z + '[' 0 -gt 50000000 ']'
2026-01-28T10:04:59.175045254Z ++ ls -1 /var/log/ovn/acl-audit-log.log
2026-01-28T10:04:59.175099435Z ++ wc -l
2026-01-28T10:04:59.176832732Z + num_files=1
2026-01-28T10:04:59.176860033Z + '[' 1 -gt 5 ']'
2026-01-28T10:04:59.176860033Z + sleep 30
2026-01-28T10:05:29.178448932Z + true
2026-01-28T10:05:29.178448932Z + '[' -f /var/log/ovn/acl-audit-log.log ']'
2026-01-28T10:05:29.179023874Z ++ du -b /var/log/ovn/acl-audit-log.log
2026-01-28T10:05:29.179160457Z ++ tr -s '\t' ' '
2026-01-28T10:05:29.179301190Z ++ cut '-d ' -f1
2026-01-28T10:05:29.181097628Z + file_size=0
2026-01-28T10:05:29.181128389Z + '[' 0 -gt 50000000 ']'
2026-01-28T10:05:29.181634670Z ++ ls -1 /var/log/ovn/acl-audit-log.log
2026-01-28T10:05:29.181717782Z ++ wc -l
2026-01-28T10:05:29.183217514Z + num_files=1
2026-01-28T10:05:29.183245454Z + '[' 1 -gt 5 ']'
2026-01-28T10:05:29.183245454Z + sleep 30
2026-01-28T10:05:59.184810984Z + true
2026-01-28T10:05:59.184810984Z + '[' -f /var/log/ovn/acl-audit-log.log ']'
2026-01-28T10:05:59.185515479Z ++ du -b /var/log/ovn/acl-audit-log.log
2026-01-28T10:05:59.185675113Z ++ tr -s '\t' ' '
2026-01-28T10:05:59.185842976Z ++ cut '-d ' -f1
2026-01-28T10:05:59.187618714Z + file_size=0
2026-01-28T10:05:59.187643364Z + '[' 0 -gt 50000000 ']'
2026-01-28T10:05:59.188147685Z ++ ls -1 /var/log/ovn/acl-audit-log.log
2026-01-28T10:05:59.188233287Z ++ wc -l
2026-01-28T10:05:59.189724259Z + num_files=1
2026-01-28T10:05:59.189748459Z + '[' 1 -gt 5 ']'
2026-01-28T10:05:59.189748459Z + sleep 30
2026-01-28T10:06:29.191269733Z + true
2026-01-28T10:06:29.191269733Z + '[' -f /var/log/ovn/acl-audit-log.log ']'
2026-01-28T10:06:29.191786984Z ++ du -b /var/log/ovn/acl-audit-log.log
2026-01-28T10:06:29.191960997Z ++ tr -s '\t' ' '
2026-01-28T10:06:29.192135261Z ++ cut '-d ' -f1
2026-01-28T10:06:29.193967470Z + file_size=0
2026-01-28T10:06:29.193992191Z + '[' 0 -gt 50000000 ']'
2026-01-28T10:06:29.194474711Z ++ ls -1 /var/log/ovn/acl-audit-log.log
2026-01-28T10:06:29.194555623Z ++ wc -l
2026-01-28T10:06:29.196036515Z + num_files=1
2026-01-28T10:06:29.196065155Z + '[' 1 -gt 5 ']'
2026-01-28T10:06:29.196065155Z + sleep 30
2026-01-28T10:06:59.197544029Z + true
2026-01-28T10:06:59.197544029Z + '[' -f /var/log/ovn/acl-audit-log.log ']'
2026-01-28T10:06:59.198124452Z ++ du -b /var/log/ovn/acl-audit-log.log
2026-01-28T10:06:59.198259064Z ++ tr -s '\t' ' '
2026-01-28T10:06:59.198427858Z ++ cut '-d ' -f1
2026-01-28T10:06:59.200289688Z + file_size=0
2026-01-28T10:06:59.200315528Z + '[' 0 -gt 50000000 ']'
2026-01-28T10:06:59.200854530Z ++ ls -1 /var/log/ovn/acl-audit-log.log
2026-01-28T10:06:59.200953292Z ++ wc -l
2026-01-28T10:06:59.202709199Z + num_files=1
2026-01-28T10:06:59.202709199Z + '[' 1 -gt 5 ']'
2026-01-28T10:06:59.202709199Z + sleep 30
2026-01-28T10:07:29.204493206Z + true
2026-01-28T10:07:29.204493206Z + '[' -f /var/log/ovn/acl-audit-log.log ']'
2026-01-28T10:07:29.205187381Z ++ du -b /var/log/ovn/acl-audit-log.log
2026-01-28T10:07:29.205353525Z ++ tr -s '\t' ' '
2026-01-28T10:07:29.205531318Z ++ cut '-d ' -f1
2026-01-28T10:07:29.207579733Z + file_size=0
2026-01-28T10:07:29.207632843Z + '[' 0 -gt 50000000 ']'
2026-01-28T10:07:29.208282557Z ++ ls -1 /var/log/ovn/acl-audit-log.log
2026-01-28T10:07:29.208334738Z ++ wc -l
2026-01-28T10:07:29.209992424Z + num_files=1
2026-01-28T10:07:29.210022565Z + '[' 1 -gt 5 ']'
2026-01-28T10:07:29.210022565Z + sleep 30
2026-01-28T10:07:59.211653652Z + true
2026-01-28T10:07:59.211708213Z + '[' -f /var/log/ovn/acl-audit-log.log ']'
2026-01-28T10:07:59.212258395Z ++ du -b /var/log/ovn/acl-audit-log.log
2026-01-28T10:07:59.212405398Z ++ tr -s '\t' ' '
2026-01-28T10:07:59.212601462Z ++ cut '-d ' -f1
2026-01-28T10:07:59.214359650Z + file_size=0
2026-01-28T10:07:59.214384611Z + '[' 0 -gt 50000000 ']'
2026-01-28T10:07:59.214871651Z ++ ls -1 /var/log/ovn/acl-audit-log.log
2026-01-28T10:07:59.214983923Z ++ wc -l
2026-01-28T10:07:59.216563787Z + num_files=1
2026-01-28T10:07:59.216593148Z + '[' 1 -gt 5 ']'
2026-01-28T10:07:59.216593148Z + sleep 30
2026-01-28T10:08:29.218198462Z + true
2026-01-28T10:08:29.218259084Z + '[' -f /var/log/ovn/acl-audit-log.log ']'
2026-01-28T10:08:29.218767464Z ++ du -b /var/log/ovn/acl-audit-log.log
2026-01-28T10:08:29.218976599Z ++ tr -s '\t' ' '
2026-01-28T10:08:29.219116862Z ++ cut '-d ' -f1
2026-01-28T10:08:29.220925371Z + file_size=0
2026-01-28T10:08:29.220951701Z + '[' 0 -gt 50000000 ']'
2026-01-28T10:08:29.221496953Z ++ ls -1 /var/log/ovn/acl-audit-log.log
2026-01-28T10:08:29.221578405Z ++ wc -l
2026-01-28T10:08:29.223055907Z + num_files=1
2026-01-28T10:08:29.223083967Z + '[' 1 -gt 5 ']'
2026-01-28T10:08:29.223099708Z + sleep 30
2026-01-28T10:08:59.224663998Z + true
2026-01-28T10:08:59.224663998Z + '[' -f /var/log/ovn/acl-audit-log.log ']'
2026-01-28T10:08:59.225231890Z ++ du -b /var/log/ovn/acl-audit-log.log
2026-01-28T10:08:59.225385343Z ++ tr -s '\t' ' '
2026-01-28T10:08:59.225524646Z ++ cut '-d ' -f1
2026-01-28T10:08:59.227254763Z + file_size=0
2026-01-28T10:08:59.227279334Z + '[' 0 -gt 50000000 ']'
2026-01-28T10:08:59.227762734Z ++ ls -1 /var/log/ovn/acl-audit-log.log
2026-01-28T10:08:59.227843696Z ++ wc -l
2026-01-28T10:08:59.229388209Z + num_files=1
2026-01-28T10:08:59.229417970Z + '[' 1 -gt 5 ']'
2026-01-28T10:08:59.229417970Z + sleep 30
2026-01-28T10:09:29.230937664Z + true
2026-01-28T10:09:29.230983805Z + '[' -f /var/log/ovn/acl-audit-log.log ']'
2026-01-28T10:09:29.231500166Z ++ du -b /var/log/ovn/acl-audit-log.log
2026-01-28T10:09:29.231645949Z ++ tr -s '\t' ' '
2026-01-28T10:09:29.231824903Z ++ cut '-d ' -f1
2026-01-28T10:09:29.233684493Z + file_size=0
2026-01-28T10:09:29.233709473Z + '[' 0 -gt 50000000 ']'
2026-01-28T10:09:29.234223294Z ++ ls -1 /var/log/ovn/acl-audit-log.log
2026-01-28T10:09:29.234288806Z ++ wc -l
2026-01-28T10:09:29.235804738Z + num_files=1
2026-01-28T10:09:29.235832879Z + '[' 1 -gt 5 ']'
2026-01-28T10:09:29.235832879Z + sleep 30
2026-01-28T10:09:59.237236410Z + true
2026-01-28T10:09:59.237236410Z + '[' -f /var/log/ovn/acl-audit-log.log ']'
2026-01-28T10:09:59.237793232Z ++ du -b /var/log/ovn/acl-audit-log.log
2026-01-28T10:09:59.237958176Z ++ tr -s '\t' ' '
2026-01-28T10:09:59.238107539Z ++ cut '-d ' -f1
2026-01-28T10:09:59.239875857Z + file_size=0
2026-01-28T10:09:59.239875857Z + '[' 0 -gt 50000000 ']'
2026-01-28T10:09:59.240396668Z ++ ls -1 /var/log/ovn/acl-audit-log.log
2026-01-28T10:09:59.240487320Z ++ wc -l
2026-01-28T10:09:59.242008343Z + num_files=1
2026-01-28T10:09:59.242048684Z + '[' 1 -gt 5 ']'
2026-01-28T10:09:59.242048684Z + sleep 30
2026-01-28T10:10:29.243554252Z + true
2026-01-28T10:10:29.243554252Z + '[' -f /var/log/ovn/acl-audit-log.log ']'
2026-01-28T10:10:29.244194256Z ++ du -b /var/log/ovn/acl-audit-log.log
2026-01-28T10:10:29.244347529Z ++ tr -s '\t' ' '
2026-01-28T10:10:29.244505052Z ++ cut '-d ' -f1
2026-01-28T10:10:29.246347951Z + file_size=0
2026-01-28T10:10:29.246379942Z + '[' 0 -gt 50000000 ']'
2026-01-28T10:10:29.246859002Z ++ ls -1 /var/log/ovn/acl-audit-log.log
2026-01-28T10:10:29.246949994Z ++ wc -l
2026-01-28T10:10:29.248513667Z + num_files=1
2026-01-28T10:10:29.248542338Z + '[' 1 -gt 5 ']'
2026-01-28T10:10:29.248542338Z + sleep 30
2026-01-28T10:10:59.250123639Z + true
2026-01-28T10:10:59.250123639Z + '[' -f /var/log/ovn/acl-audit-log.log ']'
2026-01-28T10:10:59.250718461Z ++ du -b /var/log/ovn/acl-audit-log.log
2026-01-28T10:10:59.250912165Z ++ tr -s '\t' ' '
2026-01-28T10:10:59.251128560Z ++ cut '-d ' -f1
2026-01-28T10:10:59.252832017Z + file_size=0
2026-01-28T10:10:59.252864447Z + '[' 0 -gt 50000000 ']'
2026-01-28T10:10:59.253365548Z ++ ls -1 /var/log/ovn/acl-audit-log.log
2026-01-28T10:10:59.253431319Z ++ wc -l
2026-01-28T10:10:59.254930322Z + num_files=1
2026-01-28T10:10:59.254957902Z + '[' 1 -gt 5 ']'
2026-01-28T10:10:59.254957902Z + sleep 30
2026-01-28T10:11:29.256442221Z + true
2026-01-28T10:11:29.256442221Z + '[' -f /var/log/ovn/acl-audit-log.log ']'
2026-01-28T10:11:29.257027664Z ++ du -b /var/log/ovn/acl-audit-log.log
2026-01-28T10:11:29.257160946Z ++ tr -s '\t' ' '
2026-01-28T10:11:29.257325880Z ++ cut '-d ' -f1
2026-01-28T10:11:29.259158539Z + file_size=0
2026-01-28T10:11:29.259181550Z + '[' 0 -gt 50000000 ']'
2026-01-28T10:11:29.259677510Z ++ ls -1 /var/log/ovn/acl-audit-log.log
2026-01-28T10:11:29.259775612Z ++ wc -l
2026-01-28T10:11:29.261349286Z + num_files=1
2026-01-28T10:11:29.261349286Z + '[' 1 -gt 5 ']'
2026-01-28T10:11:29.261378167Z + sleep 30
2026-01-28T10:11:59.262929213Z + true
2026-01-28T10:11:59.262979184Z + '[' -f /var/log/ovn/acl-audit-log.log ']'
2026-01-28T10:11:59.263521446Z ++ du -b /var/log/ovn/acl-audit-log.log
2026-01-28T10:11:59.263623578Z ++ tr -s '\t' ' '
2026-01-28T10:11:59.263827932Z ++ cut '-d ' -f1
2026-01-28T10:11:59.265673302Z + file_size=0
2026-01-28T10:11:59.265698642Z + '[' 0 -gt 50000000 ']'
2026-01-28T10:11:59.266194263Z ++ ls -1 /var/log/ovn/acl-audit-log.log
2026-01-28T10:11:59.266290745Z ++ wc -l
2026-01-28T10:11:59.267781417Z + num_files=1
2026-01-28T10:11:59.267808498Z + '[' 1 -gt 5 ']'
2026-01-28T10:11:59.267808498Z + sleep 30
2026-01-28T10:12:29.269460781Z + true
2026-01-28T10:12:29.269460781Z + '[' -f /var/log/ovn/acl-audit-log.log ']'
2026-01-28T10:12:29.270022233Z ++ du -b /var/log/ovn/acl-audit-log.log
2026-01-28T10:12:29.270167447Z ++ tr -s '\t' ' '
2026-01-28T10:12:29.270322170Z ++ cut '-d ' -f1
2026-01-28T10:12:29.272147639Z + file_size=0
2026-01-28T10:12:29.272178199Z + '[' 0 -gt 50000000 ']'
2026-01-28T10:12:29.272648540Z ++ ls -1 /var/log/ovn/acl-audit-log.log
2026-01-28T10:12:29.272737411Z ++ wc -l
2026-01-28T10:12:29.274447768Z + num_files=1
2026-01-28T10:12:29.274478089Z + '[' 1 -gt 5 ']'
2026-01-28T10:12:29.274478089Z + sleep 30
2026-01-28T10:12:59.276087376Z + true
2026-01-28T10:12:59.276141117Z + '[' -f /var/log/ovn/acl-audit-log.log ']'
2026-01-28T10:12:59.276643778Z ++ du -b /var/log/ovn/acl-audit-log.log
2026-01-28T10:12:59.276864793Z ++ tr -s '\t' ' '
2026-01-28T10:12:59.277014046Z ++ cut '-d ' -f1
2026-01-28T10:12:59.278805975Z + file_size=0
2026-01-28T10:12:59.278829735Z + '[' 0 -gt 50000000 ']'
2026-01-28T10:12:59.279362237Z ++ ls -1 /var/log/ovn/acl-audit-log.log
2026-01-28T10:12:59.279436338Z ++ wc -l
2026-01-28T10:12:59.281185546Z + num_files=1
2026-01-28T10:12:59.281211026Z + '[' 1 -gt 5 ']'
2026-01-28T10:12:59.281211026Z + sleep 30
2026-01-28T10:13:29.282869149Z + true
2026-01-28T10:13:29.282944131Z + '[' -f /var/log/ovn/acl-audit-log.log ']'
2026-01-28T10:13:29.283503612Z ++ du -b /var/log/ovn/acl-audit-log.log
2026-01-28T10:13:29.283642535Z ++ tr -s '\t' ' '
2026-01-28T10:13:29.283817239Z ++ cut '-d ' -f1
2026-01-28T10:13:29.285600668Z + file_size=0
2026-01-28T10:13:29.285641478Z + '[' 0 -gt 50000000 ']'
2026-01-28T10:13:29.286157100Z ++ ls -1 /var/log/ovn/acl-audit-log.log
2026-01-28T10:13:29.286231511Z ++ wc -l
2026-01-28T10:13:29.287830255Z + num_files=1
2026-01-28T10:13:29.287853296Z + '[' 1 -gt 5 ']'
2026-01-28T10:13:29.287853296Z + sleep 30
2026-01-28T10:13:59.289404446Z + true
2026-01-28T10:13:59.289404446Z + '[' -f /var/log/ovn/acl-audit-log.log ']'
2026-01-28T10:13:59.289970758Z ++ du -b /var/log/ovn/acl-audit-log.log
2026-01-28T10:13:59.290099231Z ++ tr -s '\t' ' '
2026-01-28T10:13:59.290268824Z ++ cut '-d ' -f1
2026-01-28T10:13:59.292072573Z + file_size=0
2026-01-28T10:13:59.292100803Z + '[' 0 -gt 50000000 ']'
2026-01-28T10:13:59.292604414Z ++ ls -1 /var/log/ovn/acl-audit-log.log
2026-01-28T10:13:59.292682506Z ++ wc -l
2026-01-28T10:13:59.294392052Z + num_files=1
2026-01-28T10:13:59.294415642Z + '[' 1 -gt 5 ']'
2026-01-28T10:13:59.294415642Z + sleep 30
2026-01-28T10:14:29.296061877Z + true
2026-01-28T10:14:29.296061877Z + '[' -f /var/log/ovn/acl-audit-log.log ']'
2026-01-28T10:14:29.296596649Z ++ du -b /var/log/ovn/acl-audit-log.log
2026-01-28T10:14:29.296730191Z ++ tr -s '\t' ' '
2026-01-28T10:14:29.296921956Z ++ cut '-d ' -f1
2026-01-28T10:14:29.298724764Z + file_size=0
2026-01-28T10:14:29.298749705Z + '[' 0 -gt 50000000 ']'
2026-01-28T10:14:29.299264896Z ++ ls -1 /var/log/ovn/acl-audit-log.log
2026-01-28T10:14:29.299324977Z ++ wc -l
2026-01-28T10:14:29.300828119Z + num_files=1
2026-01-28T10:14:29.300828119Z + '[' 1 -gt 5 ']'
2026-01-28T10:14:29.300855560Z + sleep 30
2026-01-28T10:14:59.302434665Z + true
2026-01-28T10:14:59.302434665Z + '[' -f /var/log/ovn/acl-audit-log.log ']'
2026-01-28T10:14:59.302989067Z ++ du -b /var/log/ovn/acl-audit-log.log
2026-01-28T10:14:59.303125370Z ++ tr -s '\t' ' '
2026-01-28T10:14:59.303282393Z ++ cut '-d ' -f1
2026-01-28T10:14:59.304993650Z + file_size=0
2026-01-28T10:14:59.305018780Z + '[' 0 -gt 50000000 ']'
2026-01-28T10:14:59.305525361Z ++ ls -1 /var/log/ovn/acl-audit-log.log
2026-01-28T10:14:59.305587943Z ++ wc -l
2026-01-28T10:14:59.307430862Z + num_files=1
2026-01-28T10:14:59.307456843Z + '[' 1 -gt 5 ']'
2026-01-28T10:14:59.307456843Z + sleep 30
2026-01-28T10:15:29.308998697Z + true
2026-01-28T10:15:29.308998697Z + '[' -f /var/log/ovn/acl-audit-log.log ']'
2026-01-28T10:15:29.309625420Z ++ du -b /var/log/ovn/acl-audit-log.log
2026-01-28T10:15:29.309773793Z ++ tr -s '\t' ' '
2026-01-28T10:15:29.309990918Z ++ cut '-d ' -f1
2026-01-28T10:15:29.311867788Z + file_size=0
2026-01-28T10:15:29.311914769Z + '[' 0 -gt 50000000 ']'
2026-01-28T10:15:29.312438281Z ++ ls -1 /var/log/ovn/acl-audit-log.log
2026-01-28T10:15:29.312504232Z ++ wc -l
2026-01-28T10:15:29.314074056Z + num_files=1
2026-01-28T10:15:29.314098907Z + '[' 1 -gt 5 ']'
2026-01-28T10:15:29.314098907Z + sleep 30
2026-01-28T10:15:59.315658715Z + true
2026-01-28T10:15:59.315658715Z + '[' -f /var/log/ovn/acl-audit-log.log ']'
2026-01-28T10:15:59.316221007Z ++ du -b /var/log/ovn/acl-audit-log.log
2026-01-28T10:15:59.316365240Z ++ tr -s '\t' ' '
2026-01-28T10:15:59.316581195Z ++ cut '-d ' -f1
2026-01-28T10:15:59.318308602Z + file_size=0
2026-01-28T10:15:59.318340123Z + '[' 0 -gt 50000000 ']'
2026-01-28T10:15:59.318820873Z ++ ls -1 /var/log/ovn/acl-audit-log.log
2026-01-28T10:15:59.318924735Z ++ wc -l
2026-01-28T10:15:59.320611381Z + num_files=1
2026-01-28T10:15:59.320638352Z + '[' 1 -gt 5 ']'
2026-01-28T10:15:59.320638352Z + sleep 30
2026-01-28T10:16:29.322273425Z + true
2026-01-28T10:16:29.322273425Z + '[' -f /var/log/ovn/acl-audit-log.log ']'
2026-01-28T10:16:29.322934239Z ++ du -b /var/log/ovn/acl-audit-log.log
2026-01-28T10:16:29.323098603Z ++ tr -s '\t' ' '
2026-01-28T10:16:29.323240186Z ++ cut '-d ' -f1
2026-01-28T10:16:29.325153417Z + file_size=0
2026-01-28T10:16:29.325177877Z + '[' 0 -gt 50000000 ']'
2026-01-28T10:16:29.325672718Z ++ ls -1 /var/log/ovn/acl-audit-log.log
2026-01-28T10:16:29.325757440Z ++ wc -l
2026-01-28T10:16:29.327292893Z + num_files=1
2026-01-28T10:16:29.327317113Z + '[' 1 -gt 5 ']'
2026-01-28T10:16:29.327317113Z + sleep 30
2026-01-28T10:16:59.328867977Z + true
2026-01-28T10:16:59.328940839Z + '[' -f /var/log/ovn/acl-audit-log.log ']'
2026-01-28T10:16:59.329565422Z ++ du -b /var/log/ovn/acl-audit-log.log
2026-01-28T10:16:59.329880699Z ++ tr -s '\t' ' '
2026-01-28T10:16:59.331529134Z ++ cut '-d ' -f1
2026-01-28T10:16:59.333306362Z + file_size=0
2026-01-28T10:16:59.333420275Z + '[' 0 -gt 50000000 ']'
2026-01-28T10:16:59.334044268Z ++ ls -1 /var/log/ovn/acl-audit-log.log
2026-01-28T10:16:59.334133470Z ++ wc -l
2026-01-28T10:16:59.335832787Z + num_files=1
2026-01-28T10:16:59.335861337Z + '[' 1 -gt 5 ']'
2026-01-28T10:16:59.335861337Z + sleep 30
2026-01-28T10:17:29.337771342Z + true
2026-01-28T10:17:29.337771342Z + '[' -f /var/log/ovn/acl-audit-log.log ']'
2026-01-28T10:17:29.338467087Z ++ du -b /var/log/ovn/acl-audit-log.log
2026-01-28T10:17:29.338607100Z ++ tr -s '\t' ' '
2026-01-28T10:17:29.338831055Z ++ cut '-d ' -f1
2026-01-28T10:17:29.340574623Z + file_size=0
2026-01-28T10:17:29.340602513Z + '[' 0 -gt 50000000 ']'
2026-01-28T10:17:29.341125195Z ++ ls -1 /var/log/ovn/acl-audit-log.log
2026-01-28T10:17:29.341211796Z ++ wc -l
2026-01-28T10:17:29.342960714Z + num_files=1
2026-01-28T10:17:29.342998675Z + '[' 1 -gt 5 ']'
2026-01-28T10:17:29.342998675Z + sleep 30
2026-01-28T10:17:59.344629643Z + true
2026-01-28T10:17:59.344629643Z + '[' -f /var/log/ovn/acl-audit-log.log ']'
2026-01-28T10:17:59.345212726Z ++ du -b /var/log/ovn/acl-audit-log.log
2026-01-28T10:17:59.345370679Z ++ tr -s '\t' ' '
2026-01-28T10:17:59.345548753Z ++ cut '-d ' -f1
2026-01-28T10:17:59.347321391Z + file_size=0
2026-01-28T10:17:59.347353211Z + '[' 0 -gt 50000000 ']'
2026-01-28T10:17:59.347848512Z ++ ls -1 /var/log/ovn/acl-audit-log.log
2026-01-28T10:17:59.347946284Z ++ wc -l
2026-01-28T10:17:59.349412765Z + num_files=1
2026-01-28T10:17:59.349443366Z + '[' 1 -gt 5 ']'
2026-01-28T10:17:59.349443366Z + sleep 30
2026-01-28T10:18:29.351039523Z + true
2026-01-28T10:18:29.351039523Z + '[' -f /var/log/ovn/acl-audit-log.log ']'
2026-01-28T10:18:29.351562674Z ++ du -b /var/log/ovn/acl-audit-log.log
2026-01-28T10:18:29.351716217Z ++ tr -s '\t' ' '
2026-01-28T10:18:29.351908941Z ++ cut '-d ' -f1
2026-01-28T10:18:29.353694739Z + file_size=0
2026-01-28T10:18:29.353718690Z + '[' 0 -gt 50000000 ']'
2026-01-28T10:18:29.354223640Z ++ ls -1 /var/log/ovn/acl-audit-log.log
2026-01-28T10:18:29.354300872Z ++ wc -l
2026-01-28T10:18:29.355797954Z + num_files=1
2026-01-28T10:18:29.355820524Z + '[' 1 -gt 5 ']'
2026-01-28T10:18:29.355820524Z + sleep 30
2026-01-28T10:18:59.357387206Z + true
2026-01-28T10:18:59.357387206Z + '[' -f /var/log/ovn/acl-audit-log.log ']'
2026-01-28T10:18:59.357940838Z ++ du -b /var/log/ovn/acl-audit-log.log
2026-01-28T10:18:59.358092421Z ++ tr -s '\t' ' '
2026-01-28T10:18:59.358279765Z ++ cut '-d ' -f1
2026-01-28T10:18:59.360085684Z + file_size=0
2026-01-28T10:18:59.360122495Z + '[' 0 -gt 50000000 ']'
2026-01-28T10:18:59.360639166Z ++ ls -1 /var/log/ovn/acl-audit-log.log
2026-01-28T10:18:59.360695457Z ++ wc -l
2026-01-28T10:18:59.362284781Z + num_files=1
2026-01-28T10:18:59.362334131Z + '[' 1 -gt 5 ']'
2026-01-28T10:18:59.362334131Z + sleep 30
2026-01-28T10:19:29.363847289Z + true
2026-01-28T10:19:29.363847289Z + '[' -f /var/log/ovn/acl-audit-log.log ']'
2026-01-28T10:19:29.364430231Z ++ du -b /var/log/ovn/acl-audit-log.log
2026-01-28T10:19:29.364550334Z ++ tr -s '\t' ' '
2026-01-28T10:19:29.364736868Z ++ cut '-d ' -f1
2026-01-28T10:19:29.366528246Z + file_size=0
2026-01-28T10:19:29.366528246Z + '[' 0 -gt 50000000 ']'
2026-01-28T10:19:29.367087348Z ++ ls -1 /var/log/ovn/acl-audit-log.log
2026-01-28T10:19:29.367201511Z ++ wc -l
2026-01-28T10:19:29.368749734Z + num_files=1
2026-01-28T10:19:29.368749734Z + '[' 1 -gt 5 ']'
2026-01-28T10:19:29.368779124Z + sleep 30
2026-01-28T10:19:59.370341094Z + true
2026-01-28T10:19:59.370341094Z + '[' -f /var/log/ovn/acl-audit-log.log ']'
2026-01-28T10:19:59.370873225Z ++ du -b /var/log/ovn/acl-audit-log.log
2026-01-28T10:19:59.371047139Z ++ tr -s '\t' ' '
2026-01-28T10:19:59.371201322Z ++ cut '-d ' -f1
2026-01-28T10:19:59.372961270Z + file_size=0
2026-01-28T10:19:59.372989710Z + '[' 0 -gt 50000000 ']'
2026-01-28T10:19:59.373469751Z ++ ls -1 /var/log/ovn/acl-audit-log.log
2026-01-28T10:19:59.373546952Z ++ wc -l
2026-01-28T10:19:59.375017594Z + num_files=1
2026-01-28T10:19:59.375043434Z + '[' 1 -gt 5 ']'
2026-01-28T10:19:59.375056155Z + sleep 30
2026-01-28T10:20:29.376594561Z + true
2026-01-28T10:20:29.376594561Z + '[' -f /var/log/ovn/acl-audit-log.log ']'
2026-01-28T10:20:29.377165583Z ++ du -b /var/log/ovn/acl-audit-log.log
2026-01-28T10:20:29.377328717Z ++ tr -s '\t' ' '
2026-01-28T10:20:29.377490030Z ++ cut '-d ' -f1
2026-01-28T10:20:29.379332790Z + file_size=0
2026-01-28T10:20:29.379363290Z + '[' 0 -gt 50000000 ']'
2026-01-28T10:20:29.379873851Z ++ ls -1 /var/log/ovn/acl-audit-log.log
2026-01-28T10:20:29.379971563Z ++ wc -l
2026-01-28T10:20:29.381617269Z + num_files=1
2026-01-28T10:20:29.381647169Z + '[' 1 -gt 5 ']'
2026-01-28T10:20:29.381647169Z + sleep 30
2026-01-28T10:20:59.383196681Z + true
2026-01-28T10:20:59.383196681Z + '[' -f /var/log/ovn/acl-audit-log.log ']'
2026-01-28T10:20:59.383761433Z ++ du -b /var/log/ovn/acl-audit-log.log
2026-01-28T10:20:59.383926026Z ++ tr -s '\t' ' '
2026-01-28T10:20:59.384089690Z ++ cut '-d ' -f1
2026-01-28T10:20:59.385871168Z + file_size=0
2026-01-28T10:20:59.385914769Z + '[' 0 -gt 50000000 ']'
2026-01-28T10:20:59.386404230Z ++ ls -1 /var/log/ovn/acl-audit-log.log
2026-01-28T10:20:59.386456231Z ++ wc -l
2026-01-28T10:20:59.388012954Z + num_files=1
2026-01-28T10:20:59.388041545Z + '[' 1 -gt 5 ']'
2026-01-28T10:20:59.388041545Z + sleep 30
2026-01-28T10:21:29.389582294Z + true
2026-01-28T10:21:29.389637485Z + '[' -f /var/log/ovn/acl-audit-log.log ']'
2026-01-28T10:21:29.390185197Z ++ du -b /var/log/ovn/acl-audit-log.log
2026-01-28T10:21:29.390307589Z ++ tr -s '\t' ' '
2026-01-28T10:21:29.390525504Z ++ cut '-d ' -f1
2026-01-28T10:21:29.392288822Z + file_size=0
2026-01-28T10:21:29.392320503Z + '[' 0 -gt 50000000 ']'
2026-01-28T10:21:29.392838974Z ++ ls -1 /var/log/ovn/acl-audit-log.log
2026-01-28T10:21:29.392926285Z ++ wc -l
2026-01-28T10:21:29.394676223Z + num_files=1
2026-01-28T10:21:29.394718644Z + '[' 1 -gt 5 ']'
2026-01-28T10:21:29.394718644Z + sleep 30
2026-01-28T10:21:59.396290487Z + true
2026-01-28T10:21:59.396290487Z + '[' -f /var/log/ovn/acl-audit-log.log ']'
2026-01-28T10:21:59.396864049Z ++ du -b /var/log/ovn/acl-audit-log.log
2026-01-28T10:21:59.397032203Z ++ tr -s '\t' ' '
2026-01-28T10:21:59.397188056Z ++ cut '-d ' -f1
2026-01-28T10:21:59.399091057Z + file_size=0
2026-01-28T10:21:59.399120497Z + '[' 0 -gt 50000000 ']'
2026-01-28T10:21:59.399606478Z ++ ls -1 /var/log/ovn/acl-audit-log.log
2026-01-28T10:21:59.399712730Z ++ wc -l
2026-01-28T10:21:59.401339035Z + num_files=1
2026-01-28T10:21:59.401368136Z + '[' 1 -gt 5 ']'
2026-01-28T10:21:59.401368136Z + sleep 30
2026-01-28T10:22:29.402903011Z + true
2026-01-28T10:22:29.402955703Z + '[' -f /var/log/ovn/acl-audit-log.log ']'
2026-01-28T10:22:29.403492334Z ++ du -b /var/log/ovn/acl-audit-log.log
2026-01-28T10:22:29.403640187Z ++ tr -s '\t' ' '
2026-01-28T10:22:29.403832941Z ++ cut '-d ' -f1
2026-01-28T10:22:29.405784113Z + file_size=0
2026-01-28T10:22:29.405839034Z + '[' 0 -gt 50000000 ']'
2026-01-28T10:22:29.406372736Z ++ ls -1 /var/log/ovn/acl-audit-log.log
2026-01-28T10:22:29.406474127Z ++ wc -l
2026-01-28T10:22:29.408551132Z + num_files=1
2026-01-28T10:22:29.408598593Z + '[' 1 -gt 5 ']'
2026-01-28T10:22:29.408598593Z + sleep 30
2026-01-28T10:22:59.410370017Z + true
2026-01-28T10:22:59.410370017Z + '[' -f /var/log/ovn/acl-audit-log.log ']'
2026-01-28T10:22:59.410953489Z ++ du -b /var/log/ovn/acl-audit-log.log
2026-01-28T10:22:59.411097062Z ++ tr -s '\t' ' '
2026-01-28T10:22:59.411279586Z ++ cut '-d ' -f1
2026-01-28T10:22:59.412988133Z + file_size=0
2026-01-28T10:22:59.413014373Z + '[' 0 -gt 50000000 ']'
2026-01-28T10:22:59.413532584Z ++ ls -1 /var/log/ovn/acl-audit-log.log
2026-01-28T10:22:59.413627206Z ++ wc -l
2026-01-28T10:22:59.415109298Z + num_files=1
2026-01-28T10:22:59.415136009Z + '[' 1 -gt 5 ']'
2026-01-28T10:22:59.415136009Z + sleep 30
2026-01-28T10:23:29.416705857Z + true
2026-01-28T10:23:29.416705857Z + '[' -f /var/log/ovn/acl-audit-log.log ']'
2026-01-28T10:23:29.417291470Z ++ du -b /var/log/ovn/acl-audit-log.log
2026-01-28T10:23:29.417440933Z ++ tr -s '\t' ' '
2026-01-28T10:23:29.417606417Z ++ cut '-d ' -f1
2026-01-28T10:23:29.419427016Z + file_size=0
2026-01-28T10:23:29.419452096Z + '[' 0 -gt 50000000 ']'
2026-01-28T10:23:29.419970017Z ++ ls -1 /var/log/ovn/acl-audit-log.log
2026-01-28T10:23:29.420051169Z ++ wc -l
2026-01-28T10:23:29.421813757Z + num_files=1
2026-01-28T10:23:29.421839627Z + '[' 1 -gt 5 ']'
2026-01-28T10:23:29.421839627Z + sleep 30
2026-01-28T10:23:59.423507699Z + true
2026-01-28T10:23:59.423507699Z + '[' -f /var/log/ovn/acl-audit-log.log ']'
2026-01-28T10:23:59.424173024Z ++ du -b /var/log/ovn/acl-audit-log.log
2026-01-28T10:23:59.424278416Z ++ tr -s '\t' ' '
2026-01-28T10:23:59.424465040Z ++ cut '-d ' -f1
2026-01-28T10:23:59.426311089Z + file_size=0
2026-01-28T10:23:59.426339180Z + '[' 0 -gt 50000000 ']'
2026-01-28T10:23:59.426821380Z ++ ls -1 /var/log/ovn/acl-audit-log.log
2026-01-28T10:23:59.426920842Z ++ wc -l
2026-01-28T10:23:59.428354593Z + num_files=1
2026-01-28T10:23:59.428379823Z + '[' 1 -gt 5 ']'
2026-01-28T10:23:59.428379823Z + sleep 30
2026-01-28T10:24:29.429995466Z + true
2026-01-28T10:24:29.429995466Z + '[' -f /var/log/ovn/acl-audit-log.log ']'
2026-01-28T10:24:29.430522187Z ++ du -b /var/log/ovn/acl-audit-log.log
2026-01-28T10:24:29.430668721Z ++ tr -s '\t' ' '
2026-01-28T10:24:29.430817864Z ++ cut '-d ' -f1
2026-01-28T10:24:29.432584892Z + file_size=0
2026-01-28T10:24:29.432610662Z + '[' 0 -gt 50000000 ']'
2026-01-28T10:24:29.433142414Z ++ ls -1 /var/log/ovn/acl-audit-log.log
2026-01-28T10:24:29.433196155Z ++ wc -l
2026-01-28T10:24:29.434764598Z + num_files=1
2026-01-28T10:24:29.434789489Z + '[' 1 -gt 5 ']'
2026-01-28T10:24:29.434789489Z + sleep 30
2026-01-28T10:24:59.436332523Z + true
2026-01-28T10:24:59.436332523Z + '[' -f /var/log/ovn/acl-audit-log.log ']'
2026-01-28T10:24:59.436930046Z ++ du -b /var/log/ovn/acl-audit-log.log
2026-01-28T10:24:59.437064598Z ++ tr -s '\t' ' '
2026-01-28T10:24:59.437237892Z ++ cut '-d ' -f1
2026-01-28T10:24:59.439057611Z + file_size=0
2026-01-28T10:24:59.439082112Z + '[' 0 -gt 50000000 ']'
2026-01-28T10:24:59.439590683Z ++ ls -1 /var/log/ovn/acl-audit-log.log
2026-01-28T10:24:59.439652054Z ++ wc -l
2026-01-28T10:24:59.441459312Z + num_files=1
2026-01-28T10:24:59.441487823Z + '[' 1 -gt 5 ']'
2026-01-28T10:24:59.441487823Z + sleep 30
