2026-01-28T09:42:14.119476681Z + [[ -f /env/_master ]]
2026-01-28T09:42:14.119700824Z + . /ovnkube-lib/ovnkube-lib.sh
2026-01-28T09:42:14.119876724Z ++ set -x
2026-01-28T09:42:14.119935177Z ++ K8S_NODE=
2026-01-28T09:42:14.120004901Z ++ [[ -n '' ]]
2026-01-28T09:42:14.120042554Z ++ northd_pidfile=/var/run/ovn/ovn-northd.pid
2026-01-28T09:42:14.120076856Z ++ controller_pidfile=/var/run/ovn/ovn-controller.pid
2026-01-28T09:42:14.120109218Z ++ controller_logfile=/var/log/ovn/acl-audit-log.log
2026-01-28T09:42:14.120140880Z ++ vswitch_dbsock=/var/run/openvswitch/db.sock
2026-01-28T09:42:14.120172001Z ++ nbdb_pidfile=/var/run/ovn/ovnnb_db.pid
2026-01-28T09:42:14.120225825Z ++ nbdb_sock=/var/run/ovn/ovnnb_db.sock
2026-01-28T09:42:14.120263267Z ++ nbdb_ctl=/var/run/ovn/ovnnb_db.ctl
2026-01-28T09:42:14.120293758Z ++ sbdb_pidfile=/var/run/ovn/ovnsb_db.pid
2026-01-28T09:42:14.120356062Z ++ sbdb_sock=/var/run/ovn/ovnsb_db.sock
2026-01-28T09:42:14.120426836Z ++ sbdb_ctl=/var/run/ovn/ovnsb_db.ctl
2026-01-28T09:42:14.122353270Z + trap quit-ovn-northd TERM INT
2026-01-28T09:42:14.122434285Z + start-ovn-northd info
2026-01-28T09:42:14.122492208Z + local log_level=info
2026-01-28T09:42:14.122588104Z + [[ 1 -ne 1 ]]
2026-01-28T09:42:14.122980717Z ++ date -Iseconds
2026-01-28T09:42:14.124989185Z + echo '2026-01-28T09:42:14+00:00 - starting ovn-northd'
2026-01-28T09:42:14.125048458Z 2026-01-28T09:42:14+00:00 - starting ovn-northd
2026-01-28T09:42:14.125262031Z + wait 3137
2026-01-28T09:42:14.125355727Z + exec ovn-northd --no-chdir -vconsole:info -vfile:off '-vPATTERN:console:%D{%Y-%m-%dT%H:%M:%S.###Z}|%05N|%c%T|%p|%m' --pidfile /var/run/ovn/ovn-northd.pid --n-threads=1
2026-01-28T09:42:14.130257935Z 2026-01-28T09:42:14.130Z|00001|ovn_northd|INFO|OVN internal version is : [25.03.2-20.41.0-78.8]
2026-01-28T09:42:14.130564103Z 2026-01-28T09:42:14.130Z|00002|reconnect|INFO|unix:/var/run/ovn/ovnnb_db.sock: connecting...
2026-01-28T09:42:14.130602156Z 2026-01-28T09:42:14.130Z|00003|reconnect|INFO|unix:/var/run/ovn/ovnnb_db.sock: connection attempt failed (No such file or directory)
2026-01-28T09:42:14.130630467Z 2026-01-28T09:42:14.130Z|00004|ovn_northd|INFO|OVN NB IDL reconnected, force recompute.
2026-01-28T09:42:14.130692961Z 2026-01-28T09:42:14.130Z|00005|reconnect|INFO|unix:/var/run/ovn/ovnsb_db.sock: connecting...
2026-01-28T09:42:14.130711822Z 2026-01-28T09:42:14.130Z|00006|reconnect|INFO|unix:/var/run/ovn/ovnsb_db.sock: connection attempt failed (No such file or directory)
2026-01-28T09:42:14.130742294Z 2026-01-28T09:42:14.130Z|00007|ovn_northd|INFO|OVN SB IDL reconnected, force recompute.
2026-01-28T09:42:15.130842517Z 2026-01-28T09:42:15.130Z|00008|reconnect|INFO|unix:/var/run/ovn/ovnnb_db.sock: connecting...
2026-01-28T09:42:15.130874908Z 2026-01-28T09:42:15.130Z|00009|reconnect|INFO|unix:/var/run/ovn/ovnnb_db.sock: connected
2026-01-28T09:42:15.130941942Z 2026-01-28T09:42:15.130Z|00010|reconnect|INFO|unix:/var/run/ovn/ovnsb_db.sock: connecting...
2026-01-28T09:42:15.130982115Z 2026-01-28T09:42:15.130Z|00011|reconnect|INFO|unix:/var/run/ovn/ovnsb_db.sock: connection attempt failed (No such file or directory)
2026-01-28T09:42:15.131003316Z 2026-01-28T09:42:15.130Z|00012|reconnect|INFO|unix:/var/run/ovn/ovnsb_db.sock: waiting 2 seconds before reconnect
2026-01-28T09:42:17.131421323Z 2026-01-28T09:42:17.131Z|00013|reconnect|INFO|unix:/var/run/ovn/ovnsb_db.sock: connecting...
2026-01-28T09:42:17.131610964Z 2026-01-28T09:42:17.131Z|00014|reconnect|INFO|unix:/var/run/ovn/ovnsb_db.sock: connection attempt failed (No such file or directory)
2026-01-28T09:42:17.131630125Z 2026-01-28T09:42:17.131Z|00015|reconnect|INFO|unix:/var/run/ovn/ovnsb_db.sock: waiting 4 seconds before reconnect
2026-01-28T09:42:21.134863651Z 2026-01-28T09:42:21.134Z|00016|reconnect|INFO|unix:/var/run/ovn/ovnsb_db.sock: connecting...
2026-01-28T09:42:21.134940186Z 2026-01-28T09:42:21.134Z|00017|reconnect|INFO|unix:/var/run/ovn/ovnsb_db.sock: connected
2026-01-28T09:42:21.135142608Z 2026-01-28T09:42:21.135Z|00018|ovn_northd|INFO|ovn-northd lock acquired. This ovn-northd instance is now active.
2026-01-28T09:42:22.434772333Z 2026-01-28T09:42:22.434Z|00019|northd|WARN|No path for static route 100.64.0.5/32 on router ovn_cluster_router; next hop 100.88.0.5
2026-01-28T09:42:24.359696628Z 2026-01-28T09:42:24.359Z|00020|memory|INFO|13056 kB peak resident set size after 10.2 seconds
2026-01-28T09:42:24.359747621Z 2026-01-28T09:42:24.359Z|00021|memory|INFO|idl-cells-OVN_Northbound:3929 idl-cells-OVN_Southbound:12723
