2026-01-28T09:44:54.086750568Z I0128 09:44:54.086646       1 base_controller.go:76] Waiting for caches to sync for CertSyncController
2026-01-28T09:44:54.086881631Z I0128 09:44:54.086749       1 observer_polling.go:159] Starting file observer
2026-01-28T09:44:54.187310792Z I0128 09:44:54.186902       1 base_controller.go:82] Caches are synced for CertSyncController 
2026-01-28T09:44:54.187310792Z I0128 09:44:54.186939       1 base_controller.go:119] Starting #1 worker of CertSyncController controller ...
2026-01-28T09:44:54.187310792Z I0128 09:44:54.187013       1 certsync_controller.go:74] Syncing configmaps: []
2026-01-28T09:44:54.187310792Z I0128 09:44:54.187023       1 certsync_controller.go:178] Syncing secrets: [{kube-scheduler-client-cert-key false}]
2026-01-28T09:45:54.726680811Z I0128 09:45:54.726632       1 certsync_controller.go:74] Syncing configmaps: []
2026-01-28T09:45:54.726680811Z I0128 09:45:54.726654       1 certsync_controller.go:178] Syncing secrets: [{kube-scheduler-client-cert-key false}]
2026-01-28T09:45:54.750955611Z I0128 09:45:54.750856       1 certsync_controller.go:74] Syncing configmaps: []
2026-01-28T09:45:54.750955611Z I0128 09:45:54.750873       1 certsync_controller.go:178] Syncing secrets: [{kube-scheduler-client-cert-key false}]
2026-01-28T09:45:54.753173199Z I0128 09:45:54.752880       1 certsync_controller.go:74] Syncing configmaps: []
2026-01-28T09:45:54.753173199Z I0128 09:45:54.752923       1 certsync_controller.go:178] Syncing secrets: [{kube-scheduler-client-cert-key false}]
2026-01-28T09:45:54.753701740Z I0128 09:45:54.753627       1 certsync_controller.go:74] Syncing configmaps: []
2026-01-28T09:45:54.753701740Z I0128 09:45:54.753639       1 certsync_controller.go:178] Syncing secrets: [{kube-scheduler-client-cert-key false}]
2026-01-28T09:45:54.765409561Z I0128 09:45:54.764836       1 certsync_controller.go:74] Syncing configmaps: []
2026-01-28T09:45:54.765409561Z I0128 09:45:54.764850       1 certsync_controller.go:178] Syncing secrets: [{kube-scheduler-client-cert-key false}]
2026-01-28T09:45:54.765409561Z I0128 09:45:54.765115       1 certsync_controller.go:74] Syncing configmaps: []
2026-01-28T09:45:54.765409561Z I0128 09:45:54.765125       1 certsync_controller.go:178] Syncing secrets: [{kube-scheduler-client-cert-key false}]
2026-01-28T09:54:42.422450817Z I0128 09:54:42.422350       1 certsync_controller.go:74] Syncing configmaps: []
2026-01-28T09:54:42.422450817Z I0128 09:54:42.422378       1 certsync_controller.go:178] Syncing secrets: [{kube-scheduler-client-cert-key false}]
2026-01-28T09:54:42.422535719Z I0128 09:54:42.422473       1 certsync_controller.go:74] Syncing configmaps: []
2026-01-28T09:54:42.422535719Z I0128 09:54:42.422479       1 certsync_controller.go:178] Syncing secrets: [{kube-scheduler-client-cert-key false}]
2026-01-28T09:54:42.853876908Z I0128 09:54:42.853810       1 certsync_controller.go:74] Syncing configmaps: []
2026-01-28T09:54:42.853876908Z I0128 09:54:42.853848       1 certsync_controller.go:178] Syncing secrets: [{kube-scheduler-client-cert-key false}]
2026-01-28T09:54:42.854005310Z I0128 09:54:42.853984       1 certsync_controller.go:74] Syncing configmaps: []
2026-01-28T09:54:42.854005310Z I0128 09:54:42.853997       1 certsync_controller.go:178] Syncing secrets: [{kube-scheduler-client-cert-key false}]
2026-01-28T10:04:42.423288935Z I0128 10:04:42.423235       1 certsync_controller.go:74] Syncing configmaps: []
2026-01-28T10:04:42.423288935Z I0128 10:04:42.423268       1 certsync_controller.go:178] Syncing secrets: [{kube-scheduler-client-cert-key false}]
2026-01-28T10:04:42.854986213Z I0128 10:04:42.854930       1 certsync_controller.go:74] Syncing configmaps: []
2026-01-28T10:04:42.854986213Z I0128 10:04:42.854962       1 certsync_controller.go:178] Syncing secrets: [{kube-scheduler-client-cert-key false}]
2026-01-28T10:04:42.855081615Z I0128 10:04:42.855057       1 certsync_controller.go:74] Syncing configmaps: []
2026-01-28T10:04:42.855081615Z I0128 10:04:42.855071       1 certsync_controller.go:178] Syncing secrets: [{kube-scheduler-client-cert-key false}]
2026-01-28T10:14:42.423536670Z I0128 10:14:42.423475       1 certsync_controller.go:74] Syncing configmaps: []
2026-01-28T10:14:42.423536670Z I0128 10:14:42.423503       1 certsync_controller.go:178] Syncing secrets: [{kube-scheduler-client-cert-key false}]
2026-01-28T10:14:42.423637562Z I0128 10:14:42.423601       1 certsync_controller.go:74] Syncing configmaps: []
2026-01-28T10:14:42.423637562Z I0128 10:14:42.423616       1 certsync_controller.go:178] Syncing secrets: [{kube-scheduler-client-cert-key false}]
2026-01-28T10:14:42.855123387Z I0128 10:14:42.855061       1 certsync_controller.go:74] Syncing configmaps: []
2026-01-28T10:14:42.855123387Z I0128 10:14:42.855090       1 certsync_controller.go:178] Syncing secrets: [{kube-scheduler-client-cert-key false}]
2026-01-28T10:24:42.424127093Z I0128 10:24:42.424083       1 certsync_controller.go:74] Syncing configmaps: []
2026-01-28T10:24:42.424127093Z I0128 10:24:42.424106       1 certsync_controller.go:178] Syncing secrets: [{kube-scheduler-client-cert-key false}]
2026-01-28T10:24:42.855624050Z I0128 10:24:42.855561       1 certsync_controller.go:74] Syncing configmaps: []
2026-01-28T10:24:42.855624050Z I0128 10:24:42.855594       1 certsync_controller.go:178] Syncing secrets: [{kube-scheduler-client-cert-key false}]
2026-01-28T10:24:42.855730352Z I0128 10:24:42.855712       1 certsync_controller.go:74] Syncing configmaps: []
2026-01-28T10:24:42.855763163Z I0128 10:24:42.855724       1 certsync_controller.go:178] Syncing secrets: [{kube-scheduler-client-cert-key false}]
