2026-01-28T09:44:53.882163579Z W0128 09:44:53.882068       1 feature_gate.go:328] unrecognized feature gate: AutomatedEtcdBackup
2026-01-28T09:44:53.882316072Z W0128 09:44:53.882302       1 feature_gate.go:328] unrecognized feature gate: InsightsConfigAPI
2026-01-28T09:44:53.882347753Z W0128 09:44:53.882336       1 feature_gate.go:328] unrecognized feature gate: AlibabaPlatform
2026-01-28T09:44:53.882375363Z W0128 09:44:53.882364       1 feature_gate.go:328] unrecognized feature gate: AzureMultiDisk
2026-01-28T09:44:53.882400974Z W0128 09:44:53.882391       1 feature_gate.go:328] unrecognized feature gate: BootImageSkewEnforcement
2026-01-28T09:44:53.882427724Z W0128 09:44:53.882417       1 feature_gate.go:328] unrecognized feature gate: BootcNodeManagement
2026-01-28T09:44:53.882453205Z W0128 09:44:53.882443       1 feature_gate.go:328] unrecognized feature gate: InsightsOnDemandDataGather
2026-01-28T09:44:53.882478815Z W0128 09:44:53.882468       1 feature_gate.go:328] unrecognized feature gate: GCPClusterHostedDNSInstall
2026-01-28T09:44:53.882503286Z W0128 09:44:53.882493       1 feature_gate.go:328] unrecognized feature gate: MetricsCollectionProfiles
2026-01-28T09:44:53.882528276Z W0128 09:44:53.882518       1 feature_gate.go:328] unrecognized feature gate: Example2
2026-01-28T09:44:53.882552757Z W0128 09:44:53.882543       1 feature_gate.go:328] unrecognized feature gate: AdditionalRoutingCapabilities
2026-01-28T09:44:53.882576957Z W0128 09:44:53.882567       1 feature_gate.go:328] unrecognized feature gate: RouteAdvertisements
2026-01-28T09:44:53.882602328Z W0128 09:44:53.882591       1 feature_gate.go:328] unrecognized feature gate: NewOLMPreflightPermissionChecks
2026-01-28T09:44:53.882629929Z W0128 09:44:53.882618       1 feature_gate.go:349] Setting deprecated feature gate KMSv1=true. It will be removed in a future release.
2026-01-28T09:44:53.882655659Z W0128 09:44:53.882646       1 feature_gate.go:328] unrecognized feature gate: NetworkSegmentation
2026-01-28T09:44:53.882680880Z W0128 09:44:53.882671       1 feature_gate.go:328] unrecognized feature gate: SetEIPForNLBIngressController
2026-01-28T09:44:53.882705720Z W0128 09:44:53.882695       1 feature_gate.go:328] unrecognized feature gate: GatewayAPIController
2026-01-28T09:44:53.882729791Z W0128 09:44:53.882720       1 feature_gate.go:328] unrecognized feature gate: ExternalOIDCWithUIDAndExtraClaimMappings
2026-01-28T09:44:53.882755041Z W0128 09:44:53.882745       1 feature_gate.go:328] unrecognized feature gate: NewOLMCatalogdAPIV1Metas
2026-01-28T09:44:53.882780952Z W0128 09:44:53.882771       1 feature_gate.go:328] unrecognized feature gate: SigstoreImageVerification
2026-01-28T09:44:53.882805892Z W0128 09:44:53.882796       1 feature_gate.go:328] unrecognized feature gate: NoRegistryClusterOperations
2026-01-28T09:44:53.882830623Z W0128 09:44:53.882820       1 feature_gate.go:328] unrecognized feature gate: HighlyAvailableArbiter
2026-01-28T09:44:53.882854373Z W0128 09:44:53.882844       1 feature_gate.go:328] unrecognized feature gate: BuildCSIVolumes
2026-01-28T09:44:53.882878814Z W0128 09:44:53.882869       1 feature_gate.go:328] unrecognized feature gate: NetworkDiagnosticsConfig
2026-01-28T09:44:53.882932305Z W0128 09:44:53.882920       1 feature_gate.go:328] unrecognized feature gate: OpenShiftPodSecurityAdmission
2026-01-28T09:44:53.882963616Z W0128 09:44:53.882953       1 feature_gate.go:328] unrecognized feature gate: GCPCustomAPIEndpoints
2026-01-28T09:44:53.882988766Z W0128 09:44:53.882978       1 feature_gate.go:328] unrecognized feature gate: ImageModeStatusReporting
2026-01-28T09:44:53.883013627Z W0128 09:44:53.883003       1 feature_gate.go:328] unrecognized feature gate: DualReplica
2026-01-28T09:44:53.883050387Z W0128 09:44:53.883039       1 feature_gate.go:328] unrecognized feature gate: VSphereConfigurableMaxAllowedBlockVolumesPerNode
2026-01-28T09:44:53.883076668Z W0128 09:44:53.883066       1 feature_gate.go:328] unrecognized feature gate: SignatureStores
2026-01-28T09:44:53.883101248Z W0128 09:44:53.883091       1 feature_gate.go:328] unrecognized feature gate: Example
2026-01-28T09:44:53.883126679Z W0128 09:44:53.883116       1 feature_gate.go:328] unrecognized feature gate: VSphereMultiNetworks
2026-01-28T09:44:53.883153349Z W0128 09:44:53.883143       1 feature_gate.go:328] unrecognized feature gate: VSphereMultiDisk
2026-01-28T09:44:53.883177510Z W0128 09:44:53.883168       1 feature_gate.go:328] unrecognized feature gate: ManagedBootImagesvSphere
2026-01-28T09:44:53.883201610Z W0128 09:44:53.883192       1 feature_gate.go:328] unrecognized feature gate: IngressControllerLBSubnetsAWS
2026-01-28T09:44:53.883225551Z W0128 09:44:53.883216       1 feature_gate.go:328] unrecognized feature gate: DNSNameResolver
2026-01-28T09:44:53.883249871Z W0128 09:44:53.883240       1 feature_gate.go:328] unrecognized feature gate: GCPClusterHostedDNS
2026-01-28T09:44:53.883273832Z W0128 09:44:53.883264       1 feature_gate.go:328] unrecognized feature gate: ConsolePluginContentSecurityPolicy
2026-01-28T09:44:53.883299873Z W0128 09:44:53.883289       1 feature_gate.go:328] unrecognized feature gate: AWSServiceLBNetworkSecurityGroup
2026-01-28T09:44:53.883325773Z W0128 09:44:53.883315       1 feature_gate.go:328] unrecognized feature gate: AzureClusterHostedDNSInstall
2026-01-28T09:44:53.883350584Z W0128 09:44:53.883340       1 feature_gate.go:328] unrecognized feature gate: AdminNetworkPolicy
2026-01-28T09:44:53.883376524Z W0128 09:44:53.883365       1 feature_gate.go:328] unrecognized feature gate: VSphereHostVMGroupZonal
2026-01-28T09:44:53.883402445Z W0128 09:44:53.883392       1 feature_gate.go:328] unrecognized feature gate: ImageStreamImportMode
2026-01-28T09:44:53.883428445Z W0128 09:44:53.883418       1 feature_gate.go:328] unrecognized feature gate: PinnedImages
2026-01-28T09:44:53.883452996Z W0128 09:44:53.883443       1 feature_gate.go:328] unrecognized feature gate: UpgradeStatus
2026-01-28T09:44:53.883478406Z W0128 09:44:53.883468       1 feature_gate.go:328] unrecognized feature gate: MachineAPIOperatorDisableMachineHealthCheckController
2026-01-28T09:44:53.883506027Z W0128 09:44:53.883495       1 feature_gate.go:328] unrecognized feature gate: ClusterAPIInstallIBMCloud
2026-01-28T09:44:53.883530968Z W0128 09:44:53.883520       1 feature_gate.go:328] unrecognized feature gate: InsightsConfig
2026-01-28T09:44:53.883555568Z W0128 09:44:53.883545       1 feature_gate.go:328] unrecognized feature gate: AWSClusterHostedDNSInstall
2026-01-28T09:44:53.883582569Z W0128 09:44:53.883572       1 feature_gate.go:328] unrecognized feature gate: KMSEncryptionProvider
2026-01-28T09:44:53.883609099Z W0128 09:44:53.883598       1 feature_gate.go:328] unrecognized feature gate: ClusterVersionOperatorConfiguration
2026-01-28T09:44:53.883636430Z W0128 09:44:53.883625       1 feature_gate.go:351] Setting GA feature gate ServiceAccountTokenNodeBinding=true. It will be removed in a future release.
2026-01-28T09:44:53.883663170Z W0128 09:44:53.883653       1 feature_gate.go:328] unrecognized feature gate: AWSDedicatedHosts
2026-01-28T09:44:53.883689581Z W0128 09:44:53.883679       1 feature_gate.go:328] unrecognized feature gate: ManagedBootImagesAzure
2026-01-28T09:44:53.883714821Z W0128 09:44:53.883705       1 feature_gate.go:328] unrecognized feature gate: NetworkLiveMigration
2026-01-28T09:44:53.883741292Z W0128 09:44:53.883730       1 feature_gate.go:328] unrecognized feature gate: DyanmicServiceEndpointIBMCloud
2026-01-28T09:44:53.883774393Z W0128 09:44:53.883763       1 feature_gate.go:328] unrecognized feature gate: SigstoreImageVerificationPKI
2026-01-28T09:44:53.883801713Z W0128 09:44:53.883790       1 feature_gate.go:328] unrecognized feature gate: ManagedBootImagesAWS
2026-01-28T09:44:53.883829074Z W0128 09:44:53.883818       1 feature_gate.go:328] unrecognized feature gate: NewOLM
2026-01-28T09:44:53.883854984Z W0128 09:44:53.883844       1 feature_gate.go:328] unrecognized feature gate: CPMSMachineNamePrefix
2026-01-28T09:44:53.883880535Z W0128 09:44:53.883870       1 feature_gate.go:328] unrecognized feature gate: NewOLMOwnSingleNamespace
2026-01-28T09:44:53.883932426Z W0128 09:44:53.883920       1 feature_gate.go:328] unrecognized feature gate: IngressControllerDynamicConfigurationManager
2026-01-28T09:44:53.883958616Z W0128 09:44:53.883948       1 feature_gate.go:328] unrecognized feature gate: GatewayAPI
2026-01-28T09:44:53.883983697Z W0128 09:44:53.883973       1 feature_gate.go:328] unrecognized feature gate: EtcdBackendQuota
2026-01-28T09:44:53.884008107Z W0128 09:44:53.883998       1 feature_gate.go:328] unrecognized feature gate: MixedCPUsAllocation
2026-01-28T09:44:53.884032298Z W0128 09:44:53.884022       1 feature_gate.go:328] unrecognized feature gate: ShortCertRotation
2026-01-28T09:44:53.884056748Z W0128 09:44:53.884046       1 feature_gate.go:328] unrecognized feature gate: AzureDedicatedHosts
2026-01-28T09:44:53.884080819Z W0128 09:44:53.884071       1 feature_gate.go:328] unrecognized feature gate: ManagedBootImages
2026-01-28T09:44:53.884105280Z W0128 09:44:53.884095       1 feature_gate.go:328] unrecognized feature gate: PreconfiguredUDNAddresses
2026-01-28T09:44:53.884130930Z W0128 09:44:53.884120       1 feature_gate.go:328] unrecognized feature gate: NewOLMWebhookProviderOpenshiftServiceCA
2026-01-28T09:44:53.884156041Z W0128 09:44:53.884145       1 feature_gate.go:328] unrecognized feature gate: AWSClusterHostedDNS
2026-01-28T09:44:53.884181931Z W0128 09:44:53.884171       1 feature_gate.go:328] unrecognized feature gate: ExternalSnapshotMetadata
2026-01-28T09:44:53.884207242Z W0128 09:44:53.884197       1 feature_gate.go:328] unrecognized feature gate: MultiDiskSetup
2026-01-28T09:44:53.884231742Z W0128 09:44:53.884222       1 feature_gate.go:328] unrecognized feature gate: GCPCustomAPIEndpointsInstall
2026-01-28T09:44:53.884256343Z W0128 09:44:53.884246       1 feature_gate.go:328] unrecognized feature gate: NutanixMultiSubnets
2026-01-28T09:44:53.884281123Z W0128 09:44:53.884271       1 feature_gate.go:328] unrecognized feature gate: MachineAPIMigration
2026-01-28T09:44:53.884306764Z W0128 09:44:53.884296       1 feature_gate.go:328] unrecognized feature gate: AzureWorkloadIdentity
2026-01-28T09:44:53.884330514Z W0128 09:44:53.884321       1 feature_gate.go:328] unrecognized feature gate: OVNObservability
2026-01-28T09:44:53.884354435Z W0128 09:44:53.884344       1 feature_gate.go:328] unrecognized feature gate: VolumeGroupSnapshot
2026-01-28T09:44:53.884381695Z W0128 09:44:53.884371       1 feature_gate.go:328] unrecognized feature gate: ClusterAPIInstall
2026-01-28T09:44:53.884415896Z W0128 09:44:53.884404       1 feature_gate.go:328] unrecognized feature gate: MachineConfigNodes
2026-01-28T09:44:53.884440787Z W0128 09:44:53.884431       1 feature_gate.go:328] unrecognized feature gate: ClusterMonitoringConfig
2026-01-28T09:44:53.884468847Z W0128 09:44:53.884458       1 feature_gate.go:328] unrecognized feature gate: MultiArchInstallAzure
2026-01-28T09:44:53.884494457Z W0128 09:44:53.884484       1 feature_gate.go:328] unrecognized feature gate: IrreconcilableMachineConfig
2026-01-28T09:44:53.884525768Z W0128 09:44:53.884515       1 feature_gate.go:328] unrecognized feature gate: ExternalOIDC
2026-01-28T09:44:53.884550879Z W0128 09:44:53.884541       1 feature_gate.go:328] unrecognized feature gate: VSphereMixedNodeEnv
2026-01-28T09:44:53.884666721Z I0128 09:44:53.884645       1 flags.go:64] FLAG: --allow-metric-labels="[]"
2026-01-28T09:44:53.884700922Z I0128 09:44:53.884687       1 flags.go:64] FLAG: --allow-metric-labels-manifest=""
2026-01-28T09:44:53.884728813Z I0128 09:44:53.884716       1 flags.go:64] FLAG: --authentication-kubeconfig="/etc/kubernetes/static-pod-resources/configmaps/scheduler-kubeconfig/kubeconfig"
2026-01-28T09:44:53.884756813Z I0128 09:44:53.884743       1 flags.go:64] FLAG: --authentication-skip-lookup="false"
2026-01-28T09:44:53.884783494Z I0128 09:44:53.884771       1 flags.go:64] FLAG: --authentication-token-webhook-cache-ttl="10s"
2026-01-28T09:44:53.884807204Z I0128 09:44:53.884797       1 flags.go:64] FLAG: --authentication-tolerate-lookup-failure="true"
2026-01-28T09:44:53.884837775Z I0128 09:44:53.884821       1 flags.go:64] FLAG: --authorization-always-allow-paths="[/healthz,/readyz,/livez]"
2026-01-28T09:44:53.884879265Z I0128 09:44:53.884863       1 flags.go:64] FLAG: --authorization-kubeconfig="/etc/kubernetes/static-pod-resources/configmaps/scheduler-kubeconfig/kubeconfig"
2026-01-28T09:44:53.884940787Z I0128 09:44:53.884925       1 flags.go:64] FLAG: --authorization-webhook-cache-authorized-ttl="10s"
2026-01-28T09:44:53.884975788Z I0128 09:44:53.884963       1 flags.go:64] FLAG: --authorization-webhook-cache-unauthorized-ttl="10s"
2026-01-28T09:44:53.885005758Z I0128 09:44:53.884992       1 flags.go:64] FLAG: --bind-address="0.0.0.0"
2026-01-28T09:44:53.885032119Z I0128 09:44:53.885021       1 flags.go:64] FLAG: --cert-dir="/var/run/kubernetes"
2026-01-28T09:44:53.885058229Z I0128 09:44:53.885047       1 flags.go:64] FLAG: --client-ca-file=""
2026-01-28T09:44:53.885085020Z I0128 09:44:53.885073       1 flags.go:64] FLAG: --config="/etc/kubernetes/static-pod-resources/configmaps/config/config.yaml"
2026-01-28T09:44:53.885110970Z I0128 09:44:53.885100       1 flags.go:64] FLAG: --contention-profiling="true"
2026-01-28T09:44:53.885136711Z I0128 09:44:53.885126       1 flags.go:64] FLAG: --disable-http2-serving="false"
2026-01-28T09:44:53.885167532Z I0128 09:44:53.885152       1 flags.go:64] FLAG: --disabled-metrics="[]"
2026-01-28T09:44:53.885195172Z I0128 09:44:53.885183       1 flags.go:64] FLAG: --emulated-version="[]"
2026-01-28T09:44:53.885314425Z I0128 09:44:53.885210       1 flags.go:64] FLAG: --feature-gates=":AWSClusterHostedDNS=false,:AWSClusterHostedDNSInstall=false,:AWSDedicatedHosts=false,:AWSServiceLBNetworkSecurityGroup=false,:AdditionalRoutingCapabilities=true,:AdminNetworkPolicy=true,:AlibabaPlatform=true,:AutomatedEtcdBackup=false,:AzureClusterHostedDNSInstall=false,:AzureDedicatedHosts=false,:AzureMultiDisk=false,:AzureWorkloadIdentity=true,:BootImageSkewEnforcement=false,:BootcNodeManagement=false,:BuildCSIVolumes=true,:CPMSMachineNamePrefix=true,:ClusterAPIInstall=false,:ClusterAPIInstallIBMCloud=false,:ClusterMonitoringConfig=false,:ClusterVersionOperatorConfiguration=false,:ConsolePluginContentSecurityPolicy=true,:DNSNameResolver=false,:DualReplica=false,:DyanmicServiceEndpointIBMCloud=false,:DynamicResourceAllocation=false,:EtcdBackendQuota=false,:EventedPLEG=false,:Example=false,:Example2=false,:ExternalOIDC=true,:ExternalOIDCWithUIDAndExtraClaimMappings=true,:ExternalSnapshotMetadata=false,:GCPClusterHostedDNS=false,:GCPClusterHostedDNSInstall=false,:GCPCustomAPIEndpoints=false,:GCPCustomAPIEndpointsInstall=false,:GatewayAPI=true,:GatewayAPIController=true,:HighlyAvailableArbiter=true,:ImageModeStatusReporting=false,:ImageStreamImportMode=false,:ImageVolume=true,:IngressControllerDynamicConfigurationManager=false,:IngressControllerLBSubnetsAWS=true,:InsightsConfig=false,:InsightsConfigAPI=false,:InsightsOnDemandDataGather=false,:IrreconcilableMachineConfig=false,:KMSEncryptionProvider=false,:KMSv1=true,:MachineAPIMigration=false,:MachineAPIOperatorDisableMachineHealthCheckController=false,:MachineConfigNodes=true,:ManagedBootImages=true,:ManagedBootImagesAWS=true,:ManagedBootImagesAzure=false,:ManagedBootImagesvSphere=false,:MaxUnavailableStatefulSet=false,:MetricsCollectionProfiles=true,:MinimumKubeletVersion=false,:MixedCPUsAllocation=false,:MultiArchInstallAzure=false,:MultiDiskSetup=false,:MutatingAdmissionPolicy=false,:NetworkDiagnosticsConfig=true,:NetworkLiveMigration=true,:NetworkSegmentation=true,:NewOLM=true,:NewOLMCatalogdAPIV1Metas=false,:NewOLMOwnSingleNamespace=false,:NewOLMPreflightPermissionChecks=false,:NewOLMWebhookProviderOpenshiftServiceCA=false,:NoRegistryClusterOperations=false,:NodeSwap=false,:NutanixMultiSubnets=false,:OVNObservability=false,:OpenShiftPodSecurityAdmission=false,:PinnedImages=true,:PreconfiguredUDNAddresses=true,:ProcMountType=true,:RouteAdvertisements=true,:RouteExternalCertificate=true,:SELinuxMount=false,:ServiceAccountTokenNodeBinding=true,:SetEIPForNLBIngressController=true,:ShortCertRotation=false,:SignatureStores=false,:SigstoreImageVerification=true,:SigstoreImageVerificationPKI=false,:StoragePerformantSecurityPolicy=true,:TranslateStreamCloseWebsocketRequests=false,:UpgradeStatus=true,:UserNamespacesPodSecurityStandards=true,:UserNamespacesSupport=true,:VSphereConfigurableMaxAllowedBlockVolumesPerNode=false,:VSphereHostVMGroupZonal=false,:VSphereMixedNodeEnv=false,:VSphereMultiDisk=true,:VSphereMultiNetworks=true,:VolumeAttributesClass=false,:VolumeGroupSnapshot=false"
2026-01-28T09:44:53.885357546Z I0128 09:44:53.885343       1 flags.go:64] FLAG: --help="false"
2026-01-28T09:44:53.885387896Z I0128 09:44:53.885374       1 flags.go:64] FLAG: --http2-max-streams-per-connection="0"
2026-01-28T09:44:53.885416617Z I0128 09:44:53.885403       1 flags.go:64] FLAG: --kube-api-burst="100"
2026-01-28T09:44:53.885444148Z I0128 09:44:53.885432       1 flags.go:64] FLAG: --kube-api-content-type="application/vnd.kubernetes.protobuf"
2026-01-28T09:44:53.885474058Z I0128 09:44:53.885460       1 flags.go:64] FLAG: --kube-api-qps="50"
2026-01-28T09:44:53.885500019Z I0128 09:44:53.885489       1 flags.go:64] FLAG: --kubeconfig=""
2026-01-28T09:44:53.885526549Z I0128 09:44:53.885515       1 flags.go:64] FLAG: --leader-elect="true"
2026-01-28T09:44:53.885554060Z I0128 09:44:53.885542       1 flags.go:64] FLAG: --leader-elect-lease-duration="15s"
2026-01-28T09:44:53.885582640Z I0128 09:44:53.885570       1 flags.go:64] FLAG: --leader-elect-renew-deadline="10s"
2026-01-28T09:44:53.885609911Z I0128 09:44:53.885598       1 flags.go:64] FLAG: --leader-elect-resource-lock="leases"
2026-01-28T09:44:53.885637821Z I0128 09:44:53.885626       1 flags.go:64] FLAG: --leader-elect-resource-name="kube-scheduler"
2026-01-28T09:44:53.885665012Z I0128 09:44:53.885654       1 flags.go:64] FLAG: --leader-elect-resource-namespace="kube-system"
2026-01-28T09:44:53.885692573Z I0128 09:44:53.885681       1 flags.go:64] FLAG: --leader-elect-retry-period="2s"
2026-01-28T09:44:53.885721433Z I0128 09:44:53.885709       1 flags.go:64] FLAG: --log-flush-frequency="5s"
2026-01-28T09:44:53.885761854Z I0128 09:44:53.885737       1 flags.go:64] FLAG: --log-json-info-buffer-size="0"
2026-01-28T09:44:53.885791225Z I0128 09:44:53.885779       1 flags.go:64] FLAG: --log-json-split-stream="false"
2026-01-28T09:44:53.885818805Z I0128 09:44:53.885807       1 flags.go:64] FLAG: --log-text-info-buffer-size="0"
2026-01-28T09:44:53.885845586Z I0128 09:44:53.885834       1 flags.go:64] FLAG: --log-text-split-stream="false"
2026-01-28T09:44:53.885879627Z I0128 09:44:53.885868       1 flags.go:64] FLAG: --logging-format="text"
2026-01-28T09:44:53.885940388Z I0128 09:44:53.885925       1 flags.go:64] FLAG: --master=""
2026-01-28T09:44:53.885972948Z I0128 09:44:53.885960       1 flags.go:64] FLAG: --permit-address-sharing="false"
2026-01-28T09:44:53.886000639Z I0128 09:44:53.885989       1 flags.go:64] FLAG: --permit-port-sharing="false"
2026-01-28T09:44:53.886030070Z I0128 09:44:53.886017       1 flags.go:64] FLAG: --pod-max-in-unschedulable-pods-duration="5m0s"
2026-01-28T09:44:53.886057080Z I0128 09:44:53.886046       1 flags.go:64] FLAG: --profiling="true"
2026-01-28T09:44:53.886088921Z I0128 09:44:53.886074       1 flags.go:64] FLAG: --requestheader-allowed-names="[]"
2026-01-28T09:44:53.886117071Z I0128 09:44:53.886105       1 flags.go:64] FLAG: --requestheader-client-ca-file=""
2026-01-28T09:44:53.886145302Z I0128 09:44:53.886132       1 flags.go:64] FLAG: --requestheader-extra-headers-prefix="[x-remote-extra-]"
2026-01-28T09:44:53.886175183Z I0128 09:44:53.886160       1 flags.go:64] FLAG: --requestheader-group-headers="[x-remote-group]"
2026-01-28T09:44:53.886202653Z I0128 09:44:53.886190       1 flags.go:64] FLAG: --requestheader-uid-headers="[]"
2026-01-28T09:44:53.886231094Z I0128 09:44:53.886218       1 flags.go:64] FLAG: --requestheader-username-headers="[x-remote-user]"
2026-01-28T09:44:53.886256714Z I0128 09:44:53.886246       1 flags.go:64] FLAG: --secure-port="10259"
2026-01-28T09:44:53.886282415Z I0128 09:44:53.886271       1 flags.go:64] FLAG: --show-hidden-metrics-for-version=""
2026-01-28T09:44:53.886309086Z I0128 09:44:53.886297       1 flags.go:64] FLAG: --tls-cert-file="/etc/kubernetes/static-pod-resources/secrets/serving-cert/tls.crt"
2026-01-28T09:44:53.886343486Z I0128 09:44:53.886324       1 flags.go:64] FLAG: --tls-cipher-suites="[TLS_AES_128_GCM_SHA256,TLS_AES_256_GCM_SHA384,TLS_CHACHA20_POLY1305_SHA256,TLS_ECDHE_ECDSA_WITH_AES_128_GCM_SHA256,TLS_ECDHE_RSA_WITH_AES_128_GCM_SHA256,TLS_ECDHE_ECDSA_WITH_AES_256_GCM_SHA384,TLS_ECDHE_RSA_WITH_AES_256_GCM_SHA384,TLS_ECDHE_ECDSA_WITH_CHACHA20_POLY1305_SHA256,TLS_ECDHE_RSA_WITH_CHACHA20_POLY1305_SHA256]"
2026-01-28T09:44:53.886371497Z I0128 09:44:53.886359       1 flags.go:64] FLAG: --tls-min-version="VersionTLS12"
2026-01-28T09:44:53.886399097Z I0128 09:44:53.886387       1 flags.go:64] FLAG: --tls-private-key-file="/etc/kubernetes/static-pod-resources/secrets/serving-cert/tls.key"
2026-01-28T09:44:53.886427708Z I0128 09:44:53.886414       1 flags.go:64] FLAG: --tls-sni-cert-key="[]"
2026-01-28T09:44:53.886453658Z I0128 09:44:53.886443       1 flags.go:64] FLAG: --unsupported-kube-api-over-localhost="false"
2026-01-28T09:44:53.886481889Z I0128 09:44:53.886468       1 flags.go:64] FLAG: --v="2"
2026-01-28T09:44:53.886520490Z I0128 09:44:53.886497       1 flags.go:64] FLAG: --version="false"
2026-01-28T09:44:53.886550220Z I0128 09:44:53.886537       1 flags.go:64] FLAG: --vmodule=""
2026-01-28T09:44:53.886576251Z I0128 09:44:53.886565       1 flags.go:64] FLAG: --write-config-to=""
2026-01-28T09:44:53.886816976Z W0128 09:44:53.886800       1 feature_gate.go:328] unrecognized feature gate: ClusterMonitoringConfig
2026-01-28T09:44:53.886849857Z W0128 09:44:53.886839       1 feature_gate.go:328] unrecognized feature gate: MultiArchInstallAzure
2026-01-28T09:44:53.886875217Z W0128 09:44:53.886865       1 feature_gate.go:328] unrecognized feature gate: IrreconcilableMachineConfig
2026-01-28T09:44:53.886920688Z W0128 09:44:53.886909       1 feature_gate.go:328] unrecognized feature gate: ExternalOIDC
2026-01-28T09:44:53.886953189Z W0128 09:44:53.886942       1 feature_gate.go:328] unrecognized feature gate: VSphereMixedNodeEnv
2026-01-28T09:44:53.887007650Z W0128 09:44:53.886995       1 feature_gate.go:328] unrecognized feature gate: AutomatedEtcdBackup
2026-01-28T09:44:53.887035421Z W0128 09:44:53.887025       1 feature_gate.go:328] unrecognized feature gate: InsightsConfigAPI
2026-01-28T09:44:53.887060251Z W0128 09:44:53.887050       1 feature_gate.go:328] unrecognized feature gate: AlibabaPlatform
2026-01-28T09:44:53.887084512Z W0128 09:44:53.887074       1 feature_gate.go:328] unrecognized feature gate: AzureMultiDisk
2026-01-28T09:44:53.887110132Z W0128 09:44:53.887099       1 feature_gate.go:328] unrecognized feature gate: BootImageSkewEnforcement
2026-01-28T09:44:53.887137413Z W0128 09:44:53.887126       1 feature_gate.go:328] unrecognized feature gate: BootcNodeManagement
2026-01-28T09:44:53.887164824Z W0128 09:44:53.887153       1 feature_gate.go:328] unrecognized feature gate: InsightsOnDemandDataGather
2026-01-28T09:44:53.887192494Z W0128 09:44:53.887181       1 feature_gate.go:328] unrecognized feature gate: GCPClusterHostedDNSInstall
2026-01-28T09:44:53.887218874Z W0128 09:44:53.887208       1 feature_gate.go:328] unrecognized feature gate: MetricsCollectionProfiles
2026-01-28T09:44:53.887246995Z W0128 09:44:53.887235       1 feature_gate.go:328] unrecognized feature gate: Example2
2026-01-28T09:44:53.887274546Z W0128 09:44:53.887263       1 feature_gate.go:328] unrecognized feature gate: AdditionalRoutingCapabilities
2026-01-28T09:44:53.887301546Z W0128 09:44:53.887290       1 feature_gate.go:328] unrecognized feature gate: RouteAdvertisements
2026-01-28T09:44:53.887328967Z W0128 09:44:53.887318       1 feature_gate.go:328] unrecognized feature gate: NewOLMPreflightPermissionChecks
2026-01-28T09:44:53.887358028Z W0128 09:44:53.887347       1 feature_gate.go:349] Setting deprecated feature gate KMSv1=true. It will be removed in a future release.
2026-01-28T09:44:53.887392248Z W0128 09:44:53.887381       1 feature_gate.go:328] unrecognized feature gate: NetworkSegmentation
2026-01-28T09:44:53.887417669Z W0128 09:44:53.887408       1 feature_gate.go:328] unrecognized feature gate: SetEIPForNLBIngressController
2026-01-28T09:44:53.887442269Z W0128 09:44:53.887432       1 feature_gate.go:328] unrecognized feature gate: GatewayAPIController
2026-01-28T09:44:53.887466970Z W0128 09:44:53.887456       1 feature_gate.go:328] unrecognized feature gate: ExternalOIDCWithUIDAndExtraClaimMappings
2026-01-28T09:44:53.887500511Z W0128 09:44:53.887482       1 feature_gate.go:328] unrecognized feature gate: NewOLMCatalogdAPIV1Metas
2026-01-28T09:44:53.887524851Z W0128 09:44:53.887515       1 feature_gate.go:328] unrecognized feature gate: SigstoreImageVerification
2026-01-28T09:44:53.887548732Z W0128 09:44:53.887539       1 feature_gate.go:328] unrecognized feature gate: NoRegistryClusterOperations
2026-01-28T09:44:53.887572902Z W0128 09:44:53.887562       1 feature_gate.go:328] unrecognized feature gate: HighlyAvailableArbiter
2026-01-28T09:44:53.887597073Z W0128 09:44:53.887587       1 feature_gate.go:328] unrecognized feature gate: BuildCSIVolumes
2026-01-28T09:44:53.887621583Z W0128 09:44:53.887611       1 feature_gate.go:328] unrecognized feature gate: NetworkDiagnosticsConfig
2026-01-28T09:44:53.887645603Z W0128 09:44:53.887636       1 feature_gate.go:328] unrecognized feature gate: OpenShiftPodSecurityAdmission
2026-01-28T09:44:53.887670844Z W0128 09:44:53.887660       1 feature_gate.go:328] unrecognized feature gate: GCPCustomAPIEndpoints
2026-01-28T09:44:53.887696724Z W0128 09:44:53.887686       1 feature_gate.go:328] unrecognized feature gate: ImageModeStatusReporting
2026-01-28T09:44:53.887733175Z W0128 09:44:53.887722       1 feature_gate.go:328] unrecognized feature gate: DualReplica
2026-01-28T09:44:53.887758846Z W0128 09:44:53.887748       1 feature_gate.go:328] unrecognized feature gate: VSphereConfigurableMaxAllowedBlockVolumesPerNode
2026-01-28T09:44:53.887782996Z W0128 09:44:53.887773       1 feature_gate.go:328] unrecognized feature gate: SignatureStores
2026-01-28T09:44:53.887808007Z W0128 09:44:53.887797       1 feature_gate.go:328] unrecognized feature gate: Example
2026-01-28T09:44:53.887833837Z W0128 09:44:53.887823       1 feature_gate.go:328] unrecognized feature gate: VSphereMultiNetworks
2026-01-28T09:44:53.887858858Z W0128 09:44:53.887849       1 feature_gate.go:328] unrecognized feature gate: VSphereMultiDisk
2026-01-28T09:44:53.887906059Z W0128 09:44:53.887873       1 feature_gate.go:328] unrecognized feature gate: ManagedBootImagesvSphere
2026-01-28T09:44:53.887942130Z W0128 09:44:53.887930       1 feature_gate.go:328] unrecognized feature gate: IngressControllerLBSubnetsAWS
2026-01-28T09:44:53.887968310Z W0128 09:44:53.887958       1 feature_gate.go:328] unrecognized feature gate: DNSNameResolver
2026-01-28T09:44:53.887993441Z W0128 09:44:53.887983       1 feature_gate.go:328] unrecognized feature gate: GCPClusterHostedDNS
2026-01-28T09:44:53.888018361Z W0128 09:44:53.888008       1 feature_gate.go:328] unrecognized feature gate: ConsolePluginContentSecurityPolicy
2026-01-28T09:44:53.888044212Z W0128 09:44:53.888033       1 feature_gate.go:328] unrecognized feature gate: AWSServiceLBNetworkSecurityGroup
2026-01-28T09:44:53.888072132Z W0128 09:44:53.888061       1 feature_gate.go:328] unrecognized feature gate: AzureClusterHostedDNSInstall
2026-01-28T09:44:53.888098753Z W0128 09:44:53.888088       1 feature_gate.go:328] unrecognized feature gate: AdminNetworkPolicy
2026-01-28T09:44:53.888123333Z W0128 09:44:53.888113       1 feature_gate.go:328] unrecognized feature gate: VSphereHostVMGroupZonal
2026-01-28T09:44:53.888148984Z W0128 09:44:53.888138       1 feature_gate.go:328] unrecognized feature gate: ImageStreamImportMode
2026-01-28T09:44:53.888174314Z W0128 09:44:53.888164       1 feature_gate.go:328] unrecognized feature gate: PinnedImages
2026-01-28T09:44:53.888199675Z W0128 09:44:53.888189       1 feature_gate.go:328] unrecognized feature gate: UpgradeStatus
2026-01-28T09:44:53.888223886Z W0128 09:44:53.888214       1 feature_gate.go:328] unrecognized feature gate: MachineAPIOperatorDisableMachineHealthCheckController
2026-01-28T09:44:53.888250056Z W0128 09:44:53.888239       1 feature_gate.go:328] unrecognized feature gate: ClusterAPIInstallIBMCloud
2026-01-28T09:44:53.888276067Z W0128 09:44:53.888265       1 feature_gate.go:328] unrecognized feature gate: InsightsConfig
2026-01-28T09:44:53.888302077Z W0128 09:44:53.888291       1 feature_gate.go:328] unrecognized feature gate: AWSClusterHostedDNSInstall
2026-01-28T09:44:53.888328028Z W0128 09:44:53.888318       1 feature_gate.go:328] unrecognized feature gate: KMSEncryptionProvider
2026-01-28T09:44:53.888367038Z W0128 09:44:53.888345       1 feature_gate.go:328] unrecognized feature gate: ClusterVersionOperatorConfiguration
2026-01-28T09:44:53.888367038Z W0128 09:44:53.888357       1 feature_gate.go:351] Setting GA feature gate ServiceAccountTokenNodeBinding=true. It will be removed in a future release.
2026-01-28T09:44:53.888367038Z W0128 09:44:53.888362       1 feature_gate.go:328] unrecognized feature gate: AWSDedicatedHosts
2026-01-28T09:44:53.888379839Z W0128 09:44:53.888366       1 feature_gate.go:328] unrecognized feature gate: ManagedBootImagesAzure
2026-01-28T09:44:53.888379839Z W0128 09:44:53.888370       1 feature_gate.go:328] unrecognized feature gate: NetworkLiveMigration
2026-01-28T09:44:53.888379839Z W0128 09:44:53.888374       1 feature_gate.go:328] unrecognized feature gate: DyanmicServiceEndpointIBMCloud
2026-01-28T09:44:53.888397759Z W0128 09:44:53.888380       1 feature_gate.go:328] unrecognized feature gate: SigstoreImageVerificationPKI
2026-01-28T09:44:53.888397759Z W0128 09:44:53.888383       1 feature_gate.go:328] unrecognized feature gate: ManagedBootImagesAWS
2026-01-28T09:44:53.888397759Z W0128 09:44:53.888387       1 feature_gate.go:328] unrecognized feature gate: NewOLM
2026-01-28T09:44:53.888397759Z W0128 09:44:53.888390       1 feature_gate.go:328] unrecognized feature gate: CPMSMachineNamePrefix
2026-01-28T09:44:53.888409159Z W0128 09:44:53.888395       1 feature_gate.go:328] unrecognized feature gate: NewOLMOwnSingleNamespace
2026-01-28T09:44:53.888409159Z W0128 09:44:53.888399       1 feature_gate.go:328] unrecognized feature gate: IngressControllerDynamicConfigurationManager
2026-01-28T09:44:53.888409159Z W0128 09:44:53.888403       1 feature_gate.go:328] unrecognized feature gate: GatewayAPI
2026-01-28T09:44:53.888409159Z W0128 09:44:53.888406       1 feature_gate.go:328] unrecognized feature gate: EtcdBackendQuota
2026-01-28T09:44:53.888419940Z W0128 09:44:53.888409       1 feature_gate.go:328] unrecognized feature gate: MixedCPUsAllocation
2026-01-28T09:44:53.888419940Z W0128 09:44:53.888413       1 feature_gate.go:328] unrecognized feature gate: ShortCertRotation
2026-01-28T09:44:53.888419940Z W0128 09:44:53.888416       1 feature_gate.go:328] unrecognized feature gate: AzureDedicatedHosts
2026-01-28T09:44:53.888430470Z W0128 09:44:53.888419       1 feature_gate.go:328] unrecognized feature gate: ManagedBootImages
2026-01-28T09:44:53.888430470Z W0128 09:44:53.888423       1 feature_gate.go:328] unrecognized feature gate: PreconfiguredUDNAddresses
2026-01-28T09:44:53.888430470Z W0128 09:44:53.888426       1 feature_gate.go:328] unrecognized feature gate: NewOLMWebhookProviderOpenshiftServiceCA
2026-01-28T09:44:53.888440920Z W0128 09:44:53.888430       1 feature_gate.go:328] unrecognized feature gate: AWSClusterHostedDNS
2026-01-28T09:44:53.888440920Z W0128 09:44:53.888433       1 feature_gate.go:328] unrecognized feature gate: ExternalSnapshotMetadata
2026-01-28T09:44:53.888440920Z W0128 09:44:53.888437       1 feature_gate.go:328] unrecognized feature gate: MultiDiskSetup
2026-01-28T09:44:53.888451300Z W0128 09:44:53.888440       1 feature_gate.go:328] unrecognized feature gate: GCPCustomAPIEndpointsInstall
2026-01-28T09:44:53.888451300Z W0128 09:44:53.888443       1 feature_gate.go:328] unrecognized feature gate: NutanixMultiSubnets
2026-01-28T09:44:53.888451300Z W0128 09:44:53.888446       1 feature_gate.go:328] unrecognized feature gate: MachineAPIMigration
2026-01-28T09:44:53.888481461Z W0128 09:44:53.888462       1 feature_gate.go:328] unrecognized feature gate: AzureWorkloadIdentity
2026-01-28T09:44:53.888481461Z W0128 09:44:53.888469       1 feature_gate.go:328] unrecognized feature gate: OVNObservability
2026-01-28T09:44:53.888481461Z W0128 09:44:53.888473       1 feature_gate.go:328] unrecognized feature gate: VolumeGroupSnapshot
2026-01-28T09:44:53.888481461Z W0128 09:44:53.888477       1 feature_gate.go:328] unrecognized feature gate: ClusterAPIInstall
2026-01-28T09:44:53.888492751Z W0128 09:44:53.888480       1 feature_gate.go:328] unrecognized feature gate: MachineConfigNodes
2026-01-28T09:44:53.890856421Z I0128 09:44:53.890823       1 dynamic_serving_content.go:116] "Loaded a new cert/key pair" name="serving-cert::/etc/kubernetes/static-pod-resources/secrets/serving-cert/tls.crt::/etc/kubernetes/static-pod-resources/secrets/serving-cert/tls.key"
2026-01-28T09:44:54.670349105Z I0128 09:44:54.670312       1 requestheader_controller.go:255] Loaded a new request header values for RequestHeaderAuthRequestController
2026-01-28T09:44:54.686275915Z I0128 09:44:54.686124       1 framework.go:399] "the scheduler starts to work with those plugins" Plugins={"PreEnqueue":{"Enabled":[{"Name":"SchedulingGates","Weight":0},{"Name":"DefaultPreemption","Weight":0}],"Disabled":null},"QueueSort":{"Enabled":[{"Name":"PrioritySort","Weight":0}],"Disabled":null},"PreFilter":{"Enabled":[{"Name":"NodeAffinity","Weight":0},{"Name":"NodePorts","Weight":0},{"Name":"NodeResourcesFit","Weight":0},{"Name":"VolumeRestrictions","Weight":0},{"Name":"NodeVolumeLimits","Weight":0},{"Name":"VolumeBinding","Weight":0},{"Name":"VolumeZone","Weight":0},{"Name":"PodTopologySpread","Weight":0},{"Name":"InterPodAffinity","Weight":0}],"Disabled":null},"Filter":{"Enabled":[{"Name":"NodeUnschedulable","Weight":0},{"Name":"NodeName","Weight":0},{"Name":"TaintToleration","Weight":0},{"Name":"NodeAffinity","Weight":0},{"Name":"NodePorts","Weight":0},{"Name":"NodeResourcesFit","Weight":0},{"Name":"VolumeRestrictions","Weight":0},{"Name":"NodeVolumeLimits","Weight":0},{"Name":"VolumeBinding","Weight":0},{"Name":"VolumeZone","Weight":0},{"Name":"PodTopologySpread","Weight":0},{"Name":"InterPodAffinity","Weight":0}],"Disabled":null},"PostFilter":{"Enabled":[{"Name":"DefaultPreemption","Weight":0}],"Disabled":null},"PreScore":{"Enabled":[{"Name":"TaintToleration","Weight":0},{"Name":"NodeAffinity","Weight":0},{"Name":"NodeResourcesFit","Weight":0},{"Name":"VolumeBinding","Weight":0},{"Name":"PodTopologySpread","Weight":0},{"Name":"InterPodAffinity","Weight":0},{"Name":"NodeResourcesBalancedAllocation","Weight":0}],"Disabled":null},"Score":{"Enabled":[{"Name":"TaintToleration","Weight":3},{"Name":"NodeAffinity","Weight":2},{"Name":"NodeResourcesFit","Weight":1},{"Name":"VolumeBinding","Weight":1},{"Name":"PodTopologySpread","Weight":2},{"Name":"InterPodAffinity","Weight":2},{"Name":"NodeResourcesBalancedAllocation","Weight":1},{"Name":"ImageLocality","Weight":1}],"Disabled":null},"Reserve":{"Enabled":[{"Name":"VolumeBinding","Weight":0}],"Disabled":null},"Permit":{"Enabled":null,"Disabled":null},"PreBind":{"Enabled":[{"Name":"VolumeBinding","Weight":0}],"Disabled":null},"Bind":{"Enabled":[{"Name":"DefaultBinder","Weight":0}],"Disabled":null},"PostBind":{"Enabled":null,"Disabled":null},"MultiPoint":{"Enabled":null,"Disabled":null}}
2026-01-28T09:44:54.689400762Z I0128 09:44:54.689356       1 configfile.go:94] "Using component config" config=<
2026-01-28T09:44:54.689400762Z 	apiVersion: kubescheduler.config.k8s.io/v1
2026-01-28T09:44:54.689400762Z 	clientConnection:
2026-01-28T09:44:54.689400762Z 	  acceptContentTypes: ""
2026-01-28T09:44:54.689400762Z 	  burst: 100
2026-01-28T09:44:54.689400762Z 	  contentType: application/vnd.kubernetes.protobuf
2026-01-28T09:44:54.689400762Z 	  kubeconfig: /etc/kubernetes/static-pod-resources/configmaps/scheduler-kubeconfig/kubeconfig
2026-01-28T09:44:54.689400762Z 	  qps: 50
2026-01-28T09:44:54.689400762Z 	enableContentionProfiling: false
2026-01-28T09:44:54.689400762Z 	enableProfiling: false
2026-01-28T09:44:54.689400762Z 	kind: KubeSchedulerConfiguration
2026-01-28T09:44:54.689400762Z 	leaderElection:
2026-01-28T09:44:54.689400762Z 	  leaderElect: true
2026-01-28T09:44:54.689400762Z 	  leaseDuration: 2m17s
2026-01-28T09:44:54.689400762Z 	  renewDeadline: 1m47s
2026-01-28T09:44:54.689400762Z 	  resourceLock: leases
2026-01-28T09:44:54.689400762Z 	  resourceName: kube-scheduler
2026-01-28T09:44:54.689400762Z 	  resourceNamespace: openshift-kube-scheduler
2026-01-28T09:44:54.689400762Z 	  retryPeriod: 26s
2026-01-28T09:44:54.689400762Z 	parallelism: 16
2026-01-28T09:44:54.689400762Z 	percentageOfNodesToScore: 0
2026-01-28T09:44:54.689400762Z 	podInitialBackoffSeconds: 1
2026-01-28T09:44:54.689400762Z 	podMaxBackoffSeconds: 10
2026-01-28T09:44:54.689400762Z 	profiles:
2026-01-28T09:44:54.689400762Z 	- pluginConfig:
2026-01-28T09:44:54.689400762Z 	  - args:
2026-01-28T09:44:54.689400762Z 	      apiVersion: kubescheduler.config.k8s.io/v1
2026-01-28T09:44:54.689400762Z 	      kind: DefaultPreemptionArgs
2026-01-28T09:44:54.689400762Z 	      minCandidateNodesAbsolute: 100
2026-01-28T09:44:54.689400762Z 	      minCandidateNodesPercentage: 10
2026-01-28T09:44:54.689400762Z 	    name: DefaultPreemption
2026-01-28T09:44:54.689400762Z 	  - args:
2026-01-28T09:44:54.689400762Z 	      apiVersion: kubescheduler.config.k8s.io/v1
2026-01-28T09:44:54.689400762Z 	      hardPodAffinityWeight: 1
2026-01-28T09:44:54.689400762Z 	      ignorePreferredTermsOfExistingPods: false
2026-01-28T09:44:54.689400762Z 	      kind: InterPodAffinityArgs
2026-01-28T09:44:54.689400762Z 	    name: InterPodAffinity
2026-01-28T09:44:54.689400762Z 	  - args:
2026-01-28T09:44:54.689400762Z 	      apiVersion: kubescheduler.config.k8s.io/v1
2026-01-28T09:44:54.689400762Z 	      kind: NodeAffinityArgs
2026-01-28T09:44:54.689400762Z 	    name: NodeAffinity
2026-01-28T09:44:54.689400762Z 	  - args:
2026-01-28T09:44:54.689400762Z 	      apiVersion: kubescheduler.config.k8s.io/v1
2026-01-28T09:44:54.689400762Z 	      kind: NodeResourcesBalancedAllocationArgs
2026-01-28T09:44:54.689400762Z 	      resources:
2026-01-28T09:44:54.689400762Z 	      - name: cpu
2026-01-28T09:44:54.689400762Z 	        weight: 1
2026-01-28T09:44:54.689400762Z 	      - name: memory
2026-01-28T09:44:54.689400762Z 	        weight: 1
2026-01-28T09:44:54.689400762Z 	    name: NodeResourcesBalancedAllocation
2026-01-28T09:44:54.689400762Z 	  - args:
2026-01-28T09:44:54.689400762Z 	      apiVersion: kubescheduler.config.k8s.io/v1
2026-01-28T09:44:54.689400762Z 	      kind: NodeResourcesFitArgs
2026-01-28T09:44:54.689400762Z 	      scoringStrategy:
2026-01-28T09:44:54.689400762Z 	        resources:
2026-01-28T09:44:54.689400762Z 	        - name: cpu
2026-01-28T09:44:54.689400762Z 	          weight: 1
2026-01-28T09:44:54.689400762Z 	        - name: memory
2026-01-28T09:44:54.689400762Z 	          weight: 1
2026-01-28T09:44:54.689400762Z 	        type: LeastAllocated
2026-01-28T09:44:54.689400762Z 	    name: NodeResourcesFit
2026-01-28T09:44:54.689400762Z 	  - args:
2026-01-28T09:44:54.689400762Z 	      apiVersion: kubescheduler.config.k8s.io/v1
2026-01-28T09:44:54.689400762Z 	      defaultingType: System
2026-01-28T09:44:54.689400762Z 	      kind: PodTopologySpreadArgs
2026-01-28T09:44:54.689400762Z 	    name: PodTopologySpread
2026-01-28T09:44:54.689400762Z 	  - args:
2026-01-28T09:44:54.689400762Z 	      apiVersion: kubescheduler.config.k8s.io/v1
2026-01-28T09:44:54.689400762Z 	      bindTimeoutSeconds: 600
2026-01-28T09:44:54.689400762Z 	      kind: VolumeBindingArgs
2026-01-28T09:44:54.689400762Z 	    name: VolumeBinding
2026-01-28T09:44:54.689400762Z 	  plugins:
2026-01-28T09:44:54.689400762Z 	    bind: {}
2026-01-28T09:44:54.689400762Z 	    filter: {}
2026-01-28T09:44:54.689400762Z 	    multiPoint:
2026-01-28T09:44:54.689400762Z 	      enabled:
2026-01-28T09:44:54.689400762Z 	      - name: SchedulingGates
2026-01-28T09:44:54.689400762Z 	        weight: 0
2026-01-28T09:44:54.689400762Z 	      - name: PrioritySort
2026-01-28T09:44:54.689400762Z 	        weight: 0
2026-01-28T09:44:54.689400762Z 	      - name: NodeUnschedulable
2026-01-28T09:44:54.689400762Z 	        weight: 0
2026-01-28T09:44:54.689400762Z 	      - name: NodeName
2026-01-28T09:44:54.689400762Z 	        weight: 0
2026-01-28T09:44:54.689400762Z 	      - name: TaintToleration
2026-01-28T09:44:54.689400762Z 	        weight: 3
2026-01-28T09:44:54.689400762Z 	      - name: NodeAffinity
2026-01-28T09:44:54.689400762Z 	        weight: 2
2026-01-28T09:44:54.689400762Z 	      - name: NodePorts
2026-01-28T09:44:54.689400762Z 	        weight: 0
2026-01-28T09:44:54.689400762Z 	      - name: NodeResourcesFit
2026-01-28T09:44:54.689400762Z 	        weight: 1
2026-01-28T09:44:54.689400762Z 	      - name: VolumeRestrictions
2026-01-28T09:44:54.689400762Z 	        weight: 0
2026-01-28T09:44:54.689400762Z 	      - name: NodeVolumeLimits
2026-01-28T09:44:54.689400762Z 	        weight: 0
2026-01-28T09:44:54.689400762Z 	      - name: VolumeBinding
2026-01-28T09:44:54.689400762Z 	        weight: 0
2026-01-28T09:44:54.689400762Z 	      - name: VolumeZone
2026-01-28T09:44:54.689400762Z 	        weight: 0
2026-01-28T09:44:54.689400762Z 	      - name: PodTopologySpread
2026-01-28T09:44:54.689400762Z 	        weight: 2
2026-01-28T09:44:54.689400762Z 	      - name: InterPodAffinity
2026-01-28T09:44:54.689400762Z 	        weight: 2
2026-01-28T09:44:54.689400762Z 	      - name: DefaultPreemption
2026-01-28T09:44:54.689400762Z 	        weight: 0
2026-01-28T09:44:54.689400762Z 	      - name: NodeResourcesBalancedAllocation
2026-01-28T09:44:54.689400762Z 	        weight: 1
2026-01-28T09:44:54.689400762Z 	      - name: ImageLocality
2026-01-28T09:44:54.689400762Z 	        weight: 1
2026-01-28T09:44:54.689400762Z 	      - name: DefaultBinder
2026-01-28T09:44:54.689400762Z 	        weight: 0
2026-01-28T09:44:54.689400762Z 	    permit: {}
2026-01-28T09:44:54.689400762Z 	    postBind: {}
2026-01-28T09:44:54.689400762Z 	    postFilter: {}
2026-01-28T09:44:54.689400762Z 	    preBind: {}
2026-01-28T09:44:54.689400762Z 	    preEnqueue: {}
2026-01-28T09:44:54.689400762Z 	    preFilter: {}
2026-01-28T09:44:54.689400762Z 	    preScore: {}
2026-01-28T09:44:54.689400762Z 	    queueSort: {}
2026-01-28T09:44:54.689400762Z 	    reserve: {}
2026-01-28T09:44:54.689400762Z 	    score: {}
2026-01-28T09:44:54.689400762Z 	  schedulerName: default-scheduler
2026-01-28T09:44:54.689400762Z  >
2026-01-28T09:44:54.690959065Z I0128 09:44:54.690927       1 server.go:176] "Starting Kubernetes Scheduler" version="v1.33.6"
2026-01-28T09:44:54.691000716Z I0128 09:44:54.690988       1 server.go:178] "Golang settings" GOGC="" GOMAXPROCS="" GOTRACEBACK=""
2026-01-28T09:44:54.695719707Z I0128 09:44:54.695695       1 requestheader_controller.go:180] Starting RequestHeaderAuthRequestController
2026-01-28T09:44:54.695907251Z I0128 09:44:54.695871       1 shared_informer.go:350] "Waiting for caches to sync" controller="RequestHeaderAuthRequestController"
2026-01-28T09:44:54.696268678Z I0128 09:44:54.695824       1 configmap_cafile_content.go:205] "Starting controller" name="client-ca::kube-system::extension-apiserver-authentication::client-ca-file"
2026-01-28T09:44:54.696349530Z I0128 09:44:54.696332       1 shared_informer.go:350] "Waiting for caches to sync" controller="client-ca::kube-system::extension-apiserver-authentication::client-ca-file"
2026-01-28T09:44:54.696454393Z I0128 09:44:54.696246       1 tlsconfig.go:203] "Loaded serving cert" certName="serving-cert::/etc/kubernetes/static-pod-resources/secrets/serving-cert/tls.crt::/etc/kubernetes/static-pod-resources/secrets/serving-cert/tls.key" certDetail="\"scheduler.openshift-kube-scheduler.svc\" [serving] validServingFor=[scheduler.openshift-kube-scheduler.svc,scheduler.openshift-kube-scheduler.svc.cluster.local] issuer=\"openshift-service-serving-signer@1769592635\" (2026-01-28 09:30:55 +0000 UTC to 2028-01-28 09:30:56 +0000 UTC (now=2026-01-28 09:44:54.696213777 +0000 UTC))"
2026-01-28T09:44:54.696593845Z I0128 09:44:54.695793       1 configmap_cafile_content.go:205] "Starting controller" name="client-ca::kube-system::extension-apiserver-authentication::requestheader-client-ca-file"
2026-01-28T09:44:54.696593845Z I0128 09:44:54.696554       1 shared_informer.go:350] "Waiting for caches to sync" controller="client-ca::kube-system::extension-apiserver-authentication::requestheader-client-ca-file"
2026-01-28T09:44:54.696593845Z I0128 09:44:54.696268       1 dynamic_serving_content.go:135] "Starting controller" name="serving-cert::/etc/kubernetes/static-pod-resources/secrets/serving-cert/tls.crt::/etc/kubernetes/static-pod-resources/secrets/serving-cert/tls.key"
2026-01-28T09:44:54.696713088Z I0128 09:44:54.696683       1 named_certificates.go:53] "Loaded SNI cert" index=0 certName="self-signed loopback" certDetail="\"apiserver-loopback-client@1769593494\" [serving] validServingFor=[apiserver-loopback-client] issuer=\"apiserver-loopback-client-ca@1769593494\" (2026-01-28 08:44:53 +0000 UTC to 2029-01-28 08:44:53 +0000 UTC (now=2026-01-28 09:44:54.696670237 +0000 UTC))"
2026-01-28T09:44:54.696727528Z I0128 09:44:54.696717       1 secure_serving.go:211] Serving securely on [::]:10259
2026-01-28T09:44:54.696768049Z I0128 09:44:54.696744       1 tlsconfig.go:243] "Starting DynamicServingCertificateController"
2026-01-28T09:44:54.698020966Z I0128 09:44:54.697997       1 reflector.go:430] "Caches populated" type="*v1.ConfigMap" reflector="runtime/asm_amd64.s:1700"
2026-01-28T09:44:54.698296842Z I0128 09:44:54.698277       1 reflector.go:430] "Caches populated" type="*v1.ConfigMap" reflector="runtime/asm_amd64.s:1700"
2026-01-28T09:44:54.698941306Z I0128 09:44:54.698878       1 reflector.go:430] "Caches populated" type="*v1.ConfigMap" reflector="runtime/asm_amd64.s:1700"
2026-01-28T09:44:54.703321069Z I0128 09:44:54.703296       1 reflector.go:430] "Caches populated" type="*v1.StorageClass" reflector="k8s.io/client-go/informers/factory.go:160"
2026-01-28T09:44:54.708599772Z I0128 09:44:54.705203       1 reflector.go:430] "Caches populated" type="*v1.ReplicationController" reflector="k8s.io/client-go/informers/factory.go:160"
2026-01-28T09:44:54.708932208Z I0128 09:44:54.705607       1 reflector.go:430] "Caches populated" type="*v1.VolumeAttachment" reflector="k8s.io/client-go/informers/factory.go:160"
2026-01-28T09:44:54.709100722Z I0128 09:44:54.706656       1 reflector.go:430] "Caches populated" type="*v1.PersistentVolumeClaim" reflector="k8s.io/client-go/informers/factory.go:160"
2026-01-28T09:44:54.712629617Z I0128 09:44:54.710694       1 reflector.go:430] "Caches populated" type="*v1.PersistentVolume" reflector="k8s.io/client-go/informers/factory.go:160"
2026-01-28T09:44:54.712629617Z I0128 09:44:54.711148       1 reflector.go:430] "Caches populated" type="*v1.CSIDriver" reflector="k8s.io/client-go/informers/factory.go:160"
2026-01-28T09:44:54.712629617Z I0128 09:44:54.711419       1 reflector.go:430] "Caches populated" type="*v1.CSINode" reflector="k8s.io/client-go/informers/factory.go:160"
2026-01-28T09:44:54.714237902Z I0128 09:44:54.714201       1 reflector.go:430] "Caches populated" type="*v1.CSIStorageCapacity" reflector="k8s.io/client-go/informers/factory.go:160"
2026-01-28T09:44:54.716035830Z I0128 09:44:54.716012       1 reflector.go:430] "Caches populated" type="*v1.Node" reflector="k8s.io/client-go/informers/factory.go:160"
2026-01-28T09:44:54.716298976Z I0128 09:44:54.716211       1 node_tree.go:65] "Added node to NodeTree" node="ip-10-0-101-165.us-west-1.compute.internal" zone="us-west-1:\x00:us-west-1c"
2026-01-28T09:44:54.716416008Z I0128 09:44:54.716396       1 node_tree.go:65] "Added node to NodeTree" node="ip-10-0-102-200.us-west-1.compute.internal" zone="us-west-1:\x00:us-west-1c"
2026-01-28T09:44:54.718707087Z I0128 09:44:54.716505       1 node_tree.go:65] "Added node to NodeTree" node="ip-10-0-108-54.us-west-1.compute.internal" zone="us-west-1:\x00:us-west-1c"
2026-01-28T09:44:54.718707087Z I0128 09:44:54.716843       1 node_tree.go:65] "Added node to NodeTree" node="ip-10-0-22-208.us-west-1.compute.internal" zone="us-west-1:\x00:us-west-1a"
2026-01-28T09:44:54.718707087Z I0128 09:44:54.716935       1 node_tree.go:65] "Added node to NodeTree" node="ip-10-0-3-203.us-west-1.compute.internal" zone="us-west-1:\x00:us-west-1a"
2026-01-28T09:44:54.718707087Z I0128 09:44:54.717000       1 node_tree.go:65] "Added node to NodeTree" node="ip-10-0-78-215.us-west-1.compute.internal" zone="us-west-1:\x00:us-west-1c"
2026-01-28T09:44:54.718707087Z I0128 09:44:54.717989       1 reflector.go:430] "Caches populated" type="*v1.PodDisruptionBudget" reflector="k8s.io/client-go/informers/factory.go:160"
2026-01-28T09:44:54.718707087Z I0128 09:44:54.718281       1 reflector.go:430] "Caches populated" type="*v1.StatefulSet" reflector="k8s.io/client-go/informers/factory.go:160"
2026-01-28T09:44:54.720369572Z I0128 09:44:54.720333       1 reflector.go:430] "Caches populated" type="*v1.Namespace" reflector="k8s.io/client-go/informers/factory.go:160"
2026-01-28T09:44:54.726516394Z I0128 09:44:54.726478       1 reflector.go:430] "Caches populated" type="*v1.Service" reflector="k8s.io/client-go/informers/factory.go:160"
2026-01-28T09:44:54.737332524Z I0128 09:44:54.737271       1 reflector.go:430] "Caches populated" type="*v1.ReplicaSet" reflector="k8s.io/client-go/informers/factory.go:160"
2026-01-28T09:44:54.757516685Z I0128 09:44:54.757475       1 reflector.go:430] "Caches populated" type="*v1.Pod" reflector="k8s.io/client-go/informers/factory.go:160"
2026-01-28T09:44:54.796558597Z I0128 09:44:54.796520       1 shared_informer.go:357] "Caches are synced" controller="client-ca::kube-system::extension-apiserver-authentication::client-ca-file"
2026-01-28T09:44:54.796614319Z I0128 09:44:54.796533       1 shared_informer.go:357] "Caches are synced" controller="RequestHeaderAuthRequestController"
2026-01-28T09:44:54.796682350Z I0128 09:44:54.796664       1 shared_informer.go:357] "Caches are synced" controller="client-ca::kube-system::extension-apiserver-authentication::requestheader-client-ca-file"
2026-01-28T09:44:54.797038348Z I0128 09:44:54.797010       1 leaderelection.go:257] attempting to acquire leader lease openshift-kube-scheduler/kube-scheduler...
2026-01-28T09:44:54.797363675Z I0128 09:44:54.797330       1 tlsconfig.go:181] "Loaded client CA" index=0 certName="client-ca::kube-system::extension-apiserver-authentication::client-ca-file,client-ca::kube-system::extension-apiserver-authentication::requestheader-client-ca-file" certDetail="\"admin-kubeconfig-signer\" [] issuer=\"<self>\" (2026-01-28 09:13:02 +0000 UTC to 2036-01-26 09:13:02 +0000 UTC (now=2026-01-28 09:44:54.797313364 +0000 UTC))"
2026-01-28T09:44:54.797421576Z I0128 09:44:54.797402       1 tlsconfig.go:181] "Loaded client CA" index=1 certName="client-ca::kube-system::extension-apiserver-authentication::client-ca-file,client-ca::kube-system::extension-apiserver-authentication::requestheader-client-ca-file" certDetail="\"kubelet-signer\" [] issuer=\"<self>\" (2026-01-28 09:13:06 +0000 UTC to 2026-01-29 09:13:06 +0000 UTC (now=2026-01-28 09:44:54.797389795 +0000 UTC))"
2026-01-28T09:44:54.797473467Z I0128 09:44:54.797455       1 tlsconfig.go:181] "Loaded client CA" index=2 certName="client-ca::kube-system::extension-apiserver-authentication::client-ca-file,client-ca::kube-system::extension-apiserver-authentication::requestheader-client-ca-file" certDetail="\"kube-control-plane-signer\" [] issuer=\"<self>\" (2026-01-28 09:13:06 +0000 UTC to 2027-01-28 09:13:06 +0000 UTC (now=2026-01-28 09:44:54.797448927 +0000 UTC))"
2026-01-28T09:44:54.797512178Z I0128 09:44:54.797496       1 tlsconfig.go:181] "Loaded client CA" index=3 certName="client-ca::kube-system::extension-apiserver-authentication::client-ca-file,client-ca::kube-system::extension-apiserver-authentication::requestheader-client-ca-file" certDetail="\"kube-apiserver-to-kubelet-signer\" [] issuer=\"<self>\" (2026-01-28 09:13:07 +0000 UTC to 2027-01-28 09:13:07 +0000 UTC (now=2026-01-28 09:44:54.797489727 +0000 UTC))"
2026-01-28T09:44:54.797553719Z I0128 09:44:54.797538       1 tlsconfig.go:181] "Loaded client CA" index=4 certName="client-ca::kube-system::extension-apiserver-authentication::client-ca-file,client-ca::kube-system::extension-apiserver-authentication::requestheader-client-ca-file" certDetail="\"kubelet-bootstrap-kubeconfig-signer\" [] issuer=\"<self>\" (2026-01-28 09:13:03 +0000 UTC to 2036-01-26 09:13:03 +0000 UTC (now=2026-01-28 09:44:54.797527548 +0000 UTC))"
2026-01-28T09:44:54.797590419Z I0128 09:44:54.797574       1 tlsconfig.go:181] "Loaded client CA" index=5 certName="client-ca::kube-system::extension-apiserver-authentication::client-ca-file,client-ca::kube-system::extension-apiserver-authentication::requestheader-client-ca-file" certDetail="\"kube-csr-signer_@1769592636\" [] issuer=\"kubelet-signer\" (2026-01-28 09:30:35 +0000 UTC to 2026-01-29 09:13:06 +0000 UTC (now=2026-01-28 09:44:54.797568899 +0000 UTC))"
2026-01-28T09:44:54.797651151Z I0128 09:44:54.797632       1 tlsconfig.go:181] "Loaded client CA" index=6 certName="client-ca::kube-system::extension-apiserver-authentication::client-ca-file,client-ca::kube-system::extension-apiserver-authentication::requestheader-client-ca-file" certDetail="\"openshift-kube-apiserver-operator_node-system-admin-signer@1769592635\" [] issuer=\"<self>\" (2026-01-28 09:30:35 +0000 UTC to 2029-01-27 09:30:36 +0000 UTC (now=2026-01-28 09:44:54.79762387 +0000 UTC))"
2026-01-28T09:44:54.798657572Z I0128 09:44:54.797979       1 tlsconfig.go:203] "Loaded serving cert" certName="serving-cert::/etc/kubernetes/static-pod-resources/secrets/serving-cert/tls.crt::/etc/kubernetes/static-pod-resources/secrets/serving-cert/tls.key" certDetail="\"scheduler.openshift-kube-scheduler.svc\" [serving] validServingFor=[scheduler.openshift-kube-scheduler.svc,scheduler.openshift-kube-scheduler.svc.cluster.local] issuer=\"openshift-service-serving-signer@1769592635\" (2026-01-28 09:30:55 +0000 UTC to 2028-01-28 09:30:56 +0000 UTC (now=2026-01-28 09:44:54.797967438 +0000 UTC))"
2026-01-28T09:44:54.798945359Z I0128 09:44:54.798921       1 named_certificates.go:53] "Loaded SNI cert" index=0 certName="self-signed loopback" certDetail="\"apiserver-loopback-client@1769593494\" [serving] validServingFor=[apiserver-loopback-client] issuer=\"apiserver-loopback-client-ca@1769593494\" (2026-01-28 08:44:53 +0000 UTC to 2029-01-28 08:44:53 +0000 UTC (now=2026-01-28 09:44:54.798907498 +0000 UTC))"
2026-01-28T09:44:54.799191234Z I0128 09:44:54.799170       1 tlsconfig.go:181] "Loaded client CA" index=0 certName="client-ca::kube-system::extension-apiserver-authentication::client-ca-file,client-ca::kube-system::extension-apiserver-authentication::requestheader-client-ca-file" certDetail="\"admin-kubeconfig-signer\" [] issuer=\"<self>\" (2026-01-28 09:13:02 +0000 UTC to 2036-01-26 09:13:02 +0000 UTC (now=2026-01-28 09:44:54.799160513 +0000 UTC))"
2026-01-28T09:44:54.799247555Z I0128 09:44:54.799230       1 tlsconfig.go:181] "Loaded client CA" index=1 certName="client-ca::kube-system::extension-apiserver-authentication::client-ca-file,client-ca::kube-system::extension-apiserver-authentication::requestheader-client-ca-file" certDetail="\"kubelet-signer\" [] issuer=\"<self>\" (2026-01-28 09:13:06 +0000 UTC to 2026-01-29 09:13:06 +0000 UTC (now=2026-01-28 09:44:54.799217944 +0000 UTC))"
2026-01-28T09:44:54.799288686Z I0128 09:44:54.799270       1 tlsconfig.go:181] "Loaded client CA" index=2 certName="client-ca::kube-system::extension-apiserver-authentication::client-ca-file,client-ca::kube-system::extension-apiserver-authentication::requestheader-client-ca-file" certDetail="\"kube-control-plane-signer\" [] issuer=\"<self>\" (2026-01-28 09:13:06 +0000 UTC to 2027-01-28 09:13:06 +0000 UTC (now=2026-01-28 09:44:54.799264065 +0000 UTC))"
2026-01-28T09:44:54.799328007Z I0128 09:44:54.799312       1 tlsconfig.go:181] "Loaded client CA" index=3 certName="client-ca::kube-system::extension-apiserver-authentication::client-ca-file,client-ca::kube-system::extension-apiserver-authentication::requestheader-client-ca-file" certDetail="\"kube-apiserver-to-kubelet-signer\" [] issuer=\"<self>\" (2026-01-28 09:13:07 +0000 UTC to 2027-01-28 09:13:07 +0000 UTC (now=2026-01-28 09:44:54.799305916 +0000 UTC))"
2026-01-28T09:44:54.799369517Z I0128 09:44:54.799353       1 tlsconfig.go:181] "Loaded client CA" index=4 certName="client-ca::kube-system::extension-apiserver-authentication::client-ca-file,client-ca::kube-system::extension-apiserver-authentication::requestheader-client-ca-file" certDetail="\"kubelet-bootstrap-kubeconfig-signer\" [] issuer=\"<self>\" (2026-01-28 09:13:03 +0000 UTC to 2036-01-26 09:13:03 +0000 UTC (now=2026-01-28 09:44:54.799343607 +0000 UTC))"
2026-01-28T09:44:54.799407348Z I0128 09:44:54.799391       1 tlsconfig.go:181] "Loaded client CA" index=5 certName="client-ca::kube-system::extension-apiserver-authentication::client-ca-file,client-ca::kube-system::extension-apiserver-authentication::requestheader-client-ca-file" certDetail="\"kube-csr-signer_@1769592636\" [] issuer=\"kubelet-signer\" (2026-01-28 09:30:35 +0000 UTC to 2026-01-29 09:13:06 +0000 UTC (now=2026-01-28 09:44:54.799384968 +0000 UTC))"
2026-01-28T09:44:54.799443829Z I0128 09:44:54.799428       1 tlsconfig.go:181] "Loaded client CA" index=6 certName="client-ca::kube-system::extension-apiserver-authentication::client-ca-file,client-ca::kube-system::extension-apiserver-authentication::requestheader-client-ca-file" certDetail="\"openshift-kube-apiserver-operator_node-system-admin-signer@1769592635\" [] issuer=\"<self>\" (2026-01-28 09:30:35 +0000 UTC to 2029-01-27 09:30:36 +0000 UTC (now=2026-01-28 09:44:54.799421889 +0000 UTC))"
2026-01-28T09:44:54.799484710Z I0128 09:44:54.799469       1 tlsconfig.go:181] "Loaded client CA" index=7 certName="client-ca::kube-system::extension-apiserver-authentication::client-ca-file,client-ca::kube-system::extension-apiserver-authentication::requestheader-client-ca-file" certDetail="\"aggregator-signer\" [] issuer=\"<self>\" (2026-01-28 09:13:04 +0000 UTC to 2026-01-29 09:13:04 +0000 UTC (now=2026-01-28 09:44:54.799459269 +0000 UTC))"
2026-01-28T09:44:54.799733685Z I0128 09:44:54.799704       1 tlsconfig.go:203] "Loaded serving cert" certName="serving-cert::/etc/kubernetes/static-pod-resources/secrets/serving-cert/tls.crt::/etc/kubernetes/static-pod-resources/secrets/serving-cert/tls.key" certDetail="\"scheduler.openshift-kube-scheduler.svc\" [serving] validServingFor=[scheduler.openshift-kube-scheduler.svc,scheduler.openshift-kube-scheduler.svc.cluster.local] issuer=\"openshift-service-serving-signer@1769592635\" (2026-01-28 09:30:55 +0000 UTC to 2028-01-28 09:30:56 +0000 UTC (now=2026-01-28 09:44:54.799694274 +0000 UTC))"
2026-01-28T09:44:54.799994161Z I0128 09:44:54.799973       1 named_certificates.go:53] "Loaded SNI cert" index=0 certName="self-signed loopback" certDetail="\"apiserver-loopback-client@1769593494\" [serving] validServingFor=[apiserver-loopback-client] issuer=\"apiserver-loopback-client-ca@1769593494\" (2026-01-28 08:44:53 +0000 UTC to 2029-01-28 08:44:53 +0000 UTC (now=2026-01-28 09:44:54.79996369 +0000 UTC))"
