2026-01-28T09:38:55.289758262Z I0128 09:38:55.289577       1 cmd.go:95] &{<nil> true {false} installer true map[cert-configmaps:0xc000954280 cert-dir:0xc000954460 cert-secrets:0xc0009541e0 configmaps:0xc0007d1cc0 namespace:0xc0007d1ae0 optional-cert-configmaps:0xc0009543c0 optional-cert-secrets:0xc000954320 optional-configmaps:0xc0007d1e00 optional-secrets:0xc0007d1d60 pod:0xc0007d1b80 pod-manifest-dir:0xc000954000 resource-dir:0xc0007d1ea0 revision:0xc0007d1a40 secrets:0xc0007d1c20 v:0xc000955860] [0xc000955860 0xc0007d1a40 0xc0007d1ae0 0xc0007d1b80 0xc0007d1ea0 0xc000954000 0xc0007d1cc0 0xc0007d1e00 0xc0007d1c20 0xc0007d1d60 0xc000954460 0xc000954280 0xc0009543c0 0xc0009541e0 0xc000954320] [] map[cert-configmaps:0xc000954280 cert-dir:0xc000954460 cert-secrets:0xc0009541e0 configmaps:0xc0007d1cc0 help:0xc000955c20 kubeconfig:0xc0007d19a0 log-flush-frequency:0xc0009557c0 namespace:0xc0007d1ae0 optional-cert-configmaps:0xc0009543c0 optional-cert-secrets:0xc000954320 optional-configmaps:0xc0007d1e00 optional-secrets:0xc0007d1d60 pod:0xc0007d1b80 pod-manifest-dir:0xc000954000 pod-manifests-lock-file:0xc000954140 resource-dir:0xc0007d1ea0 revision:0xc0007d1a40 secrets:0xc0007d1c20 timeout-duration:0xc0009540a0 v:0xc000955860 vmodule:0xc000955900] [0xc0007d19a0 0xc0007d1a40 0xc0007d1ae0 0xc0007d1b80 0xc0007d1c20 0xc0007d1cc0 0xc0007d1d60 0xc0007d1e00 0xc0007d1ea0 0xc000954000 0xc0009540a0 0xc000954140 0xc0009541e0 0xc000954280 0xc000954320 0xc0009543c0 0xc000954460 0xc0009557c0 0xc000955860 0xc000955900 0xc000955c20] [0xc000954280 0xc000954460 0xc0009541e0 0xc0007d1cc0 0xc000955c20 0xc0007d19a0 0xc0009557c0 0xc0007d1ae0 0xc0009543c0 0xc000954320 0xc0007d1e00 0xc0007d1d60 0xc0007d1b80 0xc000954000 0xc000954140 0xc0007d1ea0 0xc0007d1a40 0xc0007d1c20 0xc0009540a0 0xc000955860 0xc000955900] map[104:0xc000955c20 118:0xc000955860] [] -1 0 0xc00094a150 true 0xae52c0 []}
2026-01-28T09:38:55.289862944Z I0128 09:38:55.289778       1 cmd.go:96] (*installerpod.InstallOptions)(0xc0009444e0)({
2026-01-28T09:38:55.289862944Z  KubeConfig: (string) "",
2026-01-28T09:38:55.289862944Z  KubeClient: (kubernetes.Interface) <nil>,
2026-01-28T09:38:55.289862944Z  Revision: (string) (len=1) "2",
2026-01-28T09:38:55.289862944Z  NodeName: (string) "",
2026-01-28T09:38:55.289862944Z  Namespace: (string) (len=24) "openshift-kube-apiserver",
2026-01-28T09:38:55.289862944Z  Clock: (clock.RealClock) {
2026-01-28T09:38:55.289862944Z  },
2026-01-28T09:38:55.289862944Z  PodConfigMapNamePrefix: (string) (len=18) "kube-apiserver-pod",
2026-01-28T09:38:55.289862944Z  SecretNamePrefixes: ([]string) (len=3 cap=4) {
2026-01-28T09:38:55.289862944Z   (string) (len=11) "etcd-client",
2026-01-28T09:38:55.289862944Z   (string) (len=34) "localhost-recovery-serving-certkey",
2026-01-28T09:38:55.289862944Z   (string) (len=31) "localhost-recovery-client-token"
2026-01-28T09:38:55.289862944Z  },
2026-01-28T09:38:55.289862944Z  OptionalSecretNamePrefixes: ([]string) (len=2 cap=2) {
2026-01-28T09:38:55.289862944Z   (string) (len=17) "encryption-config",
2026-01-28T09:38:55.289862944Z   (string) (len=21) "webhook-authenticator"
2026-01-28T09:38:55.289862944Z  },
2026-01-28T09:38:55.289862944Z  ConfigMapNamePrefixes: ([]string) (len=8 cap=8) {
2026-01-28T09:38:55.289862944Z   (string) (len=18) "kube-apiserver-pod",
2026-01-28T09:38:55.289862944Z   (string) (len=6) "config",
2026-01-28T09:38:55.289862944Z   (string) (len=37) "kube-apiserver-cert-syncer-kubeconfig",
2026-01-28T09:38:55.289862944Z   (string) (len=28) "bound-sa-token-signing-certs",
2026-01-28T09:38:55.289862944Z   (string) (len=15) "etcd-serving-ca",
2026-01-28T09:38:55.289862944Z   (string) (len=18) "kubelet-serving-ca",
2026-01-28T09:38:55.289862944Z   (string) (len=22) "sa-token-signing-certs",
2026-01-28T09:38:55.289862944Z   (string) (len=29) "kube-apiserver-audit-policies"
2026-01-28T09:38:55.289862944Z  },
2026-01-28T09:38:55.289862944Z  OptionalConfigMapNamePrefixes: ([]string) (len=4 cap=4) {
2026-01-28T09:38:55.289862944Z   (string) (len=14) "oauth-metadata",
2026-01-28T09:38:55.289862944Z   (string) (len=12) "cloud-config",
2026-01-28T09:38:55.289862944Z   (string) (len=24) "kube-apiserver-server-ca",
2026-01-28T09:38:55.289862944Z   (string) (len=11) "auth-config"
2026-01-28T09:38:55.289862944Z  },
2026-01-28T09:38:55.289862944Z  CertSecretNames: ([]string) (len=10 cap=16) {
2026-01-28T09:38:55.289862944Z   (string) (len=17) "aggregator-client",
2026-01-28T09:38:55.289862944Z   (string) (len=30) "localhost-serving-cert-certkey",
2026-01-28T09:38:55.289862944Z   (string) (len=31) "service-network-serving-certkey",
2026-01-28T09:38:55.289862944Z   (string) (len=37) "external-loadbalancer-serving-certkey",
2026-01-28T09:38:55.289862944Z   (string) (len=37) "internal-loadbalancer-serving-certkey",
2026-01-28T09:38:55.289862944Z   (string) (len=33) "bound-service-account-signing-key",
2026-01-28T09:38:55.289862944Z   (string) (len=40) "control-plane-node-admin-client-cert-key",
2026-01-28T09:38:55.289862944Z   (string) (len=31) "check-endpoints-client-cert-key",
2026-01-28T09:38:55.289862944Z   (string) (len=14) "kubelet-client",
2026-01-28T09:38:55.289862944Z   (string) (len=16) "node-kubeconfigs"
2026-01-28T09:38:55.289862944Z  },
2026-01-28T09:38:55.289862944Z  OptionalCertSecretNamePrefixes: ([]string) (len=11 cap=16) {
2026-01-28T09:38:55.289862944Z   (string) (len=17) "user-serving-cert",
2026-01-28T09:38:55.289862944Z   (string) (len=21) "user-serving-cert-000",
2026-01-28T09:38:55.289862944Z   (string) (len=21) "user-serving-cert-001",
2026-01-28T09:38:55.289862944Z   (string) (len=21) "user-serving-cert-002",
2026-01-28T09:38:55.289862944Z   (string) (len=21) "user-serving-cert-003",
2026-01-28T09:38:55.289862944Z   (string) (len=21) "user-serving-cert-004",
2026-01-28T09:38:55.289862944Z   (string) (len=21) "user-serving-cert-005",
2026-01-28T09:38:55.289862944Z   (string) (len=21) "user-serving-cert-006",
2026-01-28T09:38:55.289862944Z   (string) (len=21) "user-serving-cert-007",
2026-01-28T09:38:55.289862944Z   (string) (len=21) "user-serving-cert-008",
2026-01-28T09:38:55.289862944Z   (string) (len=21) "user-serving-cert-009"
2026-01-28T09:38:55.289862944Z  },
2026-01-28T09:38:55.289862944Z  CertConfigMapNamePrefixes: ([]string) (len=4 cap=4) {
2026-01-28T09:38:55.289862944Z   (string) (len=20) "aggregator-client-ca",
2026-01-28T09:38:55.289862944Z   (string) (len=9) "client-ca",
2026-01-28T09:38:55.289862944Z   (string) (len=29) "control-plane-node-kubeconfig",
2026-01-28T09:38:55.289862944Z   (string) (len=26) "check-endpoints-kubeconfig"
2026-01-28T09:38:55.289862944Z  },
2026-01-28T09:38:55.289862944Z  OptionalCertConfigMapNamePrefixes: ([]string) (len=1 cap=1) {
2026-01-28T09:38:55.289862944Z   (string) (len=17) "trusted-ca-bundle"
2026-01-28T09:38:55.289862944Z  },
2026-01-28T09:38:55.289862944Z  CertDir: (string) (len=57) "/etc/kubernetes/static-pod-resources/kube-apiserver-certs",
2026-01-28T09:38:55.289862944Z  ResourceDir: (string) (len=36) "/etc/kubernetes/static-pod-resources",
2026-01-28T09:38:55.289862944Z  PodManifestDir: (string) (len=25) "/etc/kubernetes/manifests",
2026-01-28T09:38:55.289862944Z  Timeout: (time.Duration) 2m0s,
2026-01-28T09:38:55.289862944Z  StaticPodManifestsLockFile: (string) "",
2026-01-28T09:38:55.289862944Z  PodMutationFns: ([]installerpod.PodMutationFunc) <nil>,
2026-01-28T09:38:55.289862944Z  KubeletVersion: (string) ""
2026-01-28T09:38:55.289862944Z })
2026-01-28T09:38:55.290122749Z I0128 09:38:55.290102       1 envvar.go:172] "Feature gate default state" feature="ClientsAllowCBOR" enabled=false
2026-01-28T09:38:55.290132050Z I0128 09:38:55.290117       1 envvar.go:172] "Feature gate default state" feature="ClientsPreferCBOR" enabled=false
2026-01-28T09:38:55.290132050Z I0128 09:38:55.290124       1 envvar.go:172] "Feature gate default state" feature="InformerResourceVersion" enabled=false
2026-01-28T09:38:55.290132050Z I0128 09:38:55.290128       1 envvar.go:172] "Feature gate default state" feature="InOrderInformers" enabled=true
2026-01-28T09:38:55.290139970Z I0128 09:38:55.290132       1 envvar.go:172] "Feature gate default state" feature="WatchListClient" enabled=false
2026-01-28T09:38:55.381100603Z I0128 09:38:55.381068       1 cmd.go:413] Getting controller reference for node ip-10-0-3-203.us-west-1.compute.internal
2026-01-28T09:38:55.390841053Z I0128 09:38:55.390816       1 cmd.go:426] Waiting for installer revisions to settle for node ip-10-0-3-203.us-west-1.compute.internal
2026-01-28T09:38:55.394343795Z I0128 09:38:55.394319       1 cmd.go:518] Waiting additional period after revisions have settled for node ip-10-0-3-203.us-west-1.compute.internal
2026-01-28T09:39:25.395134239Z I0128 09:39:25.395089       1 cmd.go:524] Getting installer pods for node ip-10-0-3-203.us-west-1.compute.internal
2026-01-28T09:39:25.401203040Z I0128 09:39:25.401173       1 cmd.go:542] Latest installer revision for node ip-10-0-3-203.us-west-1.compute.internal is: 2
2026-01-28T09:39:25.401203040Z I0128 09:39:25.401191       1 cmd.go:431] Querying kubelet version for node ip-10-0-3-203.us-west-1.compute.internal
2026-01-28T09:39:25.404451609Z I0128 09:39:25.404430       1 cmd.go:444] Got kubelet version 1.33.6 on target node ip-10-0-3-203.us-west-1.compute.internal
2026-01-28T09:39:25.404451609Z I0128 09:39:25.404446       1 cmd.go:293] Creating target resource directory "/etc/kubernetes/static-pod-resources/kube-apiserver-pod-2" ...
2026-01-28T09:39:25.404592143Z I0128 09:39:25.404565       1 cmd.go:221] Creating target resource directory "/etc/kubernetes/static-pod-resources/kube-apiserver-pod-2" ...
2026-01-28T09:39:25.404592143Z I0128 09:39:25.404581       1 cmd.go:229] Getting secrets ...
2026-01-28T09:39:25.407417633Z I0128 09:39:25.407391       1 copy.go:32] Got secret openshift-kube-apiserver/etcd-client-2
2026-01-28T09:39:25.410040440Z I0128 09:39:25.410018       1 copy.go:32] Got secret openshift-kube-apiserver/localhost-recovery-client-token-2
2026-01-28T09:39:25.412465501Z I0128 09:39:25.412423       1 copy.go:32] Got secret openshift-kube-apiserver/localhost-recovery-serving-certkey-2
2026-01-28T09:39:25.416086679Z I0128 09:39:25.416045       1 copy.go:24] Failed to get secret openshift-kube-apiserver/encryption-config-2: secrets "encryption-config-2" not found
2026-01-28T09:39:25.419151245Z I0128 09:39:25.419121       1 copy.go:32] Got secret openshift-kube-apiserver/webhook-authenticator-2
2026-01-28T09:39:25.419151245Z I0128 09:39:25.419143       1 cmd.go:242] Getting config maps ...
2026-01-28T09:39:25.421825393Z I0128 09:39:25.421805       1 copy.go:60] Got configMap openshift-kube-apiserver/bound-sa-token-signing-certs-2
2026-01-28T09:39:25.424370627Z I0128 09:39:25.424328       1 copy.go:60] Got configMap openshift-kube-apiserver/config-2
2026-01-28T09:39:25.427974614Z I0128 09:39:25.427949       1 copy.go:60] Got configMap openshift-kube-apiserver/etcd-serving-ca-2
2026-01-28T09:39:25.599947806Z I0128 09:39:25.599905       1 copy.go:60] Got configMap openshift-kube-apiserver/kube-apiserver-audit-policies-2
2026-01-28T09:39:25.798750474Z I0128 09:39:25.798706       1 copy.go:60] Got configMap openshift-kube-apiserver/kube-apiserver-cert-syncer-kubeconfig-2
2026-01-28T09:39:25.999497754Z I0128 09:39:25.999457       1 copy.go:60] Got configMap openshift-kube-apiserver/kube-apiserver-pod-2
2026-01-28T09:39:26.199098040Z I0128 09:39:26.199057       1 copy.go:60] Got configMap openshift-kube-apiserver/kubelet-serving-ca-2
2026-01-28T09:39:26.399746287Z I0128 09:39:26.399710       1 copy.go:60] Got configMap openshift-kube-apiserver/sa-token-signing-certs-2
2026-01-28T09:39:26.599272051Z I0128 09:39:26.599216       1 copy.go:52] Failed to get config map openshift-kube-apiserver/auth-config-2: configmaps "auth-config-2" not found
2026-01-28T09:39:26.798776384Z I0128 09:39:26.798728       1 copy.go:52] Failed to get config map openshift-kube-apiserver/cloud-config-2: configmaps "cloud-config-2" not found
2026-01-28T09:39:26.999564665Z I0128 09:39:26.999515       1 copy.go:60] Got configMap openshift-kube-apiserver/kube-apiserver-server-ca-2
2026-01-28T09:39:27.199155939Z I0128 09:39:27.199114       1 copy.go:52] Failed to get config map openshift-kube-apiserver/oauth-metadata-2: configmaps "oauth-metadata-2" not found
2026-01-28T09:39:27.199155939Z I0128 09:39:27.199138       1 cmd.go:261] Creating directory "/etc/kubernetes/static-pod-resources/kube-apiserver-pod-2/secrets/etcd-client" ...
2026-01-28T09:39:27.199300032Z I0128 09:39:27.199277       1 cmd.go:639] Writing secret manifest "/etc/kubernetes/static-pod-resources/kube-apiserver-pod-2/secrets/etcd-client/tls.crt" ...
2026-01-28T09:39:27.199431905Z I0128 09:39:27.199413       1 cmd.go:639] Writing secret manifest "/etc/kubernetes/static-pod-resources/kube-apiserver-pod-2/secrets/etcd-client/tls.key" ...
2026-01-28T09:39:27.199534117Z I0128 09:39:27.199513       1 cmd.go:261] Creating directory "/etc/kubernetes/static-pod-resources/kube-apiserver-pod-2/secrets/localhost-recovery-client-token" ...
2026-01-28T09:39:27.199594588Z I0128 09:39:27.199574       1 cmd.go:639] Writing secret manifest "/etc/kubernetes/static-pod-resources/kube-apiserver-pod-2/secrets/localhost-recovery-client-token/token" ...
2026-01-28T09:39:27.199734691Z I0128 09:39:27.199713       1 cmd.go:639] Writing secret manifest "/etc/kubernetes/static-pod-resources/kube-apiserver-pod-2/secrets/localhost-recovery-client-token/ca.crt" ...
2026-01-28T09:39:27.199834984Z I0128 09:39:27.199814       1 cmd.go:639] Writing secret manifest "/etc/kubernetes/static-pod-resources/kube-apiserver-pod-2/secrets/localhost-recovery-client-token/namespace" ...
2026-01-28T09:39:27.199961316Z I0128 09:39:27.199942       1 cmd.go:261] Creating directory "/etc/kubernetes/static-pod-resources/kube-apiserver-pod-2/secrets/localhost-recovery-serving-certkey" ...
2026-01-28T09:39:27.200075509Z I0128 09:39:27.200058       1 cmd.go:639] Writing secret manifest "/etc/kubernetes/static-pod-resources/kube-apiserver-pod-2/secrets/localhost-recovery-serving-certkey/tls.crt" ...
2026-01-28T09:39:27.200276313Z I0128 09:39:27.200251       1 cmd.go:639] Writing secret manifest "/etc/kubernetes/static-pod-resources/kube-apiserver-pod-2/secrets/localhost-recovery-serving-certkey/tls.key" ...
2026-01-28T09:39:27.200434107Z I0128 09:39:27.200382       1 cmd.go:261] Creating directory "/etc/kubernetes/static-pod-resources/kube-apiserver-pod-2/secrets/webhook-authenticator" ...
2026-01-28T09:39:27.200487438Z I0128 09:39:27.200465       1 cmd.go:639] Writing secret manifest "/etc/kubernetes/static-pod-resources/kube-apiserver-pod-2/secrets/webhook-authenticator/kubeConfig" ...
2026-01-28T09:39:27.200632101Z I0128 09:39:27.200622       1 cmd.go:277] Creating directory "/etc/kubernetes/static-pod-resources/kube-apiserver-pod-2/configmaps/bound-sa-token-signing-certs" ...
2026-01-28T09:39:27.200803385Z I0128 09:39:27.200754       1 cmd.go:629] Writing config file "/etc/kubernetes/static-pod-resources/kube-apiserver-pod-2/configmaps/bound-sa-token-signing-certs/service-account-001.pub" ...
2026-01-28T09:39:27.200947858Z I0128 09:39:27.200923       1 cmd.go:277] Creating directory "/etc/kubernetes/static-pod-resources/kube-apiserver-pod-2/configmaps/config" ...
2026-01-28T09:39:27.201201753Z I0128 09:39:27.201006       1 cmd.go:629] Writing config file "/etc/kubernetes/static-pod-resources/kube-apiserver-pod-2/configmaps/config/config.yaml" ...
2026-01-28T09:39:27.201201753Z I0128 09:39:27.201124       1 cmd.go:277] Creating directory "/etc/kubernetes/static-pod-resources/kube-apiserver-pod-2/configmaps/etcd-serving-ca" ...
2026-01-28T09:39:27.201201753Z I0128 09:39:27.201184       1 cmd.go:629] Writing config file "/etc/kubernetes/static-pod-resources/kube-apiserver-pod-2/configmaps/etcd-serving-ca/ca-bundle.crt" ...
2026-01-28T09:39:27.201325756Z I0128 09:39:27.201289       1 cmd.go:277] Creating directory "/etc/kubernetes/static-pod-resources/kube-apiserver-pod-2/configmaps/kube-apiserver-audit-policies" ...
2026-01-28T09:39:27.201387377Z I0128 09:39:27.201368       1 cmd.go:629] Writing config file "/etc/kubernetes/static-pod-resources/kube-apiserver-pod-2/configmaps/kube-apiserver-audit-policies/policy.yaml" ...
2026-01-28T09:39:27.201493749Z I0128 09:39:27.201469       1 cmd.go:277] Creating directory "/etc/kubernetes/static-pod-resources/kube-apiserver-pod-2/configmaps/kube-apiserver-cert-syncer-kubeconfig" ...
2026-01-28T09:39:27.201560501Z I0128 09:39:27.201533       1 cmd.go:629] Writing config file "/etc/kubernetes/static-pod-resources/kube-apiserver-pod-2/configmaps/kube-apiserver-cert-syncer-kubeconfig/kubeconfig" ...
2026-01-28T09:39:27.201649503Z I0128 09:39:27.201632       1 cmd.go:277] Creating directory "/etc/kubernetes/static-pod-resources/kube-apiserver-pod-2/configmaps/kube-apiserver-pod" ...
2026-01-28T09:39:27.201707214Z I0128 09:39:27.201687       1 cmd.go:629] Writing config file "/etc/kubernetes/static-pod-resources/kube-apiserver-pod-2/configmaps/kube-apiserver-pod/pod.yaml" ...
2026-01-28T09:39:27.201830357Z I0128 09:39:27.201804       1 cmd.go:629] Writing config file "/etc/kubernetes/static-pod-resources/kube-apiserver-pod-2/configmaps/kube-apiserver-pod/version" ...
2026-01-28T09:39:27.201954019Z I0128 09:39:27.201928       1 cmd.go:629] Writing config file "/etc/kubernetes/static-pod-resources/kube-apiserver-pod-2/configmaps/kube-apiserver-pod/forceRedeploymentReason" ...
2026-01-28T09:39:27.202044701Z I0128 09:39:27.202024       1 cmd.go:277] Creating directory "/etc/kubernetes/static-pod-resources/kube-apiserver-pod-2/configmaps/kubelet-serving-ca" ...
2026-01-28T09:39:27.202137813Z I0128 09:39:27.202114       1 cmd.go:629] Writing config file "/etc/kubernetes/static-pod-resources/kube-apiserver-pod-2/configmaps/kubelet-serving-ca/ca-bundle.crt" ...
2026-01-28T09:39:27.202254996Z I0128 09:39:27.202233       1 cmd.go:277] Creating directory "/etc/kubernetes/static-pod-resources/kube-apiserver-pod-2/configmaps/sa-token-signing-certs" ...
2026-01-28T09:39:27.202321067Z I0128 09:39:27.202299       1 cmd.go:629] Writing config file "/etc/kubernetes/static-pod-resources/kube-apiserver-pod-2/configmaps/sa-token-signing-certs/service-account-001.pub" ...
2026-01-28T09:39:27.202417399Z I0128 09:39:27.202397       1 cmd.go:277] Creating directory "/etc/kubernetes/static-pod-resources/kube-apiserver-pod-2/configmaps/kube-apiserver-server-ca" ...
2026-01-28T09:39:27.202483251Z I0128 09:39:27.202463       1 cmd.go:629] Writing config file "/etc/kubernetes/static-pod-resources/kube-apiserver-pod-2/configmaps/kube-apiserver-server-ca/ca-bundle.crt" ...
2026-01-28T09:39:27.202642764Z I0128 09:39:27.202614       1 cmd.go:221] Creating target resource directory "/etc/kubernetes/static-pod-resources/kube-apiserver-certs" ...
2026-01-28T09:39:27.202693205Z I0128 09:39:27.202676       1 cmd.go:229] Getting secrets ...
2026-01-28T09:39:27.399919629Z I0128 09:39:27.399852       1 copy.go:32] Got secret openshift-kube-apiserver/aggregator-client
2026-01-28T09:39:27.598705007Z I0128 09:39:27.598667       1 copy.go:32] Got secret openshift-kube-apiserver/bound-service-account-signing-key
2026-01-28T09:39:27.799227762Z I0128 09:39:27.799173       1 copy.go:32] Got secret openshift-kube-apiserver/check-endpoints-client-cert-key
2026-01-28T09:39:27.999991062Z I0128 09:39:27.999954       1 copy.go:32] Got secret openshift-kube-apiserver/control-plane-node-admin-client-cert-key
2026-01-28T09:39:28.198967183Z I0128 09:39:28.198929       1 copy.go:32] Got secret openshift-kube-apiserver/external-loadbalancer-serving-certkey
2026-01-28T09:39:28.399647302Z I0128 09:39:28.399594       1 copy.go:32] Got secret openshift-kube-apiserver/internal-loadbalancer-serving-certkey
2026-01-28T09:39:28.600380291Z I0128 09:39:28.600346       1 copy.go:32] Got secret openshift-kube-apiserver/kubelet-client
2026-01-28T09:39:28.799150588Z I0128 09:39:28.799112       1 copy.go:32] Got secret openshift-kube-apiserver/localhost-serving-cert-certkey
2026-01-28T09:39:29.000977871Z I0128 09:39:29.000940       1 copy.go:32] Got secret openshift-kube-apiserver/node-kubeconfigs
2026-01-28T09:39:29.198806058Z I0128 09:39:29.198762       1 copy.go:32] Got secret openshift-kube-apiserver/service-network-serving-certkey
2026-01-28T09:39:29.399210590Z I0128 09:39:29.399164       1 copy.go:24] Failed to get secret openshift-kube-apiserver/user-serving-cert: secrets "user-serving-cert" not found
2026-01-28T09:39:29.600163835Z I0128 09:39:29.600130       1 copy.go:24] Failed to get secret openshift-kube-apiserver/user-serving-cert-000: secrets "user-serving-cert-000" not found
2026-01-28T09:39:29.800390663Z I0128 09:39:29.800354       1 copy.go:24] Failed to get secret openshift-kube-apiserver/user-serving-cert-001: secrets "user-serving-cert-001" not found
2026-01-28T09:39:30.000240024Z I0128 09:39:30.000166       1 copy.go:24] Failed to get secret openshift-kube-apiserver/user-serving-cert-002: secrets "user-serving-cert-002" not found
2026-01-28T09:39:30.199854489Z I0128 09:39:30.199810       1 copy.go:24] Failed to get secret openshift-kube-apiserver/user-serving-cert-003: secrets "user-serving-cert-003" not found
2026-01-28T09:39:30.399956095Z I0128 09:39:30.399910       1 copy.go:24] Failed to get secret openshift-kube-apiserver/user-serving-cert-004: secrets "user-serving-cert-004" not found
2026-01-28T09:39:30.598290983Z I0128 09:39:30.598242       1 copy.go:24] Failed to get secret openshift-kube-apiserver/user-serving-cert-005: secrets "user-serving-cert-005" not found
2026-01-28T09:39:30.800064530Z I0128 09:39:30.800011       1 copy.go:24] Failed to get secret openshift-kube-apiserver/user-serving-cert-006: secrets "user-serving-cert-006" not found
2026-01-28T09:39:30.998507911Z I0128 09:39:30.998474       1 copy.go:24] Failed to get secret openshift-kube-apiserver/user-serving-cert-007: secrets "user-serving-cert-007" not found
2026-01-28T09:39:31.198683369Z I0128 09:39:31.198642       1 copy.go:24] Failed to get secret openshift-kube-apiserver/user-serving-cert-008: secrets "user-serving-cert-008" not found
2026-01-28T09:39:31.400377830Z I0128 09:39:31.400345       1 copy.go:24] Failed to get secret openshift-kube-apiserver/user-serving-cert-009: secrets "user-serving-cert-009" not found
2026-01-28T09:39:31.400377830Z I0128 09:39:31.400363       1 cmd.go:242] Getting config maps ...
2026-01-28T09:39:31.600429595Z I0128 09:39:31.600393       1 copy.go:60] Got configMap openshift-kube-apiserver/aggregator-client-ca
2026-01-28T09:39:31.800012931Z I0128 09:39:31.799967       1 copy.go:60] Got configMap openshift-kube-apiserver/check-endpoints-kubeconfig
2026-01-28T09:39:31.998490622Z I0128 09:39:31.998443       1 copy.go:60] Got configMap openshift-kube-apiserver/client-ca
2026-01-28T09:39:32.200236424Z I0128 09:39:32.200198       1 copy.go:60] Got configMap openshift-kube-apiserver/control-plane-node-kubeconfig
2026-01-28T09:39:32.404770706Z I0128 09:39:32.404733       1 copy.go:60] Got configMap openshift-kube-apiserver/trusted-ca-bundle
2026-01-28T09:39:32.405030751Z I0128 09:39:32.405010       1 cmd.go:261] Creating directory "/etc/kubernetes/static-pod-resources/kube-apiserver-certs/secrets/aggregator-client" ...
2026-01-28T09:39:32.405172894Z I0128 09:39:32.405149       1 cmd.go:639] Writing secret manifest "/etc/kubernetes/static-pod-resources/kube-apiserver-certs/secrets/aggregator-client/tls.crt" ...
2026-01-28T09:39:32.405312807Z I0128 09:39:32.405274       1 cmd.go:639] Writing secret manifest "/etc/kubernetes/static-pod-resources/kube-apiserver-certs/secrets/aggregator-client/tls.key" ...
2026-01-28T09:39:32.405400099Z I0128 09:39:32.405382       1 cmd.go:261] Creating directory "/etc/kubernetes/static-pod-resources/kube-apiserver-certs/secrets/bound-service-account-signing-key" ...
2026-01-28T09:39:32.405456290Z I0128 09:39:32.405434       1 cmd.go:639] Writing secret manifest "/etc/kubernetes/static-pod-resources/kube-apiserver-certs/secrets/bound-service-account-signing-key/service-account.key" ...
2026-01-28T09:39:32.405575843Z I0128 09:39:32.405550       1 cmd.go:639] Writing secret manifest "/etc/kubernetes/static-pod-resources/kube-apiserver-certs/secrets/bound-service-account-signing-key/service-account.pub" ...
2026-01-28T09:39:32.405656745Z I0128 09:39:32.405639       1 cmd.go:261] Creating directory "/etc/kubernetes/static-pod-resources/kube-apiserver-certs/secrets/check-endpoints-client-cert-key" ...
2026-01-28T09:39:32.405724876Z I0128 09:39:32.405687       1 cmd.go:639] Writing secret manifest "/etc/kubernetes/static-pod-resources/kube-apiserver-certs/secrets/check-endpoints-client-cert-key/tls.crt" ...
2026-01-28T09:39:32.405819868Z I0128 09:39:32.405791       1 cmd.go:639] Writing secret manifest "/etc/kubernetes/static-pod-resources/kube-apiserver-certs/secrets/check-endpoints-client-cert-key/tls.key" ...
2026-01-28T09:39:32.405942071Z I0128 09:39:32.405917       1 cmd.go:261] Creating directory "/etc/kubernetes/static-pod-resources/kube-apiserver-certs/secrets/control-plane-node-admin-client-cert-key" ...
2026-01-28T09:39:32.406006972Z I0128 09:39:32.405985       1 cmd.go:639] Writing secret manifest "/etc/kubernetes/static-pod-resources/kube-apiserver-certs/secrets/control-plane-node-admin-client-cert-key/tls.crt" ...
2026-01-28T09:39:32.406110584Z I0128 09:39:32.406088       1 cmd.go:639] Writing secret manifest "/etc/kubernetes/static-pod-resources/kube-apiserver-certs/secrets/control-plane-node-admin-client-cert-key/tls.key" ...
2026-01-28T09:39:32.406213117Z I0128 09:39:32.406190       1 cmd.go:261] Creating directory "/etc/kubernetes/static-pod-resources/kube-apiserver-certs/secrets/external-loadbalancer-serving-certkey" ...
2026-01-28T09:39:32.406304759Z I0128 09:39:32.406283       1 cmd.go:639] Writing secret manifest "/etc/kubernetes/static-pod-resources/kube-apiserver-certs/secrets/external-loadbalancer-serving-certkey/tls.crt" ...
2026-01-28T09:39:32.406424251Z I0128 09:39:32.406399       1 cmd.go:639] Writing secret manifest "/etc/kubernetes/static-pod-resources/kube-apiserver-certs/secrets/external-loadbalancer-serving-certkey/tls.key" ...
2026-01-28T09:39:32.406526203Z I0128 09:39:32.406502       1 cmd.go:261] Creating directory "/etc/kubernetes/static-pod-resources/kube-apiserver-certs/secrets/internal-loadbalancer-serving-certkey" ...
2026-01-28T09:39:32.406585745Z I0128 09:39:32.406568       1 cmd.go:639] Writing secret manifest "/etc/kubernetes/static-pod-resources/kube-apiserver-certs/secrets/internal-loadbalancer-serving-certkey/tls.crt" ...
2026-01-28T09:39:32.406686817Z I0128 09:39:32.406662       1 cmd.go:639] Writing secret manifest "/etc/kubernetes/static-pod-resources/kube-apiserver-certs/secrets/internal-loadbalancer-serving-certkey/tls.key" ...
2026-01-28T09:39:32.406795579Z I0128 09:39:32.406763       1 cmd.go:261] Creating directory "/etc/kubernetes/static-pod-resources/kube-apiserver-certs/secrets/kubelet-client" ...
2026-01-28T09:39:32.406848580Z I0128 09:39:32.406828       1 cmd.go:639] Writing secret manifest "/etc/kubernetes/static-pod-resources/kube-apiserver-certs/secrets/kubelet-client/tls.crt" ...
2026-01-28T09:39:32.406969723Z I0128 09:39:32.406949       1 cmd.go:639] Writing secret manifest "/etc/kubernetes/static-pod-resources/kube-apiserver-certs/secrets/kubelet-client/tls.key" ...
2026-01-28T09:39:32.407063305Z I0128 09:39:32.407045       1 cmd.go:261] Creating directory "/etc/kubernetes/static-pod-resources/kube-apiserver-certs/secrets/localhost-serving-cert-certkey" ...
2026-01-28T09:39:32.407126556Z I0128 09:39:32.407101       1 cmd.go:639] Writing secret manifest "/etc/kubernetes/static-pod-resources/kube-apiserver-certs/secrets/localhost-serving-cert-certkey/tls.crt" ...
2026-01-28T09:39:32.407227388Z I0128 09:39:32.407204       1 cmd.go:639] Writing secret manifest "/etc/kubernetes/static-pod-resources/kube-apiserver-certs/secrets/localhost-serving-cert-certkey/tls.key" ...
2026-01-28T09:39:32.407324400Z I0128 09:39:32.407301       1 cmd.go:261] Creating directory "/etc/kubernetes/static-pod-resources/kube-apiserver-certs/secrets/node-kubeconfigs" ...
2026-01-28T09:39:32.407395862Z I0128 09:39:32.407375       1 cmd.go:639] Writing secret manifest "/etc/kubernetes/static-pod-resources/kube-apiserver-certs/secrets/node-kubeconfigs/lb-ext.kubeconfig" ...
2026-01-28T09:39:32.407491214Z I0128 09:39:32.407474       1 cmd.go:639] Writing secret manifest "/etc/kubernetes/static-pod-resources/kube-apiserver-certs/secrets/node-kubeconfigs/lb-int.kubeconfig" ...
2026-01-28T09:39:32.407584066Z I0128 09:39:32.407568       1 cmd.go:639] Writing secret manifest "/etc/kubernetes/static-pod-resources/kube-apiserver-certs/secrets/node-kubeconfigs/localhost-recovery.kubeconfig" ...
2026-01-28T09:39:32.407685028Z I0128 09:39:32.407670       1 cmd.go:639] Writing secret manifest "/etc/kubernetes/static-pod-resources/kube-apiserver-certs/secrets/node-kubeconfigs/localhost.kubeconfig" ...
2026-01-28T09:39:32.407780350Z I0128 09:39:32.407763       1 cmd.go:261] Creating directory "/etc/kubernetes/static-pod-resources/kube-apiserver-certs/secrets/service-network-serving-certkey" ...
2026-01-28T09:39:32.407836501Z I0128 09:39:32.407821       1 cmd.go:639] Writing secret manifest "/etc/kubernetes/static-pod-resources/kube-apiserver-certs/secrets/service-network-serving-certkey/tls.crt" ...
2026-01-28T09:39:32.407949074Z I0128 09:39:32.407932       1 cmd.go:639] Writing secret manifest "/etc/kubernetes/static-pod-resources/kube-apiserver-certs/secrets/service-network-serving-certkey/tls.key" ...
2026-01-28T09:39:32.408038706Z I0128 09:39:32.408022       1 cmd.go:277] Creating directory "/etc/kubernetes/static-pod-resources/kube-apiserver-certs/configmaps/aggregator-client-ca" ...
2026-01-28T09:39:32.408121707Z I0128 09:39:32.408106       1 cmd.go:629] Writing config file "/etc/kubernetes/static-pod-resources/kube-apiserver-certs/configmaps/aggregator-client-ca/ca-bundle.crt" ...
2026-01-28T09:39:32.408217320Z I0128 09:39:32.408201       1 cmd.go:277] Creating directory "/etc/kubernetes/static-pod-resources/kube-apiserver-certs/configmaps/check-endpoints-kubeconfig" ...
2026-01-28T09:39:32.408266401Z I0128 09:39:32.408253       1 cmd.go:629] Writing config file "/etc/kubernetes/static-pod-resources/kube-apiserver-certs/configmaps/check-endpoints-kubeconfig/kubeconfig" ...
2026-01-28T09:39:32.408362152Z I0128 09:39:32.408346       1 cmd.go:277] Creating directory "/etc/kubernetes/static-pod-resources/kube-apiserver-certs/configmaps/client-ca" ...
2026-01-28T09:39:32.408420834Z I0128 09:39:32.408402       1 cmd.go:629] Writing config file "/etc/kubernetes/static-pod-resources/kube-apiserver-certs/configmaps/client-ca/ca-bundle.crt" ...
2026-01-28T09:39:32.408639169Z I0128 09:39:32.408623       1 cmd.go:277] Creating directory "/etc/kubernetes/static-pod-resources/kube-apiserver-certs/configmaps/control-plane-node-kubeconfig" ...
2026-01-28T09:39:32.408692020Z I0128 09:39:32.408674       1 cmd.go:629] Writing config file "/etc/kubernetes/static-pod-resources/kube-apiserver-certs/configmaps/control-plane-node-kubeconfig/kubeconfig" ...
2026-01-28T09:39:32.408797212Z I0128 09:39:32.408775       1 cmd.go:277] Creating directory "/etc/kubernetes/static-pod-resources/kube-apiserver-certs/configmaps/trusted-ca-bundle" ...
2026-01-28T09:39:32.408874943Z I0128 09:39:32.408853       1 cmd.go:629] Writing config file "/etc/kubernetes/static-pod-resources/kube-apiserver-certs/configmaps/trusted-ca-bundle/ca-bundle.crt" ...
2026-01-28T09:39:32.409099948Z I0128 09:39:32.409076       1 cmd.go:335] Getting pod configmaps/kube-apiserver-pod-2 -n openshift-kube-apiserver
2026-01-28T09:39:32.598863944Z I0128 09:39:32.598819       1 cmd.go:351] Creating directory for static pod manifest "/etc/kubernetes/manifests" ...
2026-01-28T09:39:32.598938075Z I0128 09:39:32.598849       1 cmd.go:379] Writing a pod under "kube-apiserver-pod.yaml" key 
2026-01-28T09:39:32.598938075Z {"kind":"Pod","apiVersion":"v1","metadata":{"name":"kube-apiserver","namespace":"openshift-kube-apiserver","creationTimestamp":null,"labels":{"apiserver":"true","app":"openshift-kube-apiserver","revision":"2"},"annotations":{"kubectl.kubernetes.io/default-container":"kube-apiserver","target.workload.openshift.io/management":"{\"effect\": \"PreferredDuringScheduling\"}"}},"spec":{"volumes":[{"name":"resource-dir","hostPath":{"path":"/etc/kubernetes/static-pod-resources/kube-apiserver-pod-2"}},{"name":"cert-dir","hostPath":{"path":"/etc/kubernetes/static-pod-resources/kube-apiserver-certs"}},{"name":"audit-dir","hostPath":{"path":"/var/log/kube-apiserver"}},{"name":"tmp-dir","emptyDir":{}},{"name":"ca-bundle-dir","emptyDir":{}}],"initContainers":[{"name":"setup","image":"registry.build11.ci.openshift.org/ci-ln-vjb5l1t/stable@sha256:fb1529a27e685fb1b5b13a5d1e935a27c9b9591e884ec8f6c22025208ec02596","command":["/usr/bin/timeout","279","/bin/bash","-ec"],"args":["echo \"Fixing audit permissions ...\"\nchmod 0700 /var/log/kube-apiserver \u0026\u0026 touch /var/log/kube-apiserver/audit.log \u0026\u0026 chmod 0600 /var/log/kube-apiserver/*\n\nLOCK=/var/log/kube-apiserver/.lock\necho \"Acquiring exclusive lock ${LOCK} ...\"\n\n# Waiting for 194s max for old kube-apiserver's watch-termination process to exit and remove the lock.\n# Two cases:\n# 1. if kubelet does not start the old and new in parallel (i.e. works as expected), the flock will always succeed without any time.\n# 2. if kubelet does overlap old and new pods for up to 130s, the flock will wait and immediate return when the old finishes.\n#\n# NOTE: We can increase 194s for a bigger expected overlap. But a higher value means less noise about the broken kubelet behaviour, i.e. we hide a bug.\n# NOTE: Do not tweak these timings without considering the livenessProbe initialDelaySeconds\nexec {LOCK_FD}\u003e${LOCK} \u0026\u0026 flock --verbose -w 194 \"${LOCK_FD}\" || {\n  echo \"$(date -Iseconds -u) kubelet did not terminate old kube-apiserver before new one\" \u003e\u003e /var/log/kube-apiserver/lock.log\n  echo -n \": WARNING: kubelet did not terminate old kube-apiserver before new one.\"\n\n  # We failed to acquire exclusive lock, which means there is old kube-apiserver running in system.\n  # Since we utilize SO_REUSEPORT, we need to make sure the old kube-apiserver stopped listening.\n  #\n  # NOTE: This is a fallback for broken kubelet, if you observe this please report a bug.\n  echo -n \"Waiting for port 6443 to be released due to likely bug in kubelet or CRI-O \"\n  while [ -n \"$(ss -Htan state listening '( sport = 6443 or sport = 6080 )')\" ]; do\n    echo -n \".\"\n    sleep 1\n    (( tries += 1 ))\n    if [[ \"${tries}\" -gt 10 ]]; then\n      echo \"Timed out waiting for port :6443 and :6080 to be released, this is likely a bug in kubelet or CRI-O\"\n      exit 1\n    fi\n  done\n  #  This is to make sure the server has terminated independently from the lock.\n  #  After the port has been freed (requests can be pending and need 60s max).\n  sleep 65\n}\n# We cannot hold the lock from the init container to the main container. We release it here. There is no risk, at this point we know we are safe.\nflock -u \"${LOCK_FD}\"\n"],"resources":{"requests":{"cpu":"5m","memory":"50Mi"}},"volumeMounts":[{"name":"audit-dir","mountPath":"/var/log/kube-apiserver"},{"name":"tmp-dir","mountPath":"/tmp"}],"terminationMessagePolicy":"FallbackToLogsOnError","imagePullPolicy":"IfNotPresent","securityContext":{"privileged":true,"readOnlyRootFilesystem":true}}],"containers":[{"name":"kube-apiserver","image":"registry.build11.ci.openshift.org/ci-ln-vjb5l1t/stable@sha256:fb1529a27e685fb1b5b13a5d1e935a27c9b9591e884ec8f6c22025208ec02596","command":["/bin/bash","-ec"],"args":["LOCK=/var/log/kube-apiserver/.lock\n# We should be able to acquire the lock immediatelly. If not, it means the init container has not released it yet and kubelet or CRI-O started container prematurely.\nexec {LOCK_FD}\u003e${LOCK} \u0026\u0026 flock --verbose -w 30 \"${LOCK_FD}\" || {\n  echo \"Failed to acquire lock for kube-apiserver. Please check setup container for details. This is likely kubelet or CRI-O bug.\"\n  exit 1\n}\nif [ -f /etc/kubernetes/static-pod-certs/configmaps/trusted-ca-bundle/ca-bundle.crt ]; then\n  echo \"Copying system trust bundle ...\"\n  cp -f /etc/kubernetes/static-pod-certs/configmaps/trusted-ca-bundle/ca-bundle.crt /etc/pki/ca-trust/extracted/pem/tls-ca-bundle.pem\nfi\n\nexec watch-termination --termination-touch-file=/var/log/kube-apiserver/.terminating --termination-log-file=/var/log/kube-apiserver/termination.log --graceful-termination-duration=194s --kubeconfig=/etc/kubernetes/static-pod-resources/configmaps/kube-apiserver-cert-syncer-kubeconfig/kubeconfig -- hyperkube kube-apiserver --openshift-config=/etc/kubernetes/static-pod-resources/configmaps/config/config.yaml --advertise-address=${HOST_IP}  -v=2 --permit-address-sharing\n"],"ports":[{"containerPort":6443}],"env":[{"name":"POD_NAME","valueFrom":{"fieldRef":{"fieldPath":"metadata.name"}}},{"name":"POD_NAMESPACE","valueFrom":{"fieldRef":{"fieldPath":"metadata.namespace"}}},{"name":"STATIC_POD_VERSION","value":"2"},{"name":"HOST_IP","valueFrom":{"fieldRef":{"fieldPath":"status.hostIP"}}},{"name":"GOGC","value":"100"}],"resources":{"requests":{"cpu":"265m","memory":"1Gi"}},"volumeMounts":[{"name":"resource-dir","mountPath":"/etc/kubernetes/static-pod-resources"},{"name":"cert-dir","mountPath":"/etc/kubernetes/static-pod-certs"},{"name":"audit-dir","mountPath":"/var/log/kube-apiserver"},{"name":"tmp-dir","mountPath":"/tmp"},{"name":"ca-bundle-dir","mountPath":"/etc/pki/ca-trust/extracted/pem"}],"livenessProbe":{"httpGet":{"path":"livez?exclude=etcd","port":6443,"scheme":"HTTPS"},"timeoutSeconds":10,"periodSeconds":10,"successThreshold":1,"failureThreshold":3},"readinessProbe":{"httpGet":{"path":"readyz","port":6443,"scheme":"HTTPS"},"timeoutSeconds":10,"periodSeconds":5,"successThreshold":1,"failureThreshold":3},"startupProbe":{"httpGet":{"path":"livez","port":6443,"scheme":"HTTPS"},"timeoutSeconds":10,"periodSeconds":5,"successThreshold":1,"failureThreshold":30},"terminationMessagePolicy":"FallbackToLogsOnError","imagePullPolicy":"IfNotPresent","securityContext":{"privileged":true,"readOnlyRootFilesystem":true}},{"name":"kube-apiserver-cert-syncer","image":"registry.build11.ci.openshift.org/ci-ln-vjb5l1t/stable@sha256:0554bda0a96d190367ed63955b942dd3552e1d90e8586dfd9f8879c964bf245d","command":["cluster-kube-apiserver-operator","cert-syncer"],"args":["--kubeconfig=/etc/kubernetes/static-pod-resources/configmaps/kube-apiserver-cert-syncer-kubeconfig/kubeconfig","--namespace=$(POD_NAMESPACE)","--destination-dir=/etc/kubernetes/static-pod-certs"],"env":[{"name":"POD_NAME","valueFrom":{"fieldRef":{"fieldPath":"metadata.name"}}},{"name":"POD_NAMESPACE","valueFrom":{"fieldRef":{"fieldPath":"metadata.namespace"}}}],"resources":{"requests":{"cpu":"5m","memory":"50Mi"}},"volumeMounts":[{"name":"resource-dir","mountPath":"/etc/kubernetes/static-pod-resources"},{"name":"cert-dir","mountPath":"/etc/kubernetes/static-pod-certs"},{"name":"tmp-dir","mountPath":"/tmp"}],"terminationMessagePolicy":"FallbackToLogsOnError","imagePullPolicy":"IfNotPresent","securityContext":{"readOnlyRootFilesystem":true}},{"name":"kube-apiserver-cert-regeneration-controller","image":"registry.build11.ci.openshift.org/ci-ln-vjb5l1t/stable@sha256:0554bda0a96d190367ed63955b942dd3552e1d90e8586dfd9f8879c964bf245d","command":["cluster-kube-apiserver-operator","cert-regeneration-controller"],"args":["--kubeconfig=/etc/kubernetes/static-pod-resources/configmaps/kube-apiserver-cert-syncer-kubeconfig/kubeconfig","--namespace=$(POD_NAMESPACE)","-v=2"],"env":[{"name":"POD_NAMESPACE","valueFrom":{"fieldRef":{"fieldPath":"metadata.namespace"}}},{"name":"OPERATOR_IMAGE_VERSION","value":"4.20.0-0-2026-01-28-090915-test-ci-ln-vjb5l1t-latest"}],"resources":{"requests":{"cpu":"5m","memory":"50Mi"}},"volumeMounts":[{"name":"resource-dir","mountPath":"/etc/kubernetes/static-pod-resources"},{"name":"tmp-dir","mountPath":"/tmp"}],"terminationMessagePolicy":"FallbackToLogsOnError","imagePullPolicy":"IfNotPresent","securityContext":{"readOnlyRootFilesystem":true}},{"name":"kube-apiserver-insecure-readyz","image":"registry.build11.ci.openshift.org/ci-ln-vjb5l1t/stable@sha256:0554bda0a96d190367ed63955b942dd3552e1d90e8586dfd9f8879c964bf245d","command":["cluster-kube-apiserver-operator","insecure-readyz"],"args":["--insecure-port=6080","--delegate-url=https://localhost:6443/readyz"],"ports":[{"containerPort":6080}],"resources":{"requests":{"cpu":"5m","memory":"50Mi"}},"terminationMessagePolicy":"FallbackToLogsOnError","imagePullPolicy":"IfNotPresent","securityContext":{"readOnlyRootFilesystem":true}},{"name":"kube-apiserver-check-endpoints","image":"registry.build11.ci.openshift.org/ci-ln-vjb5l1t/stable@sha256:0554bda0a96d190367ed63955b942dd3552e1d90e8586dfd9f8879c964bf245d","command":["cluster-kube-apiserver-operator","check-endpoints"],"args":["--kubeconfig","/etc/kubernetes/static-pod-certs/configmaps/check-endpoints-kubeconfig/kubeconfig","--listen","0.0.0.0:17697","--namespace","$(POD_NAMESPACE)","--v","2"],"ports":[{"name":"check-endpoints","hostPort":17697,"containerPort":17697,"protocol":"TCP"}],"env":[{"name":"POD_NAME","valueFrom":{"fieldRef":{"fieldPath":"metadata.name"}}},{"name":"POD_NAMESPACE","valueFrom":{"fieldRef":{"fieldPath":"metadata.namespace"}}}],"resources":{"requests":{"cpu":"10m","memory":"50Mi"}},"volumeMounts":[{"name":"resource-dir","mountPath":"/etc/kubernetes/static-pod-resources"},{"name":"cert-dir","mountPath":"/etc/kubernetes/static-pod-certs"},{"name":"tmp-dir","mountPath":"/tmp"}],"livenessProbe":{"httpGet":{"path":"healthz","port":17697,"scheme":"HTTPS"},"initialDelaySeconds":10,"timeoutSeconds":10},"readinessProbe":{"httpGet":{"path":"healthz","port":17697,"scheme":"HTTPS"},"initialDelaySeconds":10,"timeoutSeconds":10},"terminationMessagePolicy":"FallbackToLogsOnError","imagePullPolicy":"IfNotPresent","securityContext":{"readOnlyRootFilesystem":true}}],"terminationGracePeriodSeconds":194,"hostNetwork":true,"tolerations":[{"operator":"Exists"}],"priorityClassName":"system-node-critical","priority":2000001000},"status":{}}
2026-01-28T09:39:32.601269515Z I0128 09:39:32.601245       1 cmd.go:610] Writing pod manifest "/etc/kubernetes/static-pod-resources/kube-apiserver-pod-2/kube-apiserver-pod.yaml" ...
2026-01-28T09:39:32.601437239Z I0128 09:39:32.601408       1 cmd.go:621] Writing static pod manifest "/etc/kubernetes/manifests/kube-apiserver-pod.yaml" ...
2026-01-28T09:39:32.601437239Z {"kind":"Pod","apiVersion":"v1","metadata":{"name":"kube-apiserver","namespace":"openshift-kube-apiserver","creationTimestamp":null,"labels":{"apiserver":"true","app":"openshift-kube-apiserver","revision":"2"},"annotations":{"kubectl.kubernetes.io/default-container":"kube-apiserver","target.workload.openshift.io/management":"{\"effect\": \"PreferredDuringScheduling\"}"}},"spec":{"volumes":[{"name":"resource-dir","hostPath":{"path":"/etc/kubernetes/static-pod-resources/kube-apiserver-pod-2"}},{"name":"cert-dir","hostPath":{"path":"/etc/kubernetes/static-pod-resources/kube-apiserver-certs"}},{"name":"audit-dir","hostPath":{"path":"/var/log/kube-apiserver"}},{"name":"tmp-dir","emptyDir":{}},{"name":"ca-bundle-dir","emptyDir":{}}],"initContainers":[{"name":"setup","image":"registry.build11.ci.openshift.org/ci-ln-vjb5l1t/stable@sha256:fb1529a27e685fb1b5b13a5d1e935a27c9b9591e884ec8f6c22025208ec02596","command":["/usr/bin/timeout","279","/bin/bash","-ec"],"args":["echo \"Fixing audit permissions ...\"\nchmod 0700 /var/log/kube-apiserver \u0026\u0026 touch /var/log/kube-apiserver/audit.log \u0026\u0026 chmod 0600 /var/log/kube-apiserver/*\n\nLOCK=/var/log/kube-apiserver/.lock\necho \"Acquiring exclusive lock ${LOCK} ...\"\n\n# Waiting for 194s max for old kube-apiserver's watch-termination process to exit and remove the lock.\n# Two cases:\n# 1. if kubelet does not start the old and new in parallel (i.e. works as expected), the flock will always succeed without any time.\n# 2. if kubelet does overlap old and new pods for up to 130s, the flock will wait and immediate return when the old finishes.\n#\n# NOTE: We can increase 194s for a bigger expected overlap. But a higher value means less noise about the broken kubelet behaviour, i.e. we hide a bug.\n# NOTE: Do not tweak these timings without considering the livenessProbe initialDelaySeconds\nexec {LOCK_FD}\u003e${LOCK} \u0026\u0026 flock --verbose -w 194 \"${LOCK_FD}\" || {\n  echo \"$(date -Iseconds -u) kubelet did not terminate old kube-apiserver before new one\" \u003e\u003e /var/log/kube-apiserver/lock.log\n  echo -n \": WARNING: kubelet did not terminate old kube-apiserver before new one.\"\n\n  # We failed to acquire exclusive lock, which means there is old kube-apiserver running in system.\n  # Since we utilize SO_REUSEPORT, we need to make sure the old kube-apiserver stopped listening.\n  #\n  # NOTE: This is a fallback for broken kubelet, if you observe this please report a bug.\n  echo -n \"Waiting for port 6443 to be released due to likely bug in kubelet or CRI-O \"\n  while [ -n \"$(ss -Htan state listening '( sport = 6443 or sport = 6080 )')\" ]; do\n    echo -n \".\"\n    sleep 1\n    (( tries += 1 ))\n    if [[ \"${tries}\" -gt 10 ]]; then\n      echo \"Timed out waiting for port :6443 and :6080 to be released, this is likely a bug in kubelet or CRI-O\"\n      exit 1\n    fi\n  done\n  #  This is to make sure the server has terminated independently from the lock.\n  #  After the port has been freed (requests can be pending and need 60s max).\n  sleep 65\n}\n# We cannot hold the lock from the init container to the main container. We release it here. There is no risk, at this point we know we are safe.\nflock -u \"${LOCK_FD}\"\n"],"resources":{"requests":{"cpu":"5m","memory":"50Mi"}},"volumeMounts":[{"name":"audit-dir","mountPath":"/var/log/kube-apiserver"},{"name":"tmp-dir","mountPath":"/tmp"}],"terminationMessagePolicy":"FallbackToLogsOnError","imagePullPolicy":"IfNotPresent","securityContext":{"privileged":true,"readOnlyRootFilesystem":true}}],"containers":[{"name":"kube-apiserver","image":"registry.build11.ci.openshift.org/ci-ln-vjb5l1t/stable@sha256:fb1529a27e685fb1b5b13a5d1e935a27c9b9591e884ec8f6c22025208ec02596","command":["/bin/bash","-ec"],"args":["LOCK=/var/log/kube-apiserver/.lock\n# We should be able to acquire the lock immediatelly. If not, it means the init container has not released it yet and kubelet or CRI-O started container prematurely.\nexec {LOCK_FD}\u003e${LOCK} \u0026\u0026 flock --verbose -w 30 \"${LOCK_FD}\" || {\n  echo \"Failed to acquire lock for kube-apiserver. Please check setup container for details. This is likely kubelet or CRI-O bug.\"\n  exit 1\n}\nif [ -f /etc/kubernetes/static-pod-certs/configmaps/trusted-ca-bundle/ca-bundle.crt ]; then\n  echo \"Copying system trust bundle ...\"\n  cp -f /etc/kubernetes/static-pod-certs/configmaps/trusted-ca-bundle/ca-bundle.crt /etc/pki/ca-trust/extracted/pem/tls-ca-bundle.pem\nfi\n\nexec watch-termination --termination-touch-file=/var/log/kube-apiserver/.terminating --termination-log-file=/var/log/kube-apiserver/termination.log --graceful-termination-duration=194s --kubeconfig=/etc/kubernetes/static-pod-resources/configmaps/kube-apiserver-cert-syncer-kubeconfig/kubeconfig -- hyperkube kube-apiserver --openshift-config=/etc/kubernetes/static-pod-resources/configmaps/config/config.yaml --advertise-address=${HOST_IP}  -v=2 --permit-address-sharing\n"],"ports":[{"containerPort":6443}],"env":[{"name":"POD_NAME","valueFrom":{"fieldRef":{"fieldPath":"metadata.name"}}},{"name":"POD_NAMESPACE","valueFrom":{"fieldRef":{"fieldPath":"metadata.namespace"}}},{"name":"STATIC_POD_VERSION","value":"2"},{"name":"HOST_IP","valueFrom":{"fieldRef":{"fieldPath":"status.hostIP"}}},{"name":"GOGC","value":"100"}],"resources":{"requests":{"cpu":"265m","memory":"1Gi"}},"volumeMounts":[{"name":"resource-dir","mountPath":"/etc/kubernetes/static-pod-resources"},{"name":"cert-dir","mountPath":"/etc/kubernetes/static-pod-certs"},{"name":"audit-dir","mountPath":"/var/log/kube-apiserver"},{"name":"tmp-dir","mountPath":"/tmp"},{"name":"ca-bundle-dir","mountPath":"/etc/pki/ca-trust/extracted/pem"}],"livenessProbe":{"httpGet":{"path":"livez?exclude=etcd","port":6443,"scheme":"HTTPS"},"timeoutSeconds":10,"periodSeconds":10,"successThreshold":1,"failureThreshold":3},"readinessProbe":{"httpGet":{"path":"readyz","port":6443,"scheme":"HTTPS"},"timeoutSeconds":10,"periodSeconds":5,"successThreshold":1,"failureThreshold":3},"startupProbe":{"httpGet":{"path":"livez","port":6443,"scheme":"HTTPS"},"timeoutSeconds":10,"periodSeconds":5,"successThreshold":1,"failureThreshold":30},"terminationMessagePolicy":"FallbackToLogsOnError","imagePullPolicy":"IfNotPresent","securityContext":{"privileged":true,"readOnlyRootFilesystem":true}},{"name":"kube-apiserver-cert-syncer","image":"registry.build11.ci.openshift.org/ci-ln-vjb5l1t/stable@sha256:0554bda0a96d190367ed63955b942dd3552e1d90e8586dfd9f8879c964bf245d","command":["cluster-kube-apiserver-operator","cert-syncer"],"args":["--kubeconfig=/etc/kubernetes/static-pod-resources/configmaps/kube-apiserver-cert-syncer-kubeconfig/kubeconfig","--namespace=$(POD_NAMESPACE)","--destination-dir=/etc/kubernetes/static-pod-certs"],"env":[{"name":"POD_NAME","valueFrom":{"fieldRef":{"fieldPath":"metadata.name"}}},{"name":"POD_NAMESPACE","valueFrom":{"fieldRef":{"fieldPath":"metadata.namespace"}}}],"resources":{"requests":{"cpu":"5m","memory":"50Mi"}},"volumeMounts":[{"name":"resource-dir","mountPath":"/etc/kubernetes/static-pod-resources"},{"name":"cert-dir","mountPath":"/etc/kubernetes/static-pod-certs"},{"name":"tmp-dir","mountPath":"/tmp"}],"terminationMessagePolicy":"FallbackToLogsOnError","imagePullPolicy":"IfNotPresent","securityContext":{"readOnlyRootFilesystem":true}},{"name":"kube-apiserver-cert-regeneration-controller","image":"registry.build11.ci.openshift.org/ci-ln-vjb5l1t/stable@sha256:0554bda0a96d190367ed63955b942dd3552e1d90e8586dfd9f8879c964bf245d","command":["cluster-kube-apiserver-operator","cert-regeneration-controller"],"args":["--kubeconfig=/etc/kubernetes/static-pod-resources/configmaps/kube-apiserver-cert-syncer-kubeconfig/kubeconfig","--namespace=$(POD_NAMESPACE)","-v=2"],"env":[{"name":"POD_NAMESPACE","valueFrom":{"fieldRef":{"fieldPath":"metadata.namespace"}}},{"name":"OPERATOR_IMAGE_VERSION","value":"4.20.0-0-2026-01-28-090915-test-ci-ln-vjb5l1t-latest"}],"resources":{"requests":{"cpu":"5m","memory":"50Mi"}},"volumeMounts":[{"name":"resource-dir","mountPath":"/etc/kubernetes/static-pod-resources"},{"name":"tmp-dir","mountPath":"/tmp"}],"terminationMessagePolicy":"FallbackToLogsOnError","imagePullPolicy":"IfNotPresent","securityContext":{"readOnlyRootFilesystem":true}},{"name":"kube-apiserver-insecure-readyz","image":"registry.build11.ci.openshift.org/ci-ln-vjb5l1t/stable@sha256:0554bda0a96d190367ed63955b942dd3552e1d90e8586dfd9f8879c964bf245d","command":["cluster-kube-apiserver-operator","insecure-readyz"],"args":["--insecure-port=6080","--delegate-url=https://localhost:6443/readyz"],"ports":[{"containerPort":6080}],"resources":{"requests":{"cpu":"5m","memory":"50Mi"}},"terminationMessagePolicy":"FallbackToLogsOnError","imagePullPolicy":"IfNotPresent","securityContext":{"readOnlyRootFilesystem":true}},{"name":"kube-apiserver-check-endpoints","image":"registry.build11.ci.openshift.org/ci-ln-vjb5l1t/stable@sha256:0554bda0a96d190367ed63955b942dd3552e1d90e8586dfd9f8879c964bf245d","command":["cluster-kube-apiserver-operator","check-endpoints"],"args":["--kubeconfig","/etc/kubernetes/static-pod-certs/configmaps/check-endpoints-kubeconfig/kubeconfig","--listen","0.0.0.0:17697","--namespace","$(POD_NAMESPACE)","--v","2"],"ports":[{"name":"check-endpoints","hostPort":17697,"containerPort":17697,"protocol":"TCP"}],"env":[{"name":"POD_NAME","valueFrom":{"fieldRef":{"fieldPath":"metadata.name"}}},{"name":"POD_NAMESPACE","valueFrom":{"fieldRef":{"fieldPath":"metadata.namespace"}}}],"resources":{"requests":{"cpu":"10m","memory":"50Mi"}},"volumeMounts":[{"name":"resource-dir","mountPath":"/etc/kubernetes/static-pod-resources"},{"name":"cert-dir","mountPath":"/etc/kubernetes/static-pod-certs"},{"name":"tmp-dir","mountPath":"/tmp"}],"livenessProbe":{"httpGet":{"path":"healthz","port":17697,"scheme":"HTTPS"},"initialDelaySeconds":10,"timeoutSeconds":10},"readinessProbe":{"httpGet":{"path":"healthz","port":17697,"scheme":"HTTPS"},"initialDelaySeconds":10,"timeoutSeconds":10},"terminationMessagePolicy":"FallbackToLogsOnError","imagePullPolicy":"IfNotPresent","securityContext":{"readOnlyRootFilesystem":true}}],"terminationGracePeriodSeconds":194,"hostNetwork":true,"tolerations":[{"operator":"Exists"}],"priorityClassName":"system-node-critical","priority":2000001000},"status":{}}
