2026-01-28T09:31:57.215498054Z time="2026-01-28T09:31:57Z" level=info msg="Go Version: go1.24.11 (Red Hat 1.24.11-1.el9_6) X:strictfipsruntime"
2026-01-28T09:31:57.215498054Z time="2026-01-28T09:31:57Z" level=info msg="Go OS/Arch: linux/amd64"
2026-01-28T09:31:57.876178136Z time="2026-01-28T09:31:57Z" level=info msg="Config API is available"
2026-01-28T09:31:57.876230138Z time="2026-01-28T09:31:57Z" level=info msg="setting up scheme"
2026-01-28T09:31:58.346514688Z time="2026-01-28T09:31:58Z" level=warning msg="failed to initialize client CA certPool for the metrics endpoint: %wthe cache is not started, can not read objects"
2026-01-28T09:31:58.346579671Z time="2026-01-28T09:31:58Z" level=info msg="[metrics] Registering marketplace metrics"
2026-01-28T09:31:58.346605733Z time="2026-01-28T09:31:58Z" level=info msg="[metrics] Serving marketplace metrics"
2026-01-28T09:31:58.346729789Z time="2026-01-28T09:31:58Z" level=info msg="TLS keys set, using https for metrics"
2026-01-28T09:31:58.347380761Z time="2026-01-28T09:31:58Z" level=info msg="setting up health checks"
2026-01-28T09:31:58.353419590Z I0128 09:31:58.353398       1 leaderelection.go:257] attempting to acquire leader lease openshift-marketplace/marketplace-operator-lock...
2026-01-28T09:31:58.547835239Z I0128 09:31:58.547511       1 leaderelection.go:271] successfully acquired lease openshift-marketplace/marketplace-operator-lock
2026-01-28T09:31:58.551137973Z time="2026-01-28T09:31:58Z" level=info msg="became leader: marketplace-operator-67d499c944-ncrv7"
2026-01-28T09:31:58.551208177Z time="2026-01-28T09:31:58Z" level=info msg="registering components"
2026-01-28T09:31:58.551237628Z time="2026-01-28T09:31:58Z" level=info msg="setting up the marketplace clusteroperator status reporter"
2026-01-28T09:31:58.577209633Z time="2026-01-28T09:31:58Z" level=info msg="setting up controllers"
2026-01-28T09:31:58.585591968Z time="2026-01-28T09:31:58Z" level=info msg="starting the marketplace clusteroperator status reporter"
2026-01-28T09:31:58.585747215Z time="2026-01-28T09:31:58Z" level=info msg="starting manager"
2026-01-28T09:31:58.617302977Z {"level":"info","ts":"2026-01-28T09:31:58Z","msg":"starting server","name":"pprof","addr":"[::]:6060"}
2026-01-28T09:31:58.710266367Z time="2026-01-28T09:31:58Z" level=info msg="[status] Previous and current ClusterOperator Status are different, attempting to update the ClusterOperator Status."
2026-01-28T09:31:58.711593622Z time="2026-01-28T09:31:58Z" level=info msg="[status] Attempting to set ClusterOperator to version 4.20.0-0-2026-01-28-090915-test-ci-ln-vjb5l1t-latest"
2026-01-28T09:31:58.711667936Z time="2026-01-28T09:31:58Z" level=info msg="[status] Attempting to set the ClusterOperator status conditions to:"
2026-01-28T09:31:58.711711938Z time="2026-01-28T09:31:58Z" level=info msg="[status] ConditionType: Progressing ConditionStatus: False ConditionMessage: Successfully progressed to release version: 4.20.0-0-2026-01-28-090915-test-ci-ln-vjb5l1t-latest"
2026-01-28T09:31:58.711758511Z time="2026-01-28T09:31:58Z" level=info msg="[status] ConditionType: Available ConditionStatus: True ConditionMessage: Available release version: 4.20.0-0-2026-01-28-090915-test-ci-ln-vjb5l1t-latest"
2026-01-28T09:31:58.711792222Z time="2026-01-28T09:31:58Z" level=info msg="[status] ConditionType: Upgradeable ConditionStatus: True ConditionMessage: Marketplace is upgradeable"
2026-01-28T09:31:58.711821654Z time="2026-01-28T09:31:58Z" level=info msg="[status] ConditionType: Degraded ConditionStatus: False ConditionMessage: Available release version: 4.20.0-0-2026-01-28-090915-test-ci-ln-vjb5l1t-latest"
2026-01-28T09:31:58.739693673Z {"level":"info","ts":"2026-01-28T09:31:58Z","msg":"Starting EventSource","controller":"catalogsource-controller","controllerGroup":"operators.coreos.com","controllerKind":"CatalogSource","source":"kind source: *v1alpha1.CatalogSource"}
2026-01-28T09:31:58.740067641Z {"level":"info","ts":"2026-01-28T09:31:58Z","msg":"Starting EventSource","controller":"operatorhub-controller","controllerGroup":"config.openshift.io","controllerKind":"OperatorHub","source":"kind source: *v1.OperatorHub"}
2026-01-28T09:31:58.740569536Z {"level":"info","ts":"2026-01-28T09:31:58Z","msg":"Starting EventSource","controller":"configmap-controller","controllerGroup":"","controllerKind":"ConfigMap","source":"kind source: *v1.ConfigMap"}
2026-01-28T09:31:58.805788573Z time="2026-01-28T09:31:58Z" level=info msg="[status] ClusterOperator status conditions updated."
2026-01-28T09:31:59.251820483Z {"level":"info","ts":"2026-01-28T09:31:59Z","msg":"Starting Controller","controller":"catalogsource-controller","controllerGroup":"operators.coreos.com","controllerKind":"CatalogSource"}
2026-01-28T09:31:59.251885667Z {"level":"info","ts":"2026-01-28T09:31:59Z","msg":"Starting workers","controller":"catalogsource-controller","controllerGroup":"operators.coreos.com","controllerKind":"CatalogSource","worker count":1}
2026-01-28T09:31:59.251925758Z {"level":"info","ts":"2026-01-28T09:31:59Z","msg":"Starting Controller","controller":"operatorhub-controller","controllerGroup":"config.openshift.io","controllerKind":"OperatorHub"}
2026-01-28T09:31:59.251949130Z {"level":"info","ts":"2026-01-28T09:31:59Z","msg":"Starting workers","controller":"operatorhub-controller","controllerGroup":"config.openshift.io","controllerKind":"OperatorHub","worker count":1}
2026-01-28T09:31:59.252124918Z time="2026-01-28T09:31:59Z" level=info msg="Reconciling OperatorHub cluster"
2026-01-28T09:31:59.259352476Z {"level":"info","ts":"2026-01-28T09:31:59Z","msg":"Starting Controller","controller":"configmap-controller","controllerGroup":"","controllerKind":"ConfigMap"}
2026-01-28T09:31:59.259392878Z {"level":"info","ts":"2026-01-28T09:31:59Z","msg":"Starting workers","controller":"configmap-controller","controllerGroup":"","controllerKind":"ConfigMap","worker count":1}
2026-01-28T09:31:59.259537175Z time="2026-01-28T09:31:59Z" level=info msg="Reconciling ConfigMap kube-system/extension-apiserver-authentication"
2026-01-28T09:31:59.311646533Z time="2026-01-28T09:31:59Z" level=info msg="Reconciling ConfigMap openshift-marketplace/marketplace-trusted-ca"
2026-01-28T09:31:59.312046753Z time="2026-01-28T09:31:59Z" level=info msg="[ca] Certificate Authorization ConfigMap openshift-marketplace/marketplace-trusted-ca is in sync with disk." name=marketplace-trusted-ca type=ConfigMap
2026-01-28T09:31:59.330998301Z time="2026-01-28T09:31:59Z" level=info msg="[defaults] Creating CatalogSource redhat-operators"
2026-01-28T09:31:59.391284054Z time="2026-01-28T09:31:59Z" level=info msg="[defaults] Creating CatalogSource certified-operators"
2026-01-28T09:31:59.431852361Z time="2026-01-28T09:31:59Z" level=info msg="[defaults] Creating CatalogSource community-operators"
2026-01-28T09:31:59.510096003Z time="2026-01-28T09:31:59Z" level=info msg="[defaults] Creating CatalogSource redhat-marketplace"
2026-01-28T09:31:59.621408551Z time="2026-01-28T09:31:59Z" level=info msg="Reconciling OperatorHub cluster"
2026-01-28T09:31:59.621408551Z time="2026-01-28T09:31:59Z" level=info msg="[defaults] CatalogSource redhat-operators is annotated and its spec is the same as the default spec"
2026-01-28T09:31:59.621408551Z time="2026-01-28T09:31:59Z" level=info msg="[defaults] CatalogSource certified-operators is annotated and its spec is the same as the default spec"
2026-01-28T09:31:59.621408551Z time="2026-01-28T09:31:59Z" level=info msg="[defaults] CatalogSource community-operators is annotated and its spec is the same as the default spec"
2026-01-28T09:31:59.621408551Z time="2026-01-28T09:31:59Z" level=info msg="[defaults] CatalogSource redhat-marketplace is annotated and its spec is the same as the default spec"
2026-01-28T09:31:59.621408551Z time="2026-01-28T09:31:59Z" level=info msg="Reconciling OperatorHub cluster"
2026-01-28T09:31:59.621408551Z time="2026-01-28T09:31:59Z" level=info msg="[defaults] CatalogSource redhat-operators is annotated and its spec is the same as the default spec"
2026-01-28T09:31:59.621408551Z time="2026-01-28T09:31:59Z" level=info msg="[defaults] CatalogSource certified-operators is annotated and its spec is the same as the default spec"
2026-01-28T09:31:59.621408551Z time="2026-01-28T09:31:59Z" level=info msg="[defaults] CatalogSource community-operators is annotated and its spec is the same as the default spec"
2026-01-28T09:31:59.621408551Z time="2026-01-28T09:31:59Z" level=info msg="[defaults] CatalogSource redhat-marketplace is annotated and its spec is the same as the default spec"
2026-01-28T09:31:59.681339546Z time="2026-01-28T09:31:59Z" level=info msg="Reconciling OperatorHub cluster"
2026-01-28T09:31:59.681487413Z time="2026-01-28T09:31:59Z" level=info msg="[defaults] CatalogSource certified-operators is annotated and its spec is the same as the default spec"
2026-01-28T09:31:59.681589689Z time="2026-01-28T09:31:59Z" level=info msg="[defaults] CatalogSource community-operators is annotated and its spec is the same as the default spec"
2026-01-28T09:31:59.685681791Z time="2026-01-28T09:31:59Z" level=info msg="[defaults] CatalogSource redhat-marketplace is annotated and its spec is the same as the default spec"
2026-01-28T09:31:59.686209197Z time="2026-01-28T09:31:59Z" level=info msg="[defaults] CatalogSource redhat-operators is annotated and its spec is the same as the default spec"
2026-01-28T09:31:59.834510665Z time="2026-01-28T09:31:59Z" level=info msg="Reconciling OperatorHub cluster"
2026-01-28T09:31:59.836180358Z time="2026-01-28T09:31:59Z" level=info msg="[defaults] CatalogSource redhat-marketplace is annotated and its spec is the same as the default spec"
2026-01-28T09:31:59.836261662Z time="2026-01-28T09:31:59Z" level=info msg="[defaults] CatalogSource redhat-operators is annotated and its spec is the same as the default spec"
2026-01-28T09:31:59.836333995Z time="2026-01-28T09:31:59Z" level=info msg="[defaults] CatalogSource certified-operators is annotated and its spec is the same as the default spec"
2026-01-28T09:31:59.836401169Z time="2026-01-28T09:31:59Z" level=info msg="[defaults] CatalogSource community-operators is annotated and its spec is the same as the default spec"
2026-01-28T09:31:59.870958339Z time="2026-01-28T09:31:59Z" level=info msg="Reconciling OperatorHub cluster"
2026-01-28T09:31:59.871133547Z time="2026-01-28T09:31:59Z" level=info msg="[defaults] CatalogSource certified-operators is annotated and its spec is the same as the default spec"
2026-01-28T09:31:59.871208871Z time="2026-01-28T09:31:59Z" level=info msg="[defaults] CatalogSource community-operators is annotated and its spec is the same as the default spec"
2026-01-28T09:31:59.871276044Z time="2026-01-28T09:31:59Z" level=info msg="[defaults] CatalogSource redhat-marketplace is annotated and its spec is the same as the default spec"
2026-01-28T09:31:59.871350668Z time="2026-01-28T09:31:59Z" level=info msg="[defaults] CatalogSource redhat-operators is annotated and its spec is the same as the default spec"
2026-01-28T09:32:00.106476072Z time="2026-01-28T09:32:00Z" level=info msg="[defaults] CatalogSource redhat-operators is annotated and its spec is the same as the default spec"
2026-01-28T09:32:00.470489184Z time="2026-01-28T09:32:00Z" level=info msg="[defaults] CatalogSource certified-operators is annotated and its spec is the same as the default spec"
2026-01-28T09:32:01.856936606Z time="2026-01-28T09:32:01Z" level=info msg="[defaults] CatalogSource community-operators is annotated and its spec is the same as the default spec"
2026-01-28T09:32:02.860086413Z time="2026-01-28T09:32:02Z" level=info msg="[defaults] CatalogSource redhat-marketplace is annotated and its spec is the same as the default spec"
2026-01-28T09:32:03.875735278Z time="2026-01-28T09:32:03Z" level=info msg="[defaults] CatalogSource redhat-operators is annotated and its spec is the same as the default spec"
2026-01-28T09:32:04.866629338Z time="2026-01-28T09:32:04Z" level=info msg="[defaults] CatalogSource certified-operators is annotated and its spec is the same as the default spec"
2026-01-28T09:32:05.859907636Z time="2026-01-28T09:32:05Z" level=info msg="[defaults] CatalogSource community-operators is annotated and its spec is the same as the default spec"
2026-01-28T09:32:06.861364479Z time="2026-01-28T09:32:06Z" level=info msg="[defaults] CatalogSource redhat-marketplace is annotated and its spec is the same as the default spec"
2026-01-28T09:32:07.857093028Z time="2026-01-28T09:32:07Z" level=info msg="[defaults] CatalogSource redhat-operators is annotated and its spec is the same as the default spec"
2026-01-28T09:32:08.855841467Z time="2026-01-28T09:32:08Z" level=info msg="[defaults] CatalogSource certified-operators is annotated and its spec is the same as the default spec"
2026-01-28T09:32:09.855261190Z time="2026-01-28T09:32:09Z" level=info msg="[defaults] CatalogSource community-operators is annotated and its spec is the same as the default spec"
2026-01-28T09:32:10.859928702Z time="2026-01-28T09:32:10Z" level=info msg="[defaults] CatalogSource redhat-marketplace is annotated and its spec is the same as the default spec"
2026-01-28T09:33:50.924485350Z time="2026-01-28T09:33:50Z" level=info msg="[defaults] CatalogSource redhat-operators is annotated and its spec is the same as the default spec"
2026-01-28T09:33:52.227300594Z time="2026-01-28T09:33:52Z" level=info msg="[defaults] CatalogSource redhat-operators is annotated and its spec is the same as the default spec"
2026-01-28T09:33:53.226481691Z time="2026-01-28T09:33:53Z" level=info msg="[defaults] CatalogSource community-operators is annotated and its spec is the same as the default spec"
2026-01-28T09:33:54.232313400Z time="2026-01-28T09:33:54Z" level=info msg="[defaults] CatalogSource redhat-operators is annotated and its spec is the same as the default spec"
2026-01-28T09:33:55.227729741Z time="2026-01-28T09:33:55Z" level=info msg="[defaults] CatalogSource community-operators is annotated and its spec is the same as the default spec"
2026-01-28T09:33:57.825581701Z time="2026-01-28T09:33:57Z" level=info msg="[defaults] CatalogSource redhat-marketplace is annotated and its spec is the same as the default spec"
2026-01-28T09:33:59.646398751Z time="2026-01-28T09:33:59Z" level=info msg="[defaults] CatalogSource redhat-marketplace is annotated and its spec is the same as the default spec"
2026-01-28T09:33:59.827836840Z time="2026-01-28T09:33:59Z" level=info msg="[defaults] CatalogSource certified-operators is annotated and its spec is the same as the default spec"
2026-01-28T09:35:53.605699702Z time="2026-01-28T09:35:53Z" level=info msg="Reconciling ConfigMap kube-system/extension-apiserver-authentication"
2026-01-28T09:41:07.115897434Z time="2026-01-28T09:41:07Z" level=info msg="Reconciling OperatorHub cluster"
2026-01-28T09:41:07.116791299Z time="2026-01-28T09:41:07Z" level=info msg="[defaults] CatalogSource redhat-operators is annotated and its spec is the same as the default spec"
2026-01-28T09:41:07.116905745Z time="2026-01-28T09:41:07Z" level=info msg="[defaults] CatalogSource certified-operators is annotated and its spec is the same as the default spec"
2026-01-28T09:41:07.117003380Z time="2026-01-28T09:41:07Z" level=info msg="[defaults] CatalogSource community-operators is annotated and its spec is the same as the default spec"
2026-01-28T09:41:07.117126966Z time="2026-01-28T09:41:07Z" level=info msg="[defaults] CatalogSource redhat-marketplace is annotated and its spec is the same as the default spec"
2026-01-28T09:44:01.067134552Z time="2026-01-28T09:44:01Z" level=info msg="[defaults] CatalogSource certified-operators is annotated and its spec is the same as the default spec"
2026-01-28T09:44:01.067134552Z time="2026-01-28T09:44:01Z" level=info msg="[defaults] CatalogSource community-operators is annotated and its spec is the same as the default spec"
2026-01-28T09:44:01.067134552Z time="2026-01-28T09:44:01Z" level=info msg="[defaults] CatalogSource redhat-marketplace is annotated and its spec is the same as the default spec"
2026-01-28T09:44:01.067134552Z time="2026-01-28T09:44:01Z" level=info msg="[defaults] CatalogSource redhat-operators is annotated and its spec is the same as the default spec"
2026-01-28T09:45:16.214957698Z time="2026-01-28T09:45:16Z" level=info msg="[defaults] CatalogSource community-operators is annotated and its spec is the same as the default spec"
2026-01-28T09:45:17.995412818Z time="2026-01-28T09:45:17Z" level=info msg="[defaults] CatalogSource redhat-operators is annotated and its spec is the same as the default spec"
2026-01-28T09:54:24.478553177Z time="2026-01-28T09:54:24Z" level=info msg="Reconciling OperatorHub cluster"
2026-01-28T09:54:24.478735656Z time="2026-01-28T09:54:24Z" level=info msg="[defaults] CatalogSource community-operators is annotated and its spec is the same as the default spec"
2026-01-28T09:54:24.478823490Z time="2026-01-28T09:54:24Z" level=info msg="[defaults] CatalogSource redhat-marketplace is annotated and its spec is the same as the default spec"
2026-01-28T09:54:24.478892494Z time="2026-01-28T09:54:24Z" level=info msg="[defaults] CatalogSource redhat-operators is annotated and its spec is the same as the default spec"
2026-01-28T09:54:24.478953847Z time="2026-01-28T09:54:24Z" level=info msg="[defaults] CatalogSource certified-operators is annotated and its spec is the same as the default spec"
2026-01-28T09:54:24.486181194Z time="2026-01-28T09:54:24Z" level=info msg="Reconciling OperatorHub cluster"
2026-01-28T09:54:24.486352502Z time="2026-01-28T09:54:24Z" level=info msg="[defaults] CatalogSource redhat-operators is annotated and its spec is the same as the default spec"
2026-01-28T09:54:24.486457528Z time="2026-01-28T09:54:24Z" level=info msg="[defaults] CatalogSource certified-operators is annotated and its spec is the same as the default spec"
2026-01-28T09:54:24.486553812Z time="2026-01-28T09:54:24Z" level=info msg="[defaults] CatalogSource community-operators is annotated and its spec is the same as the default spec"
2026-01-28T09:54:24.486655227Z time="2026-01-28T09:54:24Z" level=info msg="[defaults] CatalogSource redhat-marketplace is annotated and its spec is the same as the default spec"
2026-01-28T09:54:24.494901515Z time="2026-01-28T09:54:24Z" level=info msg="Reconciling OperatorHub cluster"
2026-01-28T09:54:24.495105515Z time="2026-01-28T09:54:24Z" level=info msg="[defaults] CatalogSource redhat-operators is annotated and its spec is the same as the default spec"
2026-01-28T09:54:24.495226371Z time="2026-01-28T09:54:24Z" level=info msg="[defaults] CatalogSource certified-operators is annotated and its spec is the same as the default spec"
2026-01-28T09:54:24.495455612Z time="2026-01-28T09:54:24Z" level=info msg="[defaults] CatalogSource community-operators is annotated and its spec is the same as the default spec"
2026-01-28T09:54:24.495736166Z time="2026-01-28T09:54:24Z" level=info msg="[defaults] CatalogSource redhat-marketplace is annotated and its spec is the same as the default spec"
2026-01-28T09:54:24.503921960Z time="2026-01-28T09:54:24Z" level=info msg="Reconciling OperatorHub cluster"
2026-01-28T09:54:24.504172093Z time="2026-01-28T09:54:24Z" level=info msg="[defaults] CatalogSource community-operators is annotated and its spec is the same as the default spec"
2026-01-28T09:54:24.504555982Z time="2026-01-28T09:54:24Z" level=info msg="[defaults] CatalogSource redhat-marketplace is annotated and its spec is the same as the default spec"
2026-01-28T09:54:24.504647216Z time="2026-01-28T09:54:24Z" level=info msg="[defaults] CatalogSource redhat-operators is annotated and its spec is the same as the default spec"
2026-01-28T09:54:24.504715270Z time="2026-01-28T09:54:24Z" level=info msg="[defaults] CatalogSource certified-operators is annotated and its spec is the same as the default spec"
2026-01-28T09:54:24.512264393Z time="2026-01-28T09:54:24Z" level=info msg="Reconciling OperatorHub cluster"
2026-01-28T09:54:24.512374488Z time="2026-01-28T09:54:24Z" level=info msg="[defaults] CatalogSource redhat-marketplace is annotated and its spec is the same as the default spec"
2026-01-28T09:54:24.512443761Z time="2026-01-28T09:54:24Z" level=info msg="[defaults] CatalogSource redhat-operators is annotated and its spec is the same as the default spec"
2026-01-28T09:54:24.512513465Z time="2026-01-28T09:54:24Z" level=info msg="[defaults] CatalogSource certified-operators is annotated and its spec is the same as the default spec"
2026-01-28T09:54:24.512574048Z time="2026-01-28T09:54:24Z" level=info msg="[defaults] CatalogSource community-operators is annotated and its spec is the same as the default spec"
2026-01-28T10:02:03.355327831Z time="2026-01-28T10:02:03Z" level=info msg="[defaults] CatalogSource redhat-operators is annotated and its spec is the same as the default spec"
2026-01-28T10:02:04.349824717Z time="2026-01-28T10:02:04Z" level=info msg="[defaults] CatalogSource redhat-operators is annotated and its spec is the same as the default spec"
2026-01-28T10:02:06.151070232Z time="2026-01-28T10:02:06Z" level=info msg="[defaults] CatalogSource certified-operators is annotated and its spec is the same as the default spec"
2026-01-28T10:02:06.345720214Z time="2026-01-28T10:02:06Z" level=info msg="[defaults] CatalogSource redhat-operators is annotated and its spec is the same as the default spec"
2026-01-28T10:02:08.151653913Z time="2026-01-28T10:02:08Z" level=info msg="[defaults] CatalogSource community-operators is annotated and its spec is the same as the default spec"
2026-01-28T10:02:08.344471823Z time="2026-01-28T10:02:08Z" level=info msg="[defaults] CatalogSource certified-operators is annotated and its spec is the same as the default spec"
2026-01-28T10:02:10.142545306Z time="2026-01-28T10:02:10Z" level=info msg="[defaults] CatalogSource redhat-marketplace is annotated and its spec is the same as the default spec"
2026-01-28T10:02:10.341210823Z time="2026-01-28T10:02:10Z" level=info msg="[defaults] CatalogSource redhat-operators is annotated and its spec is the same as the default spec"
