2026-01-28T09:32:03.422901381Z I0128 09:32:03.422731    8897 controller.go:1668] starting in-cluster ocp-tuned 5f4d569c
2026-01-28T09:32:03.481754913Z I0128 09:32:03.481465    8897 controller.go:672] writing /var/lib/ocp-tuned/image.env
2026-01-28T09:32:03.484395734Z E0128 09:32:03.484358    8897 controller.go:1713] error repacking the profile: open /etc/tuned/recommend.d/50-openshift.conf: no such file or directory
2026-01-28T09:32:03.484636796Z I0128 09:32:03.484621    8897 controller.go:1714] deferred updates likely broken
2026-01-28T09:32:03.484682758Z I0128 09:32:03.484662    8897 controller.go:1730] starting: profile unpacked is "" fingerprint "e3b0c44298fc1c149afbf4c8996fb92427ae41e4649b934ca495991b7852b855"
2026-01-28T09:32:03.484732741Z I0128 09:32:03.484722    8897 controller.go:1426] recover: no pending deferred change
2026-01-28T09:32:03.484759292Z I0128 09:32:03.484750    8897 controller.go:1736] starting: no pending deferred update
2026-01-28T09:32:03.493215521Z I0128 09:32:03.493177    8897 controller.go:383] disabling system tuned...
2026-01-28T09:32:03.585800602Z I0128 09:32:03.585764    8897 controller.go:1548] started events processors
2026-01-28T09:32:03.585996462Z I0128 09:32:03.585978    8897 controller.go:1569] monitoring filesystem events on "/etc/tuned/bootcmdline"
2026-01-28T09:32:03.586148129Z I0128 09:32:03.586133    8897 controller.go:1572] started controller
2026-01-28T09:32:03.595370635Z I0128 09:32:03.595338    8897 controller.go:360] set log level 0
2026-01-28T09:32:03.595485341Z I0128 09:32:03.595469    8897 controller.go:615] providerExtract(): extracting cloud provider name to /var/lib/ocp-tuned/provider
2026-01-28T09:32:03.595698322Z I0128 09:32:03.595679    8897 controller.go:693] tunedRecommendFileWrite(): written "/etc/tuned/recommend.d/50-openshift.conf" to set TuneD profile openshift-control-plane
2026-01-28T09:32:03.595734533Z I0128 09:32:03.595722    8897 controller.go:418] profilesExtract(): extracting 1 TuneD profiles (recommended=openshift-control-plane)
2026-01-28T09:32:03.978386927Z I0128 09:32:03.978329    8897 controller.go:463] profilesExtract(): recommended TuneD profile openshift-control-plane content changed [openshift]
2026-01-28T09:32:03.978559806Z I0128 09:32:03.978544    8897 controller.go:479] profilesExtract(): fingerprint of extracted profiles: "3d0c4b179e02d27e7c0c64d8a4cfe6b3e85ae111f1d1202b6362f4bb92dbc627"
2026-01-28T09:32:03.978633019Z I0128 09:32:03.978621    8897 controller.go:819] tunedReload()
2026-01-28T09:32:03.978699523Z I0128 09:32:03.978689    8897 controller.go:746] starting tuned...
2026-01-28T09:32:03.978737115Z I0128 09:32:03.978728    8897 run.go:127] running cmd...
2026-01-28T09:32:04.751560374Z 2026-01-28 09:32:04,751 INFO     tuned.daemon.application: TuneD: 2.25.1, kernel: 5.14.0-570.82.1.el9_6.x86_64
2026-01-28T09:32:04.751735463Z 2026-01-28 09:32:04,751 INFO     tuned.daemon.application: dynamic tuning is globally disabled
2026-01-28T09:32:04.800289506Z 2026-01-28 09:32:04,798 INFO     tuned.daemon.daemon: using sleep interval of 1 second(s)
2026-01-28T09:32:04.800760799Z 2026-01-28 09:32:04,800 INFO     tuned.daemon.daemon: Running in automatic mode, checking what profile is recommended for your configuration.
2026-01-28T09:32:04.801639382Z 2026-01-28 09:32:04,801 INFO     tuned.daemon.daemon: Using 'openshift-control-plane' profile
2026-01-28T09:32:04.814696968Z 2026-01-28 09:32:04,802 INFO     tuned.profiles.loader: loading profile: openshift-control-plane
2026-01-28T09:32:05.172282382Z 2026-01-28 09:32:05,153 INFO     tuned.daemon.controller: starting controller
2026-01-28T09:32:05.172282382Z 2026-01-28 09:32:05,153 INFO     tuned.daemon.controller: waiting for udev to settle
2026-01-28T09:32:06.164014034Z 2026-01-28 09:32:06,163 INFO     tuned.daemon.controller: udev settled
2026-01-28T09:32:06.164505268Z 2026-01-28 09:32:06,164 INFO     tuned.daemon.daemon: starting tuning
2026-01-28T09:32:06.180749782Z 2026-01-28 09:32:06,180 INFO     tuned.plugins.base: instance cpu: assigning devices cpu0, cpu1, cpu2, cpu3
2026-01-28T09:32:06.181352902Z 2026-01-28 09:32:06,180 INFO     tuned.plugins.plugin_cpu: We are running on an x86 AuthenticAMD platform
2026-01-28T09:32:06.188257763Z 2026-01-28 09:32:06,186 INFO     tuned.plugins.base: instance disk: assigning devices nvme0n1, loop0
2026-01-28T09:32:06.188310026Z 2026-01-28 09:32:06,187 WARNING  tuned.plugins.base: instance video: no matching devices available
2026-01-28T09:32:06.205295926Z 2026-01-28 09:32:06,205 INFO     tuned.plugins.base: instance net: assigning devices ens5
2026-01-28T09:32:06.209039921Z 2026-01-28 09:32:06,208 INFO     tuned.plugins.plugin_vm: Setting option 'dirty_ratio' to '30'.
2026-01-28T09:32:06.209366658Z 2026-01-28 09:32:06,209 INFO     tuned.plugins.plugin_vm: Not setting option 'dirty_background_ratio' to '10', already set.
2026-01-28T09:32:06.224415412Z 2026-01-28 09:32:06,224 INFO     tuned.plugins.plugin_sysctl: reapplying system sysctl
2026-01-28T09:32:06.317603483Z 2026-01-28 09:32:06,317 INFO     tuned.daemon.daemon: static tuning from profile 'openshift-control-plane' applied
2026-01-28T09:32:06.317979862Z I0128 09:32:06.317957    8897 controller.go:703] tunedRecommendFileRead(): read "openshift-control-plane" from "/etc/tuned/recommend.d/50-openshift.conf"
2026-01-28T09:32:06.332602326Z I0128 09:32:06.332574    8897 controller.go:360] set log level 0
2026-01-28T09:32:06.336490128Z I0128 09:32:06.336466    8897 controller.go:418] profilesExtract(): extracting 1 TuneD profiles (recommended=openshift-control-plane)
2026-01-28T09:32:06.415633394Z I0128 09:32:06.415586    8897 controller.go:463] profilesExtract(): recommended TuneD profile openshift-control-plane content unchanged [openshift]
2026-01-28T09:32:06.416709407Z I0128 09:32:06.416684    8897 controller.go:479] profilesExtract(): fingerprint of extracted profiles: "3d0c4b179e02d27e7c0c64d8a4cfe6b3e85ae111f1d1202b6362f4bb92dbc627"
