2026-01-28T09:29:57.521060666Z + [[ -f /env/_master ]]
2026-01-28T09:29:57.521060666Z + . /ovnkube-lib/ovnkube-lib.sh
2026-01-28T09:29:57.521163488Z ++ set -x
2026-01-28T09:29:57.521163488Z ++ K8S_NODE=ip-10-0-102-200.us-west-1.compute.internal
2026-01-28T09:29:57.521163488Z ++ [[ -n ip-10-0-102-200.us-west-1.compute.internal ]]
2026-01-28T09:29:57.521163488Z ++ [[ -f /env/ip-10-0-102-200.us-west-1.compute.internal ]]
2026-01-28T09:29:57.521163488Z ++ northd_pidfile=/var/run/ovn/ovn-northd.pid
2026-01-28T09:29:57.521176998Z ++ controller_pidfile=/var/run/ovn/ovn-controller.pid
2026-01-28T09:29:57.521176998Z ++ controller_logfile=/var/log/ovn/acl-audit-log.log
2026-01-28T09:29:57.521187809Z ++ vswitch_dbsock=/var/run/openvswitch/db.sock
2026-01-28T09:29:57.521187809Z ++ nbdb_pidfile=/var/run/ovn/ovnnb_db.pid
2026-01-28T09:29:57.521197969Z ++ nbdb_sock=/var/run/ovn/ovnnb_db.sock
2026-01-28T09:29:57.521197969Z ++ nbdb_ctl=/var/run/ovn/ovnnb_db.ctl
2026-01-28T09:29:57.521207869Z ++ sbdb_pidfile=/var/run/ovn/ovnsb_db.pid
2026-01-28T09:29:57.521207869Z ++ sbdb_sock=/var/run/ovn/ovnsb_db.sock
2026-01-28T09:29:57.521229410Z ++ sbdb_ctl=/var/run/ovn/ovnsb_db.ctl
2026-01-28T09:29:57.522425087Z + trap quit-nbdb TERM INT
2026-01-28T09:29:57.522443287Z + start-nbdb info
2026-01-28T09:29:57.522443287Z + local log_level=info
2026-01-28T09:29:57.522454698Z + [[ 1 -ne 1 ]]
2026-01-28T09:29:57.522659862Z + wait 3722
2026-01-28T09:29:57.522731824Z + exec /usr/share/ovn/scripts/ovn-ctl --no-monitor --db-nb-sock=/var/run/ovn/ovnnb_db.sock '--ovn-nb-log=-vconsole:info -vfile:off -vPATTERN:console:%D{%Y-%m-%dT%H:%M:%S.###Z}|%05N|%c%T|%p|%m' run_nb_ovsdb
2026-01-28T09:29:57.593650002Z 2026-01-28T09:29:57.593Z|00001|vlog|INFO|opened log file /var/log/ovn/ovsdb-server-nb.log
2026-01-28T09:29:57.601171853Z 2026-01-28T09:29:57.601Z|00002|ovsdb_server|INFO|ovsdb-server (Open vSwitch) 3.5.2-51.el9fdp
2026-01-28T09:30:07.604230454Z 2026-01-28T09:30:07.604Z|00003|memory|INFO|13696 kB peak resident set size after 10.0 seconds
2026-01-28T09:30:07.604365477Z 2026-01-28T09:30:07.604Z|00004|memory|INFO|atoms:5979 cells:3569 json-caches:2 monitors:4 n-weak-refs:54 sessions:2
