2026-01-28T09:44:49.857443650Z I0128 09:44:49.857387       1 main.go:259] Console plugins are enabled in following order:
2026-01-28T09:44:49.857443650Z I0128 09:44:49.857415       1 main.go:261]  - networking-console-plugin
2026-01-28T09:44:49.857443650Z I0128 09:44:49.857422       1 main.go:261]  - monitoring-plugin
2026-01-28T09:44:49.857572493Z I0128 09:44:49.857462       1 main.go:302] Console telemetry options:
2026-01-28T09:44:49.857572493Z I0128 09:44:49.857484       1 main.go:304]  - CLUSTER_ID 96983e5a-aa89-4958-9381-7fe3039d16f2
2026-01-28T09:44:49.857572493Z I0128 09:44:49.857489       1 main.go:304]  - SEGMENT_API_HOST console.redhat.com/connections/api/v1
2026-01-28T09:44:49.857572493Z I0128 09:44:49.857492       1 main.go:304]  - SEGMENT_JS_HOST console.redhat.com/connections/cdn
2026-01-28T09:44:49.857572493Z I0128 09:44:49.857496       1 main.go:304]  - SEGMENT_PUBLIC_API_KEY BnuS1RP39EmLQjP21ko67oDjhbl9zpNU
2026-01-28T09:44:49.857572493Z I0128 09:44:49.857499       1 main.go:304]  - TELEMETER_CLIENT_DISABLED true
2026-01-28T09:44:49.857572493Z W0128 09:44:49.857505       1 authoptions.go:112] Flag inactivity-timeout is set to less then 300 seconds and will be ignored!
2026-01-28T09:44:49.858228327Z I0128 09:44:49.858202       1 envvar.go:172] "Feature gate default state" feature="ClientsAllowCBOR" enabled=false
2026-01-28T09:44:49.858275928Z I0128 09:44:49.858262       1 envvar.go:172] "Feature gate default state" feature="ClientsPreferCBOR" enabled=false
2026-01-28T09:44:49.858308229Z I0128 09:44:49.858296       1 envvar.go:172] "Feature gate default state" feature="InformerResourceVersion" enabled=false
2026-01-28T09:44:49.858335819Z I0128 09:44:49.858325       1 envvar.go:172] "Feature gate default state" feature="InOrderInformers" enabled=true
2026-01-28T09:44:49.858363490Z I0128 09:44:49.858352       1 envvar.go:172] "Feature gate default state" feature="WatchListClient" enabled=false
2026-01-28T09:46:49.897689474Z I0128 09:46:49.897625       1 main.go:718] Binding to [::]:8443...
2026-01-28T09:46:49.897689474Z I0128 09:46:49.897651       1 main.go:723] Using TLS
2026-01-28T09:46:52.899338720Z I0128 09:46:52.899293       1 metrics.go:133] serverconfig.Metrics: Update ConsolePlugin metrics...
2026-01-28T09:46:52.908269090Z I0128 09:46:52.908221       1 metrics.go:143] serverconfig.Metrics: Update ConsolePlugin metrics: &map[monitoring:map[enabled:1] networking:map[enabled:1]] (took 8.896948ms)
2026-01-28T09:46:54.897523043Z I0128 09:46:54.897457       1 metrics.go:80] usage.Metrics: Count console users...
2026-01-28T09:46:55.006762219Z I0128 09:46:55.006712       1 metrics.go:156] usage.Metrics: Update console users metrics: 0 kubeadmin, 0 cluster-admins, 0 developers, 0 unknown/errors (took 109.207685ms)
