2026-01-28T09:30:29.467080519Z W0128 09:30:29.463882       1 cmd.go:257] Using insecure, self-signed certificates
2026-01-28T09:30:31.256996575Z I0128 09:30:31.254726       1 start.go:138] Unable to read service ca bundle: open /var/run/configmaps/service-ca-bundle/service-ca.crt: no such file or directory
2026-01-28T09:30:31.259802154Z I0128 09:30:31.258178       1 observer_polling.go:159] Starting file observer
2026-01-28T09:30:32.494048461Z I0128 09:30:32.492523       1 operator.go:60] Starting insights-operator v0.0.0-master+$Format:%H$
2026-01-28T09:30:32.494048461Z I0128 09:30:32.493078       1 legacy_config.go:327] Current config: {"report":false,"storagePath":"/var/lib/insights-operator","interval":"2h","endpoint":"https://console.redhat.com/api/ingress/v1/upload","conditionalGathererEndpoint":"https://console.redhat.com/api/gathering/v2/%s/gathering_rules","pull_report":{"endpoint":"https://console.redhat.com/api/insights-results-aggregator/v2/cluster/%s/reports","delay":"60s","timeout":"3000s","min_retry":"30s"},"impersonate":"system:serviceaccount:openshift-insights:gather","enableGlobalObfuscation":false,"ocm":{"scaEndpoint":"https://api.openshift.com/api/accounts_mgmt/v1/entitlement_certificates","scaInterval":"8h","scaDisabled":false,"clusterTransferEndpoint":"https://api.openshift.com/api/accounts_mgmt/v1/cluster_transfers/","clusterTransferInterval":"12h"},"disableInsightsAlerts":false,"processingStatusEndpoint":"https://console.redhat.com/api/insights-results-aggregator/v2/cluster/%s/request/%s/status","reportEndpointTechPreview":"https://console.redhat.com/api/insights-results-aggregator/v2/cluster/%s/request/%s/report"}
2026-01-28T09:30:32.494048461Z I0128 09:30:32.493912       1 secure_serving.go:57] Forcing use of http/1.1 only
2026-01-28T09:30:32.494048461Z W0128 09:30:32.493929       1 secure_serving.go:69] Use of insecure cipher 'TLS_ECDHE_ECDSA_WITH_AES_128_CBC_SHA256' detected.
2026-01-28T09:30:32.494048461Z W0128 09:30:32.493934       1 secure_serving.go:69] Use of insecure cipher 'TLS_ECDHE_RSA_WITH_AES_128_CBC_SHA256' detected.
2026-01-28T09:30:32.494048461Z W0128 09:30:32.493939       1 secure_serving.go:69] Use of insecure cipher 'TLS_RSA_WITH_AES_128_GCM_SHA256' detected.
2026-01-28T09:30:32.494048461Z W0128 09:30:32.493943       1 secure_serving.go:69] Use of insecure cipher 'TLS_RSA_WITH_AES_256_GCM_SHA384' detected.
2026-01-28T09:30:32.494048461Z W0128 09:30:32.493946       1 secure_serving.go:69] Use of insecure cipher 'TLS_RSA_WITH_AES_128_CBC_SHA' detected.
2026-01-28T09:30:32.494048461Z W0128 09:30:32.493949       1 secure_serving.go:69] Use of insecure cipher 'TLS_RSA_WITH_AES_256_CBC_SHA' detected.
2026-01-28T09:30:32.532052873Z I0128 09:30:32.513431       1 simple_featuregate_reader.go:171] Starting feature-gate-detector
2026-01-28T09:30:32.564593445Z I0128 09:30:32.564550       1 requestheader_controller.go:180] Starting RequestHeaderAuthRequestController
2026-01-28T09:30:32.603110784Z I0128 09:30:32.603080       1 shared_informer.go:313] Waiting for caches to sync for RequestHeaderAuthRequestController
2026-01-28T09:30:32.603189818Z I0128 09:30:32.566944       1 configmap_cafile_content.go:205] "Starting controller" name="client-ca::kube-system::extension-apiserver-authentication::client-ca-file"
2026-01-28T09:30:32.603255541Z I0128 09:30:32.603244       1 shared_informer.go:313] Waiting for caches to sync for client-ca::kube-system::extension-apiserver-authentication::client-ca-file
2026-01-28T09:30:32.605289002Z I0128 09:30:32.567014       1 configmap_cafile_content.go:205] "Starting controller" name="client-ca::kube-system::extension-apiserver-authentication::requestheader-client-ca-file"
2026-01-28T09:30:32.605729223Z I0128 09:30:32.605695       1 shared_informer.go:313] Waiting for caches to sync for client-ca::kube-system::extension-apiserver-authentication::requestheader-client-ca-file
2026-01-28T09:30:32.620779139Z I0128 09:30:32.600546       1 event.go:377] Event(v1.ObjectReference{Kind:"Deployment", Namespace:"openshift-insights", Name:"insights-operator", UID:"c6e6ee77-5dc6-40b4-81ac-ea0221ff56d2", APIVersion:"apps/v1", ResourceVersion:"", FieldPath:""}): type: 'Normal' reason: 'FeatureGatesInitialized' FeatureGates updated to featuregates.Features{Enabled:[]v1.FeatureGateName{"AdditionalRoutingCapabilities", "AdminNetworkPolicy", "AlibabaPlatform", "AzureWorkloadIdentity", "BuildCSIVolumes", "CPMSMachineNamePrefix", "ConsolePluginContentSecurityPolicy", "ExternalOIDC", "ExternalOIDCWithUIDAndExtraClaimMappings", "GatewayAPI", "GatewayAPIController", "HighlyAvailableArbiter", "ImageVolume", "IngressControllerLBSubnetsAWS", "KMSv1", "MachineConfigNodes", "ManagedBootImages", "ManagedBootImagesAWS", "MetricsCollectionProfiles", "NetworkDiagnosticsConfig", "NetworkLiveMigration", "NetworkSegmentation", "NewOLM", "PinnedImages", "PreconfiguredUDNAddresses", "ProcMountType", "RouteAdvertisements", "RouteExternalCertificate", "ServiceAccountTokenNodeBinding", "SetEIPForNLBIngressController", "SigstoreImageVerification", "StoragePerformantSecurityPolicy", "UpgradeStatus", "UserNamespacesPodSecurityStandards", "UserNamespacesSupport", "VSphereMultiDisk", "VSphereMultiNetworks"}, Disabled:[]v1.FeatureGateName{"AWSClusterHostedDNS", "AWSClusterHostedDNSInstall", "AWSDedicatedHosts", "AWSServiceLBNetworkSecurityGroup", "AutomatedEtcdBackup", "AzureClusterHostedDNSInstall", "AzureDedicatedHosts", "AzureMultiDisk", "BootImageSkewEnforcement", "BootcNodeManagement", "ClusterAPIInstall", "ClusterAPIInstallIBMCloud", "ClusterMonitoringConfig", "ClusterVersionOperatorConfiguration", "DNSNameResolver", "DualReplica", "DyanmicServiceEndpointIBMCloud", "DynamicResourceAllocation", "EtcdBackendQuota", "EventedPLEG", "Example", "Example2", "ExternalSnapshotMetadata", "GCPClusterHostedDNS", "GCPClusterHostedDNSInstall", "GCPCustomAPIEndpoints", "GCPCustomAPIEndpointsInstall", "ImageModeStatusReporting", "ImageStreamImportMode", "IngressControllerDynamicConfigurationManager", "InsightsConfig", "InsightsConfigAPI", "InsightsOnDemandDataGather", "IrreconcilableMachineConfig", "KMSEncryptionProvider", "MachineAPIMigration", "MachineAPIOperatorDisableMachineHealthCheckController", "ManagedBootImagesAzure", "ManagedBootImagesvSphere", "MaxUnavailableStatefulSet", "MinimumKubeletVersion", "MixedCPUsAllocation", "MultiArchInstallAzure", "MultiDiskSetup", "MutatingAdmissionPolicy", "NewOLMCatalogdAPIV1Metas", "NewOLMOwnSingleNamespace", "NewOLMPreflightPermissionChecks", "NewOLMWebhookProviderOpenshiftServiceCA", "NoRegistryClusterOperations", "NodeSwap", "NutanixMultiSubnets", "OVNObservability", "OpenShiftPodSecurityAdmission", "SELinuxMount", "ShortCertRotation", "SignatureStores", "SigstoreImageVerificationPKI", "TranslateStreamCloseWebsocketRequests", "VSphereConfigurableMaxAllowedBlockVolumesPerNode", "VSphereHostVMGroupZonal", "VSphereMixedNodeEnv", "VolumeAttributesClass", "VolumeGroupSnapshot"}}
2026-01-28T09:30:32.621300075Z I0128 09:30:32.600747       1 operator.go:125] FeatureGates initialized: knownFeatureGates=[AdditionalRoutingCapabilities AdminNetworkPolicy AlibabaPlatform AzureWorkloadIdentity BuildCSIVolumes CPMSMachineNamePrefix ConsolePluginContentSecurityPolicy ExternalOIDC ExternalOIDCWithUIDAndExtraClaimMappings GatewayAPI GatewayAPIController HighlyAvailableArbiter ImageVolume IngressControllerLBSubnetsAWS KMSv1 MachineConfigNodes ManagedBootImages ManagedBootImagesAWS MetricsCollectionProfiles NetworkDiagnosticsConfig NetworkLiveMigration NetworkSegmentation NewOLM PinnedImages PreconfiguredUDNAddresses ProcMountType RouteAdvertisements RouteExternalCertificate ServiceAccountTokenNodeBinding SetEIPForNLBIngressController SigstoreImageVerification StoragePerformantSecurityPolicy UpgradeStatus UserNamespacesPodSecurityStandards UserNamespacesSupport VSphereMultiDisk VSphereMultiNetworks AWSClusterHostedDNS AWSClusterHostedDNSInstall AWSDedicatedHosts AWSServiceLBNetworkSecurityGroup AutomatedEtcdBackup AzureClusterHostedDNSInstall AzureDedicatedHosts AzureMultiDisk BootImageSkewEnforcement BootcNodeManagement ClusterAPIInstall ClusterAPIInstallIBMCloud ClusterMonitoringConfig ClusterVersionOperatorConfiguration DNSNameResolver DualReplica DyanmicServiceEndpointIBMCloud DynamicResourceAllocation EtcdBackendQuota EventedPLEG Example Example2 ExternalSnapshotMetadata GCPClusterHostedDNS GCPClusterHostedDNSInstall GCPCustomAPIEndpoints GCPCustomAPIEndpointsInstall ImageModeStatusReporting ImageStreamImportMode IngressControllerDynamicConfigurationManager InsightsConfig InsightsConfigAPI InsightsOnDemandDataGather IrreconcilableMachineConfig KMSEncryptionProvider MachineAPIMigration MachineAPIOperatorDisableMachineHealthCheckController ManagedBootImagesAzure ManagedBootImagesvSphere MaxUnavailableStatefulSet MinimumKubeletVersion MixedCPUsAllocation MultiArchInstallAzure MultiDiskSetup MutatingAdmissionPolicy NewOLMCatalogdAPIV1Metas NewOLMOwnSingleNamespace NewOLMPreflightPermissionChecks NewOLMWebhookProviderOpenshiftServiceCA NoRegistryClusterOperations NodeSwap NutanixMultiSubnets OVNObservability OpenShiftPodSecurityAdmission SELinuxMount ShortCertRotation SignatureStores SigstoreImageVerificationPKI TranslateStreamCloseWebsocketRequests VSphereConfigurableMaxAllowedBlockVolumesPerNode VSphereHostVMGroupZonal VSphereMixedNodeEnv VolumeAttributesClass VolumeGroupSnapshot]
2026-01-28T09:30:32.629725992Z I0128 09:30:32.629705       1 secure_serving.go:213] Serving securely on [::]:8443
2026-01-28T09:30:32.629808606Z I0128 09:30:32.629792       1 dynamic_serving_content.go:135] "Starting controller" name="serving-cert::/tmp/serving-cert-1203584103/tls.crt::/tmp/serving-cert-1203584103/tls.key"
2026-01-28T09:30:32.629935283Z I0128 09:30:32.629921       1 tlsconfig.go:243] "Starting DynamicServingCertificateController"
2026-01-28T09:30:32.640867494Z W0128 09:30:32.640847       1 configmapobserver.go:64] Cannot get the configuration config map: configmaps "insights-config" is forbidden: User "system:serviceaccount:openshift-insights:gather" cannot get resource "configmaps" in API group "" in the namespace "openshift-insights": RBAC: clusterrole.rbac.authorization.k8s.io "cluster-reader" not found. Default configuration is used.
2026-01-28T09:30:32.640917697Z I0128 09:30:32.640905       1 secretconfigobserver.go:216] Legacy configuration set: enabled=false endpoint=https://console.redhat.com/api/ingress/v1/upload conditional_gatherer_endpoint=https://console.redhat.com/api/gathering/v2/%s/gathering_rules interval=2h0m0s token=false reportEndpoint=https://console.redhat.com/api/insights-results-aggregator/v2/cluster/%s/reports initialPollingDelay=1m0s minRetryTime=30s pollingTimeout=50m0s processingStatusEndpoint=https://console.redhat.com/api/insights-results-aggregator/v2/cluster/%s/request/%s/status
2026-01-28T09:30:32.641294996Z I0128 09:30:32.641277       1 base_controller.go:76] Waiting for caches to sync for ConfigController
2026-01-28T09:30:32.644460732Z I0128 09:30:32.644424       1 secretconfigobserver.go:249] Found cloud.openshift.com token
2026-01-28T09:30:32.647682342Z I0128 09:30:32.647665       1 secretconfigobserver.go:204] Legacy configuration updated: enabled=true endpoint=https://console.redhat.com/api/ingress/v1/upload conditional_gatherer_endpoint=https://console.redhat.com/api/gathering/v2/%s/gathering_rules interval=2h0m0s token=true reportEndpoint=https://console.redhat.com/api/insights-results-aggregator/v2/cluster/%s/reports initialPollingDelay=1m0s minRetryTime=30s pollingTimeout=50m0s processingStatusEndpoint=https://console.redhat.com/api/insights-results-aggregator/v2/cluster/%s/request/%s/status
2026-01-28T09:30:32.649303032Z I0128 09:30:32.649284       1 secretconfigobserver.go:119] support secret does not exist
2026-01-28T09:30:32.661485376Z I0128 09:30:32.661456       1 secretconfigobserver.go:249] Found cloud.openshift.com token
2026-01-28T09:30:32.673913401Z I0128 09:30:32.673895       1 secretconfigobserver.go:119] support secret does not exist
2026-01-28T09:30:32.674605686Z I0128 09:30:32.674588       1 recorder.go:161] Pruning old reports every 8h29m6s, max age is 288h0m0s
2026-01-28T09:30:32.680646085Z E0128 09:30:32.680627       1 operator.go:309] Couldn't get Insights Operator Pod to detect its status. Error: pods "insights-operator-c7975f6f-qbb65" is forbidden: User "system:serviceaccount:openshift-insights:gather" cannot get resource "pods" in API group "" in the namespace "openshift-insights": RBAC: clusterrole.rbac.authorization.k8s.io "cluster-reader" not found
2026-01-28T09:30:32.710184778Z I0128 09:30:32.710143       1 shared_informer.go:320] Caches are synced for client-ca::kube-system::extension-apiserver-authentication::requestheader-client-ca-file
2026-01-28T09:30:32.710283893Z I0128 09:30:32.710234       1 shared_informer.go:320] Caches are synced for RequestHeaderAuthRequestController
2026-01-28T09:30:32.710910954Z I0128 09:30:32.710244       1 shared_informer.go:320] Caches are synced for client-ca::kube-system::extension-apiserver-authentication::client-ca-file
2026-01-28T09:30:32.741536432Z I0128 09:30:32.741497       1 base_controller.go:82] Caches are synced for ConfigController 
2026-01-28T09:30:32.741597465Z I0128 09:30:32.741586       1 base_controller.go:119] Starting #1 worker of ConfigController controller ...
2026-01-28T09:30:32.746451195Z E0128 09:30:32.746420       1 base_controller.go:279] "Unhandled Error" err="ConfigController reconciliation failed: configmaps \"insights-config\" is forbidden: User \"system:serviceaccount:openshift-insights:gather\" cannot get resource \"configmaps\" in API group \"\" in the namespace \"openshift-insights\": RBAC: clusterrole.rbac.authorization.k8s.io \"cluster-reader\" not found"
2026-01-28T09:30:32.761616646Z E0128 09:30:32.761593       1 base_controller.go:279] "Unhandled Error" err="ConfigController reconciliation failed: configmaps \"insights-config\" is forbidden: User \"system:serviceaccount:openshift-insights:gather\" cannot get resource \"configmaps\" in API group \"\" in the namespace \"openshift-insights\": RBAC: clusterrole.rbac.authorization.k8s.io \"cluster-reader\" not found"
2026-01-28T09:30:32.796196510Z E0128 09:30:32.796162       1 base_controller.go:279] "Unhandled Error" err="ConfigController reconciliation failed: configmaps \"insights-config\" is forbidden: User \"system:serviceaccount:openshift-insights:gather\" cannot get resource \"configmaps\" in API group \"\" in the namespace \"openshift-insights\": RBAC: clusterrole.rbac.authorization.k8s.io \"cluster-reader\" not found"
2026-01-28T09:30:32.824249769Z E0128 09:30:32.824213       1 base_controller.go:279] "Unhandled Error" err="ConfigController reconciliation failed: configmaps \"insights-config\" is forbidden: User \"system:serviceaccount:openshift-insights:gather\" cannot get resource \"configmaps\" in API group \"\" in the namespace \"openshift-insights\": RBAC: clusterrole.rbac.authorization.k8s.io \"cluster-reader\" not found"
2026-01-28T09:30:32.882233022Z E0128 09:30:32.881488       1 base_controller.go:279] "Unhandled Error" err="ConfigController reconciliation failed: configmaps \"insights-config\" is forbidden: User \"system:serviceaccount:openshift-insights:gather\" cannot get resource \"configmaps\" in API group \"\" in the namespace \"openshift-insights\": RBAC: clusterrole.rbac.authorization.k8s.io \"cluster-reader\" not found"
2026-01-28T09:30:32.974310554Z E0128 09:30:32.974272       1 base_controller.go:279] "Unhandled Error" err="ConfigController reconciliation failed: configmaps \"insights-config\" is forbidden: User \"system:serviceaccount:openshift-insights:gather\" cannot get resource \"configmaps\" in API group \"\" in the namespace \"openshift-insights\": RBAC: clusterrole.rbac.authorization.k8s.io \"cluster-reader\" not found"
2026-01-28T09:30:33.155554493Z E0128 09:30:33.155518       1 base_controller.go:279] "Unhandled Error" err="ConfigController reconciliation failed: configmaps \"insights-config\" is forbidden: User \"system:serviceaccount:openshift-insights:gather\" cannot get resource \"configmaps\" in API group \"\" in the namespace \"openshift-insights\": RBAC: clusterrole.rbac.authorization.k8s.io \"cluster-reader\" not found"
2026-01-28T09:30:33.485077018Z E0128 09:30:33.485041       1 base_controller.go:279] "Unhandled Error" err="ConfigController reconciliation failed: configmaps \"insights-config\" is forbidden: User \"system:serviceaccount:openshift-insights:gather\" cannot get resource \"configmaps\" in API group \"\" in the namespace \"openshift-insights\": RBAC: clusterrole.rbac.authorization.k8s.io \"cluster-reader\" not found"
2026-01-28T09:30:34.131660121Z E0128 09:30:34.131626       1 base_controller.go:279] "Unhandled Error" err="ConfigController reconciliation failed: configmaps \"insights-config\" is forbidden: User \"system:serviceaccount:openshift-insights:gather\" cannot get resource \"configmaps\" in API group \"\" in the namespace \"openshift-insights\": RBAC: clusterrole.rbac.authorization.k8s.io \"cluster-reader\" not found"
2026-01-28T09:30:35.416582889Z E0128 09:30:35.416540       1 base_controller.go:279] "Unhandled Error" err="ConfigController reconciliation failed: configmaps \"insights-config\" is forbidden: User \"system:serviceaccount:openshift-insights:gather\" cannot get resource \"configmaps\" in API group \"\" in the namespace \"openshift-insights\": RBAC: clusterrole.rbac.authorization.k8s.io \"cluster-reader\" not found"
2026-01-28T09:30:37.980658439Z E0128 09:30:37.980618       1 base_controller.go:279] "Unhandled Error" err="ConfigController reconciliation failed: configmaps \"insights-config\" is forbidden: User \"system:serviceaccount:openshift-insights:gather\" cannot get resource \"configmaps\" in API group \"\" in the namespace \"openshift-insights\": RBAC: clusterrole.rbac.authorization.k8s.io \"cluster-reader\" not found"
2026-01-28T09:30:43.103963023Z E0128 09:30:43.103612       1 base_controller.go:279] "Unhandled Error" err="ConfigController reconciliation failed: configmaps \"insights-config\" is forbidden: User \"system:serviceaccount:openshift-insights:gather\" cannot get resource \"configmaps\" in API group \"\" in the namespace \"openshift-insights\": RBAC: clusterrole.rbac.authorization.k8s.io \"cluster-reader\" not found"
2026-01-28T09:30:45.615097921Z E0128 09:30:45.615054       1 base_controller.go:279] "Unhandled Error" err="ConfigController reconciliation failed: configmaps \"insights-config\" is forbidden: User \"system:serviceaccount:openshift-insights:gather\" cannot get resource \"configmaps\" in API group \"\" in the namespace \"openshift-insights\": RBAC: clusterrole.rbac.authorization.k8s.io \"cluster-reader\" not found"
2026-01-28T09:30:45.621462955Z E0128 09:30:45.621407       1 base_controller.go:279] "Unhandled Error" err="ConfigController reconciliation failed: configmaps \"insights-config\" is forbidden: User \"system:serviceaccount:openshift-insights:gather\" cannot get resource \"configmaps\" in API group \"\" in the namespace \"openshift-insights\": RBAC: clusterrole.rbac.authorization.k8s.io \"cluster-reader\" not found"
2026-01-28T09:30:45.814719222Z E0128 09:30:45.814682       1 base_controller.go:279] "Unhandled Error" err="ConfigController reconciliation failed: configmaps \"insights-config\" is forbidden: User \"system:serviceaccount:openshift-insights:gather\" cannot get resource \"configmaps\" in API group \"\" in the namespace \"openshift-insights\": RBAC: clusterrole.rbac.authorization.k8s.io \"cluster-reader\" not found"
2026-01-28T09:30:52.676513621Z E0128 09:30:52.676090       1 operator.go:309] Couldn't get Insights Operator Pod to detect its status. Error: pods "insights-operator-c7975f6f-qbb65" is forbidden: User "system:serviceaccount:openshift-insights:gather" cannot get resource "pods" in API group "" in the namespace "openshift-insights": RBAC: clusterrole.rbac.authorization.k8s.io "cluster-reader" not found
2026-01-28T09:30:53.347560257Z E0128 09:30:53.347410       1 base_controller.go:279] "Unhandled Error" err="ConfigController reconciliation failed: configmaps \"insights-config\" is forbidden: User \"system:serviceaccount:openshift-insights:gather\" cannot get resource \"configmaps\" in API group \"\" in the namespace \"openshift-insights\": RBAC: clusterrole.rbac.authorization.k8s.io \"cluster-reader\" not found"
2026-01-28T09:31:12.677812673Z E0128 09:31:12.677523       1 operator.go:309] Couldn't get Insights Operator Pod to detect its status. Error: pods "insights-operator-c7975f6f-qbb65" is forbidden: User "system:serviceaccount:openshift-insights:gather" cannot get resource "pods" in API group "" in the namespace "openshift-insights": RBAC: clusterrole.rbac.authorization.k8s.io "cluster-reader" not found
2026-01-28T09:31:32.678180947Z I0128 09:31:32.677747       1 controllerstatus.go:80] name=insightsuploader healthy=true reason= message=
2026-01-28T09:31:32.678255301Z I0128 09:31:32.678240       1 insightsuploader.go:86] Reporting status periodically to https://console.redhat.com/api/ingress/v1/upload every 2h0m0s, starting in 1m30s
2026-01-28T09:31:32.678286993Z I0128 09:31:32.677760       1 periodic.go:209] Running clusterconfig gatherer
2026-01-28T09:31:32.678361996Z I0128 09:31:32.678350       1 tasks_processing.go:45] number of workers: 16
2026-01-28T09:31:32.678402748Z I0128 09:31:32.678393       1 tasks_processing.go:69] worker 15 listening for tasks.
2026-01-28T09:31:32.678436460Z I0128 09:31:32.678418       1 tasks_processing.go:69] worker 2 listening for tasks.
2026-01-28T09:31:32.678492743Z I0128 09:31:32.678475       1 tasks_processing.go:69] worker 3 listening for tasks.
2026-01-28T09:31:32.678492743Z I0128 09:31:32.678488       1 tasks_processing.go:71] worker 3 working on storage_classes task.
2026-01-28T09:31:32.678525374Z I0128 09:31:32.678512       1 tasks_processing.go:69] worker 5 listening for tasks.
2026-01-28T09:31:32.678580337Z I0128 09:31:32.678568       1 tasks_processing.go:69] worker 6 listening for tasks.
2026-01-28T09:31:32.678605118Z I0128 09:31:32.678394       1 tasks_processing.go:69] worker 0 listening for tasks.
2026-01-28T09:31:32.678635570Z I0128 09:31:32.678419       1 tasks_processing.go:71] worker 15 working on active_alerts task.
2026-01-28T09:31:32.678700993Z W0128 09:31:32.678685       1 gather_active_alerts.go:54] Unable to load alerts client, no alerts will be collected: open /var/run/configmaps/service-ca-bundle/service-ca.crt: no such file or directory
2026-01-28T09:31:32.678739035Z I0128 09:31:32.678724       1 gather.go:177] gatherer "clusterconfig" function "active_alerts" took 59.413µs to process 0 records
2026-01-28T09:31:32.678763757Z I0128 09:31:32.677774       1 controllerstatus.go:80] name=insightsreport healthy=true reason= message=
2026-01-28T09:31:32.678790588Z I0128 09:31:32.678780       1 insightsreport.go:296] Starting report retriever
2026-01-28T09:31:32.678819169Z I0128 09:31:32.678799       1 insightsreport.go:298] Insights analysis reports will be downloaded from the https://console.redhat.com/api/insights-results-aggregator/v2/cluster/%s/reports endpoint with a delay of 1m0s
2026-01-28T09:31:32.678819169Z I0128 09:31:32.678404       1 tasks_processing.go:69] worker 7 listening for tasks.
2026-01-28T09:31:32.678819169Z I0128 09:31:32.678413       1 tasks_processing.go:69] worker 1 listening for tasks.
2026-01-28T09:31:32.678819169Z I0128 09:31:32.678427       1 tasks_processing.go:69] worker 8 listening for tasks.
2026-01-28T09:31:32.678819169Z I0128 09:31:32.678434       1 tasks_processing.go:69] worker 9 listening for tasks.
2026-01-28T09:31:32.678845181Z I0128 09:31:32.678440       1 tasks_processing.go:69] worker 10 listening for tasks.
2026-01-28T09:31:32.678845181Z I0128 09:31:32.678445       1 tasks_processing.go:69] worker 11 listening for tasks.
2026-01-28T09:31:32.678845181Z I0128 09:31:32.678453       1 tasks_processing.go:69] worker 12 listening for tasks.
2026-01-28T09:31:32.678845181Z I0128 09:31:32.678458       1 tasks_processing.go:69] worker 13 listening for tasks.
2026-01-28T09:31:32.678845181Z I0128 09:31:32.678463       1 tasks_processing.go:69] worker 14 listening for tasks.
2026-01-28T09:31:32.678845181Z I0128 09:31:32.678470       1 tasks_processing.go:69] worker 4 listening for tasks.
2026-01-28T09:31:32.678857301Z I0128 09:31:32.678479       1 tasks_processing.go:71] worker 2 working on node_logs task.
2026-01-28T09:31:32.678884303Z I0128 09:31:32.678864       1 tasks_processing.go:71] worker 4 working on cost_management_metrics_configs task.
2026-01-28T09:31:32.679136195Z I0128 09:31:32.679112       1 tasks_processing.go:71] worker 8 working on oauths task.
2026-01-28T09:31:32.679194858Z I0128 09:31:32.679178       1 tasks_processing.go:71] worker 9 working on image task.
2026-01-28T09:31:32.679338465Z I0128 09:31:32.679321       1 tasks_processing.go:71] worker 12 working on nodenetworkstates task.
2026-01-28T09:31:32.679580547Z I0128 09:31:32.679564       1 tasks_processing.go:71] worker 10 working on service_accounts task.
2026-01-28T09:31:32.679657701Z I0128 09:31:32.679637       1 tasks_processing.go:71] worker 13 working on certificate_signing_requests task.
2026-01-28T09:31:32.679777627Z I0128 09:31:32.679759       1 tasks_processing.go:71] worker 11 working on sap_pods task.
2026-01-28T09:31:32.679832920Z I0128 09:31:32.679810       1 tasks_processing.go:71] worker 5 working on feature_gates task.
2026-01-28T09:31:32.679959716Z I0128 09:31:32.679942       1 tasks_processing.go:71] worker 14 working on storage_cluster task.
2026-01-28T09:31:32.680084723Z I0128 09:31:32.680063       1 tasks_processing.go:71] worker 6 working on proxies task.
2026-01-28T09:31:32.680161426Z I0128 09:31:32.680140       1 tasks_processing.go:71] worker 15 working on clusterroles task.
2026-01-28T09:31:32.680219459Z I0128 09:31:32.680206       1 tasks_processing.go:71] worker 7 working on openshift_logging task.
2026-01-28T09:31:32.681005758Z I0128 09:31:32.680988       1 tasks_processing.go:71] worker 0 working on openstack_dataplanenodesets task.
2026-01-28T09:31:32.681123534Z I0128 09:31:32.681102       1 controller.go:128] Initializing last reported time to 0001-01-01T00:00:00Z
2026-01-28T09:31:32.681139595Z I0128 09:31:32.681125       1 controller.go:212] Source periodic-clusterconfig *controllerstatus.Simple is not ready
2026-01-28T09:31:32.681139595Z I0128 09:31:32.681131       1 controller.go:212] Source periodic-conditional *controllerstatus.Simple is not ready
2026-01-28T09:31:32.681139595Z I0128 09:31:32.681135       1 controller.go:212] Source periodic-workloads *controllerstatus.Simple is not ready
2026-01-28T09:31:32.681215889Z I0128 09:31:32.681199       1 controller.go:489] The operator is still being initialized
2026-01-28T09:31:32.681215889Z I0128 09:31:32.681211       1 controller.go:512] The operator is healthy
2026-01-28T09:31:32.681627069Z I0128 09:31:32.681611       1 tasks_processing.go:71] worker 4 working on operators task.
2026-01-28T09:31:32.681789328Z I0128 09:31:32.681766       1 gather.go:177] gatherer "clusterconfig" function "cost_management_metrics_configs" took 2.734106ms to process 0 records
2026-01-28T09:31:32.682543705Z I0128 09:31:32.682515       1 tasks_processing.go:71] worker 1 working on ingress_certificates task.
2026-01-28T09:31:32.682815509Z I0128 09:31:32.682789       1 tasks_processing.go:71] worker 3 working on nodes task.
2026-01-28T09:31:32.683548405Z I0128 09:31:32.683524       1 recorder.go:75] Recording config/storage/storageclasses/gp2-csi with fingerprint=8c26226ce4e0a2bdde8b36e9a5124215ecfe428f6e22470029b9ea35f38bc2ea
2026-01-28T09:31:32.683568356Z I0128 09:31:32.683552       1 recorder.go:75] Recording config/storage/storageclasses/gp3-csi with fingerprint=e276c1b973cb5683a63cb0d06d95c33f90a732f3d7ae0fab982c1d97ce70258b
2026-01-28T09:31:32.683568356Z I0128 09:31:32.683560       1 gather.go:177] gatherer "clusterconfig" function "storage_classes" took 4.292734ms to process 2 records
2026-01-28T09:31:32.683599338Z I0128 09:31:32.683582       1 gather.go:177] gatherer "clusterconfig" function "nodenetworkstates" took 3.502245ms to process 0 records
2026-01-28T09:31:32.683610479Z I0128 09:31:32.683601       1 tasks_processing.go:71] worker 12 working on openstack_version task.
2026-01-28T09:31:32.683810558Z I0128 09:31:32.683794       1 tasks_processing.go:71] worker 11 working on install_plans task.
2026-01-28T09:31:32.683931884Z I0128 09:31:32.683913       1 gather.go:177] gatherer "clusterconfig" function "sap_pods" took 3.991419ms to process 0 records
2026-01-28T09:31:32.683991567Z I0128 09:31:32.683960       1 gather.go:177] gatherer "clusterconfig" function "storage_cluster" took 3.919866ms to process 0 records
2026-01-28T09:31:32.684382057Z I0128 09:31:32.684363       1 tasks_processing.go:71] worker 5 working on machine_config_pools task.
2026-01-28T09:31:32.684435389Z I0128 09:31:32.684414       1 recorder.go:75] Recording config/featuregate with fingerprint=133ce0550039f5567536e259da89c1faebab997d8d405389e75a46e9a0feb3c6
2026-01-28T09:31:32.684446760Z I0128 09:31:32.684434       1 gather.go:177] gatherer "clusterconfig" function "feature_gates" took 4.437632ms to process 1 records
2026-01-28T09:31:32.684676221Z I0128 09:31:32.684658       1 tasks_processing.go:71] worker 8 working on openstack_dataplanedeployments task.
2026-01-28T09:31:32.684721504Z I0128 09:31:32.684703       1 tasks_processing.go:71] worker 14 working on nodenetworkconfigurationpolicies task.
2026-01-28T09:31:32.685516823Z I0128 09:31:32.685498       1 recorder.go:75] Recording config/oauth with fingerprint=d89db92fd61e71ea68f0e763f472e069dcfd58811d790ce0cf75c769e8ce5dc1
2026-01-28T09:31:32.685581607Z I0128 09:31:32.685569       1 gather.go:177] gatherer "clusterconfig" function "oauths" took 5.518666ms to process 1 records
2026-01-28T09:31:32.685684802Z I0128 09:31:32.685672       1 recorder.go:75] Recording config/proxy with fingerprint=1791828f1fe7cdc6fe3cd9ec66135cb4d2e0b8039c589159c6f4b0343daf4e72
2026-01-28T09:31:32.685757935Z I0128 09:31:32.685745       1 tasks_processing.go:71] worker 6 working on image_pruners task.
2026-01-28T09:31:32.685915403Z I0128 09:31:32.685706       1 gather.go:177] gatherer "clusterconfig" function "proxies" took 4.61911ms to process 1 records
2026-01-28T09:31:32.686191177Z I0128 09:31:32.686170       1 recorder.go:75] Recording config/image with fingerprint=9c584df295b04620a733060f4a3c28be6a631d9bd7b34a6dd801392b1b75c13e
2026-01-28T09:31:32.686216928Z I0128 09:31:32.686207       1 gather.go:177] gatherer "clusterconfig" function "image" took 6.032012ms to process 1 records
2026-01-28T09:31:32.686229879Z I0128 09:31:32.686223       1 gather.go:177] gatherer "clusterconfig" function "openshift_logging" took 5.500914ms to process 0 records
2026-01-28T09:31:32.686311333Z I0128 09:31:32.686293       1 gather.go:177] gatherer "clusterconfig" function "openstack_dataplanenodesets" took 4.891464ms to process 0 records
2026-01-28T09:31:32.686573826Z I0128 09:31:32.686550       1 gather.go:177] gatherer "clusterconfig" function "openstack_version" took 2.355228ms to process 0 records
2026-01-28T09:31:32.686735714Z I0128 09:31:32.686719       1 tasks_processing.go:71] worker 12 working on version task.
2026-01-28T09:31:32.686878071Z I0128 09:31:32.686859       1 tasks_processing.go:71] worker 0 working on machine_healthchecks task.
2026-01-28T09:31:32.687140584Z I0128 09:31:32.687121       1 tasks_processing.go:71] worker 9 working on validating_webhook_configurations task.
2026-01-28T09:31:32.687245840Z I0128 09:31:32.687224       1 tasks_processing.go:71] worker 7 working on openshift_machine_api_events task.
2026-01-28T09:31:32.687543025Z I0128 09:31:32.687522       1 tasks_processing.go:71] worker 3 working on qemu_kubevirt_launcher_logs task.
2026-01-28T09:31:32.687868161Z I0128 09:31:32.687848       1 recorder.go:75] Recording config/node/ip-10-0-102-200.us-west-1.compute.internal with fingerprint=ee4175fe20eaac4bff437d2b6f1b58069758bb916cce692fe748d2b6b23ef297
2026-01-28T09:31:32.687950215Z I0128 09:31:32.687936       1 recorder.go:75] Recording config/node/ip-10-0-108-54.us-west-1.compute.internal with fingerprint=d625f3e188b7bab6dd968ae3c1590155db1a00652ac32e12863cc1844c043509
2026-01-28T09:31:32.688051430Z I0128 09:31:32.688036       1 recorder.go:75] Recording config/node/ip-10-0-3-203.us-west-1.compute.internal with fingerprint=93b342c06da3bb3d86fd35e8444e6f70b6456b289e1442915d749b2e8a2a9200
2026-01-28T09:31:32.688097532Z I0128 09:31:32.688085       1 gather.go:177] gatherer "clusterconfig" function "nodes" took 4.713535ms to process 3 records
2026-01-28T09:31:32.688120204Z I0128 09:31:32.688112       1 gather.go:177] gatherer "clusterconfig" function "openstack_dataplanedeployments" took 3.251402ms to process 0 records
2026-01-28T09:31:32.688145465Z I0128 09:31:32.688134       1 gather.go:177] gatherer "clusterconfig" function "machine_config_pools" took 3.61165ms to process 0 records
2026-01-28T09:31:32.688171636Z I0128 09:31:32.688161       1 gather.go:177] gatherer "clusterconfig" function "certificate_signing_requests" took 8.411379ms to process 0 records
2026-01-28T09:31:32.688195697Z I0128 09:31:32.688185       1 gather.go:177] gatherer "clusterconfig" function "nodenetworkconfigurationpolicies" took 3.330726ms to process 0 records
2026-01-28T09:31:32.688223458Z I0128 09:31:32.688213       1 tasks_processing.go:71] worker 14 working on operators_pods_and_events task.
2026-01-28T09:31:32.688257930Z I0128 09:31:32.688239       1 tasks_processing.go:71] worker 13 working on dvo_metrics task.
2026-01-28T09:31:32.688269171Z I0128 09:31:32.688260       1 tasks_processing.go:71] worker 8 working on container_images task.
2026-01-28T09:31:32.688645430Z I0128 09:31:32.688631       1 tasks_processing.go:71] worker 5 working on networks task.
2026-01-28T09:31:32.694759515Z I0128 09:31:32.694735       1 tasks_processing.go:71] worker 6 working on machine_sets task.
2026-01-28T09:31:32.695767515Z W0128 09:31:32.695750       1 operator.go:288] started
2026-01-28T09:31:32.696713742Z I0128 09:31:32.695867       1 base_controller.go:76] Waiting for caches to sync for LoggingSyncer
2026-01-28T09:31:32.696713742Z W0128 09:31:32.695978       1 gather_dvo_metrics.go:92] No DVO metrics gathered
2026-01-28T09:31:32.696734183Z I0128 09:31:32.696042       1 gather.go:177] gatherer "clusterconfig" function "image_pruners" took 8.954667ms to process 0 records
2026-01-28T09:31:32.696902852Z I0128 09:31:32.696881       1 recorder.go:75] Recording cluster-scoped-resources/rbac.authorization.k8s.io/clusterroles/admin with fingerprint=6d94fb4fe8a0a02190bcea9ff6ba0d36d5d4c441b2cb30a058402af4a48663e9
2026-01-28T09:31:32.696976155Z I0128 09:31:32.696957       1 recorder.go:75] Recording cluster-scoped-resources/rbac.authorization.k8s.io/clusterroles/edit with fingerprint=4bfc1a50525a1c0e2c941ad00cbe477f0a5cbd1d9600924f49888d38aec6e1f8
2026-01-28T09:31:32.696989556Z I0128 09:31:32.696972       1 gather.go:177] gatherer "clusterconfig" function "clusterroles" took 16.052031ms to process 2 records
2026-01-28T09:31:32.696989556Z I0128 09:31:32.696980       1 gather.go:177] gatherer "clusterconfig" function "dvo_metrics" took 8.462383ms to process 0 records
2026-01-28T09:31:32.697089561Z I0128 09:31:32.697056       1 recorder.go:75] Recording events/openshift-machine-api with fingerprint=ca29ea3d36557ef9e845715a3618c2c01009f47b1926d9f5a5a361ac4d4aff6c
2026-01-28T09:31:32.697089561Z I0128 09:31:32.697069       1 gather.go:177] gatherer "clusterconfig" function "openshift_machine_api_events" took 9.693554ms to process 1 records
2026-01-28T09:31:32.697089561Z I0128 09:31:32.697077       1 tasks_processing.go:71] worker 7 working on metrics task.
2026-01-28T09:31:32.697124463Z W0128 09:31:32.697104       1 gather_most_recent_metrics.go:64] Unable to load metrics client, no metrics will be collected: open /var/run/configmaps/service-ca-bundle/service-ca.crt: no such file or directory
2026-01-28T09:31:32.697124463Z I0128 09:31:32.697120       1 gather.go:177] gatherer "clusterconfig" function "metrics" took 36.462µs to process 0 records
2026-01-28T09:31:32.697135343Z I0128 09:31:32.696173       1 sca.go:136] Pulling SCA certificates from https://api.openshift.com/api/accounts_mgmt/v1/entitlement_certificates. Next check is in 8h0m0s
2026-01-28T09:31:32.697286471Z I0128 09:31:32.697267       1 tasks_processing.go:71] worker 13 working on schedulers task.
2026-01-28T09:31:32.697472800Z I0128 09:31:32.696191       1 cluster_transfer.go:83] checking the availability of cluster transfer. Next check is in 12h0m0s
2026-01-28T09:31:32.697588936Z I0128 09:31:32.697571       1 tasks_processing.go:71] worker 7 working on pdbs task.
2026-01-28T09:31:32.697863300Z I0128 09:31:32.697832       1 gather_logs.go:145] no pods in  namespace were found
2026-01-28T09:31:32.697904702Z I0128 09:31:32.697851       1 tasks_processing.go:71] worker 0 working on machine_autoscalers task.
2026-01-28T09:31:32.697954214Z I0128 09:31:32.697932       1 gather.go:177] gatherer "clusterconfig" function "machine_healthchecks" took 10.948907ms to process 0 records
2026-01-28T09:31:32.697954214Z I0128 09:31:32.697947       1 gather.go:177] gatherer "clusterconfig" function "qemu_kubevirt_launcher_logs" took 10.322475ms to process 0 records
2026-01-28T09:31:32.698126563Z I0128 09:31:32.698094       1 recorder.go:75] Recording config/validatingwebhookconfigurations/multus.openshift.io with fingerprint=f49b0d27ee85ad7d30963cefbb36896bbe7cdefbe53c59b74eaebb33f4692b7c
2026-01-28T09:31:32.698145994Z I0128 09:31:32.698123       1 recorder.go:75] Recording config/validatingwebhookconfigurations/performance-addon-operator with fingerprint=bdd3c3bb5f2754cd6e18fefa8ae15ee3d4842dd87debfda8078fcc8219f295d8
2026-01-28T09:31:32.698145994Z I0128 09:31:32.698132       1 gather.go:177] gatherer "clusterconfig" function "validating_webhook_configurations" took 10.761997ms to process 2 records
2026-01-28T09:31:32.698145994Z I0128 09:31:32.698141       1 tasks_processing.go:71] worker 9 working on tsdb_status task.
2026-01-28T09:31:32.698929353Z W0128 09:31:32.698162       1 gather_prometheus_tsdb_status.go:38] Unable to load metrics client, tsdb status cannot be collected: open /var/run/configmaps/service-ca-bundle/service-ca.crt: no such file or directory
2026-01-28T09:31:32.698929353Z I0128 09:31:32.698173       1 gather.go:177] gatherer "clusterconfig" function "tsdb_status" took 25.061µs to process 0 records
2026-01-28T09:31:32.698929353Z I0128 09:31:32.698181       1 tasks_processing.go:71] worker 3 working on machine_configs task.
2026-01-28T09:31:32.698929353Z I0128 09:31:32.698364       1 tasks_processing.go:71] worker 5 working on lokistack task.
2026-01-28T09:31:32.698929353Z I0128 09:31:32.698439       1 tasks_processing.go:71] worker 9 working on ingress task.
2026-01-28T09:31:32.698929353Z I0128 09:31:32.697855       1 tasks_processing.go:71] worker 15 working on monitoring_persistent_volumes task.
2026-01-28T09:31:32.698929353Z I0128 09:31:32.698700       1 recorder.go:75] Recording config/network with fingerprint=623464535ceb46a611dc732eb0c20aeeeb5535b9767d24cfa09ba93b76520519
2026-01-28T09:31:32.698929353Z I0128 09:31:32.698715       1 gather.go:177] gatherer "clusterconfig" function "networks" took 9.696515ms to process 1 records
2026-01-28T09:31:32.707291770Z I0128 09:31:32.707265       1 tasks_processing.go:71] worker 5 working on olm_operators task.
2026-01-28T09:31:32.707435018Z I0128 09:31:32.707407       1 gather.go:177] gatherer "clusterconfig" function "lokistack" took 8.889504ms to process 0 records
2026-01-28T09:31:32.707500721Z I0128 09:31:32.707477       1 tasks_processing.go:71] worker 0 working on image_registries task.
2026-01-28T09:31:32.707769565Z I0128 09:31:32.707748       1 controller.go:212] Source clusterTransferController *clustertransfer.Controller is not ready
2026-01-28T09:31:32.707769565Z I0128 09:31:32.707762       1 controller.go:212] Source periodic-clusterconfig *controllerstatus.Simple is not ready
2026-01-28T09:31:32.707784925Z I0128 09:31:32.707766       1 controller.go:212] Source periodic-conditional *controllerstatus.Simple is not ready
2026-01-28T09:31:32.707784925Z I0128 09:31:32.707771       1 controller.go:212] Source periodic-workloads *controllerstatus.Simple is not ready
2026-01-28T09:31:32.707784925Z I0128 09:31:32.707776       1 controller.go:212] Source scaController *sca.Controller is not ready
2026-01-28T09:31:32.707809296Z I0128 09:31:32.707802       1 controller.go:489] The operator is still being initialized
2026-01-28T09:31:32.707819447Z I0128 09:31:32.707810       1 controller.go:512] The operator is healthy
2026-01-28T09:31:32.707861199Z E0128 09:31:32.707841       1 gather.go:140] gatherer "clusterconfig" function "machine_autoscalers" failed with the error: machineautoscalers.autoscaling.openshift.io is forbidden: User "system:serviceaccount:openshift-insights:gather" cannot list resource "machineautoscalers" in API group "autoscaling.openshift.io" at the cluster scope
2026-01-28T09:31:32.707861199Z I0128 09:31:32.707856       1 gather.go:177] gatherer "clusterconfig" function "machine_autoscalers" took 9.552397ms to process 0 records
2026-01-28T09:31:32.708583695Z I0128 09:31:32.708414       1 gather_machine_sets.go:86] error during anonymizing machineset: unable to find field '[spec template spec providerSpec value projectID]'
2026-01-28T09:31:32.708583695Z I0128 09:31:32.708426       1 gather_machine_sets.go:86] error during anonymizing machineset: unable to find field '[spec template spec providerSpec value region]'
2026-01-28T09:31:32.708583695Z I0128 09:31:32.708433       1 gather_machine_sets.go:98] error during anonymizing machineset: unable to find service accounts false <nil>
2026-01-28T09:31:32.708583695Z I0128 09:31:32.708441       1 gather_machine_sets.go:86] error during anonymizing machineset: unable to find field '[spec template spec providerSpec value projectID]'
2026-01-28T09:31:32.708583695Z I0128 09:31:32.708446       1 gather_machine_sets.go:86] error during anonymizing machineset: unable to find field '[spec template spec providerSpec value region]'
2026-01-28T09:31:32.708583695Z I0128 09:31:32.708451       1 gather_machine_sets.go:98] error during anonymizing machineset: unable to find service accounts false <nil>
2026-01-28T09:31:32.708583695Z I0128 09:31:32.708472       1 tasks_processing.go:71] worker 6 working on jaegers task.
2026-01-28T09:31:32.708643468Z I0128 09:31:32.708622       1 recorder.go:75] Recording machinesets/openshift-machine-api/ci-ln-vjb5l1t-76ef8-snmcd-worker-us-west-1a with fingerprint=fef8c94ca0b26348ad8054e3a41c8adbb8d44708f4c2d325c382c8fcd9abf6f6
2026-01-28T09:31:32.708922252Z I0128 09:31:32.708742       1 recorder.go:75] Recording machinesets/openshift-machine-api/ci-ln-vjb5l1t-76ef8-snmcd-worker-us-west-1c with fingerprint=1014350484ff5cca4cd74a704e5ffa2cba7633822bb6cbe9e86d536703fcb38b
2026-01-28T09:31:32.708922252Z I0128 09:31:32.708751       1 gather.go:177] gatherer "clusterconfig" function "machine_sets" took 13.60045ms to process 2 records
2026-01-28T09:31:32.714750833Z I0128 09:31:32.714728       1 tasks_processing.go:71] worker 6 working on cluster_apiserver task.
2026-01-28T09:31:32.715188145Z I0128 09:31:32.715169       1 gather.go:177] gatherer "clusterconfig" function "jaegers" took 6.243182ms to process 0 records
2026-01-28T09:31:32.715320991Z I0128 09:31:32.715289       1 tasks_processing.go:71] worker 9 working on authentication task.
2026-01-28T09:31:32.715467819Z I0128 09:31:32.715449       1 recorder.go:75] Recording config/ingress with fingerprint=24ed38004b63dcd9579fac4770b84daa7a96d67da6edeaece3a784e1b3eae58a
2026-01-28T09:31:32.715482509Z I0128 09:31:32.715468       1 gather.go:177] gatherer "clusterconfig" function "ingress" took 16.83997ms to process 1 records
2026-01-28T09:31:32.719428276Z I0128 09:31:32.719402       1 tasks_processing.go:71] worker 15 working on infrastructures task.
2026-01-28T09:31:32.719888669Z I0128 09:31:32.719865       1 prometheus_rules.go:88] Prometheus rules successfully created
2026-01-28T09:31:32.723771583Z I0128 09:31:32.723745       1 gather.go:177] gatherer "clusterconfig" function "monitoring_persistent_volumes" took 20.740136ms to process 0 records
2026-01-28T09:31:32.723962263Z I0128 09:31:32.723944       1 recorder.go:75] Recording config/pdbs/openshift-apiserver/openshift-apiserver-pdb with fingerprint=fa37fb459d1ebc8832925170c4801ac7e7d092d73262bfcb7792d799befcd545
2026-01-28T09:31:32.723976914Z I0128 09:31:32.723967       1 recorder.go:75] Recording config/pdbs/openshift-cloud-controller-manager/aws-cloud-controller-manager with fingerprint=8cde1277d8dcff835cdfb8217549f61c545d3f9ae987384f207253f8d1b7e0c6
2026-01-28T09:31:32.723989764Z I0128 09:31:32.723981       1 recorder.go:75] Recording config/pdbs/openshift-cluster-csi-drivers/aws-ebs-csi-driver-controller-pdb with fingerprint=6e7a86f55d7abed7a7fbf0b415320b75b3a52911a3c2fc22fcee0cd5b550d351
2026-01-28T09:31:32.724054537Z I0128 09:31:32.724009       1 recorder.go:75] Recording config/pdbs/openshift-console/console with fingerprint=c6dcb184c42a575ab616984d5b352eafe35646d2c4641c7c47bdd749dd0ac4b5
2026-01-28T09:31:32.724054537Z I0128 09:31:32.724050       1 recorder.go:75] Recording config/pdbs/openshift-console/downloads with fingerprint=54c612840ab2f4df63e749d52accc52954c400fd39d96d0137e00031b554089f
2026-01-28T09:31:32.724096820Z I0128 09:31:32.724074       1 recorder.go:75] Recording config/pdbs/openshift-kube-apiserver/kube-apiserver-guard-pdb with fingerprint=b9d5807cbd057a473715b39e7de329830c5340d06af76c9b44994f5d404f1d0a
2026-01-28T09:31:32.724123761Z I0128 09:31:32.724102       1 recorder.go:75] Recording config/pdbs/openshift-kube-controller-manager/kube-controller-manager-guard-pdb with fingerprint=568225950baf85bfbe0726a78fe93d8269de1fddf510033323fd9dc0d8d30cd2
2026-01-28T09:31:32.724143332Z I0128 09:31:32.724128       1 recorder.go:75] Recording config/pdbs/openshift-kube-scheduler/openshift-kube-scheduler-guard-pdb with fingerprint=b4ba555dea95930be00ff83cc1ae7bbf713f7f86d6ac9ba428ee9b093bc57c6d
2026-01-28T09:31:32.724153562Z I0128 09:31:32.724141       1 recorder.go:75] Recording config/pdbs/openshift-oauth-apiserver/oauth-apiserver-pdb with fingerprint=c8a7a55d102dae98496b409fa8e6e96ddf02b5bba3a412f7c21ae6efae8daf18
2026-01-28T09:31:32.724242357Z I0128 09:31:32.724199       1 recorder.go:75] Recording config/pdbs/openshift-operator-lifecycle-manager/packageserver-pdb with fingerprint=6b1ce66b577b7bd179bd0a9da7836d288b451bddcbc96f7e18207e60bd752065
2026-01-28T09:31:32.724280169Z I0128 09:31:32.724263       1 gather.go:177] gatherer "clusterconfig" function "pdbs" took 22.263901ms to process 10 records
2026-01-28T09:31:32.724404845Z I0128 09:31:32.724386       1 recorder.go:75] Recording config/schedulers/cluster with fingerprint=fd4674f7086358e24cf28c1966d62fde89cd5c16ecac64ffab28a7d5c12bf7e1
2026-01-28T09:31:32.724441217Z I0128 09:31:32.724420       1 gather.go:177] gatherer "clusterconfig" function "schedulers" took 22.915694ms to process 1 records
2026-01-28T09:31:32.724441217Z I0128 09:31:32.724437       1 gather.go:177] gatherer "clusterconfig" function "image_registries" took 12.769848ms to process 0 records
2026-01-28T09:31:32.724452697Z I0128 09:31:32.724443       1 gather.go:177] gatherer "clusterconfig" function "olm_operators" took 13.086493ms to process 0 records
2026-01-28T09:31:32.724462378Z I0128 09:31:32.724451       1 tasks_processing.go:71] worker 5 working on silenced_alerts task.
2026-01-28T09:31:32.724495829Z W0128 09:31:32.724479       1 gather_silenced_alerts.go:38] Unable to load alerts client, no alerts will be collected: open /var/run/configmaps/service-ca-bundle/service-ca.crt: no such file or directory
2026-01-28T09:31:32.724506720Z I0128 09:31:32.724498       1 gather.go:177] gatherer "clusterconfig" function "silenced_alerts" took 34.712µs to process 0 records
2026-01-28T09:31:32.724516340Z I0128 09:31:32.724507       1 tasks_processing.go:71] worker 0 working on openstack_controlplanes task.
2026-01-28T09:31:32.724880608Z I0128 09:31:32.724860       1 tasks_processing.go:71] worker 5 working on config_maps task.
2026-01-28T09:31:32.725090599Z I0128 09:31:32.725067       1 tasks_processing.go:71] worker 7 working on sap_datahubs task.
2026-01-28T09:31:32.727215115Z I0128 09:31:32.727197       1 tasks_processing.go:71] worker 13 working on crds task.
2026-01-28T09:31:32.733128370Z I0128 09:31:32.733109       1 tasks_processing.go:71] worker 6 working on overlapping_namespace_uids task.
2026-01-28T09:31:32.733770342Z I0128 09:31:32.733735       1 recorder.go:75] Recording config/apiserver with fingerprint=2f294ff5a0da060b668d79304c8d32dab6b2a029ff717544a827f1b54aa4c5cc
2026-01-28T09:31:32.733770342Z I0128 09:31:32.733755       1 gather.go:177] gatherer "clusterconfig" function "cluster_apiserver" took 18.318494ms to process 1 records
2026-01-28T09:31:32.734122030Z I0128 09:31:32.734059       1 recorder.go:75] Recording config/authentication with fingerprint=657a02c687b118024ba6bffe763e16b8ba99755e08f15aa7717b12e4d15be4c0
2026-01-28T09:31:32.734122030Z I0128 09:31:32.734072       1 gather.go:177] gatherer "clusterconfig" function "authentication" took 18.066792ms to process 1 records
2026-01-28T09:31:32.734122030Z I0128 09:31:32.734081       1 gather.go:177] gatherer "clusterconfig" function "sap_datahubs" took 8.22538ms to process 0 records
2026-01-28T09:31:32.735165012Z I0128 09:31:32.735142       1 tasks_processing.go:71] worker 15 working on aggregated_monitoring_cr_names task.
2026-01-28T09:31:32.735605634Z I0128 09:31:32.735344       1 tasks_processing.go:71] worker 7 working on number_of_pods_and_netnamespaces_with_sdn_annotations task.
2026-01-28T09:31:32.736151251Z I0128 09:31:32.735349       1 tasks_processing.go:71] worker 9 working on ceph_cluster task.
2026-01-28T09:31:32.738722099Z I0128 09:31:32.738101       1 recorder.go:75] Recording config/infrastructure with fingerprint=4b6856a9ea8a8a83d3c544912c5818e07362af06957df6499c894ef83aa52326
2026-01-28T09:31:32.738722099Z I0128 09:31:32.738147       1 gather.go:177] gatherer "clusterconfig" function "infrastructures" took 14.302474ms to process 1 records
2026-01-28T09:31:32.738722099Z I0128 09:31:32.738161       1 gather.go:177] gatherer "clusterconfig" function "openstack_controlplanes" took 9.21518ms to process 0 records
2026-01-28T09:31:32.738722099Z I0128 09:31:32.738170       1 gather.go:177] gatherer "clusterconfig" function "crds" took 8.090424ms to process 0 records
2026-01-28T09:31:32.738722099Z I0128 09:31:32.738184       1 tasks_processing.go:71] worker 13 working on sap_config task.
2026-01-28T09:31:32.738722099Z I0128 09:31:32.738506       1 tasks_processing.go:71] worker 0 working on container_runtime_configs task.
2026-01-28T09:31:32.739054926Z I0128 09:31:32.739000       1 tasks_processing.go:71] worker 9 working on mutating_webhook_configurations task.
2026-01-28T09:31:32.739510409Z I0128 09:31:32.739467       1 gather.go:177] gatherer "clusterconfig" function "ceph_cluster" took 2.815661ms to process 0 records
2026-01-28T09:31:32.739510409Z I0128 09:31:32.739483       1 gather.go:177] gatherer "clusterconfig" function "sap_config" took 1.20076ms to process 0 records
2026-01-28T09:31:32.739510409Z I0128 09:31:32.739492       1 tasks_processing.go:71] worker 13 working on support_secret task.
2026-01-28T09:31:32.741409093Z I0128 09:31:32.741357       1 tasks_processing.go:71] worker 9 working on pod_network_connectivity_checks task.
2026-01-28T09:31:32.741712139Z I0128 09:31:32.741681       1 recorder.go:75] Recording config/mutatingwebhookconfigurations/catalogd-mutating-webhook-configuration with fingerprint=c96e5813dfc23e86a0fa6165105d187cc13208abe2ca5eea6b98fe22be65228c
2026-01-28T09:31:32.741712139Z I0128 09:31:32.741698       1 gather.go:177] gatherer "clusterconfig" function "mutating_webhook_configurations" took 2.341887ms to process 1 records
2026-01-28T09:31:32.750700048Z I0128 09:31:32.750680       1 tasks_processing.go:71] worker 15 working on machines task.
2026-01-28T09:31:32.751104738Z I0128 09:31:32.751080       1 gather.go:177] gatherer "clusterconfig" function "aggregated_monitoring_cr_names" took 15.291553ms to process 0 records
2026-01-28T09:31:32.751367871Z I0128 09:31:32.751353       1 tasks_processing.go:74] worker 8 stopped.
2026-01-28T09:31:32.753654005Z I0128 09:31:32.753505       1 recorder.go:75] Recording config/pod/openshift-cloud-controller-manager-operator/cluster-cloud-controller-manager-operator-7c4545c799-2qzh9 with fingerprint=6474ef2be8999a071bd25db878f19bd15e8361464701d84995fb9b796677a759
2026-01-28T09:31:32.753654005Z I0128 09:31:32.753617       1 recorder.go:75] Recording config/pod/openshift-console-operator/console-operator-5cfd85677c-vtxq2 with fingerprint=241a43f62b144c6430151649a312194cd155055c7cbbf8369c21f89d04d8f803
2026-01-28T09:31:32.753727299Z I0128 09:31:32.753709       1 recorder.go:75] Recording config/pod/openshift-machine-config-operator/kube-rbac-proxy-crio-ip-10-0-102-200.us-west-1.compute.internal with fingerprint=2b517e6342f23976f1fe467f05a06d82c9969dce350294dc8b42830539149a1d
2026-01-28T09:31:32.753836494Z I0128 09:31:32.753819       1 recorder.go:75] Recording config/pod/openshift-machine-config-operator/kube-rbac-proxy-crio-ip-10-0-108-54.us-west-1.compute.internal with fingerprint=81ed2d1004eab8106c1b14b2a55d164ee96345a4db62f56aa2e29a3a1f73ee78
2026-01-28T09:31:32.754007322Z I0128 09:31:32.753932       1 recorder.go:75] Recording config/pod/openshift-machine-config-operator/kube-rbac-proxy-crio-ip-10-0-3-203.us-west-1.compute.internal with fingerprint=cef4a678de3d558d80aea47adc5893fa2b07892b74f4ccb24e30214fa8516df6
2026-01-28T09:31:32.754133629Z I0128 09:31:32.754065       1 recorder.go:75] Recording config/running_containers with fingerprint=638e63421e460d25acfb517ae6036215d9572f06ed78b580194dad2e8a4af931
2026-01-28T09:31:32.754133629Z I0128 09:31:32.754076       1 gather.go:177] gatherer "clusterconfig" function "container_images" took 62.646887ms to process 6 records
2026-01-28T09:31:32.754133629Z I0128 09:31:32.754085       1 gather.go:177] gatherer "clusterconfig" function "container_runtime_configs" took 12.559217ms to process 0 records
2026-01-28T09:31:32.754133629Z E0128 09:31:32.754098       1 gather.go:140] gatherer "clusterconfig" function "support_secret" failed with the error: secrets "support" not found
2026-01-28T09:31:32.754133629Z I0128 09:31:32.754105       1 gather.go:177] gatherer "clusterconfig" function "support_secret" took 11.752387ms to process 0 records
2026-01-28T09:31:32.754133629Z E0128 09:31:32.754113       1 gather.go:140] gatherer "clusterconfig" function "pod_network_connectivity_checks" failed with the error: the server could not find the requested resource (get podnetworkconnectivitychecks.controlplane.operator.openshift.io)
2026-01-28T09:31:32.754133629Z I0128 09:31:32.754119       1 gather.go:177] gatherer "clusterconfig" function "pod_network_connectivity_checks" took 9.884983ms to process 0 records
2026-01-28T09:31:32.754133629Z I0128 09:31:32.754128       1 tasks_processing.go:74] worker 9 stopped.
2026-01-28T09:31:32.754219823Z I0128 09:31:32.754138       1 tasks_processing.go:74] worker 0 stopped.
2026-01-28T09:31:32.754219823Z I0128 09:31:32.754143       1 tasks_processing.go:74] worker 13 stopped.
2026-01-28T09:31:32.759595301Z I0128 09:31:32.759576       1 gather_machines.go:83] error during anonymizing machine: unable to find field '[spec providerID]'
2026-01-28T09:31:32.759637183Z I0128 09:31:32.759626       1 gather_machines.go:83] error during anonymizing machine: unable to find field '[metadata labels machine.openshift.io/region]'
2026-01-28T09:31:32.759670015Z I0128 09:31:32.759660       1 gather_machines.go:83] error during anonymizing machine: unable to find field '[spec providerID]'
2026-01-28T09:31:32.759695376Z I0128 09:31:32.759686       1 gather_machines.go:83] error during anonymizing machine: unable to find field '[metadata labels machine.openshift.io/region]'
2026-01-28T09:31:32.759720868Z I0128 09:31:32.759712       1 gather_machines.go:83] error during anonymizing machine: unable to find field '[spec providerID]'
2026-01-28T09:31:32.759749059Z I0128 09:31:32.759736       1 gather_machines.go:83] error during anonymizing machine: unable to find field '[metadata labels machine.openshift.io/region]'
2026-01-28T09:31:32.759775180Z I0128 09:31:32.759766       1 tasks_processing.go:74] worker 15 stopped.
2026-01-28T09:31:32.759916447Z I0128 09:31:32.759905       1 recorder.go:75] Recording config/machines/openshift-machine-api/ci-ln-vjb5l1t-76ef8-snmcd-master-0 with fingerprint=4fa7cc92497d2f8c0ffbcddcbd93b3a423361276b92bf677d7d425b98e35d769
2026-01-28T09:31:32.760096276Z I0128 09:31:32.760084       1 recorder.go:75] Recording config/machines/openshift-machine-api/ci-ln-vjb5l1t-76ef8-snmcd-master-1 with fingerprint=c3b75a42289d1f55dce2b464d0ab5358e05d39f1759cb694ba0f275ed62dbcbd
2026-01-28T09:31:32.760224563Z I0128 09:31:32.760213       1 recorder.go:75] Recording config/machines/openshift-machine-api/ci-ln-vjb5l1t-76ef8-snmcd-master-2 with fingerprint=3df6abe119d24cc4677d2541a1eeb139f8ee814d6f13f5c0375d30825de4f823
2026-01-28T09:31:32.760322308Z I0128 09:31:32.760304       1 gather.go:177] gatherer "clusterconfig" function "machines" took 9.00103ms to process 3 records
2026-01-28T09:31:32.762155329Z I0128 09:31:32.762131       1 tasks_processing.go:74] worker 5 stopped.
2026-01-28T09:31:32.762155329Z E0128 09:31:32.762148       1 gather.go:140] gatherer "clusterconfig" function "config_maps" failed with the error: configmaps "gateway-mode-config" not found
2026-01-28T09:31:32.762210142Z E0128 09:31:32.762155       1 gather.go:140] gatherer "clusterconfig" function "config_maps" failed with the error: configmaps "insights-config" not found
2026-01-28T09:31:32.762210142Z I0128 09:31:32.762174       1 recorder.go:75] Recording config/configmaps/openshift-config/admin-kubeconfig-client-ca/ca-bundle.crt with fingerprint=34cdf5d36d45a9e3ee7c2be31546e3d937ae4ebf144ac07b0210c06a1610a94d
2026-01-28T09:31:32.762210142Z I0128 09:31:32.762182       1 recorder.go:75] Recording config/configmaps/openshift-config/cloud-provider-config/config with fingerprint=f17dd53242a628572c2a1e67982356f22f7a961e454b91bdae73f74b121fdf81
2026-01-28T09:31:32.762210142Z I0128 09:31:32.762195       1 recorder.go:75] Recording config/configmaps/openshift-config/etcd-ca-bundle/ca-bundle.crt with fingerprint=34cdf5d36d45a9e3ee7c2be31546e3d937ae4ebf144ac07b0210c06a1610a94d
2026-01-28T09:31:32.762224703Z W0128 09:31:32.762207       1 gather.go:155] issue recording gatherer "clusterconfig" function "config_maps" result "config/configmaps/openshift-config/etcd-ca-bundle/ca-bundle.crt" because of the warning: warning: the record with the same fingerprint "34cdf5d36d45a9e3ee7c2be31546e3d937ae4ebf144ac07b0210c06a1610a94d" was already recorded at path "config/configmaps/openshift-config/admin-kubeconfig-client-ca/ca-bundle.crt", recording another one with a different path "config/configmaps/openshift-config/etcd-ca-bundle/ca-bundle.crt"
2026-01-28T09:31:32.762235243Z I0128 09:31:32.762224       1 recorder.go:75] Recording config/configmaps/openshift-config/etcd-serving-ca/ca-bundle.crt with fingerprint=34cdf5d36d45a9e3ee7c2be31546e3d937ae4ebf144ac07b0210c06a1610a94d
2026-01-28T09:31:32.762245104Z W0128 09:31:32.762235       1 gather.go:155] issue recording gatherer "clusterconfig" function "config_maps" result "config/configmaps/openshift-config/etcd-serving-ca/ca-bundle.crt" because of the warning: warning: the record with the same fingerprint "34cdf5d36d45a9e3ee7c2be31546e3d937ae4ebf144ac07b0210c06a1610a94d" was already recorded at path "config/configmaps/openshift-config/etcd-ca-bundle/ca-bundle.crt", recording another one with a different path "config/configmaps/openshift-config/etcd-serving-ca/ca-bundle.crt"
2026-01-28T09:31:32.762290326Z I0128 09:31:32.762273       1 recorder.go:75] Recording config/configmaps/openshift-config/initial-kube-apiserver-server-ca/ca-bundle.crt with fingerprint=b115cabb75d3a5abd871b8626a1e9e91f4b87698e6f540c0d58abddc29c34240
2026-01-28T09:31:32.762290326Z I0128 09:31:32.762286       1 recorder.go:75] Recording config/configmaps/openshift-config/installer-images/images.json with fingerprint=aa0cf17de340b7fbcef90f2423e8f27535d891cbdb8468e911ea5520641c2d10
2026-01-28T09:31:32.762477065Z I0128 09:31:32.762310       1 recorder.go:75] Recording config/configmaps/openshift-config/kube-root-ca.crt/ca.crt with fingerprint=d476c7d3f5b104863f08f481b1264dcc68cc272ecefb0ecb709b18a6afab034d
2026-01-28T09:31:32.762477065Z I0128 09:31:32.762316       1 recorder.go:75] Recording config/configmaps/openshift-config/openshift-install/invoker with fingerprint=554a41ea1cc044267159652810a739460bcac019e3bd656bba66aaf1ae44309a
2026-01-28T09:31:32.762477065Z I0128 09:31:32.762321       1 recorder.go:75] Recording config/configmaps/openshift-config/openshift-install/version with fingerprint=7daa22244b3ac1a0a79c6f7bbf8d44350ccb6525b86bec0c8724bacc22e9d32c
2026-01-28T09:31:32.762477065Z I0128 09:31:32.762326       1 recorder.go:75] Recording config/configmaps/openshift-config/openshift-install-manifests/invoker with fingerprint=554a41ea1cc044267159652810a739460bcac019e3bd656bba66aaf1ae44309a
2026-01-28T09:31:32.762477065Z W0128 09:31:32.762336       1 gather.go:155] issue recording gatherer "clusterconfig" function "config_maps" result "config/configmaps/openshift-config/openshift-install-manifests/invoker" because of the warning: warning: the record with the same fingerprint "554a41ea1cc044267159652810a739460bcac019e3bd656bba66aaf1ae44309a" was already recorded at path "config/configmaps/openshift-config/openshift-install/invoker", recording another one with a different path "config/configmaps/openshift-config/openshift-install-manifests/invoker"
2026-01-28T09:31:32.762619522Z I0128 09:31:32.762487       1 recorder.go:75] Recording config/configmaps/openshift-config/openshift-install-manifests/version with fingerprint=7daa22244b3ac1a0a79c6f7bbf8d44350ccb6525b86bec0c8724bacc22e9d32c
2026-01-28T09:31:32.762619522Z W0128 09:31:32.762502       1 gather.go:155] issue recording gatherer "clusterconfig" function "config_maps" result "config/configmaps/openshift-config/openshift-install-manifests/version" because of the warning: warning: the record with the same fingerprint "7daa22244b3ac1a0a79c6f7bbf8d44350ccb6525b86bec0c8724bacc22e9d32c" was already recorded at path "config/configmaps/openshift-config/openshift-install/version", recording another one with a different path "config/configmaps/openshift-config/openshift-install-manifests/version"
2026-01-28T09:31:32.762619522Z I0128 09:31:32.762516       1 recorder.go:75] Recording config/configmaps/openshift-config/openshift-service-ca.crt/service-ca.crt with fingerprint=34cdf5d36d45a9e3ee7c2be31546e3d937ae4ebf144ac07b0210c06a1610a94d
2026-01-28T09:31:32.762619522Z W0128 09:31:32.762527       1 gather.go:155] issue recording gatherer "clusterconfig" function "config_maps" result "config/configmaps/openshift-config/openshift-service-ca.crt/service-ca.crt" because of the warning: warning: the record with the same fingerprint "34cdf5d36d45a9e3ee7c2be31546e3d937ae4ebf144ac07b0210c06a1610a94d" was already recorded at path "config/configmaps/openshift-config/etcd-serving-ca/ca-bundle.crt", recording another one with a different path "config/configmaps/openshift-config/openshift-service-ca.crt/service-ca.crt"
2026-01-28T09:31:32.762619522Z I0128 09:31:32.762534       1 recorder.go:75] Recording config/configmaps/openshift-monitoring/cluster-monitoring-config/config with fingerprint=f89772d2476abc20ca7319402a8272a3735e9b825ca8a97510cf6be9fee16090
2026-01-28T09:31:32.762619522Z I0128 09:31:32.762542       1 recorder.go:75] Recording config/configmaps/kube-system/cluster-config-v1/install-config with fingerprint=8e0f4022367796c88de0d942ddf3305c9348315bbbe3a76ec66ceb00af911a31
2026-01-28T09:31:32.762619522Z I0128 09:31:32.762549       1 gather.go:177] gatherer "clusterconfig" function "config_maps" took 37.25664ms to process 14 records
2026-01-28T09:31:32.787700544Z I0128 09:31:32.787671       1 tasks_processing.go:74] worker 6 stopped.
2026-01-28T09:31:32.787769928Z I0128 09:31:32.787757       1 recorder.go:75] Recording config/namespaces_with_overlapping_uids with fingerprint=4f53cda18c2baa0c0354bb5f9a3ecbe5ed12ab4d8e11ba873c2f11161202b945
2026-01-28T09:31:32.787818570Z I0128 09:31:32.787804       1 gather.go:177] gatherer "clusterconfig" function "overlapping_namespace_uids" took 54.510192ms to process 1 records
2026-01-28T09:31:32.794102364Z I0128 09:31:32.794082       1 requests.go:205] Asking for SCA certificate with "{"arch": ["x86_64"]}" payload
2026-01-28T09:31:32.797297643Z I0128 09:31:32.797214       1 base_controller.go:82] Caches are synced for LoggingSyncer 
2026-01-28T09:31:32.797297643Z I0128 09:31:32.797227       1 base_controller.go:119] Starting #1 worker of LoggingSyncer controller ...
2026-01-28T09:31:32.798436840Z I0128 09:31:32.798419       1 gather_cluster_version.go:118] Found 1 unhealthy pods in openshift-cluster-version
2026-01-28T09:31:32.804985467Z I0128 09:31:32.804957       1 tasks_processing.go:74] worker 1 stopped.
2026-01-28T09:31:32.804985467Z E0128 09:31:32.804978       1 gather.go:140] gatherer "clusterconfig" function "ingress_certificates" failed with the error: failed to get secret 'router-ca' in namespace 'openshift-ingress-operator': secrets "router-ca" not found
2026-01-28T09:31:32.805008468Z E0128 09:31:32.804986       1 gather.go:140] gatherer "clusterconfig" function "ingress_certificates" failed with the error: failed to get secret 'router-certs-default' in namespace 'openshift-ingress': secrets "router-certs-default" not found
2026-01-28T09:31:32.805088183Z I0128 09:31:32.805069       1 recorder.go:75] Recording aggregated/ingress_controllers_certs with fingerprint=74234e98afe7498fb5daf1f36ac2d78acc339464f950703b8c019892f982b90b
2026-01-28T09:31:32.805103673Z I0128 09:31:32.805089       1 gather.go:177] gatherer "clusterconfig" function "ingress_certificates" took 122.367249ms to process 1 records
2026-01-28T09:31:32.805414029Z I0128 09:31:32.805395       1 tasks_processing.go:74] worker 3 stopped.
2026-01-28T09:31:32.805455241Z I0128 09:31:32.805439       1 recorder.go:75] Recording config/machineconfigs/99-master-ssh with fingerprint=29a085dcbf6e8b420c288827313cedf914f44d1242f6e69fec1431c283c7733e
2026-01-28T09:31:32.805485602Z I0128 09:31:32.805471       1 recorder.go:75] Recording config/machineconfigs/99-worker-ssh with fingerprint=a7e251d78563795712c308fbc2725868883f71e228ad30b16278806dd3542120
2026-01-28T09:31:32.805499543Z I0128 09:31:32.805493       1 recorder.go:75] Recording aggregated/unused_machine_configs_count with fingerprint=4bfc9fa984e5dfcd45848faaf05269de7619bf42edf9f781751af5ee05c1a499
2026-01-28T09:31:32.805509444Z I0128 09:31:32.805501       1 gather.go:177] gatherer "clusterconfig" function "machine_configs" took 107.207762ms to process 3 records
2026-01-28T09:31:32.805692102Z I0128 09:31:32.805676       1 gather_cluster_operators.go:184] Unable to get podnetworkconnectivitychecks.controlplane.operator.openshift.io resource due to: name is required
2026-01-28T09:31:32.806222079Z I0128 09:31:32.806207       1 tasks_processing.go:74] worker 12 stopped.
2026-01-28T09:31:32.806528724Z I0128 09:31:32.806516       1 recorder.go:75] Recording config/version with fingerprint=d133907f5e74b522e4cd159111f2e8677bf043b01ac77b5a9c2dff630f71287c
2026-01-28T09:31:32.806570876Z I0128 09:31:32.806561       1 recorder.go:75] Recording config/id with fingerprint=5851140df3d80cdad99df2bf5004a15c255029aee27377293bbef4d371e80839
2026-01-28T09:31:32.806722264Z I0128 09:31:32.806710       1 recorder.go:75] Recording config/pod/openshift-cluster-version/cluster-version-operator-f66f777c5-ln9p2 with fingerprint=2290a0040480febcd13d2702a8ace7cea60190d29407cebc8021994b17c19089
2026-01-28T09:31:32.806774487Z I0128 09:31:32.806765       1 recorder.go:75] Recording events/openshift-cluster-version with fingerprint=5433c1421abdaa2da2cb631a861160e78a83c860b4aa55a76c690a9c96255bf0
2026-01-28T09:31:32.806837620Z I0128 09:31:32.806823       1 gather.go:177] gatherer "clusterconfig" function "version" took 119.444053ms to process 4 records
2026-01-28T09:31:32.821224628Z I0128 09:31:32.821197       1 tasks_processing.go:74] worker 7 stopped.
2026-01-28T09:31:32.821359135Z I0128 09:31:32.821293       1 gather.go:177] gatherer "clusterconfig" function "number_of_pods_and_netnamespaces_with_sdn_annotations" took 85.54549ms to process 0 records
2026-01-28T09:31:32.822082981Z I0128 09:31:32.822067       1 gather_cluster_operators.go:184] Unable to get podnetworkconnectivitychecks.controlplane.operator.openshift.io resource due to: name is required
2026-01-28T09:31:33.195038298Z I0128 09:31:33.194986       1 tasks_processing.go:74] worker 2 stopped.
2026-01-28T09:31:33.195122592Z I0128 09:31:33.195108       1 recorder.go:75] Recording config/node/logs/ip-10-0-102-200.us-west-1.compute.internal.log with fingerprint=fd91b04969e60d5b07dfd144df22660710a9d9a1e97d77682e246724dd16fe4d
2026-01-28T09:31:33.195174045Z I0128 09:31:33.195162       1 recorder.go:75] Recording config/node/logs/ip-10-0-108-54.us-west-1.compute.internal.log with fingerprint=b5fd7c5f5784cc2bfab5fcfbf00e4f73cfabd47267ca0b9c5a41bdb4ef805ac2
2026-01-28T09:31:33.195239468Z I0128 09:31:33.195228       1 recorder.go:75] Recording config/node/logs/ip-10-0-3-203.us-west-1.compute.internal.log with fingerprint=05b063f17f43957ffbd856d5b9ee740f0d88828b1f446e80836ac5a57a1347f9
2026-01-28T09:31:33.195278460Z I0128 09:31:33.195266       1 gather.go:177] gatherer "clusterconfig" function "node_logs" took 516.116284ms to process 3 records
2026-01-28T09:31:34.137015611Z I0128 09:31:34.136970       1 gather_cluster_operators.go:184] Unable to get podnetworkconnectivitychecks.controlplane.operator.openshift.io resource due to: name is required
2026-01-28T09:31:34.335263727Z I0128 09:31:34.335225       1 gather_cluster_operators.go:184] Unable to get configs.samples.operator.openshift.io resource due to: configs.samples.operator.openshift.io "cluster" not found
2026-01-28T09:31:34.937060108Z I0128 09:31:34.936989       1 tasks_processing.go:74] worker 4 stopped.
2026-01-28T09:31:34.937232977Z I0128 09:31:34.937213       1 recorder.go:75] Recording config/clusteroperator/authentication with fingerprint=9c8bddf88db438b91a1fbc995195b52dc65eadc938b961ee3c83abe5e581707c
2026-01-28T09:31:34.937385054Z I0128 09:31:34.937360       1 recorder.go:75] Recording config/clusteroperator/operator.openshift.io/authentication/cluster with fingerprint=cca02ce178843f6da528befae0cfa211281c99f5e4388019c81cea4dfcd9d943
2026-01-28T09:31:34.937398435Z I0128 09:31:34.937390       1 recorder.go:75] Recording config/clusteroperator/baremetal with fingerprint=52f24d79ff4a5fbac25ded32106aa6f1864f535132752d4b33a3a719b5a17a3a
2026-01-28T09:31:34.937461378Z I0128 09:31:34.937425       1 recorder.go:75] Recording config/clusteroperator/cloud-controller-manager with fingerprint=ce57a6e44f4e63778f0db29ca1a1ed0b743ca7560a7d74c46c9fffad29803973
2026-01-28T09:31:34.937671098Z I0128 09:31:34.937657       1 recorder.go:75] Recording config/clusteroperator/cloud-credential with fingerprint=627dd666e8a0bccea5bc0b405c75f6de084c4e6b48b1e492bb77078264b011df
2026-01-28T09:31:34.937759113Z I0128 09:31:34.937747       1 recorder.go:75] Recording config/clusteroperator/operator.openshift.io/cloudcredential/cluster with fingerprint=46c3957079df4e4653a808e6f850abac72c8b1276aa6de05929cc8264f4a1d93
2026-01-28T09:31:34.937874038Z I0128 09:31:34.937837       1 recorder.go:75] Recording config/clusteroperator/cluster-autoscaler with fingerprint=1f4aba723000d06691abb78737df7defad02e851c4b7ed11947d7d49286680be
2026-01-28T09:31:34.937974143Z I0128 09:31:34.937937       1 recorder.go:75] Recording config/clusteroperator/config-operator with fingerprint=5825d48e7d5071f7bdccb6fdef6b6a68f209489c517b4ec49e44dab42137f6d9
2026-01-28T09:31:34.938122541Z I0128 09:31:34.938078       1 recorder.go:75] Recording config/clusteroperator/operator.openshift.io/config/cluster with fingerprint=7196eb59efe1f5998354aed5372544e9c59c3c8135aea7e3914ebf8f3330364b
2026-01-28T09:31:34.938223136Z I0128 09:31:34.938173       1 recorder.go:75] Recording config/clusteroperator/console with fingerprint=90798d3b1629c4924c0355cfc2810ba12c5b1cfc7fab5ebedaa39d1cfad90d45
2026-01-28T09:31:34.938368103Z I0128 09:31:34.938352       1 recorder.go:75] Recording config/clusteroperator/operator.openshift.io/console/cluster with fingerprint=22417b815aacf0c67af2573e2c6101d8954a2be227dce30ace568a435954b498
2026-01-28T09:31:34.938519131Z I0128 09:31:34.938505       1 recorder.go:75] Recording config/clusteroperator/control-plane-machine-set with fingerprint=182eb14129ca5562165cdbe6e408522f27cebad8db79a318850cddd5c22e684e
2026-01-28T09:31:34.938583784Z I0128 09:31:34.938548       1 recorder.go:75] Recording config/clusteroperator/csi-snapshot-controller with fingerprint=95ebf1c49357c71390f61a3b65e121c96246029a44ba9762c0527559a9cf8820
2026-01-28T09:31:34.938685139Z I0128 09:31:34.938645       1 recorder.go:75] Recording config/clusteroperator/dns with fingerprint=5f67b6262775e16bccff3afda25a0c24c41da6cff9305b0d49a20a65219e5e72
2026-01-28T09:31:34.938799525Z I0128 09:31:34.938785       1 recorder.go:75] Recording config/clusteroperator/etcd with fingerprint=9b8a5c13d30fe8e4d15968c1c981cc3b72d2cb7225c962cd03067993f6a502d4
2026-01-28T09:31:34.938895940Z I0128 09:31:34.938883       1 recorder.go:75] Recording config/clusteroperator/operator.openshift.io/etcd/cluster with fingerprint=3900a703e0cf68e933242a95e660c99cd8f940f2f6a65013d2a338ae14136de9
2026-01-28T09:31:34.938962913Z I0128 09:31:34.938949       1 recorder.go:75] Recording config/clusteroperator/image-registry with fingerprint=dceb3cc3714e246c1e4aa6e2241fc1ae6e7852c32f3d3e42086cad918c9399b7
2026-01-28T09:31:34.939008095Z I0128 09:31:34.938997       1 recorder.go:75] Recording config/clusteroperator/ingress with fingerprint=1d2072893e0a97b3efe26931944fd22b3b8834ae3ae448c155578b19ad4f3672
2026-01-28T09:31:34.939075718Z I0128 09:31:34.939059       1 recorder.go:75] Recording config/clusteroperator/insights with fingerprint=92d79ba64b0a5902717c4193d99c32d9e57868178ccc2169ba934e32d78ab301
2026-01-28T09:31:34.939138241Z I0128 09:31:34.939126       1 recorder.go:75] Recording config/clusteroperator/kube-apiserver with fingerprint=ac7c13e648f52a5ad87cb29ff0e8f73319bfacd950a24c138cd4dcfcd6f9ae33
2026-01-28T09:31:34.939236637Z I0128 09:31:34.939225       1 recorder.go:75] Recording config/clusteroperator/operator.openshift.io/kubeapiserver/cluster with fingerprint=176bd3b9a3b50e2e7b8cbcf396402503e48c4d042d9a0998ce009b763ae1fcf3
2026-01-28T09:31:34.939287289Z I0128 09:31:34.939276       1 recorder.go:75] Recording config/clusteroperator/kube-controller-manager with fingerprint=4cc37cc820c6f4af15a1d1fecd21e94123bf3fd668fe4017dff4f1de14d5d3f7
2026-01-28T09:31:34.939417815Z I0128 09:31:34.939362       1 recorder.go:75] Recording config/clusteroperator/operator.openshift.io/kubecontrollermanager/cluster with fingerprint=c7d98e7147b228564b84e5b92e2fea5e9d9724be422c4a6c749a384ffbdcd6ba
2026-01-28T09:31:34.939557962Z I0128 09:31:34.939543       1 recorder.go:75] Recording config/clusteroperator/kube-scheduler with fingerprint=ff7a4192019a45e8cd74cf2c3b4b76bb914ca00d204336c41db394800c3e17a1
2026-01-28T09:31:34.939658418Z I0128 09:31:34.939645       1 recorder.go:75] Recording config/clusteroperator/operator.openshift.io/kubescheduler/cluster with fingerprint=9e133e9e1ce32536087dad8e9d28da71adc2615fbab8f4b40815fbfed76b2e85
2026-01-28T09:31:34.939708130Z I0128 09:31:34.939696       1 recorder.go:75] Recording config/clusteroperator/kube-storage-version-migrator with fingerprint=ff71fa712459cbb5fc573d26af7190c4e801c9af3389e4f98024ab80365231de
2026-01-28T09:31:34.939743722Z I0128 09:31:34.939733       1 recorder.go:75] Recording config/clusteroperator/operator.openshift.io/kubestorageversionmigrator/cluster with fingerprint=9351181aa7e6ada41ef581ab31e13516c6b934cc95710154bafb2eb222cb58db
2026-01-28T09:31:34.939786514Z I0128 09:31:34.939776       1 recorder.go:75] Recording config/clusteroperator/machine-api with fingerprint=a8848d9abf4e9e42f5597d14212556d4a5f8eebdce314e145f55b28c20a098a9
2026-01-28T09:31:34.939834546Z I0128 09:31:34.939823       1 recorder.go:75] Recording config/clusteroperator/machine-approver with fingerprint=28cc870d2f1424fa4d177836bf66098d9c00dd7b9f8d443b1203eb8b6a18c0c5
2026-01-28T09:31:34.939875918Z I0128 09:31:34.939865       1 recorder.go:75] Recording config/clusteroperator/machine-config with fingerprint=9564e6bc25d34775a54f19074291ee11da23fbdda0fc0ee8cf0d64a819b97486
2026-01-28T09:31:34.939917380Z I0128 09:31:34.939906       1 recorder.go:75] Recording config/clusteroperator/marketplace with fingerprint=64f0bb4408a04cb91af44947a9cbde56525187c4678f73199f78d1b38cbe573f
2026-01-28T09:31:34.939999915Z I0128 09:31:34.939949       1 recorder.go:75] Recording config/clusteroperator/monitoring with fingerprint=aef87ebe6a89f83712789a4f0a5f446ae762bbdcdf1a6c2858460bb88c669871
2026-01-28T09:31:34.940316410Z I0128 09:31:34.940300       1 recorder.go:75] Recording config/clusteroperator/network with fingerprint=bb1ff6d01602a44b5d799942a4f8e2f5808942af4df2bec59511c56d9eee27c1
2026-01-28T09:31:34.940414465Z I0128 09:31:34.940400       1 recorder.go:75] Recording config/clusteroperator/network.operator.openshift.io/operatorpki/openshift-ovn-kubernetes/ovn with fingerprint=626a89d20e0deaed5b6dfb533acfe65f4bb1618bd200a703b62e60c5d16d94ab
2026-01-28T09:31:34.940509830Z I0128 09:31:34.940476       1 recorder.go:75] Recording config/clusteroperator/network.operator.openshift.io/operatorpki/openshift-ovn-kubernetes/signer with fingerprint=90410b16914712b85b3c4578716ad8c0ae072e688f4cd1e022bf76f20da3506d
2026-01-28T09:31:34.940618215Z I0128 09:31:34.940563       1 recorder.go:75] Recording config/clusteroperator/network.operator.openshift.io/operatorpki/openshift-network-node-identity/network-node-identity with fingerprint=08919431e128863d45311f3253197a111485f56ed626a4470fd827a4da95f6d8
2026-01-28T09:31:34.940695929Z I0128 09:31:34.940681       1 recorder.go:75] Recording config/clusteroperator/operator.openshift.io/network/cluster with fingerprint=a93d15eaecb455a0e40ecb2826eeecc1533899204ddd3c3921d15ab70af7ae75
2026-01-28T09:31:34.940793124Z I0128 09:31:34.940751       1 recorder.go:75] Recording config/clusteroperator/node-tuning with fingerprint=7bcc00eb9f2284131cab240d32b5edf37706f557fd79873ac40e3c82c0eb3bf6
2026-01-28T09:31:34.940945792Z I0128 09:31:34.940932       1 recorder.go:75] Recording config/clusteroperator/olm with fingerprint=ab16cf21f92d4def191fdc6d41074867139416cf941cfeccd2c47a5a30955897
2026-01-28T09:31:34.941043477Z I0128 09:31:34.940992       1 recorder.go:75] Recording config/clusteroperator/operator.openshift.io/olm/cluster with fingerprint=a7ecb50753e8e9b038d4a5726d7debfb5580f00396af31a763ec09ba7c14a40d
2026-01-28T09:31:34.941105450Z I0128 09:31:34.941093       1 recorder.go:75] Recording config/clusteroperator/openshift-apiserver with fingerprint=bb0613b8902d0d3b4dfa767f90d995eaf8ef85eeb45b0ef04dd06895e3fb1d46
2026-01-28T09:31:34.941170293Z I0128 09:31:34.941158       1 recorder.go:75] Recording config/clusteroperator/operator.openshift.io/openshiftapiserver/cluster with fingerprint=307643a2c0cee792ba13e3b7ad4e28623c1c411eee06897c6e4da3379549677e
2026-01-28T09:31:34.941206155Z I0128 09:31:34.941196       1 recorder.go:75] Recording config/clusteroperator/openshift-controller-manager with fingerprint=654ae542a3609969818821b8f824c371c9895e0d5786bd4e0c4063c68dbfdbfa
2026-01-28T09:31:34.941243927Z I0128 09:31:34.941233       1 recorder.go:75] Recording config/clusteroperator/openshift-samples with fingerprint=ac81e34ca52659be9b5b2a8322c4f30cceea4863b2ade2509e5b9739da6e9bc5
2026-01-28T09:31:34.941281359Z I0128 09:31:34.941271       1 recorder.go:75] Recording config/clusteroperator/operator-lifecycle-manager with fingerprint=5d5ab20553745a7ce8affdca9dcaf1492649ac190022b6dd76725bf3e2500f32
2026-01-28T09:31:34.941335871Z I0128 09:31:34.941325       1 recorder.go:75] Recording config/clusteroperator/operator-lifecycle-manager-catalog with fingerprint=10fbf276ab4d2ff78871a140b05ab0198d2a6c8b096980ac2d18fa4a924c07b0
2026-01-28T09:31:34.941379344Z I0128 09:31:34.941369       1 recorder.go:75] Recording config/clusteroperator/operator-lifecycle-manager-packageserver with fingerprint=8e8f97f01caf4a94ed5152b8f5af4c9a1b7f43c376d9dbb545cd56465f3fa9bc
2026-01-28T09:31:34.941474768Z I0128 09:31:34.941434       1 recorder.go:75] Recording config/clusteroperator/service-ca with fingerprint=40615ccf60388b5b52edaa6ac134fde8405e32e41ff83d24510bf9988d163727
2026-01-28T09:31:34.941611845Z I0128 09:31:34.941522       1 recorder.go:75] Recording config/clusteroperator/operator.openshift.io/serviceca/cluster with fingerprint=812f7edc2cdb30e61e7f2b29454357a40b1a507a4b0c2b7729193b67f0e3b4aa
2026-01-28T09:31:34.941738982Z I0128 09:31:34.941724       1 recorder.go:75] Recording config/clusteroperator/storage with fingerprint=171d70b48d6ae991452adf1c426181aa9fd7304f9bbe781e77122cc6aefaa046
2026-01-28T09:31:34.941817065Z I0128 09:31:34.941779       1 recorder.go:75] Recording config/clusteroperator/operator.openshift.io/clustercsidriver/ebs.csi.aws.com with fingerprint=510064d6f6bcced87ab5bd2ddaff3d0edd7f93f4a4f7af2641f29fc53ffab21e
2026-01-28T09:31:34.941853827Z I0128 09:31:34.941843       1 recorder.go:75] Recording config/clusteroperator/operator.openshift.io/storage/cluster with fingerprint=8e480f8c1ce1b39baac42d8ec780c57c2592929ae0c801b61ffad49ba13f33ad
2026-01-28T09:31:34.941890139Z I0128 09:31:34.941876       1 gather.go:177] gatherer "clusterconfig" function "operators" took 2.255326943s to process 52 records
2026-01-28T09:31:40.316110697Z I0128 09:31:40.316069       1 gather_cluster_operator_pods_and_events.go:121] Found 28 pods with 76 containers
2026-01-28T09:31:40.316166059Z I0128 09:31:40.316154       1 gather_cluster_operator_pods_and_events.go:235] Maximum buffer size: 331129 bytes
2026-01-28T09:31:40.316410972Z I0128 09:31:40.316383       1 gather_cluster_operator_pods_and_events.go:365] Fetching logs for authentication-operator container authentication-operator-7455db8cdd-mtphg pod in namespace openshift-authentication-operator (previous: false).
2026-01-28T09:31:40.562033606Z I0128 09:31:40.561972       1 gather_cluster_operator_pods_and_events.go:365] Fetching logs for fix-audit-permissions container apiserver-6b75d77bd5-57pt7 pod in namespace openshift-oauth-apiserver (previous: false).
2026-01-28T09:31:40.723630012Z I0128 09:31:40.723587       1 gather_cluster_operator_pods_and_events.go:280] Error: "log buffer is empty"
2026-01-28T09:31:40.723657763Z I0128 09:31:40.723631       1 gather_cluster_operator_pods_and_events.go:365] Fetching logs for oauth-apiserver container apiserver-6b75d77bd5-57pt7 pod in namespace openshift-oauth-apiserver (previous: false).
2026-01-28T09:31:40.921347006Z I0128 09:31:40.921316       1 gather_cluster_operator_pods_and_events.go:365] Fetching logs for fix-audit-permissions container apiserver-6b75d77bd5-dqjkl pod in namespace openshift-oauth-apiserver (previous: false).
2026-01-28T09:31:41.119684000Z I0128 09:31:41.119640       1 gather_cluster_operator_pods_and_events.go:280] Error: "log buffer is empty"
2026-01-28T09:31:41.119684000Z I0128 09:31:41.119663       1 gather_cluster_operator_pods_and_events.go:365] Fetching logs for oauth-apiserver container apiserver-6b75d77bd5-dqjkl pod in namespace openshift-oauth-apiserver (previous: false).
2026-01-28T09:31:41.318749820Z I0128 09:31:41.318707       1 gather_cluster_operator_pods_and_events.go:365] Fetching logs for fix-audit-permissions container apiserver-6b75d77bd5-jg7b5 pod in namespace openshift-oauth-apiserver (previous: false).
2026-01-28T09:31:41.519663532Z I0128 09:31:41.518327       1 gather_cluster_operator_pods_and_events.go:280] Error: "log buffer is empty"
2026-01-28T09:31:41.519663532Z I0128 09:31:41.518350       1 gather_cluster_operator_pods_and_events.go:365] Fetching logs for oauth-apiserver container apiserver-6b75d77bd5-jg7b5 pod in namespace openshift-oauth-apiserver (previous: false).
2026-01-28T09:31:41.715997337Z I0128 09:31:41.715955       1 gather_cluster_operator_pods_and_events.go:408] Failed to fetch log for apiserver-6b75d77bd5-jg7b5 pod in namespace openshift-oauth-apiserver for failing operator oauth-apiserver (previous: false): "container \"oauth-apiserver\" in pod \"apiserver-6b75d77bd5-jg7b5\" is waiting to start: PodInitializing"
2026-01-28T09:31:41.715997337Z I0128 09:31:41.715979       1 gather_cluster_operator_pods_and_events.go:280] Error: "container \"oauth-apiserver\" in pod \"apiserver-6b75d77bd5-jg7b5\" is waiting to start: PodInitializing"
2026-01-28T09:31:41.716047759Z I0128 09:31:41.715993       1 gather_cluster_operator_pods_and_events.go:365] Fetching logs for etcd-operator container etcd-operator-86dcff847c-dnhnc pod in namespace openshift-etcd-operator (previous: false).
2026-01-28T09:31:41.920568379Z I0128 09:31:41.920515       1 gather_cluster_operator_pods_and_events.go:365] Fetching logs for installer container installer-1-ip-10-0-102-200.us-west-1.compute.internal pod in namespace openshift-etcd (previous: false).
2026-01-28T09:31:42.117896404Z I0128 09:31:42.117855       1 gather_cluster_operator_pods_and_events.go:365] Fetching logs for kube-apiserver-operator container kube-apiserver-operator-766b8bd8b7-6fdbx pod in namespace openshift-kube-apiserver-operator (previous: false).
2026-01-28T09:31:42.319102880Z I0128 09:31:42.319058       1 gather_cluster_operator_pods_and_events.go:365] Fetching logs for installer container installer-1-ip-10-0-102-200.us-west-1.compute.internal pod in namespace openshift-kube-controller-manager (previous: false).
2026-01-28T09:31:42.518460845Z I0128 09:31:42.518324       1 gather_cluster_operator_pods_and_events.go:365] Fetching logs for installer container installer-2-ip-10-0-102-200.us-west-1.compute.internal pod in namespace openshift-kube-controller-manager (previous: false).
2026-01-28T09:31:42.718314994Z I0128 09:31:42.718280       1 gather_cluster_operator_pods_and_events.go:365] Fetching logs for kube-controller-manager-operator container kube-controller-manager-operator-644b4cd777-tgwmp pod in namespace openshift-kube-controller-manager-operator (previous: false).
2026-01-28T09:31:42.918200865Z I0128 09:31:42.918161       1 gather_cluster_operator_pods_and_events.go:365] Fetching logs for installer container installer-1-ip-10-0-102-200.us-west-1.compute.internal pod in namespace openshift-kube-scheduler (previous: false).
2026-01-28T09:31:43.114748681Z I0128 09:31:43.114691       1 gather_cluster_operator_pods_and_events.go:408] Failed to fetch log for installer-1-ip-10-0-102-200.us-west-1.compute.internal pod in namespace openshift-kube-scheduler for failing operator installer (previous: false): "pods \"installer-1-ip-10-0-102-200.us-west-1.compute.internal\" not found"
2026-01-28T09:31:43.114748681Z I0128 09:31:43.114717       1 gather_cluster_operator_pods_and_events.go:280] Error: "pods \"installer-1-ip-10-0-102-200.us-west-1.compute.internal\" not found"
2026-01-28T09:31:43.114748681Z I0128 09:31:43.114730       1 gather_cluster_operator_pods_and_events.go:365] Fetching logs for installer container installer-3-ip-10-0-102-200.us-west-1.compute.internal pod in namespace openshift-kube-scheduler (previous: false).
2026-01-28T09:31:43.318529284Z I0128 09:31:43.318453       1 gather_cluster_operator_pods_and_events.go:365] Fetching logs for kube-scheduler-operator-container container openshift-kube-scheduler-operator-658775bbff-4gb72 pod in namespace openshift-kube-scheduler-operator (previous: false).
2026-01-28T09:31:43.518596594Z I0128 09:31:43.518549       1 gather_cluster_operator_pods_and_events.go:365] Fetching logs for openshift-apiserver-operator container openshift-apiserver-operator-6dc4588658-dps9r pod in namespace openshift-apiserver-operator (previous: false).
2026-01-28T09:31:43.719929107Z I0128 09:31:43.719890       1 gather_cluster_operator_pods_and_events.go:365] Fetching logs for fix-audit-permissions container apiserver-67797656fb-ckghm pod in namespace openshift-apiserver (previous: false).
2026-01-28T09:31:43.791123299Z I0128 09:31:43.791067       1 tasks_processing.go:74] worker 11 stopped.
2026-01-28T09:31:43.791154581Z I0128 09:31:43.791117       1 recorder.go:75] Recording config/installplans with fingerprint=7b887df561a3a9e6ef0dc672845aa5d56e348505006b7496d3a2f83892b0c95b
2026-01-28T09:31:43.791154581Z I0128 09:31:43.791143       1 gather.go:177] gatherer "clusterconfig" function "install_plans" took 11.107219587s to process 1 records
2026-01-28T09:31:43.923300660Z I0128 09:31:43.923243       1 gather_cluster_operator_pods_and_events.go:408] Failed to fetch log for apiserver-67797656fb-ckghm pod in namespace openshift-apiserver for failing operator fix-audit-permissions (previous: false): "container \"fix-audit-permissions\" in pod \"apiserver-67797656fb-ckghm\" is waiting to start: PodInitializing"
2026-01-28T09:31:43.923300660Z I0128 09:31:43.923266       1 gather_cluster_operator_pods_and_events.go:280] Error: "container \"fix-audit-permissions\" in pod \"apiserver-67797656fb-ckghm\" is waiting to start: PodInitializing"
2026-01-28T09:31:43.923300660Z I0128 09:31:43.923275       1 gather_cluster_operator_pods_and_events.go:365] Fetching logs for openshift-apiserver container apiserver-67797656fb-ckghm pod in namespace openshift-apiserver (previous: false).
2026-01-28T09:31:44.116824106Z I0128 09:31:44.116776       1 gather_cluster_operator_pods_and_events.go:408] Failed to fetch log for apiserver-67797656fb-ckghm pod in namespace openshift-apiserver for failing operator openshift-apiserver (previous: false): "container \"openshift-apiserver\" in pod \"apiserver-67797656fb-ckghm\" is waiting to start: PodInitializing"
2026-01-28T09:31:44.116824106Z I0128 09:31:44.116798       1 gather_cluster_operator_pods_and_events.go:280] Error: "container \"openshift-apiserver\" in pod \"apiserver-67797656fb-ckghm\" is waiting to start: PodInitializing"
2026-01-28T09:31:44.116824106Z I0128 09:31:44.116808       1 gather_cluster_operator_pods_and_events.go:365] Fetching logs for openshift-apiserver-check-endpoints container apiserver-67797656fb-ckghm pod in namespace openshift-apiserver (previous: false).
2026-01-28T09:31:44.316756129Z I0128 09:31:44.316708       1 gather_cluster_operator_pods_and_events.go:408] Failed to fetch log for apiserver-67797656fb-ckghm pod in namespace openshift-apiserver for failing operator openshift-apiserver-check-endpoints (previous: false): "container \"openshift-apiserver-check-endpoints\" in pod \"apiserver-67797656fb-ckghm\" is waiting to start: PodInitializing"
2026-01-28T09:31:44.316756129Z I0128 09:31:44.316730       1 gather_cluster_operator_pods_and_events.go:280] Error: "container \"openshift-apiserver-check-endpoints\" in pod \"apiserver-67797656fb-ckghm\" is waiting to start: PodInitializing"
2026-01-28T09:31:44.316756129Z I0128 09:31:44.316743       1 gather_cluster_operator_pods_and_events.go:365] Fetching logs for fix-audit-permissions container apiserver-67797656fb-lzm68 pod in namespace openshift-apiserver (previous: false).
2026-01-28T09:31:44.484355252Z I0128 09:31:44.484123       1 tasks_processing.go:74] worker 10 stopped.
2026-01-28T09:31:44.484434286Z I0128 09:31:44.484418       1 recorder.go:75] Recording config/serviceaccounts with fingerprint=41a2f2c75385207fe373955a3481e2ef706cce5a354c93d4d8d34d95dca95e15
2026-01-28T09:31:44.484445687Z I0128 09:31:44.484437       1 gather.go:177] gatherer "clusterconfig" function "service_accounts" took 11.804509292s to process 1 records
2026-01-28T09:31:44.516192248Z I0128 09:31:44.516155       1 gather_cluster_operator_pods_and_events.go:408] Failed to fetch log for apiserver-67797656fb-lzm68 pod in namespace openshift-apiserver for failing operator fix-audit-permissions (previous: false): "container \"fix-audit-permissions\" in pod \"apiserver-67797656fb-lzm68\" is waiting to start: PodInitializing"
2026-01-28T09:31:44.516192248Z I0128 09:31:44.516173       1 gather_cluster_operator_pods_and_events.go:280] Error: "container \"fix-audit-permissions\" in pod \"apiserver-67797656fb-lzm68\" is waiting to start: PodInitializing"
2026-01-28T09:31:44.516192248Z I0128 09:31:44.516182       1 gather_cluster_operator_pods_and_events.go:365] Fetching logs for openshift-apiserver container apiserver-67797656fb-lzm68 pod in namespace openshift-apiserver (previous: false).
2026-01-28T09:31:44.715385304Z I0128 09:31:44.715338       1 gather_cluster_operator_pods_and_events.go:408] Failed to fetch log for apiserver-67797656fb-lzm68 pod in namespace openshift-apiserver for failing operator openshift-apiserver (previous: false): "container \"openshift-apiserver\" in pod \"apiserver-67797656fb-lzm68\" is waiting to start: PodInitializing"
2026-01-28T09:31:44.715385304Z I0128 09:31:44.715359       1 gather_cluster_operator_pods_and_events.go:280] Error: "container \"openshift-apiserver\" in pod \"apiserver-67797656fb-lzm68\" is waiting to start: PodInitializing"
2026-01-28T09:31:44.715385304Z I0128 09:31:44.715368       1 gather_cluster_operator_pods_and_events.go:365] Fetching logs for openshift-apiserver-check-endpoints container apiserver-67797656fb-lzm68 pod in namespace openshift-apiserver (previous: false).
2026-01-28T09:31:44.915683205Z I0128 09:31:44.915610       1 gather_cluster_operator_pods_and_events.go:408] Failed to fetch log for apiserver-67797656fb-lzm68 pod in namespace openshift-apiserver for failing operator openshift-apiserver-check-endpoints (previous: false): "container \"openshift-apiserver-check-endpoints\" in pod \"apiserver-67797656fb-lzm68\" is waiting to start: PodInitializing"
2026-01-28T09:31:44.915683205Z I0128 09:31:44.915636       1 gather_cluster_operator_pods_and_events.go:280] Error: "container \"openshift-apiserver-check-endpoints\" in pod \"apiserver-67797656fb-lzm68\" is waiting to start: PodInitializing"
2026-01-28T09:31:44.915683205Z I0128 09:31:44.915653       1 gather_cluster_operator_pods_and_events.go:365] Fetching logs for fix-audit-permissions container apiserver-bd64768ff-xqh89 pod in namespace openshift-apiserver (previous: false).
2026-01-28T09:31:45.116816738Z I0128 09:31:45.116769       1 gather_cluster_operator_pods_and_events.go:280] Error: "log buffer is empty"
2026-01-28T09:31:45.116816738Z I0128 09:31:45.116792       1 gather_cluster_operator_pods_and_events.go:365] Fetching logs for openshift-apiserver container apiserver-bd64768ff-xqh89 pod in namespace openshift-apiserver (previous: false).
2026-01-28T09:31:45.316623205Z I0128 09:31:45.316567       1 gather_cluster_operator_pods_and_events.go:408] Failed to fetch log for apiserver-bd64768ff-xqh89 pod in namespace openshift-apiserver for failing operator openshift-apiserver (previous: false): "container \"openshift-apiserver\" in pod \"apiserver-bd64768ff-xqh89\" is waiting to start: PodInitializing"
2026-01-28T09:31:45.316623205Z I0128 09:31:45.316588       1 gather_cluster_operator_pods_and_events.go:280] Error: "container \"openshift-apiserver\" in pod \"apiserver-bd64768ff-xqh89\" is waiting to start: PodInitializing"
2026-01-28T09:31:45.316623205Z I0128 09:31:45.316598       1 gather_cluster_operator_pods_and_events.go:365] Fetching logs for openshift-apiserver-check-endpoints container apiserver-bd64768ff-xqh89 pod in namespace openshift-apiserver (previous: false).
2026-01-28T09:31:45.493492717Z I0128 09:31:45.493300       1 configmapobserver.go:84] configmaps "insights-config" not found
2026-01-28T09:31:45.516708146Z I0128 09:31:45.516654       1 gather_cluster_operator_pods_and_events.go:408] Failed to fetch log for apiserver-bd64768ff-xqh89 pod in namespace openshift-apiserver for failing operator openshift-apiserver-check-endpoints (previous: false): "container \"openshift-apiserver-check-endpoints\" in pod \"apiserver-bd64768ff-xqh89\" is waiting to start: PodInitializing"
2026-01-28T09:31:45.516708146Z I0128 09:31:45.516673       1 gather_cluster_operator_pods_and_events.go:280] Error: "container \"openshift-apiserver-check-endpoints\" in pod \"apiserver-bd64768ff-xqh89\" is waiting to start: PodInitializing"
2026-01-28T09:31:45.516708146Z I0128 09:31:45.516685       1 gather_cluster_operator_pods_and_events.go:365] Fetching logs for etcd-operator container etcd-operator-86dcff847c-dnhnc pod in namespace openshift-etcd-operator (previous: false).
2026-01-28T09:31:45.719507621Z I0128 09:31:45.719465       1 gather_cluster_operator_pods_and_events.go:365] Fetching logs for cluster-storage-operator container cluster-storage-operator-97b755d8c-z5w4v pod in namespace openshift-cluster-storage-operator (previous: false).
2026-01-28T09:31:45.920115358Z I0128 09:31:45.920081       1 gather_cluster_operator_pods_and_events.go:365] Fetching logs for csi-snapshot-controller-operator container csi-snapshot-controller-operator-694c5957bf-qjh54 pod in namespace openshift-cluster-storage-operator (previous: false).
2026-01-28T09:31:46.115617451Z I0128 09:31:46.115574       1 gather_cluster_operator_pods_and_events.go:408] Failed to fetch log for csi-snapshot-controller-operator-694c5957bf-qjh54 pod in namespace openshift-cluster-storage-operator for failing operator csi-snapshot-controller-operator (previous: false): "container \"csi-snapshot-controller-operator\" in pod \"csi-snapshot-controller-operator-694c5957bf-qjh54\" is waiting to start: ContainerCreating"
2026-01-28T09:31:46.115683625Z I0128 09:31:46.115668       1 gather_cluster_operator_pods_and_events.go:280] Error: "container \"csi-snapshot-controller-operator\" in pod \"csi-snapshot-controller-operator-694c5957bf-qjh54\" is waiting to start: ContainerCreating"
2026-01-28T09:31:46.115726587Z I0128 09:31:46.115704       1 gather_cluster_operator_pods_and_events.go:365] Fetching logs for volume-data-source-validator container volume-data-source-validator-59d66bc9fd-wgkdh pod in namespace openshift-cluster-storage-operator (previous: false).
2026-01-28T09:31:46.260529332Z I0128 09:31:46.260474       1 observer_polling.go:111] Observed file "/var/run/configmaps/service-ca-bundle/service-ca.crt" has been created (hash="c5c9bf578203a76f81cecfa7698babbdf99019fdee3bfab5723ecede3f891f4d")
2026-01-28T09:31:46.260529332Z W0128 09:31:46.260517       1 builder.go:160] Restart triggered because of file /var/run/configmaps/service-ca-bundle/service-ca.crt was created
2026-01-28T09:31:46.260599495Z I0128 09:31:46.260579       1 observer_polling.go:111] Observed file "/var/run/secrets/serving-cert/tls.crt" has been created (hash="c27d5935ec4099b50f7a5012aae926df011671a512e7498e7393387c80813a87")
2026-01-28T09:31:46.260611806Z I0128 09:31:46.260594       1 genericapiserver.go:548] "[graceful-termination] shutdown event" name="ShutdownInitiated"
2026-01-28T09:31:46.260651328Z I0128 09:31:46.260632       1 observer_polling.go:111] Observed file "/var/run/secrets/serving-cert/tls.key" has been created (hash="84d5e11caad788fb96ea06cfc783f5f110f7666766e47485820b75c53cc12353")
2026-01-28T09:31:46.260775154Z I0128 09:31:46.260754       1 base_controller.go:181] Shutting down LoggingSyncer ...
