2026-01-28T09:44:49.165937348Z I0128 09:44:49.165861       1 main.go:259] Console plugins are enabled in following order:
2026-01-28T09:44:49.165937348Z I0128 09:44:49.165909       1 main.go:261]  - networking-console-plugin
2026-01-28T09:44:49.165937348Z I0128 09:44:49.165918       1 main.go:261]  - monitoring-plugin
2026-01-28T09:44:49.166084141Z I0128 09:44:49.165962       1 main.go:302] Console telemetry options:
2026-01-28T09:44:49.166084141Z I0128 09:44:49.165977       1 main.go:304]  - CLUSTER_ID 96983e5a-aa89-4958-9381-7fe3039d16f2
2026-01-28T09:44:49.166084141Z I0128 09:44:49.165982       1 main.go:304]  - SEGMENT_API_HOST console.redhat.com/connections/api/v1
2026-01-28T09:44:49.166084141Z I0128 09:44:49.165990       1 main.go:304]  - SEGMENT_JS_HOST console.redhat.com/connections/cdn
2026-01-28T09:44:49.166084141Z I0128 09:44:49.165993       1 main.go:304]  - SEGMENT_PUBLIC_API_KEY BnuS1RP39EmLQjP21ko67oDjhbl9zpNU
2026-01-28T09:44:49.166084141Z I0128 09:44:49.165997       1 main.go:304]  - TELEMETER_CLIENT_DISABLED true
2026-01-28T09:44:49.166084141Z W0128 09:44:49.166002       1 authoptions.go:112] Flag inactivity-timeout is set to less then 300 seconds and will be ignored!
2026-01-28T09:44:49.166550661Z I0128 09:44:49.166528       1 envvar.go:172] "Feature gate default state" feature="ClientsPreferCBOR" enabled=false
2026-01-28T09:44:49.166550661Z I0128 09:44:49.166545       1 envvar.go:172] "Feature gate default state" feature="InformerResourceVersion" enabled=false
2026-01-28T09:44:49.166560971Z I0128 09:44:49.166550       1 envvar.go:172] "Feature gate default state" feature="InOrderInformers" enabled=true
2026-01-28T09:44:49.166560971Z I0128 09:44:49.166554       1 envvar.go:172] "Feature gate default state" feature="WatchListClient" enabled=false
2026-01-28T09:44:49.166560971Z I0128 09:44:49.166557       1 envvar.go:172] "Feature gate default state" feature="ClientsAllowCBOR" enabled=false
2026-01-28T09:46:59.210918669Z I0128 09:46:59.210842       1 main.go:718] Binding to [::]:8443...
2026-01-28T09:46:59.210918669Z I0128 09:46:59.210866       1 main.go:723] Using TLS
2026-01-28T09:47:02.212995709Z I0128 09:47:02.212946       1 metrics.go:133] serverconfig.Metrics: Update ConsolePlugin metrics...
2026-01-28T09:47:02.224205297Z I0128 09:47:02.224151       1 metrics.go:143] serverconfig.Metrics: Update ConsolePlugin metrics: &map[monitoring:map[enabled:1] networking:map[enabled:1]] (took 11.164527ms)
2026-01-28T09:47:04.211315507Z I0128 09:47:04.211254       1 metrics.go:80] usage.Metrics: Count console users...
2026-01-28T09:47:04.318374155Z I0128 09:47:04.318302       1 metrics.go:156] usage.Metrics: Update console users metrics: 0 kubeadmin, 0 cluster-admins, 0 developers, 0 unknown/errors (took 107.007907ms)
