2026-01-28T09:42:18.463144005Z + [[ -f /env/_master ]]
2026-01-28T09:42:18.463144005Z + . /ovnkube-lib/ovnkube-lib.sh
2026-01-28T09:42:18.463235210Z ++ set -x
2026-01-28T09:42:18.463235210Z ++ K8S_NODE=
2026-01-28T09:42:18.463235210Z ++ [[ -n '' ]]
2026-01-28T09:42:18.463235210Z ++ northd_pidfile=/var/run/ovn/ovn-northd.pid
2026-01-28T09:42:18.463235210Z ++ controller_pidfile=/var/run/ovn/ovn-controller.pid
2026-01-28T09:42:18.463235210Z ++ controller_logfile=/var/log/ovn/acl-audit-log.log
2026-01-28T09:42:18.463249071Z ++ vswitch_dbsock=/var/run/openvswitch/db.sock
2026-01-28T09:42:18.463249071Z ++ nbdb_pidfile=/var/run/ovn/ovnnb_db.pid
2026-01-28T09:42:18.463259722Z ++ nbdb_sock=/var/run/ovn/ovnnb_db.sock
2026-01-28T09:42:18.463259722Z ++ nbdb_ctl=/var/run/ovn/ovnnb_db.ctl
2026-01-28T09:42:18.463269922Z ++ sbdb_pidfile=/var/run/ovn/ovnsb_db.pid
2026-01-28T09:42:18.463280043Z ++ sbdb_sock=/var/run/ovn/ovnsb_db.sock
2026-01-28T09:42:18.463280043Z ++ sbdb_ctl=/var/run/ovn/ovnsb_db.ctl
2026-01-28T09:42:18.464198337Z + trap quit-sbdb TERM INT
2026-01-28T09:42:18.464217847Z + start-sbdb info
2026-01-28T09:42:18.464228278Z + local log_level=info
2026-01-28T09:42:18.464228278Z + [[ 1 -ne 1 ]]
2026-01-28T09:42:18.464415959Z + wait 3280
2026-01-28T09:42:18.464486483Z + exec /usr/share/ovn/scripts/ovn-ctl --no-monitor --db-sb-sock=/var/run/ovn/ovnsb_db.sock '--ovn-sb-log=-vconsole:info -vfile:off -vPATTERN:console:%D{%Y-%m-%dT%H:%M:%S.###Z}|%05N|%c%T|%p|%m' run_sb_ovsdb
2026-01-28T09:42:18.512072656Z /etc/ovn/ovnsb_db.db does not exist ... (warning).
2026-01-28T09:42:18.539894702Z Creating empty database /etc/ovn/ovnsb_db.db.
2026-01-28T09:42:18.558464468Z 2026-01-28T09:42:18.558Z|00001|vlog|INFO|opened log file /var/log/ovn/ovsdb-server-sb.log
2026-01-28T09:42:18.561752050Z 2026-01-28T09:42:18.561Z|00002|ovsdb_server|INFO|ovsdb-server (Open vSwitch) 3.5.2-51.el9fdp
2026-01-28T09:42:28.565155358Z 2026-01-28T09:42:28.565Z|00003|memory|INFO|15568 kB peak resident set size after 10.0 seconds
2026-01-28T09:42:28.565254554Z 2026-01-28T09:42:28.565Z|00004|memory|INFO|atoms:15840 cells:15016 json-caches:2 monitors:5 n-weak-refs:94 sessions:3
