2026-01-28T09:33:24.126050289Z I0128 09:33:24.125902       1 cmd.go:95] &{<nil> true {false} installer true map[cert-configmaps:0xc000933360 cert-dir:0xc000933540 cert-secrets:0xc0009332c0 configmaps:0xc000932e60 namespace:0xc000932c80 optional-cert-configmaps:0xc0009334a0 optional-configmaps:0xc000932fa0 optional-secrets:0xc000932f00 pod:0xc000932d20 pod-manifest-dir:0xc0009330e0 resource-dir:0xc000933040 revision:0xc000932be0 secrets:0xc000932dc0 v:0xc000940000] [0xc000940000 0xc000932be0 0xc000932c80 0xc000932d20 0xc000933040 0xc0009330e0 0xc000932e60 0xc000932fa0 0xc000932dc0 0xc000932f00 0xc000933540 0xc000933360 0xc0009334a0 0xc0009332c0] [] map[cert-configmaps:0xc000933360 cert-dir:0xc000933540 cert-secrets:0xc0009332c0 configmaps:0xc000932e60 help:0xc0009403c0 kubeconfig:0xc000932b40 log-flush-frequency:0xc000933ea0 namespace:0xc000932c80 optional-cert-configmaps:0xc0009334a0 optional-cert-secrets:0xc000933400 optional-configmaps:0xc000932fa0 optional-secrets:0xc000932f00 pod:0xc000932d20 pod-manifest-dir:0xc0009330e0 pod-manifests-lock-file:0xc000933220 resource-dir:0xc000933040 revision:0xc000932be0 secrets:0xc000932dc0 timeout-duration:0xc000933180 v:0xc000940000 vmodule:0xc0009400a0] [0xc000932b40 0xc000932be0 0xc000932c80 0xc000932d20 0xc000932dc0 0xc000932e60 0xc000932f00 0xc000932fa0 0xc000933040 0xc0009330e0 0xc000933180 0xc000933220 0xc0009332c0 0xc000933360 0xc000933400 0xc0009334a0 0xc000933540 0xc000933ea0 0xc000940000 0xc0009400a0 0xc0009403c0] [0xc000933360 0xc000933540 0xc0009332c0 0xc000932e60 0xc0009403c0 0xc000932b40 0xc000933ea0 0xc000932c80 0xc0009334a0 0xc000933400 0xc000932fa0 0xc000932f00 0xc000932d20 0xc0009330e0 0xc000933220 0xc000933040 0xc000932be0 0xc000932dc0 0xc000933180 0xc000940000 0xc0009400a0] map[104:0xc0009403c0 118:0xc000940000] [] -1 0 0xc0007ff860 true 0x77f6c0 []}
2026-01-28T09:33:24.126230023Z I0128 09:33:24.126103       1 cmd.go:96] (*installerpod.InstallOptions)(0xc0007e4680)({
2026-01-28T09:33:24.126230023Z  KubeConfig: (string) "",
2026-01-28T09:33:24.126230023Z  KubeClient: (kubernetes.Interface) <nil>,
2026-01-28T09:33:24.126230023Z  Revision: (string) (len=1) "4",
2026-01-28T09:33:24.126230023Z  NodeName: (string) "",
2026-01-28T09:33:24.126230023Z  Namespace: (string) (len=33) "openshift-kube-controller-manager",
2026-01-28T09:33:24.126230023Z  Clock: (clock.RealClock) {
2026-01-28T09:33:24.126230023Z  },
2026-01-28T09:33:24.126230023Z  PodConfigMapNamePrefix: (string) (len=27) "kube-controller-manager-pod",
2026-01-28T09:33:24.126230023Z  SecretNamePrefixes: ([]string) (len=2 cap=2) {
2026-01-28T09:33:24.126230023Z   (string) (len=27) "service-account-private-key",
2026-01-28T09:33:24.126230023Z   (string) (len=31) "localhost-recovery-client-token"
2026-01-28T09:33:24.126230023Z  },
2026-01-28T09:33:24.126230023Z  OptionalSecretNamePrefixes: ([]string) (len=1 cap=1) {
2026-01-28T09:33:24.126230023Z   (string) (len=12) "serving-cert"
2026-01-28T09:33:24.126230023Z  },
2026-01-28T09:33:24.126230023Z  ConfigMapNamePrefixes: ([]string) (len=8 cap=8) {
2026-01-28T09:33:24.126230023Z   (string) (len=27) "kube-controller-manager-pod",
2026-01-28T09:33:24.126230023Z   (string) (len=6) "config",
2026-01-28T09:33:24.126230023Z   (string) (len=32) "cluster-policy-controller-config",
2026-01-28T09:33:24.126230023Z   (string) (len=29) "controller-manager-kubeconfig",
2026-01-28T09:33:24.126230023Z   (string) (len=38) "kube-controller-cert-syncer-kubeconfig",
2026-01-28T09:33:24.126230023Z   (string) (len=17) "serviceaccount-ca",
2026-01-28T09:33:24.126230023Z   (string) (len=10) "service-ca",
2026-01-28T09:33:24.126230023Z   (string) (len=15) "recycler-config"
2026-01-28T09:33:24.126230023Z  },
2026-01-28T09:33:24.126230023Z  OptionalConfigMapNamePrefixes: ([]string) (len=1 cap=1) {
2026-01-28T09:33:24.126230023Z   (string) (len=12) "cloud-config"
2026-01-28T09:33:24.126230023Z  },
2026-01-28T09:33:24.126230023Z  CertSecretNames: ([]string) (len=2 cap=2) {
2026-01-28T09:33:24.126230023Z   (string) (len=39) "kube-controller-manager-client-cert-key",
2026-01-28T09:33:24.126230023Z   (string) (len=10) "csr-signer"
2026-01-28T09:33:24.126230023Z  },
2026-01-28T09:33:24.126230023Z  OptionalCertSecretNamePrefixes: ([]string) <nil>,
2026-01-28T09:33:24.126230023Z  CertConfigMapNamePrefixes: ([]string) (len=2 cap=2) {
2026-01-28T09:33:24.126230023Z   (string) (len=20) "aggregator-client-ca",
2026-01-28T09:33:24.126230023Z   (string) (len=9) "client-ca"
2026-01-28T09:33:24.126230023Z  },
2026-01-28T09:33:24.126230023Z  OptionalCertConfigMapNamePrefixes: ([]string) (len=1 cap=1) {
2026-01-28T09:33:24.126230023Z   (string) (len=17) "trusted-ca-bundle"
2026-01-28T09:33:24.126230023Z  },
2026-01-28T09:33:24.126230023Z  CertDir: (string) (len=66) "/etc/kubernetes/static-pod-resources/kube-controller-manager-certs",
2026-01-28T09:33:24.126230023Z  ResourceDir: (string) (len=36) "/etc/kubernetes/static-pod-resources",
2026-01-28T09:33:24.126230023Z  PodManifestDir: (string) (len=25) "/etc/kubernetes/manifests",
2026-01-28T09:33:24.126230023Z  Timeout: (time.Duration) 2m0s,
2026-01-28T09:33:24.126230023Z  StaticPodManifestsLockFile: (string) "",
2026-01-28T09:33:24.126230023Z  PodMutationFns: ([]installerpod.PodMutationFunc) <nil>,
2026-01-28T09:33:24.126230023Z  KubeletVersion: (string) ""
2026-01-28T09:33:24.126230023Z })
2026-01-28T09:33:24.126529509Z I0128 09:33:24.126489       1 envvar.go:172] "Feature gate default state" feature="WatchListClient" enabled=false
2026-01-28T09:33:24.126529509Z I0128 09:33:24.126507       1 envvar.go:172] "Feature gate default state" feature="ClientsAllowCBOR" enabled=false
2026-01-28T09:33:24.126546710Z I0128 09:33:24.126514       1 envvar.go:172] "Feature gate default state" feature="ClientsPreferCBOR" enabled=false
2026-01-28T09:33:24.126546710Z I0128 09:33:24.126520       1 envvar.go:172] "Feature gate default state" feature="InformerResourceVersion" enabled=false
2026-01-28T09:33:24.126546710Z I0128 09:33:24.126525       1 envvar.go:172] "Feature gate default state" feature="InOrderInformers" enabled=true
2026-01-28T09:33:24.127178264Z I0128 09:33:24.127145       1 cmd.go:413] Getting controller reference for node ip-10-0-102-200.us-west-1.compute.internal
2026-01-28T09:33:24.220872173Z I0128 09:33:24.220814       1 cmd.go:426] Waiting for installer revisions to settle for node ip-10-0-102-200.us-west-1.compute.internal
2026-01-28T09:33:24.223290858Z I0128 09:33:24.223261       1 cmd.go:518] Waiting additional period after revisions have settled for node ip-10-0-102-200.us-west-1.compute.internal
2026-01-28T09:33:54.223530558Z I0128 09:33:54.223471       1 cmd.go:524] Getting installer pods for node ip-10-0-102-200.us-west-1.compute.internal
2026-01-28T09:33:54.228840417Z I0128 09:33:54.228806       1 cmd.go:542] Latest installer revision for node ip-10-0-102-200.us-west-1.compute.internal is: 4
2026-01-28T09:33:54.228840417Z I0128 09:33:54.228824       1 cmd.go:431] Querying kubelet version for node ip-10-0-102-200.us-west-1.compute.internal
2026-01-28T09:33:54.230523965Z I0128 09:33:54.230498       1 cmd.go:444] Got kubelet version 1.33.6 on target node ip-10-0-102-200.us-west-1.compute.internal
2026-01-28T09:33:54.230544196Z I0128 09:33:54.230520       1 cmd.go:293] Creating target resource directory "/etc/kubernetes/static-pod-resources/kube-controller-manager-pod-4" ...
2026-01-28T09:33:54.230589486Z I0128 09:33:54.230568       1 cmd.go:221] Creating target resource directory "/etc/kubernetes/static-pod-resources/kube-controller-manager-pod-4" ...
2026-01-28T09:33:54.230589486Z I0128 09:33:54.230586       1 cmd.go:229] Getting secrets ...
2026-01-28T09:33:54.232046939Z I0128 09:33:54.232023       1 copy.go:32] Got secret openshift-kube-controller-manager/localhost-recovery-client-token-4
2026-01-28T09:33:54.233635725Z I0128 09:33:54.233604       1 copy.go:32] Got secret openshift-kube-controller-manager/service-account-private-key-4
2026-01-28T09:33:54.235085898Z I0128 09:33:54.235063       1 copy.go:32] Got secret openshift-kube-controller-manager/serving-cert-4
2026-01-28T09:33:54.235138249Z I0128 09:33:54.235127       1 cmd.go:242] Getting config maps ...
2026-01-28T09:33:54.236512500Z I0128 09:33:54.236486       1 copy.go:60] Got configMap openshift-kube-controller-manager/cluster-policy-controller-config-4
2026-01-28T09:33:54.238074745Z I0128 09:33:54.238032       1 copy.go:60] Got configMap openshift-kube-controller-manager/config-4
2026-01-28T09:33:54.239758103Z I0128 09:33:54.239734       1 copy.go:60] Got configMap openshift-kube-controller-manager/controller-manager-kubeconfig-4
2026-01-28T09:33:54.241410670Z I0128 09:33:54.241391       1 copy.go:60] Got configMap openshift-kube-controller-manager/kube-controller-cert-syncer-kubeconfig-4
2026-01-28T09:33:54.243034356Z I0128 09:33:54.242999       1 copy.go:60] Got configMap openshift-kube-controller-manager/kube-controller-manager-pod-4
2026-01-28T09:33:54.425749183Z I0128 09:33:54.425713       1 copy.go:60] Got configMap openshift-kube-controller-manager/recycler-config-4
2026-01-28T09:33:54.626156056Z I0128 09:33:54.626108       1 copy.go:60] Got configMap openshift-kube-controller-manager/service-ca-4
2026-01-28T09:33:54.827885390Z I0128 09:33:54.827831       1 copy.go:60] Got configMap openshift-kube-controller-manager/serviceaccount-ca-4
2026-01-28T09:33:55.025966492Z I0128 09:33:55.025928       1 copy.go:52] Failed to get config map openshift-kube-controller-manager/cloud-config-4: configmaps "cloud-config-4" not found
2026-01-28T09:33:55.025966492Z I0128 09:33:55.025949       1 cmd.go:261] Creating directory "/etc/kubernetes/static-pod-resources/kube-controller-manager-pod-4/secrets/localhost-recovery-client-token" ...
2026-01-28T09:33:55.025999753Z I0128 09:33:55.025987       1 cmd.go:639] Writing secret manifest "/etc/kubernetes/static-pod-resources/kube-controller-manager-pod-4/secrets/localhost-recovery-client-token/ca.crt" ...
2026-01-28T09:33:55.026186857Z I0128 09:33:55.026162       1 cmd.go:639] Writing secret manifest "/etc/kubernetes/static-pod-resources/kube-controller-manager-pod-4/secrets/localhost-recovery-client-token/namespace" ...
2026-01-28T09:33:55.026285279Z I0128 09:33:55.026266       1 cmd.go:639] Writing secret manifest "/etc/kubernetes/static-pod-resources/kube-controller-manager-pod-4/secrets/localhost-recovery-client-token/token" ...
2026-01-28T09:33:55.026405342Z I0128 09:33:55.026389       1 cmd.go:261] Creating directory "/etc/kubernetes/static-pod-resources/kube-controller-manager-pod-4/secrets/service-account-private-key" ...
2026-01-28T09:33:55.026414592Z I0128 09:33:55.026408       1 cmd.go:639] Writing secret manifest "/etc/kubernetes/static-pod-resources/kube-controller-manager-pod-4/secrets/service-account-private-key/service-account.key" ...
2026-01-28T09:33:55.026522784Z I0128 09:33:55.026506       1 cmd.go:261] Creating directory "/etc/kubernetes/static-pod-resources/kube-controller-manager-pod-4/secrets/serving-cert" ...
2026-01-28T09:33:55.026531925Z I0128 09:33:55.026524       1 cmd.go:639] Writing secret manifest "/etc/kubernetes/static-pod-resources/kube-controller-manager-pod-4/secrets/serving-cert/tls.crt" ...
2026-01-28T09:33:55.026648207Z I0128 09:33:55.026629       1 cmd.go:639] Writing secret manifest "/etc/kubernetes/static-pod-resources/kube-controller-manager-pod-4/secrets/serving-cert/tls.key" ...
2026-01-28T09:33:55.026758760Z I0128 09:33:55.026740       1 cmd.go:277] Creating directory "/etc/kubernetes/static-pod-resources/kube-controller-manager-pod-4/configmaps/cluster-policy-controller-config" ...
2026-01-28T09:33:55.026822231Z I0128 09:33:55.026780       1 cmd.go:629] Writing config file "/etc/kubernetes/static-pod-resources/kube-controller-manager-pod-4/configmaps/cluster-policy-controller-config/config.yaml" ...
2026-01-28T09:33:55.026953164Z I0128 09:33:55.026918       1 cmd.go:277] Creating directory "/etc/kubernetes/static-pod-resources/kube-controller-manager-pod-4/configmaps/config" ...
2026-01-28T09:33:55.026953164Z I0128 09:33:55.026939       1 cmd.go:629] Writing config file "/etc/kubernetes/static-pod-resources/kube-controller-manager-pod-4/configmaps/config/config.yaml" ...
2026-01-28T09:33:55.027048426Z I0128 09:33:55.027032       1 cmd.go:277] Creating directory "/etc/kubernetes/static-pod-resources/kube-controller-manager-pod-4/configmaps/controller-manager-kubeconfig" ...
2026-01-28T09:33:55.027058677Z I0128 09:33:55.027052       1 cmd.go:629] Writing config file "/etc/kubernetes/static-pod-resources/kube-controller-manager-pod-4/configmaps/controller-manager-kubeconfig/kubeconfig" ...
2026-01-28T09:33:55.027204640Z I0128 09:33:55.027188       1 cmd.go:277] Creating directory "/etc/kubernetes/static-pod-resources/kube-controller-manager-pod-4/configmaps/kube-controller-cert-syncer-kubeconfig" ...
2026-01-28T09:33:55.027217380Z I0128 09:33:55.027209       1 cmd.go:629] Writing config file "/etc/kubernetes/static-pod-resources/kube-controller-manager-pod-4/configmaps/kube-controller-cert-syncer-kubeconfig/kubeconfig" ...
2026-01-28T09:33:55.027316092Z I0128 09:33:55.027300       1 cmd.go:277] Creating directory "/etc/kubernetes/static-pod-resources/kube-controller-manager-pod-4/configmaps/kube-controller-manager-pod" ...
2026-01-28T09:33:55.027328183Z I0128 09:33:55.027321       1 cmd.go:629] Writing config file "/etc/kubernetes/static-pod-resources/kube-controller-manager-pod-4/configmaps/kube-controller-manager-pod/forceRedeploymentReason" ...
2026-01-28T09:33:55.027413524Z I0128 09:33:55.027395       1 cmd.go:629] Writing config file "/etc/kubernetes/static-pod-resources/kube-controller-manager-pod-4/configmaps/kube-controller-manager-pod/pod.yaml" ...
2026-01-28T09:33:55.027504667Z I0128 09:33:55.027487       1 cmd.go:629] Writing config file "/etc/kubernetes/static-pod-resources/kube-controller-manager-pod-4/configmaps/kube-controller-manager-pod/version" ...
2026-01-28T09:33:55.027587708Z I0128 09:33:55.027570       1 cmd.go:277] Creating directory "/etc/kubernetes/static-pod-resources/kube-controller-manager-pod-4/configmaps/recycler-config" ...
2026-01-28T09:33:55.027596969Z I0128 09:33:55.027589       1 cmd.go:629] Writing config file "/etc/kubernetes/static-pod-resources/kube-controller-manager-pod-4/configmaps/recycler-config/recycler-pod.yaml" ...
2026-01-28T09:33:55.027684111Z I0128 09:33:55.027670       1 cmd.go:277] Creating directory "/etc/kubernetes/static-pod-resources/kube-controller-manager-pod-4/configmaps/service-ca" ...
2026-01-28T09:33:55.027694191Z I0128 09:33:55.027689       1 cmd.go:629] Writing config file "/etc/kubernetes/static-pod-resources/kube-controller-manager-pod-4/configmaps/service-ca/ca-bundle.crt" ...
2026-01-28T09:33:55.027786343Z I0128 09:33:55.027771       1 cmd.go:277] Creating directory "/etc/kubernetes/static-pod-resources/kube-controller-manager-pod-4/configmaps/serviceaccount-ca" ...
2026-01-28T09:33:55.027812553Z I0128 09:33:55.027797       1 cmd.go:629] Writing config file "/etc/kubernetes/static-pod-resources/kube-controller-manager-pod-4/configmaps/serviceaccount-ca/ca-bundle.crt" ...
2026-01-28T09:33:55.027900795Z I0128 09:33:55.027885       1 cmd.go:221] Creating target resource directory "/etc/kubernetes/static-pod-resources/kube-controller-manager-certs" ...
2026-01-28T09:33:55.027911865Z I0128 09:33:55.027905       1 cmd.go:229] Getting secrets ...
2026-01-28T09:33:55.226069579Z I0128 09:33:55.226038       1 copy.go:32] Got secret openshift-kube-controller-manager/csr-signer
2026-01-28T09:33:55.426542544Z I0128 09:33:55.426499       1 copy.go:32] Got secret openshift-kube-controller-manager/kube-controller-manager-client-cert-key
2026-01-28T09:33:55.426594585Z I0128 09:33:55.426548       1 cmd.go:242] Getting config maps ...
2026-01-28T09:33:55.625814022Z I0128 09:33:55.625778       1 copy.go:60] Got configMap openshift-kube-controller-manager/aggregator-client-ca
2026-01-28T09:33:55.825828428Z I0128 09:33:55.825768       1 copy.go:52] Failed to get config map openshift-kube-controller-manager/client-ca: configmaps "client-ca" not found
2026-01-28T09:33:56.028353249Z F0128 09:33:56.028311       1 cmd.go:109] failed to copy: configmaps "client-ca" not found
