2026-01-28T09:42:11.843399942Z ++ K8S_NODE=
2026-01-28T09:42:11.843399942Z ++ [[ -n '' ]]
2026-01-28T09:42:11.843496058Z ++ northd_pidfile=/var/run/ovn/ovn-northd.pid
2026-01-28T09:42:11.843496058Z ++ controller_pidfile=/var/run/ovn/ovn-controller.pid
2026-01-28T09:42:11.843496058Z ++ controller_logfile=/var/log/ovn/acl-audit-log.log
2026-01-28T09:42:11.843496058Z ++ vswitch_dbsock=/var/run/openvswitch/db.sock
2026-01-28T09:42:11.843496058Z ++ nbdb_pidfile=/var/run/ovn/ovnnb_db.pid
2026-01-28T09:42:11.843496058Z ++ nbdb_sock=/var/run/ovn/ovnnb_db.sock
2026-01-28T09:42:11.843496058Z ++ nbdb_ctl=/var/run/ovn/ovnnb_db.ctl
2026-01-28T09:42:11.843496058Z ++ sbdb_pidfile=/var/run/ovn/ovnsb_db.pid
2026-01-28T09:42:11.843496058Z ++ sbdb_sock=/var/run/ovn/ovnsb_db.sock
2026-01-28T09:42:11.843496058Z ++ sbdb_ctl=/var/run/ovn/ovnsb_db.ctl
2026-01-28T09:42:11.845004996Z + start-audit-log-rotation
2026-01-28T09:42:11.845104302Z + MAXFILESIZE=50000000
2026-01-28T09:42:11.845136824Z + MAXLOGFILES=5
2026-01-28T09:42:11.845556319Z ++ dirname /var/log/ovn/acl-audit-log.log
2026-01-28T09:42:11.848391066Z + LOGDIR=/var/log/ovn
2026-01-28T09:42:11.848438929Z + local retries=0
2026-01-28T09:42:11.848474671Z + [[ 30 -gt 0 ]]
2026-01-28T09:42:11.848504742Z + ((  retries += 1  ))
2026-01-28T09:42:11.848923667Z ++ cat /var/run/ovn/ovn-controller.pid
2026-01-28T09:42:11.850854651Z + CONTROLLERPID=2997
2026-01-28T09:42:11.850907004Z + [[ -n 2997 ]]
2026-01-28T09:42:11.850938236Z + break
2026-01-28T09:42:11.850971508Z + [[ -z 2997 ]]
2026-01-28T09:42:11.851169049Z + true
2026-01-28T09:42:11.851239014Z + '[' -f /var/log/ovn/acl-audit-log.log ']'
2026-01-28T09:42:11.851571263Z + tail -F /var/log/ovn/acl-audit-log.log
2026-01-28T09:42:11.852012099Z ++ du -b /var/log/ovn/acl-audit-log.log
2026-01-28T09:42:11.852371450Z ++ cut '-d ' -f1
2026-01-28T09:42:11.852440764Z ++ tr -s '\t' ' '
2026-01-28T09:42:11.867555024Z + file_size=0
2026-01-28T09:42:11.867632189Z + '[' 0 -gt 50000000 ']'
2026-01-28T09:42:11.868613217Z ++ ls -1 /var/log/ovn/acl-audit-log.log
2026-01-28T09:42:11.868854371Z ++ wc -l
2026-01-28T09:42:11.884041495Z + num_files=1
2026-01-28T09:42:11.884123130Z + '[' 1 -gt 5 ']'
2026-01-28T09:42:11.884159602Z + sleep 30
2026-01-28T09:42:41.888247275Z + true
2026-01-28T09:42:41.888338740Z + '[' -f /var/log/ovn/acl-audit-log.log ']'
2026-01-28T09:42:41.889393103Z ++ tr -s '\t' ' '
2026-01-28T09:42:41.889501389Z ++ cut '-d ' -f1
2026-01-28T09:42:41.889823468Z ++ du -b /var/log/ovn/acl-audit-log.log
2026-01-28T09:42:41.891950585Z + file_size=0
2026-01-28T09:42:41.891979457Z + '[' 0 -gt 50000000 ']'
2026-01-28T09:42:41.892624075Z ++ ls -1 /var/log/ovn/acl-audit-log.log
2026-01-28T09:42:41.892657847Z ++ wc -l
2026-01-28T09:42:41.894476175Z + num_files=1
2026-01-28T09:42:41.894496346Z + '[' 1 -gt 5 ']'
2026-01-28T09:42:41.894496346Z + sleep 30
2026-01-28T09:43:11.896480298Z + true
2026-01-28T09:43:11.896541312Z + '[' -f /var/log/ovn/acl-audit-log.log ']'
2026-01-28T09:43:11.897123487Z ++ du -b /var/log/ovn/acl-audit-log.log
2026-01-28T09:43:11.897285587Z ++ tr -s '\t' ' '
2026-01-28T09:43:11.897441036Z ++ cut '-d ' -f1
2026-01-28T09:43:11.899327030Z + file_size=0
2026-01-28T09:43:11.899355382Z + '[' 0 -gt 50000000 ']'
2026-01-28T09:43:11.899917116Z ++ ls -1 /var/log/ovn/acl-audit-log.log
2026-01-28T09:43:11.899994530Z ++ wc -l
2026-01-28T09:43:11.901812340Z + num_files=1
2026-01-28T09:43:11.901812340Z + '[' 1 -gt 5 ']'
2026-01-28T09:43:11.901843641Z + sleep 30
2026-01-28T09:43:41.903448374Z + true
2026-01-28T09:43:41.903448374Z + '[' -f /var/log/ovn/acl-audit-log.log ']'
2026-01-28T09:43:41.904088582Z ++ du -b /var/log/ovn/acl-audit-log.log
2026-01-28T09:43:41.904270773Z ++ tr -s '\t' ' '
2026-01-28T09:43:41.904447964Z ++ cut '-d ' -f1
2026-01-28T09:43:41.906476296Z + file_size=0
2026-01-28T09:43:41.906504527Z + '[' 0 -gt 50000000 ']'
2026-01-28T09:43:41.907074101Z ++ ls -1 /var/log/ovn/acl-audit-log.log
2026-01-28T09:43:41.907173138Z ++ wc -l
2026-01-28T09:43:41.908984646Z + num_files=1
2026-01-28T09:43:41.908984646Z + '[' 1 -gt 5 ']'
2026-01-28T09:43:41.909014538Z + sleep 30
2026-01-28T09:44:11.910527760Z + true
2026-01-28T09:44:11.910603994Z + '[' -f /var/log/ovn/acl-audit-log.log ']'
2026-01-28T09:44:11.911147957Z ++ du -b /var/log/ovn/acl-audit-log.log
2026-01-28T09:44:11.911288336Z ++ tr -s '\t' ' '
2026-01-28T09:44:11.911463176Z ++ cut '-d ' -f1
2026-01-28T09:44:11.913205901Z + file_size=0
2026-01-28T09:44:11.913238063Z + '[' 0 -gt 50000000 ']'
2026-01-28T09:44:11.913751824Z ++ ls -1 /var/log/ovn/acl-audit-log.log
2026-01-28T09:44:11.913813477Z ++ wc -l
2026-01-28T09:44:11.915328218Z + num_files=1
2026-01-28T09:44:11.915353040Z + '[' 1 -gt 5 ']'
2026-01-28T09:44:11.915353040Z + sleep 30
2026-01-28T09:44:41.917324599Z + true
2026-01-28T09:44:41.917324599Z + '[' -f /var/log/ovn/acl-audit-log.log ']'
2026-01-28T09:44:41.917990119Z ++ du -b /var/log/ovn/acl-audit-log.log
2026-01-28T09:44:41.918131328Z ++ tr -s '\t' ' '
2026-01-28T09:44:41.918319439Z ++ cut '-d ' -f1
2026-01-28T09:44:41.920097956Z + file_size=0
2026-01-28T09:44:41.920122507Z + '[' 0 -gt 50000000 ']'
2026-01-28T09:44:41.920611807Z ++ ls -1 /var/log/ovn/acl-audit-log.log
2026-01-28T09:44:41.920753076Z ++ wc -l
2026-01-28T09:44:41.922227384Z + num_files=1
2026-01-28T09:44:41.922255336Z + '[' 1 -gt 5 ']'
2026-01-28T09:44:41.922255336Z + sleep 30
2026-01-28T09:45:11.923809299Z + true
2026-01-28T09:45:11.923809299Z + '[' -f /var/log/ovn/acl-audit-log.log ']'
2026-01-28T09:45:11.924374423Z ++ du -b /var/log/ovn/acl-audit-log.log
2026-01-28T09:45:11.924528972Z ++ tr -s '\t' ' '
2026-01-28T09:45:11.924689271Z ++ cut '-d ' -f1
2026-01-28T09:45:11.926457407Z + file_size=0
2026-01-28T09:45:11.926487779Z + '[' 0 -gt 50000000 ']'
2026-01-28T09:45:11.927008230Z ++ ls -1 /var/log/ovn/acl-audit-log.log
2026-01-28T09:45:11.927088875Z ++ wc -l
2026-01-28T09:45:11.928543561Z + num_files=1
2026-01-28T09:45:11.928571273Z + '[' 1 -gt 5 ']'
2026-01-28T09:45:11.928571273Z + sleep 30
2026-01-28T09:45:41.930288148Z + true
2026-01-28T09:45:41.930388794Z + '[' -f /var/log/ovn/acl-audit-log.log ']'
2026-01-28T09:45:41.931253213Z ++ du -b /var/log/ovn/acl-audit-log.log
2026-01-28T09:45:41.931478996Z ++ tr -s '\t' ' '
2026-01-28T09:45:41.931555290Z ++ cut '-d ' -f1
2026-01-28T09:45:41.933261968Z + file_size=0
2026-01-28T09:45:41.933294630Z + '[' 0 -gt 50000000 ']'
2026-01-28T09:45:41.933808769Z ++ ls -1 /var/log/ovn/acl-audit-log.log
2026-01-28T09:45:41.933888334Z ++ wc -l
2026-01-28T09:45:41.935394309Z + num_files=1
2026-01-28T09:45:41.935429381Z + '[' 1 -gt 5 ']'
2026-01-28T09:45:41.935429381Z + sleep 30
2026-01-28T09:46:11.937040629Z + true
2026-01-28T09:46:11.937040629Z + '[' -f /var/log/ovn/acl-audit-log.log ']'
2026-01-28T09:46:11.937769942Z ++ du -b /var/log/ovn/acl-audit-log.log
2026-01-28T09:46:11.937939152Z ++ tr -s '\t' ' '
2026-01-28T09:46:11.938126613Z ++ cut '-d ' -f1
2026-01-28T09:46:11.940147932Z + file_size=0
2026-01-28T09:46:11.940178393Z + '[' 0 -gt 50000000 ']'
2026-01-28T09:46:11.940758608Z ++ ls -1 /var/log/ovn/acl-audit-log.log
2026-01-28T09:46:11.940853063Z ++ wc -l
2026-01-28T09:46:11.942833160Z + num_files=1
2026-01-28T09:46:11.942861491Z + '[' 1 -gt 5 ']'
2026-01-28T09:46:11.942861491Z + sleep 30
2026-01-28T09:46:41.944497026Z + true
2026-01-28T09:46:41.944497026Z + '[' -f /var/log/ovn/acl-audit-log.log ']'
2026-01-28T09:46:41.945141284Z ++ du -b /var/log/ovn/acl-audit-log.log
2026-01-28T09:46:41.945312484Z ++ tr -s '\t' ' '
2026-01-28T09:46:41.945494824Z ++ cut '-d ' -f1
2026-01-28T09:46:41.947155822Z + file_size=0
2026-01-28T09:46:41.947181014Z + '[' 0 -gt 50000000 ']'
2026-01-28T09:46:41.947699405Z ++ ls -1 /var/log/ovn/acl-audit-log.log
2026-01-28T09:46:41.947811211Z ++ wc -l
2026-01-28T09:46:41.949284648Z + num_files=1
2026-01-28T09:46:41.949312530Z + '[' 1 -gt 5 ']'
2026-01-28T09:46:41.949312530Z + sleep 30
2026-01-28T09:47:11.950923513Z + true
2026-01-28T09:47:11.950923513Z + '[' -f /var/log/ovn/acl-audit-log.log ']'
2026-01-28T09:47:11.951535561Z ++ du -b /var/log/ovn/acl-audit-log.log
2026-01-28T09:47:11.951657688Z ++ tr -s '\t' ' '
2026-01-28T09:47:11.951888562Z ++ cut '-d ' -f1
2026-01-28T09:47:11.953585046Z + file_size=0
2026-01-28T09:47:11.953616277Z + '[' 0 -gt 50000000 ']'
2026-01-28T09:47:11.954135999Z ++ ls -1 /var/log/ovn/acl-audit-log.log
2026-01-28T09:47:11.954195773Z ++ wc -l
2026-01-28T09:47:11.955693395Z + num_files=1
2026-01-28T09:47:11.955722096Z + '[' 1 -gt 5 ']'
2026-01-28T09:47:11.955722096Z + sleep 30
2026-01-28T09:47:41.957210610Z + true
2026-01-28T09:47:41.957271793Z + '[' -f /var/log/ovn/acl-audit-log.log ']'
2026-01-28T09:47:41.957877189Z ++ du -b /var/log/ovn/acl-audit-log.log
2026-01-28T09:47:41.958033518Z ++ tr -s '\t' ' '
2026-01-28T09:47:41.958216539Z ++ cut '-d ' -f1
2026-01-28T09:47:41.959909229Z + file_size=0
2026-01-28T09:47:41.959935350Z + '[' 0 -gt 50000000 ']'
2026-01-28T09:47:41.960437800Z ++ ls -1 /var/log/ovn/acl-audit-log.log
2026-01-28T09:47:41.960610280Z ++ wc -l
2026-01-28T09:47:41.962241576Z + num_files=1
2026-01-28T09:47:41.962270338Z + '[' 1 -gt 5 ']'
2026-01-28T09:47:41.962270338Z + sleep 30
2026-01-28T09:48:11.964139904Z + true
2026-01-28T09:48:11.964139904Z + '[' -f /var/log/ovn/acl-audit-log.log ']'
2026-01-28T09:48:11.964787392Z ++ du -b /var/log/ovn/acl-audit-log.log
2026-01-28T09:48:11.964868787Z ++ tr -s '\t' ' '
2026-01-28T09:48:11.965078999Z ++ cut '-d ' -f1
2026-01-28T09:48:11.966796760Z + file_size=0
2026-01-28T09:48:11.966827512Z + '[' 0 -gt 50000000 ']'
2026-01-28T09:48:11.967323112Z ++ ls -1 /var/log/ovn/acl-audit-log.log
2026-01-28T09:48:11.967385275Z ++ wc -l
2026-01-28T09:48:11.968890614Z + num_files=1
2026-01-28T09:48:11.968918226Z + '[' 1 -gt 5 ']'
2026-01-28T09:48:11.968918226Z + sleep 30
2026-01-28T09:48:41.970728901Z + true
2026-01-28T09:48:41.970728901Z + '[' -f /var/log/ovn/acl-audit-log.log ']'
2026-01-28T09:48:41.971352438Z ++ du -b /var/log/ovn/acl-audit-log.log
2026-01-28T09:48:41.971495226Z ++ tr -s '\t' ' '
2026-01-28T09:48:41.971691568Z ++ cut '-d ' -f1
2026-01-28T09:48:41.973467513Z + file_size=0
2026-01-28T09:48:41.973497695Z + '[' 0 -gt 50000000 ']'
2026-01-28T09:48:41.974047657Z ++ ls -1 /var/log/ovn/acl-audit-log.log
2026-01-28T09:48:41.974140703Z ++ wc -l
2026-01-28T09:48:41.975622040Z + num_files=1
2026-01-28T09:48:41.975655332Z + '[' 1 -gt 5 ']'
2026-01-28T09:48:41.975655332Z + sleep 30
2026-01-28T09:49:11.977250459Z + true
2026-01-28T09:49:11.977250459Z + '[' -f /var/log/ovn/acl-audit-log.log ']'
2026-01-28T09:49:11.977970101Z ++ du -b /var/log/ovn/acl-audit-log.log
2026-01-28T09:49:11.978177144Z ++ tr -s '\t' ' '
2026-01-28T09:49:11.978322753Z ++ cut '-d ' -f1
2026-01-28T09:49:11.980079366Z + file_size=0
2026-01-28T09:49:11.980104658Z + '[' 0 -gt 50000000 ']'
2026-01-28T09:49:11.980599687Z ++ ls -1 /var/log/ovn/acl-audit-log.log
2026-01-28T09:49:11.980662531Z ++ wc -l
2026-01-28T09:49:11.982181441Z + num_files=1
2026-01-28T09:49:11.982206842Z + '[' 1 -gt 5 ']'
2026-01-28T09:49:11.982206842Z + sleep 30
2026-01-28T09:49:41.983813623Z + true
2026-01-28T09:49:41.983813623Z + '[' -f /var/log/ovn/acl-audit-log.log ']'
2026-01-28T09:49:41.984436490Z ++ du -b /var/log/ovn/acl-audit-log.log
2026-01-28T09:49:41.984586999Z ++ tr -s '\t' ' '
2026-01-28T09:49:41.984781330Z ++ cut '-d ' -f1
2026-01-28T09:49:41.986544644Z + file_size=0
2026-01-28T09:49:41.986573336Z + '[' 0 -gt 50000000 ']'
2026-01-28T09:49:41.987103447Z ++ ls -1 /var/log/ovn/acl-audit-log.log
2026-01-28T09:49:41.987172701Z ++ wc -l
2026-01-28T09:49:41.988695881Z + num_files=1
2026-01-28T09:49:41.988695881Z + '[' 1 -gt 5 ']'
2026-01-28T09:49:41.988723413Z + sleep 30
2026-01-28T09:50:11.990302404Z + true
2026-01-28T09:50:11.990302404Z + '[' -f /var/log/ovn/acl-audit-log.log ']'
2026-01-28T09:50:11.990955352Z ++ du -b /var/log/ovn/acl-audit-log.log
2026-01-28T09:50:11.991066069Z ++ tr -s '\t' ' '
2026-01-28T09:50:11.991266710Z ++ cut '-d ' -f1
2026-01-28T09:50:11.993043746Z + file_size=0
2026-01-28T09:50:11.993068697Z + '[' 0 -gt 50000000 ']'
2026-01-28T09:50:11.993611579Z ++ ls -1 /var/log/ovn/acl-audit-log.log
2026-01-28T09:50:11.993697394Z ++ wc -l
2026-01-28T09:50:11.995237895Z + num_files=1
2026-01-28T09:50:11.995268447Z + '[' 1 -gt 5 ']'
2026-01-28T09:50:11.995268447Z + sleep 30
2026-01-28T09:50:41.997234690Z + true
2026-01-28T09:50:41.997336536Z + '[' -f /var/log/ovn/acl-audit-log.log ']'
2026-01-28T09:50:41.997974784Z ++ du -b /var/log/ovn/acl-audit-log.log
2026-01-28T09:50:41.998131963Z ++ tr -s '\t' ' '
2026-01-28T09:50:41.998300943Z ++ cut '-d ' -f1
2026-01-28T09:50:42.000093309Z + file_size=0
2026-01-28T09:50:42.000117400Z + '[' 0 -gt 50000000 ']'
2026-01-28T09:50:42.000691954Z ++ ls -1 /var/log/ovn/acl-audit-log.log
2026-01-28T09:50:42.000783030Z ++ wc -l
2026-01-28T09:50:42.002230745Z + num_files=1
2026-01-28T09:50:42.002254337Z + '[' 1 -gt 5 ']'
2026-01-28T09:50:42.002254337Z + sleep 30
2026-01-28T09:51:12.003831012Z + true
2026-01-28T09:51:12.003891005Z + '[' -f /var/log/ovn/acl-audit-log.log ']'
2026-01-28T09:51:12.004531493Z ++ du -b /var/log/ovn/acl-audit-log.log
2026-01-28T09:51:12.004658110Z ++ tr -s '\t' ' '
2026-01-28T09:51:12.004893244Z ++ cut '-d ' -f1
2026-01-28T09:51:12.006718772Z + file_size=0
2026-01-28T09:51:12.006743244Z + '[' 0 -gt 50000000 ']'
2026-01-28T09:51:12.007247413Z ++ ls -1 /var/log/ovn/acl-audit-log.log
2026-01-28T09:51:12.007345849Z ++ wc -l
2026-01-28T09:51:12.009174057Z + num_files=1
2026-01-28T09:51:12.009174057Z + '[' 1 -gt 5 ']'
2026-01-28T09:51:12.009174057Z + sleep 30
2026-01-28T09:51:42.010796439Z + true
2026-01-28T09:51:42.010796439Z + '[' -f /var/log/ovn/acl-audit-log.log ']'
2026-01-28T09:51:42.011451578Z ++ du -b /var/log/ovn/acl-audit-log.log
2026-01-28T09:51:42.011647919Z ++ tr -s '\t' ' '
2026-01-28T09:51:42.011819649Z ++ cut '-d ' -f1
2026-01-28T09:51:42.014220351Z + file_size=0
2026-01-28T09:51:42.014248792Z + '[' 0 -gt 50000000 ']'
2026-01-28T09:51:42.014808996Z ++ ls -1 /var/log/ovn/acl-audit-log.log
2026-01-28T09:51:42.014909032Z ++ wc -l
2026-01-28T09:51:42.016460373Z + num_files=1
2026-01-28T09:51:42.016487165Z + '[' 1 -gt 5 ']'
2026-01-28T09:51:42.016487165Z + sleep 30
2026-01-28T09:52:12.018076983Z + true
2026-01-28T09:52:12.018076983Z + '[' -f /var/log/ovn/acl-audit-log.log ']'
2026-01-28T09:52:12.018764543Z ++ du -b /var/log/ovn/acl-audit-log.log
2026-01-28T09:52:12.018905662Z ++ tr -s '\t' ' '
2026-01-28T09:52:12.019093453Z ++ cut '-d ' -f1
2026-01-28T09:52:12.020845477Z + file_size=0
2026-01-28T09:52:12.020870328Z + '[' 0 -gt 50000000 ']'
2026-01-28T09:52:12.021354696Z ++ ls -1 /var/log/ovn/acl-audit-log.log
2026-01-28T09:52:12.021444352Z ++ wc -l
2026-01-28T09:52:12.022901488Z + num_files=1
2026-01-28T09:52:12.022929620Z + '[' 1 -gt 5 ']'
2026-01-28T09:52:12.022929620Z + sleep 30
2026-01-28T09:52:42.024449574Z + true
2026-01-28T09:52:42.024449574Z + '[' -f /var/log/ovn/acl-audit-log.log ']'
2026-01-28T09:52:42.025035219Z ++ du -b /var/log/ovn/acl-audit-log.log
2026-01-28T09:52:42.025182067Z ++ tr -s '\t' ' '
2026-01-28T09:52:42.025359548Z ++ cut '-d ' -f1
2026-01-28T09:52:42.027120002Z + file_size=0
2026-01-28T09:52:42.027146694Z + '[' 0 -gt 50000000 ']'
2026-01-28T09:52:42.027639773Z ++ ls -1 /var/log/ovn/acl-audit-log.log
2026-01-28T09:52:42.027757130Z ++ wc -l
2026-01-28T09:52:42.029197305Z + num_files=1
2026-01-28T09:52:42.029225776Z + '[' 1 -gt 5 ']'
2026-01-28T09:52:42.029225776Z + sleep 30
2026-01-28T09:53:12.030798266Z + true
2026-01-28T09:53:12.030798266Z + '[' -f /var/log/ovn/acl-audit-log.log ']'
2026-01-28T09:53:12.031426783Z ++ du -b /var/log/ovn/acl-audit-log.log
2026-01-28T09:53:12.031539740Z ++ tr -s '\t' ' '
2026-01-28T09:53:12.031805385Z ++ cut '-d ' -f1
2026-01-28T09:53:12.033541528Z + file_size=0
2026-01-28T09:53:12.033569210Z + '[' 0 -gt 50000000 ']'
2026-01-28T09:53:12.034135413Z ++ ls -1 /var/log/ovn/acl-audit-log.log
2026-01-28T09:53:12.034190326Z ++ wc -l
2026-01-28T09:53:12.035629422Z + num_files=1
2026-01-28T09:53:12.035657443Z + '[' 1 -gt 5 ']'
2026-01-28T09:53:12.035657443Z + sleep 30
2026-01-28T09:53:42.037240947Z + true
2026-01-28T09:53:42.037240947Z + '[' -f /var/log/ovn/acl-audit-log.log ']'
2026-01-28T09:53:42.037919847Z ++ du -b /var/log/ovn/acl-audit-log.log
2026-01-28T09:53:42.038089697Z ++ tr -s '\t' ' '
2026-01-28T09:53:42.038279008Z ++ cut '-d ' -f1
2026-01-28T09:53:42.040083725Z + file_size=0
2026-01-28T09:53:42.040108156Z + '[' 0 -gt 50000000 ']'
2026-01-28T09:53:42.040648208Z ++ ls -1 /var/log/ovn/acl-audit-log.log
2026-01-28T09:53:42.040756925Z ++ wc -l
2026-01-28T09:53:42.042257733Z + num_files=1
2026-01-28T09:53:42.042287945Z + '[' 1 -gt 5 ']'
2026-01-28T09:53:42.042287945Z + sleep 30
2026-01-28T09:54:12.043869297Z + true
2026-01-28T09:54:12.043927490Z + '[' -f /var/log/ovn/acl-audit-log.log ']'
2026-01-28T09:54:12.044474182Z ++ du -b /var/log/ovn/acl-audit-log.log
2026-01-28T09:54:12.044596460Z ++ tr -s '\t' ' '
2026-01-28T09:54:12.044821643Z ++ cut '-d ' -f1
2026-01-28T09:54:12.046557216Z + file_size=0
2026-01-28T09:54:12.046582057Z + '[' 0 -gt 50000000 ']'
2026-01-28T09:54:12.047079716Z ++ ls -1 /var/log/ovn/acl-audit-log.log
2026-01-28T09:54:12.047144830Z ++ wc -l
2026-01-28T09:54:12.048629918Z + num_files=1
2026-01-28T09:54:12.048658200Z + '[' 1 -gt 5 ']'
2026-01-28T09:54:12.048658200Z + sleep 30
2026-01-28T09:54:42.050211870Z + true
2026-01-28T09:54:42.050211870Z + '[' -f /var/log/ovn/acl-audit-log.log ']'
2026-01-28T09:54:42.050850038Z ++ du -b /var/log/ovn/acl-audit-log.log
2026-01-28T09:54:42.051108463Z ++ tr -s '\t' ' '
2026-01-28T09:54:42.051274293Z ++ cut '-d ' -f1
2026-01-28T09:54:42.052891029Z + file_size=0
2026-01-28T09:54:42.052917770Z + '[' 0 -gt 50000000 ']'
2026-01-28T09:54:42.053404979Z ++ ls -1 /var/log/ovn/acl-audit-log.log
2026-01-28T09:54:42.053494094Z ++ wc -l
2026-01-28T09:54:42.054997483Z + num_files=1
2026-01-28T09:54:42.055025835Z + '[' 1 -gt 5 ']'
2026-01-28T09:54:42.055025835Z + sleep 30
2026-01-28T09:55:12.056908035Z + true
2026-01-28T09:55:12.056908035Z + '[' -f /var/log/ovn/acl-audit-log.log ']'
2026-01-28T09:55:12.057618508Z ++ du -b /var/log/ovn/acl-audit-log.log
2026-01-28T09:55:12.057829730Z ++ tr -s '\t' ' '
2026-01-28T09:55:12.058015191Z ++ cut '-d ' -f1
2026-01-28T09:55:12.059803016Z + file_size=0
2026-01-28T09:55:12.059828408Z + '[' 0 -gt 50000000 ']'
2026-01-28T09:55:12.060358739Z ++ ls -1 /var/log/ovn/acl-audit-log.log
2026-01-28T09:55:12.060501708Z ++ wc -l
2026-01-28T09:55:12.062037408Z + num_files=1
2026-01-28T09:55:12.062066850Z + '[' 1 -gt 5 ']'
2026-01-28T09:55:12.062066850Z + sleep 30
2026-01-28T09:55:42.063637549Z + true
2026-01-28T09:55:42.063637549Z + '[' -f /var/log/ovn/acl-audit-log.log ']'
2026-01-28T09:55:42.064274776Z ++ du -b /var/log/ovn/acl-audit-log.log
2026-01-28T09:55:42.064489399Z ++ tr -s '\t' ' '
2026-01-28T09:55:42.064642728Z ++ cut '-d ' -f1
2026-01-28T09:55:42.066455025Z + file_size=0
2026-01-28T09:55:42.066481267Z + '[' 0 -gt 50000000 ']'
2026-01-28T09:55:42.067058691Z ++ ls -1 /var/log/ovn/acl-audit-log.log
2026-01-28T09:55:42.067134125Z ++ wc -l
2026-01-28T09:55:42.068653735Z + num_files=1
2026-01-28T09:55:42.068698648Z + '[' 1 -gt 5 ']'
2026-01-28T09:55:42.068698648Z + sleep 30
2026-01-28T09:56:12.070274960Z + true
2026-01-28T09:56:12.070274960Z + '[' -f /var/log/ovn/acl-audit-log.log ']'
2026-01-28T09:56:12.070894587Z ++ du -b /var/log/ovn/acl-audit-log.log
2026-01-28T09:56:12.071051456Z ++ tr -s '\t' ' '
2026-01-28T09:56:12.071225756Z ++ cut '-d ' -f1
2026-01-28T09:56:12.072971979Z + file_size=0
2026-01-28T09:56:12.072999561Z + '[' 0 -gt 50000000 ']'
2026-01-28T09:56:12.073485100Z ++ ls -1 /var/log/ovn/acl-audit-log.log
2026-01-28T09:56:12.073572545Z ++ wc -l
2026-01-28T09:56:12.075076123Z + num_files=1
2026-01-28T09:56:12.075105545Z + '[' 1 -gt 5 ']'
2026-01-28T09:56:12.075105545Z + sleep 30
2026-01-28T09:56:42.076696471Z + true
2026-01-28T09:56:42.076696471Z + '[' -f /var/log/ovn/acl-audit-log.log ']'
2026-01-28T09:56:42.077315798Z ++ du -b /var/log/ovn/acl-audit-log.log
2026-01-28T09:56:42.077451126Z ++ tr -s '\t' ' '
2026-01-28T09:56:42.077626686Z ++ cut '-d ' -f1
2026-01-28T09:56:42.079377909Z + file_size=0
2026-01-28T09:56:42.079408971Z + '[' 0 -gt 50000000 ']'
2026-01-28T09:56:42.079916881Z ++ ls -1 /var/log/ovn/acl-audit-log.log
2026-01-28T09:56:42.079993946Z ++ wc -l
2026-01-28T09:56:42.081479303Z + num_files=1
2026-01-28T09:56:42.081505665Z + '[' 1 -gt 5 ']'
2026-01-28T09:56:42.081505665Z + sleep 30
2026-01-28T09:57:12.083284399Z + true
2026-01-28T09:57:12.083284399Z + '[' -f /var/log/ovn/acl-audit-log.log ']'
2026-01-28T09:57:12.083946508Z ++ du -b /var/log/ovn/acl-audit-log.log
2026-01-28T09:57:12.084152580Z ++ tr -s '\t' ' '
2026-01-28T09:57:12.084317290Z ++ cut '-d ' -f1
2026-01-28T09:57:12.086117696Z + file_size=0
2026-01-28T09:57:12.086148928Z + '[' 0 -gt 50000000 ']'
2026-01-28T09:57:12.086640607Z ++ ls -1 /var/log/ovn/acl-audit-log.log
2026-01-28T09:57:12.086721562Z ++ wc -l
2026-01-28T09:57:12.088186898Z + num_files=1
2026-01-28T09:57:12.088216910Z + '[' 1 -gt 5 ']'
2026-01-28T09:57:12.088216910Z + sleep 30
2026-01-28T09:57:42.090249337Z + true
2026-01-28T09:57:42.090249337Z + '[' -f /var/log/ovn/acl-audit-log.log ']'
2026-01-28T09:57:42.090903906Z ++ du -b /var/log/ovn/acl-audit-log.log
2026-01-28T09:57:42.091048474Z ++ tr -s '\t' ' '
2026-01-28T09:57:42.091224705Z ++ cut '-d ' -f1
2026-01-28T09:57:42.093019861Z + file_size=0
2026-01-28T09:57:42.093046612Z + '[' 0 -gt 50000000 ']'
2026-01-28T09:57:42.093534761Z ++ ls -1 /var/log/ovn/acl-audit-log.log
2026-01-28T09:57:42.093631847Z ++ wc -l
2026-01-28T09:57:42.095129955Z + num_files=1
2026-01-28T09:57:42.095157956Z + '[' 1 -gt 5 ']'
2026-01-28T09:57:42.095157956Z + sleep 30
2026-01-28T09:58:12.096728221Z + true
2026-01-28T09:58:12.096788164Z + '[' -f /var/log/ovn/acl-audit-log.log ']'
2026-01-28T09:58:12.097398940Z ++ du -b /var/log/ovn/acl-audit-log.log
2026-01-28T09:58:12.097553139Z ++ tr -s '\t' ' '
2026-01-28T09:58:12.097732040Z ++ cut '-d ' -f1
2026-01-28T09:58:12.099465892Z + file_size=0
2026-01-28T09:58:12.099465892Z + '[' 0 -gt 50000000 ']'
2026-01-28T09:58:12.099998624Z ++ ls -1 /var/log/ovn/acl-audit-log.log
2026-01-28T09:58:12.100055727Z ++ wc -l
2026-01-28T09:58:12.101543864Z + num_files=1
2026-01-28T09:58:12.101570596Z + '[' 1 -gt 5 ']'
2026-01-28T09:58:12.101570596Z + sleep 30
2026-01-28T09:58:42.103133042Z + true
2026-01-28T09:58:42.103133042Z + '[' -f /var/log/ovn/acl-audit-log.log ']'
2026-01-28T09:58:42.103790941Z ++ du -b /var/log/ovn/acl-audit-log.log
2026-01-28T09:58:42.103932869Z ++ tr -s '\t' ' '
2026-01-28T09:58:42.104121340Z ++ cut '-d ' -f1
2026-01-28T09:58:42.105912626Z + file_size=0
2026-01-28T09:58:42.105945528Z + '[' 0 -gt 50000000 ']'
2026-01-28T09:58:42.106435237Z ++ ls -1 /var/log/ovn/acl-audit-log.log
2026-01-28T09:58:42.106528792Z ++ wc -l
2026-01-28T09:58:42.108038021Z + num_files=1
2026-01-28T09:58:42.108065963Z + '[' 1 -gt 5 ']'
2026-01-28T09:58:42.108065963Z + sleep 30
2026-01-28T09:59:12.109711476Z + true
2026-01-28T09:59:12.109774400Z + '[' -f /var/log/ovn/acl-audit-log.log ']'
2026-01-28T09:59:12.110434558Z ++ du -b /var/log/ovn/acl-audit-log.log
2026-01-28T09:59:12.110600498Z ++ tr -s '\t' ' '
2026-01-28T09:59:12.110783029Z ++ cut '-d ' -f1
2026-01-28T09:59:12.112545332Z + file_size=0
2026-01-28T09:59:12.112577034Z + '[' 0 -gt 50000000 ']'
2026-01-28T09:59:12.113104956Z ++ ls -1 /var/log/ovn/acl-audit-log.log
2026-01-28T09:59:12.113169129Z ++ wc -l
2026-01-28T09:59:12.114752532Z + num_files=1
2026-01-28T09:59:12.114780914Z + '[' 1 -gt 5 ']'
2026-01-28T09:59:12.114780914Z + sleep 30
2026-01-28T09:59:42.116357364Z + true
2026-01-28T09:59:42.116357364Z + '[' -f /var/log/ovn/acl-audit-log.log ']'
2026-01-28T09:59:42.116966890Z ++ du -b /var/log/ovn/acl-audit-log.log
2026-01-28T09:59:42.117107388Z ++ tr -s '\t' ' '
2026-01-28T09:59:42.117295079Z ++ cut '-d ' -f1
2026-01-28T09:59:42.119110646Z + file_size=0
2026-01-28T09:59:42.119135398Z + '[' 0 -gt 50000000 ']'
2026-01-28T09:59:42.119626667Z ++ ls -1 /var/log/ovn/acl-audit-log.log
2026-01-28T09:59:42.119747464Z ++ wc -l
2026-01-28T09:59:42.121198010Z + num_files=1
2026-01-28T09:59:42.121225531Z + '[' 1 -gt 5 ']'
2026-01-28T09:59:42.121225531Z + sleep 30
2026-01-28T10:00:12.122913139Z + true
2026-01-28T10:00:12.122913139Z + '[' -f /var/log/ovn/acl-audit-log.log ']'
2026-01-28T10:00:12.123492803Z ++ du -b /var/log/ovn/acl-audit-log.log
2026-01-28T10:00:12.123649912Z ++ tr -s '\t' ' '
2026-01-28T10:00:12.123867695Z ++ cut '-d ' -f1
2026-01-28T10:00:12.125627879Z + file_size=0
2026-01-28T10:00:12.125652550Z + '[' 0 -gt 50000000 ']'
2026-01-28T10:00:12.126182301Z ++ ls -1 /var/log/ovn/acl-audit-log.log
2026-01-28T10:00:12.126283707Z ++ wc -l
2026-01-28T10:00:12.127786666Z + num_files=1
2026-01-28T10:00:12.127812048Z + '[' 1 -gt 5 ']'
2026-01-28T10:00:12.127812048Z + sleep 30
2026-01-28T10:00:42.129390298Z + true
2026-01-28T10:00:42.129390298Z + '[' -f /var/log/ovn/acl-audit-log.log ']'
2026-01-28T10:00:42.130010054Z ++ du -b /var/log/ovn/acl-audit-log.log
2026-01-28T10:00:42.130163774Z ++ tr -s '\t' ' '
2026-01-28T10:00:42.130313172Z ++ cut '-d ' -f1
2026-01-28T10:00:42.132121339Z + file_size=0
2026-01-28T10:00:42.132153151Z + '[' 0 -gt 50000000 ']'
2026-01-28T10:00:42.132651370Z ++ ls -1 /var/log/ovn/acl-audit-log.log
2026-01-28T10:00:42.132750196Z ++ wc -l
2026-01-28T10:00:42.134214142Z + num_files=1
2026-01-28T10:00:42.134240864Z + '[' 1 -gt 5 ']'
2026-01-28T10:00:42.134240864Z + sleep 30
2026-01-28T10:01:12.135840591Z + true
2026-01-28T10:01:12.135902435Z + '[' -f /var/log/ovn/acl-audit-log.log ']'
2026-01-28T10:01:12.136404775Z ++ du -b /var/log/ovn/acl-audit-log.log
2026-01-28T10:01:12.136565044Z ++ tr -s '\t' ' '
2026-01-28T10:01:12.136813989Z ++ cut '-d ' -f1
2026-01-28T10:01:12.138550191Z + file_size=0
2026-01-28T10:01:12.138575593Z + '[' 0 -gt 50000000 ']'
2026-01-28T10:01:12.139102744Z ++ ls -1 /var/log/ovn/acl-audit-log.log
2026-01-28T10:01:12.139182799Z ++ wc -l
2026-01-28T10:01:12.140683027Z + num_files=1
2026-01-28T10:01:12.140713249Z + '[' 1 -gt 5 ']'
2026-01-28T10:01:12.140713249Z + sleep 30
2026-01-28T10:01:42.142316589Z + true
2026-01-28T10:01:42.142316589Z + '[' -f /var/log/ovn/acl-audit-log.log ']'
2026-01-28T10:01:42.143000040Z ++ du -b /var/log/ovn/acl-audit-log.log
2026-01-28T10:01:42.143143498Z ++ tr -s '\t' ' '
2026-01-28T10:01:42.143308588Z ++ cut '-d ' -f1
2026-01-28T10:01:42.145083023Z + file_size=0
2026-01-28T10:01:42.145110424Z + '[' 0 -gt 50000000 ']'
2026-01-28T10:01:42.145597113Z ++ ls -1 /var/log/ovn/acl-audit-log.log
2026-01-28T10:01:42.145698779Z ++ wc -l
2026-01-28T10:01:42.147162745Z + num_files=1
2026-01-28T10:01:42.147193377Z + '[' 1 -gt 5 ']'
2026-01-28T10:01:42.147193377Z + sleep 30
2026-01-28T10:02:12.148830868Z + true
2026-01-28T10:02:12.148830868Z + '[' -f /var/log/ovn/acl-audit-log.log ']'
2026-01-28T10:02:12.149453695Z ++ du -b /var/log/ovn/acl-audit-log.log
2026-01-28T10:02:12.149649626Z ++ tr -s '\t' ' '
2026-01-28T10:02:12.149904521Z ++ cut '-d ' -f1
2026-01-28T10:02:12.151535468Z + file_size=0
2026-01-28T10:02:12.151560729Z + '[' 0 -gt 50000000 ']'
2026-01-28T10:02:12.152068049Z ++ ls -1 /var/log/ovn/acl-audit-log.log
2026-01-28T10:02:12.152148014Z ++ wc -l
2026-01-28T10:02:12.153627381Z + num_files=1
2026-01-28T10:02:12.153654953Z + '[' 1 -gt 5 ']'
2026-01-28T10:02:12.153654953Z + sleep 30
2026-01-28T10:02:42.155274345Z + true
2026-01-28T10:02:42.155274345Z + '[' -f /var/log/ovn/acl-audit-log.log ']'
2026-01-28T10:02:42.155969416Z ++ du -b /var/log/ovn/acl-audit-log.log
2026-01-28T10:02:42.156120265Z ++ tr -s '\t' ' '
2026-01-28T10:02:42.156285834Z ++ cut '-d ' -f1
2026-01-28T10:02:42.158089940Z + file_size=0
2026-01-28T10:02:42.158124092Z + '[' 0 -gt 50000000 ']'
2026-01-28T10:02:42.158618301Z ++ ls -1 /var/log/ovn/acl-audit-log.log
2026-01-28T10:02:42.158770250Z ++ wc -l
2026-01-28T10:02:42.160384975Z + num_files=1
2026-01-28T10:02:42.160416777Z + '[' 1 -gt 5 ']'
2026-01-28T10:02:42.160416777Z + sleep 30
2026-01-28T10:03:12.162067397Z + true
2026-01-28T10:03:12.162138311Z + '[' -f /var/log/ovn/acl-audit-log.log ']'
2026-01-28T10:03:12.162680013Z ++ du -b /var/log/ovn/acl-audit-log.log
2026-01-28T10:03:12.162835873Z ++ tr -s '\t' ' '
2026-01-28T10:03:12.163034434Z ++ cut '-d ' -f1
2026-01-28T10:03:12.164850381Z + file_size=0
2026-01-28T10:03:12.164881573Z + '[' 0 -gt 50000000 ']'
2026-01-28T10:03:12.165448887Z ++ ls -1 /var/log/ovn/acl-audit-log.log
2026-01-28T10:03:12.165537812Z ++ wc -l
2026-01-28T10:03:12.167056082Z + num_files=1
2026-01-28T10:03:12.167081533Z + '[' 1 -gt 5 ']'
2026-01-28T10:03:12.167081533Z + sleep 30
2026-01-28T10:03:42.168658541Z + true
2026-01-28T10:03:42.168658541Z + '[' -f /var/log/ovn/acl-audit-log.log ']'
2026-01-28T10:03:42.169332920Z ++ du -b /var/log/ovn/acl-audit-log.log
2026-01-28T10:03:42.169561904Z ++ tr -s '\t' ' '
2026-01-28T10:03:42.169717883Z ++ cut '-d ' -f1
2026-01-28T10:03:42.171572042Z + file_size=0
2026-01-28T10:03:42.171597714Z + '[' 0 -gt 50000000 ']'
2026-01-28T10:03:42.172176228Z ++ ls -1 /var/log/ovn/acl-audit-log.log
2026-01-28T10:03:42.172206810Z ++ wc -l
2026-01-28T10:03:42.173723549Z + num_files=1
2026-01-28T10:03:42.173723549Z + '[' 1 -gt 5 ']'
2026-01-28T10:03:42.173723549Z + sleep 30
2026-01-28T10:04:12.175436936Z + true
2026-01-28T10:04:12.175436936Z + '[' -f /var/log/ovn/acl-audit-log.log ']'
2026-01-28T10:04:12.176096775Z ++ du -b /var/log/ovn/acl-audit-log.log
2026-01-28T10:04:12.176260515Z ++ tr -s '\t' ' '
2026-01-28T10:04:12.176466016Z ++ cut '-d ' -f1
2026-01-28T10:04:12.178185748Z + file_size=0
2026-01-28T10:04:12.178212339Z + '[' 0 -gt 50000000 ']'
2026-01-28T10:04:12.178714199Z ++ ls -1 /var/log/ovn/acl-audit-log.log
2026-01-28T10:04:12.178812585Z ++ wc -l
2026-01-28T10:04:12.180273401Z + num_files=1
2026-01-28T10:04:12.180299913Z + '[' 1 -gt 5 ']'
2026-01-28T10:04:12.180299913Z + sleep 30
2026-01-28T10:04:42.182006504Z + true
2026-01-28T10:04:42.182006504Z + '[' -f /var/log/ovn/acl-audit-log.log ']'
2026-01-28T10:04:42.182605659Z ++ du -b /var/log/ovn/acl-audit-log.log
2026-01-28T10:04:42.182775829Z ++ tr -s '\t' ' '
2026-01-28T10:04:42.182920188Z ++ cut '-d ' -f1
2026-01-28T10:04:42.184729814Z + file_size=0
2026-01-28T10:04:42.184762936Z + '[' 0 -gt 50000000 ']'
2026-01-28T10:04:42.185293128Z ++ ls -1 /var/log/ovn/acl-audit-log.log
2026-01-28T10:04:42.185337050Z ++ wc -l
2026-01-28T10:04:42.187065802Z + num_files=1
2026-01-28T10:04:42.187096014Z + '[' 1 -gt 5 ']'
2026-01-28T10:04:42.187096014Z + sleep 30
2026-01-28T10:05:12.188934266Z + true
2026-01-28T10:05:12.188985389Z + '[' -f /var/log/ovn/acl-audit-log.log ']'
2026-01-28T10:05:12.189531631Z ++ du -b /var/log/ovn/acl-audit-log.log
2026-01-28T10:05:12.189721212Z ++ tr -s '\t' ' '
2026-01-28T10:05:12.189886492Z ++ cut '-d ' -f1
2026-01-28T10:05:12.191620484Z + file_size=0
2026-01-28T10:05:12.191649316Z + '[' 0 -gt 50000000 ']'
2026-01-28T10:05:12.192153925Z ++ ls -1 /var/log/ovn/acl-audit-log.log
2026-01-28T10:05:12.192249441Z ++ wc -l
2026-01-28T10:05:12.193808922Z + num_files=1
2026-01-28T10:05:12.193838474Z + '[' 1 -gt 5 ']'
2026-01-28T10:05:12.193838474Z + sleep 30
2026-01-28T10:05:42.195551704Z + true
2026-01-28T10:05:42.195551704Z + '[' -f /var/log/ovn/acl-audit-log.log ']'
2026-01-28T10:05:42.196193082Z ++ du -b /var/log/ovn/acl-audit-log.log
2026-01-28T10:05:42.196294958Z ++ tr -s '\t' ' '
2026-01-28T10:05:42.196495830Z ++ cut '-d ' -f1
2026-01-28T10:05:42.198313647Z + file_size=0
2026-01-28T10:05:42.198346439Z + '[' 0 -gt 50000000 ']'
2026-01-28T10:05:42.198858789Z ++ ls -1 /var/log/ovn/acl-audit-log.log
2026-01-28T10:05:42.198940984Z ++ wc -l
2026-01-28T10:05:42.200418131Z + num_files=1
2026-01-28T10:05:42.200446843Z + '[' 1 -gt 5 ']'
2026-01-28T10:05:42.200446843Z + sleep 30
2026-01-28T10:06:12.202000754Z + true
2026-01-28T10:06:12.202000754Z + '[' -f /var/log/ovn/acl-audit-log.log ']'
2026-01-28T10:06:12.202631841Z ++ du -b /var/log/ovn/acl-audit-log.log
2026-01-28T10:06:12.202801741Z ++ tr -s '\t' ' '
2026-01-28T10:06:12.202977362Z ++ cut '-d ' -f1
2026-01-28T10:06:12.204714594Z + file_size=0
2026-01-28T10:06:12.204714594Z + '[' 0 -gt 50000000 ']'
2026-01-28T10:06:12.205238445Z ++ ls -1 /var/log/ovn/acl-audit-log.log
2026-01-28T10:06:12.205317010Z ++ wc -l
2026-01-28T10:06:12.206831949Z + num_files=1
2026-01-28T10:06:12.206861081Z + '[' 1 -gt 5 ']'
2026-01-28T10:06:12.206861081Z + sleep 30
2026-01-28T10:06:42.208453550Z + true
2026-01-28T10:06:42.208453550Z + '[' -f /var/log/ovn/acl-audit-log.log ']'
2026-01-28T10:06:42.209126470Z ++ du -b /var/log/ovn/acl-audit-log.log
2026-01-28T10:06:42.209264458Z ++ tr -s '\t' ' '
2026-01-28T10:06:42.209435598Z ++ cut '-d ' -f1
2026-01-28T10:06:42.211257575Z + file_size=0
2026-01-28T10:06:42.211292607Z + '[' 0 -gt 50000000 ']'
2026-01-28T10:06:42.211822189Z ++ ls -1 /var/log/ovn/acl-audit-log.log
2026-01-28T10:06:42.211885052Z ++ wc -l
2026-01-28T10:06:42.213467875Z + num_files=1
2026-01-28T10:06:42.213497207Z + '[' 1 -gt 5 ']'
2026-01-28T10:06:42.213497207Z + sleep 30
2026-01-28T10:07:12.215033596Z + true
2026-01-28T10:07:12.215033596Z + '[' -f /var/log/ovn/acl-audit-log.log ']'
2026-01-28T10:07:12.215645293Z ++ du -b /var/log/ovn/acl-audit-log.log
2026-01-28T10:07:12.215792262Z ++ tr -s '\t' ' '
2026-01-28T10:07:12.215957882Z ++ cut '-d ' -f1
2026-01-28T10:07:12.217724908Z + file_size=0
2026-01-28T10:07:12.217755490Z + '[' 0 -gt 50000000 ']'
2026-01-28T10:07:12.218268471Z ++ ls -1 /var/log/ovn/acl-audit-log.log
2026-01-28T10:07:12.218360337Z ++ wc -l
2026-01-28T10:07:12.219871398Z + num_files=1
2026-01-28T10:07:12.219896099Z + '[' 1 -gt 5 ']'
2026-01-28T10:07:12.219896099Z + sleep 30
2026-01-28T10:07:42.221507375Z + true
2026-01-28T10:07:42.221507375Z + '[' -f /var/log/ovn/acl-audit-log.log ']'
2026-01-28T10:07:42.222219387Z ++ du -b /var/log/ovn/acl-audit-log.log
2026-01-28T10:07:42.222336314Z ++ tr -s '\t' ' '
2026-01-28T10:07:42.222549686Z ++ cut '-d ' -f1
2026-01-28T10:07:42.224261617Z + file_size=0
2026-01-28T10:07:42.224293759Z + '[' 0 -gt 50000000 ']'
2026-01-28T10:07:42.224826150Z ++ ls -1 /var/log/ovn/acl-audit-log.log
2026-01-28T10:07:42.224898654Z ++ wc -l
2026-01-28T10:07:42.226518560Z + num_files=1
2026-01-28T10:07:42.226551092Z + '[' 1 -gt 5 ']'
2026-01-28T10:07:42.226551092Z + sleep 30
2026-01-28T10:08:12.228469561Z + true
2026-01-28T10:08:12.228469561Z + '[' -f /var/log/ovn/acl-audit-log.log ']'
2026-01-28T10:08:12.229258957Z ++ du -b /var/log/ovn/acl-audit-log.log
2026-01-28T10:08:12.229412956Z ++ tr -s '\t' ' '
2026-01-28T10:08:12.229563195Z ++ cut '-d ' -f1
2026-01-28T10:08:12.231350350Z + file_size=0
2026-01-28T10:08:12.231403273Z + '[' 0 -gt 50000000 ']'
2026-01-28T10:08:12.231915643Z ++ ls -1 /var/log/ovn/acl-audit-log.log
2026-01-28T10:08:12.231991737Z ++ wc -l
2026-01-28T10:08:12.233480724Z + num_files=1
2026-01-28T10:08:12.233510776Z + '[' 1 -gt 5 ']'
2026-01-28T10:08:12.233510776Z + sleep 30
2026-01-28T10:08:42.235109501Z + true
2026-01-28T10:08:42.235109501Z + '[' -f /var/log/ovn/acl-audit-log.log ']'
2026-01-28T10:08:42.235793441Z ++ du -b /var/log/ovn/acl-audit-log.log
2026-01-28T10:08:42.235979512Z ++ tr -s '\t' ' '
2026-01-28T10:08:42.236123890Z ++ cut '-d ' -f1
2026-01-28T10:08:42.237921526Z + file_size=0
2026-01-28T10:08:42.237950098Z + '[' 0 -gt 50000000 ']'
2026-01-28T10:08:42.238429246Z ++ ls -1 /var/log/ovn/acl-audit-log.log
2026-01-28T10:08:42.238510621Z ++ wc -l
2026-01-28T10:08:42.239986067Z + num_files=1
2026-01-28T10:08:42.240013489Z + '[' 1 -gt 5 ']'
2026-01-28T10:08:42.240013489Z + sleep 30
2026-01-28T10:09:12.241579577Z + true
2026-01-28T10:09:12.241649302Z + '[' -f /var/log/ovn/acl-audit-log.log ']'
2026-01-28T10:09:12.242252517Z ++ du -b /var/log/ovn/acl-audit-log.log
2026-01-28T10:09:12.242417836Z ++ tr -s '\t' ' '
2026-01-28T10:09:12.242600177Z ++ cut '-d ' -f1
2026-01-28T10:09:12.244373481Z + file_size=0
2026-01-28T10:09:12.244405083Z + '[' 0 -gt 50000000 ']'
2026-01-28T10:09:12.244934044Z ++ ls -1 /var/log/ovn/acl-audit-log.log
2026-01-28T10:09:12.245009148Z ++ wc -l
2026-01-28T10:09:12.246471604Z + num_files=1
2026-01-28T10:09:12.246496675Z + '[' 1 -gt 5 ']'
2026-01-28T10:09:12.246496675Z + sleep 30
2026-01-28T10:09:42.248076172Z + true
2026-01-28T10:09:42.248076172Z + '[' -f /var/log/ovn/acl-audit-log.log ']'
2026-01-28T10:09:42.248710659Z ++ du -b /var/log/ovn/acl-audit-log.log
2026-01-28T10:09:42.248823286Z ++ tr -s '\t' ' '
2026-01-28T10:09:42.249041438Z ++ cut '-d ' -f1
2026-01-28T10:09:42.250797242Z + file_size=0
2026-01-28T10:09:42.250828853Z + '[' 0 -gt 50000000 ']'
2026-01-28T10:09:42.251397907Z ++ ls -1 /var/log/ovn/acl-audit-log.log
2026-01-28T10:09:42.251535795Z ++ wc -l
2026-01-28T10:09:42.253209863Z + num_files=1
2026-01-28T10:09:42.253239735Z + '[' 1 -gt 5 ']'
2026-01-28T10:09:42.253252986Z + sleep 30
2026-01-28T10:10:12.254937782Z + true
2026-01-28T10:10:12.254937782Z + '[' -f /var/log/ovn/acl-audit-log.log ']'
2026-01-28T10:10:12.255572709Z ++ du -b /var/log/ovn/acl-audit-log.log
2026-01-28T10:10:12.255827644Z ++ tr -s '\t' ' '
2026-01-28T10:10:12.255993254Z ++ cut '-d ' -f1
2026-01-28T10:10:12.257736916Z + file_size=0
2026-01-28T10:10:12.257768618Z + '[' 0 -gt 50000000 ']'
2026-01-28T10:10:12.258283028Z ++ ls -1 /var/log/ovn/acl-audit-log.log
2026-01-28T10:10:12.258378124Z ++ wc -l
2026-01-28T10:10:12.260018341Z + num_files=1
2026-01-28T10:10:12.260053323Z + '[' 1 -gt 5 ']'
2026-01-28T10:10:12.260053323Z + sleep 30
2026-01-28T10:10:42.261770289Z + true
2026-01-28T10:10:42.261831802Z + '[' -f /var/log/ovn/acl-audit-log.log ']'
2026-01-28T10:10:42.262413686Z ++ du -b /var/log/ovn/acl-audit-log.log
2026-01-28T10:10:42.262575296Z ++ tr -s '\t' ' '
2026-01-28T10:10:42.262743066Z ++ cut '-d ' -f1
2026-01-28T10:10:42.264532320Z + file_size=0
2026-01-28T10:10:42.264563122Z + '[' 0 -gt 50000000 ']'
2026-01-28T10:10:42.265131515Z ++ ls -1 /var/log/ovn/acl-audit-log.log
2026-01-28T10:10:42.265162397Z ++ wc -l
2026-01-28T10:10:42.266625563Z + num_files=1
2026-01-28T10:10:42.266650644Z + '[' 1 -gt 5 ']'
2026-01-28T10:10:42.266650644Z + sleep 30
2026-01-28T10:11:12.268204442Z + true
2026-01-28T10:11:12.268204442Z + '[' -f /var/log/ovn/acl-audit-log.log ']'
2026-01-28T10:11:12.268881222Z ++ du -b /var/log/ovn/acl-audit-log.log
2026-01-28T10:11:12.268968187Z ++ tr -s '\t' ' '
2026-01-28T10:11:12.269188660Z ++ cut '-d ' -f1
2026-01-28T10:11:12.270930773Z + file_size=0
2026-01-28T10:11:12.270961885Z + '[' 0 -gt 50000000 ']'
2026-01-28T10:11:12.271445344Z ++ ls -1 /var/log/ovn/acl-audit-log.log
2026-01-28T10:11:12.271528989Z ++ wc -l
2026-01-28T10:11:12.273026477Z + num_files=1
2026-01-28T10:11:12.273052229Z + '[' 1 -gt 5 ']'
2026-01-28T10:11:12.273052229Z + sleep 30
2026-01-28T10:11:42.274614647Z + true
2026-01-28T10:11:42.274614647Z + '[' -f /var/log/ovn/acl-audit-log.log ']'
2026-01-28T10:11:42.275291037Z ++ du -b /var/log/ovn/acl-audit-log.log
2026-01-28T10:11:42.275447386Z ++ tr -s '\t' ' '
2026-01-28T10:11:42.275640728Z ++ cut '-d ' -f1
2026-01-28T10:11:42.277396301Z + file_size=0
2026-01-28T10:11:42.277422433Z + '[' 0 -gt 50000000 ']'
2026-01-28T10:11:42.277925382Z ++ ls -1 /var/log/ovn/acl-audit-log.log
2026-01-28T10:11:42.278017648Z ++ wc -l
2026-01-28T10:11:42.279518916Z + num_files=1
2026-01-28T10:11:42.279549938Z + '[' 1 -gt 5 ']'
2026-01-28T10:11:42.279549938Z + sleep 30
2026-01-28T10:12:12.281110096Z + true
2026-01-28T10:12:12.281110096Z + '[' -f /var/log/ovn/acl-audit-log.log ']'
2026-01-28T10:12:12.281819628Z ++ du -b /var/log/ovn/acl-audit-log.log
2026-01-28T10:12:12.281973187Z ++ tr -s '\t' ' '
2026-01-28T10:12:12.282171539Z ++ cut '-d ' -f1
2026-01-28T10:12:12.283960584Z + file_size=0
2026-01-28T10:12:12.283987886Z + '[' 0 -gt 50000000 ']'
2026-01-28T10:12:12.284478365Z ++ ls -1 /var/log/ovn/acl-audit-log.log
2026-01-28T10:12:12.284616903Z ++ wc -l
2026-01-28T10:12:12.286073409Z + num_files=1
2026-01-28T10:12:12.286101771Z + '[' 1 -gt 5 ']'
2026-01-28T10:12:12.286101771Z + sleep 30
2026-01-28T10:12:42.287654714Z + true
2026-01-28T10:12:42.287730129Z + '[' -f /var/log/ovn/acl-audit-log.log ']'
2026-01-28T10:12:42.288268351Z ++ du -b /var/log/ovn/acl-audit-log.log
2026-01-28T10:12:42.288379817Z ++ tr -s '\t' ' '
2026-01-28T10:12:42.288550437Z ++ cut '-d ' -f1
2026-01-28T10:12:42.290289299Z + file_size=0
2026-01-28T10:12:42.290316461Z + '[' 0 -gt 50000000 ']'
2026-01-28T10:12:42.290824201Z ++ ls -1 /var/log/ovn/acl-audit-log.log
2026-01-28T10:12:42.290915516Z ++ wc -l
2026-01-28T10:12:42.292416654Z + num_files=1
2026-01-28T10:12:42.292445326Z + '[' 1 -gt 5 ']'
2026-01-28T10:12:42.292445326Z + sleep 30
2026-01-28T10:13:12.294044171Z + true
2026-01-28T10:13:12.294044171Z + '[' -f /var/log/ovn/acl-audit-log.log ']'
2026-01-28T10:13:12.294660678Z ++ du -b /var/log/ovn/acl-audit-log.log
2026-01-28T10:13:12.294846258Z ++ tr -s '\t' ' '
2026-01-28T10:13:12.295005218Z ++ cut '-d ' -f1
2026-01-28T10:13:12.296716068Z + file_size=0
2026-01-28T10:13:12.296742190Z + '[' 0 -gt 50000000 ']'
2026-01-28T10:13:12.297231339Z ++ ls -1 /var/log/ovn/acl-audit-log.log
2026-01-28T10:13:12.297289102Z ++ wc -l
2026-01-28T10:13:12.298777409Z + num_files=1
2026-01-28T10:13:12.298803261Z + '[' 1 -gt 5 ']'
2026-01-28T10:13:12.298803261Z + sleep 30
2026-01-28T10:13:42.300625138Z + true
2026-01-28T10:13:42.300625138Z + '[' -f /var/log/ovn/acl-audit-log.log ']'
2026-01-28T10:13:42.301281157Z ++ du -b /var/log/ovn/acl-audit-log.log
2026-01-28T10:13:42.301383352Z ++ tr -s '\t' ' '
2026-01-28T10:13:42.301609116Z ++ cut '-d ' -f1
2026-01-28T10:13:42.303418302Z + file_size=0
2026-01-28T10:13:42.303444793Z + '[' 0 -gt 50000000 ']'
2026-01-28T10:13:42.304020377Z ++ ls -1 /var/log/ovn/acl-audit-log.log
2026-01-28T10:13:42.304121643Z ++ wc -l
2026-01-28T10:13:42.305722267Z + num_files=1
2026-01-28T10:13:42.305722267Z + '[' 1 -gt 5 ']'
2026-01-28T10:13:42.305722267Z + sleep 30
2026-01-28T10:14:12.307314889Z + true
2026-01-28T10:14:12.307394844Z + '[' -f /var/log/ovn/acl-audit-log.log ']'
2026-01-28T10:14:12.307946116Z ++ du -b /var/log/ovn/acl-audit-log.log
2026-01-28T10:14:12.308089554Z ++ tr -s '\t' ' '
2026-01-28T10:14:12.308291326Z ++ cut '-d ' -f1
2026-01-28T10:14:12.310038608Z + file_size=0
2026-01-28T10:14:12.310063540Z + '[' 0 -gt 50000000 ']'
2026-01-28T10:14:12.310562609Z ++ ls -1 /var/log/ovn/acl-audit-log.log
2026-01-28T10:14:12.310654974Z ++ wc -l
2026-01-28T10:14:12.312233977Z + num_files=1
2026-01-28T10:14:12.312258838Z + '[' 1 -gt 5 ']'
2026-01-28T10:14:12.312258838Z + sleep 30
2026-01-28T10:14:42.314078037Z + true
2026-01-28T10:14:42.314078037Z + '[' -f /var/log/ovn/acl-audit-log.log ']'
2026-01-28T10:14:42.314904956Z ++ du -b /var/log/ovn/acl-audit-log.log
2026-01-28T10:14:42.315007292Z ++ tr -s '\t' ' '
2026-01-28T10:14:42.315208694Z ++ cut '-d ' -f1
2026-01-28T10:14:42.317038452Z + file_size=0
2026-01-28T10:14:42.317066954Z + '[' 0 -gt 50000000 ']'
2026-01-28T10:14:42.317578644Z ++ ls -1 /var/log/ovn/acl-audit-log.log
2026-01-28T10:14:42.317711481Z ++ wc -l
2026-01-28T10:14:42.319246152Z + num_files=1
2026-01-28T10:14:42.319271923Z + '[' 1 -gt 5 ']'
2026-01-28T10:14:42.319271923Z + sleep 30
2026-01-28T10:15:12.320958048Z + true
2026-01-28T10:15:12.321008401Z + '[' -f /var/log/ovn/acl-audit-log.log ']'
2026-01-28T10:15:12.321516451Z ++ du -b /var/log/ovn/acl-audit-log.log
2026-01-28T10:15:12.321651358Z ++ tr -s '\t' ' '
2026-01-28T10:15:12.321889783Z ++ cut '-d ' -f1
2026-01-28T10:15:12.323606464Z + file_size=0
2026-01-28T10:15:12.323632365Z + '[' 0 -gt 50000000 ']'
2026-01-28T10:15:12.324157086Z ++ ls -1 /var/log/ovn/acl-audit-log.log
2026-01-28T10:15:12.324237251Z ++ wc -l
2026-01-28T10:15:12.325845865Z + num_files=1
2026-01-28T10:15:12.325874457Z + '[' 1 -gt 5 ']'
2026-01-28T10:15:12.325874457Z + sleep 30
2026-01-28T10:15:42.327479853Z + true
2026-01-28T10:15:42.327479853Z + '[' -f /var/log/ovn/acl-audit-log.log ']'
2026-01-28T10:15:42.328086939Z ++ du -b /var/log/ovn/acl-audit-log.log
2026-01-28T10:15:42.328227338Z ++ tr -s '\t' ' '
2026-01-28T10:15:42.328420149Z ++ cut '-d ' -f1
2026-01-28T10:15:42.330231946Z + file_size=0
2026-01-28T10:15:42.330257507Z + '[' 0 -gt 50000000 ']'
2026-01-28T10:15:42.330767927Z ++ ls -1 /var/log/ovn/acl-audit-log.log
2026-01-28T10:15:42.330848552Z ++ wc -l
2026-01-28T10:15:42.332310968Z + num_files=1
2026-01-28T10:15:42.332338749Z + '[' 1 -gt 5 ']'
2026-01-28T10:15:42.332338749Z + sleep 30
2026-01-28T10:16:12.334115118Z + true
2026-01-28T10:16:12.334194653Z + '[' -f /var/log/ovn/acl-audit-log.log ']'
2026-01-28T10:16:12.334945267Z ++ du -b /var/log/ovn/acl-audit-log.log
2026-01-28T10:16:12.335091856Z ++ tr -s '\t' ' '
2026-01-28T10:16:12.335256916Z ++ cut '-d ' -f1
2026-01-28T10:16:12.337011979Z + file_size=0
2026-01-28T10:16:12.337011979Z + '[' 0 -gt 50000000 ']'
2026-01-28T10:16:12.337531050Z ++ ls -1 /var/log/ovn/acl-audit-log.log
2026-01-28T10:16:12.337622345Z ++ wc -l
2026-01-28T10:16:12.339160055Z + num_files=1
2026-01-28T10:16:12.339188687Z + '[' 1 -gt 5 ']'
2026-01-28T10:16:12.339188687Z + sleep 30
2026-01-28T10:16:42.340971641Z + true
2026-01-28T10:16:42.340971641Z + '[' -f /var/log/ovn/acl-audit-log.log ']'
2026-01-28T10:16:42.341597608Z ++ du -b /var/log/ovn/acl-audit-log.log
2026-01-28T10:16:42.341719555Z ++ tr -s '\t' ' '
2026-01-28T10:16:42.341900116Z ++ cut '-d ' -f1
2026-01-28T10:16:42.343609337Z + file_size=0
2026-01-28T10:16:42.343648579Z + '[' 0 -gt 50000000 ']'
2026-01-28T10:16:42.344146978Z ++ ls -1 /var/log/ovn/acl-audit-log.log
2026-01-28T10:16:42.344219813Z ++ wc -l
2026-01-28T10:16:42.345719381Z + num_files=1
2026-01-28T10:16:42.345745482Z + '[' 1 -gt 5 ']'
2026-01-28T10:16:42.345745482Z + sleep 30
2026-01-28T10:17:12.347288759Z + true
2026-01-28T10:17:12.347339612Z + '[' -f /var/log/ovn/acl-audit-log.log ']'
2026-01-28T10:17:12.347894805Z ++ du -b /var/log/ovn/acl-audit-log.log
2026-01-28T10:17:12.348037624Z ++ tr -s '\t' ' '
2026-01-28T10:17:12.348204403Z ++ cut '-d ' -f1
2026-01-28T10:17:12.349969377Z + file_size=0
2026-01-28T10:17:12.349994539Z + '[' 0 -gt 50000000 ']'
2026-01-28T10:17:12.350491448Z ++ ls -1 /var/log/ovn/acl-audit-log.log
2026-01-28T10:17:12.350585623Z ++ wc -l
2026-01-28T10:17:12.352046629Z + num_files=1
2026-01-28T10:17:12.352074421Z + '[' 1 -gt 5 ']'
2026-01-28T10:17:12.352074421Z + sleep 30
2026-01-28T10:17:42.353615661Z + true
2026-01-28T10:17:42.353615661Z + '[' -f /var/log/ovn/acl-audit-log.log ']'
2026-01-28T10:17:42.354335803Z ++ du -b /var/log/ovn/acl-audit-log.log
2026-01-28T10:17:42.354448380Z ++ tr -s '\t' ' '
2026-01-28T10:17:42.354626990Z ++ cut '-d ' -f1
2026-01-28T10:17:42.356399495Z + file_size=0
2026-01-28T10:17:42.356425747Z + '[' 0 -gt 50000000 ']'
2026-01-28T10:17:42.356940067Z ++ ls -1 /var/log/ovn/acl-audit-log.log
2026-01-28T10:17:42.357033112Z ++ wc -l
2026-01-28T10:17:42.358511339Z + num_files=1
2026-01-28T10:17:42.358539361Z + '[' 1 -gt 5 ']'
2026-01-28T10:17:42.358539361Z + sleep 30
2026-01-28T10:18:12.360093217Z + true
2026-01-28T10:18:12.360093217Z + '[' -f /var/log/ovn/acl-audit-log.log ']'
2026-01-28T10:18:12.360735804Z ++ du -b /var/log/ovn/acl-audit-log.log
2026-01-28T10:18:12.360891074Z ++ tr -s '\t' ' '
2026-01-28T10:18:12.361170130Z ++ cut '-d ' -f1
2026-01-28T10:18:12.362775414Z + file_size=0
2026-01-28T10:18:12.362801456Z + '[' 0 -gt 50000000 ']'
2026-01-28T10:18:12.363289845Z ++ ls -1 /var/log/ovn/acl-audit-log.log
2026-01-28T10:18:12.363345048Z ++ wc -l
2026-01-28T10:18:12.364821535Z + num_files=1
2026-01-28T10:18:12.364849466Z + '[' 1 -gt 5 ']'
2026-01-28T10:18:12.364849466Z + sleep 30
2026-01-28T10:18:42.366415786Z + true
2026-01-28T10:18:42.366415786Z + '[' -f /var/log/ovn/acl-audit-log.log ']'
2026-01-28T10:18:42.367066644Z ++ du -b /var/log/ovn/acl-audit-log.log
2026-01-28T10:18:42.367229093Z ++ tr -s '\t' ' '
2026-01-28T10:18:42.367386463Z ++ cut '-d ' -f1
2026-01-28T10:18:42.369156797Z + file_size=0
2026-01-28T10:18:42.369182248Z + '[' 0 -gt 50000000 ']'
2026-01-28T10:18:42.369708419Z ++ ls -1 /var/log/ovn/acl-audit-log.log
2026-01-28T10:18:42.369780173Z ++ wc -l
2026-01-28T10:18:42.371283302Z + num_files=1
2026-01-28T10:18:42.371306963Z + '[' 1 -gt 5 ']'
2026-01-28T10:18:42.371306963Z + sleep 30
2026-01-28T10:19:12.372856074Z + true
2026-01-28T10:19:12.372856074Z + '[' -f /var/log/ovn/acl-audit-log.log ']'
2026-01-28T10:19:12.373444958Z ++ du -b /var/log/ovn/acl-audit-log.log
2026-01-28T10:19:12.373617189Z ++ tr -s '\t' ' '
2026-01-28T10:19:12.373786098Z ++ cut '-d ' -f1
2026-01-28T10:19:12.375523151Z + file_size=0
2026-01-28T10:19:12.375553762Z + '[' 0 -gt 50000000 ']'
2026-01-28T10:19:12.376115415Z ++ ls -1 /var/log/ovn/acl-audit-log.log
2026-01-28T10:19:12.376152577Z ++ wc -l
2026-01-28T10:19:12.377949233Z + num_files=1
2026-01-28T10:19:12.377979935Z + '[' 1 -gt 5 ']'
2026-01-28T10:19:12.377979935Z + sleep 30
2026-01-28T10:19:42.379521996Z + true
2026-01-28T10:19:42.379570129Z + '[' -f /var/log/ovn/acl-audit-log.log ']'
2026-01-28T10:19:42.380217437Z ++ du -b /var/log/ovn/acl-audit-log.log
2026-01-28T10:19:42.380374896Z ++ tr -s '\t' ' '
2026-01-28T10:19:42.380586709Z ++ cut '-d ' -f1
2026-01-28T10:19:42.382355133Z + file_size=0
2026-01-28T10:19:42.382381484Z + '[' 0 -gt 50000000 ']'
2026-01-28T10:19:42.382911085Z ++ ls -1 /var/log/ovn/acl-audit-log.log
2026-01-28T10:19:42.383000120Z ++ wc -l
2026-01-28T10:19:42.384481267Z + num_files=1
2026-01-28T10:19:42.384509399Z + '[' 1 -gt 5 ']'
2026-01-28T10:19:42.384509399Z + sleep 30
2026-01-28T10:20:12.386066387Z + true
2026-01-28T10:20:12.386129311Z + '[' -f /var/log/ovn/acl-audit-log.log ']'
2026-01-28T10:20:12.386684794Z ++ du -b /var/log/ovn/acl-audit-log.log
2026-01-28T10:20:12.386859644Z ++ tr -s '\t' ' '
2026-01-28T10:20:12.387023793Z ++ cut '-d ' -f1
2026-01-28T10:20:12.388737654Z + file_size=0
2026-01-28T10:20:12.388764336Z + '[' 0 -gt 50000000 ']'
2026-01-28T10:20:12.389270916Z ++ ls -1 /var/log/ovn/acl-audit-log.log
2026-01-28T10:20:12.389350801Z ++ wc -l
2026-01-28T10:20:12.390970046Z + num_files=1
2026-01-28T10:20:12.390995377Z + '[' 1 -gt 5 ']'
2026-01-28T10:20:12.390995377Z + sleep 30
2026-01-28T10:20:42.392530139Z + true
2026-01-28T10:20:42.392530139Z + '[' -f /var/log/ovn/acl-audit-log.log ']'
2026-01-28T10:20:42.393147726Z ++ du -b /var/log/ovn/acl-audit-log.log
2026-01-28T10:20:42.393270973Z ++ tr -s '\t' ' '
2026-01-28T10:20:42.393449273Z ++ cut '-d ' -f1
2026-01-28T10:20:42.395362846Z + file_size=0
2026-01-28T10:20:42.395395278Z + '[' 0 -gt 50000000 ']'
2026-01-28T10:20:42.395952981Z ++ ls -1 /var/log/ovn/acl-audit-log.log
2026-01-28T10:20:42.396033516Z ++ wc -l
2026-01-28T10:20:42.397933737Z + num_files=1
2026-01-28T10:20:42.397964749Z + '[' 1 -gt 5 ']'
2026-01-28T10:20:42.397964749Z + sleep 30
2026-01-28T10:21:12.399618465Z + true
2026-01-28T10:21:12.399618465Z + '[' -f /var/log/ovn/acl-audit-log.log ']'
2026-01-28T10:21:12.400238632Z ++ du -b /var/log/ovn/acl-audit-log.log
2026-01-28T10:21:12.400432613Z ++ tr -s '\t' ' '
2026-01-28T10:21:12.400617034Z ++ cut '-d ' -f1
2026-01-28T10:21:12.402394559Z + file_size=0
2026-01-28T10:21:12.402423370Z + '[' 0 -gt 50000000 ']'
2026-01-28T10:21:12.402923050Z ++ ls -1 /var/log/ovn/acl-audit-log.log
2026-01-28T10:21:12.403016135Z ++ wc -l
2026-01-28T10:21:12.404537905Z + num_files=1
2026-01-28T10:21:12.404579187Z + '[' 1 -gt 5 ']'
2026-01-28T10:21:12.404579187Z + sleep 30
2026-01-28T10:21:42.406208763Z + true
2026-01-28T10:21:42.406277797Z + '[' -f /var/log/ovn/acl-audit-log.log ']'
2026-01-28T10:21:42.406827269Z ++ du -b /var/log/ovn/acl-audit-log.log
2026-01-28T10:21:42.406973868Z ++ tr -s '\t' ' '
2026-01-28T10:21:42.407135997Z ++ cut '-d ' -f1
2026-01-28T10:21:42.409003787Z + file_size=0
2026-01-28T10:21:42.409035249Z + '[' 0 -gt 50000000 ']'
2026-01-28T10:21:42.409558560Z ++ ls -1 /var/log/ovn/acl-audit-log.log
2026-01-28T10:21:42.409611243Z ++ wc -l
2026-01-28T10:21:42.411154974Z + num_files=1
2026-01-28T10:21:42.411184846Z + '[' 1 -gt 5 ']'
2026-01-28T10:21:42.411184846Z + sleep 30
2026-01-28T10:22:12.412700370Z + true
2026-01-28T10:22:12.412700370Z + '[' -f /var/log/ovn/acl-audit-log.log ']'
2026-01-28T10:22:12.413263103Z ++ du -b /var/log/ovn/acl-audit-log.log
2026-01-28T10:22:12.413406832Z ++ tr -s '\t' ' '
2026-01-28T10:22:12.413554480Z ++ cut '-d ' -f1
2026-01-28T10:22:12.415349286Z + file_size=0
2026-01-28T10:22:12.415379658Z + '[' 0 -gt 50000000 ']'
2026-01-28T10:22:12.415863956Z ++ ls -1 /var/log/ovn/acl-audit-log.log
2026-01-28T10:22:12.415939801Z ++ wc -l
2026-01-28T10:22:12.417393366Z + num_files=1
2026-01-28T10:22:12.417421268Z + '[' 1 -gt 5 ']'
2026-01-28T10:22:12.417421268Z + sleep 30
2026-01-28T10:22:42.418980680Z + true
2026-01-28T10:22:42.418980680Z + '[' -f /var/log/ovn/acl-audit-log.log ']'
2026-01-28T10:22:42.419592786Z ++ du -b /var/log/ovn/acl-audit-log.log
2026-01-28T10:22:42.419729314Z ++ tr -s '\t' ' '
2026-01-28T10:22:42.419930296Z ++ cut '-d ' -f1
2026-01-28T10:22:42.421657617Z + file_size=0
2026-01-28T10:22:42.421709800Z + '[' 0 -gt 50000000 ']'
2026-01-28T10:22:42.422203489Z ++ ls -1 /var/log/ovn/acl-audit-log.log
2026-01-28T10:22:42.422277314Z ++ wc -l
2026-01-28T10:22:42.423797813Z + num_files=1
2026-01-28T10:22:42.423827075Z + '[' 1 -gt 5 ']'
2026-01-28T10:22:42.423827075Z + sleep 30
2026-01-28T10:23:12.425402700Z + true
2026-01-28T10:23:12.425402700Z + '[' -f /var/log/ovn/acl-audit-log.log ']'
2026-01-28T10:23:12.426043048Z ++ du -b /var/log/ovn/acl-audit-log.log
2026-01-28T10:23:12.426197947Z ++ tr -s '\t' ' '
2026-01-28T10:23:12.426372517Z ++ cut '-d ' -f1
2026-01-28T10:23:12.428159432Z + file_size=0
2026-01-28T10:23:12.428185584Z + '[' 0 -gt 50000000 ']'
2026-01-28T10:23:12.428718875Z ++ ls -1 /var/log/ovn/acl-audit-log.log
2026-01-28T10:23:12.428795740Z ++ wc -l
2026-01-28T10:23:12.430298958Z + num_files=1
2026-01-28T10:23:12.430324780Z + '[' 1 -gt 5 ']'
2026-01-28T10:23:12.430324780Z + sleep 30
2026-01-28T10:23:42.431914663Z + true
2026-01-28T10:23:42.431914663Z + '[' -f /var/log/ovn/acl-audit-log.log ']'
2026-01-28T10:23:42.432537089Z ++ du -b /var/log/ovn/acl-audit-log.log
2026-01-28T10:23:42.432761953Z ++ tr -s '\t' ' '
2026-01-28T10:23:42.432918492Z ++ cut '-d ' -f1
2026-01-28T10:23:42.434867167Z + file_size=0
2026-01-28T10:23:42.434898828Z + '[' 0 -gt 50000000 ']'
2026-01-28T10:23:42.435474412Z ++ ls -1 /var/log/ovn/acl-audit-log.log
2026-01-28T10:23:42.435652053Z ++ wc -l
2026-01-28T10:23:42.437581326Z + num_files=1
2026-01-28T10:23:42.437627709Z + '[' 1 -gt 5 ']'
2026-01-28T10:23:42.437627709Z + sleep 30
2026-01-28T10:24:12.439448287Z + true
2026-01-28T10:24:12.439572444Z + '[' -f /var/log/ovn/acl-audit-log.log ']'
2026-01-28T10:24:12.440239093Z ++ du -b /var/log/ovn/acl-audit-log.log
2026-01-28T10:24:12.440492538Z ++ tr -s '\t' ' '
2026-01-28T10:24:12.440589324Z ++ cut '-d ' -f1
2026-01-28T10:24:12.442483055Z + file_size=0
2026-01-28T10:24:12.442510457Z + '[' 0 -gt 50000000 ']'
2026-01-28T10:24:12.443063039Z ++ ls -1 /var/log/ovn/acl-audit-log.log
2026-01-28T10:24:12.443153144Z ++ wc -l
2026-01-28T10:24:12.445118530Z + num_files=1
2026-01-28T10:24:12.445149482Z + '[' 1 -gt 5 ']'
2026-01-28T10:24:12.445149482Z + sleep 30
2026-01-28T10:24:42.446678845Z + true
2026-01-28T10:24:42.446678845Z + '[' -f /var/log/ovn/acl-audit-log.log ']'
2026-01-28T10:24:42.447221967Z ++ du -b /var/log/ovn/acl-audit-log.log
2026-01-28T10:24:42.447365956Z ++ tr -s '\t' ' '
2026-01-28T10:24:42.447547736Z ++ cut '-d ' -f1
2026-01-28T10:24:42.449410866Z + file_size=0
2026-01-28T10:24:42.449444108Z + '[' 0 -gt 50000000 ']'
2026-01-28T10:24:42.450068664Z ++ ls -1 /var/log/ovn/acl-audit-log.log
2026-01-28T10:24:42.450147979Z ++ wc -l
2026-01-28T10:24:42.452046951Z + num_files=1
2026-01-28T10:24:42.452046951Z + '[' 1 -gt 5 ']'
2026-01-28T10:24:42.452078233Z + sleep 30
2026-01-28T10:25:12.453930081Z + true
2026-01-28T10:25:12.454028497Z + '[' -f /var/log/ovn/acl-audit-log.log ']'
2026-01-28T10:25:12.454580230Z ++ du -b /var/log/ovn/acl-audit-log.log
2026-01-28T10:25:12.454808563Z ++ tr -s '\t' ' '
2026-01-28T10:25:12.454977043Z ++ cut '-d ' -f1
2026-01-28T10:25:12.456727876Z + file_size=0
2026-01-28T10:25:12.456756707Z + '[' 0 -gt 50000000 ']'
2026-01-28T10:25:12.457242796Z ++ ls -1 /var/log/ovn/acl-audit-log.log
2026-01-28T10:25:12.457332781Z ++ wc -l
2026-01-28T10:25:12.458895203Z + num_files=1
2026-01-28T10:25:12.458920765Z + '[' 1 -gt 5 ']'
2026-01-28T10:25:12.458920765Z + sleep 30
