2026-01-28T09:42:17.194830759Z + [[ -f /env/_master ]]
2026-01-28T09:42:17.194830759Z + . /ovnkube-lib/ovnkube-lib.sh
2026-01-28T09:42:17.194916811Z ++ set -x
2026-01-28T09:42:17.194916811Z ++ K8S_NODE=ip-10-0-22-208.us-west-1.compute.internal
2026-01-28T09:42:17.194916811Z ++ [[ -n ip-10-0-22-208.us-west-1.compute.internal ]]
2026-01-28T09:42:17.194916811Z ++ [[ -f /env/ip-10-0-22-208.us-west-1.compute.internal ]]
2026-01-28T09:42:17.194916811Z ++ northd_pidfile=/var/run/ovn/ovn-northd.pid
2026-01-28T09:42:17.194916811Z ++ controller_pidfile=/var/run/ovn/ovn-controller.pid
2026-01-28T09:42:17.194944821Z ++ controller_logfile=/var/log/ovn/acl-audit-log.log
2026-01-28T09:42:17.194959082Z ++ vswitch_dbsock=/var/run/openvswitch/db.sock
2026-01-28T09:42:17.194959082Z ++ nbdb_pidfile=/var/run/ovn/ovnnb_db.pid
2026-01-28T09:42:17.194959082Z ++ nbdb_sock=/var/run/ovn/ovnnb_db.sock
2026-01-28T09:42:17.194969762Z ++ nbdb_ctl=/var/run/ovn/ovnnb_db.ctl
2026-01-28T09:42:17.194979212Z ++ sbdb_pidfile=/var/run/ovn/ovnsb_db.pid
2026-01-28T09:42:17.194979212Z ++ sbdb_sock=/var/run/ovn/ovnsb_db.sock
2026-01-28T09:42:17.194989062Z ++ sbdb_ctl=/var/run/ovn/ovnsb_db.ctl
2026-01-28T09:42:17.196617680Z + trap quit-nbdb TERM INT
2026-01-28T09:42:17.196643400Z + start-nbdb info
2026-01-28T09:42:17.196643400Z + local log_level=info
2026-01-28T09:42:17.196654531Z + [[ 1 -ne 1 ]]
2026-01-28T09:42:17.196892946Z + wait 3130
2026-01-28T09:42:17.197030669Z + exec /usr/share/ovn/scripts/ovn-ctl --no-monitor --db-nb-sock=/var/run/ovn/ovnnb_db.sock '--ovn-nb-log=-vconsole:info -vfile:off -vPATTERN:console:%D{%Y-%m-%dT%H:%M:%S.###Z}|%05N|%c%T|%p|%m' run_nb_ovsdb
2026-01-28T09:42:17.306760029Z /etc/ovn/ovnnb_db.db does not exist ... (warning).
2026-01-28T09:42:17.340098952Z Creating empty database /etc/ovn/ovnnb_db.db.
2026-01-28T09:42:17.373992387Z 2026-01-28T09:42:17.373Z|00001|vlog|INFO|opened log file /var/log/ovn/ovsdb-server-nb.log
2026-01-28T09:42:17.382586174Z 2026-01-28T09:42:17.382Z|00002|ovsdb_server|INFO|ovsdb-server (Open vSwitch) 3.5.2-51.el9fdp
2026-01-28T09:42:27.385817644Z 2026-01-28T09:42:27.385Z|00003|memory|INFO|12672 kB peak resident set size after 10.0 seconds
2026-01-28T09:42:27.386074270Z 2026-01-28T09:42:27.386Z|00004|memory|INFO|atoms:8696 cells:4992 json-caches:2 monitors:4 n-weak-refs:90 sessions:2
