2026-01-28T09:42:24.902983233Z I0128 09:42:24.902795       1 cmd.go:95] &{<nil> true {false} installer true map[cert-configmaps:0xc0007ce820 cert-dir:0xc0007cea00 cert-secrets:0xc0007ce780 configmaps:0xc0007ce320 namespace:0xc0007ce140 optional-cert-configmaps:0xc0007ce960 optional-configmaps:0xc0007ce460 optional-secrets:0xc0007ce3c0 pod:0xc0007ce1e0 pod-manifest-dir:0xc0007ce5a0 resource-dir:0xc0007ce500 revision:0xc0007ce0a0 secrets:0xc0007ce280 v:0xc0007cf400] [0xc0007cf400 0xc0007ce0a0 0xc0007ce140 0xc0007ce1e0 0xc0007ce500 0xc0007ce5a0 0xc0007ce320 0xc0007ce460 0xc0007ce280 0xc0007ce3c0 0xc0007cea00 0xc0007ce820 0xc0007ce960 0xc0007ce780] [] map[cert-configmaps:0xc0007ce820 cert-dir:0xc0007cea00 cert-secrets:0xc0007ce780 configmaps:0xc0007ce320 help:0xc0007cf7c0 kubeconfig:0xc0007ce000 log-flush-frequency:0xc0007cf360 namespace:0xc0007ce140 optional-cert-configmaps:0xc0007ce960 optional-cert-secrets:0xc0007ce8c0 optional-configmaps:0xc0007ce460 optional-secrets:0xc0007ce3c0 pod:0xc0007ce1e0 pod-manifest-dir:0xc0007ce5a0 pod-manifests-lock-file:0xc0007ce6e0 resource-dir:0xc0007ce500 revision:0xc0007ce0a0 secrets:0xc0007ce280 timeout-duration:0xc0007ce640 v:0xc0007cf400 vmodule:0xc0007cf4a0] [0xc0007ce000 0xc0007ce0a0 0xc0007ce140 0xc0007ce1e0 0xc0007ce280 0xc0007ce320 0xc0007ce3c0 0xc0007ce460 0xc0007ce500 0xc0007ce5a0 0xc0007ce640 0xc0007ce6e0 0xc0007ce780 0xc0007ce820 0xc0007ce8c0 0xc0007ce960 0xc0007cea00 0xc0007cf360 0xc0007cf400 0xc0007cf4a0 0xc0007cf7c0] [0xc0007ce820 0xc0007cea00 0xc0007ce780 0xc0007ce320 0xc0007cf7c0 0xc0007ce000 0xc0007cf360 0xc0007ce140 0xc0007ce960 0xc0007ce8c0 0xc0007ce460 0xc0007ce3c0 0xc0007ce1e0 0xc0007ce5a0 0xc0007ce6e0 0xc0007ce500 0xc0007ce0a0 0xc0007ce280 0xc0007ce640 0xc0007cf400 0xc0007cf4a0] map[104:0xc0007cf7c0 118:0xc0007cf400] [] -1 0 0xc0006fb290 true 0x77f6c0 []}
2026-01-28T09:42:24.903269328Z I0128 09:42:24.903230       1 cmd.go:96] (*installerpod.InstallOptions)(0xc00097e680)({
2026-01-28T09:42:24.903269328Z  KubeConfig: (string) "",
2026-01-28T09:42:24.903269328Z  KubeClient: (kubernetes.Interface) <nil>,
2026-01-28T09:42:24.903269328Z  Revision: (string) (len=1) "6",
2026-01-28T09:42:24.903269328Z  NodeName: (string) "",
2026-01-28T09:42:24.903269328Z  Namespace: (string) (len=33) "openshift-kube-controller-manager",
2026-01-28T09:42:24.903269328Z  Clock: (clock.RealClock) {
2026-01-28T09:42:24.903269328Z  },
2026-01-28T09:42:24.903269328Z  PodConfigMapNamePrefix: (string) (len=27) "kube-controller-manager-pod",
2026-01-28T09:42:24.903269328Z  SecretNamePrefixes: ([]string) (len=2 cap=2) {
2026-01-28T09:42:24.903269328Z   (string) (len=27) "service-account-private-key",
2026-01-28T09:42:24.903269328Z   (string) (len=31) "localhost-recovery-client-token"
2026-01-28T09:42:24.903269328Z  },
2026-01-28T09:42:24.903269328Z  OptionalSecretNamePrefixes: ([]string) (len=1 cap=1) {
2026-01-28T09:42:24.903269328Z   (string) (len=12) "serving-cert"
2026-01-28T09:42:24.903269328Z  },
2026-01-28T09:42:24.903269328Z  ConfigMapNamePrefixes: ([]string) (len=8 cap=8) {
2026-01-28T09:42:24.903269328Z   (string) (len=27) "kube-controller-manager-pod",
2026-01-28T09:42:24.903269328Z   (string) (len=6) "config",
2026-01-28T09:42:24.903269328Z   (string) (len=32) "cluster-policy-controller-config",
2026-01-28T09:42:24.903269328Z   (string) (len=29) "controller-manager-kubeconfig",
2026-01-28T09:42:24.903269328Z   (string) (len=38) "kube-controller-cert-syncer-kubeconfig",
2026-01-28T09:42:24.903269328Z   (string) (len=17) "serviceaccount-ca",
2026-01-28T09:42:24.903269328Z   (string) (len=10) "service-ca",
2026-01-28T09:42:24.903269328Z   (string) (len=15) "recycler-config"
2026-01-28T09:42:24.903269328Z  },
2026-01-28T09:42:24.903269328Z  OptionalConfigMapNamePrefixes: ([]string) (len=1 cap=1) {
2026-01-28T09:42:24.903269328Z   (string) (len=12) "cloud-config"
2026-01-28T09:42:24.903269328Z  },
2026-01-28T09:42:24.903269328Z  CertSecretNames: ([]string) (len=2 cap=2) {
2026-01-28T09:42:24.903269328Z   (string) (len=39) "kube-controller-manager-client-cert-key",
2026-01-28T09:42:24.903269328Z   (string) (len=10) "csr-signer"
2026-01-28T09:42:24.903269328Z  },
2026-01-28T09:42:24.903269328Z  OptionalCertSecretNamePrefixes: ([]string) <nil>,
2026-01-28T09:42:24.903269328Z  CertConfigMapNamePrefixes: ([]string) (len=2 cap=2) {
2026-01-28T09:42:24.903269328Z   (string) (len=20) "aggregator-client-ca",
2026-01-28T09:42:24.903269328Z   (string) (len=9) "client-ca"
2026-01-28T09:42:24.903269328Z  },
2026-01-28T09:42:24.903269328Z  OptionalCertConfigMapNamePrefixes: ([]string) (len=1 cap=1) {
2026-01-28T09:42:24.903269328Z   (string) (len=17) "trusted-ca-bundle"
2026-01-28T09:42:24.903269328Z  },
2026-01-28T09:42:24.903269328Z  CertDir: (string) (len=66) "/etc/kubernetes/static-pod-resources/kube-controller-manager-certs",
2026-01-28T09:42:24.903269328Z  ResourceDir: (string) (len=36) "/etc/kubernetes/static-pod-resources",
2026-01-28T09:42:24.903269328Z  PodManifestDir: (string) (len=25) "/etc/kubernetes/manifests",
2026-01-28T09:42:24.903269328Z  Timeout: (time.Duration) 2m0s,
2026-01-28T09:42:24.903269328Z  StaticPodManifestsLockFile: (string) "",
2026-01-28T09:42:24.903269328Z  PodMutationFns: ([]installerpod.PodMutationFunc) <nil>,
2026-01-28T09:42:24.903269328Z  KubeletVersion: (string) ""
2026-01-28T09:42:24.903269328Z })
2026-01-28T09:42:24.903830086Z I0128 09:42:24.903800       1 envvar.go:172] "Feature gate default state" feature="InOrderInformers" enabled=true
2026-01-28T09:42:24.903868477Z I0128 09:42:24.903856       1 envvar.go:172] "Feature gate default state" feature="WatchListClient" enabled=false
2026-01-28T09:42:24.903909569Z I0128 09:42:24.903897       1 envvar.go:172] "Feature gate default state" feature="ClientsAllowCBOR" enabled=false
2026-01-28T09:42:24.903939501Z I0128 09:42:24.903929       1 envvar.go:172] "Feature gate default state" feature="ClientsPreferCBOR" enabled=false
2026-01-28T09:42:24.903968292Z I0128 09:42:24.903957       1 envvar.go:172] "Feature gate default state" feature="InformerResourceVersion" enabled=false
2026-01-28T09:42:24.907801182Z I0128 09:42:24.907781       1 cmd.go:413] Getting controller reference for node ip-10-0-108-54.us-west-1.compute.internal
2026-01-28T09:42:24.999260799Z I0128 09:42:24.997262       1 cmd.go:426] Waiting for installer revisions to settle for node ip-10-0-108-54.us-west-1.compute.internal
2026-01-28T09:42:25.002846366Z I0128 09:42:25.002825       1 cmd.go:518] Waiting additional period after revisions have settled for node ip-10-0-108-54.us-west-1.compute.internal
2026-01-28T09:42:55.003693543Z I0128 09:42:55.003654       1 cmd.go:524] Getting installer pods for node ip-10-0-108-54.us-west-1.compute.internal
2026-01-28T09:42:55.009299421Z I0128 09:42:55.009273       1 cmd.go:542] Latest installer revision for node ip-10-0-108-54.us-west-1.compute.internal is: 6
2026-01-28T09:42:55.009299421Z I0128 09:42:55.009289       1 cmd.go:431] Querying kubelet version for node ip-10-0-108-54.us-west-1.compute.internal
2026-01-28T09:42:55.012246546Z I0128 09:42:55.012223       1 cmd.go:444] Got kubelet version 1.33.6 on target node ip-10-0-108-54.us-west-1.compute.internal
2026-01-28T09:42:55.012270708Z I0128 09:42:55.012243       1 cmd.go:293] Creating target resource directory "/etc/kubernetes/static-pod-resources/kube-controller-manager-pod-6" ...
2026-01-28T09:42:55.012386403Z I0128 09:42:55.012367       1 cmd.go:221] Creating target resource directory "/etc/kubernetes/static-pod-resources/kube-controller-manager-pod-6" ...
2026-01-28T09:42:55.012386403Z I0128 09:42:55.012381       1 cmd.go:229] Getting secrets ...
2026-01-28T09:42:55.015372741Z I0128 09:42:55.015352       1 copy.go:32] Got secret openshift-kube-controller-manager/localhost-recovery-client-token-6
2026-01-28T09:42:55.018410791Z I0128 09:42:55.018388       1 copy.go:32] Got secret openshift-kube-controller-manager/service-account-private-key-6
2026-01-28T09:42:55.023079442Z I0128 09:42:55.023050       1 copy.go:32] Got secret openshift-kube-controller-manager/serving-cert-6
2026-01-28T09:42:55.023105324Z I0128 09:42:55.023083       1 cmd.go:242] Getting config maps ...
2026-01-28T09:42:55.026169115Z I0128 09:42:55.026139       1 copy.go:60] Got configMap openshift-kube-controller-manager/cluster-policy-controller-config-6
2026-01-28T09:42:55.029074289Z I0128 09:42:55.029006       1 copy.go:60] Got configMap openshift-kube-controller-manager/config-6
2026-01-28T09:42:55.032527400Z I0128 09:42:55.032502       1 copy.go:60] Got configMap openshift-kube-controller-manager/controller-manager-kubeconfig-6
2026-01-28T09:42:55.035226734Z I0128 09:42:55.035205       1 copy.go:60] Got configMap openshift-kube-controller-manager/kube-controller-cert-syncer-kubeconfig-6
2026-01-28T09:42:55.038462123Z I0128 09:42:55.038431       1 copy.go:60] Got configMap openshift-kube-controller-manager/kube-controller-manager-pod-6
2026-01-28T09:42:55.207738649Z I0128 09:42:55.207698       1 copy.go:60] Got configMap openshift-kube-controller-manager/recycler-config-6
2026-01-28T09:42:55.407387927Z I0128 09:42:55.407340       1 copy.go:60] Got configMap openshift-kube-controller-manager/service-ca-6
2026-01-28T09:42:55.607957000Z I0128 09:42:55.607911       1 copy.go:60] Got configMap openshift-kube-controller-manager/serviceaccount-ca-6
2026-01-28T09:42:55.808095442Z I0128 09:42:55.807444       1 copy.go:52] Failed to get config map openshift-kube-controller-manager/cloud-config-6: configmaps "cloud-config-6" not found
2026-01-28T09:42:55.808095442Z I0128 09:42:55.807472       1 cmd.go:261] Creating directory "/etc/kubernetes/static-pod-resources/kube-controller-manager-pod-6/secrets/localhost-recovery-client-token" ...
2026-01-28T09:42:55.808095442Z I0128 09:42:55.807648       1 cmd.go:639] Writing secret manifest "/etc/kubernetes/static-pod-resources/kube-controller-manager-pod-6/secrets/localhost-recovery-client-token/service-ca.crt" ...
2026-01-28T09:42:55.808095442Z I0128 09:42:55.807858       1 cmd.go:639] Writing secret manifest "/etc/kubernetes/static-pod-resources/kube-controller-manager-pod-6/secrets/localhost-recovery-client-token/token" ...
2026-01-28T09:42:55.808095442Z I0128 09:42:55.807957       1 cmd.go:639] Writing secret manifest "/etc/kubernetes/static-pod-resources/kube-controller-manager-pod-6/secrets/localhost-recovery-client-token/ca.crt" ...
2026-01-28T09:42:55.808131423Z I0128 09:42:55.808120       1 cmd.go:639] Writing secret manifest "/etc/kubernetes/static-pod-resources/kube-controller-manager-pod-6/secrets/localhost-recovery-client-token/namespace" ...
2026-01-28T09:42:55.808546704Z I0128 09:42:55.808222       1 cmd.go:261] Creating directory "/etc/kubernetes/static-pod-resources/kube-controller-manager-pod-6/secrets/service-account-private-key" ...
2026-01-28T09:42:55.808546704Z I0128 09:42:55.808285       1 cmd.go:639] Writing secret manifest "/etc/kubernetes/static-pod-resources/kube-controller-manager-pod-6/secrets/service-account-private-key/service-account.key" ...
2026-01-28T09:42:55.808546704Z I0128 09:42:55.808382       1 cmd.go:261] Creating directory "/etc/kubernetes/static-pod-resources/kube-controller-manager-pod-6/secrets/serving-cert" ...
2026-01-28T09:42:55.808546704Z I0128 09:42:55.808436       1 cmd.go:639] Writing secret manifest "/etc/kubernetes/static-pod-resources/kube-controller-manager-pod-6/secrets/serving-cert/tls.crt" ...
2026-01-28T09:42:55.808579866Z I0128 09:42:55.808544       1 cmd.go:639] Writing secret manifest "/etc/kubernetes/static-pod-resources/kube-controller-manager-pod-6/secrets/serving-cert/tls.key" ...
2026-01-28T09:42:55.808659140Z I0128 09:42:55.808643       1 cmd.go:277] Creating directory "/etc/kubernetes/static-pod-resources/kube-controller-manager-pod-6/configmaps/cluster-policy-controller-config" ...
2026-01-28T09:42:55.808800916Z I0128 09:42:55.808754       1 cmd.go:629] Writing config file "/etc/kubernetes/static-pod-resources/kube-controller-manager-pod-6/configmaps/cluster-policy-controller-config/config.yaml" ...
2026-01-28T09:42:55.808887981Z I0128 09:42:55.808865       1 cmd.go:277] Creating directory "/etc/kubernetes/static-pod-resources/kube-controller-manager-pod-6/configmaps/config" ...
2026-01-28T09:42:55.808960955Z I0128 09:42:55.808934       1 cmd.go:629] Writing config file "/etc/kubernetes/static-pod-resources/kube-controller-manager-pod-6/configmaps/config/config.yaml" ...
2026-01-28T09:42:55.809089431Z I0128 09:42:55.809062       1 cmd.go:277] Creating directory "/etc/kubernetes/static-pod-resources/kube-controller-manager-pod-6/configmaps/controller-manager-kubeconfig" ...
2026-01-28T09:42:55.809155214Z I0128 09:42:55.809133       1 cmd.go:629] Writing config file "/etc/kubernetes/static-pod-resources/kube-controller-manager-pod-6/configmaps/controller-manager-kubeconfig/kubeconfig" ...
2026-01-28T09:42:55.809266310Z I0128 09:42:55.809244       1 cmd.go:277] Creating directory "/etc/kubernetes/static-pod-resources/kube-controller-manager-pod-6/configmaps/kube-controller-cert-syncer-kubeconfig" ...
2026-01-28T09:42:55.809333703Z I0128 09:42:55.809309       1 cmd.go:629] Writing config file "/etc/kubernetes/static-pod-resources/kube-controller-manager-pod-6/configmaps/kube-controller-cert-syncer-kubeconfig/kubeconfig" ...
2026-01-28T09:42:55.809439648Z I0128 09:42:55.809418       1 cmd.go:277] Creating directory "/etc/kubernetes/static-pod-resources/kube-controller-manager-pod-6/configmaps/kube-controller-manager-pod" ...
2026-01-28T09:42:55.809505342Z I0128 09:42:55.809475       1 cmd.go:629] Writing config file "/etc/kubernetes/static-pod-resources/kube-controller-manager-pod-6/configmaps/kube-controller-manager-pod/forceRedeploymentReason" ...
2026-01-28T09:42:55.809612677Z I0128 09:42:55.809593       1 cmd.go:629] Writing config file "/etc/kubernetes/static-pod-resources/kube-controller-manager-pod-6/configmaps/kube-controller-manager-pod/pod.yaml" ...
2026-01-28T09:42:55.809719552Z I0128 09:42:55.809700       1 cmd.go:629] Writing config file "/etc/kubernetes/static-pod-resources/kube-controller-manager-pod-6/configmaps/kube-controller-manager-pod/version" ...
2026-01-28T09:42:55.809815457Z I0128 09:42:55.809797       1 cmd.go:277] Creating directory "/etc/kubernetes/static-pod-resources/kube-controller-manager-pod-6/configmaps/recycler-config" ...
2026-01-28T09:42:55.809903241Z I0128 09:42:55.809883       1 cmd.go:629] Writing config file "/etc/kubernetes/static-pod-resources/kube-controller-manager-pod-6/configmaps/recycler-config/recycler-pod.yaml" ...
2026-01-28T09:42:55.809997366Z I0128 09:42:55.809978       1 cmd.go:277] Creating directory "/etc/kubernetes/static-pod-resources/kube-controller-manager-pod-6/configmaps/service-ca" ...
2026-01-28T09:42:55.810115312Z I0128 09:42:55.810095       1 cmd.go:629] Writing config file "/etc/kubernetes/static-pod-resources/kube-controller-manager-pod-6/configmaps/service-ca/ca-bundle.crt" ...
2026-01-28T09:42:55.810271849Z I0128 09:42:55.810216       1 cmd.go:277] Creating directory "/etc/kubernetes/static-pod-resources/kube-controller-manager-pod-6/configmaps/serviceaccount-ca" ...
2026-01-28T09:42:55.810304001Z I0128 09:42:55.810290       1 cmd.go:629] Writing config file "/etc/kubernetes/static-pod-resources/kube-controller-manager-pod-6/configmaps/serviceaccount-ca/ca-bundle.crt" ...
2026-01-28T09:42:55.810419887Z I0128 09:42:55.810397       1 cmd.go:221] Creating target resource directory "/etc/kubernetes/static-pod-resources/kube-controller-manager-certs" ...
2026-01-28T09:42:55.810446898Z I0128 09:42:55.810417       1 cmd.go:229] Getting secrets ...
2026-01-28T09:42:56.008013643Z I0128 09:42:56.007960       1 copy.go:32] Got secret openshift-kube-controller-manager/csr-signer
2026-01-28T09:42:56.207721084Z I0128 09:42:56.207686       1 copy.go:32] Got secret openshift-kube-controller-manager/kube-controller-manager-client-cert-key
2026-01-28T09:42:56.207789127Z I0128 09:42:56.207777       1 cmd.go:242] Getting config maps ...
2026-01-28T09:42:56.407479167Z I0128 09:42:56.407428       1 copy.go:60] Got configMap openshift-kube-controller-manager/aggregator-client-ca
2026-01-28T09:42:56.607269421Z I0128 09:42:56.607236       1 copy.go:60] Got configMap openshift-kube-controller-manager/client-ca
2026-01-28T09:42:56.813049032Z I0128 09:42:56.812984       1 copy.go:60] Got configMap openshift-kube-controller-manager/trusted-ca-bundle
2026-01-28T09:42:56.813298985Z I0128 09:42:56.813276       1 cmd.go:261] Creating directory "/etc/kubernetes/static-pod-resources/kube-controller-manager-certs/secrets/csr-signer" ...
2026-01-28T09:42:56.813319116Z I0128 09:42:56.813308       1 cmd.go:639] Writing secret manifest "/etc/kubernetes/static-pod-resources/kube-controller-manager-certs/secrets/csr-signer/tls.key" ...
2026-01-28T09:42:56.813496344Z I0128 09:42:56.813471       1 cmd.go:639] Writing secret manifest "/etc/kubernetes/static-pod-resources/kube-controller-manager-certs/secrets/csr-signer/tls.crt" ...
2026-01-28T09:42:56.813617241Z I0128 09:42:56.813589       1 cmd.go:261] Creating directory "/etc/kubernetes/static-pod-resources/kube-controller-manager-certs/secrets/kube-controller-manager-client-cert-key" ...
2026-01-28T09:42:56.813617241Z I0128 09:42:56.813610       1 cmd.go:639] Writing secret manifest "/etc/kubernetes/static-pod-resources/kube-controller-manager-certs/secrets/kube-controller-manager-client-cert-key/tls.crt" ...
2026-01-28T09:42:56.813742757Z I0128 09:42:56.813719       1 cmd.go:639] Writing secret manifest "/etc/kubernetes/static-pod-resources/kube-controller-manager-certs/secrets/kube-controller-manager-client-cert-key/tls.key" ...
2026-01-28T09:42:56.813855302Z I0128 09:42:56.813837       1 cmd.go:277] Creating directory "/etc/kubernetes/static-pod-resources/kube-controller-manager-certs/configmaps/aggregator-client-ca" ...
2026-01-28T09:42:56.813872833Z I0128 09:42:56.813855       1 cmd.go:629] Writing config file "/etc/kubernetes/static-pod-resources/kube-controller-manager-certs/configmaps/aggregator-client-ca/ca-bundle.crt" ...
2026-01-28T09:42:56.813998299Z I0128 09:42:56.813978       1 cmd.go:277] Creating directory "/etc/kubernetes/static-pod-resources/kube-controller-manager-certs/configmaps/client-ca" ...
2026-01-28T09:42:56.814082973Z I0128 09:42:56.814068       1 cmd.go:629] Writing config file "/etc/kubernetes/static-pod-resources/kube-controller-manager-certs/configmaps/client-ca/ca-bundle.crt" ...
2026-01-28T09:42:56.814315965Z I0128 09:42:56.814297       1 cmd.go:277] Creating directory "/etc/kubernetes/static-pod-resources/kube-controller-manager-certs/configmaps/trusted-ca-bundle" ...
2026-01-28T09:42:56.814512355Z I0128 09:42:56.814492       1 cmd.go:629] Writing config file "/etc/kubernetes/static-pod-resources/kube-controller-manager-certs/configmaps/trusted-ca-bundle/ca-bundle.crt" ...
2026-01-28T09:42:56.814840301Z I0128 09:42:56.814823       1 cmd.go:335] Getting pod configmaps/kube-controller-manager-pod-6 -n openshift-kube-controller-manager
2026-01-28T09:42:57.007924984Z I0128 09:42:57.007871       1 cmd.go:351] Creating directory for static pod manifest "/etc/kubernetes/manifests" ...
2026-01-28T09:42:57.007961976Z I0128 09:42:57.007907       1 cmd.go:379] Writing a pod under "kube-controller-manager-pod.yaml" key 
2026-01-28T09:42:57.007961976Z {"kind":"Pod","apiVersion":"v1","metadata":{"name":"kube-controller-manager","namespace":"openshift-kube-controller-manager","creationTimestamp":null,"labels":{"app":"kube-controller-manager","kube-controller-manager":"true","revision":"6"},"annotations":{"kubectl.kubernetes.io/default-container":"kube-controller-manager","target.workload.openshift.io/management":"{\"effect\": \"PreferredDuringScheduling\"}"}},"spec":{"volumes":[{"name":"resource-dir","hostPath":{"path":"/etc/kubernetes/static-pod-resources/kube-controller-manager-pod-6"}},{"name":"cert-dir","hostPath":{"path":"/etc/kubernetes/static-pod-resources/kube-controller-manager-certs"}},{"name":"tmp-dir","emptyDir":{}},{"name":"ca-trust-dir","emptyDir":{}},{"name":"var-run-kubernetes","emptyDir":{}},{"name":"kubelet-plugins","emptyDir":{}}],"containers":[{"name":"kube-controller-manager","image":"registry.build11.ci.openshift.org/ci-ln-vjb5l1t/stable@sha256:fb1529a27e685fb1b5b13a5d1e935a27c9b9591e884ec8f6c22025208ec02596","command":["/bin/bash","-euxo","pipefail","-c"],"args":["timeout 3m /bin/bash -exuo pipefail -c 'while [ -n \"$(ss -Htanop \\( sport = 10257 \\))\" ]; do sleep 1; done'\n\nif [ -f /etc/kubernetes/static-pod-certs/configmaps/trusted-ca-bundle/ca-bundle.crt ]; then\n  echo \"Copying system trust bundle\"\n  cp -f /etc/kubernetes/static-pod-certs/configmaps/trusted-ca-bundle/ca-bundle.crt /etc/pki/ca-trust/extracted/pem/tls-ca-bundle.pem\nfi\n\nif [ -f /etc/kubernetes/static-pod-resources/configmaps/cloud-config/ca-bundle.pem ]; then\n  echo \"Setting custom CA bundle for cloud provider\"\n  export AWS_CA_BUNDLE=/etc/kubernetes/static-pod-resources/configmaps/cloud-config/ca-bundle.pem\nfi\n\nexec hyperkube kube-controller-manager --openshift-config=/etc/kubernetes/static-pod-resources/configmaps/config/config.yaml \\\n  --kubeconfig=/etc/kubernetes/static-pod-resources/configmaps/controller-manager-kubeconfig/kubeconfig \\\n  --authentication-kubeconfig=/etc/kubernetes/static-pod-resources/configmaps/controller-manager-kubeconfig/kubeconfig \\\n  --authorization-kubeconfig=/etc/kubernetes/static-pod-resources/configmaps/controller-manager-kubeconfig/kubeconfig \\\n  --client-ca-file=/etc/kubernetes/static-pod-certs/configmaps/client-ca/ca-bundle.crt \\\n  --requestheader-client-ca-file=/etc/kubernetes/static-pod-certs/configmaps/aggregator-client-ca/ca-bundle.crt -v=2 --tls-cert-file=/etc/kubernetes/static-pod-resources/secrets/serving-cert/tls.crt --tls-private-key-file=/etc/kubernetes/static-pod-resources/secrets/serving-cert/tls.key --allocate-node-cidrs=false --cert-dir=/var/run/kubernetes --cloud-provider=external --cluster-cidr=10.128.0.0/14 --cluster-name=ci-ln-vjb5l1t-76ef8-snmcd --cluster-signing-cert-file=/etc/kubernetes/static-pod-certs/secrets/csr-signer/tls.crt --cluster-signing-duration=720h --cluster-signing-key-file=/etc/kubernetes/static-pod-certs/secrets/csr-signer/tls.key --controllers=* --controllers=-bootstrapsigner --controllers=-tokencleaner --controllers=-ttl --controllers=selinux-warning-controller --enable-dynamic-provisioning=true --feature-gates=AWSClusterHostedDNS=false --feature-gates=AWSClusterHostedDNSInstall=false --feature-gates=AWSDedicatedHosts=false --feature-gates=AWSServiceLBNetworkSecurityGroup=false --feature-gates=AdditionalRoutingCapabilities=true --feature-gates=AdminNetworkPolicy=true --feature-gates=AlibabaPlatform=true --feature-gates=AutomatedEtcdBackup=false --feature-gates=AzureClusterHostedDNSInstall=false --feature-gates=AzureDedicatedHosts=false --feature-gates=AzureMultiDisk=false --feature-gates=AzureWorkloadIdentity=true --feature-gates=BootImageSkewEnforcement=false --feature-gates=BootcNodeManagement=false --feature-gates=BuildCSIVolumes=true --feature-gates=CPMSMachineNamePrefix=true --feature-gates=ClusterAPIInstall=false --feature-gates=ClusterAPIInstallIBMCloud=false --feature-gates=ClusterMonitoringConfig=false --feature-gates=ClusterVersionOperatorConfiguration=false --feature-gates=ConsolePluginContentSecurityPolicy=true --feature-gates=DNSNameResolver=false --feature-gates=DualReplica=false --feature-gates=DyanmicServiceEndpointIBMCloud=false --feature-gates=DynamicResourceAllocation=false --feature-gates=EtcdBackendQuota=false --feature-gates=EventedPLEG=false --feature-gates=Example2=false --feature-gates=Example=false --feature-gates=ExternalOIDC=true --feature-gates=ExternalOIDCWithUIDAndExtraClaimMappings=true --feature-gates=ExternalSnapshotMetadata=false --feature-gates=GCPClusterHostedDNS=false --feature-gates=GCPClusterHostedDNSInstall=false --feature-gates=GCPCustomAPIEndpoints=false --feature-gates=GCPCustomAPIEndpointsInstall=false --feature-gates=GatewayAPI=true --feature-gates=GatewayAPIController=true --feature-gates=HighlyAvailableArbiter=true --feature-gates=ImageModeStatusReporting=false --feature-gates=ImageStreamImportMode=false --feature-gates=ImageVolume=true --feature-gates=IngressControllerDynamicConfigurationManager=false --feature-gates=IngressControllerLBSubnetsAWS=true --feature-gates=InsightsConfig=false --feature-gates=InsightsConfigAPI=false --feature-gates=InsightsOnDemandDataGather=false --feature-gates=IrreconcilableMachineConfig=false --feature-gates=KMSEncryptionProvider=false --feature-gates=KMSv1=true --feature-gates=MachineAPIMigration=false --feature-gates=MachineAPIOperatorDisableMachineHealthCheckController=false --feature-gates=MachineConfigNodes=true --feature-gates=ManagedBootImages=true --feature-gates=ManagedBootImagesAWS=true --feature-gates=ManagedBootImagesAzure=false --feature-gates=ManagedBootImagesvSphere=false --feature-gates=MaxUnavailableStatefulSet=false --feature-gates=MetricsCollectionProfiles=true --feature-gates=MinimumKubeletVersion=false --feature-gates=MixedCPUsAllocation=false --feature-gates=MultiArchInstallAzure=false --feature-gates=MultiDiskSetup=false --feature-gates=MutatingAdmissionPolicy=false --feature-gates=NetworkDiagnosticsConfig=true --feature-gates=NetworkLiveMigration=true --feature-gates=NetworkSegmentation=true --feature-gates=NewOLM=true --feature-gates=NewOLMCatalogdAPIV1Metas=false --feature-gates=NewOLMOwnSingleNamespace=false --feature-gates=NewOLMPreflightPermissionChecks=false --feature-gates=NewOLMWebhookProviderOpenshiftServiceCA=false --feature-gates=NoRegistryClusterOperations=false --feature-gates=NodeSwap=false --feature-gates=NutanixMultiSubnets=false --feature-gates=OVNObservability=false --feature-gates=OpenShiftPodSecurityAdmission=false --feature-gates=PinnedImages=true --feature-gates=PreconfiguredUDNAddresses=true --feature-gates=ProcMountType=true --feature-gates=RouteAdvertisements=true --feature-gates=RouteExternalCertificate=true --feature-gates=SELinuxMount=false --feature-gates=ServiceAccountTokenNodeBinding=true --feature-gates=SetEIPForNLBIngressController=true --feature-gates=ShortCertRotation=false --feature-gates=SignatureStores=false --feature-gates=SigstoreImageVerification=true --feature-gates=SigstoreImageVerificationPKI=false --feature-gates=StoragePerformantSecurityPolicy=true --feature-gates=TranslateStreamCloseWebsocketRequests=false --feature-gates=UpgradeStatus=true --feature-gates=UserNamespacesPodSecurityStandards=true --feature-gates=UserNamespacesSupport=true --feature-gates=VSphereConfigurableMaxAllowedBlockVolumesPerNode=false --feature-gates=VSphereHostVMGroupZonal=false --feature-gates=VSphereMixedNodeEnv=false --feature-gates=VSphereMultiDisk=true --feature-gates=VSphereMultiNetworks=true --feature-gates=VolumeAttributesClass=false --feature-gates=VolumeGroupSnapshot=false --flex-volume-plugin-dir=/etc/kubernetes/kubelet-plugins/volume/exec --kube-api-burst=300 --kube-api-qps=150 --leader-elect-renew-deadline=12s --leader-elect-resource-lock=leases --leader-elect-retry-period=3s --leader-elect=true --pv-recycler-pod-template-filepath-hostpath=/etc/kubernetes/static-pod-resources/configmaps/recycler-config/recycler-pod.yaml --pv-recycler-pod-template-filepath-nfs=/etc/kubernetes/static-pod-resources/configmaps/recycler-config/recycler-pod.yaml --root-ca-file=/etc/kubernetes/static-pod-resources/configmaps/serviceaccount-ca/ca-bundle.crt --secure-port=10257 --service-account-private-key-file=/etc/kubernetes/static-pod-resources/secrets/service-account-private-key/service-account.key --service-cluster-ip-range=172.30.0.0/16 --use-service-account-credentials=true --tls-cipher-suites=TLS_AES_128_GCM_SHA256,TLS_AES_256_GCM_SHA384,TLS_CHACHA20_POLY1305_SHA256,TLS_ECDHE_ECDSA_WITH_AES_128_GCM_SHA256,TLS_ECDHE_RSA_WITH_AES_128_GCM_SHA256,TLS_ECDHE_ECDSA_WITH_AES_256_GCM_SHA384,TLS_ECDHE_RSA_WITH_AES_256_GCM_SHA384,TLS_ECDHE_ECDSA_WITH_CHACHA20_POLY1305_SHA256,TLS_ECDHE_RSA_WITH_CHACHA20_POLY1305_SHA256 --tls-min-version=VersionTLS12"],"ports":[{"containerPort":10257}],"resources":{"requests":{"cpu":"60m","memory":"200Mi"}},"volumeMounts":[{"name":"resource-dir","mountPath":"/etc/kubernetes/static-pod-resources"},{"name":"cert-dir","mountPath":"/etc/kubernetes/static-pod-certs"}],"livenessProbe":{"httpGet":{"path":"healthz","port":10257,"scheme":"HTTPS"},"initialDelaySeconds":45,"timeoutSeconds":10},"readinessProbe":{"httpGet":{"path":"healthz","port":10257,"scheme":"HTTPS"},"initialDelaySeconds":10,"timeoutSeconds":10},"startupProbe":{"httpGet":{"path":"healthz","port":10257,"scheme":"HTTPS"},"timeoutSeconds":3},"terminationMessagePolicy":"FallbackToLogsOnError","imagePullPolicy":"IfNotPresent"},{"name":"cluster-policy-controller","image":"registry.build11.ci.openshift.org/ci-ln-vjb5l1t/stable@sha256:845aa0726919c6280d01d1aa488a139444bf86198082e33f1da3ddb9d91aa3b7","command":["/bin/bash","-euxo","pipefail","-c"],"args":["timeout 3m /bin/bash -exuo pipefail -c 'while [ -n \"$(ss -Htanop \\( sport = 10357 \\))\" ]; do sleep 1; done'\n\nexec cluster-policy-controller start --config=/etc/kubernetes/static-pod-resources/configmaps/cluster-policy-controller-config/config.yaml \\\n  --kubeconfig=/etc/kubernetes/static-pod-resources/configmaps/controller-manager-kubeconfig/kubeconfig \\\n  --namespace=${POD_NAMESPACE} -v=2"],"ports":[{"containerPort":10357}],"env":[{"name":"POD_NAME","valueFrom":{"fieldRef":{"fieldPath":"metadata.name"}}},{"name":"POD_NAMESPACE","valueFrom":{"fieldRef":{"fieldPath":"metadata.namespace"}}}],"resources":{"requests":{"cpu":"10m","memory":"200Mi"}},"volumeMounts":[{"name":"resource-dir","mountPath":"/etc/kubernetes/static-pod-resources"},{"name":"cert-dir","mountPath":"/etc/kubernetes/static-pod-certs"},{"name":"tmp-dir","mountPath":"/tmp"},{"name":"ca-trust-dir","mountPath":"/etc/pki/ca-trust/extracted/pem"},{"name":"var-run-kubernetes","mountPath":"/var/run/kubernetes"}],"livenessProbe":{"httpGet":{"path":"healthz","port":10357,"host":"localhost","scheme":"HTTPS"},"initialDelaySeconds":45,"timeoutSeconds":10},"readinessProbe":{"httpGet":{"path":"healthz","port":10357,"host":"localhost","scheme":"HTTPS"},"initialDelaySeconds":10,"timeoutSeconds":10},"startupProbe":{"httpGet":{"path":"healthz","port":10357,"host":"localhost","scheme":"HTTPS"},"timeoutSeconds":3},"terminationMessagePolicy":"FallbackToLogsOnError","imagePullPolicy":"IfNotPresent","securityContext":{"readOnlyRootFilesystem":true}},{"name":"kube-controller-manager-cert-syncer","image":"registry.build11.ci.openshift.org/ci-ln-vjb5l1t/stable@sha256:f96b1808afd9f4668b6ac008696616690a796ace4bdf46e4f2d2c3b46eaafc5e","command":["cluster-kube-controller-manager-operator","cert-syncer"],"args":["--kubeconfig=/etc/kubernetes/static-pod-resources/configmaps/kube-controller-cert-syncer-kubeconfig/kubeconfig","--namespace=$(POD_NAMESPACE)","--destination-dir=/etc/kubernetes/static-pod-certs"],"env":[{"name":"POD_NAME","valueFrom":{"fieldRef":{"fieldPath":"metadata.name"}}},{"name":"POD_NAMESPACE","valueFrom":{"fieldRef":{"fieldPath":"metadata.namespace"}}}],"resources":{"requests":{"cpu":"5m","memory":"50Mi"}},"volumeMounts":[{"name":"resource-dir","mountPath":"/etc/kubernetes/static-pod-resources"},{"name":"cert-dir","mountPath":"/etc/kubernetes/static-pod-certs"},{"name":"tmp-dir","mountPath":"/tmp"},{"name":"ca-trust-dir","mountPath":"/etc/pki/ca-trust/extracted/pem"},{"name":"var-run-kubernetes","mountPath":"/var/run/kubernetes"}],"terminationMessagePolicy":"FallbackToLogsOnError","imagePullPolicy":"IfNotPresent","securityContext":{"readOnlyRootFilesystem":true}},{"name":"kube-controller-manager-recovery-controller","image":"registry.build11.ci.openshift.org/ci-ln-vjb5l1t/stable@sha256:f96b1808afd9f4668b6ac008696616690a796ace4bdf46e4f2d2c3b46eaafc5e","command":["/bin/bash","-euxo","pipefail","-c"],"args":["timeout 3m /bin/bash -exuo pipefail -c 'while [ -n \"$(ss -Htanop \\( sport = 9443 \\))\" ]; do sleep 1; done'\n\nexec cluster-kube-controller-manager-operator cert-recovery-controller --kubeconfig=/etc/kubernetes/static-pod-resources/configmaps/kube-controller-cert-syncer-kubeconfig/kubeconfig --namespace=${POD_NAMESPACE} --listen=0.0.0.0:9443 -v=2"],"env":[{"name":"POD_NAMESPACE","valueFrom":{"fieldRef":{"fieldPath":"metadata.namespace"}}},{"name":"OPERATOR_IMAGE_VERSION","value":"4.20.0-0-2026-01-28-090915-test-ci-ln-vjb5l1t-latest"}],"resources":{"requests":{"cpu":"5m","memory":"50Mi"}},"volumeMounts":[{"name":"resource-dir","mountPath":"/etc/kubernetes/static-pod-resources"},{"name":"cert-dir","mountPath":"/etc/kubernetes/static-pod-certs"},{"name":"tmp-dir","mountPath":"/tmp"},{"name":"ca-trust-dir","mountPath":"/etc/pki/ca-trust/extracted/pem"},{"name":"var-run-kubernetes","mountPath":"/var/run/kubernetes"}],"terminationMessagePolicy":"FallbackToLogsOnError","imagePullPolicy":"IfNotPresent","securityContext":{"readOnlyRootFilesystem":true}}],"hostNetwork":true,"tolerations":[{"operator":"Exists"}],"priorityClassName":"system-node-critical","priority":2000001000},"status":{}}
2026-01-28T09:42:57.010474160Z I0128 09:42:57.010442       1 cmd.go:610] Writing pod manifest "/etc/kubernetes/static-pod-resources/kube-controller-manager-pod-6/kube-controller-manager-pod.yaml" ...
2026-01-28T09:42:57.010677680Z I0128 09:42:57.010658       1 cmd.go:617] Removed existing static pod manifest "/etc/kubernetes/manifests/kube-controller-manager-pod.yaml" ...
2026-01-28T09:42:57.010750904Z I0128 09:42:57.010711       1 cmd.go:621] Writing static pod manifest "/etc/kubernetes/manifests/kube-controller-manager-pod.yaml" ...
2026-01-28T09:42:57.010750904Z {"kind":"Pod","apiVersion":"v1","metadata":{"name":"kube-controller-manager","namespace":"openshift-kube-controller-manager","creationTimestamp":null,"labels":{"app":"kube-controller-manager","kube-controller-manager":"true","revision":"6"},"annotations":{"kubectl.kubernetes.io/default-container":"kube-controller-manager","target.workload.openshift.io/management":"{\"effect\": \"PreferredDuringScheduling\"}"}},"spec":{"volumes":[{"name":"resource-dir","hostPath":{"path":"/etc/kubernetes/static-pod-resources/kube-controller-manager-pod-6"}},{"name":"cert-dir","hostPath":{"path":"/etc/kubernetes/static-pod-resources/kube-controller-manager-certs"}},{"name":"tmp-dir","emptyDir":{}},{"name":"ca-trust-dir","emptyDir":{}},{"name":"var-run-kubernetes","emptyDir":{}},{"name":"kubelet-plugins","emptyDir":{}}],"containers":[{"name":"kube-controller-manager","image":"registry.build11.ci.openshift.org/ci-ln-vjb5l1t/stable@sha256:fb1529a27e685fb1b5b13a5d1e935a27c9b9591e884ec8f6c22025208ec02596","command":["/bin/bash","-euxo","pipefail","-c"],"args":["timeout 3m /bin/bash -exuo pipefail -c 'while [ -n \"$(ss -Htanop \\( sport = 10257 \\))\" ]; do sleep 1; done'\n\nif [ -f /etc/kubernetes/static-pod-certs/configmaps/trusted-ca-bundle/ca-bundle.crt ]; then\n  echo \"Copying system trust bundle\"\n  cp -f /etc/kubernetes/static-pod-certs/configmaps/trusted-ca-bundle/ca-bundle.crt /etc/pki/ca-trust/extracted/pem/tls-ca-bundle.pem\nfi\n\nif [ -f /etc/kubernetes/static-pod-resources/configmaps/cloud-config/ca-bundle.pem ]; then\n  echo \"Setting custom CA bundle for cloud provider\"\n  export AWS_CA_BUNDLE=/etc/kubernetes/static-pod-resources/configmaps/cloud-config/ca-bundle.pem\nfi\n\nexec hyperkube kube-controller-manager --openshift-config=/etc/kubernetes/static-pod-resources/configmaps/config/config.yaml \\\n  --kubeconfig=/etc/kubernetes/static-pod-resources/configmaps/controller-manager-kubeconfig/kubeconfig \\\n  --authentication-kubeconfig=/etc/kubernetes/static-pod-resources/configmaps/controller-manager-kubeconfig/kubeconfig \\\n  --authorization-kubeconfig=/etc/kubernetes/static-pod-resources/configmaps/controller-manager-kubeconfig/kubeconfig \\\n  --client-ca-file=/etc/kubernetes/static-pod-certs/configmaps/client-ca/ca-bundle.crt \\\n  --requestheader-client-ca-file=/etc/kubernetes/static-pod-certs/configmaps/aggregator-client-ca/ca-bundle.crt -v=2 --tls-cert-file=/etc/kubernetes/static-pod-resources/secrets/serving-cert/tls.crt --tls-private-key-file=/etc/kubernetes/static-pod-resources/secrets/serving-cert/tls.key --allocate-node-cidrs=false --cert-dir=/var/run/kubernetes --cloud-provider=external --cluster-cidr=10.128.0.0/14 --cluster-name=ci-ln-vjb5l1t-76ef8-snmcd --cluster-signing-cert-file=/etc/kubernetes/static-pod-certs/secrets/csr-signer/tls.crt --cluster-signing-duration=720h --cluster-signing-key-file=/etc/kubernetes/static-pod-certs/secrets/csr-signer/tls.key --controllers=* --controllers=-bootstrapsigner --controllers=-tokencleaner --controllers=-ttl --controllers=selinux-warning-controller --enable-dynamic-provisioning=true --feature-gates=AWSClusterHostedDNS=false --feature-gates=AWSClusterHostedDNSInstall=false --feature-gates=AWSDedicatedHosts=false --feature-gates=AWSServiceLBNetworkSecurityGroup=false --feature-gates=AdditionalRoutingCapabilities=true --feature-gates=AdminNetworkPolicy=true --feature-gates=AlibabaPlatform=true --feature-gates=AutomatedEtcdBackup=false --feature-gates=AzureClusterHostedDNSInstall=false --feature-gates=AzureDedicatedHosts=false --feature-gates=AzureMultiDisk=false --feature-gates=AzureWorkloadIdentity=true --feature-gates=BootImageSkewEnforcement=false --feature-gates=BootcNodeManagement=false --feature-gates=BuildCSIVolumes=true --feature-gates=CPMSMachineNamePrefix=true --feature-gates=ClusterAPIInstall=false --feature-gates=ClusterAPIInstallIBMCloud=false --feature-gates=ClusterMonitoringConfig=false --feature-gates=ClusterVersionOperatorConfiguration=false --feature-gates=ConsolePluginContentSecurityPolicy=true --feature-gates=DNSNameResolver=false --feature-gates=DualReplica=false --feature-gates=DyanmicServiceEndpointIBMCloud=false --feature-gates=DynamicResourceAllocation=false --feature-gates=EtcdBackendQuota=false --feature-gates=EventedPLEG=false --feature-gates=Example2=false --feature-gates=Example=false --feature-gates=ExternalOIDC=true --feature-gates=ExternalOIDCWithUIDAndExtraClaimMappings=true --feature-gates=ExternalSnapshotMetadata=false --feature-gates=GCPClusterHostedDNS=false --feature-gates=GCPClusterHostedDNSInstall=false --feature-gates=GCPCustomAPIEndpoints=false --feature-gates=GCPCustomAPIEndpointsInstall=false --feature-gates=GatewayAPI=true --feature-gates=GatewayAPIController=true --feature-gates=HighlyAvailableArbiter=true --feature-gates=ImageModeStatusReporting=false --feature-gates=ImageStreamImportMode=false --feature-gates=ImageVolume=true --feature-gates=IngressControllerDynamicConfigurationManager=false --feature-gates=IngressControllerLBSubnetsAWS=true --feature-gates=InsightsConfig=false --feature-gates=InsightsConfigAPI=false --feature-gates=InsightsOnDemandDataGather=false --feature-gates=IrreconcilableMachineConfig=false --feature-gates=KMSEncryptionProvider=false --feature-gates=KMSv1=true --feature-gates=MachineAPIMigration=false --feature-gates=MachineAPIOperatorDisableMachineHealthCheckController=false --feature-gates=MachineConfigNodes=true --feature-gates=ManagedBootImages=true --feature-gates=ManagedBootImagesAWS=true --feature-gates=ManagedBootImagesAzure=false --feature-gates=ManagedBootImagesvSphere=false --feature-gates=MaxUnavailableStatefulSet=false --feature-gates=MetricsCollectionProfiles=true --feature-gates=MinimumKubeletVersion=false --feature-gates=MixedCPUsAllocation=false --feature-gates=MultiArchInstallAzure=false --feature-gates=MultiDiskSetup=false --feature-gates=MutatingAdmissionPolicy=false --feature-gates=NetworkDiagnosticsConfig=true --feature-gates=NetworkLiveMigration=true --feature-gates=NetworkSegmentation=true --feature-gates=NewOLM=true --feature-gates=NewOLMCatalogdAPIV1Metas=false --feature-gates=NewOLMOwnSingleNamespace=false --feature-gates=NewOLMPreflightPermissionChecks=false --feature-gates=NewOLMWebhookProviderOpenshiftServiceCA=false --feature-gates=NoRegistryClusterOperations=false --feature-gates=NodeSwap=false --feature-gates=NutanixMultiSubnets=false --feature-gates=OVNObservability=false --feature-gates=OpenShiftPodSecurityAdmission=false --feature-gates=PinnedImages=true --feature-gates=PreconfiguredUDNAddresses=true --feature-gates=ProcMountType=true --feature-gates=RouteAdvertisements=true --feature-gates=RouteExternalCertificate=true --feature-gates=SELinuxMount=false --feature-gates=ServiceAccountTokenNodeBinding=true --feature-gates=SetEIPForNLBIngressController=true --feature-gates=ShortCertRotation=false --feature-gates=SignatureStores=false --feature-gates=SigstoreImageVerification=true --feature-gates=SigstoreImageVerificationPKI=false --feature-gates=StoragePerformantSecurityPolicy=true --feature-gates=TranslateStreamCloseWebsocketRequests=false --feature-gates=UpgradeStatus=true --feature-gates=UserNamespacesPodSecurityStandards=true --feature-gates=UserNamespacesSupport=true --feature-gates=VSphereConfigurableMaxAllowedBlockVolumesPerNode=false --feature-gates=VSphereHostVMGroupZonal=false --feature-gates=VSphereMixedNodeEnv=false --feature-gates=VSphereMultiDisk=true --feature-gates=VSphereMultiNetworks=true --feature-gates=VolumeAttributesClass=false --feature-gates=VolumeGroupSnapshot=false --flex-volume-plugin-dir=/etc/kubernetes/kubelet-plugins/volume/exec --kube-api-burst=300 --kube-api-qps=150 --leader-elect-renew-deadline=12s --leader-elect-resource-lock=leases --leader-elect-retry-period=3s --leader-elect=true --pv-recycler-pod-template-filepath-hostpath=/etc/kubernetes/static-pod-resources/configmaps/recycler-config/recycler-pod.yaml --pv-recycler-pod-template-filepath-nfs=/etc/kubernetes/static-pod-resources/configmaps/recycler-config/recycler-pod.yaml --root-ca-file=/etc/kubernetes/static-pod-resources/configmaps/serviceaccount-ca/ca-bundle.crt --secure-port=10257 --service-account-private-key-file=/etc/kubernetes/static-pod-resources/secrets/service-account-private-key/service-account.key --service-cluster-ip-range=172.30.0.0/16 --use-service-account-credentials=true --tls-cipher-suites=TLS_AES_128_GCM_SHA256,TLS_AES_256_GCM_SHA384,TLS_CHACHA20_POLY1305_SHA256,TLS_ECDHE_ECDSA_WITH_AES_128_GCM_SHA256,TLS_ECDHE_RSA_WITH_AES_128_GCM_SHA256,TLS_ECDHE_ECDSA_WITH_AES_256_GCM_SHA384,TLS_ECDHE_RSA_WITH_AES_256_GCM_SHA384,TLS_ECDHE_ECDSA_WITH_CHACHA20_POLY1305_SHA256,TLS_ECDHE_RSA_WITH_CHACHA20_POLY1305_SHA256 --tls-min-version=VersionTLS12"],"ports":[{"containerPort":10257}],"resources":{"requests":{"cpu":"60m","memory":"200Mi"}},"volumeMounts":[{"name":"resource-dir","mountPath":"/etc/kubernetes/static-pod-resources"},{"name":"cert-dir","mountPath":"/etc/kubernetes/static-pod-certs"}],"livenessProbe":{"httpGet":{"path":"healthz","port":10257,"scheme":"HTTPS"},"initialDelaySeconds":45,"timeoutSeconds":10},"readinessProbe":{"httpGet":{"path":"healthz","port":10257,"scheme":"HTTPS"},"initialDelaySeconds":10,"timeoutSeconds":10},"startupProbe":{"httpGet":{"path":"healthz","port":10257,"scheme":"HTTPS"},"timeoutSeconds":3},"terminationMessagePolicy":"FallbackToLogsOnError","imagePullPolicy":"IfNotPresent"},{"name":"cluster-policy-controller","image":"registry.build11.ci.openshift.org/ci-ln-vjb5l1t/stable@sha256:845aa0726919c6280d01d1aa488a139444bf86198082e33f1da3ddb9d91aa3b7","command":["/bin/bash","-euxo","pipefail","-c"],"args":["timeout 3m /bin/bash -exuo pipefail -c 'while [ -n \"$(ss -Htanop \\( sport = 10357 \\))\" ]; do sleep 1; done'\n\nexec cluster-policy-controller start --config=/etc/kubernetes/static-pod-resources/configmaps/cluster-policy-controller-config/config.yaml \\\n  --kubeconfig=/etc/kubernetes/static-pod-resources/configmaps/controller-manager-kubeconfig/kubeconfig \\\n  --namespace=${POD_NAMESPACE} -v=2"],"ports":[{"containerPort":10357}],"env":[{"name":"POD_NAME","valueFrom":{"fieldRef":{"fieldPath":"metadata.name"}}},{"name":"POD_NAMESPACE","valueFrom":{"fieldRef":{"fieldPath":"metadata.namespace"}}}],"resources":{"requests":{"cpu":"10m","memory":"200Mi"}},"volumeMounts":[{"name":"resource-dir","mountPath":"/etc/kubernetes/static-pod-resources"},{"name":"cert-dir","mountPath":"/etc/kubernetes/static-pod-certs"},{"name":"tmp-dir","mountPath":"/tmp"},{"name":"ca-trust-dir","mountPath":"/etc/pki/ca-trust/extracted/pem"},{"name":"var-run-kubernetes","mountPath":"/var/run/kubernetes"}],"livenessProbe":{"httpGet":{"path":"healthz","port":10357,"host":"localhost","scheme":"HTTPS"},"initialDelaySeconds":45,"timeoutSeconds":10},"readinessProbe":{"httpGet":{"path":"healthz","port":10357,"host":"localhost","scheme":"HTTPS"},"initialDelaySeconds":10,"timeoutSeconds":10},"startupProbe":{"httpGet":{"path":"healthz","port":10357,"host":"localhost","scheme":"HTTPS"},"timeoutSeconds":3},"terminationMessagePolicy":"FallbackToLogsOnError","imagePullPolicy":"IfNotPresent","securityContext":{"readOnlyRootFilesystem":true}},{"name":"kube-controller-manager-cert-syncer","image":"registry.build11.ci.openshift.org/ci-ln-vjb5l1t/stable@sha256:f96b1808afd9f4668b6ac008696616690a796ace4bdf46e4f2d2c3b46eaafc5e","command":["cluster-kube-controller-manager-operator","cert-syncer"],"args":["--kubeconfig=/etc/kubernetes/static-pod-resources/configmaps/kube-controller-cert-syncer-kubeconfig/kubeconfig","--namespace=$(POD_NAMESPACE)","--destination-dir=/etc/kubernetes/static-pod-certs"],"env":[{"name":"POD_NAME","valueFrom":{"fieldRef":{"fieldPath":"metadata.name"}}},{"name":"POD_NAMESPACE","valueFrom":{"fieldRef":{"fieldPath":"metadata.namespace"}}}],"resources":{"requests":{"cpu":"5m","memory":"50Mi"}},"volumeMounts":[{"name":"resource-dir","mountPath":"/etc/kubernetes/static-pod-resources"},{"name":"cert-dir","mountPath":"/etc/kubernetes/static-pod-certs"},{"name":"tmp-dir","mountPath":"/tmp"},{"name":"ca-trust-dir","mountPath":"/etc/pki/ca-trust/extracted/pem"},{"name":"var-run-kubernetes","mountPath":"/var/run/kubernetes"}],"terminationMessagePolicy":"FallbackToLogsOnError","imagePullPolicy":"IfNotPresent","securityContext":{"readOnlyRootFilesystem":true}},{"name":"kube-controller-manager-recovery-controller","image":"registry.build11.ci.openshift.org/ci-ln-vjb5l1t/stable@sha256:f96b1808afd9f4668b6ac008696616690a796ace4bdf46e4f2d2c3b46eaafc5e","command":["/bin/bash","-euxo","pipefail","-c"],"args":["timeout 3m /bin/bash -exuo pipefail -c 'while [ -n \"$(ss -Htanop \\( sport = 9443 \\))\" ]; do sleep 1; done'\n\nexec cluster-kube-controller-manager-operator cert-recovery-controller --kubeconfig=/etc/kubernetes/static-pod-resources/configmaps/kube-controller-cert-syncer-kubeconfig/kubeconfig --namespace=${POD_NAMESPACE} --listen=0.0.0.0:9443 -v=2"],"env":[{"name":"POD_NAMESPACE","valueFrom":{"fieldRef":{"fieldPath":"metadata.namespace"}}},{"name":"OPERATOR_IMAGE_VERSION","value":"4.20.0-0-2026-01-28-090915-test-ci-ln-vjb5l1t-latest"}],"resources":{"requests":{"cpu":"5m","memory":"50Mi"}},"volumeMounts":[{"name":"resource-dir","mountPath":"/etc/kubernetes/static-pod-resources"},{"name":"cert-dir","mountPath":"/etc/kubernetes/static-pod-certs"},{"name":"tmp-dir","mountPath":"/tmp"},{"name":"ca-trust-dir","mountPath":"/etc/pki/ca-trust/extracted/pem"},{"name":"var-run-kubernetes","mountPath":"/var/run/kubernetes"}],"terminationMessagePolicy":"FallbackToLogsOnError","imagePullPolicy":"IfNotPresent","securityContext":{"readOnlyRootFilesystem":true}}],"hostNetwork":true,"tolerations":[{"operator":"Exists"}],"priorityClassName":"system-node-critical","priority":2000001000},"status":{}}
