2026-01-28T09:29:57.323864373Z + [[ -f /env/_master ]]
2026-01-28T09:29:57.323945775Z + . /ovnkube-lib/ovnkube-lib.sh
2026-01-28T09:29:57.323957785Z ++ set -x
2026-01-28T09:29:57.323969575Z ++ K8S_NODE=
2026-01-28T09:29:57.324016956Z ++ [[ -n '' ]]
2026-01-28T09:29:57.324016956Z ++ northd_pidfile=/var/run/ovn/ovn-northd.pid
2026-01-28T09:29:57.324032557Z ++ controller_pidfile=/var/run/ovn/ovn-controller.pid
2026-01-28T09:29:57.324032557Z ++ controller_logfile=/var/log/ovn/acl-audit-log.log
2026-01-28T09:29:57.324032557Z ++ vswitch_dbsock=/var/run/openvswitch/db.sock
2026-01-28T09:29:57.324057017Z ++ nbdb_pidfile=/var/run/ovn/ovnnb_db.pid
2026-01-28T09:29:57.324057017Z ++ nbdb_sock=/var/run/ovn/ovnnb_db.sock
2026-01-28T09:29:57.324057017Z ++ nbdb_ctl=/var/run/ovn/ovnnb_db.ctl
2026-01-28T09:29:57.324057017Z ++ sbdb_pidfile=/var/run/ovn/ovnsb_db.pid
2026-01-28T09:29:57.324057017Z ++ sbdb_sock=/var/run/ovn/ovnsb_db.sock
2026-01-28T09:29:57.324057017Z ++ sbdb_ctl=/var/run/ovn/ovnsb_db.ctl
2026-01-28T09:29:57.325073820Z + trap quit-ovn-northd TERM INT
2026-01-28T09:29:57.325112741Z + start-ovn-northd info
2026-01-28T09:29:57.325112741Z + local log_level=info
2026-01-28T09:29:57.325112741Z + [[ 1 -ne 1 ]]
2026-01-28T09:29:57.325407748Z ++ date -Iseconds
2026-01-28T09:29:57.326924562Z + echo '2026-01-28T09:29:57+00:00 - starting ovn-northd'
2026-01-28T09:29:57.326940312Z 2026-01-28T09:29:57+00:00 - starting ovn-northd
2026-01-28T09:29:57.327133207Z + wait 3712
2026-01-28T09:29:57.327209869Z + exec ovn-northd --no-chdir -vconsole:info -vfile:off '-vPATTERN:console:%D{%Y-%m-%dT%H:%M:%S.###Z}|%05N|%c%T|%p|%m' --pidfile /var/run/ovn/ovn-northd.pid --n-threads=1
2026-01-28T09:29:57.330679227Z 2026-01-28T09:29:57.330Z|00001|ovn_northd|INFO|OVN internal version is : [25.03.2-20.41.0-78.8]
2026-01-28T09:29:57.330926083Z 2026-01-28T09:29:57.330Z|00002|reconnect|INFO|unix:/var/run/ovn/ovnnb_db.sock: connecting...
2026-01-28T09:29:57.330940143Z 2026-01-28T09:29:57.330Z|00003|reconnect|INFO|unix:/var/run/ovn/ovnnb_db.sock: connection attempt failed (No such file or directory)
2026-01-28T09:29:57.330968404Z 2026-01-28T09:29:57.330Z|00004|ovn_northd|INFO|OVN NB IDL reconnected, force recompute.
2026-01-28T09:29:57.330999475Z 2026-01-28T09:29:57.330Z|00005|reconnect|INFO|unix:/var/run/ovn/ovnsb_db.sock: connecting...
2026-01-28T09:29:57.331008435Z 2026-01-28T09:29:57.331Z|00006|reconnect|INFO|unix:/var/run/ovn/ovnsb_db.sock: connection attempt failed (No such file or directory)
2026-01-28T09:29:57.331025095Z 2026-01-28T09:29:57.331Z|00007|ovn_northd|INFO|OVN SB IDL reconnected, force recompute.
2026-01-28T09:29:58.332333191Z 2026-01-28T09:29:58.332Z|00008|reconnect|INFO|unix:/var/run/ovn/ovnnb_db.sock: connecting...
2026-01-28T09:29:58.332387142Z 2026-01-28T09:29:58.332Z|00009|reconnect|INFO|unix:/var/run/ovn/ovnnb_db.sock: connected
2026-01-28T09:29:58.332457154Z 2026-01-28T09:29:58.332Z|00010|reconnect|INFO|unix:/var/run/ovn/ovnsb_db.sock: connecting...
2026-01-28T09:29:58.332534016Z 2026-01-28T09:29:58.332Z|00011|reconnect|INFO|unix:/var/run/ovn/ovnsb_db.sock: connection attempt failed (No such file or directory)
2026-01-28T09:29:58.332646148Z 2026-01-28T09:29:58.332Z|00012|reconnect|INFO|unix:/var/run/ovn/ovnsb_db.sock: waiting 2 seconds before reconnect
2026-01-28T09:30:00.333298251Z 2026-01-28T09:30:00.333Z|00013|reconnect|INFO|unix:/var/run/ovn/ovnsb_db.sock: connecting...
2026-01-28T09:30:00.333847363Z 2026-01-28T09:30:00.333Z|00014|reconnect|INFO|unix:/var/run/ovn/ovnsb_db.sock: connected
2026-01-28T09:30:00.334257753Z 2026-01-28T09:30:00.334Z|00015|ovn_northd|INFO|ovn-northd lock acquired. This ovn-northd instance is now active.
2026-01-28T09:30:08.943060175Z 2026-01-28T09:30:08.943Z|00016|memory|INFO|12800 kB peak resident set size after 11.6 seconds
2026-01-28T09:30:08.943351872Z 2026-01-28T09:30:08.943Z|00017|memory|INFO|idl-cells-OVN_Northbound:2807 idl-cells-OVN_Southbound:10124
