2026-01-28T09:44:34.846252627Z time=2026-01-28T09:44:34.846Z level=INFO source=main.go:274 msg="Experimental delayed compaction is enabled."
2026-01-28T09:44:34.932861908Z time=2026-01-28T09:44:34.932Z level=INFO source=main.go:1547 msg="updated GOGC" old=100 new=75
2026-01-28T09:44:34.933239907Z time=2026-01-28T09:44:34.933Z level=INFO source=main.go:679 msg="Leaving GOMAXPROCS=4: CPU quota undefined" component=automaxprocs
2026-01-28T09:44:34.933551904Z time=2026-01-28T09:44:34.933Z level=INFO source=memlimit.go:198 msg="GOMEMLIMIT is updated" component=automemlimit package=github.com/KimMachineGun/automemlimit/memlimit GOMEMLIMIT=14755203072 previous=9223372036854775807
2026-01-28T09:44:34.933617795Z time=2026-01-28T09:44:34.933Z level=INFO source=main.go:772 msg="Starting Prometheus Server" mode=server version="(version=3.5.0, branch=HEAD, revision=1d81ac847e0d3f386d8216b4a70a88e91fd3d15b)"
2026-01-28T09:44:34.933680017Z time=2026-01-28T09:44:34.933Z level=INFO source=main.go:777 msg="operational information" build_context="(go=go1.24.11 (Red Hat 1.24.11-1.el9_6) X:strictfipsruntime, platform=linux/amd64, user=reproducible@reproducible, date=20250929-09:52:01, tags=netgo,builtinassets,strictfipsruntime)" host_details="(Linux 5.14.0-570.82.1.el9_6.x86_64 #1 SMP PREEMPT_DYNAMIC Thu Jan 22 01:11:16 EST 2026 x86_64 prometheus-k8s-1 (none))" fd_limits="(soft=1048576, hard=1048576)" vm_limits="(soft=unlimited, hard=unlimited)"
2026-01-28T09:44:34.937660688Z time=2026-01-28T09:44:34.937Z level=INFO source=web.go:656 msg="Start listening for connections" component=web address=127.0.0.1:9090
2026-01-28T09:44:34.938338974Z time=2026-01-28T09:44:34.938Z level=INFO source=main.go:1291 msg="Starting TSDB ..."
2026-01-28T09:44:34.939580693Z time=2026-01-28T09:44:34.939Z level=INFO source=tls_config.go:347 msg="Listening on" component=web address=127.0.0.1:9090
2026-01-28T09:44:34.939733456Z time=2026-01-28T09:44:34.939Z level=INFO source=tls_config.go:386 msg="TLS is disabled." component=web http2=false address=127.0.0.1:9090
2026-01-28T09:44:34.941786443Z time=2026-01-28T09:44:34.941Z level=INFO source=head.go:657 msg="Replaying on-disk memory mappable chunks if any" component=tsdb
2026-01-28T09:44:34.941806414Z time=2026-01-28T09:44:34.941Z level=INFO source=head.go:744 msg="On-disk memory mappable chunks replay completed" component=tsdb duration=1.3µs
2026-01-28T09:44:34.941816534Z time=2026-01-28T09:44:34.941Z level=INFO source=head.go:752 msg="Replaying WAL, this may take a while" component=tsdb
2026-01-28T09:44:35.930677654Z time=2026-01-28T09:44:35.930Z level=INFO source=head.go:825 msg="WAL segment loaded" component=tsdb segment=0 maxSegment=1 duration=988.757017ms
2026-01-28T09:44:35.930796207Z time=2026-01-28T09:44:35.930Z level=INFO source=head.go:825 msg="WAL segment loaded" component=tsdb segment=1 maxSegment=1 duration=118.533µs
2026-01-28T09:44:35.930809417Z time=2026-01-28T09:44:35.930Z level=INFO source=head.go:862 msg="WAL replay completed" component=tsdb checkpoint_replay_duration=36.781µs wal_replay_duration=988.933692ms wbl_replay_duration=160ns chunk_snapshot_load_duration=0s mmap_chunk_replay_duration=1.3µs total_replay_duration=989.011164ms
2026-01-28T09:44:36.002613258Z time=2026-01-28T09:44:36.002Z level=INFO source=main.go:1312 msg="filesystem information" fs_type=EXT4_SUPER_MAGIC
2026-01-28T09:44:36.002613258Z time=2026-01-28T09:44:36.002Z level=INFO source=main.go:1315 msg="TSDB started"
2026-01-28T09:44:36.002661559Z time=2026-01-28T09:44:36.002Z level=INFO source=main.go:1500 msg="Loading configuration file" filename=/etc/prometheus/config_out/prometheus.env.yaml
2026-01-28T09:44:36.019183398Z time=2026-01-28T09:44:36.019Z level=INFO source=kubernetes.go:312 msg="Using pod service account via in-cluster config" component="discovery manager scrape" discovery=kubernetes config=serviceMonitor/openshift-image-registry/image-registry-operator/0
2026-01-28T09:44:36.019701250Z time=2026-01-28T09:44:36.019Z level=INFO source=kubernetes.go:312 msg="Using pod service account via in-cluster config" component="discovery manager scrape" discovery=kubernetes config=serviceMonitor/openshift-apiserver-operator/openshift-apiserver-operator/0
2026-01-28T09:44:36.019968206Z time=2026-01-28T09:44:36.019Z level=INFO source=kubernetes.go:312 msg="Using pod service account via in-cluster config" component="discovery manager scrape" discovery=kubernetes config=serviceMonitor/openshift-monitoring/kube-state-metrics/1
2026-01-28T09:44:36.020248453Z time=2026-01-28T09:44:36.020Z level=INFO source=kubernetes.go:312 msg="Using pod service account via in-cluster config" component="discovery manager scrape" discovery=kubernetes config=serviceMonitor/openshift-marketplace/marketplace-operator/0
2026-01-28T09:44:36.020502369Z time=2026-01-28T09:44:36.020Z level=INFO source=kubernetes.go:312 msg="Using pod service account via in-cluster config" component="discovery manager scrape" discovery=kubernetes config=serviceMonitor/openshift-monitoring/kubelet/1
2026-01-28T09:44:36.020755404Z time=2026-01-28T09:44:36.020Z level=INFO source=kubernetes.go:312 msg="Using pod service account via in-cluster config" component="discovery manager scrape" discovery=kubernetes config=serviceMonitor/openshift-authentication/oauth-openshift/0
2026-01-28T09:44:36.021023501Z time=2026-01-28T09:44:36.020Z level=INFO source=kubernetes.go:312 msg="Using pod service account via in-cluster config" component="discovery manager scrape" discovery=kubernetes config=serviceMonitor/openshift-cluster-storage-operator/cluster-storage-operator/0
2026-01-28T09:44:36.021265036Z time=2026-01-28T09:44:36.021Z level=INFO source=kubernetes.go:312 msg="Using pod service account via in-cluster config" component="discovery manager scrape" discovery=kubernetes config=serviceMonitor/openshift-kube-scheduler/kube-scheduler/1
2026-01-28T09:44:36.021496832Z time=2026-01-28T09:44:36.021Z level=INFO source=kubernetes.go:312 msg="Using pod service account via in-cluster config" component="discovery manager scrape" discovery=kubernetes config=serviceMonitor/openshift-network-operator/network-operator/0
2026-01-28T09:44:36.021734307Z time=2026-01-28T09:44:36.021Z level=INFO source=kubernetes.go:312 msg="Using pod service account via in-cluster config" component="discovery manager scrape" discovery=kubernetes config=serviceMonitor/openshift-ovn-kubernetes/monitor-ovn-node/1
2026-01-28T09:44:36.022023074Z time=2026-01-28T09:44:36.021Z level=INFO source=kubernetes.go:312 msg="Using pod service account via in-cluster config" component="discovery manager scrape" discovery=kubernetes config=serviceMonitor/openshift-authentication-operator/authentication-operator/0
2026-01-28T09:44:36.022331681Z time=2026-01-28T09:44:36.022Z level=INFO source=kubernetes.go:312 msg="Using pod service account via in-cluster config" component="discovery manager scrape" discovery=kubernetes config=serviceMonitor/openshift-console-operator/console-operator/0
2026-01-28T09:44:36.022631608Z time=2026-01-28T09:44:36.022Z level=INFO source=kubernetes.go:312 msg="Using pod service account via in-cluster config" component="discovery manager scrape" discovery=kubernetes config=serviceMonitor/openshift-dns-operator/dns-operator/0
2026-01-28T09:44:36.022990596Z time=2026-01-28T09:44:36.022Z level=INFO source=kubernetes.go:312 msg="Using pod service account via in-cluster config" component="discovery manager scrape" discovery=kubernetes config=serviceMonitor/openshift-ingress-operator/ingress-operator/0
2026-01-28T09:44:36.023317814Z time=2026-01-28T09:44:36.023Z level=INFO source=kubernetes.go:312 msg="Using pod service account via in-cluster config" component="discovery manager scrape" discovery=kubernetes config=serviceMonitor/openshift-multus/monitor-network/0
2026-01-28T09:44:36.023631211Z time=2026-01-28T09:44:36.023Z level=INFO source=kubernetes.go:312 msg="Using pod service account via in-cluster config" component="discovery manager scrape" discovery=kubernetes config=serviceMonitor/openshift-oauth-apiserver/openshift-oauth-apiserver/0
2026-01-28T09:44:36.023953268Z time=2026-01-28T09:44:36.023Z level=INFO source=kubernetes.go:312 msg="Using pod service account via in-cluster config" component="discovery manager scrape" discovery=kubernetes config=serviceMonitor/openshift-machine-config-operator/machine-config-controller/0
2026-01-28T09:44:36.024279756Z time=2026-01-28T09:44:36.024Z level=INFO source=kubernetes.go:312 msg="Using pod service account via in-cluster config" component="discovery manager scrape" discovery=kubernetes config=serviceMonitor/openshift-console/console/0
2026-01-28T09:44:36.024588783Z time=2026-01-28T09:44:36.024Z level=INFO source=kubernetes.go:312 msg="Using pod service account via in-cluster config" component="discovery manager scrape" discovery=kubernetes config=serviceMonitor/openshift-apiserver/openshift-apiserver/0
2026-01-28T09:44:36.024896810Z time=2026-01-28T09:44:36.024Z level=INFO source=kubernetes.go:312 msg="Using pod service account via in-cluster config" component="discovery manager scrape" discovery=kubernetes config=serviceMonitor/openshift-cluster-version/cluster-version-operator/0
2026-01-28T09:44:36.025217887Z time=2026-01-28T09:44:36.025Z level=INFO source=kubernetes.go:312 msg="Using pod service account via in-cluster config" component="discovery manager scrape" discovery=kubernetes config=serviceMonitor/openshift-ingress/router-default/0
2026-01-28T09:44:36.025528144Z time=2026-01-28T09:44:36.025Z level=INFO source=kubernetes.go:312 msg="Using pod service account via in-cluster config" component="discovery manager scrape" discovery=kubernetes config=serviceMonitor/openshift-cluster-node-tuning-operator/node-tuning-operator/0
2026-01-28T09:44:36.025835691Z time=2026-01-28T09:44:36.025Z level=INFO source=kubernetes.go:312 msg="Using pod service account via in-cluster config" component="discovery manager scrape" discovery=kubernetes config=serviceMonitor/openshift-controller-manager-operator/openshift-controller-manager-operator/0
2026-01-28T09:44:36.026187699Z time=2026-01-28T09:44:36.026Z level=INFO source=kubernetes.go:312 msg="Using pod service account via in-cluster config" component="discovery manager scrape" discovery=kubernetes config=serviceMonitor/openshift-kube-apiserver-operator/kube-apiserver-operator/0
2026-01-28T09:44:36.026544578Z time=2026-01-28T09:44:36.026Z level=INFO source=kubernetes.go:312 msg="Using pod service account via in-cluster config" component="discovery manager scrape" discovery=kubernetes config=serviceMonitor/openshift-kube-apiserver/kube-apiserver/0
2026-01-28T09:44:36.026840544Z time=2026-01-28T09:44:36.026Z level=INFO source=kubernetes.go:312 msg="Using pod service account via in-cluster config" component="discovery manager scrape" discovery=kubernetes config=serviceMonitor/openshift-kube-controller-manager/kube-controller-manager/0
2026-01-28T09:44:36.027226063Z time=2026-01-28T09:44:36.027Z level=INFO source=kubernetes.go:312 msg="Using pod service account via in-cluster config" component="discovery manager scrape" discovery=kubernetes config=serviceMonitor/openshift-machine-api/cluster-autoscaler-operator/0
2026-01-28T09:44:36.027537960Z time=2026-01-28T09:44:36.027Z level=INFO source=kubernetes.go:312 msg="Using pod service account via in-cluster config" component="discovery manager scrape" discovery=kubernetes config=serviceMonitor/openshift-cluster-csi-drivers/aws-ebs-csi-driver-controller-monitor/3
2026-01-28T09:44:36.027859868Z time=2026-01-28T09:44:36.027Z level=INFO source=kubernetes.go:312 msg="Using pod service account via in-cluster config" component="discovery manager scrape" discovery=kubernetes config=serviceMonitor/openshift-operator-lifecycle-manager/olm-operator/0
2026-01-28T09:44:36.028197896Z time=2026-01-28T09:44:36.028Z level=INFO source=kubernetes.go:312 msg="Using pod service account via in-cluster config" component="discovery manager scrape" discovery=kubernetes config=serviceMonitor/openshift-etcd-operator/etcd-operator/0
2026-01-28T09:44:36.028517853Z time=2026-01-28T09:44:36.028Z level=INFO source=kubernetes.go:312 msg="Using pod service account via in-cluster config" component="discovery manager scrape" discovery=kubernetes config=serviceMonitor/openshift-insights/insights-operator/0
2026-01-28T09:44:36.028860511Z time=2026-01-28T09:44:36.028Z level=INFO source=kubernetes.go:312 msg="Using pod service account via in-cluster config" component="discovery manager scrape" discovery=kubernetes config=serviceMonitor/openshift-monitoring/promtail-monitor/0
2026-01-28T09:44:36.029469005Z time=2026-01-28T09:44:36.029Z level=INFO source=kubernetes.go:312 msg="Using pod service account via in-cluster config" component="discovery manager scrape" discovery=kubernetes config=serviceMonitor/openshift-network-diagnostics/network-check-source/0
2026-01-28T09:44:36.029761371Z time=2026-01-28T09:44:36.029Z level=INFO source=kubernetes.go:312 msg="Using pod service account via in-cluster config" component="discovery manager scrape" discovery=kubernetes config=serviceMonitor/openshift-operator-controller/operator-controller-metrics-monitor/0
2026-01-28T09:44:36.030073629Z time=2026-01-28T09:44:36.030Z level=INFO source=kubernetes.go:312 msg="Using pod service account via in-cluster config" component="discovery manager scrape" discovery=kubernetes config=serviceMonitor/openshift-dns/dns-default/0
2026-01-28T09:44:36.030324155Z time=2026-01-28T09:44:36.030Z level=INFO source=kubernetes.go:312 msg="Using pod service account via in-cluster config" component="discovery manager scrape" discovery=kubernetes config=serviceMonitor/openshift-cloud-credential-operator/cloud-credential-operator/0
2026-01-28T09:44:36.030583950Z time=2026-01-28T09:44:36.030Z level=INFO source=kubernetes.go:312 msg="Using pod service account via in-cluster config" component="discovery manager scrape" discovery=kubernetes config=serviceMonitor/openshift-config-operator/config-operator/0
2026-01-28T09:44:36.030839996Z time=2026-01-28T09:44:36.030Z level=INFO source=kubernetes.go:312 msg="Using pod service account via in-cluster config" component="discovery manager scrape" discovery=kubernetes config=serviceMonitor/openshift-catalogd/catalogd-metrics-monitor/0
2026-01-28T09:44:36.031175424Z time=2026-01-28T09:44:36.031Z level=INFO source=kubernetes.go:312 msg="Using pod service account via in-cluster config" component="discovery manager scrape" discovery=kubernetes config=serviceMonitor/openshift-cluster-samples-operator/cluster-samples-operator/0
2026-01-28T09:44:36.031447530Z time=2026-01-28T09:44:36.031Z level=INFO source=kubernetes.go:312 msg="Using pod service account via in-cluster config" component="discovery manager scrape" discovery=kubernetes config=serviceMonitor/openshift-kube-scheduler-operator/kube-scheduler-operator/0
2026-01-28T09:44:36.031726427Z time=2026-01-28T09:44:36.031Z level=INFO source=kubernetes.go:312 msg="Using pod service account via in-cluster config" component="discovery manager scrape" discovery=kubernetes config=serviceMonitor/openshift-cluster-machine-approver/cluster-machine-approver/0
2026-01-28T09:44:36.032005573Z time=2026-01-28T09:44:36.031Z level=INFO source=kubernetes.go:312 msg="Using pod service account via in-cluster config" component="discovery manager scrape" discovery=kubernetes config=serviceMonitor/openshift-etcd-operator/etcd/0
2026-01-28T09:44:36.032342221Z time=2026-01-28T09:44:36.032Z level=INFO source=kubernetes.go:312 msg="Using pod service account via in-cluster config" component="discovery manager scrape" discovery=kubernetes config=serviceMonitor/openshift-kube-controller-manager-operator/kube-controller-manager-operator/0
2026-01-28T09:44:36.032709459Z time=2026-01-28T09:44:36.032Z level=INFO source=kubernetes.go:312 msg="Using pod service account via in-cluster config" component="discovery manager scrape" discovery=kubernetes config=serviceMonitor/openshift-service-ca-operator/service-ca-operator/0
2026-01-28T09:44:36.033983589Z time=2026-01-28T09:44:36.033Z level=INFO source=kubernetes.go:312 msg="Using pod service account via in-cluster config" component="discovery manager notify" discovery=kubernetes config=config-0
2026-01-28T09:44:36.053592969Z time=2026-01-28T09:44:36.053Z level=INFO source=warnings.go:70 msg="v1 Endpoints is deprecated in v1.33+; use discovery.k8s.io/v1 EndpointSlice" component=k8s_client_runtime
2026-01-28T09:44:36.053799674Z time=2026-01-28T09:44:36.053Z level=INFO source=warnings.go:70 msg="v1 Endpoints is deprecated in v1.33+; use discovery.k8s.io/v1 EndpointSlice" component=k8s_client_runtime
2026-01-28T09:44:36.053897426Z time=2026-01-28T09:44:36.053Z level=INFO source=warnings.go:70 msg="v1 Endpoints is deprecated in v1.33+; use discovery.k8s.io/v1 EndpointSlice" component=k8s_client_runtime
2026-01-28T09:44:36.059826203Z time=2026-01-28T09:44:36.059Z level=INFO source=warnings.go:70 msg="v1 Endpoints is deprecated in v1.33+; use discovery.k8s.io/v1 EndpointSlice" component=k8s_client_runtime
2026-01-28T09:44:36.061255635Z time=2026-01-28T09:44:36.061Z level=INFO source=warnings.go:70 msg="v1 Endpoints is deprecated in v1.33+; use discovery.k8s.io/v1 EndpointSlice" component=k8s_client_runtime
2026-01-28T09:44:36.061405189Z time=2026-01-28T09:44:36.061Z level=INFO source=warnings.go:70 msg="v1 Endpoints is deprecated in v1.33+; use discovery.k8s.io/v1 EndpointSlice" component=k8s_client_runtime
2026-01-28T09:44:36.064552801Z time=2026-01-28T09:44:36.064Z level=INFO source=warnings.go:70 msg="v1 Endpoints is deprecated in v1.33+; use discovery.k8s.io/v1 EndpointSlice" component=k8s_client_runtime
2026-01-28T09:44:36.068370609Z time=2026-01-28T09:44:36.068Z level=INFO source=warnings.go:70 msg="v1 Endpoints is deprecated in v1.33+; use discovery.k8s.io/v1 EndpointSlice" component=k8s_client_runtime
2026-01-28T09:44:36.072237248Z time=2026-01-28T09:44:36.072Z level=INFO source=warnings.go:70 msg="v1 Endpoints is deprecated in v1.33+; use discovery.k8s.io/v1 EndpointSlice" component=k8s_client_runtime
2026-01-28T09:44:36.072452043Z time=2026-01-28T09:44:36.072Z level=INFO source=warnings.go:70 msg="v1 Endpoints is deprecated in v1.33+; use discovery.k8s.io/v1 EndpointSlice" component=k8s_client_runtime
2026-01-28T09:44:36.073180620Z time=2026-01-28T09:44:36.073Z level=INFO source=warnings.go:70 msg="v1 Endpoints is deprecated in v1.33+; use discovery.k8s.io/v1 EndpointSlice" component=k8s_client_runtime
2026-01-28T09:44:36.073504157Z time=2026-01-28T09:44:36.073Z level=INFO source=warnings.go:70 msg="v1 Endpoints is deprecated in v1.33+; use discovery.k8s.io/v1 EndpointSlice" component=k8s_client_runtime
2026-01-28T09:44:36.073733712Z time=2026-01-28T09:44:36.073Z level=INFO source=warnings.go:70 msg="v1 Endpoints is deprecated in v1.33+; use discovery.k8s.io/v1 EndpointSlice" component=k8s_client_runtime
2026-01-28T09:44:36.074142722Z time=2026-01-28T09:44:36.074Z level=INFO source=warnings.go:70 msg="v1 Endpoints is deprecated in v1.33+; use discovery.k8s.io/v1 EndpointSlice" component=k8s_client_runtime
2026-01-28T09:44:36.074247194Z time=2026-01-28T09:44:36.074Z level=INFO source=warnings.go:70 msg="v1 Endpoints is deprecated in v1.33+; use discovery.k8s.io/v1 EndpointSlice" component=k8s_client_runtime
2026-01-28T09:44:36.074424768Z time=2026-01-28T09:44:36.074Z level=INFO source=warnings.go:70 msg="v1 Endpoints is deprecated in v1.33+; use discovery.k8s.io/v1 EndpointSlice" component=k8s_client_runtime
2026-01-28T09:44:36.074576402Z time=2026-01-28T09:44:36.074Z level=INFO source=warnings.go:70 msg="v1 Endpoints is deprecated in v1.33+; use discovery.k8s.io/v1 EndpointSlice" component=k8s_client_runtime
2026-01-28T09:44:36.074591662Z time=2026-01-28T09:44:36.074Z level=INFO source=warnings.go:70 msg="v1 Endpoints is deprecated in v1.33+; use discovery.k8s.io/v1 EndpointSlice" component=k8s_client_runtime
2026-01-28T09:44:36.074680764Z time=2026-01-28T09:44:36.074Z level=INFO source=warnings.go:70 msg="v1 Endpoints is deprecated in v1.33+; use discovery.k8s.io/v1 EndpointSlice" component=k8s_client_runtime
2026-01-28T09:44:36.074850418Z time=2026-01-28T09:44:36.074Z level=INFO source=warnings.go:70 msg="v1 Endpoints is deprecated in v1.33+; use discovery.k8s.io/v1 EndpointSlice" component=k8s_client_runtime
2026-01-28T09:44:36.074874509Z time=2026-01-28T09:44:36.074Z level=INFO source=warnings.go:70 msg="v1 Endpoints is deprecated in v1.33+; use discovery.k8s.io/v1 EndpointSlice" component=k8s_client_runtime
2026-01-28T09:44:36.075056413Z time=2026-01-28T09:44:36.074Z level=INFO source=warnings.go:70 msg="v1 Endpoints is deprecated in v1.33+; use discovery.k8s.io/v1 EndpointSlice" component=k8s_client_runtime
2026-01-28T09:44:36.075366540Z time=2026-01-28T09:44:36.075Z level=INFO source=warnings.go:70 msg="v1 Endpoints is deprecated in v1.33+; use discovery.k8s.io/v1 EndpointSlice" component=k8s_client_runtime
2026-01-28T09:44:36.075488203Z time=2026-01-28T09:44:36.075Z level=INFO source=warnings.go:70 msg="v1 Endpoints is deprecated in v1.33+; use discovery.k8s.io/v1 EndpointSlice" component=k8s_client_runtime
2026-01-28T09:44:36.075537124Z time=2026-01-28T09:44:36.075Z level=INFO source=warnings.go:70 msg="v1 Endpoints is deprecated in v1.33+; use discovery.k8s.io/v1 EndpointSlice" component=k8s_client_runtime
2026-01-28T09:44:36.075612896Z time=2026-01-28T09:44:36.075Z level=INFO source=warnings.go:70 msg="v1 Endpoints is deprecated in v1.33+; use discovery.k8s.io/v1 EndpointSlice" component=k8s_client_runtime
2026-01-28T09:44:36.075686107Z time=2026-01-28T09:44:36.075Z level=INFO source=warnings.go:70 msg="v1 Endpoints is deprecated in v1.33+; use discovery.k8s.io/v1 EndpointSlice" component=k8s_client_runtime
2026-01-28T09:44:36.075763359Z time=2026-01-28T09:44:36.075Z level=INFO source=warnings.go:70 msg="v1 Endpoints is deprecated in v1.33+; use discovery.k8s.io/v1 EndpointSlice" component=k8s_client_runtime
2026-01-28T09:44:36.075763359Z time=2026-01-28T09:44:36.075Z level=INFO source=warnings.go:70 msg="v1 Endpoints is deprecated in v1.33+; use discovery.k8s.io/v1 EndpointSlice" component=k8s_client_runtime
2026-01-28T09:44:36.075959864Z time=2026-01-28T09:44:36.075Z level=INFO source=warnings.go:70 msg="v1 Endpoints is deprecated in v1.33+; use discovery.k8s.io/v1 EndpointSlice" component=k8s_client_runtime
2026-01-28T09:44:36.076090776Z time=2026-01-28T09:44:36.076Z level=INFO source=warnings.go:70 msg="v1 Endpoints is deprecated in v1.33+; use discovery.k8s.io/v1 EndpointSlice" component=k8s_client_runtime
2026-01-28T09:44:36.076388273Z time=2026-01-28T09:44:36.076Z level=INFO source=warnings.go:70 msg="v1 Endpoints is deprecated in v1.33+; use discovery.k8s.io/v1 EndpointSlice" component=k8s_client_runtime
2026-01-28T09:44:36.076425364Z time=2026-01-28T09:44:36.076Z level=INFO source=warnings.go:70 msg="v1 Endpoints is deprecated in v1.33+; use discovery.k8s.io/v1 EndpointSlice" component=k8s_client_runtime
2026-01-28T09:44:36.076536877Z time=2026-01-28T09:44:36.076Z level=INFO source=warnings.go:70 msg="v1 Endpoints is deprecated in v1.33+; use discovery.k8s.io/v1 EndpointSlice" component=k8s_client_runtime
2026-01-28T09:44:36.076784392Z time=2026-01-28T09:44:36.076Z level=INFO source=warnings.go:70 msg="v1 Endpoints is deprecated in v1.33+; use discovery.k8s.io/v1 EndpointSlice" component=k8s_client_runtime
2026-01-28T09:44:36.076847344Z time=2026-01-28T09:44:36.076Z level=INFO source=warnings.go:70 msg="v1 Endpoints is deprecated in v1.33+; use discovery.k8s.io/v1 EndpointSlice" component=k8s_client_runtime
2026-01-28T09:44:36.076861634Z time=2026-01-28T09:44:36.076Z level=INFO source=warnings.go:70 msg="v1 Endpoints is deprecated in v1.33+; use discovery.k8s.io/v1 EndpointSlice" component=k8s_client_runtime
2026-01-28T09:44:36.076894425Z time=2026-01-28T09:44:36.076Z level=INFO source=warnings.go:70 msg="v1 Endpoints is deprecated in v1.33+; use discovery.k8s.io/v1 EndpointSlice" component=k8s_client_runtime
2026-01-28T09:44:36.076944796Z time=2026-01-28T09:44:36.076Z level=INFO source=warnings.go:70 msg="v1 Endpoints is deprecated in v1.33+; use discovery.k8s.io/v1 EndpointSlice" component=k8s_client_runtime
2026-01-28T09:44:36.077170061Z time=2026-01-28T09:44:36.077Z level=INFO source=warnings.go:70 msg="v1 Endpoints is deprecated in v1.33+; use discovery.k8s.io/v1 EndpointSlice" component=k8s_client_runtime
2026-01-28T09:44:36.077185922Z time=2026-01-28T09:44:36.077Z level=INFO source=warnings.go:70 msg="v1 Endpoints is deprecated in v1.33+; use discovery.k8s.io/v1 EndpointSlice" component=k8s_client_runtime
2026-01-28T09:44:36.077571430Z time=2026-01-28T09:44:36.077Z level=INFO source=warnings.go:70 msg="v1 Endpoints is deprecated in v1.33+; use discovery.k8s.io/v1 EndpointSlice" component=k8s_client_runtime
2026-01-28T09:44:36.077612631Z time=2026-01-28T09:44:36.077Z level=INFO source=warnings.go:70 msg="v1 Endpoints is deprecated in v1.33+; use discovery.k8s.io/v1 EndpointSlice" component=k8s_client_runtime
2026-01-28T09:44:36.077971900Z time=2026-01-28T09:44:36.077Z level=INFO source=warnings.go:70 msg="v1 Endpoints is deprecated in v1.33+; use discovery.k8s.io/v1 EndpointSlice" component=k8s_client_runtime
2026-01-28T09:44:36.079226908Z time=2026-01-28T09:44:36.079Z level=INFO source=warnings.go:70 msg="v1 Endpoints is deprecated in v1.33+; use discovery.k8s.io/v1 EndpointSlice" component=k8s_client_runtime
2026-01-28T09:44:36.079501445Z time=2026-01-28T09:44:36.079Z level=INFO source=warnings.go:70 msg="v1 Endpoints is deprecated in v1.33+; use discovery.k8s.io/v1 EndpointSlice" component=k8s_client_runtime
2026-01-28T09:44:36.079627558Z time=2026-01-28T09:44:36.079Z level=INFO source=warnings.go:70 msg="v1 Endpoints is deprecated in v1.33+; use discovery.k8s.io/v1 EndpointSlice" component=k8s_client_runtime
2026-01-28T09:44:36.080338994Z time=2026-01-28T09:44:36.080Z level=INFO source=warnings.go:70 msg="v1 Endpoints is deprecated in v1.33+; use discovery.k8s.io/v1 EndpointSlice" component=k8s_client_runtime
2026-01-28T09:44:36.081208554Z time=2026-01-28T09:44:36.081Z level=INFO source=warnings.go:70 msg="v1 Endpoints is deprecated in v1.33+; use discovery.k8s.io/v1 EndpointSlice" component=k8s_client_runtime
2026-01-28T09:44:36.081533032Z time=2026-01-28T09:44:36.081Z level=INFO source=warnings.go:70 msg="v1 Endpoints is deprecated in v1.33+; use discovery.k8s.io/v1 EndpointSlice" component=k8s_client_runtime
2026-01-28T09:44:36.081728036Z time=2026-01-28T09:44:36.081Z level=INFO source=warnings.go:70 msg="v1 Endpoints is deprecated in v1.33+; use discovery.k8s.io/v1 EndpointSlice" component=k8s_client_runtime
2026-01-28T09:44:36.083058997Z time=2026-01-28T09:44:36.083Z level=INFO source=warnings.go:70 msg="v1 Endpoints is deprecated in v1.33+; use discovery.k8s.io/v1 EndpointSlice" component=k8s_client_runtime
2026-01-28T09:44:36.083865745Z time=2026-01-28T09:44:36.083Z level=INFO source=warnings.go:70 msg="v1 Endpoints is deprecated in v1.33+; use discovery.k8s.io/v1 EndpointSlice" component=k8s_client_runtime
2026-01-28T09:44:36.084613902Z time=2026-01-28T09:44:36.084Z level=INFO source=warnings.go:70 msg="v1 Endpoints is deprecated in v1.33+; use discovery.k8s.io/v1 EndpointSlice" component=k8s_client_runtime
2026-01-28T09:44:36.085764369Z time=2026-01-28T09:44:36.085Z level=INFO source=warnings.go:70 msg="v1 Endpoints is deprecated in v1.33+; use discovery.k8s.io/v1 EndpointSlice" component=k8s_client_runtime
2026-01-28T09:44:36.086386233Z time=2026-01-28T09:44:36.086Z level=INFO source=warnings.go:70 msg="v1 Endpoints is deprecated in v1.33+; use discovery.k8s.io/v1 EndpointSlice" component=k8s_client_runtime
2026-01-28T09:44:36.088476171Z time=2026-01-28T09:44:36.088Z level=INFO source=warnings.go:70 msg="v1 Endpoints is deprecated in v1.33+; use discovery.k8s.io/v1 EndpointSlice" component=k8s_client_runtime
2026-01-28T09:44:36.089508175Z time=2026-01-28T09:44:36.089Z level=INFO source=warnings.go:70 msg="v1 Endpoints is deprecated in v1.33+; use discovery.k8s.io/v1 EndpointSlice" component=k8s_client_runtime
2026-01-28T09:44:36.089654428Z time=2026-01-28T09:44:36.089Z level=INFO source=warnings.go:70 msg="v1 Endpoints is deprecated in v1.33+; use discovery.k8s.io/v1 EndpointSlice" component=k8s_client_runtime
2026-01-28T09:44:36.091341677Z time=2026-01-28T09:44:36.091Z level=INFO source=warnings.go:70 msg="v1 Endpoints is deprecated in v1.33+; use discovery.k8s.io/v1 EndpointSlice" component=k8s_client_runtime
2026-01-28T09:44:36.093987308Z time=2026-01-28T09:44:36.093Z level=INFO source=warnings.go:70 msg="v1 Endpoints is deprecated in v1.33+; use discovery.k8s.io/v1 EndpointSlice" component=k8s_client_runtime
2026-01-28T09:44:36.102708268Z time=2026-01-28T09:44:36.102Z level=INFO source=warnings.go:70 msg="v1 Endpoints is deprecated in v1.33+; use discovery.k8s.io/v1 EndpointSlice" component=k8s_client_runtime
2026-01-28T09:44:36.116722510Z time=2026-01-28T09:44:36.116Z level=INFO source=warnings.go:70 msg="v1 Endpoints is deprecated in v1.33+; use discovery.k8s.io/v1 EndpointSlice" component=k8s_client_runtime
2026-01-28T09:44:36.124503989Z time=2026-01-28T09:44:36.124Z level=INFO source=warnings.go:70 msg="v1 Endpoints is deprecated in v1.33+; use discovery.k8s.io/v1 EndpointSlice" component=k8s_client_runtime
2026-01-28T09:44:36.128916171Z time=2026-01-28T09:44:36.128Z level=INFO source=warnings.go:70 msg="v1 Endpoints is deprecated in v1.33+; use discovery.k8s.io/v1 EndpointSlice" component=k8s_client_runtime
2026-01-28T09:44:36.129556536Z time=2026-01-28T09:44:36.129Z level=INFO source=warnings.go:70 msg="v1 Endpoints is deprecated in v1.33+; use discovery.k8s.io/v1 EndpointSlice" component=k8s_client_runtime
2026-01-28T09:44:36.130062337Z time=2026-01-28T09:44:36.130Z level=INFO source=warnings.go:70 msg="v1 Endpoints is deprecated in v1.33+; use discovery.k8s.io/v1 EndpointSlice" component=k8s_client_runtime
2026-01-28T09:44:36.161680684Z time=2026-01-28T09:44:36.161Z level=INFO source=warnings.go:70 msg="v1 Endpoints is deprecated in v1.33+; use discovery.k8s.io/v1 EndpointSlice" component=k8s_client_runtime
2026-01-28T09:44:36.162044832Z time=2026-01-28T09:44:36.162Z level=INFO source=warnings.go:70 msg="v1 Endpoints is deprecated in v1.33+; use discovery.k8s.io/v1 EndpointSlice" component=k8s_client_runtime
2026-01-28T09:44:36.162639766Z time=2026-01-28T09:44:36.162Z level=INFO source=warnings.go:70 msg="v1 Endpoints is deprecated in v1.33+; use discovery.k8s.io/v1 EndpointSlice" component=k8s_client_runtime
2026-01-28T09:44:36.188745206Z time=2026-01-28T09:44:36.188Z level=INFO source=warnings.go:70 msg="v1 Endpoints is deprecated in v1.33+; use discovery.k8s.io/v1 EndpointSlice" component=k8s_client_runtime
2026-01-28T09:44:36.188987462Z time=2026-01-28T09:44:36.188Z level=INFO source=warnings.go:70 msg="v1 Endpoints is deprecated in v1.33+; use discovery.k8s.io/v1 EndpointSlice" component=k8s_client_runtime
2026-01-28T09:44:36.189097264Z time=2026-01-28T09:44:36.189Z level=INFO source=warnings.go:70 msg="v1 Endpoints is deprecated in v1.33+; use discovery.k8s.io/v1 EndpointSlice" component=k8s_client_runtime
2026-01-28T09:44:36.189178006Z time=2026-01-28T09:44:36.189Z level=INFO source=warnings.go:70 msg="v1 Endpoints is deprecated in v1.33+; use discovery.k8s.io/v1 EndpointSlice" component=k8s_client_runtime
2026-01-28T09:44:36.189235527Z time=2026-01-28T09:44:36.189Z level=INFO source=warnings.go:70 msg="v1 Endpoints is deprecated in v1.33+; use discovery.k8s.io/v1 EndpointSlice" component=k8s_client_runtime
2026-01-28T09:44:36.189383100Z time=2026-01-28T09:44:36.189Z level=INFO source=warnings.go:70 msg="v1 Endpoints is deprecated in v1.33+; use discovery.k8s.io/v1 EndpointSlice" component=k8s_client_runtime
2026-01-28T09:44:36.189425152Z time=2026-01-28T09:44:36.189Z level=INFO source=warnings.go:70 msg="v1 Endpoints is deprecated in v1.33+; use discovery.k8s.io/v1 EndpointSlice" component=k8s_client_runtime
2026-01-28T09:44:36.189533114Z time=2026-01-28T09:44:36.189Z level=INFO source=warnings.go:70 msg="v1 Endpoints is deprecated in v1.33+; use discovery.k8s.io/v1 EndpointSlice" component=k8s_client_runtime
2026-01-28T09:44:36.189573555Z time=2026-01-28T09:44:36.189Z level=INFO source=warnings.go:70 msg="v1 Endpoints is deprecated in v1.33+; use discovery.k8s.io/v1 EndpointSlice" component=k8s_client_runtime
2026-01-28T09:44:36.189707008Z time=2026-01-28T09:44:36.189Z level=INFO source=warnings.go:70 msg="v1 Endpoints is deprecated in v1.33+; use discovery.k8s.io/v1 EndpointSlice" component=k8s_client_runtime
2026-01-28T09:44:36.189745919Z time=2026-01-28T09:44:36.189Z level=INFO source=warnings.go:70 msg="v1 Endpoints is deprecated in v1.33+; use discovery.k8s.io/v1 EndpointSlice" component=k8s_client_runtime
2026-01-28T09:44:36.189981374Z time=2026-01-28T09:44:36.189Z level=INFO source=warnings.go:70 msg="v1 Endpoints is deprecated in v1.33+; use discovery.k8s.io/v1 EndpointSlice" component=k8s_client_runtime
2026-01-28T09:44:36.190070346Z time=2026-01-28T09:44:36.190Z level=INFO source=warnings.go:70 msg="v1 Endpoints is deprecated in v1.33+; use discovery.k8s.io/v1 EndpointSlice" component=k8s_client_runtime
2026-01-28T09:44:36.190375954Z time=2026-01-28T09:44:36.190Z level=INFO source=warnings.go:70 msg="v1 Endpoints is deprecated in v1.33+; use discovery.k8s.io/v1 EndpointSlice" component=k8s_client_runtime
2026-01-28T09:44:36.190468045Z time=2026-01-28T09:44:36.190Z level=INFO source=warnings.go:70 msg="v1 Endpoints is deprecated in v1.33+; use discovery.k8s.io/v1 EndpointSlice" component=k8s_client_runtime
2026-01-28T09:44:36.190508126Z time=2026-01-28T09:44:36.190Z level=INFO source=warnings.go:70 msg="v1 Endpoints is deprecated in v1.33+; use discovery.k8s.io/v1 EndpointSlice" component=k8s_client_runtime
2026-01-28T09:44:36.190549718Z time=2026-01-28T09:44:36.190Z level=INFO source=warnings.go:70 msg="v1 Endpoints is deprecated in v1.33+; use discovery.k8s.io/v1 EndpointSlice" component=k8s_client_runtime
2026-01-28T09:44:36.190682750Z time=2026-01-28T09:44:36.190Z level=INFO source=warnings.go:70 msg="v1 Endpoints is deprecated in v1.33+; use discovery.k8s.io/v1 EndpointSlice" component=k8s_client_runtime
2026-01-28T09:44:36.190735762Z time=2026-01-28T09:44:36.190Z level=INFO source=warnings.go:70 msg="v1 Endpoints is deprecated in v1.33+; use discovery.k8s.io/v1 EndpointSlice" component=k8s_client_runtime
2026-01-28T09:44:36.190775873Z time=2026-01-28T09:44:36.190Z level=INFO source=warnings.go:70 msg="v1 Endpoints is deprecated in v1.33+; use discovery.k8s.io/v1 EndpointSlice" component=k8s_client_runtime
2026-01-28T09:44:36.200269711Z time=2026-01-28T09:44:36.200Z level=INFO source=main.go:1540 msg="Completed loading of configuration file" db_storage=1.51µs remote_storage=1.21µs web_handler=590ns query_engine=1.03µs scrape=247.916µs scrape_sd=14.243987ms notify=534.983µs notify_sd=490.091µs rules=165.970195ms tracing=8.43µs filename=/etc/prometheus/config_out/prometheus.env.yaml totalDuration=197.635003ms
2026-01-28T09:44:36.200269711Z time=2026-01-28T09:44:36.200Z level=INFO source=main.go:1276 msg="Server is ready to receive web requests."
2026-01-28T09:44:36.200328752Z time=2026-01-28T09:44:36.200Z level=INFO source=manager.go:176 msg="Starting rule manager..." component="rule manager"
2026-01-28T09:44:39.917784363Z time=2026-01-28T09:44:39.917Z level=INFO source=main.go:1500 msg="Loading configuration file" filename=/etc/prometheus/config_out/prometheus.env.yaml
2026-01-28T09:44:40.002353197Z time=2026-01-28T09:44:40.002Z level=INFO source=main.go:1540 msg="Completed loading of configuration file" db_storage=1.751µs remote_storage=1.681µs web_handler=440ns query_engine=1.17µs scrape=64.521µs scrape_sd=1.113776ms notify=246.905µs notify_sd=8.67µs rules=67.622764ms tracing=6.311µs filename=/etc/prometheus/config_out/prometheus.env.yaml totalDuration=84.587395ms
2026-01-28T09:45:07.666407540Z time=2026-01-28T09:45:07.666Z level=ERROR source=manager.go:476 msg="Error sending alerts" component=notifier alertmanager=https://10.129.2.12:9095/api/v2/alerts count=1 err="Post \"https://10.129.2.12:9095/api/v2/alerts\": context deadline exceeded"
2026-01-28T09:48:04.202379871Z time=2026-01-28T09:48:04.202Z level=INFO source=main.go:1500 msg="Loading configuration file" filename=/etc/prometheus/config_out/prometheus.env.yaml
2026-01-28T09:48:04.464583757Z time=2026-01-28T09:48:04.464Z level=INFO source=main.go:1540 msg="Completed loading of configuration file" db_storage=1.14µs remote_storage=1.24µs web_handler=430ns query_engine=770ns scrape=3.768968ms scrape_sd=1.117726ms notify=279.016µs notify_sd=9.42µs rules=239.59155ms tracing=5.36µs filename=/etc/prometheus/config_out/prometheus.env.yaml totalDuration=262.196285ms
2026-01-28T09:49:52.179405256Z time=2026-01-28T09:49:52.179Z level=INFO source=warnings.go:70 msg="v1 Endpoints is deprecated in v1.33+; use discovery.k8s.io/v1 EndpointSlice" component=k8s_client_runtime
2026-01-28T09:49:53.168597690Z time=2026-01-28T09:49:53.168Z level=INFO source=warnings.go:70 msg="v1 Endpoints is deprecated in v1.33+; use discovery.k8s.io/v1 EndpointSlice" component=k8s_client_runtime
2026-01-28T09:50:14.187010502Z time=2026-01-28T09:50:14.186Z level=INFO source=warnings.go:70 msg="v1 Endpoints is deprecated in v1.33+; use discovery.k8s.io/v1 EndpointSlice" component=k8s_client_runtime
2026-01-28T09:50:17.176263375Z time=2026-01-28T09:50:17.176Z level=INFO source=warnings.go:70 msg="v1 Endpoints is deprecated in v1.33+; use discovery.k8s.io/v1 EndpointSlice" component=k8s_client_runtime
2026-01-28T09:50:26.152081364Z time=2026-01-28T09:50:26.152Z level=INFO source=warnings.go:70 msg="v1 Endpoints is deprecated in v1.33+; use discovery.k8s.io/v1 EndpointSlice" component=k8s_client_runtime
2026-01-28T09:50:27.805219170Z time=2026-01-28T09:50:27.805Z level=INFO source=warnings.go:70 msg="v1 Endpoints is deprecated in v1.33+; use discovery.k8s.io/v1 EndpointSlice" component=k8s_client_runtime
2026-01-28T09:50:27.805636549Z time=2026-01-28T09:50:27.805Z level=INFO source=warnings.go:70 msg="v1 Endpoints is deprecated in v1.33+; use discovery.k8s.io/v1 EndpointSlice" component=k8s_client_runtime
2026-01-28T09:50:27.806068760Z time=2026-01-28T09:50:27.806Z level=INFO source=warnings.go:70 msg="v1 Endpoints is deprecated in v1.33+; use discovery.k8s.io/v1 EndpointSlice" component=k8s_client_runtime
2026-01-28T09:50:27.806481129Z time=2026-01-28T09:50:27.806Z level=INFO source=warnings.go:70 msg="v1 Endpoints is deprecated in v1.33+; use discovery.k8s.io/v1 EndpointSlice" component=k8s_client_runtime
2026-01-28T09:50:27.807074313Z time=2026-01-28T09:50:27.807Z level=INFO source=warnings.go:70 msg="v1 Endpoints is deprecated in v1.33+; use discovery.k8s.io/v1 EndpointSlice" component=k8s_client_runtime
2026-01-28T09:50:27.807431171Z time=2026-01-28T09:50:27.807Z level=INFO source=warnings.go:70 msg="v1 Endpoints is deprecated in v1.33+; use discovery.k8s.io/v1 EndpointSlice" component=k8s_client_runtime
2026-01-28T09:50:27.807857171Z time=2026-01-28T09:50:27.807Z level=INFO source=warnings.go:70 msg="v1 Endpoints is deprecated in v1.33+; use discovery.k8s.io/v1 EndpointSlice" component=k8s_client_runtime
2026-01-28T09:50:27.808358973Z time=2026-01-28T09:50:27.808Z level=INFO source=warnings.go:70 msg="v1 Endpoints is deprecated in v1.33+; use discovery.k8s.io/v1 EndpointSlice" component=k8s_client_runtime
2026-01-28T09:50:27.808853974Z time=2026-01-28T09:50:27.808Z level=INFO source=warnings.go:70 msg="v1 Endpoints is deprecated in v1.33+; use discovery.k8s.io/v1 EndpointSlice" component=k8s_client_runtime
2026-01-28T09:50:27.808853974Z time=2026-01-28T09:50:27.808Z level=INFO source=warnings.go:70 msg="v1 Endpoints is deprecated in v1.33+; use discovery.k8s.io/v1 EndpointSlice" component=k8s_client_runtime
2026-01-28T09:50:27.809000117Z time=2026-01-28T09:50:27.808Z level=INFO source=warnings.go:70 msg="v1 Endpoints is deprecated in v1.33+; use discovery.k8s.io/v1 EndpointSlice" component=k8s_client_runtime
2026-01-28T09:50:27.809373186Z time=2026-01-28T09:50:27.809Z level=INFO source=warnings.go:70 msg="v1 Endpoints is deprecated in v1.33+; use discovery.k8s.io/v1 EndpointSlice" component=k8s_client_runtime
2026-01-28T09:50:27.809688093Z time=2026-01-28T09:50:27.809Z level=INFO source=warnings.go:70 msg="v1 Endpoints is deprecated in v1.33+; use discovery.k8s.io/v1 EndpointSlice" component=k8s_client_runtime
2026-01-28T09:50:27.809792826Z time=2026-01-28T09:50:27.809Z level=INFO source=warnings.go:70 msg="v1 Endpoints is deprecated in v1.33+; use discovery.k8s.io/v1 EndpointSlice" component=k8s_client_runtime
2026-01-28T09:50:27.810263817Z time=2026-01-28T09:50:27.810Z level=INFO source=warnings.go:70 msg="v1 Endpoints is deprecated in v1.33+; use discovery.k8s.io/v1 EndpointSlice" component=k8s_client_runtime
2026-01-28T09:50:27.810357149Z time=2026-01-28T09:50:27.810Z level=INFO source=warnings.go:70 msg="v1 Endpoints is deprecated in v1.33+; use discovery.k8s.io/v1 EndpointSlice" component=k8s_client_runtime
2026-01-28T09:50:27.810650956Z time=2026-01-28T09:50:27.810Z level=INFO source=warnings.go:70 msg="v1 Endpoints is deprecated in v1.33+; use discovery.k8s.io/v1 EndpointSlice" component=k8s_client_runtime
2026-01-28T09:50:27.810808689Z time=2026-01-28T09:50:27.810Z level=INFO source=warnings.go:70 msg="v1 Endpoints is deprecated in v1.33+; use discovery.k8s.io/v1 EndpointSlice" component=k8s_client_runtime
2026-01-28T09:50:27.810837020Z time=2026-01-28T09:50:27.810Z level=INFO source=warnings.go:70 msg="v1 Endpoints is deprecated in v1.33+; use discovery.k8s.io/v1 EndpointSlice" component=k8s_client_runtime
2026-01-28T09:50:27.811031104Z time=2026-01-28T09:50:27.811Z level=INFO source=warnings.go:70 msg="v1 Endpoints is deprecated in v1.33+; use discovery.k8s.io/v1 EndpointSlice" component=k8s_client_runtime
2026-01-28T09:50:27.811497615Z time=2026-01-28T09:50:27.811Z level=INFO source=warnings.go:70 msg="v1 Endpoints is deprecated in v1.33+; use discovery.k8s.io/v1 EndpointSlice" component=k8s_client_runtime
2026-01-28T09:50:27.811643269Z time=2026-01-28T09:50:27.811Z level=INFO source=warnings.go:70 msg="v1 Endpoints is deprecated in v1.33+; use discovery.k8s.io/v1 EndpointSlice" component=k8s_client_runtime
2026-01-28T09:50:44.166206208Z time=2026-01-28T09:50:44.166Z level=INFO source=warnings.go:70 msg="v1 Endpoints is deprecated in v1.33+; use discovery.k8s.io/v1 EndpointSlice" component=k8s_client_runtime
2026-01-28T09:51:46.154116998Z time=2026-01-28T09:51:46.154Z level=INFO source=warnings.go:70 msg="v1 Endpoints is deprecated in v1.33+; use discovery.k8s.io/v1 EndpointSlice" component=k8s_client_runtime
2026-01-28T09:52:01.173105527Z time=2026-01-28T09:52:01.173Z level=INFO source=warnings.go:70 msg="v1 Endpoints is deprecated in v1.33+; use discovery.k8s.io/v1 EndpointSlice" component=k8s_client_runtime
2026-01-28T09:52:06.175083112Z time=2026-01-28T09:52:06.175Z level=INFO source=warnings.go:70 msg="v1 Endpoints is deprecated in v1.33+; use discovery.k8s.io/v1 EndpointSlice" component=k8s_client_runtime
2026-01-28T09:52:09.156200241Z time=2026-01-28T09:52:09.156Z level=INFO source=warnings.go:70 msg="v1 Endpoints is deprecated in v1.33+; use discovery.k8s.io/v1 EndpointSlice" component=k8s_client_runtime
2026-01-28T09:52:32.182089015Z time=2026-01-28T09:52:32.182Z level=INFO source=warnings.go:70 msg="v1 Endpoints is deprecated in v1.33+; use discovery.k8s.io/v1 EndpointSlice" component=k8s_client_runtime
2026-01-28T09:53:06.172720309Z time=2026-01-28T09:53:06.172Z level=INFO source=warnings.go:70 msg="v1 Endpoints is deprecated in v1.33+; use discovery.k8s.io/v1 EndpointSlice" component=k8s_client_runtime
2026-01-28T09:53:09.180198278Z time=2026-01-28T09:53:09.180Z level=INFO source=warnings.go:70 msg="v1 Endpoints is deprecated in v1.33+; use discovery.k8s.io/v1 EndpointSlice" component=k8s_client_runtime
2026-01-28T09:53:36.188766889Z time=2026-01-28T09:53:36.188Z level=INFO source=warnings.go:70 msg="v1 Endpoints is deprecated in v1.33+; use discovery.k8s.io/v1 EndpointSlice" component=k8s_client_runtime
2026-01-28T09:53:38.183542095Z time=2026-01-28T09:53:38.183Z level=INFO source=warnings.go:70 msg="v1 Endpoints is deprecated in v1.33+; use discovery.k8s.io/v1 EndpointSlice" component=k8s_client_runtime
2026-01-28T09:53:40.164382691Z time=2026-01-28T09:53:40.164Z level=INFO source=warnings.go:70 msg="v1 Endpoints is deprecated in v1.33+; use discovery.k8s.io/v1 EndpointSlice" component=k8s_client_runtime
2026-01-28T09:53:51.185085650Z time=2026-01-28T09:53:51.185Z level=INFO source=warnings.go:70 msg="v1 Endpoints is deprecated in v1.33+; use discovery.k8s.io/v1 EndpointSlice" component=k8s_client_runtime
2026-01-28T09:53:55.162815708Z time=2026-01-28T09:53:55.162Z level=INFO source=warnings.go:70 msg="v1 Endpoints is deprecated in v1.33+; use discovery.k8s.io/v1 EndpointSlice" component=k8s_client_runtime
2026-01-28T09:54:03.149395126Z time=2026-01-28T09:54:03.149Z level=INFO source=warnings.go:70 msg="v1 Endpoints is deprecated in v1.33+; use discovery.k8s.io/v1 EndpointSlice" component=k8s_client_runtime
2026-01-28T09:54:13.170482665Z time=2026-01-28T09:54:13.170Z level=INFO source=warnings.go:70 msg="v1 Endpoints is deprecated in v1.33+; use discovery.k8s.io/v1 EndpointSlice" component=k8s_client_runtime
2026-01-28T09:54:14.188110280Z time=2026-01-28T09:54:14.188Z level=INFO source=warnings.go:70 msg="v1 Endpoints is deprecated in v1.33+; use discovery.k8s.io/v1 EndpointSlice" component=k8s_client_runtime
2026-01-28T09:54:16.171319086Z time=2026-01-28T09:54:16.171Z level=INFO source=warnings.go:70 msg="v1 Endpoints is deprecated in v1.33+; use discovery.k8s.io/v1 EndpointSlice" component=k8s_client_runtime
2026-01-28T09:54:22.314344134Z time=2026-01-28T09:54:22.314Z level=INFO source=warnings.go:70 msg="v1 Endpoints is deprecated in v1.33+; use discovery.k8s.io/v1 EndpointSlice" component=k8s_client_runtime
2026-01-28T09:54:22.314613310Z time=2026-01-28T09:54:22.314Z level=INFO source=warnings.go:70 msg="v1 Endpoints is deprecated in v1.33+; use discovery.k8s.io/v1 EndpointSlice" component=k8s_client_runtime
2026-01-28T09:54:22.315061860Z time=2026-01-28T09:54:22.315Z level=INFO source=warnings.go:70 msg="v1 Endpoints is deprecated in v1.33+; use discovery.k8s.io/v1 EndpointSlice" component=k8s_client_runtime
2026-01-28T09:54:22.315814758Z time=2026-01-28T09:54:22.315Z level=INFO source=warnings.go:70 msg="v1 Endpoints is deprecated in v1.33+; use discovery.k8s.io/v1 EndpointSlice" component=k8s_client_runtime
2026-01-28T09:54:22.316859762Z time=2026-01-28T09:54:22.316Z level=INFO source=warnings.go:70 msg="v1 Endpoints is deprecated in v1.33+; use discovery.k8s.io/v1 EndpointSlice" component=k8s_client_runtime
2026-01-28T09:54:22.318150672Z time=2026-01-28T09:54:22.318Z level=INFO source=warnings.go:70 msg="v1 Endpoints is deprecated in v1.33+; use discovery.k8s.io/v1 EndpointSlice" component=k8s_client_runtime
2026-01-28T09:54:22.319000282Z time=2026-01-28T09:54:22.318Z level=INFO source=warnings.go:70 msg="v1 Endpoints is deprecated in v1.33+; use discovery.k8s.io/v1 EndpointSlice" component=k8s_client_runtime
2026-01-28T09:54:22.322357909Z time=2026-01-28T09:54:22.322Z level=INFO source=warnings.go:70 msg="v1 Endpoints is deprecated in v1.33+; use discovery.k8s.io/v1 EndpointSlice" component=k8s_client_runtime
2026-01-28T09:54:22.331444280Z time=2026-01-28T09:54:22.331Z level=INFO source=warnings.go:70 msg="v1 Endpoints is deprecated in v1.33+; use discovery.k8s.io/v1 EndpointSlice" component=k8s_client_runtime
2026-01-28T09:54:22.337184763Z time=2026-01-28T09:54:22.337Z level=INFO source=warnings.go:70 msg="v1 Endpoints is deprecated in v1.33+; use discovery.k8s.io/v1 EndpointSlice" component=k8s_client_runtime
2026-01-28T09:54:22.339216190Z time=2026-01-28T09:54:22.339Z level=INFO source=warnings.go:70 msg="v1 Endpoints is deprecated in v1.33+; use discovery.k8s.io/v1 EndpointSlice" component=k8s_client_runtime
2026-01-28T09:54:22.339644370Z time=2026-01-28T09:54:22.339Z level=INFO source=warnings.go:70 msg="v1 Endpoints is deprecated in v1.33+; use discovery.k8s.io/v1 EndpointSlice" component=k8s_client_runtime
2026-01-28T09:54:22.340032749Z time=2026-01-28T09:54:22.340Z level=INFO source=warnings.go:70 msg="v1 Endpoints is deprecated in v1.33+; use discovery.k8s.io/v1 EndpointSlice" component=k8s_client_runtime
2026-01-28T09:54:22.340384747Z time=2026-01-28T09:54:22.340Z level=INFO source=warnings.go:70 msg="v1 Endpoints is deprecated in v1.33+; use discovery.k8s.io/v1 EndpointSlice" component=k8s_client_runtime
2026-01-28T09:54:22.340847637Z time=2026-01-28T09:54:22.340Z level=INFO source=warnings.go:70 msg="v1 Endpoints is deprecated in v1.33+; use discovery.k8s.io/v1 EndpointSlice" component=k8s_client_runtime
2026-01-28T09:54:22.341237157Z time=2026-01-28T09:54:22.341Z level=INFO source=warnings.go:70 msg="v1 Endpoints is deprecated in v1.33+; use discovery.k8s.io/v1 EndpointSlice" component=k8s_client_runtime
2026-01-28T09:54:22.341661427Z time=2026-01-28T09:54:22.341Z level=INFO source=warnings.go:70 msg="v1 Endpoints is deprecated in v1.33+; use discovery.k8s.io/v1 EndpointSlice" component=k8s_client_runtime
2026-01-28T09:54:22.342149878Z time=2026-01-28T09:54:22.342Z level=INFO source=warnings.go:70 msg="v1 Endpoints is deprecated in v1.33+; use discovery.k8s.io/v1 EndpointSlice" component=k8s_client_runtime
2026-01-28T09:54:22.342539857Z time=2026-01-28T09:54:22.342Z level=INFO source=warnings.go:70 msg="v1 Endpoints is deprecated in v1.33+; use discovery.k8s.io/v1 EndpointSlice" component=k8s_client_runtime
2026-01-28T09:54:22.343114350Z time=2026-01-28T09:54:22.343Z level=INFO source=warnings.go:70 msg="v1 Endpoints is deprecated in v1.33+; use discovery.k8s.io/v1 EndpointSlice" component=k8s_client_runtime
2026-01-28T09:54:22.343423747Z time=2026-01-28T09:54:22.343Z level=INFO source=warnings.go:70 msg="v1 Endpoints is deprecated in v1.33+; use discovery.k8s.io/v1 EndpointSlice" component=k8s_client_runtime
2026-01-28T09:54:22.343744625Z time=2026-01-28T09:54:22.343Z level=INFO source=warnings.go:70 msg="v1 Endpoints is deprecated in v1.33+; use discovery.k8s.io/v1 EndpointSlice" component=k8s_client_runtime
2026-01-28T09:54:22.345114136Z time=2026-01-28T09:54:22.345Z level=INFO source=warnings.go:70 msg="v1 Endpoints is deprecated in v1.33+; use discovery.k8s.io/v1 EndpointSlice" component=k8s_client_runtime
2026-01-28T09:54:22.345608818Z time=2026-01-28T09:54:22.345Z level=INFO source=warnings.go:70 msg="v1 Endpoints is deprecated in v1.33+; use discovery.k8s.io/v1 EndpointSlice" component=k8s_client_runtime
2026-01-28T09:54:22.346061498Z time=2026-01-28T09:54:22.346Z level=INFO source=warnings.go:70 msg="v1 Endpoints is deprecated in v1.33+; use discovery.k8s.io/v1 EndpointSlice" component=k8s_client_runtime
2026-01-28T09:54:22.347241166Z time=2026-01-28T09:54:22.347Z level=INFO source=warnings.go:70 msg="v1 Endpoints is deprecated in v1.33+; use discovery.k8s.io/v1 EndpointSlice" component=k8s_client_runtime
2026-01-28T09:54:22.347273126Z time=2026-01-28T09:54:22.347Z level=INFO source=warnings.go:70 msg="v1 Endpoints is deprecated in v1.33+; use discovery.k8s.io/v1 EndpointSlice" component=k8s_client_runtime
2026-01-28T09:54:22.354214777Z time=2026-01-28T09:54:22.354Z level=INFO source=warnings.go:70 msg="v1 Endpoints is deprecated in v1.33+; use discovery.k8s.io/v1 EndpointSlice" component=k8s_client_runtime
2026-01-28T09:54:22.356274005Z time=2026-01-28T09:54:22.356Z level=INFO source=warnings.go:70 msg="v1 Endpoints is deprecated in v1.33+; use discovery.k8s.io/v1 EndpointSlice" component=k8s_client_runtime
2026-01-28T09:54:22.356726235Z time=2026-01-28T09:54:22.356Z level=INFO source=warnings.go:70 msg="v1 Endpoints is deprecated in v1.33+; use discovery.k8s.io/v1 EndpointSlice" component=k8s_client_runtime
2026-01-28T09:54:22.357654967Z time=2026-01-28T09:54:22.357Z level=INFO source=warnings.go:70 msg="v1 Endpoints is deprecated in v1.33+; use discovery.k8s.io/v1 EndpointSlice" component=k8s_client_runtime
2026-01-28T09:54:22.359130761Z time=2026-01-28T09:54:22.359Z level=INFO source=warnings.go:70 msg="v1 Endpoints is deprecated in v1.33+; use discovery.k8s.io/v1 EndpointSlice" component=k8s_client_runtime
2026-01-28T09:54:22.381874878Z time=2026-01-28T09:54:22.381Z level=INFO source=warnings.go:70 msg="v1 Endpoints is deprecated in v1.33+; use discovery.k8s.io/v1 EndpointSlice" component=k8s_client_runtime
2026-01-28T09:54:22.382014051Z time=2026-01-28T09:54:22.381Z level=INFO source=warnings.go:70 msg="v1 Endpoints is deprecated in v1.33+; use discovery.k8s.io/v1 EndpointSlice" component=k8s_client_runtime
2026-01-28T09:54:22.382076972Z time=2026-01-28T09:54:22.382Z level=INFO source=warnings.go:70 msg="v1 Endpoints is deprecated in v1.33+; use discovery.k8s.io/v1 EndpointSlice" component=k8s_client_runtime
2026-01-28T09:54:22.382144474Z time=2026-01-28T09:54:22.382Z level=INFO source=warnings.go:70 msg="v1 Endpoints is deprecated in v1.33+; use discovery.k8s.io/v1 EndpointSlice" component=k8s_client_runtime
2026-01-28T09:54:22.382241516Z time=2026-01-28T09:54:22.382Z level=INFO source=warnings.go:70 msg="v1 Endpoints is deprecated in v1.33+; use discovery.k8s.io/v1 EndpointSlice" component=k8s_client_runtime
2026-01-28T09:54:22.382263457Z time=2026-01-28T09:54:22.382Z level=INFO source=warnings.go:70 msg="v1 Endpoints is deprecated in v1.33+; use discovery.k8s.io/v1 EndpointSlice" component=k8s_client_runtime
2026-01-28T09:54:22.382277757Z time=2026-01-28T09:54:22.382Z level=INFO source=warnings.go:70 msg="v1 Endpoints is deprecated in v1.33+; use discovery.k8s.io/v1 EndpointSlice" component=k8s_client_runtime
2026-01-28T09:54:22.382311088Z time=2026-01-28T09:54:22.382Z level=INFO source=warnings.go:70 msg="v1 Endpoints is deprecated in v1.33+; use discovery.k8s.io/v1 EndpointSlice" component=k8s_client_runtime
2026-01-28T09:54:22.382340149Z time=2026-01-28T09:54:22.382Z level=INFO source=warnings.go:70 msg="v1 Endpoints is deprecated in v1.33+; use discovery.k8s.io/v1 EndpointSlice" component=k8s_client_runtime
2026-01-28T09:54:22.382356239Z time=2026-01-28T09:54:22.382Z level=INFO source=warnings.go:70 msg="v1 Endpoints is deprecated in v1.33+; use discovery.k8s.io/v1 EndpointSlice" component=k8s_client_runtime
2026-01-28T09:54:22.382369849Z time=2026-01-28T09:54:22.382Z level=INFO source=warnings.go:70 msg="v1 Endpoints is deprecated in v1.33+; use discovery.k8s.io/v1 EndpointSlice" component=k8s_client_runtime
2026-01-28T09:54:22.382389160Z time=2026-01-28T09:54:22.382Z level=INFO source=warnings.go:70 msg="v1 Endpoints is deprecated in v1.33+; use discovery.k8s.io/v1 EndpointSlice" component=k8s_client_runtime
2026-01-28T09:54:22.395914793Z time=2026-01-28T09:54:22.395Z level=INFO source=warnings.go:70 msg="v1 Endpoints is deprecated in v1.33+; use discovery.k8s.io/v1 EndpointSlice" component=k8s_client_runtime
2026-01-28T09:59:40.364757484Z time=2026-01-28T09:59:40.364Z level=INFO source=warnings.go:70 msg="v1 Endpoints is deprecated in v1.33+; use discovery.k8s.io/v1 EndpointSlice" component=k8s_client_runtime
2026-01-28T09:59:47.347749682Z time=2026-01-28T09:59:47.347Z level=INFO source=warnings.go:70 msg="v1 Endpoints is deprecated in v1.33+; use discovery.k8s.io/v1 EndpointSlice" component=k8s_client_runtime
2026-01-28T09:59:53.342625930Z time=2026-01-28T09:59:53.342Z level=INFO source=warnings.go:70 msg="v1 Endpoints is deprecated in v1.33+; use discovery.k8s.io/v1 EndpointSlice" component=k8s_client_runtime
2026-01-28T09:59:56.317030408Z time=2026-01-28T09:59:56.316Z level=INFO source=warnings.go:70 msg="v1 Endpoints is deprecated in v1.33+; use discovery.k8s.io/v1 EndpointSlice" component=k8s_client_runtime
2026-01-28T10:00:00.375060687Z time=2026-01-28T10:00:00.375Z level=INFO source=warnings.go:70 msg="v1 Endpoints is deprecated in v1.33+; use discovery.k8s.io/v1 EndpointSlice" component=k8s_client_runtime
2026-01-28T10:00:04.352000827Z time=2026-01-28T10:00:04.351Z level=INFO source=warnings.go:70 msg="v1 Endpoints is deprecated in v1.33+; use discovery.k8s.io/v1 EndpointSlice" component=k8s_client_runtime
2026-01-28T10:00:07.365162057Z time=2026-01-28T10:00:07.365Z level=INFO source=warnings.go:70 msg="v1 Endpoints is deprecated in v1.33+; use discovery.k8s.io/v1 EndpointSlice" component=k8s_client_runtime
2026-01-28T10:00:12.344233153Z time=2026-01-28T10:00:12.344Z level=INFO source=warnings.go:70 msg="v1 Endpoints is deprecated in v1.33+; use discovery.k8s.io/v1 EndpointSlice" component=k8s_client_runtime
2026-01-28T10:00:12.364759170Z time=2026-01-28T10:00:12.364Z level=INFO source=warnings.go:70 msg="v1 Endpoints is deprecated in v1.33+; use discovery.k8s.io/v1 EndpointSlice" component=k8s_client_runtime
2026-01-28T10:00:35.345791963Z time=2026-01-28T10:00:35.345Z level=INFO source=warnings.go:70 msg="v1 Endpoints is deprecated in v1.33+; use discovery.k8s.io/v1 EndpointSlice" component=k8s_client_runtime
2026-01-28T10:00:38.345057412Z time=2026-01-28T10:00:38.345Z level=INFO source=warnings.go:70 msg="v1 Endpoints is deprecated in v1.33+; use discovery.k8s.io/v1 EndpointSlice" component=k8s_client_runtime
2026-01-28T10:00:43.318126056Z time=2026-01-28T10:00:43.318Z level=INFO source=warnings.go:70 msg="v1 Endpoints is deprecated in v1.33+; use discovery.k8s.io/v1 EndpointSlice" component=k8s_client_runtime
2026-01-28T10:01:03.362033489Z time=2026-01-28T10:01:03.361Z level=INFO source=warnings.go:70 msg="v1 Endpoints is deprecated in v1.33+; use discovery.k8s.io/v1 EndpointSlice" component=k8s_client_runtime
2026-01-28T10:01:08.317670259Z time=2026-01-28T10:01:08.317Z level=INFO source=warnings.go:70 msg="v1 Endpoints is deprecated in v1.33+; use discovery.k8s.io/v1 EndpointSlice" component=k8s_client_runtime
2026-01-28T10:01:22.345956076Z time=2026-01-28T10:01:22.345Z level=INFO source=warnings.go:70 msg="v1 Endpoints is deprecated in v1.33+; use discovery.k8s.io/v1 EndpointSlice" component=k8s_client_runtime
2026-01-28T10:01:48.360179886Z time=2026-01-28T10:01:48.360Z level=INFO source=warnings.go:70 msg="v1 Endpoints is deprecated in v1.33+; use discovery.k8s.io/v1 EndpointSlice" component=k8s_client_runtime
2026-01-28T10:01:48.381044319Z time=2026-01-28T10:01:48.381Z level=INFO source=warnings.go:70 msg="v1 Endpoints is deprecated in v1.33+; use discovery.k8s.io/v1 EndpointSlice" component=k8s_client_runtime
2026-01-28T10:01:52.360984975Z time=2026-01-28T10:01:52.360Z level=INFO source=warnings.go:70 msg="v1 Endpoints is deprecated in v1.33+; use discovery.k8s.io/v1 EndpointSlice" component=k8s_client_runtime
2026-01-28T10:01:53.339783868Z time=2026-01-28T10:01:53.339Z level=INFO source=warnings.go:70 msg="v1 Endpoints is deprecated in v1.33+; use discovery.k8s.io/v1 EndpointSlice" component=k8s_client_runtime
2026-01-28T10:01:55.320223469Z time=2026-01-28T10:01:55.320Z level=INFO source=warnings.go:70 msg="v1 Endpoints is deprecated in v1.33+; use discovery.k8s.io/v1 EndpointSlice" component=k8s_client_runtime
2026-01-28T10:01:59.346516249Z time=2026-01-28T10:01:59.346Z level=INFO source=warnings.go:70 msg="v1 Endpoints is deprecated in v1.33+; use discovery.k8s.io/v1 EndpointSlice" component=k8s_client_runtime
2026-01-28T10:02:00.381865933Z time=2026-01-28T10:02:00.381Z level=INFO source=warnings.go:70 msg="v1 Endpoints is deprecated in v1.33+; use discovery.k8s.io/v1 EndpointSlice" component=k8s_client_runtime
2026-01-28T10:02:15.344815513Z time=2026-01-28T10:02:15.344Z level=INFO source=warnings.go:70 msg="v1 Endpoints is deprecated in v1.33+; use discovery.k8s.io/v1 EndpointSlice" component=k8s_client_runtime
2026-01-28T10:02:15.365980312Z time=2026-01-28T10:02:15.365Z level=INFO source=warnings.go:70 msg="v1 Endpoints is deprecated in v1.33+; use discovery.k8s.io/v1 EndpointSlice" component=k8s_client_runtime
2026-01-28T10:02:28.342113298Z time=2026-01-28T10:02:28.342Z level=INFO source=warnings.go:70 msg="v1 Endpoints is deprecated in v1.33+; use discovery.k8s.io/v1 EndpointSlice" component=k8s_client_runtime
2026-01-28T10:02:31.348619101Z time=2026-01-28T10:02:31.348Z level=INFO source=warnings.go:70 msg="v1 Endpoints is deprecated in v1.33+; use discovery.k8s.io/v1 EndpointSlice" component=k8s_client_runtime
2026-01-28T10:02:32.319122341Z time=2026-01-28T10:02:32.319Z level=INFO source=warnings.go:70 msg="v1 Endpoints is deprecated in v1.33+; use discovery.k8s.io/v1 EndpointSlice" component=k8s_client_runtime
2026-01-28T10:02:36.342822883Z time=2026-01-28T10:02:36.342Z level=INFO source=warnings.go:70 msg="v1 Endpoints is deprecated in v1.33+; use discovery.k8s.io/v1 EndpointSlice" component=k8s_client_runtime
2026-01-28T10:02:36.358822452Z time=2026-01-28T10:02:36.358Z level=INFO source=warnings.go:70 msg="v1 Endpoints is deprecated in v1.33+; use discovery.k8s.io/v1 EndpointSlice" component=k8s_client_runtime
2026-01-28T10:02:37.397853315Z time=2026-01-28T10:02:37.397Z level=INFO source=warnings.go:70 msg="v1 Endpoints is deprecated in v1.33+; use discovery.k8s.io/v1 EndpointSlice" component=k8s_client_runtime
2026-01-28T10:02:44.385594788Z time=2026-01-28T10:02:44.385Z level=INFO source=warnings.go:70 msg="v1 Endpoints is deprecated in v1.33+; use discovery.k8s.io/v1 EndpointSlice" component=k8s_client_runtime
2026-01-28T10:02:48.320889918Z time=2026-01-28T10:02:48.320Z level=INFO source=warnings.go:70 msg="v1 Endpoints is deprecated in v1.33+; use discovery.k8s.io/v1 EndpointSlice" component=k8s_client_runtime
2026-01-28T10:02:53.361478105Z time=2026-01-28T10:02:53.361Z level=INFO source=warnings.go:70 msg="v1 Endpoints is deprecated in v1.33+; use discovery.k8s.io/v1 EndpointSlice" component=k8s_client_runtime
2026-01-28T10:02:55.316528234Z time=2026-01-28T10:02:55.316Z level=INFO source=warnings.go:70 msg="v1 Endpoints is deprecated in v1.33+; use discovery.k8s.io/v1 EndpointSlice" component=k8s_client_runtime
2026-01-28T10:03:06.359015496Z time=2026-01-28T10:03:06.358Z level=INFO source=warnings.go:70 msg="v1 Endpoints is deprecated in v1.33+; use discovery.k8s.io/v1 EndpointSlice" component=k8s_client_runtime
2026-01-28T10:03:06.373325837Z time=2026-01-28T10:03:06.373Z level=INFO source=warnings.go:70 msg="v1 Endpoints is deprecated in v1.33+; use discovery.k8s.io/v1 EndpointSlice" component=k8s_client_runtime
2026-01-28T10:03:08.341203290Z time=2026-01-28T10:03:08.341Z level=INFO source=warnings.go:70 msg="v1 Endpoints is deprecated in v1.33+; use discovery.k8s.io/v1 EndpointSlice" component=k8s_client_runtime
2026-01-28T10:03:19.324231069Z time=2026-01-28T10:03:19.324Z level=INFO source=warnings.go:70 msg="v1 Endpoints is deprecated in v1.33+; use discovery.k8s.io/v1 EndpointSlice" component=k8s_client_runtime
2026-01-28T10:03:39.349654533Z time=2026-01-28T10:03:39.349Z level=INFO source=warnings.go:70 msg="v1 Endpoints is deprecated in v1.33+; use discovery.k8s.io/v1 EndpointSlice" component=k8s_client_runtime
2026-01-28T10:03:40.332107606Z time=2026-01-28T10:03:40.332Z level=INFO source=warnings.go:70 msg="v1 Endpoints is deprecated in v1.33+; use discovery.k8s.io/v1 EndpointSlice" component=k8s_client_runtime
2026-01-28T10:03:45.345117472Z time=2026-01-28T10:03:45.345Z level=INFO source=warnings.go:70 msg="v1 Endpoints is deprecated in v1.33+; use discovery.k8s.io/v1 EndpointSlice" component=k8s_client_runtime
2026-01-28T10:03:47.349141383Z time=2026-01-28T10:03:47.349Z level=INFO source=warnings.go:70 msg="v1 Endpoints is deprecated in v1.33+; use discovery.k8s.io/v1 EndpointSlice" component=k8s_client_runtime
2026-01-28T10:03:57.366215049Z time=2026-01-28T10:03:57.366Z level=INFO source=warnings.go:70 msg="v1 Endpoints is deprecated in v1.33+; use discovery.k8s.io/v1 EndpointSlice" component=k8s_client_runtime
2026-01-28T10:03:59.345958946Z time=2026-01-28T10:03:59.345Z level=INFO source=warnings.go:70 msg="v1 Endpoints is deprecated in v1.33+; use discovery.k8s.io/v1 EndpointSlice" component=k8s_client_runtime
2026-01-28T10:04:13.356952110Z time=2026-01-28T10:04:13.356Z level=INFO source=warnings.go:70 msg="v1 Endpoints is deprecated in v1.33+; use discovery.k8s.io/v1 EndpointSlice" component=k8s_client_runtime
2026-01-28T10:05:18.366653126Z time=2026-01-28T10:05:18.366Z level=INFO source=warnings.go:70 msg="v1 Endpoints is deprecated in v1.33+; use discovery.k8s.io/v1 EndpointSlice" component=k8s_client_runtime
2026-01-28T10:05:50.320208814Z time=2026-01-28T10:05:50.320Z level=INFO source=warnings.go:70 msg="v1 Endpoints is deprecated in v1.33+; use discovery.k8s.io/v1 EndpointSlice" component=k8s_client_runtime
2026-01-28T10:06:00.354503400Z time=2026-01-28T10:06:00.354Z level=INFO source=warnings.go:70 msg="v1 Endpoints is deprecated in v1.33+; use discovery.k8s.io/v1 EndpointSlice" component=k8s_client_runtime
2026-01-28T10:06:57.363385936Z time=2026-01-28T10:06:57.363Z level=INFO source=warnings.go:70 msg="v1 Endpoints is deprecated in v1.33+; use discovery.k8s.io/v1 EndpointSlice" component=k8s_client_runtime
2026-01-28T10:07:08.319732074Z time=2026-01-28T10:07:08.319Z level=INFO source=warnings.go:70 msg="v1 Endpoints is deprecated in v1.33+; use discovery.k8s.io/v1 EndpointSlice" component=k8s_client_runtime
2026-01-28T10:07:19.377740762Z time=2026-01-28T10:07:19.377Z level=INFO source=warnings.go:70 msg="v1 Endpoints is deprecated in v1.33+; use discovery.k8s.io/v1 EndpointSlice" component=k8s_client_runtime
2026-01-28T10:07:19.383681790Z time=2026-01-28T10:07:19.383Z level=INFO source=warnings.go:70 msg="v1 Endpoints is deprecated in v1.33+; use discovery.k8s.io/v1 EndpointSlice" component=k8s_client_runtime
2026-01-28T10:07:28.382970684Z time=2026-01-28T10:07:28.382Z level=INFO source=warnings.go:70 msg="v1 Endpoints is deprecated in v1.33+; use discovery.k8s.io/v1 EndpointSlice" component=k8s_client_runtime
2026-01-28T10:07:41.348342686Z time=2026-01-28T10:07:41.348Z level=INFO source=warnings.go:70 msg="v1 Endpoints is deprecated in v1.33+; use discovery.k8s.io/v1 EndpointSlice" component=k8s_client_runtime
2026-01-28T10:07:45.350141623Z time=2026-01-28T10:07:45.350Z level=INFO source=warnings.go:70 msg="v1 Endpoints is deprecated in v1.33+; use discovery.k8s.io/v1 EndpointSlice" component=k8s_client_runtime
2026-01-28T10:07:47.347227939Z time=2026-01-28T10:07:47.347Z level=INFO source=warnings.go:70 msg="v1 Endpoints is deprecated in v1.33+; use discovery.k8s.io/v1 EndpointSlice" component=k8s_client_runtime
2026-01-28T10:08:26.326747181Z time=2026-01-28T10:08:26.326Z level=INFO source=warnings.go:70 msg="v1 Endpoints is deprecated in v1.33+; use discovery.k8s.io/v1 EndpointSlice" component=k8s_client_runtime
2026-01-28T10:08:29.361399515Z time=2026-01-28T10:08:29.361Z level=INFO source=warnings.go:70 msg="v1 Endpoints is deprecated in v1.33+; use discovery.k8s.io/v1 EndpointSlice" component=k8s_client_runtime
2026-01-28T10:08:45.344971654Z time=2026-01-28T10:08:45.344Z level=INFO source=warnings.go:70 msg="v1 Endpoints is deprecated in v1.33+; use discovery.k8s.io/v1 EndpointSlice" component=k8s_client_runtime
2026-01-28T10:08:47.351334303Z time=2026-01-28T10:08:47.351Z level=INFO source=warnings.go:70 msg="v1 Endpoints is deprecated in v1.33+; use discovery.k8s.io/v1 EndpointSlice" component=k8s_client_runtime
2026-01-28T10:08:53.321624538Z time=2026-01-28T10:08:53.321Z level=INFO source=warnings.go:70 msg="v1 Endpoints is deprecated in v1.33+; use discovery.k8s.io/v1 EndpointSlice" component=k8s_client_runtime
2026-01-28T10:08:53.347190820Z time=2026-01-28T10:08:53.347Z level=INFO source=warnings.go:70 msg="v1 Endpoints is deprecated in v1.33+; use discovery.k8s.io/v1 EndpointSlice" component=k8s_client_runtime
2026-01-28T10:08:56.367631909Z time=2026-01-28T10:08:56.367Z level=INFO source=warnings.go:70 msg="v1 Endpoints is deprecated in v1.33+; use discovery.k8s.io/v1 EndpointSlice" component=k8s_client_runtime
2026-01-28T10:09:13.348390357Z time=2026-01-28T10:09:13.348Z level=INFO source=warnings.go:70 msg="v1 Endpoints is deprecated in v1.33+; use discovery.k8s.io/v1 EndpointSlice" component=k8s_client_runtime
2026-01-28T10:09:18.345605410Z time=2026-01-28T10:09:18.345Z level=INFO source=warnings.go:70 msg="v1 Endpoints is deprecated in v1.33+; use discovery.k8s.io/v1 EndpointSlice" component=k8s_client_runtime
2026-01-28T10:09:38.367128339Z time=2026-01-28T10:09:38.367Z level=INFO source=warnings.go:70 msg="v1 Endpoints is deprecated in v1.33+; use discovery.k8s.io/v1 EndpointSlice" component=k8s_client_runtime
2026-01-28T10:09:39.345508214Z time=2026-01-28T10:09:39.345Z level=INFO source=warnings.go:70 msg="v1 Endpoints is deprecated in v1.33+; use discovery.k8s.io/v1 EndpointSlice" component=k8s_client_runtime
2026-01-28T10:09:41.347601667Z time=2026-01-28T10:09:41.347Z level=INFO source=warnings.go:70 msg="v1 Endpoints is deprecated in v1.33+; use discovery.k8s.io/v1 EndpointSlice" component=k8s_client_runtime
2026-01-28T10:09:42.347056491Z time=2026-01-28T10:09:42.347Z level=INFO source=warnings.go:70 msg="v1 Endpoints is deprecated in v1.33+; use discovery.k8s.io/v1 EndpointSlice" component=k8s_client_runtime
2026-01-28T10:09:52.322950310Z time=2026-01-28T10:09:52.322Z level=INFO source=warnings.go:70 msg="v1 Endpoints is deprecated in v1.33+; use discovery.k8s.io/v1 EndpointSlice" component=k8s_client_runtime
2026-01-28T10:10:04.320721673Z time=2026-01-28T10:10:04.320Z level=INFO source=warnings.go:70 msg="v1 Endpoints is deprecated in v1.33+; use discovery.k8s.io/v1 EndpointSlice" component=k8s_client_runtime
2026-01-28T10:10:06.323130118Z time=2026-01-28T10:10:06.323Z level=INFO source=warnings.go:70 msg="v1 Endpoints is deprecated in v1.33+; use discovery.k8s.io/v1 EndpointSlice" component=k8s_client_runtime
2026-01-28T10:10:14.363280297Z time=2026-01-28T10:10:14.363Z level=INFO source=warnings.go:70 msg="v1 Endpoints is deprecated in v1.33+; use discovery.k8s.io/v1 EndpointSlice" component=k8s_client_runtime
2026-01-28T10:10:30.399791006Z time=2026-01-28T10:10:30.399Z level=INFO source=warnings.go:70 msg="v1 Endpoints is deprecated in v1.33+; use discovery.k8s.io/v1 EndpointSlice" component=k8s_client_runtime
2026-01-28T10:10:34.342054872Z time=2026-01-28T10:10:34.341Z level=INFO source=warnings.go:70 msg="v1 Endpoints is deprecated in v1.33+; use discovery.k8s.io/v1 EndpointSlice" component=k8s_client_runtime
2026-01-28T10:10:47.364918511Z time=2026-01-28T10:10:47.364Z level=INFO source=warnings.go:70 msg="v1 Endpoints is deprecated in v1.33+; use discovery.k8s.io/v1 EndpointSlice" component=k8s_client_runtime
2026-01-28T10:10:51.359444240Z time=2026-01-28T10:10:51.359Z level=INFO source=warnings.go:70 msg="v1 Endpoints is deprecated in v1.33+; use discovery.k8s.io/v1 EndpointSlice" component=k8s_client_runtime
2026-01-28T10:10:56.351225351Z time=2026-01-28T10:10:56.351Z level=INFO source=warnings.go:70 msg="v1 Endpoints is deprecated in v1.33+; use discovery.k8s.io/v1 EndpointSlice" component=k8s_client_runtime
2026-01-28T10:10:59.343045677Z time=2026-01-28T10:10:59.343Z level=INFO source=warnings.go:70 msg="v1 Endpoints is deprecated in v1.33+; use discovery.k8s.io/v1 EndpointSlice" component=k8s_client_runtime
2026-01-28T10:11:17.348900176Z time=2026-01-28T10:11:17.348Z level=INFO source=warnings.go:70 msg="v1 Endpoints is deprecated in v1.33+; use discovery.k8s.io/v1 EndpointSlice" component=k8s_client_runtime
2026-01-28T10:11:25.369183384Z time=2026-01-28T10:11:25.369Z level=INFO source=warnings.go:70 msg="v1 Endpoints is deprecated in v1.33+; use discovery.k8s.io/v1 EndpointSlice" component=k8s_client_runtime
2026-01-28T10:11:38.363962997Z time=2026-01-28T10:11:38.363Z level=INFO source=warnings.go:70 msg="v1 Endpoints is deprecated in v1.33+; use discovery.k8s.io/v1 EndpointSlice" component=k8s_client_runtime
2026-01-28T10:11:55.347803689Z time=2026-01-28T10:11:55.347Z level=INFO source=warnings.go:70 msg="v1 Endpoints is deprecated in v1.33+; use discovery.k8s.io/v1 EndpointSlice" component=k8s_client_runtime
2026-01-28T10:12:13.367638617Z time=2026-01-28T10:12:13.367Z level=INFO source=warnings.go:70 msg="v1 Endpoints is deprecated in v1.33+; use discovery.k8s.io/v1 EndpointSlice" component=k8s_client_runtime
2026-01-28T10:12:17.319542480Z time=2026-01-28T10:12:17.319Z level=INFO source=warnings.go:70 msg="v1 Endpoints is deprecated in v1.33+; use discovery.k8s.io/v1 EndpointSlice" component=k8s_client_runtime
2026-01-28T10:12:18.375052898Z time=2026-01-28T10:12:18.374Z level=INFO source=warnings.go:70 msg="v1 Endpoints is deprecated in v1.33+; use discovery.k8s.io/v1 EndpointSlice" component=k8s_client_runtime
2026-01-28T10:12:20.360915153Z time=2026-01-28T10:12:20.360Z level=INFO source=warnings.go:70 msg="v1 Endpoints is deprecated in v1.33+; use discovery.k8s.io/v1 EndpointSlice" component=k8s_client_runtime
2026-01-28T10:12:29.366082992Z time=2026-01-28T10:12:29.366Z level=INFO source=warnings.go:70 msg="v1 Endpoints is deprecated in v1.33+; use discovery.k8s.io/v1 EndpointSlice" component=k8s_client_runtime
2026-01-28T10:12:35.387918320Z time=2026-01-28T10:12:35.387Z level=INFO source=warnings.go:70 msg="v1 Endpoints is deprecated in v1.33+; use discovery.k8s.io/v1 EndpointSlice" component=k8s_client_runtime
2026-01-28T10:12:40.334273430Z time=2026-01-28T10:12:40.334Z level=INFO source=warnings.go:70 msg="v1 Endpoints is deprecated in v1.33+; use discovery.k8s.io/v1 EndpointSlice" component=k8s_client_runtime
2026-01-28T10:13:10.368984004Z time=2026-01-28T10:13:10.368Z level=INFO source=warnings.go:70 msg="v1 Endpoints is deprecated in v1.33+; use discovery.k8s.io/v1 EndpointSlice" component=k8s_client_runtime
2026-01-28T10:13:11.385064559Z time=2026-01-28T10:13:11.384Z level=INFO source=warnings.go:70 msg="v1 Endpoints is deprecated in v1.33+; use discovery.k8s.io/v1 EndpointSlice" component=k8s_client_runtime
2026-01-28T10:13:15.351661696Z time=2026-01-28T10:13:15.351Z level=INFO source=warnings.go:70 msg="v1 Endpoints is deprecated in v1.33+; use discovery.k8s.io/v1 EndpointSlice" component=k8s_client_runtime
2026-01-28T10:13:25.351313191Z time=2026-01-28T10:13:25.351Z level=INFO source=warnings.go:70 msg="v1 Endpoints is deprecated in v1.33+; use discovery.k8s.io/v1 EndpointSlice" component=k8s_client_runtime
2026-01-28T10:13:29.380186988Z time=2026-01-28T10:13:29.380Z level=INFO source=warnings.go:70 msg="v1 Endpoints is deprecated in v1.33+; use discovery.k8s.io/v1 EndpointSlice" component=k8s_client_runtime
2026-01-28T10:13:32.356974339Z time=2026-01-28T10:13:32.356Z level=INFO source=warnings.go:70 msg="v1 Endpoints is deprecated in v1.33+; use discovery.k8s.io/v1 EndpointSlice" component=k8s_client_runtime
2026-01-28T10:14:02.323267743Z time=2026-01-28T10:14:02.323Z level=INFO source=warnings.go:70 msg="v1 Endpoints is deprecated in v1.33+; use discovery.k8s.io/v1 EndpointSlice" component=k8s_client_runtime
2026-01-28T10:14:05.352181668Z time=2026-01-28T10:14:05.352Z level=INFO source=warnings.go:70 msg="v1 Endpoints is deprecated in v1.33+; use discovery.k8s.io/v1 EndpointSlice" component=k8s_client_runtime
2026-01-28T10:14:14.322826177Z time=2026-01-28T10:14:14.322Z level=INFO source=warnings.go:70 msg="v1 Endpoints is deprecated in v1.33+; use discovery.k8s.io/v1 EndpointSlice" component=k8s_client_runtime
2026-01-28T10:14:42.386116674Z time=2026-01-28T10:14:42.386Z level=INFO source=warnings.go:70 msg="v1 Endpoints is deprecated in v1.33+; use discovery.k8s.io/v1 EndpointSlice" component=k8s_client_runtime
2026-01-28T10:14:56.348181122Z time=2026-01-28T10:14:56.348Z level=INFO source=warnings.go:70 msg="v1 Endpoints is deprecated in v1.33+; use discovery.k8s.io/v1 EndpointSlice" component=k8s_client_runtime
2026-01-28T10:15:00.329628670Z time=2026-01-28T10:15:00.329Z level=INFO source=warnings.go:70 msg="v1 Endpoints is deprecated in v1.33+; use discovery.k8s.io/v1 EndpointSlice" component=k8s_client_runtime
2026-01-28T10:15:03.353466017Z time=2026-01-28T10:15:03.353Z level=INFO source=warnings.go:70 msg="v1 Endpoints is deprecated in v1.33+; use discovery.k8s.io/v1 EndpointSlice" component=k8s_client_runtime
2026-01-28T10:15:37.322971725Z time=2026-01-28T10:15:37.322Z level=INFO source=warnings.go:70 msg="v1 Endpoints is deprecated in v1.33+; use discovery.k8s.io/v1 EndpointSlice" component=k8s_client_runtime
2026-01-28T10:15:38.369701585Z time=2026-01-28T10:15:38.369Z level=INFO source=warnings.go:70 msg="v1 Endpoints is deprecated in v1.33+; use discovery.k8s.io/v1 EndpointSlice" component=k8s_client_runtime
2026-01-28T10:16:22.349839995Z time=2026-01-28T10:16:22.349Z level=INFO source=warnings.go:70 msg="v1 Endpoints is deprecated in v1.33+; use discovery.k8s.io/v1 EndpointSlice" component=k8s_client_runtime
2026-01-28T10:16:39.353868686Z time=2026-01-28T10:16:39.353Z level=INFO source=warnings.go:70 msg="v1 Endpoints is deprecated in v1.33+; use discovery.k8s.io/v1 EndpointSlice" component=k8s_client_runtime
2026-01-28T10:16:39.363134621Z time=2026-01-28T10:16:39.363Z level=INFO source=warnings.go:70 msg="v1 Endpoints is deprecated in v1.33+; use discovery.k8s.io/v1 EndpointSlice" component=k8s_client_runtime
2026-01-28T10:16:42.323015693Z time=2026-01-28T10:16:42.322Z level=INFO source=warnings.go:70 msg="v1 Endpoints is deprecated in v1.33+; use discovery.k8s.io/v1 EndpointSlice" component=k8s_client_runtime
2026-01-28T10:16:42.346872775Z time=2026-01-28T10:16:42.346Z level=INFO source=warnings.go:70 msg="v1 Endpoints is deprecated in v1.33+; use discovery.k8s.io/v1 EndpointSlice" component=k8s_client_runtime
2026-01-28T10:16:53.344299991Z time=2026-01-28T10:16:53.344Z level=INFO source=warnings.go:70 msg="v1 Endpoints is deprecated in v1.33+; use discovery.k8s.io/v1 EndpointSlice" component=k8s_client_runtime
2026-01-28T10:17:01.345738593Z time=2026-01-28T10:17:01.345Z level=INFO source=warnings.go:70 msg="v1 Endpoints is deprecated in v1.33+; use discovery.k8s.io/v1 EndpointSlice" component=k8s_client_runtime
2026-01-28T10:17:12.371724802Z time=2026-01-28T10:17:12.371Z level=INFO source=warnings.go:70 msg="v1 Endpoints is deprecated in v1.33+; use discovery.k8s.io/v1 EndpointSlice" component=k8s_client_runtime
2026-01-28T10:17:16.369441529Z time=2026-01-28T10:17:16.369Z level=INFO source=warnings.go:70 msg="v1 Endpoints is deprecated in v1.33+; use discovery.k8s.io/v1 EndpointSlice" component=k8s_client_runtime
2026-01-28T10:17:18.325159080Z time=2026-01-28T10:17:18.325Z level=INFO source=warnings.go:70 msg="v1 Endpoints is deprecated in v1.33+; use discovery.k8s.io/v1 EndpointSlice" component=k8s_client_runtime
2026-01-28T10:17:35.324874403Z time=2026-01-28T10:17:35.324Z level=INFO source=warnings.go:70 msg="v1 Endpoints is deprecated in v1.33+; use discovery.k8s.io/v1 EndpointSlice" component=k8s_client_runtime
2026-01-28T10:17:58.347283429Z time=2026-01-28T10:17:58.347Z level=INFO source=warnings.go:70 msg="v1 Endpoints is deprecated in v1.33+; use discovery.k8s.io/v1 EndpointSlice" component=k8s_client_runtime
2026-01-28T10:18:00.350988219Z time=2026-01-28T10:18:00.350Z level=INFO source=warnings.go:70 msg="v1 Endpoints is deprecated in v1.33+; use discovery.k8s.io/v1 EndpointSlice" component=k8s_client_runtime
2026-01-28T10:18:02.349131369Z time=2026-01-28T10:18:02.349Z level=INFO source=warnings.go:70 msg="v1 Endpoints is deprecated in v1.33+; use discovery.k8s.io/v1 EndpointSlice" component=k8s_client_runtime
2026-01-28T10:18:05.336694613Z time=2026-01-28T10:18:05.336Z level=INFO source=warnings.go:70 msg="v1 Endpoints is deprecated in v1.33+; use discovery.k8s.io/v1 EndpointSlice" component=k8s_client_runtime
2026-01-28T10:18:22.349607402Z time=2026-01-28T10:18:22.349Z level=INFO source=warnings.go:70 msg="v1 Endpoints is deprecated in v1.33+; use discovery.k8s.io/v1 EndpointSlice" component=k8s_client_runtime
2026-01-28T10:18:24.387084675Z time=2026-01-28T10:18:24.387Z level=INFO source=warnings.go:70 msg="v1 Endpoints is deprecated in v1.33+; use discovery.k8s.io/v1 EndpointSlice" component=k8s_client_runtime
2026-01-28T10:18:42.349433762Z time=2026-01-28T10:18:42.349Z level=INFO source=warnings.go:70 msg="v1 Endpoints is deprecated in v1.33+; use discovery.k8s.io/v1 EndpointSlice" component=k8s_client_runtime
2026-01-28T10:18:44.370035286Z time=2026-01-28T10:18:44.369Z level=INFO source=warnings.go:70 msg="v1 Endpoints is deprecated in v1.33+; use discovery.k8s.io/v1 EndpointSlice" component=k8s_client_runtime
2026-01-28T10:18:45.389575880Z time=2026-01-28T10:18:45.389Z level=INFO source=warnings.go:70 msg="v1 Endpoints is deprecated in v1.33+; use discovery.k8s.io/v1 EndpointSlice" component=k8s_client_runtime
2026-01-28T10:18:45.402012168Z time=2026-01-28T10:18:45.401Z level=INFO source=warnings.go:70 msg="v1 Endpoints is deprecated in v1.33+; use discovery.k8s.io/v1 EndpointSlice" component=k8s_client_runtime
2026-01-28T10:19:16.321852171Z time=2026-01-28T10:19:16.321Z level=INFO source=warnings.go:70 msg="v1 Endpoints is deprecated in v1.33+; use discovery.k8s.io/v1 EndpointSlice" component=k8s_client_runtime
2026-01-28T10:19:31.365390233Z time=2026-01-28T10:19:31.365Z level=INFO source=warnings.go:70 msg="v1 Endpoints is deprecated in v1.33+; use discovery.k8s.io/v1 EndpointSlice" component=k8s_client_runtime
2026-01-28T10:19:45.365791170Z time=2026-01-28T10:19:45.365Z level=INFO source=warnings.go:70 msg="v1 Endpoints is deprecated in v1.33+; use discovery.k8s.io/v1 EndpointSlice" component=k8s_client_runtime
2026-01-28T10:20:07.361494792Z time=2026-01-28T10:20:07.361Z level=INFO source=warnings.go:70 msg="v1 Endpoints is deprecated in v1.33+; use discovery.k8s.io/v1 EndpointSlice" component=k8s_client_runtime
2026-01-28T10:20:10.367418404Z time=2026-01-28T10:20:10.367Z level=INFO source=warnings.go:70 msg="v1 Endpoints is deprecated in v1.33+; use discovery.k8s.io/v1 EndpointSlice" component=k8s_client_runtime
2026-01-28T10:20:38.367566520Z time=2026-01-28T10:20:38.367Z level=INFO source=warnings.go:70 msg="v1 Endpoints is deprecated in v1.33+; use discovery.k8s.io/v1 EndpointSlice" component=k8s_client_runtime
2026-01-28T10:20:41.326314234Z time=2026-01-28T10:20:41.326Z level=INFO source=warnings.go:70 msg="v1 Endpoints is deprecated in v1.33+; use discovery.k8s.io/v1 EndpointSlice" component=k8s_client_runtime
2026-01-28T10:20:52.377342958Z time=2026-01-28T10:20:52.377Z level=INFO source=warnings.go:70 msg="v1 Endpoints is deprecated in v1.33+; use discovery.k8s.io/v1 EndpointSlice" component=k8s_client_runtime
2026-01-28T10:20:54.351172712Z time=2026-01-28T10:20:54.351Z level=INFO source=warnings.go:70 msg="v1 Endpoints is deprecated in v1.33+; use discovery.k8s.io/v1 EndpointSlice" component=k8s_client_runtime
2026-01-28T10:21:08.325004036Z time=2026-01-28T10:21:08.324Z level=INFO source=warnings.go:70 msg="v1 Endpoints is deprecated in v1.33+; use discovery.k8s.io/v1 EndpointSlice" component=k8s_client_runtime
2026-01-28T10:21:14.370847126Z time=2026-01-28T10:21:14.370Z level=INFO source=warnings.go:70 msg="v1 Endpoints is deprecated in v1.33+; use discovery.k8s.io/v1 EndpointSlice" component=k8s_client_runtime
2026-01-28T10:21:21.349872491Z time=2026-01-28T10:21:21.349Z level=INFO source=warnings.go:70 msg="v1 Endpoints is deprecated in v1.33+; use discovery.k8s.io/v1 EndpointSlice" component=k8s_client_runtime
2026-01-28T10:21:42.351832935Z time=2026-01-28T10:21:42.351Z level=INFO source=warnings.go:70 msg="v1 Endpoints is deprecated in v1.33+; use discovery.k8s.io/v1 EndpointSlice" component=k8s_client_runtime
2026-01-28T10:21:42.353294559Z time=2026-01-28T10:21:42.353Z level=INFO source=warnings.go:70 msg="v1 Endpoints is deprecated in v1.33+; use discovery.k8s.io/v1 EndpointSlice" component=k8s_client_runtime
2026-01-28T10:21:50.382738914Z time=2026-01-28T10:21:50.382Z level=INFO source=warnings.go:70 msg="v1 Endpoints is deprecated in v1.33+; use discovery.k8s.io/v1 EndpointSlice" component=k8s_client_runtime
2026-01-28T10:22:16.363117234Z time=2026-01-28T10:22:16.363Z level=INFO source=warnings.go:70 msg="v1 Endpoints is deprecated in v1.33+; use discovery.k8s.io/v1 EndpointSlice" component=k8s_client_runtime
2026-01-28T10:22:26.388137908Z time=2026-01-28T10:22:26.388Z level=INFO source=warnings.go:70 msg="v1 Endpoints is deprecated in v1.33+; use discovery.k8s.io/v1 EndpointSlice" component=k8s_client_runtime
2026-01-28T10:22:29.365942276Z time=2026-01-28T10:22:29.365Z level=INFO source=warnings.go:70 msg="v1 Endpoints is deprecated in v1.33+; use discovery.k8s.io/v1 EndpointSlice" component=k8s_client_runtime
2026-01-28T10:22:49.359259864Z time=2026-01-28T10:22:49.359Z level=INFO source=warnings.go:70 msg="v1 Endpoints is deprecated in v1.33+; use discovery.k8s.io/v1 EndpointSlice" component=k8s_client_runtime
2026-01-28T10:23:04.331731692Z time=2026-01-28T10:23:04.331Z level=INFO source=warnings.go:70 msg="v1 Endpoints is deprecated in v1.33+; use discovery.k8s.io/v1 EndpointSlice" component=k8s_client_runtime
2026-01-28T10:23:07.353280959Z time=2026-01-28T10:23:07.353Z level=INFO source=warnings.go:70 msg="v1 Endpoints is deprecated in v1.33+; use discovery.k8s.io/v1 EndpointSlice" component=k8s_client_runtime
2026-01-28T10:23:13.356563739Z time=2026-01-28T10:23:13.356Z level=INFO source=warnings.go:70 msg="v1 Endpoints is deprecated in v1.33+; use discovery.k8s.io/v1 EndpointSlice" component=k8s_client_runtime
2026-01-28T10:23:29.354161356Z time=2026-01-28T10:23:29.354Z level=INFO source=warnings.go:70 msg="v1 Endpoints is deprecated in v1.33+; use discovery.k8s.io/v1 EndpointSlice" component=k8s_client_runtime
2026-01-28T10:23:44.371354280Z time=2026-01-28T10:23:44.371Z level=INFO source=warnings.go:70 msg="v1 Endpoints is deprecated in v1.33+; use discovery.k8s.io/v1 EndpointSlice" component=k8s_client_runtime
2026-01-28T10:23:53.350769400Z time=2026-01-28T10:23:53.350Z level=INFO source=warnings.go:70 msg="v1 Endpoints is deprecated in v1.33+; use discovery.k8s.io/v1 EndpointSlice" component=k8s_client_runtime
2026-01-28T10:23:55.355842269Z time=2026-01-28T10:23:55.355Z level=INFO source=warnings.go:70 msg="v1 Endpoints is deprecated in v1.33+; use discovery.k8s.io/v1 EndpointSlice" component=k8s_client_runtime
2026-01-28T10:23:59.352687850Z time=2026-01-28T10:23:59.352Z level=INFO source=warnings.go:70 msg="v1 Endpoints is deprecated in v1.33+; use discovery.k8s.io/v1 EndpointSlice" component=k8s_client_runtime
2026-01-28T10:24:09.327366136Z time=2026-01-28T10:24:09.327Z level=INFO source=warnings.go:70 msg="v1 Endpoints is deprecated in v1.33+; use discovery.k8s.io/v1 EndpointSlice" component=k8s_client_runtime
2026-01-28T10:24:09.404616081Z time=2026-01-28T10:24:09.404Z level=INFO source=warnings.go:70 msg="v1 Endpoints is deprecated in v1.33+; use discovery.k8s.io/v1 EndpointSlice" component=k8s_client_runtime
2026-01-28T10:24:12.373966246Z time=2026-01-28T10:24:12.373Z level=INFO source=warnings.go:70 msg="v1 Endpoints is deprecated in v1.33+; use discovery.k8s.io/v1 EndpointSlice" component=k8s_client_runtime
2026-01-28T10:24:14.349859110Z time=2026-01-28T10:24:14.349Z level=INFO source=warnings.go:70 msg="v1 Endpoints is deprecated in v1.33+; use discovery.k8s.io/v1 EndpointSlice" component=k8s_client_runtime
2026-01-28T10:24:37.371123022Z time=2026-01-28T10:24:37.371Z level=INFO source=warnings.go:70 msg="v1 Endpoints is deprecated in v1.33+; use discovery.k8s.io/v1 EndpointSlice" component=k8s_client_runtime
