2026-01-28T09:28:23.232424836Z I0128 09:28:23.232314       1 leaderelection.go:121] The leader election gives 4 retries and allows for 30s of clock skew. The kube-apiserver downtime tolerance is 78s. Worst non-graceful lease acquisition is 2m43s. Worst graceful lease acquisition is {26s}.
2026-01-28T09:28:23.254350297Z I0128 09:28:23.254321       1 main.go:173] "starting manager" logger="CCCMOConfigSyncControllers.setup"
2026-01-28T09:28:23.254537437Z I0128 09:28:23.254518       1 server.go:83] "starting server" logger="CCCMOConfigSyncControllers" name="health probe" addr="127.0.0.1:9260"
2026-01-28T09:28:23.254625461Z I0128 09:28:23.254603       1 leaderelection.go:257] attempting to acquire leader lease openshift-cloud-controller-manager-operator/cluster-cloud-config-sync-leader...
2026-01-28T09:28:23.261993648Z I0128 09:28:23.261942       1 leaderelection.go:271] successfully acquired lease openshift-cloud-controller-manager-operator/cluster-cloud-config-sync-leader
2026-01-28T09:28:23.262199298Z I0128 09:28:23.262181       1 controller.go:246] "Starting EventSource" logger="CCCMOConfigSyncControllers" controller="CloudConfigSyncController" controllerGroup="" controllerKind="ConfigMap" source="kind source: *v1.Network"
2026-01-28T09:28:23.262339345Z I0128 09:28:23.262324       1 controller.go:246] "Starting EventSource" logger="CCCMOConfigSyncControllers" controller="CloudConfigSyncController" controllerGroup="" controllerKind="ConfigMap" source="kind source: *v1.ConfigMap"
2026-01-28T09:28:23.262432430Z I0128 09:28:23.262418       1 controller.go:246] "Starting EventSource" logger="CCCMOConfigSyncControllers" controller="CloudConfigSyncController" controllerGroup="" controllerKind="ConfigMap" source="kind source: *v1.Infrastructure"
2026-01-28T09:28:23.262545705Z I0128 09:28:23.262527       1 controller.go:246] "Starting EventSource" logger="CCCMOConfigSyncControllers" controller="TrustedCABundleController" controllerGroup="" controllerKind="ConfigMap" source="kind source: *v1.Proxy"
2026-01-28T09:28:23.262647820Z I0128 09:28:23.262632       1 controller.go:246] "Starting EventSource" logger="CCCMOConfigSyncControllers" controller="TrustedCABundleController" controllerGroup="" controllerKind="ConfigMap" source="kind source: *v1.ConfigMap"
2026-01-28T09:28:23.565077039Z I0128 09:28:23.564998       1 controller.go:186] "Starting Controller" logger="CCCMOConfigSyncControllers" controller="TrustedCABundleController" controllerGroup="" controllerKind="ConfigMap"
2026-01-28T09:28:23.565077039Z I0128 09:28:23.565054       1 controller.go:195] "Starting workers" logger="CCCMOConfigSyncControllers" controller="TrustedCABundleController" controllerGroup="" controllerKind="ConfigMap" worker count=1
2026-01-28T09:28:23.565208005Z I0128 09:28:23.565174       1 controller.go:186] "Starting Controller" logger="CCCMOConfigSyncControllers" controller="CloudConfigSyncController" controllerGroup="" controllerKind="ConfigMap"
2026-01-28T09:28:23.565208005Z I0128 09:28:23.565196       1 controller.go:195] "Starting workers" logger="CCCMOConfigSyncControllers" controller="CloudConfigSyncController" controllerGroup="" controllerKind="ConfigMap" worker count=1
2026-01-28T09:28:23.565340032Z W0128 09:28:23.565318       1 cloud_config_sync_controller.go:101] managed cloud-config is not found, falling back to infrastructure config
2026-01-28T09:28:23.568867457Z I0128 09:28:23.568842       1 trusted_ca_bundle_controller.go:156] cloud-config was not found: ConfigMap "cloud-conf" not found
2026-01-28T09:28:23.603280560Z E0128 09:28:23.603218       1 controller.go:353] "Reconciler error" err="failed to set conditions for trusted CA bundle controller: Operation cannot be fulfilled on clusteroperators.config.openshift.io \"cloud-controller-manager\": the object has been modified; please apply your changes to the latest version and try again" logger="CCCMOConfigSyncControllers" controller="TrustedCABundleController" controllerGroup="" controllerKind="ConfigMap" ConfigMap="openshift-config/openshift-install" namespace="openshift-config" name="openshift-install" reconcileID="577806a0-c4b0-4d4a-ba38-43f437a87a57"
2026-01-28T09:28:23.709442186Z W0128 09:28:23.709408       1 cloud_config_sync_controller.go:101] managed cloud-config is not found, falling back to infrastructure config
2026-01-28T09:28:23.718011473Z E0128 09:28:23.717989       1 controller.go:353] "Reconciler error" err="failed to set conditions for trusted CA bundle controller: Operation cannot be fulfilled on clusteroperators.config.openshift.io \"cloud-controller-manager\": the object has been modified; please apply your changes to the latest version and try again" logger="CCCMOConfigSyncControllers" controller="TrustedCABundleController" controllerGroup="" controllerKind="ConfigMap" ConfigMap="openshift-config/cloud-provider-config" namespace="openshift-config" name="cloud-provider-config" reconcileID="e33c0c9d-a096-4b76-b3da-8316e17605d2"
2026-01-28T09:28:23.729976928Z W0128 09:28:23.729947       1 cloud_config_sync_controller.go:101] managed cloud-config is not found, falling back to infrastructure config
2026-01-28T09:28:23.738606338Z W0128 09:28:23.738585       1 cloud_config_sync_controller.go:101] managed cloud-config is not found, falling back to infrastructure config
2026-01-28T09:28:23.751635777Z W0128 09:28:23.751578       1 cloud_config_sync_controller.go:101] managed cloud-config is not found, falling back to infrastructure config
2026-01-28T09:28:23.765454305Z W0128 09:28:23.765426       1 cloud_config_sync_controller.go:101] managed cloud-config is not found, falling back to infrastructure config
2026-01-28T09:28:23.774120896Z W0128 09:28:23.774090       1 cloud_config_sync_controller.go:101] managed cloud-config is not found, falling back to infrastructure config
2026-01-28T09:28:23.783679812Z W0128 09:28:23.783515       1 cloud_config_sync_controller.go:101] managed cloud-config is not found, falling back to infrastructure config
2026-01-28T09:28:23.795823437Z W0128 09:28:23.795749       1 cloud_config_sync_controller.go:101] managed cloud-config is not found, falling back to infrastructure config
2026-01-28T09:28:23.808764211Z W0128 09:28:23.808701       1 cloud_config_sync_controller.go:101] managed cloud-config is not found, falling back to infrastructure config
2026-01-28T09:28:23.820015581Z W0128 09:28:23.819977       1 cloud_config_sync_controller.go:101] managed cloud-config is not found, falling back to infrastructure config
2026-01-28T09:29:33.934244516Z W0128 09:29:33.934202       1 cloud_config_sync_controller.go:101] managed cloud-config is not found, falling back to infrastructure config
2026-01-28T09:30:38.971839464Z W0128 09:30:38.971793       1 cloud_config_sync_controller.go:101] managed cloud-config is not found, falling back to infrastructure config
2026-01-28T09:30:39.778667245Z W0128 09:30:39.778625       1 cloud_config_sync_controller.go:101] managed cloud-config is not found, falling back to infrastructure config
2026-01-28T09:30:42.819987224Z W0128 09:30:42.819946       1 cloud_config_sync_controller.go:101] managed cloud-config is not found, falling back to infrastructure config
2026-01-28T09:30:42.827853773Z W0128 09:30:42.827808       1 cloud_config_sync_controller.go:101] managed cloud-config is not found, falling back to infrastructure config
