2026-01-28T09:47:18.560690417Z + timeout 3m /bin/bash -exuo pipefail -c 'while [ -n "$(ss -Htanop \( sport = 10357 \))" ]; do sleep 1; done'
2026-01-28T09:47:18.564576201Z ++ ss -Htanop '(' sport = 10357 ')'
2026-01-28T09:47:18.573716145Z + '[' -n '' ']'
2026-01-28T09:47:18.574323716Z + exec cluster-policy-controller start --config=/etc/kubernetes/static-pod-resources/configmaps/cluster-policy-controller-config/config.yaml --kubeconfig=/etc/kubernetes/static-pod-resources/configmaps/controller-manager-kubeconfig/kubeconfig --namespace=openshift-kube-controller-manager -v=2
2026-01-28T09:47:18.635876359Z I0128 09:47:18.635775       1 leaderelection.go:121] The leader election gives 4 retries and allows for 30s of clock skew. The kube-apiserver downtime tolerance is 78s. Worst non-graceful lease acquisition is 2m43s. Worst graceful lease acquisition is {26s}.
2026-01-28T09:47:18.637710430Z I0128 09:47:18.637683       1 builder.go:304] cluster-policy-controller version 4.20.0-202601161812.p2.g47c7831.assembly.stream.el9-47c7831-47c783103216aa5e1242632127a5d8f98b8b7455
2026-01-28T09:47:18.638164673Z I0128 09:47:18.638144       1 observer_polling.go:159] Starting file observer
2026-01-28T09:47:18.638759202Z I0128 09:47:18.638718       1 dynamic_serving_content.go:116] "Loaded a new cert/key pair" name="serving-cert::/etc/kubernetes/static-pod-resources/secrets/serving-cert/tls.crt::/etc/kubernetes/static-pod-resources/secrets/serving-cert/tls.key"
2026-01-28T09:47:19.286228448Z I0128 09:47:19.286191       1 requestheader_controller.go:255] Loaded a new request header values for RequestHeaderAuthRequestController
2026-01-28T09:47:19.292551622Z I0128 09:47:19.292519       1 maxinflight.go:139] "Initialized nonMutatingChan" len=400
2026-01-28T09:47:19.292608225Z I0128 09:47:19.292596       1 maxinflight.go:145] "Initialized mutatingChan" len=200
2026-01-28T09:47:19.292675088Z I0128 09:47:19.292652       1 maxinflight.go:116] "Set denominator for readonly requests" limit=400
2026-01-28T09:47:19.292711690Z I0128 09:47:19.292700       1 maxinflight.go:120] "Set denominator for mutating requests" limit=200
2026-01-28T09:47:19.295879258Z I0128 09:47:19.295857       1 secure_serving.go:57] Forcing use of http/1.1 only
2026-01-28T09:47:19.296012605Z I0128 09:47:19.295863       1 genericapiserver.go:546] MuxAndDiscoveryComplete has all endpoints registered and discovery information is complete
2026-01-28T09:47:19.296381153Z W0128 09:47:19.296355       1 builder.go:364] unable to get control plane topology, using HA cluster values for leader election: infrastructures.config.openshift.io "cluster" is forbidden: User "system:kube-controller-manager" cannot get resource "infrastructures" in API group "config.openshift.io" at the cluster scope
2026-01-28T09:47:19.296469617Z I0128 09:47:19.296444       1 event.go:377] Event(v1.ObjectReference{Kind:"Pod", Namespace:"openshift-kube-controller-manager", Name:"kube-controller-manager-ip-10-0-108-54.us-west-1.compute.internal", UID:"", APIVersion:"", ResourceVersion:"", FieldPath:""}): type: 'Warning' reason: 'ControlPlaneTopology' unable to get control plane topology, using HA cluster values for leader election: infrastructures.config.openshift.io "cluster" is forbidden: User "system:kube-controller-manager" cannot get resource "infrastructures" in API group "config.openshift.io" at the cluster scope
2026-01-28T09:47:19.296814915Z I0128 09:47:19.296790       1 leaderelection.go:257] attempting to acquire leader lease openshift-kube-controller-manager/cluster-policy-controller-lock...
2026-01-28T09:47:19.299711679Z I0128 09:47:19.299668       1 requestheader_controller.go:180] Starting RequestHeaderAuthRequestController
2026-01-28T09:47:19.299795423Z I0128 09:47:19.299772       1 shared_informer.go:350] "Waiting for caches to sync" controller="RequestHeaderAuthRequestController"
2026-01-28T09:47:19.300184142Z I0128 09:47:19.300124       1 dynamic_serving_content.go:135] "Starting controller" name="serving-cert::/etc/kubernetes/static-pod-resources/secrets/serving-cert/tls.crt::/etc/kubernetes/static-pod-resources/secrets/serving-cert/tls.key"
2026-01-28T09:47:19.300287238Z I0128 09:47:19.299713       1 configmap_cafile_content.go:205] "Starting controller" name="client-ca::kube-system::extension-apiserver-authentication::requestheader-client-ca-file"
2026-01-28T09:47:19.300325039Z I0128 09:47:19.300312       1 shared_informer.go:350] "Waiting for caches to sync" controller="client-ca::kube-system::extension-apiserver-authentication::requestheader-client-ca-file"
2026-01-28T09:47:19.300380422Z I0128 09:47:19.299688       1 configmap_cafile_content.go:205] "Starting controller" name="client-ca::kube-system::extension-apiserver-authentication::client-ca-file"
2026-01-28T09:47:19.300418094Z I0128 09:47:19.300405       1 shared_informer.go:350] "Waiting for caches to sync" controller="client-ca::kube-system::extension-apiserver-authentication::client-ca-file"
2026-01-28T09:47:19.300588093Z I0128 09:47:19.300328       1 tlsconfig.go:203] "Loaded serving cert" certName="serving-cert::/etc/kubernetes/static-pod-resources/secrets/serving-cert/tls.crt::/etc/kubernetes/static-pod-resources/secrets/serving-cert/tls.key" certDetail="\"kube-controller-manager.openshift-kube-controller-manager.svc\" [serving] validServingFor=[kube-controller-manager.openshift-kube-controller-manager.svc,kube-controller-manager.openshift-kube-controller-manager.svc.cluster.local] issuer=\"openshift-service-serving-signer@1769592635\" (2026-01-28 09:30:56 +0000 UTC to 2028-01-28 09:30:57 +0000 UTC (now=2026-01-28 09:47:19.300301728 +0000 UTC))"
2026-01-28T09:47:19.300820664Z I0128 09:47:19.300804       1 named_certificates.go:53] "Loaded SNI cert" index=0 certName="self-signed loopback" certDetail="\"apiserver-loopback-client@1769593639\" [serving] validServingFor=[apiserver-loopback-client] issuer=\"apiserver-loopback-client-ca@1769593639\" (2026-01-28 08:47:18 +0000 UTC to 2029-01-28 08:47:18 +0000 UTC (now=2026-01-28 09:47:19.300786282 +0000 UTC))"
2026-01-28T09:47:19.300858976Z I0128 09:47:19.300846       1 secure_serving.go:211] Serving securely on 127.0.0.1:10357
2026-01-28T09:47:19.300940620Z I0128 09:47:19.300890       1 genericapiserver.go:696] [graceful-termination] waiting for shutdown to be initiated
2026-01-28T09:47:19.301003413Z I0128 09:47:19.300921       1 tlsconfig.go:243] "Starting DynamicServingCertificateController"
2026-01-28T09:47:19.301258316Z I0128 09:47:19.301238       1 reflector.go:430] "Caches populated" type="*v1.ConfigMap" reflector="k8s.io/client-go@v0.33.2/tools/cache/reflector.go:285"
2026-01-28T09:47:19.301649955Z I0128 09:47:19.301633       1 reflector.go:430] "Caches populated" type="*v1.ConfigMap" reflector="k8s.io/client-go@v0.33.2/tools/cache/reflector.go:285"
2026-01-28T09:47:19.302100278Z I0128 09:47:19.302052       1 reflector.go:430] "Caches populated" type="*v1.ConfigMap" reflector="k8s.io/client-go@v0.33.2/tools/cache/reflector.go:285"
2026-01-28T09:47:19.400556648Z I0128 09:47:19.400465       1 shared_informer.go:357] "Caches are synced" controller="RequestHeaderAuthRequestController"
2026-01-28T09:47:19.400642212Z I0128 09:47:19.400493       1 shared_informer.go:357] "Caches are synced" controller="client-ca::kube-system::extension-apiserver-authentication::client-ca-file"
2026-01-28T09:47:19.400716616Z I0128 09:47:19.400508       1 shared_informer.go:357] "Caches are synced" controller="client-ca::kube-system::extension-apiserver-authentication::requestheader-client-ca-file"
2026-01-28T09:47:19.401061853Z I0128 09:47:19.401032       1 tlsconfig.go:181] "Loaded client CA" index=0 certName="client-ca::kube-system::extension-apiserver-authentication::client-ca-file,client-ca::kube-system::extension-apiserver-authentication::requestheader-client-ca-file" certDetail="\"aggregator-signer\" [] issuer=\"<self>\" (2026-01-28 09:13:04 +0000 UTC to 2026-01-29 09:13:04 +0000 UTC (now=2026-01-28 09:47:19.400980719 +0000 UTC))"
2026-01-28T09:47:19.401298775Z I0128 09:47:19.401276       1 tlsconfig.go:203] "Loaded serving cert" certName="serving-cert::/etc/kubernetes/static-pod-resources/secrets/serving-cert/tls.crt::/etc/kubernetes/static-pod-resources/secrets/serving-cert/tls.key" certDetail="\"kube-controller-manager.openshift-kube-controller-manager.svc\" [serving] validServingFor=[kube-controller-manager.openshift-kube-controller-manager.svc,kube-controller-manager.openshift-kube-controller-manager.svc.cluster.local] issuer=\"openshift-service-serving-signer@1769592635\" (2026-01-28 09:30:56 +0000 UTC to 2028-01-28 09:30:57 +0000 UTC (now=2026-01-28 09:47:19.401261333 +0000 UTC))"
2026-01-28T09:47:19.401485204Z I0128 09:47:19.401467       1 named_certificates.go:53] "Loaded SNI cert" index=0 certName="self-signed loopback" certDetail="\"apiserver-loopback-client@1769593639\" [serving] validServingFor=[apiserver-loopback-client] issuer=\"apiserver-loopback-client-ca@1769593639\" (2026-01-28 08:47:18 +0000 UTC to 2029-01-28 08:47:18 +0000 UTC (now=2026-01-28 09:47:19.401451282 +0000 UTC))"
2026-01-28T09:47:19.401596280Z I0128 09:47:19.401582       1 tlsconfig.go:181] "Loaded client CA" index=0 certName="client-ca::kube-system::extension-apiserver-authentication::client-ca-file,client-ca::kube-system::extension-apiserver-authentication::requestheader-client-ca-file" certDetail="\"admin-kubeconfig-signer\" [] issuer=\"<self>\" (2026-01-28 09:13:02 +0000 UTC to 2036-01-26 09:13:02 +0000 UTC (now=2026-01-28 09:47:19.401571308 +0000 UTC))"
2026-01-28T09:47:19.401605520Z I0128 09:47:19.401600       1 tlsconfig.go:181] "Loaded client CA" index=1 certName="client-ca::kube-system::extension-apiserver-authentication::client-ca-file,client-ca::kube-system::extension-apiserver-authentication::requestheader-client-ca-file" certDetail="\"kubelet-signer\" [] issuer=\"<self>\" (2026-01-28 09:13:06 +0000 UTC to 2026-01-29 09:13:06 +0000 UTC (now=2026-01-28 09:47:19.40159216 +0000 UTC))"
2026-01-28T09:47:19.401618811Z I0128 09:47:19.401611       1 tlsconfig.go:181] "Loaded client CA" index=2 certName="client-ca::kube-system::extension-apiserver-authentication::client-ca-file,client-ca::kube-system::extension-apiserver-authentication::requestheader-client-ca-file" certDetail="\"kube-control-plane-signer\" [] issuer=\"<self>\" (2026-01-28 09:13:06 +0000 UTC to 2027-01-28 09:13:06 +0000 UTC (now=2026-01-28 09:47:19.40160478 +0000 UTC))"
2026-01-28T09:47:19.401627121Z I0128 09:47:19.401622       1 tlsconfig.go:181] "Loaded client CA" index=3 certName="client-ca::kube-system::extension-apiserver-authentication::client-ca-file,client-ca::kube-system::extension-apiserver-authentication::requestheader-client-ca-file" certDetail="\"kube-apiserver-to-kubelet-signer\" [] issuer=\"<self>\" (2026-01-28 09:13:07 +0000 UTC to 2027-01-28 09:13:07 +0000 UTC (now=2026-01-28 09:47:19.401616051 +0000 UTC))"
2026-01-28T09:47:19.401662713Z I0128 09:47:19.401647       1 tlsconfig.go:181] "Loaded client CA" index=4 certName="client-ca::kube-system::extension-apiserver-authentication::client-ca-file,client-ca::kube-system::extension-apiserver-authentication::requestheader-client-ca-file" certDetail="\"kubelet-bootstrap-kubeconfig-signer\" [] issuer=\"<self>\" (2026-01-28 09:13:03 +0000 UTC to 2036-01-26 09:13:03 +0000 UTC (now=2026-01-28 09:47:19.401626171 +0000 UTC))"
2026-01-28T09:47:19.401683434Z I0128 09:47:19.401668       1 tlsconfig.go:181] "Loaded client CA" index=5 certName="client-ca::kube-system::extension-apiserver-authentication::client-ca-file,client-ca::kube-system::extension-apiserver-authentication::requestheader-client-ca-file" certDetail="\"kube-csr-signer_@1769592636\" [] issuer=\"kubelet-signer\" (2026-01-28 09:30:35 +0000 UTC to 2026-01-29 09:13:06 +0000 UTC (now=2026-01-28 09:47:19.401658973 +0000 UTC))"
2026-01-28T09:47:19.401696275Z I0128 09:47:19.401688       1 tlsconfig.go:181] "Loaded client CA" index=6 certName="client-ca::kube-system::extension-apiserver-authentication::client-ca-file,client-ca::kube-system::extension-apiserver-authentication::requestheader-client-ca-file" certDetail="\"openshift-kube-apiserver-operator_node-system-admin-signer@1769592635\" [] issuer=\"<self>\" (2026-01-28 09:30:35 +0000 UTC to 2029-01-27 09:30:36 +0000 UTC (now=2026-01-28 09:47:19.401679584 +0000 UTC))"
2026-01-28T09:47:19.401710515Z I0128 09:47:19.401702       1 tlsconfig.go:181] "Loaded client CA" index=7 certName="client-ca::kube-system::extension-apiserver-authentication::client-ca-file,client-ca::kube-system::extension-apiserver-authentication::requestheader-client-ca-file" certDetail="\"aggregator-signer\" [] issuer=\"<self>\" (2026-01-28 09:13:04 +0000 UTC to 2026-01-29 09:13:04 +0000 UTC (now=2026-01-28 09:47:19.401692745 +0000 UTC))"
2026-01-28T09:47:19.401864913Z I0128 09:47:19.401850       1 tlsconfig.go:203] "Loaded serving cert" certName="serving-cert::/etc/kubernetes/static-pod-resources/secrets/serving-cert/tls.crt::/etc/kubernetes/static-pod-resources/secrets/serving-cert/tls.key" certDetail="\"kube-controller-manager.openshift-kube-controller-manager.svc\" [serving] validServingFor=[kube-controller-manager.openshift-kube-controller-manager.svc,kube-controller-manager.openshift-kube-controller-manager.svc.cluster.local] issuer=\"openshift-service-serving-signer@1769592635\" (2026-01-28 09:30:56 +0000 UTC to 2028-01-28 09:30:57 +0000 UTC (now=2026-01-28 09:47:19.401838672 +0000 UTC))"
2026-01-28T09:47:19.402013050Z I0128 09:47:19.401997       1 named_certificates.go:53] "Loaded SNI cert" index=0 certName="self-signed loopback" certDetail="\"apiserver-loopback-client@1769593639\" [serving] validServingFor=[apiserver-loopback-client] issuer=\"apiserver-loopback-client-ca@1769593639\" (2026-01-28 08:47:18 +0000 UTC to 2029-01-28 08:47:18 +0000 UTC (now=2026-01-28 09:47:19.401982549 +0000 UTC))"
