2026-01-28T09:40:17.724906557Z I0128 09:40:17.724741       1 cmd.go:95] &{<nil> true {false} installer true map[cert-configmaps:0xc000a9d680 cert-dir:0xc000a9d860 cert-secrets:0xc000a9d5e0 configmaps:0xc000a9d180 namespace:0xc000a9cfa0 optional-cert-configmaps:0xc000a9d7c0 optional-configmaps:0xc000a9d2c0 optional-secrets:0xc000a9d220 pod:0xc000a9d040 pod-manifest-dir:0xc000a9d400 resource-dir:0xc000a9d360 revision:0xc000a9cf00 secrets:0xc000a9d0e0 v:0xc000826320] [0xc000826320 0xc000a9cf00 0xc000a9cfa0 0xc000a9d040 0xc000a9d360 0xc000a9d400 0xc000a9d180 0xc000a9d2c0 0xc000a9d0e0 0xc000a9d220 0xc000a9d860 0xc000a9d680 0xc000a9d7c0 0xc000a9d5e0] [] map[cert-configmaps:0xc000a9d680 cert-dir:0xc000a9d860 cert-secrets:0xc000a9d5e0 configmaps:0xc000a9d180 help:0xc0008266e0 kubeconfig:0xc000a9ce60 log-flush-frequency:0xc000826280 namespace:0xc000a9cfa0 optional-cert-configmaps:0xc000a9d7c0 optional-cert-secrets:0xc000a9d720 optional-configmaps:0xc000a9d2c0 optional-secrets:0xc000a9d220 pod:0xc000a9d040 pod-manifest-dir:0xc000a9d400 pod-manifests-lock-file:0xc000a9d540 resource-dir:0xc000a9d360 revision:0xc000a9cf00 secrets:0xc000a9d0e0 timeout-duration:0xc000a9d4a0 v:0xc000826320 vmodule:0xc0008263c0] [0xc000a9ce60 0xc000a9cf00 0xc000a9cfa0 0xc000a9d040 0xc000a9d0e0 0xc000a9d180 0xc000a9d220 0xc000a9d2c0 0xc000a9d360 0xc000a9d400 0xc000a9d4a0 0xc000a9d540 0xc000a9d5e0 0xc000a9d680 0xc000a9d720 0xc000a9d7c0 0xc000a9d860 0xc000826280 0xc000826320 0xc0008263c0 0xc0008266e0] [0xc000a9d680 0xc000a9d860 0xc000a9d5e0 0xc000a9d180 0xc0008266e0 0xc000a9ce60 0xc000826280 0xc000a9cfa0 0xc000a9d7c0 0xc000a9d720 0xc000a9d2c0 0xc000a9d220 0xc000a9d040 0xc000a9d400 0xc000a9d540 0xc000a9d360 0xc000a9cf00 0xc000a9d0e0 0xc000a9d4a0 0xc000826320 0xc0008263c0] map[104:0xc0008266e0 118:0xc000826320] [] -1 0 0xc0005a5e90 true 0x77f6c0 []}
2026-01-28T09:40:17.725033769Z I0128 09:40:17.724914       1 cmd.go:96] (*installerpod.InstallOptions)(0xc0007c0000)({
2026-01-28T09:40:17.725033769Z  KubeConfig: (string) "",
2026-01-28T09:40:17.725033769Z  KubeClient: (kubernetes.Interface) <nil>,
2026-01-28T09:40:17.725033769Z  Revision: (string) (len=1) "6",
2026-01-28T09:40:17.725033769Z  NodeName: (string) "",
2026-01-28T09:40:17.725033769Z  Namespace: (string) (len=33) "openshift-kube-controller-manager",
2026-01-28T09:40:17.725033769Z  Clock: (clock.RealClock) {
2026-01-28T09:40:17.725033769Z  },
2026-01-28T09:40:17.725033769Z  PodConfigMapNamePrefix: (string) (len=27) "kube-controller-manager-pod",
2026-01-28T09:40:17.725033769Z  SecretNamePrefixes: ([]string) (len=2 cap=2) {
2026-01-28T09:40:17.725033769Z   (string) (len=27) "service-account-private-key",
2026-01-28T09:40:17.725033769Z   (string) (len=31) "localhost-recovery-client-token"
2026-01-28T09:40:17.725033769Z  },
2026-01-28T09:40:17.725033769Z  OptionalSecretNamePrefixes: ([]string) (len=1 cap=1) {
2026-01-28T09:40:17.725033769Z   (string) (len=12) "serving-cert"
2026-01-28T09:40:17.725033769Z  },
2026-01-28T09:40:17.725033769Z  ConfigMapNamePrefixes: ([]string) (len=8 cap=8) {
2026-01-28T09:40:17.725033769Z   (string) (len=27) "kube-controller-manager-pod",
2026-01-28T09:40:17.725033769Z   (string) (len=6) "config",
2026-01-28T09:40:17.725033769Z   (string) (len=32) "cluster-policy-controller-config",
2026-01-28T09:40:17.725033769Z   (string) (len=29) "controller-manager-kubeconfig",
2026-01-28T09:40:17.725033769Z   (string) (len=38) "kube-controller-cert-syncer-kubeconfig",
2026-01-28T09:40:17.725033769Z   (string) (len=17) "serviceaccount-ca",
2026-01-28T09:40:17.725033769Z   (string) (len=10) "service-ca",
2026-01-28T09:40:17.725033769Z   (string) (len=15) "recycler-config"
2026-01-28T09:40:17.725033769Z  },
2026-01-28T09:40:17.725033769Z  OptionalConfigMapNamePrefixes: ([]string) (len=1 cap=1) {
2026-01-28T09:40:17.725033769Z   (string) (len=12) "cloud-config"
2026-01-28T09:40:17.725033769Z  },
2026-01-28T09:40:17.725033769Z  CertSecretNames: ([]string) (len=2 cap=2) {
2026-01-28T09:40:17.725033769Z   (string) (len=39) "kube-controller-manager-client-cert-key",
2026-01-28T09:40:17.725033769Z   (string) (len=10) "csr-signer"
2026-01-28T09:40:17.725033769Z  },
2026-01-28T09:40:17.725033769Z  OptionalCertSecretNamePrefixes: ([]string) <nil>,
2026-01-28T09:40:17.725033769Z  CertConfigMapNamePrefixes: ([]string) (len=2 cap=2) {
2026-01-28T09:40:17.725033769Z   (string) (len=20) "aggregator-client-ca",
2026-01-28T09:40:17.725033769Z   (string) (len=9) "client-ca"
2026-01-28T09:40:17.725033769Z  },
2026-01-28T09:40:17.725033769Z  OptionalCertConfigMapNamePrefixes: ([]string) (len=1 cap=1) {
2026-01-28T09:40:17.725033769Z   (string) (len=17) "trusted-ca-bundle"
2026-01-28T09:40:17.725033769Z  },
2026-01-28T09:40:17.725033769Z  CertDir: (string) (len=66) "/etc/kubernetes/static-pod-resources/kube-controller-manager-certs",
2026-01-28T09:40:17.725033769Z  ResourceDir: (string) (len=36) "/etc/kubernetes/static-pod-resources",
2026-01-28T09:40:17.725033769Z  PodManifestDir: (string) (len=25) "/etc/kubernetes/manifests",
2026-01-28T09:40:17.725033769Z  Timeout: (time.Duration) 2m0s,
2026-01-28T09:40:17.725033769Z  StaticPodManifestsLockFile: (string) "",
2026-01-28T09:40:17.725033769Z  PodMutationFns: ([]installerpod.PodMutationFunc) <nil>,
2026-01-28T09:40:17.725033769Z  KubeletVersion: (string) ""
2026-01-28T09:40:17.725033769Z })
2026-01-28T09:40:17.725355736Z I0128 09:40:17.725334       1 envvar.go:172] "Feature gate default state" feature="InformerResourceVersion" enabled=false
2026-01-28T09:40:17.725355736Z I0128 09:40:17.725348       1 envvar.go:172] "Feature gate default state" feature="InOrderInformers" enabled=true
2026-01-28T09:40:17.725371627Z I0128 09:40:17.725353       1 envvar.go:172] "Feature gate default state" feature="WatchListClient" enabled=false
2026-01-28T09:40:17.725371627Z I0128 09:40:17.725357       1 envvar.go:172] "Feature gate default state" feature="ClientsAllowCBOR" enabled=false
2026-01-28T09:40:17.725371627Z I0128 09:40:17.725360       1 envvar.go:172] "Feature gate default state" feature="ClientsPreferCBOR" enabled=false
2026-01-28T09:40:17.725919708Z I0128 09:40:17.725888       1 cmd.go:413] Getting controller reference for node ip-10-0-102-200.us-west-1.compute.internal
2026-01-28T09:40:17.737114941Z I0128 09:40:17.737065       1 cmd.go:426] Waiting for installer revisions to settle for node ip-10-0-102-200.us-west-1.compute.internal
2026-01-28T09:40:17.741890594Z I0128 09:40:17.741859       1 cmd.go:518] Waiting additional period after revisions have settled for node ip-10-0-102-200.us-west-1.compute.internal
2026-01-28T09:40:47.742405762Z I0128 09:40:47.742354       1 cmd.go:524] Getting installer pods for node ip-10-0-102-200.us-west-1.compute.internal
2026-01-28T09:40:47.748317463Z I0128 09:40:47.748280       1 cmd.go:542] Latest installer revision for node ip-10-0-102-200.us-west-1.compute.internal is: 6
2026-01-28T09:40:47.748317463Z I0128 09:40:47.748299       1 cmd.go:431] Querying kubelet version for node ip-10-0-102-200.us-west-1.compute.internal
2026-01-28T09:40:47.753053887Z I0128 09:40:47.752988       1 cmd.go:444] Got kubelet version 1.33.6 on target node ip-10-0-102-200.us-west-1.compute.internal
2026-01-28T09:40:47.753113569Z I0128 09:40:47.753048       1 cmd.go:293] Creating target resource directory "/etc/kubernetes/static-pod-resources/kube-controller-manager-pod-6" ...
2026-01-28T09:40:47.753217271Z I0128 09:40:47.753193       1 cmd.go:221] Creating target resource directory "/etc/kubernetes/static-pod-resources/kube-controller-manager-pod-6" ...
2026-01-28T09:40:47.753217271Z I0128 09:40:47.753213       1 cmd.go:229] Getting secrets ...
2026-01-28T09:40:47.757197769Z I0128 09:40:47.757171       1 copy.go:32] Got secret openshift-kube-controller-manager/localhost-recovery-client-token-6
2026-01-28T09:40:47.760673145Z I0128 09:40:47.760648       1 copy.go:32] Got secret openshift-kube-controller-manager/service-account-private-key-6
2026-01-28T09:40:47.764516170Z I0128 09:40:47.764483       1 copy.go:32] Got secret openshift-kube-controller-manager/serving-cert-6
2026-01-28T09:40:47.764546291Z I0128 09:40:47.764529       1 cmd.go:242] Getting config maps ...
2026-01-28T09:40:47.768769074Z I0128 09:40:47.768741       1 copy.go:60] Got configMap openshift-kube-controller-manager/cluster-policy-controller-config-6
2026-01-28T09:40:47.772902235Z I0128 09:40:47.772877       1 copy.go:60] Got configMap openshift-kube-controller-manager/config-6
2026-01-28T09:40:47.820125328Z I0128 09:40:47.776636       1 copy.go:60] Got configMap openshift-kube-controller-manager/controller-manager-kubeconfig-6
2026-01-28T09:40:47.820125328Z I0128 09:40:47.780733       1 copy.go:60] Got configMap openshift-kube-controller-manager/kube-controller-cert-syncer-kubeconfig-6
2026-01-28T09:40:47.820125328Z I0128 09:40:47.787678       1 copy.go:60] Got configMap openshift-kube-controller-manager/kube-controller-manager-pod-6
2026-01-28T09:40:47.946247922Z I0128 09:40:47.946205       1 copy.go:60] Got configMap openshift-kube-controller-manager/recycler-config-6
2026-01-28T09:40:48.146223067Z I0128 09:40:48.146190       1 copy.go:60] Got configMap openshift-kube-controller-manager/service-ca-6
2026-01-28T09:40:48.346363875Z I0128 09:40:48.346297       1 copy.go:60] Got configMap openshift-kube-controller-manager/serviceaccount-ca-6
2026-01-28T09:40:48.546615436Z I0128 09:40:48.546566       1 copy.go:52] Failed to get config map openshift-kube-controller-manager/cloud-config-6: configmaps "cloud-config-6" not found
2026-01-28T09:40:48.546615436Z I0128 09:40:48.546600       1 cmd.go:261] Creating directory "/etc/kubernetes/static-pod-resources/kube-controller-manager-pod-6/secrets/localhost-recovery-client-token" ...
2026-01-28T09:40:48.546809120Z I0128 09:40:48.546783       1 cmd.go:639] Writing secret manifest "/etc/kubernetes/static-pod-resources/kube-controller-manager-pod-6/secrets/localhost-recovery-client-token/ca.crt" ...
2026-01-28T09:40:48.546977484Z I0128 09:40:48.546959       1 cmd.go:639] Writing secret manifest "/etc/kubernetes/static-pod-resources/kube-controller-manager-pod-6/secrets/localhost-recovery-client-token/namespace" ...
2026-01-28T09:40:48.547122467Z I0128 09:40:48.547082       1 cmd.go:639] Writing secret manifest "/etc/kubernetes/static-pod-resources/kube-controller-manager-pod-6/secrets/localhost-recovery-client-token/service-ca.crt" ...
2026-01-28T09:40:48.547250750Z I0128 09:40:48.547229       1 cmd.go:639] Writing secret manifest "/etc/kubernetes/static-pod-resources/kube-controller-manager-pod-6/secrets/localhost-recovery-client-token/token" ...
2026-01-28T09:40:48.547349582Z I0128 09:40:48.547333       1 cmd.go:261] Creating directory "/etc/kubernetes/static-pod-resources/kube-controller-manager-pod-6/secrets/service-account-private-key" ...
2026-01-28T09:40:48.547414613Z I0128 09:40:48.547392       1 cmd.go:639] Writing secret manifest "/etc/kubernetes/static-pod-resources/kube-controller-manager-pod-6/secrets/service-account-private-key/service-account.key" ...
2026-01-28T09:40:48.547588488Z I0128 09:40:48.547566       1 cmd.go:261] Creating directory "/etc/kubernetes/static-pod-resources/kube-controller-manager-pod-6/secrets/serving-cert" ...
2026-01-28T09:40:48.547655289Z I0128 09:40:48.547630       1 cmd.go:639] Writing secret manifest "/etc/kubernetes/static-pod-resources/kube-controller-manager-pod-6/secrets/serving-cert/tls.crt" ...
2026-01-28T09:40:48.547775472Z I0128 09:40:48.547752       1 cmd.go:639] Writing secret manifest "/etc/kubernetes/static-pod-resources/kube-controller-manager-pod-6/secrets/serving-cert/tls.key" ...
2026-01-28T09:40:48.547889954Z I0128 09:40:48.547872       1 cmd.go:277] Creating directory "/etc/kubernetes/static-pod-resources/kube-controller-manager-pod-6/configmaps/cluster-policy-controller-config" ...
2026-01-28T09:40:48.547984566Z I0128 09:40:48.547968       1 cmd.go:629] Writing config file "/etc/kubernetes/static-pod-resources/kube-controller-manager-pod-6/configmaps/cluster-policy-controller-config/config.yaml" ...
2026-01-28T09:40:48.548085208Z I0128 09:40:48.548069       1 cmd.go:277] Creating directory "/etc/kubernetes/static-pod-resources/kube-controller-manager-pod-6/configmaps/config" ...
2026-01-28T09:40:48.548170820Z I0128 09:40:48.548149       1 cmd.go:629] Writing config file "/etc/kubernetes/static-pod-resources/kube-controller-manager-pod-6/configmaps/config/config.yaml" ...
2026-01-28T09:40:48.548313744Z I0128 09:40:48.548294       1 cmd.go:277] Creating directory "/etc/kubernetes/static-pod-resources/kube-controller-manager-pod-6/configmaps/controller-manager-kubeconfig" ...
2026-01-28T09:40:48.548374725Z I0128 09:40:48.548353       1 cmd.go:629] Writing config file "/etc/kubernetes/static-pod-resources/kube-controller-manager-pod-6/configmaps/controller-manager-kubeconfig/kubeconfig" ...
2026-01-28T09:40:48.548478647Z I0128 09:40:48.548462       1 cmd.go:277] Creating directory "/etc/kubernetes/static-pod-resources/kube-controller-manager-pod-6/configmaps/kube-controller-cert-syncer-kubeconfig" ...
2026-01-28T09:40:48.548541189Z I0128 09:40:48.548523       1 cmd.go:629] Writing config file "/etc/kubernetes/static-pod-resources/kube-controller-manager-pod-6/configmaps/kube-controller-cert-syncer-kubeconfig/kubeconfig" ...
2026-01-28T09:40:48.548643631Z I0128 09:40:48.548627       1 cmd.go:277] Creating directory "/etc/kubernetes/static-pod-resources/kube-controller-manager-pod-6/configmaps/kube-controller-manager-pod" ...
2026-01-28T09:40:48.548696282Z I0128 09:40:48.548681       1 cmd.go:629] Writing config file "/etc/kubernetes/static-pod-resources/kube-controller-manager-pod-6/configmaps/kube-controller-manager-pod/forceRedeploymentReason" ...
2026-01-28T09:40:48.548827675Z I0128 09:40:48.548810       1 cmd.go:629] Writing config file "/etc/kubernetes/static-pod-resources/kube-controller-manager-pod-6/configmaps/kube-controller-manager-pod/pod.yaml" ...
2026-01-28T09:40:48.548936697Z I0128 09:40:48.548920       1 cmd.go:629] Writing config file "/etc/kubernetes/static-pod-resources/kube-controller-manager-pod-6/configmaps/kube-controller-manager-pod/version" ...
2026-01-28T09:40:48.549035209Z I0128 09:40:48.549017       1 cmd.go:277] Creating directory "/etc/kubernetes/static-pod-resources/kube-controller-manager-pod-6/configmaps/recycler-config" ...
2026-01-28T09:40:48.549163002Z I0128 09:40:48.549143       1 cmd.go:629] Writing config file "/etc/kubernetes/static-pod-resources/kube-controller-manager-pod-6/configmaps/recycler-config/recycler-pod.yaml" ...
2026-01-28T09:40:48.549261524Z I0128 09:40:48.549247       1 cmd.go:277] Creating directory "/etc/kubernetes/static-pod-resources/kube-controller-manager-pod-6/configmaps/service-ca" ...
2026-01-28T09:40:48.549323966Z I0128 09:40:48.549307       1 cmd.go:629] Writing config file "/etc/kubernetes/static-pod-resources/kube-controller-manager-pod-6/configmaps/service-ca/ca-bundle.crt" ...
2026-01-28T09:40:48.549426848Z I0128 09:40:48.549411       1 cmd.go:277] Creating directory "/etc/kubernetes/static-pod-resources/kube-controller-manager-pod-6/configmaps/serviceaccount-ca" ...
2026-01-28T09:40:48.549496510Z I0128 09:40:48.549478       1 cmd.go:629] Writing config file "/etc/kubernetes/static-pod-resources/kube-controller-manager-pod-6/configmaps/serviceaccount-ca/ca-bundle.crt" ...
2026-01-28T09:40:48.549600312Z I0128 09:40:48.549583       1 cmd.go:221] Creating target resource directory "/etc/kubernetes/static-pod-resources/kube-controller-manager-certs" ...
2026-01-28T09:40:48.549613302Z I0128 09:40:48.549599       1 cmd.go:229] Getting secrets ...
2026-01-28T09:40:48.746782855Z I0128 09:40:48.746741       1 copy.go:32] Got secret openshift-kube-controller-manager/csr-signer
2026-01-28T09:40:48.947080577Z I0128 09:40:48.947026       1 copy.go:32] Got secret openshift-kube-controller-manager/kube-controller-manager-client-cert-key
2026-01-28T09:40:48.947166909Z I0128 09:40:48.947085       1 cmd.go:242] Getting config maps ...
2026-01-28T09:40:49.147347868Z I0128 09:40:49.147307       1 copy.go:60] Got configMap openshift-kube-controller-manager/aggregator-client-ca
2026-01-28T09:40:49.346427083Z I0128 09:40:49.346380       1 copy.go:60] Got configMap openshift-kube-controller-manager/client-ca
2026-01-28T09:40:49.551594701Z I0128 09:40:49.551549       1 copy.go:60] Got configMap openshift-kube-controller-manager/trusted-ca-bundle
2026-01-28T09:40:49.551887668Z I0128 09:40:49.551865       1 cmd.go:261] Creating directory "/etc/kubernetes/static-pod-resources/kube-controller-manager-certs/secrets/csr-signer" ...
2026-01-28T09:40:49.551909199Z I0128 09:40:49.551894       1 cmd.go:639] Writing secret manifest "/etc/kubernetes/static-pod-resources/kube-controller-manager-certs/secrets/csr-signer/tls.key" ...
2026-01-28T09:40:49.552115953Z I0128 09:40:49.552076       1 cmd.go:639] Writing secret manifest "/etc/kubernetes/static-pod-resources/kube-controller-manager-certs/secrets/csr-signer/tls.crt" ...
2026-01-28T09:40:49.552217495Z I0128 09:40:49.552199       1 cmd.go:261] Creating directory "/etc/kubernetes/static-pod-resources/kube-controller-manager-certs/secrets/kube-controller-manager-client-cert-key" ...
2026-01-28T09:40:49.552235246Z I0128 09:40:49.552216       1 cmd.go:639] Writing secret manifest "/etc/kubernetes/static-pod-resources/kube-controller-manager-certs/secrets/kube-controller-manager-client-cert-key/tls.crt" ...
2026-01-28T09:40:49.552342158Z I0128 09:40:49.552325       1 cmd.go:639] Writing secret manifest "/etc/kubernetes/static-pod-resources/kube-controller-manager-certs/secrets/kube-controller-manager-client-cert-key/tls.key" ...
2026-01-28T09:40:49.552499192Z I0128 09:40:49.552476       1 cmd.go:277] Creating directory "/etc/kubernetes/static-pod-resources/kube-controller-manager-certs/configmaps/aggregator-client-ca" ...
2026-01-28T09:40:49.552523042Z I0128 09:40:49.552511       1 cmd.go:629] Writing config file "/etc/kubernetes/static-pod-resources/kube-controller-manager-certs/configmaps/aggregator-client-ca/ca-bundle.crt" ...
2026-01-28T09:40:49.552709966Z I0128 09:40:49.552689       1 cmd.go:277] Creating directory "/etc/kubernetes/static-pod-resources/kube-controller-manager-certs/configmaps/client-ca" ...
2026-01-28T09:40:49.552765777Z I0128 09:40:49.552752       1 cmd.go:629] Writing config file "/etc/kubernetes/static-pod-resources/kube-controller-manager-certs/configmaps/client-ca/ca-bundle.crt" ...
2026-01-28T09:40:49.552982622Z I0128 09:40:49.552964       1 cmd.go:277] Creating directory "/etc/kubernetes/static-pod-resources/kube-controller-manager-certs/configmaps/trusted-ca-bundle" ...
2026-01-28T09:40:49.553070364Z I0128 09:40:49.553036       1 cmd.go:629] Writing config file "/etc/kubernetes/static-pod-resources/kube-controller-manager-certs/configmaps/trusted-ca-bundle/ca-bundle.crt" ...
2026-01-28T09:40:49.553394321Z I0128 09:40:49.553373       1 cmd.go:335] Getting pod configmaps/kube-controller-manager-pod-6 -n openshift-kube-controller-manager
2026-01-28T09:40:49.746418832Z I0128 09:40:49.746374       1 cmd.go:351] Creating directory for static pod manifest "/etc/kubernetes/manifests" ...
2026-01-28T09:40:49.746480803Z I0128 09:40:49.746421       1 cmd.go:379] Writing a pod under "kube-controller-manager-pod.yaml" key 
2026-01-28T09:40:49.746480803Z {"kind":"Pod","apiVersion":"v1","metadata":{"name":"kube-controller-manager","namespace":"openshift-kube-controller-manager","creationTimestamp":null,"labels":{"app":"kube-controller-manager","kube-controller-manager":"true","revision":"6"},"annotations":{"kubectl.kubernetes.io/default-container":"kube-controller-manager","target.workload.openshift.io/management":"{\"effect\": \"PreferredDuringScheduling\"}"}},"spec":{"volumes":[{"name":"resource-dir","hostPath":{"path":"/etc/kubernetes/static-pod-resources/kube-controller-manager-pod-6"}},{"name":"cert-dir","hostPath":{"path":"/etc/kubernetes/static-pod-resources/kube-controller-manager-certs"}},{"name":"tmp-dir","emptyDir":{}},{"name":"ca-trust-dir","emptyDir":{}},{"name":"var-run-kubernetes","emptyDir":{}},{"name":"kubelet-plugins","emptyDir":{}}],"containers":[{"name":"kube-controller-manager","image":"registry.build11.ci.openshift.org/ci-ln-vjb5l1t/stable@sha256:fb1529a27e685fb1b5b13a5d1e935a27c9b9591e884ec8f6c22025208ec02596","command":["/bin/bash","-euxo","pipefail","-c"],"args":["timeout 3m /bin/bash -exuo pipefail -c 'while [ -n \"$(ss -Htanop \\( sport = 10257 \\))\" ]; do sleep 1; done'\n\nif [ -f /etc/kubernetes/static-pod-certs/configmaps/trusted-ca-bundle/ca-bundle.crt ]; then\n  echo \"Copying system trust bundle\"\n  cp -f /etc/kubernetes/static-pod-certs/configmaps/trusted-ca-bundle/ca-bundle.crt /etc/pki/ca-trust/extracted/pem/tls-ca-bundle.pem\nfi\n\nif [ -f /etc/kubernetes/static-pod-resources/configmaps/cloud-config/ca-bundle.pem ]; then\n  echo \"Setting custom CA bundle for cloud provider\"\n  export AWS_CA_BUNDLE=/etc/kubernetes/static-pod-resources/configmaps/cloud-config/ca-bundle.pem\nfi\n\nexec hyperkube kube-controller-manager --openshift-config=/etc/kubernetes/static-pod-resources/configmaps/config/config.yaml \\\n  --kubeconfig=/etc/kubernetes/static-pod-resources/configmaps/controller-manager-kubeconfig/kubeconfig \\\n  --authentication-kubeconfig=/etc/kubernetes/static-pod-resources/configmaps/controller-manager-kubeconfig/kubeconfig \\\n  --authorization-kubeconfig=/etc/kubernetes/static-pod-resources/configmaps/controller-manager-kubeconfig/kubeconfig \\\n  --client-ca-file=/etc/kubernetes/static-pod-certs/configmaps/client-ca/ca-bundle.crt \\\n  --requestheader-client-ca-file=/etc/kubernetes/static-pod-certs/configmaps/aggregator-client-ca/ca-bundle.crt -v=2 --tls-cert-file=/etc/kubernetes/static-pod-resources/secrets/serving-cert/tls.crt --tls-private-key-file=/etc/kubernetes/static-pod-resources/secrets/serving-cert/tls.key --allocate-node-cidrs=false --cert-dir=/var/run/kubernetes --cloud-provider=external --cluster-cidr=10.128.0.0/14 --cluster-name=ci-ln-vjb5l1t-76ef8-snmcd --cluster-signing-cert-file=/etc/kubernetes/static-pod-certs/secrets/csr-signer/tls.crt --cluster-signing-duration=720h --cluster-signing-key-file=/etc/kubernetes/static-pod-certs/secrets/csr-signer/tls.key --controllers=* --controllers=-bootstrapsigner --controllers=-tokencleaner --controllers=-ttl --controllers=selinux-warning-controller --enable-dynamic-provisioning=true --feature-gates=AWSClusterHostedDNS=false --feature-gates=AWSClusterHostedDNSInstall=false --feature-gates=AWSDedicatedHosts=false --feature-gates=AWSServiceLBNetworkSecurityGroup=false --feature-gates=AdditionalRoutingCapabilities=true --feature-gates=AdminNetworkPolicy=true --feature-gates=AlibabaPlatform=true --feature-gates=AutomatedEtcdBackup=false --feature-gates=AzureClusterHostedDNSInstall=false --feature-gates=AzureDedicatedHosts=false --feature-gates=AzureMultiDisk=false --feature-gates=AzureWorkloadIdentity=true --feature-gates=BootImageSkewEnforcement=false --feature-gates=BootcNodeManagement=false --feature-gates=BuildCSIVolumes=true --feature-gates=CPMSMachineNamePrefix=true --feature-gates=ClusterAPIInstall=false --feature-gates=ClusterAPIInstallIBMCloud=false --feature-gates=ClusterMonitoringConfig=false --feature-gates=ClusterVersionOperatorConfiguration=false --feature-gates=ConsolePluginContentSecurityPolicy=true --feature-gates=DNSNameResolver=false --feature-gates=DualReplica=false --feature-gates=DyanmicServiceEndpointIBMCloud=false --feature-gates=DynamicResourceAllocation=false --feature-gates=EtcdBackendQuota=false --feature-gates=EventedPLEG=false --feature-gates=Example2=false --feature-gates=Example=false --feature-gates=ExternalOIDC=true --feature-gates=ExternalOIDCWithUIDAndExtraClaimMappings=true --feature-gates=ExternalSnapshotMetadata=false --feature-gates=GCPClusterHostedDNS=false --feature-gates=GCPClusterHostedDNSInstall=false --feature-gates=GCPCustomAPIEndpoints=false --feature-gates=GCPCustomAPIEndpointsInstall=false --feature-gates=GatewayAPI=true --feature-gates=GatewayAPIController=true --feature-gates=HighlyAvailableArbiter=true --feature-gates=ImageModeStatusReporting=false --feature-gates=ImageStreamImportMode=false --feature-gates=ImageVolume=true --feature-gates=IngressControllerDynamicConfigurationManager=false --feature-gates=IngressControllerLBSubnetsAWS=true --feature-gates=InsightsConfig=false --feature-gates=InsightsConfigAPI=false --feature-gates=InsightsOnDemandDataGather=false --feature-gates=IrreconcilableMachineConfig=false --feature-gates=KMSEncryptionProvider=false --feature-gates=KMSv1=true --feature-gates=MachineAPIMigration=false --feature-gates=MachineAPIOperatorDisableMachineHealthCheckController=false --feature-gates=MachineConfigNodes=true --feature-gates=ManagedBootImages=true --feature-gates=ManagedBootImagesAWS=true --feature-gates=ManagedBootImagesAzure=false --feature-gates=ManagedBootImagesvSphere=false --feature-gates=MaxUnavailableStatefulSet=false --feature-gates=MetricsCollectionProfiles=true --feature-gates=MinimumKubeletVersion=false --feature-gates=MixedCPUsAllocation=false --feature-gates=MultiArchInstallAzure=false --feature-gates=MultiDiskSetup=false --feature-gates=MutatingAdmissionPolicy=false --feature-gates=NetworkDiagnosticsConfig=true --feature-gates=NetworkLiveMigration=true --feature-gates=NetworkSegmentation=true --feature-gates=NewOLM=true --feature-gates=NewOLMCatalogdAPIV1Metas=false --feature-gates=NewOLMOwnSingleNamespace=false --feature-gates=NewOLMPreflightPermissionChecks=false --feature-gates=NewOLMWebhookProviderOpenshiftServiceCA=false --feature-gates=NoRegistryClusterOperations=false --feature-gates=NodeSwap=false --feature-gates=NutanixMultiSubnets=false --feature-gates=OVNObservability=false --feature-gates=OpenShiftPodSecurityAdmission=false --feature-gates=PinnedImages=true --feature-gates=PreconfiguredUDNAddresses=true --feature-gates=ProcMountType=true --feature-gates=RouteAdvertisements=true --feature-gates=RouteExternalCertificate=true --feature-gates=SELinuxMount=false --feature-gates=ServiceAccountTokenNodeBinding=true --feature-gates=SetEIPForNLBIngressController=true --feature-gates=ShortCertRotation=false --feature-gates=SignatureStores=false --feature-gates=SigstoreImageVerification=true --feature-gates=SigstoreImageVerificationPKI=false --feature-gates=StoragePerformantSecurityPolicy=true --feature-gates=TranslateStreamCloseWebsocketRequests=false --feature-gates=UpgradeStatus=true --feature-gates=UserNamespacesPodSecurityStandards=true --feature-gates=UserNamespacesSupport=true --feature-gates=VSphereConfigurableMaxAllowedBlockVolumesPerNode=false --feature-gates=VSphereHostVMGroupZonal=false --feature-gates=VSphereMixedNodeEnv=false --feature-gates=VSphereMultiDisk=true --feature-gates=VSphereMultiNetworks=true --feature-gates=VolumeAttributesClass=false --feature-gates=VolumeGroupSnapshot=false --flex-volume-plugin-dir=/etc/kubernetes/kubelet-plugins/volume/exec --kube-api-burst=300 --kube-api-qps=150 --leader-elect-renew-deadline=12s --leader-elect-resource-lock=leases --leader-elect-retry-period=3s --leader-elect=true --pv-recycler-pod-template-filepath-hostpath=/etc/kubernetes/static-pod-resources/configmaps/recycler-config/recycler-pod.yaml --pv-recycler-pod-template-filepath-nfs=/etc/kubernetes/static-pod-resources/configmaps/recycler-config/recycler-pod.yaml --root-ca-file=/etc/kubernetes/static-pod-resources/configmaps/serviceaccount-ca/ca-bundle.crt --secure-port=10257 --service-account-private-key-file=/etc/kubernetes/static-pod-resources/secrets/service-account-private-key/service-account.key --service-cluster-ip-range=172.30.0.0/16 --use-service-account-credentials=true --tls-cipher-suites=TLS_AES_128_GCM_SHA256,TLS_AES_256_GCM_SHA384,TLS_CHACHA20_POLY1305_SHA256,TLS_ECDHE_ECDSA_WITH_AES_128_GCM_SHA256,TLS_ECDHE_RSA_WITH_AES_128_GCM_SHA256,TLS_ECDHE_ECDSA_WITH_AES_256_GCM_SHA384,TLS_ECDHE_RSA_WITH_AES_256_GCM_SHA384,TLS_ECDHE_ECDSA_WITH_CHACHA20_POLY1305_SHA256,TLS_ECDHE_RSA_WITH_CHACHA20_POLY1305_SHA256 --tls-min-version=VersionTLS12"],"ports":[{"containerPort":10257}],"resources":{"requests":{"cpu":"60m","memory":"200Mi"}},"volumeMounts":[{"name":"resource-dir","mountPath":"/etc/kubernetes/static-pod-resources"},{"name":"cert-dir","mountPath":"/etc/kubernetes/static-pod-certs"}],"livenessProbe":{"httpGet":{"path":"healthz","port":10257,"scheme":"HTTPS"},"initialDelaySeconds":45,"timeoutSeconds":10},"readinessProbe":{"httpGet":{"path":"healthz","port":10257,"scheme":"HTTPS"},"initialDelaySeconds":10,"timeoutSeconds":10},"startupProbe":{"httpGet":{"path":"healthz","port":10257,"scheme":"HTTPS"},"timeoutSeconds":3},"terminationMessagePolicy":"FallbackToLogsOnError","imagePullPolicy":"IfNotPresent"},{"name":"cluster-policy-controller","image":"registry.build11.ci.openshift.org/ci-ln-vjb5l1t/stable@sha256:845aa0726919c6280d01d1aa488a139444bf86198082e33f1da3ddb9d91aa3b7","command":["/bin/bash","-euxo","pipefail","-c"],"args":["timeout 3m /bin/bash -exuo pipefail -c 'while [ -n \"$(ss -Htanop \\( sport = 10357 \\))\" ]; do sleep 1; done'\n\nexec cluster-policy-controller start --config=/etc/kubernetes/static-pod-resources/configmaps/cluster-policy-controller-config/config.yaml \\\n  --kubeconfig=/etc/kubernetes/static-pod-resources/configmaps/controller-manager-kubeconfig/kubeconfig \\\n  --namespace=${POD_NAMESPACE} -v=2"],"ports":[{"containerPort":10357}],"env":[{"name":"POD_NAME","valueFrom":{"fieldRef":{"fieldPath":"metadata.name"}}},{"name":"POD_NAMESPACE","valueFrom":{"fieldRef":{"fieldPath":"metadata.namespace"}}}],"resources":{"requests":{"cpu":"10m","memory":"200Mi"}},"volumeMounts":[{"name":"resource-dir","mountPath":"/etc/kubernetes/static-pod-resources"},{"name":"cert-dir","mountPath":"/etc/kubernetes/static-pod-certs"},{"name":"tmp-dir","mountPath":"/tmp"},{"name":"ca-trust-dir","mountPath":"/etc/pki/ca-trust/extracted/pem"},{"name":"var-run-kubernetes","mountPath":"/var/run/kubernetes"}],"livenessProbe":{"httpGet":{"path":"healthz","port":10357,"host":"localhost","scheme":"HTTPS"},"initialDelaySeconds":45,"timeoutSeconds":10},"readinessProbe":{"httpGet":{"path":"healthz","port":10357,"host":"localhost","scheme":"HTTPS"},"initialDelaySeconds":10,"timeoutSeconds":10},"startupProbe":{"httpGet":{"path":"healthz","port":10357,"host":"localhost","scheme":"HTTPS"},"timeoutSeconds":3},"terminationMessagePolicy":"FallbackToLogsOnError","imagePullPolicy":"IfNotPresent","securityContext":{"readOnlyRootFilesystem":true}},{"name":"kube-controller-manager-cert-syncer","image":"registry.build11.ci.openshift.org/ci-ln-vjb5l1t/stable@sha256:f96b1808afd9f4668b6ac008696616690a796ace4bdf46e4f2d2c3b46eaafc5e","command":["cluster-kube-controller-manager-operator","cert-syncer"],"args":["--kubeconfig=/etc/kubernetes/static-pod-resources/configmaps/kube-controller-cert-syncer-kubeconfig/kubeconfig","--namespace=$(POD_NAMESPACE)","--destination-dir=/etc/kubernetes/static-pod-certs"],"env":[{"name":"POD_NAME","valueFrom":{"fieldRef":{"fieldPath":"metadata.name"}}},{"name":"POD_NAMESPACE","valueFrom":{"fieldRef":{"fieldPath":"metadata.namespace"}}}],"resources":{"requests":{"cpu":"5m","memory":"50Mi"}},"volumeMounts":[{"name":"resource-dir","mountPath":"/etc/kubernetes/static-pod-resources"},{"name":"cert-dir","mountPath":"/etc/kubernetes/static-pod-certs"},{"name":"tmp-dir","mountPath":"/tmp"},{"name":"ca-trust-dir","mountPath":"/etc/pki/ca-trust/extracted/pem"},{"name":"var-run-kubernetes","mountPath":"/var/run/kubernetes"}],"terminationMessagePolicy":"FallbackToLogsOnError","imagePullPolicy":"IfNotPresent","securityContext":{"readOnlyRootFilesystem":true}},{"name":"kube-controller-manager-recovery-controller","image":"registry.build11.ci.openshift.org/ci-ln-vjb5l1t/stable@sha256:f96b1808afd9f4668b6ac008696616690a796ace4bdf46e4f2d2c3b46eaafc5e","command":["/bin/bash","-euxo","pipefail","-c"],"args":["timeout 3m /bin/bash -exuo pipefail -c 'while [ -n \"$(ss -Htanop \\( sport = 9443 \\))\" ]; do sleep 1; done'\n\nexec cluster-kube-controller-manager-operator cert-recovery-controller --kubeconfig=/etc/kubernetes/static-pod-resources/configmaps/kube-controller-cert-syncer-kubeconfig/kubeconfig --namespace=${POD_NAMESPACE} --listen=0.0.0.0:9443 -v=2"],"env":[{"name":"POD_NAMESPACE","valueFrom":{"fieldRef":{"fieldPath":"metadata.namespace"}}},{"name":"OPERATOR_IMAGE_VERSION","value":"4.20.0-0-2026-01-28-090915-test-ci-ln-vjb5l1t-latest"}],"resources":{"requests":{"cpu":"5m","memory":"50Mi"}},"volumeMounts":[{"name":"resource-dir","mountPath":"/etc/kubernetes/static-pod-resources"},{"name":"cert-dir","mountPath":"/etc/kubernetes/static-pod-certs"},{"name":"tmp-dir","mountPath":"/tmp"},{"name":"ca-trust-dir","mountPath":"/etc/pki/ca-trust/extracted/pem"},{"name":"var-run-kubernetes","mountPath":"/var/run/kubernetes"}],"terminationMessagePolicy":"FallbackToLogsOnError","imagePullPolicy":"IfNotPresent","securityContext":{"readOnlyRootFilesystem":true}}],"hostNetwork":true,"tolerations":[{"operator":"Exists"}],"priorityClassName":"system-node-critical","priority":2000001000},"status":{}}
2026-01-28T09:40:49.749358327Z I0128 09:40:49.749328       1 cmd.go:610] Writing pod manifest "/etc/kubernetes/static-pod-resources/kube-controller-manager-pod-6/kube-controller-manager-pod.yaml" ...
2026-01-28T09:40:49.749552821Z I0128 09:40:49.749532       1 cmd.go:617] Removed existing static pod manifest "/etc/kubernetes/manifests/kube-controller-manager-pod.yaml" ...
2026-01-28T09:40:49.749614403Z I0128 09:40:49.749590       1 cmd.go:621] Writing static pod manifest "/etc/kubernetes/manifests/kube-controller-manager-pod.yaml" ...
2026-01-28T09:40:49.749614403Z {"kind":"Pod","apiVersion":"v1","metadata":{"name":"kube-controller-manager","namespace":"openshift-kube-controller-manager","creationTimestamp":null,"labels":{"app":"kube-controller-manager","kube-controller-manager":"true","revision":"6"},"annotations":{"kubectl.kubernetes.io/default-container":"kube-controller-manager","target.workload.openshift.io/management":"{\"effect\": \"PreferredDuringScheduling\"}"}},"spec":{"volumes":[{"name":"resource-dir","hostPath":{"path":"/etc/kubernetes/static-pod-resources/kube-controller-manager-pod-6"}},{"name":"cert-dir","hostPath":{"path":"/etc/kubernetes/static-pod-resources/kube-controller-manager-certs"}},{"name":"tmp-dir","emptyDir":{}},{"name":"ca-trust-dir","emptyDir":{}},{"name":"var-run-kubernetes","emptyDir":{}},{"name":"kubelet-plugins","emptyDir":{}}],"containers":[{"name":"kube-controller-manager","image":"registry.build11.ci.openshift.org/ci-ln-vjb5l1t/stable@sha256:fb1529a27e685fb1b5b13a5d1e935a27c9b9591e884ec8f6c22025208ec02596","command":["/bin/bash","-euxo","pipefail","-c"],"args":["timeout 3m /bin/bash -exuo pipefail -c 'while [ -n \"$(ss -Htanop \\( sport = 10257 \\))\" ]; do sleep 1; done'\n\nif [ -f /etc/kubernetes/static-pod-certs/configmaps/trusted-ca-bundle/ca-bundle.crt ]; then\n  echo \"Copying system trust bundle\"\n  cp -f /etc/kubernetes/static-pod-certs/configmaps/trusted-ca-bundle/ca-bundle.crt /etc/pki/ca-trust/extracted/pem/tls-ca-bundle.pem\nfi\n\nif [ -f /etc/kubernetes/static-pod-resources/configmaps/cloud-config/ca-bundle.pem ]; then\n  echo \"Setting custom CA bundle for cloud provider\"\n  export AWS_CA_BUNDLE=/etc/kubernetes/static-pod-resources/configmaps/cloud-config/ca-bundle.pem\nfi\n\nexec hyperkube kube-controller-manager --openshift-config=/etc/kubernetes/static-pod-resources/configmaps/config/config.yaml \\\n  --kubeconfig=/etc/kubernetes/static-pod-resources/configmaps/controller-manager-kubeconfig/kubeconfig \\\n  --authentication-kubeconfig=/etc/kubernetes/static-pod-resources/configmaps/controller-manager-kubeconfig/kubeconfig \\\n  --authorization-kubeconfig=/etc/kubernetes/static-pod-resources/configmaps/controller-manager-kubeconfig/kubeconfig \\\n  --client-ca-file=/etc/kubernetes/static-pod-certs/configmaps/client-ca/ca-bundle.crt \\\n  --requestheader-client-ca-file=/etc/kubernetes/static-pod-certs/configmaps/aggregator-client-ca/ca-bundle.crt -v=2 --tls-cert-file=/etc/kubernetes/static-pod-resources/secrets/serving-cert/tls.crt --tls-private-key-file=/etc/kubernetes/static-pod-resources/secrets/serving-cert/tls.key --allocate-node-cidrs=false --cert-dir=/var/run/kubernetes --cloud-provider=external --cluster-cidr=10.128.0.0/14 --cluster-name=ci-ln-vjb5l1t-76ef8-snmcd --cluster-signing-cert-file=/etc/kubernetes/static-pod-certs/secrets/csr-signer/tls.crt --cluster-signing-duration=720h --cluster-signing-key-file=/etc/kubernetes/static-pod-certs/secrets/csr-signer/tls.key --controllers=* --controllers=-bootstrapsigner --controllers=-tokencleaner --controllers=-ttl --controllers=selinux-warning-controller --enable-dynamic-provisioning=true --feature-gates=AWSClusterHostedDNS=false --feature-gates=AWSClusterHostedDNSInstall=false --feature-gates=AWSDedicatedHosts=false --feature-gates=AWSServiceLBNetworkSecurityGroup=false --feature-gates=AdditionalRoutingCapabilities=true --feature-gates=AdminNetworkPolicy=true --feature-gates=AlibabaPlatform=true --feature-gates=AutomatedEtcdBackup=false --feature-gates=AzureClusterHostedDNSInstall=false --feature-gates=AzureDedicatedHosts=false --feature-gates=AzureMultiDisk=false --feature-gates=AzureWorkloadIdentity=true --feature-gates=BootImageSkewEnforcement=false --feature-gates=BootcNodeManagement=false --feature-gates=BuildCSIVolumes=true --feature-gates=CPMSMachineNamePrefix=true --feature-gates=ClusterAPIInstall=false --feature-gates=ClusterAPIInstallIBMCloud=false --feature-gates=ClusterMonitoringConfig=false --feature-gates=ClusterVersionOperatorConfiguration=false --feature-gates=ConsolePluginContentSecurityPolicy=true --feature-gates=DNSNameResolver=false --feature-gates=DualReplica=false --feature-gates=DyanmicServiceEndpointIBMCloud=false --feature-gates=DynamicResourceAllocation=false --feature-gates=EtcdBackendQuota=false --feature-gates=EventedPLEG=false --feature-gates=Example2=false --feature-gates=Example=false --feature-gates=ExternalOIDC=true --feature-gates=ExternalOIDCWithUIDAndExtraClaimMappings=true --feature-gates=ExternalSnapshotMetadata=false --feature-gates=GCPClusterHostedDNS=false --feature-gates=GCPClusterHostedDNSInstall=false --feature-gates=GCPCustomAPIEndpoints=false --feature-gates=GCPCustomAPIEndpointsInstall=false --feature-gates=GatewayAPI=true --feature-gates=GatewayAPIController=true --feature-gates=HighlyAvailableArbiter=true --feature-gates=ImageModeStatusReporting=false --feature-gates=ImageStreamImportMode=false --feature-gates=ImageVolume=true --feature-gates=IngressControllerDynamicConfigurationManager=false --feature-gates=IngressControllerLBSubnetsAWS=true --feature-gates=InsightsConfig=false --feature-gates=InsightsConfigAPI=false --feature-gates=InsightsOnDemandDataGather=false --feature-gates=IrreconcilableMachineConfig=false --feature-gates=KMSEncryptionProvider=false --feature-gates=KMSv1=true --feature-gates=MachineAPIMigration=false --feature-gates=MachineAPIOperatorDisableMachineHealthCheckController=false --feature-gates=MachineConfigNodes=true --feature-gates=ManagedBootImages=true --feature-gates=ManagedBootImagesAWS=true --feature-gates=ManagedBootImagesAzure=false --feature-gates=ManagedBootImagesvSphere=false --feature-gates=MaxUnavailableStatefulSet=false --feature-gates=MetricsCollectionProfiles=true --feature-gates=MinimumKubeletVersion=false --feature-gates=MixedCPUsAllocation=false --feature-gates=MultiArchInstallAzure=false --feature-gates=MultiDiskSetup=false --feature-gates=MutatingAdmissionPolicy=false --feature-gates=NetworkDiagnosticsConfig=true --feature-gates=NetworkLiveMigration=true --feature-gates=NetworkSegmentation=true --feature-gates=NewOLM=true --feature-gates=NewOLMCatalogdAPIV1Metas=false --feature-gates=NewOLMOwnSingleNamespace=false --feature-gates=NewOLMPreflightPermissionChecks=false --feature-gates=NewOLMWebhookProviderOpenshiftServiceCA=false --feature-gates=NoRegistryClusterOperations=false --feature-gates=NodeSwap=false --feature-gates=NutanixMultiSubnets=false --feature-gates=OVNObservability=false --feature-gates=OpenShiftPodSecurityAdmission=false --feature-gates=PinnedImages=true --feature-gates=PreconfiguredUDNAddresses=true --feature-gates=ProcMountType=true --feature-gates=RouteAdvertisements=true --feature-gates=RouteExternalCertificate=true --feature-gates=SELinuxMount=false --feature-gates=ServiceAccountTokenNodeBinding=true --feature-gates=SetEIPForNLBIngressController=true --feature-gates=ShortCertRotation=false --feature-gates=SignatureStores=false --feature-gates=SigstoreImageVerification=true --feature-gates=SigstoreImageVerificationPKI=false --feature-gates=StoragePerformantSecurityPolicy=true --feature-gates=TranslateStreamCloseWebsocketRequests=false --feature-gates=UpgradeStatus=true --feature-gates=UserNamespacesPodSecurityStandards=true --feature-gates=UserNamespacesSupport=true --feature-gates=VSphereConfigurableMaxAllowedBlockVolumesPerNode=false --feature-gates=VSphereHostVMGroupZonal=false --feature-gates=VSphereMixedNodeEnv=false --feature-gates=VSphereMultiDisk=true --feature-gates=VSphereMultiNetworks=true --feature-gates=VolumeAttributesClass=false --feature-gates=VolumeGroupSnapshot=false --flex-volume-plugin-dir=/etc/kubernetes/kubelet-plugins/volume/exec --kube-api-burst=300 --kube-api-qps=150 --leader-elect-renew-deadline=12s --leader-elect-resource-lock=leases --leader-elect-retry-period=3s --leader-elect=true --pv-recycler-pod-template-filepath-hostpath=/etc/kubernetes/static-pod-resources/configmaps/recycler-config/recycler-pod.yaml --pv-recycler-pod-template-filepath-nfs=/etc/kubernetes/static-pod-resources/configmaps/recycler-config/recycler-pod.yaml --root-ca-file=/etc/kubernetes/static-pod-resources/configmaps/serviceaccount-ca/ca-bundle.crt --secure-port=10257 --service-account-private-key-file=/etc/kubernetes/static-pod-resources/secrets/service-account-private-key/service-account.key --service-cluster-ip-range=172.30.0.0/16 --use-service-account-credentials=true --tls-cipher-suites=TLS_AES_128_GCM_SHA256,TLS_AES_256_GCM_SHA384,TLS_CHACHA20_POLY1305_SHA256,TLS_ECDHE_ECDSA_WITH_AES_128_GCM_SHA256,TLS_ECDHE_RSA_WITH_AES_128_GCM_SHA256,TLS_ECDHE_ECDSA_WITH_AES_256_GCM_SHA384,TLS_ECDHE_RSA_WITH_AES_256_GCM_SHA384,TLS_ECDHE_ECDSA_WITH_CHACHA20_POLY1305_SHA256,TLS_ECDHE_RSA_WITH_CHACHA20_POLY1305_SHA256 --tls-min-version=VersionTLS12"],"ports":[{"containerPort":10257}],"resources":{"requests":{"cpu":"60m","memory":"200Mi"}},"volumeMounts":[{"name":"resource-dir","mountPath":"/etc/kubernetes/static-pod-resources"},{"name":"cert-dir","mountPath":"/etc/kubernetes/static-pod-certs"}],"livenessProbe":{"httpGet":{"path":"healthz","port":10257,"scheme":"HTTPS"},"initialDelaySeconds":45,"timeoutSeconds":10},"readinessProbe":{"httpGet":{"path":"healthz","port":10257,"scheme":"HTTPS"},"initialDelaySeconds":10,"timeoutSeconds":10},"startupProbe":{"httpGet":{"path":"healthz","port":10257,"scheme":"HTTPS"},"timeoutSeconds":3},"terminationMessagePolicy":"FallbackToLogsOnError","imagePullPolicy":"IfNotPresent"},{"name":"cluster-policy-controller","image":"registry.build11.ci.openshift.org/ci-ln-vjb5l1t/stable@sha256:845aa0726919c6280d01d1aa488a139444bf86198082e33f1da3ddb9d91aa3b7","command":["/bin/bash","-euxo","pipefail","-c"],"args":["timeout 3m /bin/bash -exuo pipefail -c 'while [ -n \"$(ss -Htanop \\( sport = 10357 \\))\" ]; do sleep 1; done'\n\nexec cluster-policy-controller start --config=/etc/kubernetes/static-pod-resources/configmaps/cluster-policy-controller-config/config.yaml \\\n  --kubeconfig=/etc/kubernetes/static-pod-resources/configmaps/controller-manager-kubeconfig/kubeconfig \\\n  --namespace=${POD_NAMESPACE} -v=2"],"ports":[{"containerPort":10357}],"env":[{"name":"POD_NAME","valueFrom":{"fieldRef":{"fieldPath":"metadata.name"}}},{"name":"POD_NAMESPACE","valueFrom":{"fieldRef":{"fieldPath":"metadata.namespace"}}}],"resources":{"requests":{"cpu":"10m","memory":"200Mi"}},"volumeMounts":[{"name":"resource-dir","mountPath":"/etc/kubernetes/static-pod-resources"},{"name":"cert-dir","mountPath":"/etc/kubernetes/static-pod-certs"},{"name":"tmp-dir","mountPath":"/tmp"},{"name":"ca-trust-dir","mountPath":"/etc/pki/ca-trust/extracted/pem"},{"name":"var-run-kubernetes","mountPath":"/var/run/kubernetes"}],"livenessProbe":{"httpGet":{"path":"healthz","port":10357,"host":"localhost","scheme":"HTTPS"},"initialDelaySeconds":45,"timeoutSeconds":10},"readinessProbe":{"httpGet":{"path":"healthz","port":10357,"host":"localhost","scheme":"HTTPS"},"initialDelaySeconds":10,"timeoutSeconds":10},"startupProbe":{"httpGet":{"path":"healthz","port":10357,"host":"localhost","scheme":"HTTPS"},"timeoutSeconds":3},"terminationMessagePolicy":"FallbackToLogsOnError","imagePullPolicy":"IfNotPresent","securityContext":{"readOnlyRootFilesystem":true}},{"name":"kube-controller-manager-cert-syncer","image":"registry.build11.ci.openshift.org/ci-ln-vjb5l1t/stable@sha256:f96b1808afd9f4668b6ac008696616690a796ace4bdf46e4f2d2c3b46eaafc5e","command":["cluster-kube-controller-manager-operator","cert-syncer"],"args":["--kubeconfig=/etc/kubernetes/static-pod-resources/configmaps/kube-controller-cert-syncer-kubeconfig/kubeconfig","--namespace=$(POD_NAMESPACE)","--destination-dir=/etc/kubernetes/static-pod-certs"],"env":[{"name":"POD_NAME","valueFrom":{"fieldRef":{"fieldPath":"metadata.name"}}},{"name":"POD_NAMESPACE","valueFrom":{"fieldRef":{"fieldPath":"metadata.namespace"}}}],"resources":{"requests":{"cpu":"5m","memory":"50Mi"}},"volumeMounts":[{"name":"resource-dir","mountPath":"/etc/kubernetes/static-pod-resources"},{"name":"cert-dir","mountPath":"/etc/kubernetes/static-pod-certs"},{"name":"tmp-dir","mountPath":"/tmp"},{"name":"ca-trust-dir","mountPath":"/etc/pki/ca-trust/extracted/pem"},{"name":"var-run-kubernetes","mountPath":"/var/run/kubernetes"}],"terminationMessagePolicy":"FallbackToLogsOnError","imagePullPolicy":"IfNotPresent","securityContext":{"readOnlyRootFilesystem":true}},{"name":"kube-controller-manager-recovery-controller","image":"registry.build11.ci.openshift.org/ci-ln-vjb5l1t/stable@sha256:f96b1808afd9f4668b6ac008696616690a796ace4bdf46e4f2d2c3b46eaafc5e","command":["/bin/bash","-euxo","pipefail","-c"],"args":["timeout 3m /bin/bash -exuo pipefail -c 'while [ -n \"$(ss -Htanop \\( sport = 9443 \\))\" ]; do sleep 1; done'\n\nexec cluster-kube-controller-manager-operator cert-recovery-controller --kubeconfig=/etc/kubernetes/static-pod-resources/configmaps/kube-controller-cert-syncer-kubeconfig/kubeconfig --namespace=${POD_NAMESPACE} --listen=0.0.0.0:9443 -v=2"],"env":[{"name":"POD_NAMESPACE","valueFrom":{"fieldRef":{"fieldPath":"metadata.namespace"}}},{"name":"OPERATOR_IMAGE_VERSION","value":"4.20.0-0-2026-01-28-090915-test-ci-ln-vjb5l1t-latest"}],"resources":{"requests":{"cpu":"5m","memory":"50Mi"}},"volumeMounts":[{"name":"resource-dir","mountPath":"/etc/kubernetes/static-pod-resources"},{"name":"cert-dir","mountPath":"/etc/kubernetes/static-pod-certs"},{"name":"tmp-dir","mountPath":"/tmp"},{"name":"ca-trust-dir","mountPath":"/etc/pki/ca-trust/extracted/pem"},{"name":"var-run-kubernetes","mountPath":"/var/run/kubernetes"}],"terminationMessagePolicy":"FallbackToLogsOnError","imagePullPolicy":"IfNotPresent","securityContext":{"readOnlyRootFilesystem":true}}],"hostNetwork":true,"tolerations":[{"operator":"Exists"}],"priorityClassName":"system-node-critical","priority":2000001000},"status":{}}
