2026-01-28T09:39:45.566781823Z I0128 09:39:45.566601       1 template.go:560] "msg"="starting router" "logger"="router" "version"="majorFromGit: \nminorFromGit: \ncommitFromGit: db8d384266051ef06b67883aaa83674bc6c9f1ae\nversionFromGit: 4.0.0-583-gdb8d3842\ngitTreeState: clean\nbuildDate: 2026-01-16T19:55:57Z\n"
2026-01-28T09:39:45.568052418Z I0128 09:39:45.568026       1 metrics.go:156] "msg"="router health and metrics port listening on HTTP and HTTPS" "address"="0.0.0.0:1936" "logger"="metrics"
2026-01-28T09:39:45.571206440Z I0128 09:39:45.571186       1 router.go:214] "msg"="creating a new template router" "logger"="template" "writeDir"="/var/lib/haproxy"
2026-01-28T09:39:45.571285622Z I0128 09:39:45.571273       1 router.go:298] "msg"="router will coalesce reloads within an interval of each other" "interval"="5s" "logger"="template"
2026-01-28T09:39:45.571612058Z I0128 09:39:45.571598       1 router.go:368] "msg"="watching for changes" "logger"="template" "path"="/etc/pki/tls/private"
2026-01-28T09:39:45.571691460Z I0128 09:39:45.571680       1 router.go:283] "msg"="router is including routes in all namespaces" "logger"="router"
2026-01-28T09:39:45.583486532Z I0128 09:39:45.583457       1 reflector.go:359] Caches populated for *v1.Route from github.com/openshift/router/pkg/router/controller/factory/factory.go:124
2026-01-28T09:39:45.587288996Z I0128 09:39:45.587258       1 reflector.go:359] Caches populated for *v1.EndpointSlice from github.com/openshift/router/pkg/router/controller/factory/factory.go:124
2026-01-28T09:39:45.588187754Z I0128 09:39:45.588159       1 reflector.go:359] Caches populated for *v1.Service from github.com/openshift/router/pkg/router/template/service_lookup.go:33
2026-01-28T09:39:45.674256886Z E0128 09:39:45.674218       1 haproxy.go:418] can't scrape HAProxy: dial unix /var/lib/haproxy/run/haproxy.sock: connect: no such file or directory
2026-01-28T09:39:45.702325947Z I0128 09:39:45.702286       1 router.go:665] "msg"="router reloaded" "logger"="template" "output"=" - Checking http://localhost:80 using PROXY protocol ...\n - Health check ok : 0 retry attempt(s).\n"
2026-01-28T09:39:50.703524217Z I0128 09:39:50.703478       1 router.go:665] "msg"="router reloaded" "logger"="template" "output"=" - Checking http://localhost:80 using PROXY protocol ...\n - Health check ok : 0 retry attempt(s).\n"
2026-01-28T09:40:08.786217825Z I0128 09:40:08.786187       1 template_helper.go:370] "msg"="parseIPList empty list found" "logger"="template"
2026-01-28T09:40:08.817075030Z I0128 09:40:08.817023       1 router.go:665] "msg"="router reloaded" "logger"="template" "output"=" - Checking http://localhost:80 using PROXY protocol ...\n - Health check ok : 0 retry attempt(s).\n"
2026-01-28T09:40:24.983553004Z I0128 09:40:24.983516       1 template_helper.go:370] "msg"="parseIPList empty list found" "logger"="template"
2026-01-28T09:40:25.013860479Z I0128 09:40:25.013825       1 router.go:665] "msg"="router reloaded" "logger"="template" "output"=" - Checking http://localhost:80 using PROXY protocol ...\n - Health check ok : 0 retry attempt(s).\n"
2026-01-28T09:40:53.696004273Z I0128 09:40:53.695965       1 template_helper.go:370] "msg"="parseIPList empty list found" "logger"="template"
2026-01-28T09:40:53.726162987Z I0128 09:40:53.726124       1 router.go:665] "msg"="router reloaded" "logger"="template" "output"=" - Checking http://localhost:80 using PROXY protocol ...\n - Health check ok : 0 retry attempt(s).\n"
2026-01-28T09:40:58.696614495Z I0128 09:40:58.696566       1 template_helper.go:370] "msg"="parseIPList empty list found" "logger"="template"
2026-01-28T09:40:58.729506632Z I0128 09:40:58.729460       1 router.go:665] "msg"="router reloaded" "logger"="template" "output"=" - Checking http://localhost:80 using PROXY protocol ...\n - Health check ok : 0 retry attempt(s).\n"
2026-01-28T09:41:20.931931823Z I0128 09:41:20.931892       1 template_helper.go:370] "msg"="parseIPList empty list found" "logger"="template"
2026-01-28T09:41:20.962409677Z I0128 09:41:20.962359       1 router.go:665] "msg"="router reloaded" "logger"="template" "output"=" - Checking http://localhost:80 using PROXY protocol ...\n - Health check ok : 0 retry attempt(s).\n"
2026-01-28T09:41:25.932555331Z I0128 09:41:25.932511       1 template_helper.go:370] "msg"="parseIPList empty list found" "logger"="template"
2026-01-28T09:41:25.932814566Z I0128 09:41:25.932793       1 template_helper.go:370] "msg"="parseIPList empty list found" "logger"="template"
2026-01-28T09:41:25.962630128Z I0128 09:41:25.962584       1 router.go:665] "msg"="router reloaded" "logger"="template" "output"=" - Checking http://localhost:80 using PROXY protocol ...\n - Health check ok : 0 retry attempt(s).\n"
2026-01-28T09:42:34.675609192Z I0128 09:42:34.675563       1 template_helper.go:370] "msg"="parseIPList empty list found" "logger"="template"
2026-01-28T09:42:34.675857387Z I0128 09:42:34.675837       1 template_helper.go:370] "msg"="parseIPList empty list found" "logger"="template"
2026-01-28T09:42:34.706639808Z I0128 09:42:34.706601       1 router.go:665] "msg"="router reloaded" "logger"="template" "output"=" - Checking http://localhost:80 using PROXY protocol ...\n - Health check ok : 0 retry attempt(s).\n"
2026-01-28T09:42:39.676125307Z I0128 09:42:39.676082       1 template_helper.go:370] "msg"="parseIPList empty list found" "logger"="template"
2026-01-28T09:42:39.676321371Z I0128 09:42:39.676306       1 template_helper.go:370] "msg"="parseIPList empty list found" "logger"="template"
2026-01-28T09:42:39.706846397Z I0128 09:42:39.706808       1 router.go:665] "msg"="router reloaded" "logger"="template" "output"=" - Checking http://localhost:80 using PROXY protocol ...\n - Health check ok : 0 retry attempt(s).\n"
2026-01-28T09:42:44.676885205Z I0128 09:42:44.676849       1 template_helper.go:370] "msg"="parseIPList empty list found" "logger"="template"
2026-01-28T09:42:44.677226231Z I0128 09:42:44.677200       1 template_helper.go:370] "msg"="parseIPList empty list found" "logger"="template"
2026-01-28T09:42:44.677493027Z I0128 09:42:44.677473       1 template_helper.go:370] "msg"="parseIPList empty list found" "logger"="template"
2026-01-28T09:42:44.677901475Z I0128 09:42:44.677887       1 template_helper.go:370] "msg"="parseIPList empty list found" "logger"="template"
2026-01-28T09:42:44.678110048Z I0128 09:42:44.678097       1 template_helper.go:370] "msg"="parseIPList empty list found" "logger"="template"
2026-01-28T09:42:44.678316692Z I0128 09:42:44.678291       1 template_helper.go:370] "msg"="parseIPList empty list found" "logger"="template"
2026-01-28T09:42:44.718937163Z I0128 09:42:44.718897       1 router.go:665] "msg"="router reloaded" "logger"="template" "output"=" - Checking http://localhost:80 using PROXY protocol ...\n - Health check ok : 0 retry attempt(s).\n"
2026-01-28T09:42:56.489900754Z I0128 09:42:56.489847       1 template_helper.go:370] "msg"="parseIPList empty list found" "logger"="template"
2026-01-28T09:42:56.490178209Z I0128 09:42:56.490156       1 template_helper.go:370] "msg"="parseIPList empty list found" "logger"="template"
2026-01-28T09:42:56.490417283Z I0128 09:42:56.490400       1 template_helper.go:370] "msg"="parseIPList empty list found" "logger"="template"
2026-01-28T09:42:56.490591827Z I0128 09:42:56.490576       1 template_helper.go:370] "msg"="parseIPList empty list found" "logger"="template"
2026-01-28T09:42:56.490742379Z I0128 09:42:56.490727       1 template_helper.go:370] "msg"="parseIPList empty list found" "logger"="template"
2026-01-28T09:42:56.490941733Z I0128 09:42:56.490922       1 template_helper.go:370] "msg"="parseIPList empty list found" "logger"="template"
2026-01-28T09:42:56.523200799Z I0128 09:42:56.523150       1 router.go:665] "msg"="router reloaded" "logger"="template" "output"=" - Checking http://localhost:80 using PROXY protocol ...\n - Health check ok : 0 retry attempt(s).\n"
2026-01-28T09:43:01.490068200Z I0128 09:43:01.490030       1 template_helper.go:370] "msg"="parseIPList empty list found" "logger"="template"
2026-01-28T09:43:01.490268644Z I0128 09:43:01.490253       1 template_helper.go:370] "msg"="parseIPList empty list found" "logger"="template"
2026-01-28T09:43:01.490485448Z I0128 09:43:01.490460       1 template_helper.go:370] "msg"="parseIPList empty list found" "logger"="template"
2026-01-28T09:43:01.490642150Z I0128 09:43:01.490627       1 template_helper.go:370] "msg"="parseIPList empty list found" "logger"="template"
2026-01-28T09:43:01.490795053Z I0128 09:43:01.490779       1 template_helper.go:370] "msg"="parseIPList empty list found" "logger"="template"
2026-01-28T09:43:01.490937046Z I0128 09:43:01.490920       1 template_helper.go:370] "msg"="parseIPList empty list found" "logger"="template"
2026-01-28T09:43:01.521375849Z I0128 09:43:01.521325       1 router.go:665] "msg"="router reloaded" "logger"="template" "output"=" - Checking http://localhost:80 using PROXY protocol ...\n - Health check ok : 0 retry attempt(s).\n"
2026-01-28T09:43:14.463226832Z I0128 09:43:14.463186       1 template_helper.go:370] "msg"="parseIPList empty list found" "logger"="template"
2026-01-28T09:43:14.463505067Z I0128 09:43:14.463487       1 template_helper.go:370] "msg"="parseIPList empty list found" "logger"="template"
2026-01-28T09:43:14.463713321Z I0128 09:43:14.463698       1 template_helper.go:370] "msg"="parseIPList empty list found" "logger"="template"
2026-01-28T09:43:14.463993096Z I0128 09:43:14.463975       1 template_helper.go:370] "msg"="parseIPList empty list found" "logger"="template"
2026-01-28T09:43:14.464148949Z I0128 09:43:14.464118       1 template_helper.go:370] "msg"="parseIPList empty list found" "logger"="template"
2026-01-28T09:43:14.464317853Z I0128 09:43:14.464293       1 template_helper.go:370] "msg"="parseIPList empty list found" "logger"="template"
2026-01-28T09:43:14.497292513Z I0128 09:43:14.497243       1 router.go:665] "msg"="router reloaded" "logger"="template" "output"=" - Checking http://localhost:80 using PROXY protocol ...\n - Health check ok : 0 retry attempt(s).\n"
2026-01-28T09:43:19.463354580Z I0128 09:43:19.463307       1 template_helper.go:370] "msg"="parseIPList empty list found" "logger"="template"
2026-01-28T09:43:19.463629415Z I0128 09:43:19.463613       1 template_helper.go:370] "msg"="parseIPList empty list found" "logger"="template"
2026-01-28T09:43:19.463863599Z I0128 09:43:19.463847       1 template_helper.go:370] "msg"="parseIPList empty list found" "logger"="template"
2026-01-28T09:43:19.464234546Z I0128 09:43:19.464217       1 template_helper.go:370] "msg"="parseIPList empty list found" "logger"="template"
2026-01-28T09:43:19.464401519Z I0128 09:43:19.464362       1 template_helper.go:370] "msg"="parseIPList empty list found" "logger"="template"
2026-01-28T09:43:19.464552722Z I0128 09:43:19.464531       1 template_helper.go:370] "msg"="parseIPList empty list found" "logger"="template"
2026-01-28T09:43:19.496422502Z I0128 09:43:19.496374       1 router.go:665] "msg"="router reloaded" "logger"="template" "output"=" - Checking http://localhost:80 using PROXY protocol ...\n - Health check ok : 0 retry attempt(s).\n"
2026-01-28T09:43:38.137441866Z I0128 09:43:38.137364       1 template_helper.go:370] "msg"="parseIPList empty list found" "logger"="template"
2026-01-28T09:43:38.137654550Z I0128 09:43:38.137632       1 template_helper.go:370] "msg"="parseIPList empty list found" "logger"="template"
2026-01-28T09:43:38.137953216Z I0128 09:43:38.137923       1 template_helper.go:370] "msg"="parseIPList empty list found" "logger"="template"
2026-01-28T09:43:38.138181950Z I0128 09:43:38.138151       1 template_helper.go:370] "msg"="parseIPList empty list found" "logger"="template"
2026-01-28T09:43:38.138499416Z I0128 09:43:38.138471       1 template_helper.go:370] "msg"="parseIPList empty list found" "logger"="template"
2026-01-28T09:43:38.138652929Z I0128 09:43:38.138628       1 template_helper.go:370] "msg"="parseIPList empty list found" "logger"="template"
2026-01-28T09:43:38.138839182Z I0128 09:43:38.138811       1 template_helper.go:370] "msg"="parseIPList empty list found" "logger"="template"
2026-01-28T09:43:38.171288466Z I0128 09:43:38.171240       1 router.go:665] "msg"="router reloaded" "logger"="template" "output"=" - Checking http://localhost:80 using PROXY protocol ...\n - Health check ok : 0 retry attempt(s).\n"
2026-01-28T09:43:43.138863468Z I0128 09:43:43.138815       1 template_helper.go:370] "msg"="parseIPList empty list found" "logger"="template"
2026-01-28T09:43:43.139093542Z I0128 09:43:43.139070       1 template_helper.go:370] "msg"="parseIPList empty list found" "logger"="template"
2026-01-28T09:43:43.139251395Z I0128 09:43:43.139230       1 template_helper.go:370] "msg"="parseIPList empty list found" "logger"="template"
2026-01-28T09:43:43.139491159Z I0128 09:43:43.139468       1 template_helper.go:370] "msg"="parseIPList empty list found" "logger"="template"
2026-01-28T09:43:43.139682963Z I0128 09:43:43.139661       1 template_helper.go:370] "msg"="parseIPList empty list found" "logger"="template"
2026-01-28T09:43:43.140018029Z I0128 09:43:43.139997       1 template_helper.go:370] "msg"="parseIPList empty list found" "logger"="template"
2026-01-28T09:43:43.140161421Z I0128 09:43:43.140146       1 template_helper.go:370] "msg"="parseIPList empty list found" "logger"="template"
2026-01-28T09:43:43.140301174Z I0128 09:43:43.140286       1 template_helper.go:370] "msg"="parseIPList empty list found" "logger"="template"
2026-01-28T09:43:43.171946016Z I0128 09:43:43.171903       1 router.go:665] "msg"="router reloaded" "logger"="template" "output"=" - Checking http://localhost:80 using PROXY protocol ...\n - Health check ok : 0 retry attempt(s).\n"
2026-01-28T09:43:48.446147452Z I0128 09:43:48.446086       1 template_helper.go:370] "msg"="parseIPList empty list found" "logger"="template"
2026-01-28T09:43:48.446333366Z I0128 09:43:48.446310       1 template_helper.go:370] "msg"="parseIPList empty list found" "logger"="template"
2026-01-28T09:43:48.446504149Z I0128 09:43:48.446483       1 template_helper.go:370] "msg"="parseIPList empty list found" "logger"="template"
2026-01-28T09:43:48.446773824Z I0128 09:43:48.446730       1 template_helper.go:370] "msg"="parseIPList empty list found" "logger"="template"
2026-01-28T09:43:48.446996997Z I0128 09:43:48.446974       1 template_helper.go:370] "msg"="parseIPList empty list found" "logger"="template"
2026-01-28T09:43:48.447335114Z I0128 09:43:48.447311       1 template_helper.go:370] "msg"="parseIPList empty list found" "logger"="template"
2026-01-28T09:43:48.447478216Z I0128 09:43:48.447457       1 template_helper.go:370] "msg"="parseIPList empty list found" "logger"="template"
2026-01-28T09:43:48.447618348Z I0128 09:43:48.447598       1 template_helper.go:370] "msg"="parseIPList empty list found" "logger"="template"
2026-01-28T09:43:48.481796906Z I0128 09:43:48.481731       1 router.go:665] "msg"="router reloaded" "logger"="template" "output"=" - Checking http://localhost:80 using PROXY protocol ...\n - Health check ok : 0 retry attempt(s).\n"
2026-01-28T09:43:53.447118660Z I0128 09:43:53.447057       1 template_helper.go:370] "msg"="parseIPList empty list found" "logger"="template"
2026-01-28T09:43:53.447278603Z I0128 09:43:53.447250       1 template_helper.go:370] "msg"="parseIPList empty list found" "logger"="template"
2026-01-28T09:43:53.447461476Z I0128 09:43:53.447433       1 template_helper.go:370] "msg"="parseIPList empty list found" "logger"="template"
2026-01-28T09:43:53.447723291Z I0128 09:43:53.447698       1 template_helper.go:370] "msg"="parseIPList empty list found" "logger"="template"
2026-01-28T09:43:53.447960365Z I0128 09:43:53.447934       1 template_helper.go:370] "msg"="parseIPList empty list found" "logger"="template"
2026-01-28T09:43:53.448287071Z I0128 09:43:53.448260       1 template_helper.go:370] "msg"="parseIPList empty list found" "logger"="template"
2026-01-28T09:43:53.448444374Z I0128 09:43:53.448418       1 template_helper.go:370] "msg"="parseIPList empty list found" "logger"="template"
2026-01-28T09:43:53.448591496Z I0128 09:43:53.448564       1 template_helper.go:370] "msg"="parseIPList empty list found" "logger"="template"
2026-01-28T09:43:53.480474633Z I0128 09:43:53.480430       1 router.go:665] "msg"="router reloaded" "logger"="template" "output"=" - Checking http://localhost:80 using PROXY protocol ...\n - Health check ok : 0 retry attempt(s).\n"
2026-01-28T09:43:59.074067381Z I0128 09:43:59.074034       1 template_helper.go:370] "msg"="parseIPList empty list found" "logger"="template"
2026-01-28T09:43:59.074287184Z I0128 09:43:59.074273       1 template_helper.go:370] "msg"="parseIPList empty list found" "logger"="template"
2026-01-28T09:43:59.074517807Z I0128 09:43:59.074499       1 template_helper.go:370] "msg"="parseIPList empty list found" "logger"="template"
2026-01-28T09:43:59.074875472Z I0128 09:43:59.074851       1 template_helper.go:370] "msg"="parseIPList empty list found" "logger"="template"
2026-01-28T09:43:59.075133736Z I0128 09:43:59.075097       1 template_helper.go:370] "msg"="parseIPList empty list found" "logger"="template"
2026-01-28T09:43:59.075487301Z I0128 09:43:59.075463       1 template_helper.go:370] "msg"="parseIPList empty list found" "logger"="template"
2026-01-28T09:43:59.075710304Z I0128 09:43:59.075688       1 template_helper.go:370] "msg"="parseIPList empty list found" "logger"="template"
2026-01-28T09:43:59.076028499Z I0128 09:43:59.075999       1 template_helper.go:370] "msg"="parseIPList empty list found" "logger"="template"
2026-01-28T09:43:59.109415011Z I0128 09:43:59.109366       1 router.go:665] "msg"="router reloaded" "logger"="template" "output"=" - Checking http://localhost:80 using PROXY protocol ...\n - Health check ok : 0 retry attempt(s).\n"
2026-01-28T09:44:04.074049019Z I0128 09:44:04.074003       1 template_helper.go:370] "msg"="parseIPList empty list found" "logger"="template"
2026-01-28T09:44:04.074175771Z I0128 09:44:04.074155       1 template_helper.go:370] "msg"="parseIPList empty list found" "logger"="template"
2026-01-28T09:44:04.074340923Z I0128 09:44:04.074321       1 template_helper.go:370] "msg"="parseIPList empty list found" "logger"="template"
2026-01-28T09:44:04.074566217Z I0128 09:44:04.074551       1 template_helper.go:370] "msg"="parseIPList empty list found" "logger"="template"
2026-01-28T09:44:04.074782200Z I0128 09:44:04.074745       1 template_helper.go:370] "msg"="parseIPList empty list found" "logger"="template"
2026-01-28T09:44:04.075101894Z I0128 09:44:04.075082       1 template_helper.go:370] "msg"="parseIPList empty list found" "logger"="template"
2026-01-28T09:44:04.075368988Z I0128 09:44:04.075354       1 template_helper.go:370] "msg"="parseIPList empty list found" "logger"="template"
2026-01-28T09:44:04.075645202Z I0128 09:44:04.075629       1 template_helper.go:370] "msg"="parseIPList empty list found" "logger"="template"
2026-01-28T09:44:04.110664127Z I0128 09:44:04.110613       1 router.go:665] "msg"="router reloaded" "logger"="template" "output"=" - Checking http://localhost:80 using PROXY protocol ...\n - Health check ok : 0 retry attempt(s).\n"
2026-01-28T09:44:22.771265239Z I0128 09:44:22.771226       1 template_helper.go:370] "msg"="parseIPList empty list found" "logger"="template"
2026-01-28T09:44:22.771654376Z I0128 09:44:22.771640       1 template_helper.go:370] "msg"="parseIPList empty list found" "logger"="template"
2026-01-28T09:44:22.771961282Z I0128 09:44:22.771946       1 template_helper.go:370] "msg"="parseIPList empty list found" "logger"="template"
2026-01-28T09:44:22.772358859Z I0128 09:44:22.772344       1 template_helper.go:370] "msg"="parseIPList empty list found" "logger"="template"
2026-01-28T09:44:22.772678365Z I0128 09:44:22.772665       1 template_helper.go:370] "msg"="parseIPList empty list found" "logger"="template"
2026-01-28T09:44:22.773368588Z I0128 09:44:22.773347       1 template_helper.go:370] "msg"="parseIPList empty list found" "logger"="template"
2026-01-28T09:44:22.774380337Z I0128 09:44:22.774352       1 template_helper.go:370] "msg"="parseIPList empty list found" "logger"="template"
2026-01-28T09:44:22.774705503Z I0128 09:44:22.774686       1 template_helper.go:370] "msg"="parseIPList empty list found" "logger"="template"
2026-01-28T09:44:22.810767325Z I0128 09:44:22.810708       1 router.go:665] "msg"="router reloaded" "logger"="template" "output"=" - Checking http://localhost:80 using PROXY protocol ...\n - Health check ok : 0 retry attempt(s).\n"
2026-01-28T09:44:27.771532336Z I0128 09:44:27.771486       1 template_helper.go:370] "msg"="parseIPList empty list found" "logger"="template"
2026-01-28T09:44:27.771735389Z I0128 09:44:27.771716       1 template_helper.go:370] "msg"="parseIPList empty list found" "logger"="template"
2026-01-28T09:44:27.771922462Z I0128 09:44:27.771906       1 template_helper.go:370] "msg"="parseIPList empty list found" "logger"="template"
2026-01-28T09:44:27.772158306Z I0128 09:44:27.772143       1 template_helper.go:370] "msg"="parseIPList empty list found" "logger"="template"
2026-01-28T09:44:27.772398940Z I0128 09:44:27.772382       1 template_helper.go:370] "msg"="parseIPList empty list found" "logger"="template"
2026-01-28T09:44:27.772682875Z I0128 09:44:27.772667       1 template_helper.go:370] "msg"="parseIPList empty list found" "logger"="template"
2026-01-28T09:44:27.772925079Z I0128 09:44:27.772908       1 template_helper.go:370] "msg"="parseIPList empty list found" "logger"="template"
2026-01-28T09:44:27.773132352Z I0128 09:44:27.773114       1 template_helper.go:370] "msg"="parseIPList empty list found" "logger"="template"
2026-01-28T09:44:27.805387683Z I0128 09:44:27.805339       1 router.go:665] "msg"="router reloaded" "logger"="template" "output"=" - Checking http://localhost:80 using PROXY protocol ...\n - Health check ok : 0 retry attempt(s).\n"
2026-01-28T09:44:50.161676015Z I0128 09:44:50.161614       1 template_helper.go:370] "msg"="parseIPList empty list found" "logger"="template"
2026-01-28T09:44:50.161989451Z I0128 09:44:50.161971       1 template_helper.go:370] "msg"="parseIPList empty list found" "logger"="template"
2026-01-28T09:44:50.162191554Z I0128 09:44:50.162170       1 template_helper.go:370] "msg"="parseIPList empty list found" "logger"="template"
2026-01-28T09:44:50.162553821Z I0128 09:44:50.162532       1 template_helper.go:370] "msg"="parseIPList empty list found" "logger"="template"
2026-01-28T09:44:50.162801336Z I0128 09:44:50.162785       1 template_helper.go:370] "msg"="parseIPList empty list found" "logger"="template"
2026-01-28T09:44:50.163115442Z I0128 09:44:50.163090       1 template_helper.go:370] "msg"="parseIPList empty list found" "logger"="template"
2026-01-28T09:44:50.163350396Z I0128 09:44:50.163333       1 template_helper.go:370] "msg"="parseIPList empty list found" "logger"="template"
2026-01-28T09:44:50.163594851Z I0128 09:44:50.163575       1 template_helper.go:370] "msg"="parseIPList empty list found" "logger"="template"
2026-01-28T09:44:50.197035734Z I0128 09:44:50.196985       1 router.go:665] "msg"="router reloaded" "logger"="template" "output"=" - Checking http://localhost:80 using PROXY protocol ...\n - Health check ok : 0 retry attempt(s).\n"
2026-01-28T09:44:55.517640457Z I0128 09:44:55.517600       1 template_helper.go:370] "msg"="parseIPList empty list found" "logger"="template"
2026-01-28T09:44:55.517980464Z I0128 09:44:55.517944       1 template_helper.go:370] "msg"="parseIPList empty list found" "logger"="template"
2026-01-28T09:44:55.518166027Z I0128 09:44:55.518147       1 template_helper.go:370] "msg"="parseIPList empty list found" "logger"="template"
2026-01-28T09:44:55.518481673Z I0128 09:44:55.518461       1 template_helper.go:370] "msg"="parseIPList empty list found" "logger"="template"
2026-01-28T09:44:55.518711087Z I0128 09:44:55.518694       1 template_helper.go:370] "msg"="parseIPList empty list found" "logger"="template"
2026-01-28T09:44:55.519139365Z I0128 09:44:55.519121       1 template_helper.go:370] "msg"="parseIPList empty list found" "logger"="template"
2026-01-28T09:44:55.519387500Z I0128 09:44:55.519370       1 template_helper.go:370] "msg"="parseIPList empty list found" "logger"="template"
2026-01-28T09:44:55.519625974Z I0128 09:44:55.519609       1 template_helper.go:370] "msg"="parseIPList empty list found" "logger"="template"
2026-01-28T09:44:55.556339778Z I0128 09:44:55.556293       1 router.go:665] "msg"="router reloaded" "logger"="template" "output"=" - Checking http://localhost:80 using PROXY protocol ...\n - Health check ok : 0 retry attempt(s).\n"
2026-01-28T09:45:00.519039710Z I0128 09:45:00.518984       1 template_helper.go:370] "msg"="parseIPList empty list found" "logger"="template"
2026-01-28T09:45:00.519307305Z I0128 09:45:00.519273       1 template_helper.go:370] "msg"="parseIPList empty list found" "logger"="template"
2026-01-28T09:45:00.519513809Z I0128 09:45:00.519491       1 template_helper.go:370] "msg"="parseIPList empty list found" "logger"="template"
2026-01-28T09:45:00.521499885Z I0128 09:45:00.519825       1 template_helper.go:370] "msg"="parseIPList empty list found" "logger"="template"
2026-01-28T09:45:00.521499885Z I0128 09:45:00.520061       1 template_helper.go:370] "msg"="parseIPList empty list found" "logger"="template"
2026-01-28T09:45:00.521499885Z I0128 09:45:00.520332       1 template_helper.go:370] "msg"="parseIPList empty list found" "logger"="template"
2026-01-28T09:45:00.521499885Z I0128 09:45:00.520556       1 template_helper.go:370] "msg"="parseIPList empty list found" "logger"="template"
2026-01-28T09:45:00.521499885Z I0128 09:45:00.520859       1 template_helper.go:370] "msg"="parseIPList empty list found" "logger"="template"
2026-01-28T09:45:00.565051102Z I0128 09:45:00.565014       1 router.go:665] "msg"="router reloaded" "logger"="template" "output"=" - Checking http://localhost:80 using PROXY protocol ...\n - Health check ok : 0 retry attempt(s).\n"
2026-01-28T09:45:27.586869364Z I0128 09:45:27.586832       1 template_helper.go:370] "msg"="parseIPList empty list found" "logger"="template"
2026-01-28T09:45:27.587232671Z I0128 09:45:27.587196       1 template_helper.go:370] "msg"="parseIPList empty list found" "logger"="template"
2026-01-28T09:45:27.587426895Z I0128 09:45:27.587392       1 template_helper.go:370] "msg"="parseIPList empty list found" "logger"="template"
2026-01-28T09:45:27.587699680Z I0128 09:45:27.587684       1 template_helper.go:370] "msg"="parseIPList empty list found" "logger"="template"
2026-01-28T09:45:27.587969085Z I0128 09:45:27.587945       1 template_helper.go:370] "msg"="parseIPList empty list found" "logger"="template"
2026-01-28T09:45:27.588380122Z I0128 09:45:27.588357       1 template_helper.go:370] "msg"="parseIPList empty list found" "logger"="template"
2026-01-28T09:45:27.588627817Z I0128 09:45:27.588610       1 template_helper.go:370] "msg"="parseIPList empty list found" "logger"="template"
2026-01-28T09:45:27.588907942Z I0128 09:45:27.588890       1 template_helper.go:370] "msg"="parseIPList empty list found" "logger"="template"
2026-01-28T09:45:27.623969617Z I0128 09:45:27.623923       1 router.go:665] "msg"="router reloaded" "logger"="template" "output"=" - Checking http://localhost:80 using PROXY protocol ...\n - Health check ok : 0 retry attempt(s).\n"
2026-01-28T09:45:33.979474601Z I0128 09:45:33.979439       1 template_helper.go:370] "msg"="parseIPList empty list found" "logger"="template"
2026-01-28T09:45:33.979869118Z I0128 09:45:33.979835       1 template_helper.go:370] "msg"="parseIPList empty list found" "logger"="template"
2026-01-28T09:45:33.980061312Z I0128 09:45:33.980036       1 template_helper.go:370] "msg"="parseIPList empty list found" "logger"="template"
2026-01-28T09:45:33.980371408Z I0128 09:45:33.980353       1 template_helper.go:370] "msg"="parseIPList empty list found" "logger"="template"
2026-01-28T09:45:33.980634793Z I0128 09:45:33.980608       1 template_helper.go:370] "msg"="parseIPList empty list found" "logger"="template"
2026-01-28T09:45:33.980999630Z I0128 09:45:33.980974       1 template_helper.go:370] "msg"="parseIPList empty list found" "logger"="template"
2026-01-28T09:45:33.981303305Z I0128 09:45:33.981280       1 template_helper.go:370] "msg"="parseIPList empty list found" "logger"="template"
2026-01-28T09:45:33.981599441Z I0128 09:45:33.981575       1 template_helper.go:370] "msg"="parseIPList empty list found" "logger"="template"
2026-01-28T09:45:34.022432085Z I0128 09:45:34.022374       1 router.go:665] "msg"="router reloaded" "logger"="template" "output"=" - Checking http://localhost:80 using PROXY protocol ...\n - Health check ok : 0 retry attempt(s).\n"
2026-01-28T09:45:38.980201573Z I0128 09:45:38.980160       1 template_helper.go:370] "msg"="parseIPList empty list found" "logger"="template"
2026-01-28T09:45:38.980445148Z I0128 09:45:38.980426       1 template_helper.go:370] "msg"="parseIPList empty list found" "logger"="template"
2026-01-28T09:45:38.980614701Z I0128 09:45:38.980597       1 template_helper.go:370] "msg"="parseIPList empty list found" "logger"="template"
2026-01-28T09:45:38.980910897Z I0128 09:45:38.980893       1 template_helper.go:370] "msg"="parseIPList empty list found" "logger"="template"
2026-01-28T09:45:38.981126410Z I0128 09:45:38.981100       1 template_helper.go:370] "msg"="parseIPList empty list found" "logger"="template"
2026-01-28T09:45:38.981463487Z I0128 09:45:38.981447       1 template_helper.go:370] "msg"="parseIPList empty list found" "logger"="template"
2026-01-28T09:45:38.981674941Z I0128 09:45:38.981660       1 template_helper.go:370] "msg"="parseIPList empty list found" "logger"="template"
2026-01-28T09:45:38.981915245Z I0128 09:45:38.981900       1 template_helper.go:370] "msg"="parseIPList empty list found" "logger"="template"
2026-01-28T09:45:39.014075657Z I0128 09:45:39.014036       1 router.go:665] "msg"="router reloaded" "logger"="template" "output"=" - Checking http://localhost:80 using PROXY protocol ...\n - Health check ok : 0 retry attempt(s).\n"
2026-01-28T09:46:42.488390263Z I0128 09:46:42.488346       1 template_helper.go:370] "msg"="parseIPList empty list found" "logger"="template"
2026-01-28T09:46:42.488613757Z I0128 09:46:42.488593       1 template_helper.go:370] "msg"="parseIPList empty list found" "logger"="template"
2026-01-28T09:46:42.488814991Z I0128 09:46:42.488795       1 template_helper.go:370] "msg"="parseIPList empty list found" "logger"="template"
2026-01-28T09:46:42.489068576Z I0128 09:46:42.489053       1 template_helper.go:370] "msg"="parseIPList empty list found" "logger"="template"
2026-01-28T09:46:42.489313260Z I0128 09:46:42.489293       1 template_helper.go:370] "msg"="parseIPList empty list found" "logger"="template"
2026-01-28T09:46:42.489613326Z I0128 09:46:42.489596       1 template_helper.go:370] "msg"="parseIPList empty list found" "logger"="template"
2026-01-28T09:46:42.489914542Z I0128 09:46:42.489899       1 template_helper.go:370] "msg"="parseIPList empty list found" "logger"="template"
2026-01-28T09:46:42.490187216Z I0128 09:46:42.490168       1 template_helper.go:370] "msg"="parseIPList empty list found" "logger"="template"
2026-01-28T09:46:42.531622418Z I0128 09:46:42.531577       1 router.go:665] "msg"="router reloaded" "logger"="template" "output"=" - Checking http://localhost:80 using PROXY protocol ...\n - Health check ok : 0 retry attempt(s).\n"
2026-01-28T09:46:54.697387009Z I0128 09:46:54.697327       1 template_helper.go:370] "msg"="parseIPList empty list found" "logger"="template"
2026-01-28T09:46:54.697644203Z I0128 09:46:54.697621       1 template_helper.go:370] "msg"="parseIPList empty list found" "logger"="template"
2026-01-28T09:46:54.697991990Z I0128 09:46:54.697969       1 template_helper.go:370] "msg"="parseIPList empty list found" "logger"="template"
2026-01-28T09:46:54.698295165Z I0128 09:46:54.698276       1 template_helper.go:370] "msg"="parseIPList empty list found" "logger"="template"
2026-01-28T09:46:54.698578811Z I0128 09:46:54.698560       1 template_helper.go:370] "msg"="parseIPList empty list found" "logger"="template"
2026-01-28T09:46:54.698973658Z I0128 09:46:54.698955       1 template_helper.go:370] "msg"="parseIPList empty list found" "logger"="template"
2026-01-28T09:46:54.699330995Z I0128 09:46:54.699308       1 template_helper.go:370] "msg"="parseIPList empty list found" "logger"="template"
2026-01-28T09:46:54.699699112Z I0128 09:46:54.699674       1 template_helper.go:370] "msg"="parseIPList empty list found" "logger"="template"
2026-01-28T09:46:54.732950883Z I0128 09:46:54.732909       1 router.go:665] "msg"="router reloaded" "logger"="template" "output"=" - Checking http://localhost:80 using PROXY protocol ...\n - Health check ok : 0 retry attempt(s).\n"
2026-01-28T09:46:59.697196155Z I0128 09:46:59.697138       1 template_helper.go:370] "msg"="parseIPList empty list found" "logger"="template"
2026-01-28T09:46:59.697461760Z I0128 09:46:59.697424       1 template_helper.go:370] "msg"="parseIPList empty list found" "logger"="template"
2026-01-28T09:46:59.697768456Z I0128 09:46:59.697734       1 template_helper.go:370] "msg"="parseIPList empty list found" "logger"="template"
2026-01-28T09:46:59.698034691Z I0128 09:46:59.698008       1 template_helper.go:370] "msg"="parseIPList empty list found" "logger"="template"
2026-01-28T09:46:59.698246845Z I0128 09:46:59.698229       1 template_helper.go:370] "msg"="parseIPList empty list found" "logger"="template"
2026-01-28T09:46:59.698553841Z I0128 09:46:59.698537       1 template_helper.go:370] "msg"="parseIPList empty list found" "logger"="template"
2026-01-28T09:46:59.698896767Z I0128 09:46:59.698880       1 template_helper.go:370] "msg"="parseIPList empty list found" "logger"="template"
2026-01-28T09:46:59.699192283Z I0128 09:46:59.699177       1 template_helper.go:370] "msg"="parseIPList empty list found" "logger"="template"
2026-01-28T09:46:59.733404062Z I0128 09:46:59.733346       1 router.go:665] "msg"="router reloaded" "logger"="template" "output"=" - Checking http://localhost:80 using PROXY protocol ...\n - Health check ok : 0 retry attempt(s).\n"
2026-01-28T09:47:23.575483290Z I0128 09:47:23.575438       1 template_helper.go:370] "msg"="parseIPList empty list found" "logger"="template"
2026-01-28T09:47:23.575664383Z I0128 09:47:23.575641       1 template_helper.go:370] "msg"="parseIPList empty list found" "logger"="template"
2026-01-28T09:47:23.576078811Z I0128 09:47:23.576062       1 template_helper.go:370] "msg"="parseIPList empty list found" "logger"="template"
2026-01-28T09:47:23.576336115Z I0128 09:47:23.576318       1 template_helper.go:370] "msg"="parseIPList empty list found" "logger"="template"
2026-01-28T09:47:23.576609881Z I0128 09:47:23.576582       1 template_helper.go:370] "msg"="parseIPList empty list found" "logger"="template"
2026-01-28T09:47:23.577022298Z I0128 09:47:23.576986       1 template_helper.go:370] "msg"="parseIPList empty list found" "logger"="template"
2026-01-28T09:47:23.577360035Z I0128 09:47:23.577330       1 template_helper.go:370] "msg"="parseIPList empty list found" "logger"="template"
2026-01-28T09:47:23.577745852Z I0128 09:47:23.577723       1 template_helper.go:370] "msg"="parseIPList empty list found" "logger"="template"
2026-01-28T09:47:23.614344185Z I0128 09:47:23.614298       1 router.go:665] "msg"="router reloaded" "logger"="template" "output"=" - Checking http://localhost:80 using PROXY protocol ...\n - Health check ok : 0 retry attempt(s).\n"
