2026-01-28T09:47:42.082975431Z I0128 09:47:42.082815       1 cmd.go:95] &{<nil> true {false} installer true map[cert-configmaps:0xc0009cb9a0 cert-dir:0xc0009cbb80 cert-secrets:0xc0009cb900 configmaps:0xc000a8dcc0 namespace:0xc000a8dae0 optional-cert-configmaps:0xc0009cbae0 optional-configmaps:0xc000a8de00 optional-secrets:0xc000a8dd60 pod:0xc000a8db80 pod-manifest-dir:0xc0009cb720 resource-dir:0xc000a8dea0 revision:0xc000a8da40 secrets:0xc000a8dc20 v:0xc000670960] [0xc000670960 0xc000a8da40 0xc000a8dae0 0xc000a8db80 0xc000a8dea0 0xc0009cb720 0xc000a8dcc0 0xc000a8de00 0xc000a8dc20 0xc000a8dd60 0xc0009cbb80 0xc0009cb9a0 0xc0009cbae0 0xc0009cb900] [] map[cert-configmaps:0xc0009cb9a0 cert-dir:0xc0009cbb80 cert-secrets:0xc0009cb900 configmaps:0xc000a8dcc0 help:0xc000670d20 kubeconfig:0xc000a8d9a0 log-flush-frequency:0xc0006708c0 namespace:0xc000a8dae0 optional-cert-configmaps:0xc0009cbae0 optional-cert-secrets:0xc0009cba40 optional-configmaps:0xc000a8de00 optional-secrets:0xc000a8dd60 pod:0xc000a8db80 pod-manifest-dir:0xc0009cb720 pod-manifests-lock-file:0xc0009cb860 resource-dir:0xc000a8dea0 revision:0xc000a8da40 secrets:0xc000a8dc20 timeout-duration:0xc0009cb7c0 v:0xc000670960 vmodule:0xc000670a00] [0xc000a8d9a0 0xc000a8da40 0xc000a8dae0 0xc000a8db80 0xc000a8dc20 0xc000a8dcc0 0xc000a8dd60 0xc000a8de00 0xc000a8dea0 0xc0009cb720 0xc0009cb7c0 0xc0009cb860 0xc0009cb900 0xc0009cb9a0 0xc0009cba40 0xc0009cbae0 0xc0009cbb80 0xc0006708c0 0xc000670960 0xc000670a00 0xc000670d20] [0xc0009cb9a0 0xc0009cbb80 0xc0009cb900 0xc000a8dcc0 0xc000670d20 0xc000a8d9a0 0xc0006708c0 0xc000a8dae0 0xc0009cbae0 0xc0009cba40 0xc000a8de00 0xc000a8dd60 0xc000a8db80 0xc0009cb720 0xc0009cb860 0xc000a8dea0 0xc000a8da40 0xc000a8dc20 0xc0009cb7c0 0xc000670960 0xc000670a00] map[104:0xc000670d20 118:0xc000670960] [] -1 0 0xc000673170 true 0x77f6c0 []}
2026-01-28T09:47:42.083091324Z I0128 09:47:42.082984       1 cmd.go:96] (*installerpod.InstallOptions)(0xc0009aa820)({
2026-01-28T09:47:42.083091324Z  KubeConfig: (string) "",
2026-01-28T09:47:42.083091324Z  KubeClient: (kubernetes.Interface) <nil>,
2026-01-28T09:47:42.083091324Z  Revision: (string) (len=1) "7",
2026-01-28T09:47:42.083091324Z  NodeName: (string) "",
2026-01-28T09:47:42.083091324Z  Namespace: (string) (len=33) "openshift-kube-controller-manager",
2026-01-28T09:47:42.083091324Z  Clock: (clock.RealClock) {
2026-01-28T09:47:42.083091324Z  },
2026-01-28T09:47:42.083091324Z  PodConfigMapNamePrefix: (string) (len=27) "kube-controller-manager-pod",
2026-01-28T09:47:42.083091324Z  SecretNamePrefixes: ([]string) (len=2 cap=2) {
2026-01-28T09:47:42.083091324Z   (string) (len=27) "service-account-private-key",
2026-01-28T09:47:42.083091324Z   (string) (len=31) "localhost-recovery-client-token"
2026-01-28T09:47:42.083091324Z  },
2026-01-28T09:47:42.083091324Z  OptionalSecretNamePrefixes: ([]string) (len=1 cap=1) {
2026-01-28T09:47:42.083091324Z   (string) (len=12) "serving-cert"
2026-01-28T09:47:42.083091324Z  },
2026-01-28T09:47:42.083091324Z  ConfigMapNamePrefixes: ([]string) (len=8 cap=8) {
2026-01-28T09:47:42.083091324Z   (string) (len=27) "kube-controller-manager-pod",
2026-01-28T09:47:42.083091324Z   (string) (len=6) "config",
2026-01-28T09:47:42.083091324Z   (string) (len=32) "cluster-policy-controller-config",
2026-01-28T09:47:42.083091324Z   (string) (len=29) "controller-manager-kubeconfig",
2026-01-28T09:47:42.083091324Z   (string) (len=38) "kube-controller-cert-syncer-kubeconfig",
2026-01-28T09:47:42.083091324Z   (string) (len=17) "serviceaccount-ca",
2026-01-28T09:47:42.083091324Z   (string) (len=10) "service-ca",
2026-01-28T09:47:42.083091324Z   (string) (len=15) "recycler-config"
2026-01-28T09:47:42.083091324Z  },
2026-01-28T09:47:42.083091324Z  OptionalConfigMapNamePrefixes: ([]string) (len=1 cap=1) {
2026-01-28T09:47:42.083091324Z   (string) (len=12) "cloud-config"
2026-01-28T09:47:42.083091324Z  },
2026-01-28T09:47:42.083091324Z  CertSecretNames: ([]string) (len=2 cap=2) {
2026-01-28T09:47:42.083091324Z   (string) (len=39) "kube-controller-manager-client-cert-key",
2026-01-28T09:47:42.083091324Z   (string) (len=10) "csr-signer"
2026-01-28T09:47:42.083091324Z  },
2026-01-28T09:47:42.083091324Z  OptionalCertSecretNamePrefixes: ([]string) <nil>,
2026-01-28T09:47:42.083091324Z  CertConfigMapNamePrefixes: ([]string) (len=2 cap=2) {
2026-01-28T09:47:42.083091324Z   (string) (len=20) "aggregator-client-ca",
2026-01-28T09:47:42.083091324Z   (string) (len=9) "client-ca"
2026-01-28T09:47:42.083091324Z  },
2026-01-28T09:47:42.083091324Z  OptionalCertConfigMapNamePrefixes: ([]string) (len=1 cap=1) {
2026-01-28T09:47:42.083091324Z   (string) (len=17) "trusted-ca-bundle"
2026-01-28T09:47:42.083091324Z  },
2026-01-28T09:47:42.083091324Z  CertDir: (string) (len=66) "/etc/kubernetes/static-pod-resources/kube-controller-manager-certs",
2026-01-28T09:47:42.083091324Z  ResourceDir: (string) (len=36) "/etc/kubernetes/static-pod-resources",
2026-01-28T09:47:42.083091324Z  PodManifestDir: (string) (len=25) "/etc/kubernetes/manifests",
2026-01-28T09:47:42.083091324Z  Timeout: (time.Duration) 2m0s,
2026-01-28T09:47:42.083091324Z  StaticPodManifestsLockFile: (string) "",
2026-01-28T09:47:42.083091324Z  PodMutationFns: ([]installerpod.PodMutationFunc) <nil>,
2026-01-28T09:47:42.083091324Z  KubeletVersion: (string) ""
2026-01-28T09:47:42.083091324Z })
2026-01-28T09:47:42.083310458Z I0128 09:47:42.083288       1 envvar.go:172] "Feature gate default state" feature="InformerResourceVersion" enabled=false
2026-01-28T09:47:42.083310458Z I0128 09:47:42.083303       1 envvar.go:172] "Feature gate default state" feature="InOrderInformers" enabled=true
2026-01-28T09:47:42.083310458Z I0128 09:47:42.083307       1 envvar.go:172] "Feature gate default state" feature="WatchListClient" enabled=false
2026-01-28T09:47:42.083319989Z I0128 09:47:42.083311       1 envvar.go:172] "Feature gate default state" feature="ClientsAllowCBOR" enabled=false
2026-01-28T09:47:42.083319989Z I0128 09:47:42.083315       1 envvar.go:172] "Feature gate default state" feature="ClientsPreferCBOR" enabled=false
2026-01-28T09:47:42.083665366Z I0128 09:47:42.083630       1 cmd.go:413] Getting controller reference for node ip-10-0-3-203.us-west-1.compute.internal
2026-01-28T09:47:42.093745050Z I0128 09:47:42.093714       1 cmd.go:426] Waiting for installer revisions to settle for node ip-10-0-3-203.us-west-1.compute.internal
2026-01-28T09:47:42.098646014Z I0128 09:47:42.098625       1 cmd.go:518] Waiting additional period after revisions have settled for node ip-10-0-3-203.us-west-1.compute.internal
2026-01-28T09:48:12.099255659Z I0128 09:48:12.099205       1 cmd.go:524] Getting installer pods for node ip-10-0-3-203.us-west-1.compute.internal
2026-01-28T09:48:12.106448583Z I0128 09:48:12.106412       1 cmd.go:542] Latest installer revision for node ip-10-0-3-203.us-west-1.compute.internal is: 7
2026-01-28T09:48:12.106448583Z I0128 09:48:12.106431       1 cmd.go:431] Querying kubelet version for node ip-10-0-3-203.us-west-1.compute.internal
2026-01-28T09:48:12.110425259Z I0128 09:48:12.110390       1 cmd.go:444] Got kubelet version 1.33.6 on target node ip-10-0-3-203.us-west-1.compute.internal
2026-01-28T09:48:12.110425259Z I0128 09:48:12.110417       1 cmd.go:293] Creating target resource directory "/etc/kubernetes/static-pod-resources/kube-controller-manager-pod-7" ...
2026-01-28T09:48:12.110553651Z I0128 09:48:12.110528       1 cmd.go:221] Creating target resource directory "/etc/kubernetes/static-pod-resources/kube-controller-manager-pod-7" ...
2026-01-28T09:48:12.110553651Z I0128 09:48:12.110546       1 cmd.go:229] Getting secrets ...
2026-01-28T09:48:12.114346332Z I0128 09:48:12.114320       1 copy.go:32] Got secret openshift-kube-controller-manager/localhost-recovery-client-token-7
2026-01-28T09:48:12.118062632Z I0128 09:48:12.118042       1 copy.go:32] Got secret openshift-kube-controller-manager/service-account-private-key-7
2026-01-28T09:48:12.121637659Z I0128 09:48:12.121608       1 copy.go:32] Got secret openshift-kube-controller-manager/serving-cert-7
2026-01-28T09:48:12.121680949Z I0128 09:48:12.121638       1 cmd.go:242] Getting config maps ...
2026-01-28T09:48:12.125338208Z I0128 09:48:12.125317       1 copy.go:60] Got configMap openshift-kube-controller-manager/cluster-policy-controller-config-7
2026-01-28T09:48:12.129059047Z I0128 09:48:12.129038       1 copy.go:60] Got configMap openshift-kube-controller-manager/config-7
2026-01-28T09:48:12.135058156Z I0128 09:48:12.132376       1 copy.go:60] Got configMap openshift-kube-controller-manager/controller-manager-kubeconfig-7
2026-01-28T09:48:12.135955785Z I0128 09:48:12.135926       1 copy.go:60] Got configMap openshift-kube-controller-manager/kube-controller-cert-syncer-kubeconfig-7
2026-01-28T09:48:12.139620054Z I0128 09:48:12.139594       1 copy.go:60] Got configMap openshift-kube-controller-manager/kube-controller-manager-pod-7
2026-01-28T09:48:12.304354792Z I0128 09:48:12.304315       1 copy.go:60] Got configMap openshift-kube-controller-manager/recycler-config-7
2026-01-28T09:48:12.503807683Z I0128 09:48:12.503762       1 copy.go:60] Got configMap openshift-kube-controller-manager/service-ca-7
2026-01-28T09:48:12.704378789Z I0128 09:48:12.704335       1 copy.go:60] Got configMap openshift-kube-controller-manager/serviceaccount-ca-7
2026-01-28T09:48:12.904263620Z I0128 09:48:12.904223       1 copy.go:52] Failed to get config map openshift-kube-controller-manager/cloud-config-7: configmaps "cloud-config-7" not found
2026-01-28T09:48:12.904312521Z I0128 09:48:12.904269       1 cmd.go:261] Creating directory "/etc/kubernetes/static-pod-resources/kube-controller-manager-pod-7/secrets/localhost-recovery-client-token" ...
2026-01-28T09:48:12.904442624Z I0128 09:48:12.904404       1 cmd.go:639] Writing secret manifest "/etc/kubernetes/static-pod-resources/kube-controller-manager-pod-7/secrets/localhost-recovery-client-token/ca.crt" ...
2026-01-28T09:48:12.904566676Z I0128 09:48:12.904535       1 cmd.go:639] Writing secret manifest "/etc/kubernetes/static-pod-resources/kube-controller-manager-pod-7/secrets/localhost-recovery-client-token/namespace" ...
2026-01-28T09:48:12.904677409Z I0128 09:48:12.904656       1 cmd.go:639] Writing secret manifest "/etc/kubernetes/static-pod-resources/kube-controller-manager-pod-7/secrets/localhost-recovery-client-token/service-ca.crt" ...
2026-01-28T09:48:12.904852082Z I0128 09:48:12.904812       1 cmd.go:639] Writing secret manifest "/etc/kubernetes/static-pod-resources/kube-controller-manager-pod-7/secrets/localhost-recovery-client-token/token" ...
2026-01-28T09:48:12.904968745Z I0128 09:48:12.904949       1 cmd.go:261] Creating directory "/etc/kubernetes/static-pod-resources/kube-controller-manager-pod-7/secrets/service-account-private-key" ...
2026-01-28T09:48:12.905073677Z I0128 09:48:12.905047       1 cmd.go:639] Writing secret manifest "/etc/kubernetes/static-pod-resources/kube-controller-manager-pod-7/secrets/service-account-private-key/service-account.key" ...
2026-01-28T09:48:12.905187969Z I0128 09:48:12.905167       1 cmd.go:639] Writing secret manifest "/etc/kubernetes/static-pod-resources/kube-controller-manager-pod-7/secrets/service-account-private-key/service-account.pub" ...
2026-01-28T09:48:12.905435515Z I0128 09:48:12.905328       1 cmd.go:261] Creating directory "/etc/kubernetes/static-pod-resources/kube-controller-manager-pod-7/secrets/serving-cert" ...
2026-01-28T09:48:12.905435515Z I0128 09:48:12.905393       1 cmd.go:639] Writing secret manifest "/etc/kubernetes/static-pod-resources/kube-controller-manager-pod-7/secrets/serving-cert/tls.crt" ...
2026-01-28T09:48:12.905524207Z I0128 09:48:12.905498       1 cmd.go:639] Writing secret manifest "/etc/kubernetes/static-pod-resources/kube-controller-manager-pod-7/secrets/serving-cert/tls.key" ...
2026-01-28T09:48:12.905629149Z I0128 09:48:12.905610       1 cmd.go:277] Creating directory "/etc/kubernetes/static-pod-resources/kube-controller-manager-pod-7/configmaps/cluster-policy-controller-config" ...
2026-01-28T09:48:12.905786762Z I0128 09:48:12.905758       1 cmd.go:629] Writing config file "/etc/kubernetes/static-pod-resources/kube-controller-manager-pod-7/configmaps/cluster-policy-controller-config/config.yaml" ...
2026-01-28T09:48:12.905923905Z I0128 09:48:12.905905       1 cmd.go:277] Creating directory "/etc/kubernetes/static-pod-resources/kube-controller-manager-pod-7/configmaps/config" ...
2026-01-28T09:48:12.906024177Z I0128 09:48:12.905995       1 cmd.go:629] Writing config file "/etc/kubernetes/static-pod-resources/kube-controller-manager-pod-7/configmaps/config/config.yaml" ...
2026-01-28T09:48:12.906148670Z I0128 09:48:12.906123       1 cmd.go:277] Creating directory "/etc/kubernetes/static-pod-resources/kube-controller-manager-pod-7/configmaps/controller-manager-kubeconfig" ...
2026-01-28T09:48:12.906238292Z I0128 09:48:12.906199       1 cmd.go:629] Writing config file "/etc/kubernetes/static-pod-resources/kube-controller-manager-pod-7/configmaps/controller-manager-kubeconfig/kubeconfig" ...
2026-01-28T09:48:12.906327604Z I0128 09:48:12.906309       1 cmd.go:277] Creating directory "/etc/kubernetes/static-pod-resources/kube-controller-manager-pod-7/configmaps/kube-controller-cert-syncer-kubeconfig" ...
2026-01-28T09:48:12.906387425Z I0128 09:48:12.906368       1 cmd.go:629] Writing config file "/etc/kubernetes/static-pod-resources/kube-controller-manager-pod-7/configmaps/kube-controller-cert-syncer-kubeconfig/kubeconfig" ...
2026-01-28T09:48:12.906487937Z I0128 09:48:12.906469       1 cmd.go:277] Creating directory "/etc/kubernetes/static-pod-resources/kube-controller-manager-pod-7/configmaps/kube-controller-manager-pod" ...
2026-01-28T09:48:12.906543538Z I0128 09:48:12.906526       1 cmd.go:629] Writing config file "/etc/kubernetes/static-pod-resources/kube-controller-manager-pod-7/configmaps/kube-controller-manager-pod/pod.yaml" ...
2026-01-28T09:48:12.906670591Z I0128 09:48:12.906644       1 cmd.go:629] Writing config file "/etc/kubernetes/static-pod-resources/kube-controller-manager-pod-7/configmaps/kube-controller-manager-pod/version" ...
2026-01-28T09:48:12.906750093Z I0128 09:48:12.906731       1 cmd.go:629] Writing config file "/etc/kubernetes/static-pod-resources/kube-controller-manager-pod-7/configmaps/kube-controller-manager-pod/forceRedeploymentReason" ...
2026-01-28T09:48:12.906841975Z I0128 09:48:12.906824       1 cmd.go:277] Creating directory "/etc/kubernetes/static-pod-resources/kube-controller-manager-pod-7/configmaps/recycler-config" ...
2026-01-28T09:48:12.906951417Z I0128 09:48:12.906933       1 cmd.go:629] Writing config file "/etc/kubernetes/static-pod-resources/kube-controller-manager-pod-7/configmaps/recycler-config/recycler-pod.yaml" ...
2026-01-28T09:48:12.907049619Z I0128 09:48:12.907033       1 cmd.go:277] Creating directory "/etc/kubernetes/static-pod-resources/kube-controller-manager-pod-7/configmaps/service-ca" ...
2026-01-28T09:48:12.907113851Z I0128 09:48:12.907096       1 cmd.go:629] Writing config file "/etc/kubernetes/static-pod-resources/kube-controller-manager-pod-7/configmaps/service-ca/ca-bundle.crt" ...
2026-01-28T09:48:12.907215673Z I0128 09:48:12.907199       1 cmd.go:277] Creating directory "/etc/kubernetes/static-pod-resources/kube-controller-manager-pod-7/configmaps/serviceaccount-ca" ...
2026-01-28T09:48:12.907279604Z I0128 09:48:12.907260       1 cmd.go:629] Writing config file "/etc/kubernetes/static-pod-resources/kube-controller-manager-pod-7/configmaps/serviceaccount-ca/ca-bundle.crt" ...
2026-01-28T09:48:12.907430648Z I0128 09:48:12.907405       1 cmd.go:221] Creating target resource directory "/etc/kubernetes/static-pod-resources/kube-controller-manager-certs" ...
2026-01-28T09:48:12.907430648Z I0128 09:48:12.907424       1 cmd.go:229] Getting secrets ...
2026-01-28T09:48:13.104098229Z I0128 09:48:13.104053       1 copy.go:32] Got secret openshift-kube-controller-manager/csr-signer
2026-01-28T09:48:13.304701096Z I0128 09:48:13.304659       1 copy.go:32] Got secret openshift-kube-controller-manager/kube-controller-manager-client-cert-key
2026-01-28T09:48:13.304701096Z I0128 09:48:13.304690       1 cmd.go:242] Getting config maps ...
2026-01-28T09:48:13.504612977Z I0128 09:48:13.504577       1 copy.go:60] Got configMap openshift-kube-controller-manager/aggregator-client-ca
2026-01-28T09:48:13.704208921Z I0128 09:48:13.704161       1 copy.go:60] Got configMap openshift-kube-controller-manager/client-ca
2026-01-28T09:48:13.909744863Z I0128 09:48:13.909705       1 copy.go:60] Got configMap openshift-kube-controller-manager/trusted-ca-bundle
2026-01-28T09:48:13.910077901Z I0128 09:48:13.910046       1 cmd.go:261] Creating directory "/etc/kubernetes/static-pod-resources/kube-controller-manager-certs/secrets/csr-signer" ...
2026-01-28T09:48:13.910100521Z I0128 09:48:13.910076       1 cmd.go:639] Writing secret manifest "/etc/kubernetes/static-pod-resources/kube-controller-manager-certs/secrets/csr-signer/tls.key" ...
2026-01-28T09:48:13.910285135Z I0128 09:48:13.910255       1 cmd.go:639] Writing secret manifest "/etc/kubernetes/static-pod-resources/kube-controller-manager-certs/secrets/csr-signer/tls.crt" ...
2026-01-28T09:48:13.910407288Z I0128 09:48:13.910383       1 cmd.go:261] Creating directory "/etc/kubernetes/static-pod-resources/kube-controller-manager-certs/secrets/kube-controller-manager-client-cert-key" ...
2026-01-28T09:48:13.910429628Z I0128 09:48:13.910403       1 cmd.go:639] Writing secret manifest "/etc/kubernetes/static-pod-resources/kube-controller-manager-certs/secrets/kube-controller-manager-client-cert-key/tls.crt" ...
2026-01-28T09:48:13.910539220Z I0128 09:48:13.910513       1 cmd.go:639] Writing secret manifest "/etc/kubernetes/static-pod-resources/kube-controller-manager-certs/secrets/kube-controller-manager-client-cert-key/tls.key" ...
2026-01-28T09:48:13.910661493Z I0128 09:48:13.910624       1 cmd.go:277] Creating directory "/etc/kubernetes/static-pod-resources/kube-controller-manager-certs/configmaps/aggregator-client-ca" ...
2026-01-28T09:48:13.910682583Z I0128 09:48:13.910647       1 cmd.go:629] Writing config file "/etc/kubernetes/static-pod-resources/kube-controller-manager-certs/configmaps/aggregator-client-ca/ca-bundle.crt" ...
2026-01-28T09:48:13.910799556Z I0128 09:48:13.910779       1 cmd.go:277] Creating directory "/etc/kubernetes/static-pod-resources/kube-controller-manager-certs/configmaps/client-ca" ...
2026-01-28T09:48:13.910852837Z I0128 09:48:13.910825       1 cmd.go:629] Writing config file "/etc/kubernetes/static-pod-resources/kube-controller-manager-certs/configmaps/client-ca/ca-bundle.crt" ...
2026-01-28T09:48:13.911068382Z I0128 09:48:13.911023       1 cmd.go:277] Creating directory "/etc/kubernetes/static-pod-resources/kube-controller-manager-certs/configmaps/trusted-ca-bundle" ...
2026-01-28T09:48:13.911244615Z I0128 09:48:13.911224       1 cmd.go:629] Writing config file "/etc/kubernetes/static-pod-resources/kube-controller-manager-certs/configmaps/trusted-ca-bundle/ca-bundle.crt" ...
2026-01-28T09:48:13.911578763Z I0128 09:48:13.911561       1 cmd.go:335] Getting pod configmaps/kube-controller-manager-pod-7 -n openshift-kube-controller-manager
2026-01-28T09:48:14.104405692Z I0128 09:48:14.104360       1 cmd.go:351] Creating directory for static pod manifest "/etc/kubernetes/manifests" ...
2026-01-28T09:48:14.104454443Z I0128 09:48:14.104392       1 cmd.go:379] Writing a pod under "kube-controller-manager-pod.yaml" key 
2026-01-28T09:48:14.104454443Z {"kind":"Pod","apiVersion":"v1","metadata":{"name":"kube-controller-manager","namespace":"openshift-kube-controller-manager","creationTimestamp":null,"labels":{"app":"kube-controller-manager","kube-controller-manager":"true","revision":"7"},"annotations":{"kubectl.kubernetes.io/default-container":"kube-controller-manager","target.workload.openshift.io/management":"{\"effect\": \"PreferredDuringScheduling\"}"}},"spec":{"volumes":[{"name":"resource-dir","hostPath":{"path":"/etc/kubernetes/static-pod-resources/kube-controller-manager-pod-7"}},{"name":"cert-dir","hostPath":{"path":"/etc/kubernetes/static-pod-resources/kube-controller-manager-certs"}},{"name":"tmp-dir","emptyDir":{}},{"name":"ca-trust-dir","emptyDir":{}},{"name":"var-run-kubernetes","emptyDir":{}},{"name":"kubelet-plugins","emptyDir":{}}],"containers":[{"name":"kube-controller-manager","image":"registry.build11.ci.openshift.org/ci-ln-vjb5l1t/stable@sha256:fb1529a27e685fb1b5b13a5d1e935a27c9b9591e884ec8f6c22025208ec02596","command":["/bin/bash","-euxo","pipefail","-c"],"args":["timeout 3m /bin/bash -exuo pipefail -c 'while [ -n \"$(ss -Htanop \\( sport = 10257 \\))\" ]; do sleep 1; done'\n\nif [ -f /etc/kubernetes/static-pod-certs/configmaps/trusted-ca-bundle/ca-bundle.crt ]; then\n  echo \"Copying system trust bundle\"\n  cp -f /etc/kubernetes/static-pod-certs/configmaps/trusted-ca-bundle/ca-bundle.crt /etc/pki/ca-trust/extracted/pem/tls-ca-bundle.pem\nfi\n\nif [ -f /etc/kubernetes/static-pod-resources/configmaps/cloud-config/ca-bundle.pem ]; then\n  echo \"Setting custom CA bundle for cloud provider\"\n  export AWS_CA_BUNDLE=/etc/kubernetes/static-pod-resources/configmaps/cloud-config/ca-bundle.pem\nfi\n\nexec hyperkube kube-controller-manager --openshift-config=/etc/kubernetes/static-pod-resources/configmaps/config/config.yaml \\\n  --kubeconfig=/etc/kubernetes/static-pod-resources/configmaps/controller-manager-kubeconfig/kubeconfig \\\n  --authentication-kubeconfig=/etc/kubernetes/static-pod-resources/configmaps/controller-manager-kubeconfig/kubeconfig \\\n  --authorization-kubeconfig=/etc/kubernetes/static-pod-resources/configmaps/controller-manager-kubeconfig/kubeconfig \\\n  --client-ca-file=/etc/kubernetes/static-pod-certs/configmaps/client-ca/ca-bundle.crt \\\n  --requestheader-client-ca-file=/etc/kubernetes/static-pod-certs/configmaps/aggregator-client-ca/ca-bundle.crt -v=2 --tls-cert-file=/etc/kubernetes/static-pod-resources/secrets/serving-cert/tls.crt --tls-private-key-file=/etc/kubernetes/static-pod-resources/secrets/serving-cert/tls.key --allocate-node-cidrs=false --cert-dir=/var/run/kubernetes --cloud-provider=external --cluster-cidr=10.128.0.0/14 --cluster-name=ci-ln-vjb5l1t-76ef8-snmcd --cluster-signing-cert-file=/etc/kubernetes/static-pod-certs/secrets/csr-signer/tls.crt --cluster-signing-duration=720h --cluster-signing-key-file=/etc/kubernetes/static-pod-certs/secrets/csr-signer/tls.key --controllers=* --controllers=-bootstrapsigner --controllers=-tokencleaner --controllers=-ttl --controllers=selinux-warning-controller --enable-dynamic-provisioning=true --feature-gates=AWSClusterHostedDNS=false --feature-gates=AWSClusterHostedDNSInstall=false --feature-gates=AWSDedicatedHosts=false --feature-gates=AWSServiceLBNetworkSecurityGroup=false --feature-gates=AdditionalRoutingCapabilities=true --feature-gates=AdminNetworkPolicy=true --feature-gates=AlibabaPlatform=true --feature-gates=AutomatedEtcdBackup=false --feature-gates=AzureClusterHostedDNSInstall=false --feature-gates=AzureDedicatedHosts=false --feature-gates=AzureMultiDisk=false --feature-gates=AzureWorkloadIdentity=true --feature-gates=BootImageSkewEnforcement=false --feature-gates=BootcNodeManagement=false --feature-gates=BuildCSIVolumes=true --feature-gates=CPMSMachineNamePrefix=true --feature-gates=ClusterAPIInstall=false --feature-gates=ClusterAPIInstallIBMCloud=false --feature-gates=ClusterMonitoringConfig=false --feature-gates=ClusterVersionOperatorConfiguration=false --feature-gates=ConsolePluginContentSecurityPolicy=true --feature-gates=DNSNameResolver=false --feature-gates=DualReplica=false --feature-gates=DyanmicServiceEndpointIBMCloud=false --feature-gates=DynamicResourceAllocation=false --feature-gates=EtcdBackendQuota=false --feature-gates=EventedPLEG=false --feature-gates=Example2=false --feature-gates=Example=false --feature-gates=ExternalOIDC=true --feature-gates=ExternalOIDCWithUIDAndExtraClaimMappings=true --feature-gates=ExternalSnapshotMetadata=false --feature-gates=GCPClusterHostedDNS=false --feature-gates=GCPClusterHostedDNSInstall=false --feature-gates=GCPCustomAPIEndpoints=false --feature-gates=GCPCustomAPIEndpointsInstall=false --feature-gates=GatewayAPI=true --feature-gates=GatewayAPIController=true --feature-gates=HighlyAvailableArbiter=true --feature-gates=ImageModeStatusReporting=false --feature-gates=ImageStreamImportMode=false --feature-gates=ImageVolume=true --feature-gates=IngressControllerDynamicConfigurationManager=false --feature-gates=IngressControllerLBSubnetsAWS=true --feature-gates=InsightsConfig=false --feature-gates=InsightsConfigAPI=false --feature-gates=InsightsOnDemandDataGather=false --feature-gates=IrreconcilableMachineConfig=false --feature-gates=KMSEncryptionProvider=false --feature-gates=KMSv1=true --feature-gates=MachineAPIMigration=false --feature-gates=MachineAPIOperatorDisableMachineHealthCheckController=false --feature-gates=MachineConfigNodes=true --feature-gates=ManagedBootImages=true --feature-gates=ManagedBootImagesAWS=true --feature-gates=ManagedBootImagesAzure=false --feature-gates=ManagedBootImagesvSphere=false --feature-gates=MaxUnavailableStatefulSet=false --feature-gates=MetricsCollectionProfiles=true --feature-gates=MinimumKubeletVersion=false --feature-gates=MixedCPUsAllocation=false --feature-gates=MultiArchInstallAzure=false --feature-gates=MultiDiskSetup=false --feature-gates=MutatingAdmissionPolicy=false --feature-gates=NetworkDiagnosticsConfig=true --feature-gates=NetworkLiveMigration=true --feature-gates=NetworkSegmentation=true --feature-gates=NewOLM=true --feature-gates=NewOLMCatalogdAPIV1Metas=false --feature-gates=NewOLMOwnSingleNamespace=false --feature-gates=NewOLMPreflightPermissionChecks=false --feature-gates=NewOLMWebhookProviderOpenshiftServiceCA=false --feature-gates=NoRegistryClusterOperations=false --feature-gates=NodeSwap=false --feature-gates=NutanixMultiSubnets=false --feature-gates=OVNObservability=false --feature-gates=OpenShiftPodSecurityAdmission=false --feature-gates=PinnedImages=true --feature-gates=PreconfiguredUDNAddresses=true --feature-gates=ProcMountType=true --feature-gates=RouteAdvertisements=true --feature-gates=RouteExternalCertificate=true --feature-gates=SELinuxMount=false --feature-gates=ServiceAccountTokenNodeBinding=true --feature-gates=SetEIPForNLBIngressController=true --feature-gates=ShortCertRotation=false --feature-gates=SignatureStores=false --feature-gates=SigstoreImageVerification=true --feature-gates=SigstoreImageVerificationPKI=false --feature-gates=StoragePerformantSecurityPolicy=true --feature-gates=TranslateStreamCloseWebsocketRequests=false --feature-gates=UpgradeStatus=true --feature-gates=UserNamespacesPodSecurityStandards=true --feature-gates=UserNamespacesSupport=true --feature-gates=VSphereConfigurableMaxAllowedBlockVolumesPerNode=false --feature-gates=VSphereHostVMGroupZonal=false --feature-gates=VSphereMixedNodeEnv=false --feature-gates=VSphereMultiDisk=true --feature-gates=VSphereMultiNetworks=true --feature-gates=VolumeAttributesClass=false --feature-gates=VolumeGroupSnapshot=false --flex-volume-plugin-dir=/etc/kubernetes/kubelet-plugins/volume/exec --kube-api-burst=300 --kube-api-qps=150 --leader-elect-renew-deadline=12s --leader-elect-resource-lock=leases --leader-elect-retry-period=3s --leader-elect=true --pv-recycler-pod-template-filepath-hostpath=/etc/kubernetes/static-pod-resources/configmaps/recycler-config/recycler-pod.yaml --pv-recycler-pod-template-filepath-nfs=/etc/kubernetes/static-pod-resources/configmaps/recycler-config/recycler-pod.yaml --root-ca-file=/etc/kubernetes/static-pod-resources/configmaps/serviceaccount-ca/ca-bundle.crt --secure-port=10257 --service-account-private-key-file=/etc/kubernetes/static-pod-resources/secrets/service-account-private-key/service-account.key --service-cluster-ip-range=172.30.0.0/16 --use-service-account-credentials=true --tls-cipher-suites=TLS_AES_128_GCM_SHA256,TLS_AES_256_GCM_SHA384,TLS_CHACHA20_POLY1305_SHA256,TLS_ECDHE_ECDSA_WITH_AES_128_GCM_SHA256,TLS_ECDHE_RSA_WITH_AES_128_GCM_SHA256,TLS_ECDHE_ECDSA_WITH_AES_256_GCM_SHA384,TLS_ECDHE_RSA_WITH_AES_256_GCM_SHA384,TLS_ECDHE_ECDSA_WITH_CHACHA20_POLY1305_SHA256,TLS_ECDHE_RSA_WITH_CHACHA20_POLY1305_SHA256 --tls-min-version=VersionTLS12"],"ports":[{"containerPort":10257}],"resources":{"requests":{"cpu":"60m","memory":"200Mi"}},"volumeMounts":[{"name":"resource-dir","mountPath":"/etc/kubernetes/static-pod-resources"},{"name":"cert-dir","mountPath":"/etc/kubernetes/static-pod-certs"}],"livenessProbe":{"httpGet":{"path":"healthz","port":10257,"scheme":"HTTPS"},"initialDelaySeconds":45,"timeoutSeconds":10},"readinessProbe":{"httpGet":{"path":"healthz","port":10257,"scheme":"HTTPS"},"initialDelaySeconds":10,"timeoutSeconds":10},"startupProbe":{"httpGet":{"path":"healthz","port":10257,"scheme":"HTTPS"},"timeoutSeconds":3},"terminationMessagePolicy":"FallbackToLogsOnError","imagePullPolicy":"IfNotPresent"},{"name":"cluster-policy-controller","image":"registry.build11.ci.openshift.org/ci-ln-vjb5l1t/stable@sha256:845aa0726919c6280d01d1aa488a139444bf86198082e33f1da3ddb9d91aa3b7","command":["/bin/bash","-euxo","pipefail","-c"],"args":["timeout 3m /bin/bash -exuo pipefail -c 'while [ -n \"$(ss -Htanop \\( sport = 10357 \\))\" ]; do sleep 1; done'\n\nexec cluster-policy-controller start --config=/etc/kubernetes/static-pod-resources/configmaps/cluster-policy-controller-config/config.yaml \\\n  --kubeconfig=/etc/kubernetes/static-pod-resources/configmaps/controller-manager-kubeconfig/kubeconfig \\\n  --namespace=${POD_NAMESPACE} -v=2"],"ports":[{"containerPort":10357}],"env":[{"name":"POD_NAME","valueFrom":{"fieldRef":{"fieldPath":"metadata.name"}}},{"name":"POD_NAMESPACE","valueFrom":{"fieldRef":{"fieldPath":"metadata.namespace"}}}],"resources":{"requests":{"cpu":"10m","memory":"200Mi"}},"volumeMounts":[{"name":"resource-dir","mountPath":"/etc/kubernetes/static-pod-resources"},{"name":"cert-dir","mountPath":"/etc/kubernetes/static-pod-certs"},{"name":"tmp-dir","mountPath":"/tmp"},{"name":"ca-trust-dir","mountPath":"/etc/pki/ca-trust/extracted/pem"},{"name":"var-run-kubernetes","mountPath":"/var/run/kubernetes"}],"livenessProbe":{"httpGet":{"path":"healthz","port":10357,"host":"localhost","scheme":"HTTPS"},"initialDelaySeconds":45,"timeoutSeconds":10},"readinessProbe":{"httpGet":{"path":"healthz","port":10357,"host":"localhost","scheme":"HTTPS"},"initialDelaySeconds":10,"timeoutSeconds":10},"startupProbe":{"httpGet":{"path":"healthz","port":10357,"host":"localhost","scheme":"HTTPS"},"timeoutSeconds":3},"terminationMessagePolicy":"FallbackToLogsOnError","imagePullPolicy":"IfNotPresent","securityContext":{"readOnlyRootFilesystem":true}},{"name":"kube-controller-manager-cert-syncer","image":"registry.build11.ci.openshift.org/ci-ln-vjb5l1t/stable@sha256:f96b1808afd9f4668b6ac008696616690a796ace4bdf46e4f2d2c3b46eaafc5e","command":["cluster-kube-controller-manager-operator","cert-syncer"],"args":["--kubeconfig=/etc/kubernetes/static-pod-resources/configmaps/kube-controller-cert-syncer-kubeconfig/kubeconfig","--namespace=$(POD_NAMESPACE)","--destination-dir=/etc/kubernetes/static-pod-certs"],"env":[{"name":"POD_NAME","valueFrom":{"fieldRef":{"fieldPath":"metadata.name"}}},{"name":"POD_NAMESPACE","valueFrom":{"fieldRef":{"fieldPath":"metadata.namespace"}}}],"resources":{"requests":{"cpu":"5m","memory":"50Mi"}},"volumeMounts":[{"name":"resource-dir","mountPath":"/etc/kubernetes/static-pod-resources"},{"name":"cert-dir","mountPath":"/etc/kubernetes/static-pod-certs"},{"name":"tmp-dir","mountPath":"/tmp"},{"name":"ca-trust-dir","mountPath":"/etc/pki/ca-trust/extracted/pem"},{"name":"var-run-kubernetes","mountPath":"/var/run/kubernetes"}],"terminationMessagePolicy":"FallbackToLogsOnError","imagePullPolicy":"IfNotPresent","securityContext":{"readOnlyRootFilesystem":true}},{"name":"kube-controller-manager-recovery-controller","image":"registry.build11.ci.openshift.org/ci-ln-vjb5l1t/stable@sha256:f96b1808afd9f4668b6ac008696616690a796ace4bdf46e4f2d2c3b46eaafc5e","command":["/bin/bash","-euxo","pipefail","-c"],"args":["timeout 3m /bin/bash -exuo pipefail -c 'while [ -n \"$(ss -Htanop \\( sport = 9443 \\))\" ]; do sleep 1; done'\n\nexec cluster-kube-controller-manager-operator cert-recovery-controller --kubeconfig=/etc/kubernetes/static-pod-resources/configmaps/kube-controller-cert-syncer-kubeconfig/kubeconfig --namespace=${POD_NAMESPACE} --listen=0.0.0.0:9443 -v=2"],"env":[{"name":"POD_NAMESPACE","valueFrom":{"fieldRef":{"fieldPath":"metadata.namespace"}}},{"name":"OPERATOR_IMAGE_VERSION","value":"4.20.0-0-2026-01-28-090915-test-ci-ln-vjb5l1t-latest"}],"resources":{"requests":{"cpu":"5m","memory":"50Mi"}},"volumeMounts":[{"name":"resource-dir","mountPath":"/etc/kubernetes/static-pod-resources"},{"name":"cert-dir","mountPath":"/etc/kubernetes/static-pod-certs"},{"name":"tmp-dir","mountPath":"/tmp"},{"name":"ca-trust-dir","mountPath":"/etc/pki/ca-trust/extracted/pem"},{"name":"var-run-kubernetes","mountPath":"/var/run/kubernetes"}],"terminationMessagePolicy":"FallbackToLogsOnError","imagePullPolicy":"IfNotPresent","securityContext":{"readOnlyRootFilesystem":true}}],"hostNetwork":true,"tolerations":[{"operator":"Exists"}],"priorityClassName":"system-node-critical","priority":2000001000},"status":{}}
2026-01-28T09:48:14.114452098Z I0128 09:48:14.114393       1 cmd.go:610] Writing pod manifest "/etc/kubernetes/static-pod-resources/kube-controller-manager-pod-7/kube-controller-manager-pod.yaml" ...
2026-01-28T09:48:14.114812035Z I0128 09:48:14.114792       1 cmd.go:617] Removed existing static pod manifest "/etc/kubernetes/manifests/kube-controller-manager-pod.yaml" ...
2026-01-28T09:48:14.114866886Z I0128 09:48:14.114844       1 cmd.go:621] Writing static pod manifest "/etc/kubernetes/manifests/kube-controller-manager-pod.yaml" ...
2026-01-28T09:48:14.114866886Z {"kind":"Pod","apiVersion":"v1","metadata":{"name":"kube-controller-manager","namespace":"openshift-kube-controller-manager","creationTimestamp":null,"labels":{"app":"kube-controller-manager","kube-controller-manager":"true","revision":"7"},"annotations":{"kubectl.kubernetes.io/default-container":"kube-controller-manager","target.workload.openshift.io/management":"{\"effect\": \"PreferredDuringScheduling\"}"}},"spec":{"volumes":[{"name":"resource-dir","hostPath":{"path":"/etc/kubernetes/static-pod-resources/kube-controller-manager-pod-7"}},{"name":"cert-dir","hostPath":{"path":"/etc/kubernetes/static-pod-resources/kube-controller-manager-certs"}},{"name":"tmp-dir","emptyDir":{}},{"name":"ca-trust-dir","emptyDir":{}},{"name":"var-run-kubernetes","emptyDir":{}},{"name":"kubelet-plugins","emptyDir":{}}],"containers":[{"name":"kube-controller-manager","image":"registry.build11.ci.openshift.org/ci-ln-vjb5l1t/stable@sha256:fb1529a27e685fb1b5b13a5d1e935a27c9b9591e884ec8f6c22025208ec02596","command":["/bin/bash","-euxo","pipefail","-c"],"args":["timeout 3m /bin/bash -exuo pipefail -c 'while [ -n \"$(ss -Htanop \\( sport = 10257 \\))\" ]; do sleep 1; done'\n\nif [ -f /etc/kubernetes/static-pod-certs/configmaps/trusted-ca-bundle/ca-bundle.crt ]; then\n  echo \"Copying system trust bundle\"\n  cp -f /etc/kubernetes/static-pod-certs/configmaps/trusted-ca-bundle/ca-bundle.crt /etc/pki/ca-trust/extracted/pem/tls-ca-bundle.pem\nfi\n\nif [ -f /etc/kubernetes/static-pod-resources/configmaps/cloud-config/ca-bundle.pem ]; then\n  echo \"Setting custom CA bundle for cloud provider\"\n  export AWS_CA_BUNDLE=/etc/kubernetes/static-pod-resources/configmaps/cloud-config/ca-bundle.pem\nfi\n\nexec hyperkube kube-controller-manager --openshift-config=/etc/kubernetes/static-pod-resources/configmaps/config/config.yaml \\\n  --kubeconfig=/etc/kubernetes/static-pod-resources/configmaps/controller-manager-kubeconfig/kubeconfig \\\n  --authentication-kubeconfig=/etc/kubernetes/static-pod-resources/configmaps/controller-manager-kubeconfig/kubeconfig \\\n  --authorization-kubeconfig=/etc/kubernetes/static-pod-resources/configmaps/controller-manager-kubeconfig/kubeconfig \\\n  --client-ca-file=/etc/kubernetes/static-pod-certs/configmaps/client-ca/ca-bundle.crt \\\n  --requestheader-client-ca-file=/etc/kubernetes/static-pod-certs/configmaps/aggregator-client-ca/ca-bundle.crt -v=2 --tls-cert-file=/etc/kubernetes/static-pod-resources/secrets/serving-cert/tls.crt --tls-private-key-file=/etc/kubernetes/static-pod-resources/secrets/serving-cert/tls.key --allocate-node-cidrs=false --cert-dir=/var/run/kubernetes --cloud-provider=external --cluster-cidr=10.128.0.0/14 --cluster-name=ci-ln-vjb5l1t-76ef8-snmcd --cluster-signing-cert-file=/etc/kubernetes/static-pod-certs/secrets/csr-signer/tls.crt --cluster-signing-duration=720h --cluster-signing-key-file=/etc/kubernetes/static-pod-certs/secrets/csr-signer/tls.key --controllers=* --controllers=-bootstrapsigner --controllers=-tokencleaner --controllers=-ttl --controllers=selinux-warning-controller --enable-dynamic-provisioning=true --feature-gates=AWSClusterHostedDNS=false --feature-gates=AWSClusterHostedDNSInstall=false --feature-gates=AWSDedicatedHosts=false --feature-gates=AWSServiceLBNetworkSecurityGroup=false --feature-gates=AdditionalRoutingCapabilities=true --feature-gates=AdminNetworkPolicy=true --feature-gates=AlibabaPlatform=true --feature-gates=AutomatedEtcdBackup=false --feature-gates=AzureClusterHostedDNSInstall=false --feature-gates=AzureDedicatedHosts=false --feature-gates=AzureMultiDisk=false --feature-gates=AzureWorkloadIdentity=true --feature-gates=BootImageSkewEnforcement=false --feature-gates=BootcNodeManagement=false --feature-gates=BuildCSIVolumes=true --feature-gates=CPMSMachineNamePrefix=true --feature-gates=ClusterAPIInstall=false --feature-gates=ClusterAPIInstallIBMCloud=false --feature-gates=ClusterMonitoringConfig=false --feature-gates=ClusterVersionOperatorConfiguration=false --feature-gates=ConsolePluginContentSecurityPolicy=true --feature-gates=DNSNameResolver=false --feature-gates=DualReplica=false --feature-gates=DyanmicServiceEndpointIBMCloud=false --feature-gates=DynamicResourceAllocation=false --feature-gates=EtcdBackendQuota=false --feature-gates=EventedPLEG=false --feature-gates=Example2=false --feature-gates=Example=false --feature-gates=ExternalOIDC=true --feature-gates=ExternalOIDCWithUIDAndExtraClaimMappings=true --feature-gates=ExternalSnapshotMetadata=false --feature-gates=GCPClusterHostedDNS=false --feature-gates=GCPClusterHostedDNSInstall=false --feature-gates=GCPCustomAPIEndpoints=false --feature-gates=GCPCustomAPIEndpointsInstall=false --feature-gates=GatewayAPI=true --feature-gates=GatewayAPIController=true --feature-gates=HighlyAvailableArbiter=true --feature-gates=ImageModeStatusReporting=false --feature-gates=ImageStreamImportMode=false --feature-gates=ImageVolume=true --feature-gates=IngressControllerDynamicConfigurationManager=false --feature-gates=IngressControllerLBSubnetsAWS=true --feature-gates=InsightsConfig=false --feature-gates=InsightsConfigAPI=false --feature-gates=InsightsOnDemandDataGather=false --feature-gates=IrreconcilableMachineConfig=false --feature-gates=KMSEncryptionProvider=false --feature-gates=KMSv1=true --feature-gates=MachineAPIMigration=false --feature-gates=MachineAPIOperatorDisableMachineHealthCheckController=false --feature-gates=MachineConfigNodes=true --feature-gates=ManagedBootImages=true --feature-gates=ManagedBootImagesAWS=true --feature-gates=ManagedBootImagesAzure=false --feature-gates=ManagedBootImagesvSphere=false --feature-gates=MaxUnavailableStatefulSet=false --feature-gates=MetricsCollectionProfiles=true --feature-gates=MinimumKubeletVersion=false --feature-gates=MixedCPUsAllocation=false --feature-gates=MultiArchInstallAzure=false --feature-gates=MultiDiskSetup=false --feature-gates=MutatingAdmissionPolicy=false --feature-gates=NetworkDiagnosticsConfig=true --feature-gates=NetworkLiveMigration=true --feature-gates=NetworkSegmentation=true --feature-gates=NewOLM=true --feature-gates=NewOLMCatalogdAPIV1Metas=false --feature-gates=NewOLMOwnSingleNamespace=false --feature-gates=NewOLMPreflightPermissionChecks=false --feature-gates=NewOLMWebhookProviderOpenshiftServiceCA=false --feature-gates=NoRegistryClusterOperations=false --feature-gates=NodeSwap=false --feature-gates=NutanixMultiSubnets=false --feature-gates=OVNObservability=false --feature-gates=OpenShiftPodSecurityAdmission=false --feature-gates=PinnedImages=true --feature-gates=PreconfiguredUDNAddresses=true --feature-gates=ProcMountType=true --feature-gates=RouteAdvertisements=true --feature-gates=RouteExternalCertificate=true --feature-gates=SELinuxMount=false --feature-gates=ServiceAccountTokenNodeBinding=true --feature-gates=SetEIPForNLBIngressController=true --feature-gates=ShortCertRotation=false --feature-gates=SignatureStores=false --feature-gates=SigstoreImageVerification=true --feature-gates=SigstoreImageVerificationPKI=false --feature-gates=StoragePerformantSecurityPolicy=true --feature-gates=TranslateStreamCloseWebsocketRequests=false --feature-gates=UpgradeStatus=true --feature-gates=UserNamespacesPodSecurityStandards=true --feature-gates=UserNamespacesSupport=true --feature-gates=VSphereConfigurableMaxAllowedBlockVolumesPerNode=false --feature-gates=VSphereHostVMGroupZonal=false --feature-gates=VSphereMixedNodeEnv=false --feature-gates=VSphereMultiDisk=true --feature-gates=VSphereMultiNetworks=true --feature-gates=VolumeAttributesClass=false --feature-gates=VolumeGroupSnapshot=false --flex-volume-plugin-dir=/etc/kubernetes/kubelet-plugins/volume/exec --kube-api-burst=300 --kube-api-qps=150 --leader-elect-renew-deadline=12s --leader-elect-resource-lock=leases --leader-elect-retry-period=3s --leader-elect=true --pv-recycler-pod-template-filepath-hostpath=/etc/kubernetes/static-pod-resources/configmaps/recycler-config/recycler-pod.yaml --pv-recycler-pod-template-filepath-nfs=/etc/kubernetes/static-pod-resources/configmaps/recycler-config/recycler-pod.yaml --root-ca-file=/etc/kubernetes/static-pod-resources/configmaps/serviceaccount-ca/ca-bundle.crt --secure-port=10257 --service-account-private-key-file=/etc/kubernetes/static-pod-resources/secrets/service-account-private-key/service-account.key --service-cluster-ip-range=172.30.0.0/16 --use-service-account-credentials=true --tls-cipher-suites=TLS_AES_128_GCM_SHA256,TLS_AES_256_GCM_SHA384,TLS_CHACHA20_POLY1305_SHA256,TLS_ECDHE_ECDSA_WITH_AES_128_GCM_SHA256,TLS_ECDHE_RSA_WITH_AES_128_GCM_SHA256,TLS_ECDHE_ECDSA_WITH_AES_256_GCM_SHA384,TLS_ECDHE_RSA_WITH_AES_256_GCM_SHA384,TLS_ECDHE_ECDSA_WITH_CHACHA20_POLY1305_SHA256,TLS_ECDHE_RSA_WITH_CHACHA20_POLY1305_SHA256 --tls-min-version=VersionTLS12"],"ports":[{"containerPort":10257}],"resources":{"requests":{"cpu":"60m","memory":"200Mi"}},"volumeMounts":[{"name":"resource-dir","mountPath":"/etc/kubernetes/static-pod-resources"},{"name":"cert-dir","mountPath":"/etc/kubernetes/static-pod-certs"}],"livenessProbe":{"httpGet":{"path":"healthz","port":10257,"scheme":"HTTPS"},"initialDelaySeconds":45,"timeoutSeconds":10},"readinessProbe":{"httpGet":{"path":"healthz","port":10257,"scheme":"HTTPS"},"initialDelaySeconds":10,"timeoutSeconds":10},"startupProbe":{"httpGet":{"path":"healthz","port":10257,"scheme":"HTTPS"},"timeoutSeconds":3},"terminationMessagePolicy":"FallbackToLogsOnError","imagePullPolicy":"IfNotPresent"},{"name":"cluster-policy-controller","image":"registry.build11.ci.openshift.org/ci-ln-vjb5l1t/stable@sha256:845aa0726919c6280d01d1aa488a139444bf86198082e33f1da3ddb9d91aa3b7","command":["/bin/bash","-euxo","pipefail","-c"],"args":["timeout 3m /bin/bash -exuo pipefail -c 'while [ -n \"$(ss -Htanop \\( sport = 10357 \\))\" ]; do sleep 1; done'\n\nexec cluster-policy-controller start --config=/etc/kubernetes/static-pod-resources/configmaps/cluster-policy-controller-config/config.yaml \\\n  --kubeconfig=/etc/kubernetes/static-pod-resources/configmaps/controller-manager-kubeconfig/kubeconfig \\\n  --namespace=${POD_NAMESPACE} -v=2"],"ports":[{"containerPort":10357}],"env":[{"name":"POD_NAME","valueFrom":{"fieldRef":{"fieldPath":"metadata.name"}}},{"name":"POD_NAMESPACE","valueFrom":{"fieldRef":{"fieldPath":"metadata.namespace"}}}],"resources":{"requests":{"cpu":"10m","memory":"200Mi"}},"volumeMounts":[{"name":"resource-dir","mountPath":"/etc/kubernetes/static-pod-resources"},{"name":"cert-dir","mountPath":"/etc/kubernetes/static-pod-certs"},{"name":"tmp-dir","mountPath":"/tmp"},{"name":"ca-trust-dir","mountPath":"/etc/pki/ca-trust/extracted/pem"},{"name":"var-run-kubernetes","mountPath":"/var/run/kubernetes"}],"livenessProbe":{"httpGet":{"path":"healthz","port":10357,"host":"localhost","scheme":"HTTPS"},"initialDelaySeconds":45,"timeoutSeconds":10},"readinessProbe":{"httpGet":{"path":"healthz","port":10357,"host":"localhost","scheme":"HTTPS"},"initialDelaySeconds":10,"timeoutSeconds":10},"startupProbe":{"httpGet":{"path":"healthz","port":10357,"host":"localhost","scheme":"HTTPS"},"timeoutSeconds":3},"terminationMessagePolicy":"FallbackToLogsOnError","imagePullPolicy":"IfNotPresent","securityContext":{"readOnlyRootFilesystem":true}},{"name":"kube-controller-manager-cert-syncer","image":"registry.build11.ci.openshift.org/ci-ln-vjb5l1t/stable@sha256:f96b1808afd9f4668b6ac008696616690a796ace4bdf46e4f2d2c3b46eaafc5e","command":["cluster-kube-controller-manager-operator","cert-syncer"],"args":["--kubeconfig=/etc/kubernetes/static-pod-resources/configmaps/kube-controller-cert-syncer-kubeconfig/kubeconfig","--namespace=$(POD_NAMESPACE)","--destination-dir=/etc/kubernetes/static-pod-certs"],"env":[{"name":"POD_NAME","valueFrom":{"fieldRef":{"fieldPath":"metadata.name"}}},{"name":"POD_NAMESPACE","valueFrom":{"fieldRef":{"fieldPath":"metadata.namespace"}}}],"resources":{"requests":{"cpu":"5m","memory":"50Mi"}},"volumeMounts":[{"name":"resource-dir","mountPath":"/etc/kubernetes/static-pod-resources"},{"name":"cert-dir","mountPath":"/etc/kubernetes/static-pod-certs"},{"name":"tmp-dir","mountPath":"/tmp"},{"name":"ca-trust-dir","mountPath":"/etc/pki/ca-trust/extracted/pem"},{"name":"var-run-kubernetes","mountPath":"/var/run/kubernetes"}],"terminationMessagePolicy":"FallbackToLogsOnError","imagePullPolicy":"IfNotPresent","securityContext":{"readOnlyRootFilesystem":true}},{"name":"kube-controller-manager-recovery-controller","image":"registry.build11.ci.openshift.org/ci-ln-vjb5l1t/stable@sha256:f96b1808afd9f4668b6ac008696616690a796ace4bdf46e4f2d2c3b46eaafc5e","command":["/bin/bash","-euxo","pipefail","-c"],"args":["timeout 3m /bin/bash -exuo pipefail -c 'while [ -n \"$(ss -Htanop \\( sport = 9443 \\))\" ]; do sleep 1; done'\n\nexec cluster-kube-controller-manager-operator cert-recovery-controller --kubeconfig=/etc/kubernetes/static-pod-resources/configmaps/kube-controller-cert-syncer-kubeconfig/kubeconfig --namespace=${POD_NAMESPACE} --listen=0.0.0.0:9443 -v=2"],"env":[{"name":"POD_NAMESPACE","valueFrom":{"fieldRef":{"fieldPath":"metadata.namespace"}}},{"name":"OPERATOR_IMAGE_VERSION","value":"4.20.0-0-2026-01-28-090915-test-ci-ln-vjb5l1t-latest"}],"resources":{"requests":{"cpu":"5m","memory":"50Mi"}},"volumeMounts":[{"name":"resource-dir","mountPath":"/etc/kubernetes/static-pod-resources"},{"name":"cert-dir","mountPath":"/etc/kubernetes/static-pod-certs"},{"name":"tmp-dir","mountPath":"/tmp"},{"name":"ca-trust-dir","mountPath":"/etc/pki/ca-trust/extracted/pem"},{"name":"var-run-kubernetes","mountPath":"/var/run/kubernetes"}],"terminationMessagePolicy":"FallbackToLogsOnError","imagePullPolicy":"IfNotPresent","securityContext":{"readOnlyRootFilesystem":true}}],"hostNetwork":true,"tolerations":[{"operator":"Exists"}],"priorityClassName":"system-node-critical","priority":2000001000},"status":{}}
