2026-01-28T09:31:55.685224583Z I0128 09:31:55.681265       1 webhook.go:104] WebhookDependenciesReady: everything ready for webhooks
2026-01-28T09:31:55.794215206Z I0128 09:31:55.762939       1 clusteroperator.go:265] "new CO status" diff="Progressing reason changed from \"\" to \"WaitingForProvisioningCR\",Available changed from False to True (\"Waiting for Provisioning CR on BareMetal Platform\")"
2026-01-28T09:31:55.798291288Z I0128 09:31:55.798255       1 provisioning_controller.go:663] "Network stack calculation" NetworkStack=1
2026-01-28T09:31:55.877784431Z I0128 09:31:55.875701       1 recorder_logging.go:44] &Event{ObjectMeta:{dummy.188edb330ae26a2e  dummy    0 0001-01-01 00:00:00 +0000 UTC <nil> <nil> map[] map[] [] [] []},InvolvedObject:ObjectReference{Kind:Pod,Namespace:dummy,Name:dummy,UID:,APIVersion:v1,ResourceVersion:,FieldPath:,},Reason:ValidatingWebhookConfigurationCreated,Message:Created ValidatingWebhookConfiguration.admissionregistration.k8s.io/cluster-baremetal-validating-webhook-configuration because it was missing,Source:EventSource{Component:,Host:,},FirstTimestamp:2026-01-28 09:31:55.875609134 +0000 UTC m=+1.429127069,LastTimestamp:2026-01-28 09:31:55.875609134 +0000 UTC m=+1.429127069,Count:1,Type:Normal,EventTime:0001-01-01 00:00:00 +0000 UTC,Series:nil,Action:,Related:nil,ReportingController:,ReportingInstance:,}
2026-01-28T09:31:55.877784431Z I0128 09:31:55.875839       1 webhook.go:186] "msg"="skip registering a mutating webhook, object does not implement admission.Defaulter or WithDefaulter wasn't called" "GVK"={"Group":"metal3.io","Version":"v1alpha1","Kind":"Provisioning"} "logger"="controller-runtime.builder"
2026-01-28T09:31:55.877784431Z I0128 09:31:55.875892       1 webhook.go:202] "msg"="Registering a validating webhook" "GVK"={"Group":"metal3.io","Version":"v1alpha1","Kind":"Provisioning"} "logger"="controller-runtime.builder" "path"="/validate-metal3-io-v1alpha1-provisioning"
2026-01-28T09:31:55.877784431Z I0128 09:31:55.875969       1 server.go:183] "msg"="Registering webhook" "logger"="controller-runtime.webhook" "path"="/validate-metal3-io-v1alpha1-provisioning"
2026-01-28T09:31:55.877784431Z I0128 09:31:55.876005       1 main.go:180] starting manager
2026-01-28T09:31:55.877784431Z I0128 09:31:55.877342       1 server.go:208] "msg"="Starting metrics server" "logger"="controller-runtime.metrics"
2026-01-28T09:31:55.877784431Z I0128 09:31:55.877655       1 server.go:247] "msg"="Serving metrics server" "bindAddress"=":8080" "logger"="controller-runtime.metrics" "secure"=false
2026-01-28T09:31:55.887930413Z I0128 09:31:55.877918       1 server.go:191] "msg"="Starting webhook server" "logger"="controller-runtime.webhook"
2026-01-28T09:31:55.922097194Z I0128 09:31:55.922053       1 certwatcher.go:211] "msg"="Updated current TLS certificate" "logger"="controller-runtime.certwatcher"
2026-01-28T09:31:55.922299624Z I0128 09:31:55.922284       1 server.go:242] "msg"="Serving webhook server" "host"="" "logger"="controller-runtime.webhook" "port"=9443
2026-01-28T09:31:55.922525215Z I0128 09:31:55.922475       1 certwatcher.go:133] "msg"="Starting certificate poll+watcher" "interval"=10000000000 "logger"="controller-runtime.certwatcher"
2026-01-28T09:31:55.996469374Z I0128 09:31:55.996428       1 leaderelection.go:254] attempting to acquire leader lease openshift-machine-api/cluster-baremetal-operator...
2026-01-28T09:31:56.005459719Z I0128 09:31:56.005437       1 leaderelection.go:268] successfully acquired lease openshift-machine-api/cluster-baremetal-operator
2026-01-28T09:31:56.005831608Z I0128 09:31:56.005803       1 controller.go:175] "msg"="Starting EventSource" "controller"="provisioning" "controllerGroup"="metal3.io" "controllerKind"="Provisioning" "source"="kind source: *v1alpha1.Provisioning"
2026-01-28T09:31:56.005875110Z I0128 09:31:56.005864       1 controller.go:175] "msg"="Starting EventSource" "controller"="provisioning" "controllerGroup"="metal3.io" "controllerKind"="Provisioning" "source"="kind source: *v1.Secret"
2026-01-28T09:31:56.005942003Z I0128 09:31:56.005931       1 controller.go:175] "msg"="Starting EventSource" "controller"="provisioning" "controllerGroup"="metal3.io" "controllerKind"="Provisioning" "source"="kind source: *v1.Deployment"
2026-01-28T09:31:56.005973924Z I0128 09:31:56.005965       1 controller.go:175] "msg"="Starting EventSource" "controller"="provisioning" "controllerGroup"="metal3.io" "controllerKind"="Provisioning" "source"="kind source: *v1.Service"
2026-01-28T09:31:56.006110261Z I0128 09:31:56.006098       1 controller.go:175] "msg"="Starting EventSource" "controller"="provisioning" "controllerGroup"="metal3.io" "controllerKind"="Provisioning" "source"="kind source: *v1.DaemonSet"
2026-01-28T09:31:56.015095966Z I0128 09:31:56.015073       1 controller.go:175] "msg"="Starting EventSource" "controller"="provisioning" "controllerGroup"="metal3.io" "controllerKind"="Provisioning" "source"="kind source: *v1.ClusterOperator"
2026-01-28T09:31:56.015189080Z I0128 09:31:56.015176       1 controller.go:175] "msg"="Starting EventSource" "controller"="provisioning" "controllerGroup"="metal3.io" "controllerKind"="Provisioning" "source"="kind source: *v1.Proxy"
2026-01-28T09:31:56.015262024Z I0128 09:31:56.015249       1 controller.go:175] "msg"="Starting EventSource" "controller"="provisioning" "controllerGroup"="metal3.io" "controllerKind"="Provisioning" "source"="kind source: *v1.Secret"
2026-01-28T09:31:56.016281294Z I0128 09:31:56.016264       1 controller.go:183] "msg"="Starting Controller" "controller"="provisioning" "controllerGroup"="metal3.io" "controllerKind"="Provisioning"
2026-01-28T09:31:56.293577626Z I0128 09:31:56.293537       1 controller.go:217] "msg"="Starting workers" "controller"="provisioning" "controllerGroup"="metal3.io" "controllerKind"="Provisioning" "worker count"=1
