2026-01-28T09:46:44.378289760Z W0128 09:46:44.377322       1 cmd.go:257] Using insecure, self-signed certificates
2026-01-28T09:46:44.378289760Z I0128 09:46:44.377534       1 crypto.go:594] Generating new CA for check-endpoints-signer@1769593604 cert, and key in /tmp/serving-cert-1656538240/serving-signer.crt, /tmp/serving-cert-1656538240/serving-signer.key
2026-01-28T09:46:44.378289760Z Validity period of the certificate for "check-endpoints-signer@1769593604" is unset, resetting to 43800h0m0s!
2026-01-28T09:46:45.806857696Z I0128 09:46:45.806819       1 envvar.go:172] "Feature gate default state" feature="ClientsPreferCBOR" enabled=false
2026-01-28T09:46:45.807380518Z I0128 09:46:45.807357       1 envvar.go:172] "Feature gate default state" feature="InformerResourceVersion" enabled=false
2026-01-28T09:46:45.807446000Z I0128 09:46:45.807433       1 envvar.go:172] "Feature gate default state" feature="InOrderInformers" enabled=true
2026-01-28T09:46:45.807493851Z I0128 09:46:45.807483       1 envvar.go:172] "Feature gate default state" feature="WatchListClient" enabled=false
2026-01-28T09:46:45.807538752Z I0128 09:46:45.807528       1 envvar.go:172] "Feature gate default state" feature="ClientsAllowCBOR" enabled=false
2026-01-28T09:46:45.808147475Z I0128 09:46:45.806946       1 observer_polling.go:159] Starting file observer
2026-01-28T09:46:45.824752686Z I0128 09:46:45.824713       1 builder.go:304] check-endpoints version 4.20.0-202601161812.p2.g974542a.assembly.stream.el9-974542a-974542ae2ef86a631546b3a48fd0da3c2e3b74dd
2026-01-28T09:46:45.825697637Z I0128 09:46:45.825660       1 dynamic_serving_content.go:116] "Loaded a new cert/key pair" name="serving-cert::/tmp/serving-cert-1656538240/tls.crt::/tmp/serving-cert-1656538240/tls.key"
2026-01-28T09:46:46.162281180Z I0128 09:46:46.162239       1 requestheader_controller.go:255] Loaded a new request header values for RequestHeaderAuthRequestController
2026-01-28T09:46:46.163868485Z I0128 09:46:46.163835       1 maxinflight.go:139] "Initialized nonMutatingChan" len=400
2026-01-28T09:46:46.163868485Z I0128 09:46:46.163852       1 maxinflight.go:145] "Initialized mutatingChan" len=200
2026-01-28T09:46:46.163894446Z I0128 09:46:46.163881       1 maxinflight.go:116] "Set denominator for readonly requests" limit=400
2026-01-28T09:46:46.163894446Z I0128 09:46:46.163889       1 maxinflight.go:120] "Set denominator for mutating requests" limit=200
2026-01-28T09:46:46.166484554Z I0128 09:46:46.166461       1 secure_serving.go:57] Forcing use of http/1.1 only
2026-01-28T09:46:46.166537885Z W0128 09:46:46.166516       1 secure_serving.go:69] Use of insecure cipher 'TLS_ECDHE_ECDSA_WITH_AES_128_CBC_SHA256' detected.
2026-01-28T09:46:46.166537885Z W0128 09:46:46.166529       1 secure_serving.go:69] Use of insecure cipher 'TLS_ECDHE_RSA_WITH_AES_128_CBC_SHA256' detected.
2026-01-28T09:46:46.166550575Z W0128 09:46:46.166537       1 secure_serving.go:69] Use of insecure cipher 'TLS_RSA_WITH_AES_128_GCM_SHA256' detected.
2026-01-28T09:46:46.166550575Z W0128 09:46:46.166541       1 secure_serving.go:69] Use of insecure cipher 'TLS_RSA_WITH_AES_256_GCM_SHA384' detected.
2026-01-28T09:46:46.166597996Z W0128 09:46:46.166545       1 secure_serving.go:69] Use of insecure cipher 'TLS_RSA_WITH_AES_128_CBC_SHA' detected.
2026-01-28T09:46:46.166627957Z W0128 09:46:46.166617       1 secure_serving.go:69] Use of insecure cipher 'TLS_RSA_WITH_AES_256_CBC_SHA' detected.
2026-01-28T09:46:46.166748740Z I0128 09:46:46.166473       1 genericapiserver.go:546] MuxAndDiscoveryComplete has all endpoints registered and discovery information is complete
2026-01-28T09:46:46.170313489Z I0128 09:46:46.170291       1 requestheader_controller.go:180] Starting RequestHeaderAuthRequestController
2026-01-28T09:46:46.170375410Z I0128 09:46:46.170352       1 configmap_cafile_content.go:205] "Starting controller" name="client-ca::kube-system::extension-apiserver-authentication::client-ca-file"
2026-01-28T09:46:46.170436652Z I0128 09:46:46.170418       1 shared_informer.go:350] "Waiting for caches to sync" controller="RequestHeaderAuthRequestController"
2026-01-28T09:46:46.170477453Z I0128 09:46:46.170333       1 configmap_cafile_content.go:205] "Starting controller" name="client-ca::kube-system::extension-apiserver-authentication::requestheader-client-ca-file"
2026-01-28T09:46:46.170511433Z I0128 09:46:46.170498       1 shared_informer.go:350] "Waiting for caches to sync" controller="client-ca::kube-system::extension-apiserver-authentication::requestheader-client-ca-file"
2026-01-28T09:46:46.170635306Z I0128 09:46:46.170430       1 shared_informer.go:350] "Waiting for caches to sync" controller="client-ca::kube-system::extension-apiserver-authentication::client-ca-file"
2026-01-28T09:46:46.170713428Z I0128 09:46:46.170691       1 tlsconfig.go:203] "Loaded serving cert" certName="serving-cert::/tmp/serving-cert-1656538240/tls.crt::/tmp/serving-cert-1656538240/tls.key" certDetail="\"localhost\" [serving] validServingFor=[localhost] issuer=\"check-endpoints-signer@1769593604\" (2026-01-28 09:46:44 +0000 UTC to 2026-01-28 09:46:45 +0000 UTC (now=2026-01-28 09:46:46.170642066 +0000 UTC))"
2026-01-28T09:46:46.171008704Z I0128 09:46:46.170744       1 dynamic_serving_content.go:135] "Starting controller" name="serving-cert::/tmp/serving-cert-1656538240/tls.crt::/tmp/serving-cert-1656538240/tls.key"
2026-01-28T09:46:46.171593657Z I0128 09:46:46.171557       1 named_certificates.go:53] "Loaded SNI cert" index=0 certName="self-signed loopback" certDetail="\"apiserver-loopback-client@1769593606\" [serving] validServingFor=[apiserver-loopback-client] issuer=\"apiserver-loopback-client-ca@1769593606\" (2026-01-28 08:46:45 +0000 UTC to 2029-01-28 08:46:45 +0000 UTC (now=2026-01-28 09:46:46.171534436 +0000 UTC))"
2026-01-28T09:46:46.171593657Z I0128 09:46:46.171583       1 secure_serving.go:211] Serving securely on [::]:17697
2026-01-28T09:46:46.171615588Z I0128 09:46:46.171603       1 genericapiserver.go:696] [graceful-termination] waiting for shutdown to be initiated
2026-01-28T09:46:46.171626168Z I0128 09:46:46.171618       1 tlsconfig.go:243] "Starting DynamicServingCertificateController"
2026-01-28T09:46:46.172773204Z I0128 09:46:46.172054       1 reflector.go:430] "Caches populated" type="*v1.ConfigMap" reflector="k8s.io/client-go@v0.33.2/tools/cache/reflector.go:285"
2026-01-28T09:46:46.172773204Z I0128 09:46:46.172376       1 reflector.go:430] "Caches populated" type="*v1.ConfigMap" reflector="k8s.io/client-go@v0.33.2/tools/cache/reflector.go:285"
2026-01-28T09:46:46.172773204Z I0128 09:46:46.172636       1 reflector.go:430] "Caches populated" type="*v1.ConfigMap" reflector="k8s.io/client-go@v0.33.2/tools/cache/reflector.go:285"
2026-01-28T09:46:46.174207056Z I0128 09:46:46.174187       1 base_controller.go:76] Waiting for caches to sync for CheckEndpointsTimeToStart
2026-01-28T09:46:46.274289660Z I0128 09:46:46.274230       1 shared_informer.go:357] "Caches are synced" controller="client-ca::kube-system::extension-apiserver-authentication::client-ca-file"
2026-01-28T09:46:46.274444233Z I0128 09:46:46.274426       1 shared_informer.go:357] "Caches are synced" controller="RequestHeaderAuthRequestController"
2026-01-28T09:46:46.274584067Z I0128 09:46:46.274567       1 shared_informer.go:357] "Caches are synced" controller="client-ca::kube-system::extension-apiserver-authentication::requestheader-client-ca-file"
2026-01-28T09:46:46.274967495Z I0128 09:46:46.274949       1 tlsconfig.go:181] "Loaded client CA" index=0 certName="client-ca::kube-system::extension-apiserver-authentication::client-ca-file,client-ca::kube-system::extension-apiserver-authentication::requestheader-client-ca-file" certDetail="\"admin-kubeconfig-signer\" [] issuer=\"<self>\" (2026-01-28 09:13:02 +0000 UTC to 2036-01-26 09:13:02 +0000 UTC (now=2026-01-28 09:46:46.274922174 +0000 UTC))"
2026-01-28T09:46:46.275038846Z I0128 09:46:46.275024       1 tlsconfig.go:181] "Loaded client CA" index=1 certName="client-ca::kube-system::extension-apiserver-authentication::client-ca-file,client-ca::kube-system::extension-apiserver-authentication::requestheader-client-ca-file" certDetail="\"kubelet-signer\" [] issuer=\"<self>\" (2026-01-28 09:13:06 +0000 UTC to 2026-01-29 09:13:06 +0000 UTC (now=2026-01-28 09:46:46.275008156 +0000 UTC))"
2026-01-28T09:46:46.275145549Z I0128 09:46:46.275130       1 tlsconfig.go:181] "Loaded client CA" index=2 certName="client-ca::kube-system::extension-apiserver-authentication::client-ca-file,client-ca::kube-system::extension-apiserver-authentication::requestheader-client-ca-file" certDetail="\"kube-control-plane-signer\" [] issuer=\"<self>\" (2026-01-28 09:13:06 +0000 UTC to 2027-01-28 09:13:06 +0000 UTC (now=2026-01-28 09:46:46.275057417 +0000 UTC))"
2026-01-28T09:46:46.275215801Z I0128 09:46:46.275202       1 tlsconfig.go:181] "Loaded client CA" index=3 certName="client-ca::kube-system::extension-apiserver-authentication::client-ca-file,client-ca::kube-system::extension-apiserver-authentication::requestheader-client-ca-file" certDetail="\"kube-apiserver-to-kubelet-signer\" [] issuer=\"<self>\" (2026-01-28 09:13:07 +0000 UTC to 2027-01-28 09:13:07 +0000 UTC (now=2026-01-28 09:46:46.27518736 +0000 UTC))"
2026-01-28T09:46:46.275286252Z I0128 09:46:46.275273       1 tlsconfig.go:181] "Loaded client CA" index=4 certName="client-ca::kube-system::extension-apiserver-authentication::client-ca-file,client-ca::kube-system::extension-apiserver-authentication::requestheader-client-ca-file" certDetail="\"kubelet-bootstrap-kubeconfig-signer\" [] issuer=\"<self>\" (2026-01-28 09:13:03 +0000 UTC to 2036-01-26 09:13:03 +0000 UTC (now=2026-01-28 09:46:46.275233851 +0000 UTC))"
2026-01-28T09:46:46.275329443Z I0128 09:46:46.275317       1 tlsconfig.go:181] "Loaded client CA" index=5 certName="client-ca::kube-system::extension-apiserver-authentication::client-ca-file,client-ca::kube-system::extension-apiserver-authentication::requestheader-client-ca-file" certDetail="\"kube-csr-signer_@1769592636\" [] issuer=\"kubelet-signer\" (2026-01-28 09:30:35 +0000 UTC to 2026-01-29 09:13:06 +0000 UTC (now=2026-01-28 09:46:46.275304463 +0000 UTC))"
2026-01-28T09:46:46.275392885Z I0128 09:46:46.275378       1 tlsconfig.go:181] "Loaded client CA" index=6 certName="client-ca::kube-system::extension-apiserver-authentication::client-ca-file,client-ca::kube-system::extension-apiserver-authentication::requestheader-client-ca-file" certDetail="\"openshift-kube-apiserver-operator_node-system-admin-signer@1769592635\" [] issuer=\"<self>\" (2026-01-28 09:30:35 +0000 UTC to 2029-01-27 09:30:36 +0000 UTC (now=2026-01-28 09:46:46.275364854 +0000 UTC))"
2026-01-28T09:46:46.275717772Z I0128 09:46:46.275702       1 tlsconfig.go:203] "Loaded serving cert" certName="serving-cert::/tmp/serving-cert-1656538240/tls.crt::/tmp/serving-cert-1656538240/tls.key" certDetail="\"localhost\" [serving] validServingFor=[localhost] issuer=\"check-endpoints-signer@1769593604\" (2026-01-28 09:46:44 +0000 UTC to 2026-01-28 09:46:45 +0000 UTC (now=2026-01-28 09:46:46.27566754 +0000 UTC))"
2026-01-28T09:46:46.276029669Z I0128 09:46:46.276003       1 named_certificates.go:53] "Loaded SNI cert" index=0 certName="self-signed loopback" certDetail="\"apiserver-loopback-client@1769593606\" [serving] validServingFor=[apiserver-loopback-client] issuer=\"apiserver-loopback-client-ca@1769593606\" (2026-01-28 08:46:45 +0000 UTC to 2029-01-28 08:46:45 +0000 UTC (now=2026-01-28 09:46:46.275986148 +0000 UTC))"
2026-01-28T09:46:46.276328745Z I0128 09:46:46.276312       1 tlsconfig.go:181] "Loaded client CA" index=0 certName="client-ca::kube-system::extension-apiserver-authentication::client-ca-file,client-ca::kube-system::extension-apiserver-authentication::requestheader-client-ca-file" certDetail="\"admin-kubeconfig-signer\" [] issuer=\"<self>\" (2026-01-28 09:13:02 +0000 UTC to 2036-01-26 09:13:02 +0000 UTC (now=2026-01-28 09:46:46.276295635 +0000 UTC))"
2026-01-28T09:46:46.276410307Z I0128 09:46:46.276396       1 tlsconfig.go:181] "Loaded client CA" index=1 certName="client-ca::kube-system::extension-apiserver-authentication::client-ca-file,client-ca::kube-system::extension-apiserver-authentication::requestheader-client-ca-file" certDetail="\"kubelet-signer\" [] issuer=\"<self>\" (2026-01-28 09:13:06 +0000 UTC to 2026-01-29 09:13:06 +0000 UTC (now=2026-01-28 09:46:46.276381867 +0000 UTC))"
2026-01-28T09:46:46.276471969Z I0128 09:46:46.276441       1 tlsconfig.go:181] "Loaded client CA" index=2 certName="client-ca::kube-system::extension-apiserver-authentication::client-ca-file,client-ca::kube-system::extension-apiserver-authentication::requestheader-client-ca-file" certDetail="\"kube-control-plane-signer\" [] issuer=\"<self>\" (2026-01-28 09:13:06 +0000 UTC to 2027-01-28 09:13:06 +0000 UTC (now=2026-01-28 09:46:46.276428738 +0000 UTC))"
2026-01-28T09:46:46.276518910Z I0128 09:46:46.276506       1 tlsconfig.go:181] "Loaded client CA" index=3 certName="client-ca::kube-system::extension-apiserver-authentication::client-ca-file,client-ca::kube-system::extension-apiserver-authentication::requestheader-client-ca-file" certDetail="\"kube-apiserver-to-kubelet-signer\" [] issuer=\"<self>\" (2026-01-28 09:13:07 +0000 UTC to 2027-01-28 09:13:07 +0000 UTC (now=2026-01-28 09:46:46.276490299 +0000 UTC))"
2026-01-28T09:46:46.276596641Z I0128 09:46:46.276566       1 tlsconfig.go:181] "Loaded client CA" index=4 certName="client-ca::kube-system::extension-apiserver-authentication::client-ca-file,client-ca::kube-system::extension-apiserver-authentication::requestheader-client-ca-file" certDetail="\"kubelet-bootstrap-kubeconfig-signer\" [] issuer=\"<self>\" (2026-01-28 09:13:03 +0000 UTC to 2036-01-26 09:13:03 +0000 UTC (now=2026-01-28 09:46:46.27655327 +0000 UTC))"
2026-01-28T09:46:46.276663943Z I0128 09:46:46.276649       1 tlsconfig.go:181] "Loaded client CA" index=5 certName="client-ca::kube-system::extension-apiserver-authentication::client-ca-file,client-ca::kube-system::extension-apiserver-authentication::requestheader-client-ca-file" certDetail="\"kube-csr-signer_@1769592636\" [] issuer=\"kubelet-signer\" (2026-01-28 09:30:35 +0000 UTC to 2026-01-29 09:13:06 +0000 UTC (now=2026-01-28 09:46:46.276635612 +0000 UTC))"
2026-01-28T09:46:46.276721174Z I0128 09:46:46.276697       1 tlsconfig.go:181] "Loaded client CA" index=6 certName="client-ca::kube-system::extension-apiserver-authentication::client-ca-file,client-ca::kube-system::extension-apiserver-authentication::requestheader-client-ca-file" certDetail="\"openshift-kube-apiserver-operator_node-system-admin-signer@1769592635\" [] issuer=\"<self>\" (2026-01-28 09:30:35 +0000 UTC to 2029-01-27 09:30:36 +0000 UTC (now=2026-01-28 09:46:46.276681773 +0000 UTC))"
2026-01-28T09:46:46.276772015Z I0128 09:46:46.276759       1 tlsconfig.go:181] "Loaded client CA" index=7 certName="client-ca::kube-system::extension-apiserver-authentication::client-ca-file,client-ca::kube-system::extension-apiserver-authentication::requestheader-client-ca-file" certDetail="\"aggregator-signer\" [] issuer=\"<self>\" (2026-01-28 09:13:04 +0000 UTC to 2026-01-29 09:13:04 +0000 UTC (now=2026-01-28 09:46:46.276746145 +0000 UTC))"
2026-01-28T09:46:46.277235806Z I0128 09:46:46.277191       1 tlsconfig.go:203] "Loaded serving cert" certName="serving-cert::/tmp/serving-cert-1656538240/tls.crt::/tmp/serving-cert-1656538240/tls.key" certDetail="\"localhost\" [serving] validServingFor=[localhost] issuer=\"check-endpoints-signer@1769593604\" (2026-01-28 09:46:44 +0000 UTC to 2026-01-28 09:46:45 +0000 UTC (now=2026-01-28 09:46:46.277174014 +0000 UTC))"
2026-01-28T09:46:46.277516142Z I0128 09:46:46.277502       1 named_certificates.go:53] "Loaded SNI cert" index=0 certName="self-signed loopback" certDetail="\"apiserver-loopback-client@1769593606\" [serving] validServingFor=[apiserver-loopback-client] issuer=\"apiserver-loopback-client-ca@1769593606\" (2026-01-28 08:46:45 +0000 UTC to 2029-01-28 08:46:45 +0000 UTC (now=2026-01-28 09:46:46.277487041 +0000 UTC))"
2026-01-28T09:46:46.583549273Z I0128 09:46:46.583482       1 reflector.go:430] "Caches populated" type="*v1.CustomResourceDefinition" reflector="k8s.io/client-go@v0.33.2/tools/cache/reflector.go:285"
2026-01-28T09:46:46.676797484Z I0128 09:46:46.676678       1 base_controller.go:82] Caches are synced for CheckEndpointsTimeToStart 
2026-01-28T09:46:46.676797484Z I0128 09:46:46.676702       1 base_controller.go:119] Starting #1 worker of CheckEndpointsTimeToStart controller ...
