2026-01-28T09:40:51.205862360Z I0128 09:40:51.205749       1 base_controller.go:76] Waiting for caches to sync for CertSyncController
2026-01-28T09:40:51.206046954Z I0128 09:40:51.206025       1 observer_polling.go:159] Starting file observer
2026-01-28T09:40:51.306628115Z I0128 09:40:51.306585       1 base_controller.go:82] Caches are synced for CertSyncController 
2026-01-28T09:40:51.306697407Z I0128 09:40:51.306681       1 base_controller.go:119] Starting #1 worker of CertSyncController controller ...
2026-01-28T09:40:51.306795389Z I0128 09:40:51.306781       1 certsync_controller.go:74] Syncing configmaps: []
2026-01-28T09:40:51.306833990Z I0128 09:40:51.306816       1 certsync_controller.go:178] Syncing secrets: [{kube-scheduler-client-cert-key false}]
2026-01-28T09:44:33.206114929Z I0128 09:44:33.206051       1 certsync_controller.go:74] Syncing configmaps: []
2026-01-28T09:44:33.206114929Z I0128 09:44:33.206077       1 certsync_controller.go:178] Syncing secrets: [{kube-scheduler-client-cert-key false}]
2026-01-28T09:44:33.207128227Z I0128 09:44:33.207079       1 certsync_controller.go:74] Syncing configmaps: []
2026-01-28T09:44:33.207128227Z I0128 09:44:33.207114       1 certsync_controller.go:178] Syncing secrets: [{kube-scheduler-client-cert-key false}]
2026-01-28T09:44:38.051851467Z I0128 09:44:38.051803       1 certsync_controller.go:74] Syncing configmaps: []
2026-01-28T09:44:38.051851467Z I0128 09:44:38.051825       1 certsync_controller.go:178] Syncing secrets: [{kube-scheduler-client-cert-key false}]
2026-01-28T09:44:38.051939359Z I0128 09:44:38.051923       1 certsync_controller.go:74] Syncing configmaps: []
2026-01-28T09:44:38.051939359Z I0128 09:44:38.051933       1 certsync_controller.go:178] Syncing secrets: [{kube-scheduler-client-cert-key false}]
2026-01-28T09:45:54.726246273Z I0128 09:45:54.726180       1 certsync_controller.go:74] Syncing configmaps: []
2026-01-28T09:45:54.726246273Z I0128 09:45:54.726211       1 certsync_controller.go:178] Syncing secrets: [{kube-scheduler-client-cert-key false}]
2026-01-28T09:45:54.749577758Z I0128 09:45:54.749543       1 certsync_controller.go:74] Syncing configmaps: []
2026-01-28T09:45:54.749632060Z I0128 09:45:54.749605       1 certsync_controller.go:178] Syncing secrets: [{kube-scheduler-client-cert-key false}]
2026-01-28T09:45:54.750778905Z I0128 09:45:54.750755       1 certsync_controller.go:74] Syncing configmaps: []
2026-01-28T09:45:54.751284137Z I0128 09:45:54.751261       1 certsync_controller.go:178] Syncing secrets: [{kube-scheduler-client-cert-key false}]
2026-01-28T09:45:54.751542813Z I0128 09:45:54.751510       1 certsync_controller.go:74] Syncing configmaps: []
2026-01-28T09:45:54.751579334Z I0128 09:45:54.751529       1 certsync_controller.go:178] Syncing secrets: [{kube-scheduler-client-cert-key false}]
2026-01-28T09:45:54.751712406Z I0128 09:45:54.751666       1 certsync_controller.go:74] Syncing configmaps: []
2026-01-28T09:45:54.751856820Z I0128 09:45:54.751840       1 certsync_controller.go:178] Syncing secrets: [{kube-scheduler-client-cert-key false}]
2026-01-28T09:45:54.761415295Z I0128 09:45:54.761382       1 certsync_controller.go:74] Syncing configmaps: []
2026-01-28T09:45:54.761415295Z I0128 09:45:54.761399       1 certsync_controller.go:178] Syncing secrets: [{kube-scheduler-client-cert-key false}]
2026-01-28T09:45:54.762492809Z I0128 09:45:54.762317       1 certsync_controller.go:74] Syncing configmaps: []
2026-01-28T09:45:54.762492809Z I0128 09:45:54.762421       1 certsync_controller.go:178] Syncing secrets: [{kube-scheduler-client-cert-key false}]
2026-01-28T09:47:10.499535513Z I0128 09:47:10.499473       1 certsync_controller.go:74] Syncing configmaps: []
2026-01-28T09:47:10.499535513Z I0128 09:47:10.499497       1 certsync_controller.go:178] Syncing secrets: [{kube-scheduler-client-cert-key false}]
2026-01-28T09:47:10.499614655Z I0128 09:47:10.499593       1 certsync_controller.go:74] Syncing configmaps: []
2026-01-28T09:47:10.499614655Z I0128 09:47:10.499600       1 certsync_controller.go:178] Syncing secrets: [{kube-scheduler-client-cert-key false}]
2026-01-28T09:47:13.004390808Z I0128 09:47:13.004337       1 certsync_controller.go:74] Syncing configmaps: []
2026-01-28T09:47:13.004390808Z I0128 09:47:13.004367       1 certsync_controller.go:178] Syncing secrets: [{kube-scheduler-client-cert-key false}]
2026-01-28T09:57:10.500416902Z I0128 09:57:10.500357       1 certsync_controller.go:74] Syncing configmaps: []
2026-01-28T09:57:10.500416902Z I0128 09:57:10.500392       1 certsync_controller.go:178] Syncing secrets: [{kube-scheduler-client-cert-key false}]
2026-01-28T09:57:13.005401722Z I0128 09:57:13.005331       1 certsync_controller.go:74] Syncing configmaps: []
2026-01-28T09:57:13.005401722Z I0128 09:57:13.005363       1 certsync_controller.go:178] Syncing secrets: [{kube-scheduler-client-cert-key false}]
2026-01-28T09:57:13.005506044Z I0128 09:57:13.005470       1 certsync_controller.go:74] Syncing configmaps: []
2026-01-28T09:57:13.005506044Z I0128 09:57:13.005482       1 certsync_controller.go:178] Syncing secrets: [{kube-scheduler-client-cert-key false}]
2026-01-28T10:07:10.500605178Z I0128 10:07:10.500532       1 certsync_controller.go:74] Syncing configmaps: []
2026-01-28T10:07:10.500605178Z I0128 10:07:10.500567       1 certsync_controller.go:178] Syncing secrets: [{kube-scheduler-client-cert-key false}]
2026-01-28T10:07:10.500730451Z I0128 10:07:10.500703       1 certsync_controller.go:74] Syncing configmaps: []
2026-01-28T10:07:10.500730451Z I0128 10:07:10.500720       1 certsync_controller.go:178] Syncing secrets: [{kube-scheduler-client-cert-key false}]
2026-01-28T10:07:13.005957011Z I0128 10:07:13.005897       1 certsync_controller.go:74] Syncing configmaps: []
2026-01-28T10:07:13.005957011Z I0128 10:07:13.005925       1 certsync_controller.go:178] Syncing secrets: [{kube-scheduler-client-cert-key false}]
2026-01-28T10:07:13.006059273Z I0128 10:07:13.006039       1 certsync_controller.go:74] Syncing configmaps: []
2026-01-28T10:07:13.006139915Z I0128 10:07:13.006081       1 certsync_controller.go:178] Syncing secrets: [{kube-scheduler-client-cert-key false}]
2026-01-28T10:07:13.006208086Z I0128 10:07:13.006173       1 certsync_controller.go:74] Syncing configmaps: []
2026-01-28T10:07:13.006208086Z I0128 10:07:13.006183       1 certsync_controller.go:178] Syncing secrets: [{kube-scheduler-client-cert-key false}]
2026-01-28T10:17:10.501358611Z I0128 10:17:10.501297       1 certsync_controller.go:74] Syncing configmaps: []
2026-01-28T10:17:10.501425523Z I0128 10:17:10.501385       1 certsync_controller.go:178] Syncing secrets: [{kube-scheduler-client-cert-key false}]
2026-01-28T10:17:10.501544645Z I0128 10:17:10.501521       1 certsync_controller.go:74] Syncing configmaps: []
2026-01-28T10:17:10.501605977Z I0128 10:17:10.501585       1 certsync_controller.go:178] Syncing secrets: [{kube-scheduler-client-cert-key false}]
2026-01-28T10:17:13.006831238Z I0128 10:17:13.006756       1 certsync_controller.go:74] Syncing configmaps: []
2026-01-28T10:17:13.006831238Z I0128 10:17:13.006791       1 certsync_controller.go:178] Syncing secrets: [{kube-scheduler-client-cert-key false}]
2026-01-28T10:17:13.006948041Z I0128 10:17:13.006920       1 certsync_controller.go:74] Syncing configmaps: []
2026-01-28T10:17:13.006948041Z I0128 10:17:13.006936       1 certsync_controller.go:178] Syncing secrets: [{kube-scheduler-client-cert-key false}]
