2026-01-28T09:31:03.004147793Z I0128 09:31:03.003979       1 cmd.go:253] Using service-serving-cert provided certificates
2026-01-28T09:31:03.004266369Z I0128 09:31:03.004128       1 leaderelection.go:121] The leader election gives 4 retries and allows for 30s of clock skew. The kube-apiserver downtime tolerance is 78s. Worst non-graceful lease acquisition is 2m43s. Worst graceful lease acquisition is {26s}.
2026-01-28T09:31:03.004895981Z I0128 09:31:03.004866       1 observer_polling.go:159] Starting file observer
2026-01-28T09:31:03.016073063Z I0128 09:31:03.016048       1 builder.go:304] config-operator version 4.20.0-202601161812.p2.g657754e.assembly.stream.el9-657754e-657754e2beaed6295ff28bb0f7813cb1c9ce35b2
2026-01-28T09:31:04.558507097Z I0128 09:31:04.558454       1 secure_serving.go:57] Forcing use of http/1.1 only
2026-01-28T09:31:04.558587621Z W0128 09:31:04.558575       1 secure_serving.go:69] Use of insecure cipher 'TLS_ECDHE_ECDSA_WITH_AES_128_CBC_SHA256' detected.
2026-01-28T09:31:04.558616062Z W0128 09:31:04.558605       1 secure_serving.go:69] Use of insecure cipher 'TLS_ECDHE_RSA_WITH_AES_128_CBC_SHA256' detected.
2026-01-28T09:31:04.558641913Z W0128 09:31:04.558632       1 secure_serving.go:69] Use of insecure cipher 'TLS_RSA_WITH_AES_128_GCM_SHA256' detected.
2026-01-28T09:31:04.558665585Z W0128 09:31:04.558656       1 secure_serving.go:69] Use of insecure cipher 'TLS_RSA_WITH_AES_256_GCM_SHA384' detected.
2026-01-28T09:31:04.558689286Z W0128 09:31:04.558679       1 secure_serving.go:69] Use of insecure cipher 'TLS_RSA_WITH_AES_128_CBC_SHA' detected.
2026-01-28T09:31:04.558713297Z W0128 09:31:04.558703       1 secure_serving.go:69] Use of insecure cipher 'TLS_RSA_WITH_AES_256_CBC_SHA' detected.
2026-01-28T09:31:04.560094065Z I0128 09:31:04.560075       1 requestheader_controller.go:180] Starting RequestHeaderAuthRequestController
2026-01-28T09:31:04.560139008Z I0128 09:31:04.560118       1 configmap_cafile_content.go:205] "Starting controller" name="client-ca::kube-system::extension-apiserver-authentication::requestheader-client-ca-file"
2026-01-28T09:31:04.560183000Z I0128 09:31:04.560171       1 shared_informer.go:350] "Waiting for caches to sync" controller="client-ca::kube-system::extension-apiserver-authentication::requestheader-client-ca-file"
2026-01-28T09:31:04.560218922Z I0128 09:31:04.560150       1 shared_informer.go:350] "Waiting for caches to sync" controller="RequestHeaderAuthRequestController"
2026-01-28T09:31:04.560366279Z I0128 09:31:04.560078       1 configmap_cafile_content.go:205] "Starting controller" name="client-ca::kube-system::extension-apiserver-authentication::client-ca-file"
2026-01-28T09:31:04.560402821Z I0128 09:31:04.560391       1 shared_informer.go:350] "Waiting for caches to sync" controller="client-ca::kube-system::extension-apiserver-authentication::client-ca-file"
2026-01-28T09:31:04.561243052Z I0128 09:31:04.561225       1 dynamic_serving_content.go:135] "Starting controller" name="serving-cert::/var/run/secrets/serving-cert/tls.crt::/var/run/secrets/serving-cert/tls.key"
2026-01-28T09:31:04.562214290Z I0128 09:31:04.562196       1 leaderelection.go:257] attempting to acquire leader lease openshift-config-operator/config-operator-lock...
2026-01-28T09:31:04.563277073Z I0128 09:31:04.563259       1 secure_serving.go:211] Serving securely on [::]:8443
2026-01-28T09:31:04.563341266Z I0128 09:31:04.563328       1 tlsconfig.go:243] "Starting DynamicServingCertificateController"
2026-01-28T09:31:04.567149854Z I0128 09:31:04.567131       1 leaderelection.go:271] successfully acquired lease openshift-config-operator/config-operator-lock
2026-01-28T09:31:04.567310082Z I0128 09:31:04.567286       1 event.go:377] Event(v1.ObjectReference{Kind:"Lease", Namespace:"openshift-config-operator", Name:"config-operator-lock", UID:"8f69d117-3ac4-46fc-9099-67a7926c2d07", APIVersion:"coordination.k8s.io/v1", ResourceVersion:"7887", FieldPath:""}): type: 'Normal' reason: 'LeaderElection' openshift-config-operator-6ddf5984bb-xrwj6_4c81db01-fadf-49cc-8f07-342ef57f7cf1 became leader
2026-01-28T09:31:04.578469104Z I0128 09:31:04.578436       1 base_controller.go:76] Waiting for caches to sync for FeatureUpgradeableController
2026-01-28T09:31:04.579370119Z I0128 09:31:04.579341       1 base_controller.go:76] Waiting for caches to sync for AWSPlatformServiceLocationController
2026-01-28T09:31:04.579431002Z I0128 09:31:04.579418       1 base_controller.go:76] Waiting for caches to sync for KubeCloudConfigController
2026-01-28T09:31:04.579480904Z I0128 09:31:04.579459       1 base_controller.go:76] Waiting for caches to sync for LoggingSyncer
2026-01-28T09:31:04.579915926Z I0128 09:31:04.579901       1 base_controller.go:76] Waiting for caches to sync for ConfigOperatorController
2026-01-28T09:31:04.579963758Z I0128 09:31:04.579953       1 base_controller.go:82] Caches are synced for ConfigOperatorController 
2026-01-28T09:31:04.579989589Z I0128 09:31:04.579980       1 base_controller.go:119] Starting #1 worker of ConfigOperatorController controller ...
2026-01-28T09:31:04.580157328Z I0128 09:31:04.580141       1 base_controller.go:76] Waiting for caches to sync for MigrationPlatformStatusController
2026-01-28T09:31:04.580221981Z I0128 09:31:04.580197       1 base_controller.go:76] Waiting for caches to sync for StaleConditionController-RemoveStaleConditions
2026-01-28T09:31:04.580275684Z I0128 09:31:04.580261       1 base_controller.go:76] Waiting for caches to sync for FeatureGateController
2026-01-28T09:31:04.580336217Z I0128 09:31:04.580308       1 base_controller.go:76] Waiting for caches to sync for LatencySensitiveRemovalController
2026-01-28T09:31:04.580372759Z I0128 09:31:04.580362       1 base_controller.go:82] Caches are synced for LatencySensitiveRemovalController 
2026-01-28T09:31:04.580397060Z I0128 09:31:04.580388       1 base_controller.go:119] Starting #1 worker of LatencySensitiveRemovalController controller ...
2026-01-28T09:31:04.580862573Z E0128 09:31:04.580844       1 base_controller.go:279] "Unhandled Error" err="ConfigOperatorController reconciliation failed: configs.operator.openshift.io \"cluster\" not found"
2026-01-28T09:31:04.581757767Z I0128 09:31:04.581733       1 event.go:377] Event(v1.ObjectReference{Kind:"Deployment", Namespace:"openshift-config-operator", Name:"openshift-config-operator", UID:"6565ce92-6951-4e9d-a44b-d4b3fe9e80b6", APIVersion:"apps/v1", ResourceVersion:"", FieldPath:""}): type: 'Warning' reason: 'FastControllerResync' Controller "ConfigOperatorController" resync interval is set to 10s which might lead to client request throttling
2026-01-28T09:31:04.583111954Z I0128 09:31:04.583094       1 base_controller.go:76] Waiting for caches to sync for StatusSyncer_config-operator
2026-01-28T09:31:04.587796016Z E0128 09:31:04.587775       1 base_controller.go:279] "Unhandled Error" err="ConfigOperatorController reconciliation failed: configs.operator.openshift.io \"cluster\" not found"
2026-01-28T09:31:04.660871091Z I0128 09:31:04.660814       1 shared_informer.go:357] "Caches are synced" controller="client-ca::kube-system::extension-apiserver-authentication::client-ca-file"
2026-01-28T09:31:04.660871091Z I0128 09:31:04.660834       1 shared_informer.go:357] "Caches are synced" controller="client-ca::kube-system::extension-apiserver-authentication::requestheader-client-ca-file"
2026-01-28T09:31:04.660905783Z I0128 09:31:04.660829       1 shared_informer.go:357] "Caches are synced" controller="RequestHeaderAuthRequestController"
2026-01-28T09:31:04.679142615Z I0128 09:31:04.679109       1 base_controller.go:82] Caches are synced for FeatureUpgradeableController 
2026-01-28T09:31:04.679142615Z I0128 09:31:04.679124       1 base_controller.go:119] Starting #1 worker of FeatureUpgradeableController controller ...
2026-01-28T09:31:04.680250049Z I0128 09:31:04.680231       1 base_controller.go:82] Caches are synced for MigrationPlatformStatusController 
2026-01-28T09:31:04.680314073Z I0128 09:31:04.680300       1 base_controller.go:119] Starting #1 worker of MigrationPlatformStatusController controller ...
2026-01-28T09:31:04.680359375Z I0128 09:31:04.680346       1 base_controller.go:82] Caches are synced for FeatureGateController 
2026-01-28T09:31:04.680407477Z I0128 09:31:04.680395       1 base_controller.go:119] Starting #1 worker of FeatureGateController controller ...
2026-01-28T09:31:04.680451910Z I0128 09:31:04.680440       1 base_controller.go:82] Caches are synced for StaleConditionController-RemoveStaleConditions 
2026-01-28T09:31:04.680496812Z I0128 09:31:04.680486       1 base_controller.go:119] Starting #1 worker of StaleConditionController-RemoveStaleConditions controller ...
2026-01-28T09:31:04.680810957Z I0128 09:31:04.680784       1 base_controller.go:82] Caches are synced for LoggingSyncer 
2026-01-28T09:31:04.681098842Z I0128 09:31:04.681080       1 base_controller.go:119] Starting #1 worker of LoggingSyncer controller ...
2026-01-28T09:31:04.681413547Z I0128 09:31:04.681397       1 base_controller.go:82] Caches are synced for AWSPlatformServiceLocationController 
2026-01-28T09:31:04.681457929Z I0128 09:31:04.681446       1 base_controller.go:119] Starting #1 worker of AWSPlatformServiceLocationController controller ...
2026-01-28T09:31:04.681858299Z I0128 09:31:04.681842       1 base_controller.go:82] Caches are synced for KubeCloudConfigController 
2026-01-28T09:31:04.681897691Z I0128 09:31:04.681887       1 base_controller.go:119] Starting #1 worker of KubeCloudConfigController controller ...
2026-01-28T09:31:04.683235627Z I0128 09:31:04.683214       1 base_controller.go:82] Caches are synced for StatusSyncer_config-operator 
2026-01-28T09:31:04.683235627Z I0128 09:31:04.683228       1 base_controller.go:119] Starting #1 worker of StatusSyncer_config-operator controller ...
2026-01-28T09:35:53.600974596Z I0128 09:35:53.597791       1 tlsconfig.go:181] "Loaded client CA" index=0 certName="client-ca::kube-system::extension-apiserver-authentication::client-ca-file,client-ca::kube-system::extension-apiserver-authentication::requestheader-client-ca-file" certDetail="\"admin-kubeconfig-signer\" [] issuer=\"<self>\" (2026-01-28 09:13:02 +0000 UTC to 2036-01-26 09:13:02 +0000 UTC (now=2026-01-28 09:35:53.597749654 +0000 UTC))"
2026-01-28T09:35:53.601104553Z I0128 09:35:53.601087       1 tlsconfig.go:181] "Loaded client CA" index=1 certName="client-ca::kube-system::extension-apiserver-authentication::client-ca-file,client-ca::kube-system::extension-apiserver-authentication::requestheader-client-ca-file" certDetail="\"kubelet-signer\" [] issuer=\"<self>\" (2026-01-28 09:13:06 +0000 UTC to 2026-01-29 09:13:06 +0000 UTC (now=2026-01-28 09:35:53.60105448 +0000 UTC))"
2026-01-28T09:35:53.601157675Z I0128 09:35:53.601145       1 tlsconfig.go:181] "Loaded client CA" index=2 certName="client-ca::kube-system::extension-apiserver-authentication::client-ca-file,client-ca::kube-system::extension-apiserver-authentication::requestheader-client-ca-file" certDetail="\"kube-control-plane-signer\" [] issuer=\"<self>\" (2026-01-28 09:13:06 +0000 UTC to 2027-01-28 09:13:06 +0000 UTC (now=2026-01-28 09:35:53.601130734 +0000 UTC))"
2026-01-28T09:35:53.601202277Z I0128 09:35:53.601191       1 tlsconfig.go:181] "Loaded client CA" index=3 certName="client-ca::kube-system::extension-apiserver-authentication::client-ca-file,client-ca::kube-system::extension-apiserver-authentication::requestheader-client-ca-file" certDetail="\"kube-apiserver-to-kubelet-signer\" [] issuer=\"<self>\" (2026-01-28 09:13:07 +0000 UTC to 2027-01-28 09:13:07 +0000 UTC (now=2026-01-28 09:35:53.601175786 +0000 UTC))"
2026-01-28T09:35:53.601251850Z I0128 09:35:53.601241       1 tlsconfig.go:181] "Loaded client CA" index=4 certName="client-ca::kube-system::extension-apiserver-authentication::client-ca-file,client-ca::kube-system::extension-apiserver-authentication::requestheader-client-ca-file" certDetail="\"kubelet-bootstrap-kubeconfig-signer\" [] issuer=\"<self>\" (2026-01-28 09:13:03 +0000 UTC to 2036-01-26 09:13:03 +0000 UTC (now=2026-01-28 09:35:53.601229269 +0000 UTC))"
2026-01-28T09:35:53.601291102Z I0128 09:35:53.601281       1 tlsconfig.go:181] "Loaded client CA" index=5 certName="client-ca::kube-system::extension-apiserver-authentication::client-ca-file,client-ca::kube-system::extension-apiserver-authentication::requestheader-client-ca-file" certDetail="\"kube-csr-signer_@1769592636\" [] issuer=\"kubelet-signer\" (2026-01-28 09:30:35 +0000 UTC to 2026-01-29 09:13:06 +0000 UTC (now=2026-01-28 09:35:53.601267711 +0000 UTC))"
2026-01-28T09:35:53.601345314Z I0128 09:35:53.601323       1 tlsconfig.go:181] "Loaded client CA" index=6 certName="client-ca::kube-system::extension-apiserver-authentication::client-ca-file,client-ca::kube-system::extension-apiserver-authentication::requestheader-client-ca-file" certDetail="\"openshift-kube-apiserver-operator_node-system-admin-signer@1769592635\" [] issuer=\"<self>\" (2026-01-28 09:30:35 +0000 UTC to 2029-01-27 09:30:36 +0000 UTC (now=2026-01-28 09:35:53.601306652 +0000 UTC))"
2026-01-28T09:35:53.601384756Z I0128 09:35:53.601374       1 tlsconfig.go:181] "Loaded client CA" index=7 certName="client-ca::kube-system::extension-apiserver-authentication::client-ca-file,client-ca::kube-system::extension-apiserver-authentication::requestheader-client-ca-file" certDetail="\"aggregator-signer\" [] issuer=\"<self>\" (2026-01-28 09:13:04 +0000 UTC to 2026-01-29 09:13:04 +0000 UTC (now=2026-01-28 09:35:53.601362275 +0000 UTC))"
2026-01-28T09:35:53.601699592Z I0128 09:35:53.601683       1 tlsconfig.go:203] "Loaded serving cert" certName="serving-cert::/var/run/secrets/serving-cert/tls.crt::/var/run/secrets/serving-cert/tls.key" certDetail="\"metrics.openshift-config-operator.svc\" [serving] validServingFor=[metrics.openshift-config-operator.svc,metrics.openshift-config-operator.svc.cluster.local] issuer=\"openshift-service-serving-signer@1769592635\" (2026-01-28 09:30:41 +0000 UTC to 2028-01-28 09:30:42 +0000 UTC (now=2026-01-28 09:35:53.60165906 +0000 UTC))"
2026-01-28T09:35:53.601999357Z I0128 09:35:53.601981       1 named_certificates.go:53] "Loaded SNI cert" index=0 certName="self-signed loopback" certDetail="\"apiserver-loopback-client@1769592664\" [serving] validServingFor=[apiserver-loopback-client] issuer=\"apiserver-loopback-client-ca@1769592664\" (2026-01-28 08:31:03 +0000 UTC to 2029-01-28 08:31:03 +0000 UTC (now=2026-01-28 09:35:53.601957465 +0000 UTC))"
2026-01-28T09:41:06.055417814Z I0128 09:41:06.055360       1 reflector.go:430] "Caches populated" type="operator.openshift.io/v1, Resource=configs" reflector="k8s.io/client-go@v0.33.3/tools/cache/reflector.go:285"
