2026-01-28T09:42:38.527470356Z I0128 09:42:38.527343       1 cmd.go:95] &{<nil> true {false} installer true map[cert-configmaps:0xc0006f9c20 cert-dir:0xc0006f9e00 cert-secrets:0xc0006f9b80 configmaps:0xc0006f9720 namespace:0xc0006f9540 optional-cert-configmaps:0xc0006f9d60 optional-cert-secrets:0xc0006f9cc0 optional-configmaps:0xc0006f9860 optional-secrets:0xc0006f97c0 pod:0xc0006f95e0 pod-manifest-dir:0xc0006f99a0 resource-dir:0xc0006f9900 revision:0xc0006f94a0 secrets:0xc0006f9680 v:0xc00091d2c0] [0xc00091d2c0 0xc0006f94a0 0xc0006f9540 0xc0006f95e0 0xc0006f9900 0xc0006f99a0 0xc0006f9720 0xc0006f9860 0xc0006f9680 0xc0006f97c0 0xc0006f9e00 0xc0006f9c20 0xc0006f9d60 0xc0006f9b80 0xc0006f9cc0] [] map[cert-configmaps:0xc0006f9c20 cert-dir:0xc0006f9e00 cert-secrets:0xc0006f9b80 configmaps:0xc0006f9720 help:0xc00091d680 kubeconfig:0xc0006f9400 log-flush-frequency:0xc00091d220 namespace:0xc0006f9540 optional-cert-configmaps:0xc0006f9d60 optional-cert-secrets:0xc0006f9cc0 optional-configmaps:0xc0006f9860 optional-secrets:0xc0006f97c0 pod:0xc0006f95e0 pod-manifest-dir:0xc0006f99a0 pod-manifests-lock-file:0xc0006f9ae0 resource-dir:0xc0006f9900 revision:0xc0006f94a0 secrets:0xc0006f9680 timeout-duration:0xc0006f9a40 v:0xc00091d2c0 vmodule:0xc00091d360] [0xc0006f9400 0xc0006f94a0 0xc0006f9540 0xc0006f95e0 0xc0006f9680 0xc0006f9720 0xc0006f97c0 0xc0006f9860 0xc0006f9900 0xc0006f99a0 0xc0006f9a40 0xc0006f9ae0 0xc0006f9b80 0xc0006f9c20 0xc0006f9cc0 0xc0006f9d60 0xc0006f9e00 0xc00091d220 0xc00091d2c0 0xc00091d360 0xc00091d680] [0xc0006f9c20 0xc0006f9e00 0xc0006f9b80 0xc0006f9720 0xc00091d680 0xc0006f9400 0xc00091d220 0xc0006f9540 0xc0006f9d60 0xc0006f9cc0 0xc0006f9860 0xc0006f97c0 0xc0006f95e0 0xc0006f99a0 0xc0006f9ae0 0xc0006f9900 0xc0006f94a0 0xc0006f9680 0xc0006f9a40 0xc00091d2c0 0xc00091d360] map[104:0xc00091d680 118:0xc00091d2c0] [] -1 0 0xc0006eb6b0 true 0xae52c0 []}
2026-01-28T09:42:38.527596699Z I0128 09:42:38.527489       1 cmd.go:96] (*installerpod.InstallOptions)(0xc000346d00)({
2026-01-28T09:42:38.527596699Z  KubeConfig: (string) "",
2026-01-28T09:42:38.527596699Z  KubeClient: (kubernetes.Interface) <nil>,
2026-01-28T09:42:38.527596699Z  Revision: (string) (len=1) "5",
2026-01-28T09:42:38.527596699Z  NodeName: (string) "",
2026-01-28T09:42:38.527596699Z  Namespace: (string) (len=24) "openshift-kube-apiserver",
2026-01-28T09:42:38.527596699Z  Clock: (clock.RealClock) {
2026-01-28T09:42:38.527596699Z  },
2026-01-28T09:42:38.527596699Z  PodConfigMapNamePrefix: (string) (len=18) "kube-apiserver-pod",
2026-01-28T09:42:38.527596699Z  SecretNamePrefixes: ([]string) (len=3 cap=4) {
2026-01-28T09:42:38.527596699Z   (string) (len=11) "etcd-client",
2026-01-28T09:42:38.527596699Z   (string) (len=34) "localhost-recovery-serving-certkey",
2026-01-28T09:42:38.527596699Z   (string) (len=31) "localhost-recovery-client-token"
2026-01-28T09:42:38.527596699Z  },
2026-01-28T09:42:38.527596699Z  OptionalSecretNamePrefixes: ([]string) (len=2 cap=2) {
2026-01-28T09:42:38.527596699Z   (string) (len=17) "encryption-config",
2026-01-28T09:42:38.527596699Z   (string) (len=21) "webhook-authenticator"
2026-01-28T09:42:38.527596699Z  },
2026-01-28T09:42:38.527596699Z  ConfigMapNamePrefixes: ([]string) (len=8 cap=8) {
2026-01-28T09:42:38.527596699Z   (string) (len=18) "kube-apiserver-pod",
2026-01-28T09:42:38.527596699Z   (string) (len=6) "config",
2026-01-28T09:42:38.527596699Z   (string) (len=37) "kube-apiserver-cert-syncer-kubeconfig",
2026-01-28T09:42:38.527596699Z   (string) (len=28) "bound-sa-token-signing-certs",
2026-01-28T09:42:38.527596699Z   (string) (len=15) "etcd-serving-ca",
2026-01-28T09:42:38.527596699Z   (string) (len=18) "kubelet-serving-ca",
2026-01-28T09:42:38.527596699Z   (string) (len=22) "sa-token-signing-certs",
2026-01-28T09:42:38.527596699Z   (string) (len=29) "kube-apiserver-audit-policies"
2026-01-28T09:42:38.527596699Z  },
2026-01-28T09:42:38.527596699Z  OptionalConfigMapNamePrefixes: ([]string) (len=4 cap=4) {
2026-01-28T09:42:38.527596699Z   (string) (len=14) "oauth-metadata",
2026-01-28T09:42:38.527596699Z   (string) (len=12) "cloud-config",
2026-01-28T09:42:38.527596699Z   (string) (len=24) "kube-apiserver-server-ca",
2026-01-28T09:42:38.527596699Z   (string) (len=11) "auth-config"
2026-01-28T09:42:38.527596699Z  },
2026-01-28T09:42:38.527596699Z  CertSecretNames: ([]string) (len=10 cap=16) {
2026-01-28T09:42:38.527596699Z   (string) (len=17) "aggregator-client",
2026-01-28T09:42:38.527596699Z   (string) (len=30) "localhost-serving-cert-certkey",
2026-01-28T09:42:38.527596699Z   (string) (len=31) "service-network-serving-certkey",
2026-01-28T09:42:38.527596699Z   (string) (len=37) "external-loadbalancer-serving-certkey",
2026-01-28T09:42:38.527596699Z   (string) (len=37) "internal-loadbalancer-serving-certkey",
2026-01-28T09:42:38.527596699Z   (string) (len=33) "bound-service-account-signing-key",
2026-01-28T09:42:38.527596699Z   (string) (len=40) "control-plane-node-admin-client-cert-key",
2026-01-28T09:42:38.527596699Z   (string) (len=31) "check-endpoints-client-cert-key",
2026-01-28T09:42:38.527596699Z   (string) (len=14) "kubelet-client",
2026-01-28T09:42:38.527596699Z   (string) (len=16) "node-kubeconfigs"
2026-01-28T09:42:38.527596699Z  },
2026-01-28T09:42:38.527596699Z  OptionalCertSecretNamePrefixes: ([]string) (len=11 cap=16) {
2026-01-28T09:42:38.527596699Z   (string) (len=17) "user-serving-cert",
2026-01-28T09:42:38.527596699Z   (string) (len=21) "user-serving-cert-000",
2026-01-28T09:42:38.527596699Z   (string) (len=21) "user-serving-cert-001",
2026-01-28T09:42:38.527596699Z   (string) (len=21) "user-serving-cert-002",
2026-01-28T09:42:38.527596699Z   (string) (len=21) "user-serving-cert-003",
2026-01-28T09:42:38.527596699Z   (string) (len=21) "user-serving-cert-004",
2026-01-28T09:42:38.527596699Z   (string) (len=21) "user-serving-cert-005",
2026-01-28T09:42:38.527596699Z   (string) (len=21) "user-serving-cert-006",
2026-01-28T09:42:38.527596699Z   (string) (len=21) "user-serving-cert-007",
2026-01-28T09:42:38.527596699Z   (string) (len=21) "user-serving-cert-008",
2026-01-28T09:42:38.527596699Z   (string) (len=21) "user-serving-cert-009"
2026-01-28T09:42:38.527596699Z  },
2026-01-28T09:42:38.527596699Z  CertConfigMapNamePrefixes: ([]string) (len=4 cap=4) {
2026-01-28T09:42:38.527596699Z   (string) (len=20) "aggregator-client-ca",
2026-01-28T09:42:38.527596699Z   (string) (len=9) "client-ca",
2026-01-28T09:42:38.527596699Z   (string) (len=29) "control-plane-node-kubeconfig",
2026-01-28T09:42:38.527596699Z   (string) (len=26) "check-endpoints-kubeconfig"
2026-01-28T09:42:38.527596699Z  },
2026-01-28T09:42:38.527596699Z  OptionalCertConfigMapNamePrefixes: ([]string) (len=1 cap=1) {
2026-01-28T09:42:38.527596699Z   (string) (len=17) "trusted-ca-bundle"
2026-01-28T09:42:38.527596699Z  },
2026-01-28T09:42:38.527596699Z  CertDir: (string) (len=57) "/etc/kubernetes/static-pod-resources/kube-apiserver-certs",
2026-01-28T09:42:38.527596699Z  ResourceDir: (string) (len=36) "/etc/kubernetes/static-pod-resources",
2026-01-28T09:42:38.527596699Z  PodManifestDir: (string) (len=25) "/etc/kubernetes/manifests",
2026-01-28T09:42:38.527596699Z  Timeout: (time.Duration) 2m0s,
2026-01-28T09:42:38.527596699Z  StaticPodManifestsLockFile: (string) "",
2026-01-28T09:42:38.527596699Z  PodMutationFns: ([]installerpod.PodMutationFunc) <nil>,
2026-01-28T09:42:38.527596699Z  KubeletVersion: (string) ""
2026-01-28T09:42:38.527596699Z })
2026-01-28T09:42:38.527885205Z I0128 09:42:38.527860       1 envvar.go:172] "Feature gate default state" feature="ClientsAllowCBOR" enabled=false
2026-01-28T09:42:38.527885205Z I0128 09:42:38.527880       1 envvar.go:172] "Feature gate default state" feature="ClientsPreferCBOR" enabled=false
2026-01-28T09:42:38.527909296Z I0128 09:42:38.527887       1 envvar.go:172] "Feature gate default state" feature="InformerResourceVersion" enabled=false
2026-01-28T09:42:38.527909296Z I0128 09:42:38.527893       1 envvar.go:172] "Feature gate default state" feature="InOrderInformers" enabled=true
2026-01-28T09:42:38.527921256Z I0128 09:42:38.527898       1 envvar.go:172] "Feature gate default state" feature="WatchListClient" enabled=false
2026-01-28T09:42:38.528389577Z I0128 09:42:38.528370       1 cmd.go:413] Getting controller reference for node ip-10-0-102-200.us-west-1.compute.internal
2026-01-28T09:42:38.620783362Z I0128 09:42:38.620746       1 cmd.go:426] Waiting for installer revisions to settle for node ip-10-0-102-200.us-west-1.compute.internal
2026-01-28T09:42:38.626224425Z I0128 09:42:38.626191       1 cmd.go:518] Waiting additional period after revisions have settled for node ip-10-0-102-200.us-west-1.compute.internal
2026-01-28T09:43:08.626576057Z I0128 09:43:08.626518       1 cmd.go:524] Getting installer pods for node ip-10-0-102-200.us-west-1.compute.internal
2026-01-28T09:43:08.630726703Z I0128 09:43:08.630697       1 cmd.go:542] Latest installer revision for node ip-10-0-102-200.us-west-1.compute.internal is: 5
2026-01-28T09:43:08.630726703Z I0128 09:43:08.630714       1 cmd.go:431] Querying kubelet version for node ip-10-0-102-200.us-west-1.compute.internal
2026-01-28T09:43:08.633864704Z I0128 09:43:08.633834       1 cmd.go:444] Got kubelet version 1.33.6 on target node ip-10-0-102-200.us-west-1.compute.internal
2026-01-28T09:43:08.633901725Z I0128 09:43:08.633858       1 cmd.go:293] Creating target resource directory "/etc/kubernetes/static-pod-resources/kube-apiserver-pod-5" ...
2026-01-28T09:43:08.634037048Z I0128 09:43:08.633999       1 cmd.go:221] Creating target resource directory "/etc/kubernetes/static-pod-resources/kube-apiserver-pod-5" ...
2026-01-28T09:43:08.634037048Z I0128 09:43:08.634019       1 cmd.go:229] Getting secrets ...
2026-01-28T09:43:08.637213541Z I0128 09:43:08.637183       1 copy.go:32] Got secret openshift-kube-apiserver/etcd-client-5
2026-01-28T09:43:08.640735541Z I0128 09:43:08.640707       1 copy.go:32] Got secret openshift-kube-apiserver/localhost-recovery-client-token-5
2026-01-28T09:43:08.643941334Z I0128 09:43:08.643911       1 copy.go:32] Got secret openshift-kube-apiserver/localhost-recovery-serving-certkey-5
2026-01-28T09:43:08.647421584Z I0128 09:43:08.647319       1 copy.go:24] Failed to get secret openshift-kube-apiserver/encryption-config-5: secrets "encryption-config-5" not found
2026-01-28T09:43:08.650577826Z I0128 09:43:08.650553       1 copy.go:32] Got secret openshift-kube-apiserver/webhook-authenticator-5
2026-01-28T09:43:08.650611837Z I0128 09:43:08.650579       1 cmd.go:242] Getting config maps ...
2026-01-28T09:43:08.654184269Z I0128 09:43:08.654158       1 copy.go:60] Got configMap openshift-kube-apiserver/bound-sa-token-signing-certs-5
2026-01-28T09:43:08.657459034Z I0128 09:43:08.657434       1 copy.go:60] Got configMap openshift-kube-apiserver/config-5
2026-01-28T09:43:08.660408491Z I0128 09:43:08.660387       1 copy.go:60] Got configMap openshift-kube-apiserver/etcd-serving-ca-5
2026-01-28T09:43:08.831076191Z I0128 09:43:08.831033       1 copy.go:60] Got configMap openshift-kube-apiserver/kube-apiserver-audit-policies-5
2026-01-28T09:43:09.031079982Z I0128 09:43:09.031029       1 copy.go:60] Got configMap openshift-kube-apiserver/kube-apiserver-cert-syncer-kubeconfig-5
2026-01-28T09:43:09.231285297Z I0128 09:43:09.231234       1 copy.go:60] Got configMap openshift-kube-apiserver/kube-apiserver-pod-5
2026-01-28T09:43:09.430062579Z I0128 09:43:09.430030       1 copy.go:60] Got configMap openshift-kube-apiserver/kubelet-serving-ca-5
2026-01-28T09:43:09.630908339Z I0128 09:43:09.630860       1 copy.go:60] Got configMap openshift-kube-apiserver/sa-token-signing-certs-5
2026-01-28T09:43:09.831230687Z I0128 09:43:09.831196       1 copy.go:52] Failed to get config map openshift-kube-apiserver/auth-config-5: configmaps "auth-config-5" not found
2026-01-28T09:43:10.032893145Z I0128 09:43:10.032842       1 copy.go:52] Failed to get config map openshift-kube-apiserver/cloud-config-5: configmaps "cloud-config-5" not found
2026-01-28T09:43:10.230712755Z I0128 09:43:10.230665       1 copy.go:60] Got configMap openshift-kube-apiserver/kube-apiserver-server-ca-5
2026-01-28T09:43:10.430669865Z I0128 09:43:10.430635       1 copy.go:60] Got configMap openshift-kube-apiserver/oauth-metadata-5
2026-01-28T09:43:10.430703786Z I0128 09:43:10.430682       1 cmd.go:261] Creating directory "/etc/kubernetes/static-pod-resources/kube-apiserver-pod-5/secrets/etcd-client" ...
2026-01-28T09:43:10.430858129Z I0128 09:43:10.430836       1 cmd.go:639] Writing secret manifest "/etc/kubernetes/static-pod-resources/kube-apiserver-pod-5/secrets/etcd-client/tls.crt" ...
2026-01-28T09:43:10.431043133Z I0128 09:43:10.431024       1 cmd.go:639] Writing secret manifest "/etc/kubernetes/static-pod-resources/kube-apiserver-pod-5/secrets/etcd-client/tls.key" ...
2026-01-28T09:43:10.431229848Z I0128 09:43:10.431210       1 cmd.go:261] Creating directory "/etc/kubernetes/static-pod-resources/kube-apiserver-pod-5/secrets/localhost-recovery-client-token" ...
2026-01-28T09:43:10.431333940Z I0128 09:43:10.431315       1 cmd.go:639] Writing secret manifest "/etc/kubernetes/static-pod-resources/kube-apiserver-pod-5/secrets/localhost-recovery-client-token/namespace" ...
2026-01-28T09:43:10.431496614Z I0128 09:43:10.431479       1 cmd.go:639] Writing secret manifest "/etc/kubernetes/static-pod-resources/kube-apiserver-pod-5/secrets/localhost-recovery-client-token/service-ca.crt" ...
2026-01-28T09:43:10.431657078Z I0128 09:43:10.431633       1 cmd.go:639] Writing secret manifest "/etc/kubernetes/static-pod-resources/kube-apiserver-pod-5/secrets/localhost-recovery-client-token/token" ...
2026-01-28T09:43:10.431766160Z I0128 09:43:10.431742       1 cmd.go:639] Writing secret manifest "/etc/kubernetes/static-pod-resources/kube-apiserver-pod-5/secrets/localhost-recovery-client-token/ca.crt" ...
2026-01-28T09:43:10.431913303Z I0128 09:43:10.431894       1 cmd.go:261] Creating directory "/etc/kubernetes/static-pod-resources/kube-apiserver-pod-5/secrets/localhost-recovery-serving-certkey" ...
2026-01-28T09:43:10.432029446Z I0128 09:43:10.432004       1 cmd.go:639] Writing secret manifest "/etc/kubernetes/static-pod-resources/kube-apiserver-pod-5/secrets/localhost-recovery-serving-certkey/tls.key" ...
2026-01-28T09:43:10.432164919Z I0128 09:43:10.432140       1 cmd.go:639] Writing secret manifest "/etc/kubernetes/static-pod-resources/kube-apiserver-pod-5/secrets/localhost-recovery-serving-certkey/tls.crt" ...
2026-01-28T09:43:10.432266641Z I0128 09:43:10.432243       1 cmd.go:261] Creating directory "/etc/kubernetes/static-pod-resources/kube-apiserver-pod-5/secrets/webhook-authenticator" ...
2026-01-28T09:43:10.432322843Z I0128 09:43:10.432305       1 cmd.go:639] Writing secret manifest "/etc/kubernetes/static-pod-resources/kube-apiserver-pod-5/secrets/webhook-authenticator/kubeConfig" ...
2026-01-28T09:43:10.432451936Z I0128 09:43:10.432428       1 cmd.go:277] Creating directory "/etc/kubernetes/static-pod-resources/kube-apiserver-pod-5/configmaps/bound-sa-token-signing-certs" ...
2026-01-28T09:43:10.432544158Z I0128 09:43:10.432526       1 cmd.go:629] Writing config file "/etc/kubernetes/static-pod-resources/kube-apiserver-pod-5/configmaps/bound-sa-token-signing-certs/service-account-001.pub" ...
2026-01-28T09:43:10.432702731Z I0128 09:43:10.432678       1 cmd.go:277] Creating directory "/etc/kubernetes/static-pod-resources/kube-apiserver-pod-5/configmaps/config" ...
2026-01-28T09:43:10.432773513Z I0128 09:43:10.432749       1 cmd.go:629] Writing config file "/etc/kubernetes/static-pod-resources/kube-apiserver-pod-5/configmaps/config/config.yaml" ...
2026-01-28T09:43:10.432882006Z I0128 09:43:10.432864       1 cmd.go:277] Creating directory "/etc/kubernetes/static-pod-resources/kube-apiserver-pod-5/configmaps/etcd-serving-ca" ...
2026-01-28T09:43:10.432957637Z I0128 09:43:10.432927       1 cmd.go:629] Writing config file "/etc/kubernetes/static-pod-resources/kube-apiserver-pod-5/configmaps/etcd-serving-ca/ca-bundle.crt" ...
2026-01-28T09:43:10.433114031Z I0128 09:43:10.433078       1 cmd.go:277] Creating directory "/etc/kubernetes/static-pod-resources/kube-apiserver-pod-5/configmaps/kube-apiserver-audit-policies" ...
2026-01-28T09:43:10.433206473Z I0128 09:43:10.433186       1 cmd.go:629] Writing config file "/etc/kubernetes/static-pod-resources/kube-apiserver-pod-5/configmaps/kube-apiserver-audit-policies/policy.yaml" ...
2026-01-28T09:43:10.433315185Z I0128 09:43:10.433293       1 cmd.go:277] Creating directory "/etc/kubernetes/static-pod-resources/kube-apiserver-pod-5/configmaps/kube-apiserver-cert-syncer-kubeconfig" ...
2026-01-28T09:43:10.433404967Z I0128 09:43:10.433358       1 cmd.go:629] Writing config file "/etc/kubernetes/static-pod-resources/kube-apiserver-pod-5/configmaps/kube-apiserver-cert-syncer-kubeconfig/kubeconfig" ...
2026-01-28T09:43:10.433486069Z I0128 09:43:10.433468       1 cmd.go:277] Creating directory "/etc/kubernetes/static-pod-resources/kube-apiserver-pod-5/configmaps/kube-apiserver-pod" ...
2026-01-28T09:43:10.433596942Z I0128 09:43:10.433572       1 cmd.go:629] Writing config file "/etc/kubernetes/static-pod-resources/kube-apiserver-pod-5/configmaps/kube-apiserver-pod/version" ...
2026-01-28T09:43:10.433702064Z I0128 09:43:10.433679       1 cmd.go:629] Writing config file "/etc/kubernetes/static-pod-resources/kube-apiserver-pod-5/configmaps/kube-apiserver-pod/forceRedeploymentReason" ...
2026-01-28T09:43:10.434026482Z I0128 09:43:10.433989       1 cmd.go:629] Writing config file "/etc/kubernetes/static-pod-resources/kube-apiserver-pod-5/configmaps/kube-apiserver-pod/pod.yaml" ...
2026-01-28T09:43:10.434169925Z I0128 09:43:10.434142       1 cmd.go:277] Creating directory "/etc/kubernetes/static-pod-resources/kube-apiserver-pod-5/configmaps/kubelet-serving-ca" ...
2026-01-28T09:43:10.434271667Z I0128 09:43:10.434242       1 cmd.go:629] Writing config file "/etc/kubernetes/static-pod-resources/kube-apiserver-pod-5/configmaps/kubelet-serving-ca/ca-bundle.crt" ...
2026-01-28T09:43:10.434395530Z I0128 09:43:10.434358       1 cmd.go:277] Creating directory "/etc/kubernetes/static-pod-resources/kube-apiserver-pod-5/configmaps/sa-token-signing-certs" ...
2026-01-28T09:43:10.434451411Z I0128 09:43:10.434432       1 cmd.go:629] Writing config file "/etc/kubernetes/static-pod-resources/kube-apiserver-pod-5/configmaps/sa-token-signing-certs/service-account-001.pub" ...
2026-01-28T09:43:10.434592575Z I0128 09:43:10.434573       1 cmd.go:629] Writing config file "/etc/kubernetes/static-pod-resources/kube-apiserver-pod-5/configmaps/sa-token-signing-certs/service-account-002.pub" ...
2026-01-28T09:43:10.434694397Z I0128 09:43:10.434678       1 cmd.go:277] Creating directory "/etc/kubernetes/static-pod-resources/kube-apiserver-pod-5/configmaps/kube-apiserver-server-ca" ...
2026-01-28T09:43:10.434760218Z I0128 09:43:10.434743       1 cmd.go:629] Writing config file "/etc/kubernetes/static-pod-resources/kube-apiserver-pod-5/configmaps/kube-apiserver-server-ca/ca-bundle.crt" ...
2026-01-28T09:43:10.434866411Z I0128 09:43:10.434850       1 cmd.go:277] Creating directory "/etc/kubernetes/static-pod-resources/kube-apiserver-pod-5/configmaps/oauth-metadata" ...
2026-01-28T09:43:10.434932602Z I0128 09:43:10.434913       1 cmd.go:629] Writing config file "/etc/kubernetes/static-pod-resources/kube-apiserver-pod-5/configmaps/oauth-metadata/oauthMetadata" ...
2026-01-28T09:43:10.435045035Z I0128 09:43:10.435018       1 cmd.go:221] Creating target resource directory "/etc/kubernetes/static-pod-resources/kube-apiserver-certs" ...
2026-01-28T09:43:10.435060575Z I0128 09:43:10.435033       1 cmd.go:229] Getting secrets ...
2026-01-28T09:43:10.631101285Z I0128 09:43:10.631046       1 copy.go:32] Got secret openshift-kube-apiserver/aggregator-client
2026-01-28T09:43:10.830835499Z I0128 09:43:10.830802       1 copy.go:32] Got secret openshift-kube-apiserver/bound-service-account-signing-key
2026-01-28T09:43:11.031945215Z I0128 09:43:11.031907       1 copy.go:32] Got secret openshift-kube-apiserver/check-endpoints-client-cert-key
2026-01-28T09:43:11.231049275Z I0128 09:43:11.231005       1 copy.go:32] Got secret openshift-kube-apiserver/control-plane-node-admin-client-cert-key
2026-01-28T09:43:11.433629474Z I0128 09:43:11.433582       1 copy.go:32] Got secret openshift-kube-apiserver/external-loadbalancer-serving-certkey
2026-01-28T09:43:11.631295932Z I0128 09:43:11.631255       1 copy.go:32] Got secret openshift-kube-apiserver/internal-loadbalancer-serving-certkey
2026-01-28T09:43:11.831257831Z I0128 09:43:11.831222       1 copy.go:32] Got secret openshift-kube-apiserver/kubelet-client
2026-01-28T09:43:12.039009558Z I0128 09:43:12.038961       1 copy.go:32] Got secret openshift-kube-apiserver/localhost-serving-cert-certkey
2026-01-28T09:43:12.233366030Z I0128 09:43:12.233326       1 copy.go:32] Got secret openshift-kube-apiserver/node-kubeconfigs
2026-01-28T09:43:12.430552226Z I0128 09:43:12.430512       1 copy.go:32] Got secret openshift-kube-apiserver/service-network-serving-certkey
2026-01-28T09:43:12.630680859Z I0128 09:43:12.630631       1 copy.go:24] Failed to get secret openshift-kube-apiserver/user-serving-cert: secrets "user-serving-cert" not found
2026-01-28T09:43:12.830911535Z I0128 09:43:12.830872       1 copy.go:24] Failed to get secret openshift-kube-apiserver/user-serving-cert-000: secrets "user-serving-cert-000" not found
2026-01-28T09:43:13.035899839Z I0128 09:43:13.035858       1 copy.go:24] Failed to get secret openshift-kube-apiserver/user-serving-cert-001: secrets "user-serving-cert-001" not found
2026-01-28T09:43:13.403240814Z I0128 09:43:13.403194       1 copy.go:24] Failed to get secret openshift-kube-apiserver/user-serving-cert-002: secrets "user-serving-cert-002" not found
2026-01-28T09:43:13.430761353Z I0128 09:43:13.430726       1 copy.go:24] Failed to get secret openshift-kube-apiserver/user-serving-cert-003: secrets "user-serving-cert-003" not found
2026-01-28T09:43:13.630376654Z I0128 09:43:13.630330       1 copy.go:24] Failed to get secret openshift-kube-apiserver/user-serving-cert-004: secrets "user-serving-cert-004" not found
2026-01-28T09:43:14.064376012Z I0128 09:43:14.064332       1 copy.go:24] Failed to get secret openshift-kube-apiserver/user-serving-cert-005: secrets "user-serving-cert-005" not found
2026-01-28T09:43:14.070292237Z I0128 09:43:14.070255       1 copy.go:24] Failed to get secret openshift-kube-apiserver/user-serving-cert-006: secrets "user-serving-cert-006" not found
2026-01-28T09:43:14.238212644Z I0128 09:43:14.238156       1 copy.go:24] Failed to get secret openshift-kube-apiserver/user-serving-cert-007: secrets "user-serving-cert-007" not found
2026-01-28T09:43:14.442228886Z I0128 09:43:14.442165       1 copy.go:24] Failed to get secret openshift-kube-apiserver/user-serving-cert-008: secrets "user-serving-cert-008" not found
2026-01-28T09:43:14.630970799Z I0128 09:43:14.630929       1 copy.go:24] Failed to get secret openshift-kube-apiserver/user-serving-cert-009: secrets "user-serving-cert-009" not found
2026-01-28T09:43:14.630970799Z I0128 09:43:14.630953       1 cmd.go:242] Getting config maps ...
2026-01-28T09:43:14.830908078Z I0128 09:43:14.830848       1 copy.go:60] Got configMap openshift-kube-apiserver/aggregator-client-ca
2026-01-28T09:43:15.030699804Z I0128 09:43:15.030652       1 copy.go:60] Got configMap openshift-kube-apiserver/check-endpoints-kubeconfig
2026-01-28T09:43:15.230847408Z I0128 09:43:15.230805       1 copy.go:60] Got configMap openshift-kube-apiserver/client-ca
2026-01-28T09:43:15.430628853Z I0128 09:43:15.430586       1 copy.go:60] Got configMap openshift-kube-apiserver/control-plane-node-kubeconfig
2026-01-28T09:43:15.635607557Z I0128 09:43:15.635561       1 copy.go:60] Got configMap openshift-kube-apiserver/trusted-ca-bundle
2026-01-28T09:43:15.635848773Z I0128 09:43:15.635826       1 cmd.go:261] Creating directory "/etc/kubernetes/static-pod-resources/kube-apiserver-certs/secrets/aggregator-client" ...
2026-01-28T09:43:15.635864043Z I0128 09:43:15.635855       1 cmd.go:639] Writing secret manifest "/etc/kubernetes/static-pod-resources/kube-apiserver-certs/secrets/aggregator-client/tls.crt" ...
2026-01-28T09:43:15.636050837Z I0128 09:43:15.636026       1 cmd.go:639] Writing secret manifest "/etc/kubernetes/static-pod-resources/kube-apiserver-certs/secrets/aggregator-client/tls.key" ...
2026-01-28T09:43:15.636599750Z I0128 09:43:15.636575       1 cmd.go:261] Creating directory "/etc/kubernetes/static-pod-resources/kube-apiserver-certs/secrets/bound-service-account-signing-key" ...
2026-01-28T09:43:15.636666851Z I0128 09:43:15.636643       1 cmd.go:639] Writing secret manifest "/etc/kubernetes/static-pod-resources/kube-apiserver-certs/secrets/bound-service-account-signing-key/service-account.key" ...
2026-01-28T09:43:15.636846415Z I0128 09:43:15.636799       1 cmd.go:639] Writing secret manifest "/etc/kubernetes/static-pod-resources/kube-apiserver-certs/secrets/bound-service-account-signing-key/service-account.pub" ...
2026-01-28T09:43:15.636941888Z I0128 09:43:15.636917       1 cmd.go:261] Creating directory "/etc/kubernetes/static-pod-resources/kube-apiserver-certs/secrets/check-endpoints-client-cert-key" ...
2026-01-28T09:43:15.636941888Z I0128 09:43:15.636936       1 cmd.go:639] Writing secret manifest "/etc/kubernetes/static-pod-resources/kube-apiserver-certs/secrets/check-endpoints-client-cert-key/tls.crt" ...
2026-01-28T09:43:15.637085271Z I0128 09:43:15.637048       1 cmd.go:639] Writing secret manifest "/etc/kubernetes/static-pod-resources/kube-apiserver-certs/secrets/check-endpoints-client-cert-key/tls.key" ...
2026-01-28T09:43:15.637210284Z I0128 09:43:15.637186       1 cmd.go:261] Creating directory "/etc/kubernetes/static-pod-resources/kube-apiserver-certs/secrets/control-plane-node-admin-client-cert-key" ...
2026-01-28T09:43:15.637231444Z I0128 09:43:15.637206       1 cmd.go:639] Writing secret manifest "/etc/kubernetes/static-pod-resources/kube-apiserver-certs/secrets/control-plane-node-admin-client-cert-key/tls.crt" ...
2026-01-28T09:43:15.637340427Z I0128 09:43:15.637318       1 cmd.go:639] Writing secret manifest "/etc/kubernetes/static-pod-resources/kube-apiserver-certs/secrets/control-plane-node-admin-client-cert-key/tls.key" ...
2026-01-28T09:43:15.637446179Z I0128 09:43:15.637423       1 cmd.go:261] Creating directory "/etc/kubernetes/static-pod-resources/kube-apiserver-certs/secrets/external-loadbalancer-serving-certkey" ...
2026-01-28T09:43:15.637467040Z I0128 09:43:15.637441       1 cmd.go:639] Writing secret manifest "/etc/kubernetes/static-pod-resources/kube-apiserver-certs/secrets/external-loadbalancer-serving-certkey/tls.key" ...
2026-01-28T09:43:15.637579382Z I0128 09:43:15.637560       1 cmd.go:639] Writing secret manifest "/etc/kubernetes/static-pod-resources/kube-apiserver-certs/secrets/external-loadbalancer-serving-certkey/tls.crt" ...
2026-01-28T09:43:15.637732786Z I0128 09:43:15.637712       1 cmd.go:261] Creating directory "/etc/kubernetes/static-pod-resources/kube-apiserver-certs/secrets/internal-loadbalancer-serving-certkey" ...
2026-01-28T09:43:15.637764066Z I0128 09:43:15.637734       1 cmd.go:639] Writing secret manifest "/etc/kubernetes/static-pod-resources/kube-apiserver-certs/secrets/internal-loadbalancer-serving-certkey/tls.crt" ...
2026-01-28T09:43:15.637895989Z I0128 09:43:15.637877       1 cmd.go:639] Writing secret manifest "/etc/kubernetes/static-pod-resources/kube-apiserver-certs/secrets/internal-loadbalancer-serving-certkey/tls.key" ...
2026-01-28T09:43:15.638458082Z I0128 09:43:15.638436       1 cmd.go:261] Creating directory "/etc/kubernetes/static-pod-resources/kube-apiserver-certs/secrets/kubelet-client" ...
2026-01-28T09:43:15.638528744Z I0128 09:43:15.638515       1 cmd.go:639] Writing secret manifest "/etc/kubernetes/static-pod-resources/kube-apiserver-certs/secrets/kubelet-client/tls.key" ...
2026-01-28T09:43:15.638749179Z I0128 09:43:15.638711       1 cmd.go:639] Writing secret manifest "/etc/kubernetes/static-pod-resources/kube-apiserver-certs/secrets/kubelet-client/tls.crt" ...
2026-01-28T09:43:15.638869272Z I0128 09:43:15.638826       1 cmd.go:261] Creating directory "/etc/kubernetes/static-pod-resources/kube-apiserver-certs/secrets/localhost-serving-cert-certkey" ...
2026-01-28T09:43:15.638869272Z I0128 09:43:15.638847       1 cmd.go:639] Writing secret manifest "/etc/kubernetes/static-pod-resources/kube-apiserver-certs/secrets/localhost-serving-cert-certkey/tls.crt" ...
2026-01-28T09:43:15.638993195Z I0128 09:43:15.638973       1 cmd.go:639] Writing secret manifest "/etc/kubernetes/static-pod-resources/kube-apiserver-certs/secrets/localhost-serving-cert-certkey/tls.key" ...
2026-01-28T09:43:15.639605678Z I0128 09:43:15.639586       1 cmd.go:261] Creating directory "/etc/kubernetes/static-pod-resources/kube-apiserver-certs/secrets/node-kubeconfigs" ...
2026-01-28T09:43:15.639661710Z I0128 09:43:15.639648       1 cmd.go:639] Writing secret manifest "/etc/kubernetes/static-pod-resources/kube-apiserver-certs/secrets/node-kubeconfigs/lb-int.kubeconfig" ...
2026-01-28T09:43:15.639819203Z I0128 09:43:15.639800       1 cmd.go:639] Writing secret manifest "/etc/kubernetes/static-pod-resources/kube-apiserver-certs/secrets/node-kubeconfigs/localhost-recovery.kubeconfig" ...
2026-01-28T09:43:15.640009658Z I0128 09:43:15.639981       1 cmd.go:639] Writing secret manifest "/etc/kubernetes/static-pod-resources/kube-apiserver-certs/secrets/node-kubeconfigs/localhost.kubeconfig" ...
2026-01-28T09:43:15.640190862Z I0128 09:43:15.640171       1 cmd.go:639] Writing secret manifest "/etc/kubernetes/static-pod-resources/kube-apiserver-certs/secrets/node-kubeconfigs/lb-ext.kubeconfig" ...
2026-01-28T09:43:15.640404657Z I0128 09:43:15.640375       1 cmd.go:261] Creating directory "/etc/kubernetes/static-pod-resources/kube-apiserver-certs/secrets/service-network-serving-certkey" ...
2026-01-28T09:43:15.640404657Z I0128 09:43:15.640392       1 cmd.go:639] Writing secret manifest "/etc/kubernetes/static-pod-resources/kube-apiserver-certs/secrets/service-network-serving-certkey/tls.crt" ...
2026-01-28T09:43:15.640545890Z I0128 09:43:15.640527       1 cmd.go:639] Writing secret manifest "/etc/kubernetes/static-pod-resources/kube-apiserver-certs/secrets/service-network-serving-certkey/tls.key" ...
2026-01-28T09:43:15.640728064Z I0128 09:43:15.640710       1 cmd.go:277] Creating directory "/etc/kubernetes/static-pod-resources/kube-apiserver-certs/configmaps/aggregator-client-ca" ...
2026-01-28T09:43:15.640775535Z I0128 09:43:15.640762       1 cmd.go:629] Writing config file "/etc/kubernetes/static-pod-resources/kube-apiserver-certs/configmaps/aggregator-client-ca/ca-bundle.crt" ...
2026-01-28T09:43:15.640976150Z I0128 09:43:15.640958       1 cmd.go:277] Creating directory "/etc/kubernetes/static-pod-resources/kube-apiserver-certs/configmaps/check-endpoints-kubeconfig" ...
2026-01-28T09:43:15.641032591Z I0128 09:43:15.641019       1 cmd.go:629] Writing config file "/etc/kubernetes/static-pod-resources/kube-apiserver-certs/configmaps/check-endpoints-kubeconfig/kubeconfig" ...
2026-01-28T09:43:15.641239236Z I0128 09:43:15.641199       1 cmd.go:277] Creating directory "/etc/kubernetes/static-pod-resources/kube-apiserver-certs/configmaps/client-ca" ...
2026-01-28T09:43:15.641239236Z I0128 09:43:15.641229       1 cmd.go:629] Writing config file "/etc/kubernetes/static-pod-resources/kube-apiserver-certs/configmaps/client-ca/ca-bundle.crt" ...
2026-01-28T09:43:15.641457591Z I0128 09:43:15.641439       1 cmd.go:277] Creating directory "/etc/kubernetes/static-pod-resources/kube-apiserver-certs/configmaps/control-plane-node-kubeconfig" ...
2026-01-28T09:43:15.641509212Z I0128 09:43:15.641495       1 cmd.go:629] Writing config file "/etc/kubernetes/static-pod-resources/kube-apiserver-certs/configmaps/control-plane-node-kubeconfig/kubeconfig" ...
2026-01-28T09:43:15.641654715Z I0128 09:43:15.641634       1 cmd.go:277] Creating directory "/etc/kubernetes/static-pod-resources/kube-apiserver-certs/configmaps/trusted-ca-bundle" ...
2026-01-28T09:43:15.641703576Z I0128 09:43:15.641685       1 cmd.go:629] Writing config file "/etc/kubernetes/static-pod-resources/kube-apiserver-certs/configmaps/trusted-ca-bundle/ca-bundle.crt" ...
2026-01-28T09:43:15.641953722Z I0128 09:43:15.641928       1 cmd.go:335] Getting pod configmaps/kube-apiserver-pod-5 -n openshift-kube-apiserver
2026-01-28T09:43:15.830646794Z I0128 09:43:15.830601       1 cmd.go:351] Creating directory for static pod manifest "/etc/kubernetes/manifests" ...
2026-01-28T09:43:15.830701785Z I0128 09:43:15.830639       1 cmd.go:379] Writing a pod under "kube-apiserver-pod.yaml" key 
2026-01-28T09:43:15.830701785Z {"kind":"Pod","apiVersion":"v1","metadata":{"name":"kube-apiserver","namespace":"openshift-kube-apiserver","creationTimestamp":null,"labels":{"apiserver":"true","app":"openshift-kube-apiserver","revision":"5"},"annotations":{"kubectl.kubernetes.io/default-container":"kube-apiserver","target.workload.openshift.io/management":"{\"effect\": \"PreferredDuringScheduling\"}"}},"spec":{"volumes":[{"name":"resource-dir","hostPath":{"path":"/etc/kubernetes/static-pod-resources/kube-apiserver-pod-5"}},{"name":"cert-dir","hostPath":{"path":"/etc/kubernetes/static-pod-resources/kube-apiserver-certs"}},{"name":"audit-dir","hostPath":{"path":"/var/log/kube-apiserver"}},{"name":"tmp-dir","emptyDir":{}},{"name":"ca-bundle-dir","emptyDir":{}}],"initContainers":[{"name":"setup","image":"registry.build11.ci.openshift.org/ci-ln-vjb5l1t/stable@sha256:fb1529a27e685fb1b5b13a5d1e935a27c9b9591e884ec8f6c22025208ec02596","command":["/usr/bin/timeout","279","/bin/bash","-ec"],"args":["echo \"Fixing audit permissions ...\"\nchmod 0700 /var/log/kube-apiserver \u0026\u0026 touch /var/log/kube-apiserver/audit.log \u0026\u0026 chmod 0600 /var/log/kube-apiserver/*\n\nLOCK=/var/log/kube-apiserver/.lock\necho \"Acquiring exclusive lock ${LOCK} ...\"\n\n# Waiting for 194s max for old kube-apiserver's watch-termination process to exit and remove the lock.\n# Two cases:\n# 1. if kubelet does not start the old and new in parallel (i.e. works as expected), the flock will always succeed without any time.\n# 2. if kubelet does overlap old and new pods for up to 130s, the flock will wait and immediate return when the old finishes.\n#\n# NOTE: We can increase 194s for a bigger expected overlap. But a higher value means less noise about the broken kubelet behaviour, i.e. we hide a bug.\n# NOTE: Do not tweak these timings without considering the livenessProbe initialDelaySeconds\nexec {LOCK_FD}\u003e${LOCK} \u0026\u0026 flock --verbose -w 194 \"${LOCK_FD}\" || {\n  echo \"$(date -Iseconds -u) kubelet did not terminate old kube-apiserver before new one\" \u003e\u003e /var/log/kube-apiserver/lock.log\n  echo -n \": WARNING: kubelet did not terminate old kube-apiserver before new one.\"\n\n  # We failed to acquire exclusive lock, which means there is old kube-apiserver running in system.\n  # Since we utilize SO_REUSEPORT, we need to make sure the old kube-apiserver stopped listening.\n  #\n  # NOTE: This is a fallback for broken kubelet, if you observe this please report a bug.\n  echo -n \"Waiting for port 6443 to be released due to likely bug in kubelet or CRI-O \"\n  while [ -n \"$(ss -Htan state listening '( sport = 6443 or sport = 6080 )')\" ]; do\n    echo -n \".\"\n    sleep 1\n    (( tries += 1 ))\n    if [[ \"${tries}\" -gt 10 ]]; then\n      echo \"Timed out waiting for port :6443 and :6080 to be released, this is likely a bug in kubelet or CRI-O\"\n      exit 1\n    fi\n  done\n  #  This is to make sure the server has terminated independently from the lock.\n  #  After the port has been freed (requests can be pending and need 60s max).\n  sleep 65\n}\n# We cannot hold the lock from the init container to the main container. We release it here. There is no risk, at this point we know we are safe.\nflock -u \"${LOCK_FD}\"\n"],"resources":{"requests":{"cpu":"5m","memory":"50Mi"}},"volumeMounts":[{"name":"audit-dir","mountPath":"/var/log/kube-apiserver"},{"name":"tmp-dir","mountPath":"/tmp"}],"terminationMessagePolicy":"FallbackToLogsOnError","imagePullPolicy":"IfNotPresent","securityContext":{"privileged":true,"readOnlyRootFilesystem":true}}],"containers":[{"name":"kube-apiserver","image":"registry.build11.ci.openshift.org/ci-ln-vjb5l1t/stable@sha256:fb1529a27e685fb1b5b13a5d1e935a27c9b9591e884ec8f6c22025208ec02596","command":["/bin/bash","-ec"],"args":["LOCK=/var/log/kube-apiserver/.lock\n# We should be able to acquire the lock immediatelly. If not, it means the init container has not released it yet and kubelet or CRI-O started container prematurely.\nexec {LOCK_FD}\u003e${LOCK} \u0026\u0026 flock --verbose -w 30 \"${LOCK_FD}\" || {\n  echo \"Failed to acquire lock for kube-apiserver. Please check setup container for details. This is likely kubelet or CRI-O bug.\"\n  exit 1\n}\nif [ -f /etc/kubernetes/static-pod-certs/configmaps/trusted-ca-bundle/ca-bundle.crt ]; then\n  echo \"Copying system trust bundle ...\"\n  cp -f /etc/kubernetes/static-pod-certs/configmaps/trusted-ca-bundle/ca-bundle.crt /etc/pki/ca-trust/extracted/pem/tls-ca-bundle.pem\nfi\n\nexec watch-termination --termination-touch-file=/var/log/kube-apiserver/.terminating --termination-log-file=/var/log/kube-apiserver/termination.log --graceful-termination-duration=194s --kubeconfig=/etc/kubernetes/static-pod-resources/configmaps/kube-apiserver-cert-syncer-kubeconfig/kubeconfig -- hyperkube kube-apiserver --openshift-config=/etc/kubernetes/static-pod-resources/configmaps/config/config.yaml --advertise-address=${HOST_IP}  -v=2 --permit-address-sharing\n"],"ports":[{"containerPort":6443}],"env":[{"name":"POD_NAME","valueFrom":{"fieldRef":{"fieldPath":"metadata.name"}}},{"name":"POD_NAMESPACE","valueFrom":{"fieldRef":{"fieldPath":"metadata.namespace"}}},{"name":"STATIC_POD_VERSION","value":"5"},{"name":"HOST_IP","valueFrom":{"fieldRef":{"fieldPath":"status.hostIP"}}},{"name":"GOGC","value":"100"}],"resources":{"requests":{"cpu":"265m","memory":"1Gi"}},"volumeMounts":[{"name":"resource-dir","mountPath":"/etc/kubernetes/static-pod-resources"},{"name":"cert-dir","mountPath":"/etc/kubernetes/static-pod-certs"},{"name":"audit-dir","mountPath":"/var/log/kube-apiserver"},{"name":"tmp-dir","mountPath":"/tmp"},{"name":"ca-bundle-dir","mountPath":"/etc/pki/ca-trust/extracted/pem"}],"livenessProbe":{"httpGet":{"path":"livez?exclude=etcd","port":6443,"scheme":"HTTPS"},"timeoutSeconds":10,"periodSeconds":10,"successThreshold":1,"failureThreshold":3},"readinessProbe":{"httpGet":{"path":"readyz","port":6443,"scheme":"HTTPS"},"timeoutSeconds":10,"periodSeconds":5,"successThreshold":1,"failureThreshold":3},"startupProbe":{"httpGet":{"path":"livez","port":6443,"scheme":"HTTPS"},"timeoutSeconds":10,"periodSeconds":5,"successThreshold":1,"failureThreshold":30},"terminationMessagePolicy":"FallbackToLogsOnError","imagePullPolicy":"IfNotPresent","securityContext":{"privileged":true,"readOnlyRootFilesystem":true}},{"name":"kube-apiserver-cert-syncer","image":"registry.build11.ci.openshift.org/ci-ln-vjb5l1t/stable@sha256:0554bda0a96d190367ed63955b942dd3552e1d90e8586dfd9f8879c964bf245d","command":["cluster-kube-apiserver-operator","cert-syncer"],"args":["--kubeconfig=/etc/kubernetes/static-pod-resources/configmaps/kube-apiserver-cert-syncer-kubeconfig/kubeconfig","--namespace=$(POD_NAMESPACE)","--destination-dir=/etc/kubernetes/static-pod-certs"],"env":[{"name":"POD_NAME","valueFrom":{"fieldRef":{"fieldPath":"metadata.name"}}},{"name":"POD_NAMESPACE","valueFrom":{"fieldRef":{"fieldPath":"metadata.namespace"}}}],"resources":{"requests":{"cpu":"5m","memory":"50Mi"}},"volumeMounts":[{"name":"resource-dir","mountPath":"/etc/kubernetes/static-pod-resources"},{"name":"cert-dir","mountPath":"/etc/kubernetes/static-pod-certs"},{"name":"tmp-dir","mountPath":"/tmp"}],"terminationMessagePolicy":"FallbackToLogsOnError","imagePullPolicy":"IfNotPresent","securityContext":{"readOnlyRootFilesystem":true}},{"name":"kube-apiserver-cert-regeneration-controller","image":"registry.build11.ci.openshift.org/ci-ln-vjb5l1t/stable@sha256:0554bda0a96d190367ed63955b942dd3552e1d90e8586dfd9f8879c964bf245d","command":["cluster-kube-apiserver-operator","cert-regeneration-controller"],"args":["--kubeconfig=/etc/kubernetes/static-pod-resources/configmaps/kube-apiserver-cert-syncer-kubeconfig/kubeconfig","--namespace=$(POD_NAMESPACE)","-v=2"],"env":[{"name":"POD_NAMESPACE","valueFrom":{"fieldRef":{"fieldPath":"metadata.namespace"}}},{"name":"OPERATOR_IMAGE_VERSION","value":"4.20.0-0-2026-01-28-090915-test-ci-ln-vjb5l1t-latest"}],"resources":{"requests":{"cpu":"5m","memory":"50Mi"}},"volumeMounts":[{"name":"resource-dir","mountPath":"/etc/kubernetes/static-pod-resources"},{"name":"tmp-dir","mountPath":"/tmp"}],"terminationMessagePolicy":"FallbackToLogsOnError","imagePullPolicy":"IfNotPresent","securityContext":{"readOnlyRootFilesystem":true}},{"name":"kube-apiserver-insecure-readyz","image":"registry.build11.ci.openshift.org/ci-ln-vjb5l1t/stable@sha256:0554bda0a96d190367ed63955b942dd3552e1d90e8586dfd9f8879c964bf245d","command":["cluster-kube-apiserver-operator","insecure-readyz"],"args":["--insecure-port=6080","--delegate-url=https://localhost:6443/readyz"],"ports":[{"containerPort":6080}],"resources":{"requests":{"cpu":"5m","memory":"50Mi"}},"terminationMessagePolicy":"FallbackToLogsOnError","imagePullPolicy":"IfNotPresent","securityContext":{"readOnlyRootFilesystem":true}},{"name":"kube-apiserver-check-endpoints","image":"registry.build11.ci.openshift.org/ci-ln-vjb5l1t/stable@sha256:0554bda0a96d190367ed63955b942dd3552e1d90e8586dfd9f8879c964bf245d","command":["cluster-kube-apiserver-operator","check-endpoints"],"args":["--kubeconfig","/etc/kubernetes/static-pod-certs/configmaps/check-endpoints-kubeconfig/kubeconfig","--listen","0.0.0.0:17697","--namespace","$(POD_NAMESPACE)","--v","2"],"ports":[{"name":"check-endpoints","hostPort":17697,"containerPort":17697,"protocol":"TCP"}],"env":[{"name":"POD_NAME","valueFrom":{"fieldRef":{"fieldPath":"metadata.name"}}},{"name":"POD_NAMESPACE","valueFrom":{"fieldRef":{"fieldPath":"metadata.namespace"}}}],"resources":{"requests":{"cpu":"10m","memory":"50Mi"}},"volumeMounts":[{"name":"resource-dir","mountPath":"/etc/kubernetes/static-pod-resources"},{"name":"cert-dir","mountPath":"/etc/kubernetes/static-pod-certs"},{"name":"tmp-dir","mountPath":"/tmp"}],"livenessProbe":{"httpGet":{"path":"healthz","port":17697,"scheme":"HTTPS"},"initialDelaySeconds":10,"timeoutSeconds":10},"readinessProbe":{"httpGet":{"path":"healthz","port":17697,"scheme":"HTTPS"},"initialDelaySeconds":10,"timeoutSeconds":10},"terminationMessagePolicy":"FallbackToLogsOnError","imagePullPolicy":"IfNotPresent","securityContext":{"readOnlyRootFilesystem":true}}],"terminationGracePeriodSeconds":194,"hostNetwork":true,"tolerations":[{"operator":"Exists"}],"priorityClassName":"system-node-critical","priority":2000001000},"status":{}}
2026-01-28T09:43:15.833184792Z I0128 09:43:15.833154       1 cmd.go:610] Writing pod manifest "/etc/kubernetes/static-pod-resources/kube-apiserver-pod-5/kube-apiserver-pod.yaml" ...
2026-01-28T09:43:15.833391417Z I0128 09:43:15.833370       1 cmd.go:617] Removed existing static pod manifest "/etc/kubernetes/manifests/kube-apiserver-pod.yaml" ...
2026-01-28T09:43:15.833445038Z I0128 09:43:15.833425       1 cmd.go:621] Writing static pod manifest "/etc/kubernetes/manifests/kube-apiserver-pod.yaml" ...
2026-01-28T09:43:15.833445038Z {"kind":"Pod","apiVersion":"v1","metadata":{"name":"kube-apiserver","namespace":"openshift-kube-apiserver","creationTimestamp":null,"labels":{"apiserver":"true","app":"openshift-kube-apiserver","revision":"5"},"annotations":{"kubectl.kubernetes.io/default-container":"kube-apiserver","target.workload.openshift.io/management":"{\"effect\": \"PreferredDuringScheduling\"}"}},"spec":{"volumes":[{"name":"resource-dir","hostPath":{"path":"/etc/kubernetes/static-pod-resources/kube-apiserver-pod-5"}},{"name":"cert-dir","hostPath":{"path":"/etc/kubernetes/static-pod-resources/kube-apiserver-certs"}},{"name":"audit-dir","hostPath":{"path":"/var/log/kube-apiserver"}},{"name":"tmp-dir","emptyDir":{}},{"name":"ca-bundle-dir","emptyDir":{}}],"initContainers":[{"name":"setup","image":"registry.build11.ci.openshift.org/ci-ln-vjb5l1t/stable@sha256:fb1529a27e685fb1b5b13a5d1e935a27c9b9591e884ec8f6c22025208ec02596","command":["/usr/bin/timeout","279","/bin/bash","-ec"],"args":["echo \"Fixing audit permissions ...\"\nchmod 0700 /var/log/kube-apiserver \u0026\u0026 touch /var/log/kube-apiserver/audit.log \u0026\u0026 chmod 0600 /var/log/kube-apiserver/*\n\nLOCK=/var/log/kube-apiserver/.lock\necho \"Acquiring exclusive lock ${LOCK} ...\"\n\n# Waiting for 194s max for old kube-apiserver's watch-termination process to exit and remove the lock.\n# Two cases:\n# 1. if kubelet does not start the old and new in parallel (i.e. works as expected), the flock will always succeed without any time.\n# 2. if kubelet does overlap old and new pods for up to 130s, the flock will wait and immediate return when the old finishes.\n#\n# NOTE: We can increase 194s for a bigger expected overlap. But a higher value means less noise about the broken kubelet behaviour, i.e. we hide a bug.\n# NOTE: Do not tweak these timings without considering the livenessProbe initialDelaySeconds\nexec {LOCK_FD}\u003e${LOCK} \u0026\u0026 flock --verbose -w 194 \"${LOCK_FD}\" || {\n  echo \"$(date -Iseconds -u) kubelet did not terminate old kube-apiserver before new one\" \u003e\u003e /var/log/kube-apiserver/lock.log\n  echo -n \": WARNING: kubelet did not terminate old kube-apiserver before new one.\"\n\n  # We failed to acquire exclusive lock, which means there is old kube-apiserver running in system.\n  # Since we utilize SO_REUSEPORT, we need to make sure the old kube-apiserver stopped listening.\n  #\n  # NOTE: This is a fallback for broken kubelet, if you observe this please report a bug.\n  echo -n \"Waiting for port 6443 to be released due to likely bug in kubelet or CRI-O \"\n  while [ -n \"$(ss -Htan state listening '( sport = 6443 or sport = 6080 )')\" ]; do\n    echo -n \".\"\n    sleep 1\n    (( tries += 1 ))\n    if [[ \"${tries}\" -gt 10 ]]; then\n      echo \"Timed out waiting for port :6443 and :6080 to be released, this is likely a bug in kubelet or CRI-O\"\n      exit 1\n    fi\n  done\n  #  This is to make sure the server has terminated independently from the lock.\n  #  After the port has been freed (requests can be pending and need 60s max).\n  sleep 65\n}\n# We cannot hold the lock from the init container to the main container. We release it here. There is no risk, at this point we know we are safe.\nflock -u \"${LOCK_FD}\"\n"],"resources":{"requests":{"cpu":"5m","memory":"50Mi"}},"volumeMounts":[{"name":"audit-dir","mountPath":"/var/log/kube-apiserver"},{"name":"tmp-dir","mountPath":"/tmp"}],"terminationMessagePolicy":"FallbackToLogsOnError","imagePullPolicy":"IfNotPresent","securityContext":{"privileged":true,"readOnlyRootFilesystem":true}}],"containers":[{"name":"kube-apiserver","image":"registry.build11.ci.openshift.org/ci-ln-vjb5l1t/stable@sha256:fb1529a27e685fb1b5b13a5d1e935a27c9b9591e884ec8f6c22025208ec02596","command":["/bin/bash","-ec"],"args":["LOCK=/var/log/kube-apiserver/.lock\n# We should be able to acquire the lock immediatelly. If not, it means the init container has not released it yet and kubelet or CRI-O started container prematurely.\nexec {LOCK_FD}\u003e${LOCK} \u0026\u0026 flock --verbose -w 30 \"${LOCK_FD}\" || {\n  echo \"Failed to acquire lock for kube-apiserver. Please check setup container for details. This is likely kubelet or CRI-O bug.\"\n  exit 1\n}\nif [ -f /etc/kubernetes/static-pod-certs/configmaps/trusted-ca-bundle/ca-bundle.crt ]; then\n  echo \"Copying system trust bundle ...\"\n  cp -f /etc/kubernetes/static-pod-certs/configmaps/trusted-ca-bundle/ca-bundle.crt /etc/pki/ca-trust/extracted/pem/tls-ca-bundle.pem\nfi\n\nexec watch-termination --termination-touch-file=/var/log/kube-apiserver/.terminating --termination-log-file=/var/log/kube-apiserver/termination.log --graceful-termination-duration=194s --kubeconfig=/etc/kubernetes/static-pod-resources/configmaps/kube-apiserver-cert-syncer-kubeconfig/kubeconfig -- hyperkube kube-apiserver --openshift-config=/etc/kubernetes/static-pod-resources/configmaps/config/config.yaml --advertise-address=${HOST_IP}  -v=2 --permit-address-sharing\n"],"ports":[{"containerPort":6443}],"env":[{"name":"POD_NAME","valueFrom":{"fieldRef":{"fieldPath":"metadata.name"}}},{"name":"POD_NAMESPACE","valueFrom":{"fieldRef":{"fieldPath":"metadata.namespace"}}},{"name":"STATIC_POD_VERSION","value":"5"},{"name":"HOST_IP","valueFrom":{"fieldRef":{"fieldPath":"status.hostIP"}}},{"name":"GOGC","value":"100"}],"resources":{"requests":{"cpu":"265m","memory":"1Gi"}},"volumeMounts":[{"name":"resource-dir","mountPath":"/etc/kubernetes/static-pod-resources"},{"name":"cert-dir","mountPath":"/etc/kubernetes/static-pod-certs"},{"name":"audit-dir","mountPath":"/var/log/kube-apiserver"},{"name":"tmp-dir","mountPath":"/tmp"},{"name":"ca-bundle-dir","mountPath":"/etc/pki/ca-trust/extracted/pem"}],"livenessProbe":{"httpGet":{"path":"livez?exclude=etcd","port":6443,"scheme":"HTTPS"},"timeoutSeconds":10,"periodSeconds":10,"successThreshold":1,"failureThreshold":3},"readinessProbe":{"httpGet":{"path":"readyz","port":6443,"scheme":"HTTPS"},"timeoutSeconds":10,"periodSeconds":5,"successThreshold":1,"failureThreshold":3},"startupProbe":{"httpGet":{"path":"livez","port":6443,"scheme":"HTTPS"},"timeoutSeconds":10,"periodSeconds":5,"successThreshold":1,"failureThreshold":30},"terminationMessagePolicy":"FallbackToLogsOnError","imagePullPolicy":"IfNotPresent","securityContext":{"privileged":true,"readOnlyRootFilesystem":true}},{"name":"kube-apiserver-cert-syncer","image":"registry.build11.ci.openshift.org/ci-ln-vjb5l1t/stable@sha256:0554bda0a96d190367ed63955b942dd3552e1d90e8586dfd9f8879c964bf245d","command":["cluster-kube-apiserver-operator","cert-syncer"],"args":["--kubeconfig=/etc/kubernetes/static-pod-resources/configmaps/kube-apiserver-cert-syncer-kubeconfig/kubeconfig","--namespace=$(POD_NAMESPACE)","--destination-dir=/etc/kubernetes/static-pod-certs"],"env":[{"name":"POD_NAME","valueFrom":{"fieldRef":{"fieldPath":"metadata.name"}}},{"name":"POD_NAMESPACE","valueFrom":{"fieldRef":{"fieldPath":"metadata.namespace"}}}],"resources":{"requests":{"cpu":"5m","memory":"50Mi"}},"volumeMounts":[{"name":"resource-dir","mountPath":"/etc/kubernetes/static-pod-resources"},{"name":"cert-dir","mountPath":"/etc/kubernetes/static-pod-certs"},{"name":"tmp-dir","mountPath":"/tmp"}],"terminationMessagePolicy":"FallbackToLogsOnError","imagePullPolicy":"IfNotPresent","securityContext":{"readOnlyRootFilesystem":true}},{"name":"kube-apiserver-cert-regeneration-controller","image":"registry.build11.ci.openshift.org/ci-ln-vjb5l1t/stable@sha256:0554bda0a96d190367ed63955b942dd3552e1d90e8586dfd9f8879c964bf245d","command":["cluster-kube-apiserver-operator","cert-regeneration-controller"],"args":["--kubeconfig=/etc/kubernetes/static-pod-resources/configmaps/kube-apiserver-cert-syncer-kubeconfig/kubeconfig","--namespace=$(POD_NAMESPACE)","-v=2"],"env":[{"name":"POD_NAMESPACE","valueFrom":{"fieldRef":{"fieldPath":"metadata.namespace"}}},{"name":"OPERATOR_IMAGE_VERSION","value":"4.20.0-0-2026-01-28-090915-test-ci-ln-vjb5l1t-latest"}],"resources":{"requests":{"cpu":"5m","memory":"50Mi"}},"volumeMounts":[{"name":"resource-dir","mountPath":"/etc/kubernetes/static-pod-resources"},{"name":"tmp-dir","mountPath":"/tmp"}],"terminationMessagePolicy":"FallbackToLogsOnError","imagePullPolicy":"IfNotPresent","securityContext":{"readOnlyRootFilesystem":true}},{"name":"kube-apiserver-insecure-readyz","image":"registry.build11.ci.openshift.org/ci-ln-vjb5l1t/stable@sha256:0554bda0a96d190367ed63955b942dd3552e1d90e8586dfd9f8879c964bf245d","command":["cluster-kube-apiserver-operator","insecure-readyz"],"args":["--insecure-port=6080","--delegate-url=https://localhost:6443/readyz"],"ports":[{"containerPort":6080}],"resources":{"requests":{"cpu":"5m","memory":"50Mi"}},"terminationMessagePolicy":"FallbackToLogsOnError","imagePullPolicy":"IfNotPresent","securityContext":{"readOnlyRootFilesystem":true}},{"name":"kube-apiserver-check-endpoints","image":"registry.build11.ci.openshift.org/ci-ln-vjb5l1t/stable@sha256:0554bda0a96d190367ed63955b942dd3552e1d90e8586dfd9f8879c964bf245d","command":["cluster-kube-apiserver-operator","check-endpoints"],"args":["--kubeconfig","/etc/kubernetes/static-pod-certs/configmaps/check-endpoints-kubeconfig/kubeconfig","--listen","0.0.0.0:17697","--namespace","$(POD_NAMESPACE)","--v","2"],"ports":[{"name":"check-endpoints","hostPort":17697,"containerPort":17697,"protocol":"TCP"}],"env":[{"name":"POD_NAME","valueFrom":{"fieldRef":{"fieldPath":"metadata.name"}}},{"name":"POD_NAMESPACE","valueFrom":{"fieldRef":{"fieldPath":"metadata.namespace"}}}],"resources":{"requests":{"cpu":"10m","memory":"50Mi"}},"volumeMounts":[{"name":"resource-dir","mountPath":"/etc/kubernetes/static-pod-resources"},{"name":"cert-dir","mountPath":"/etc/kubernetes/static-pod-certs"},{"name":"tmp-dir","mountPath":"/tmp"}],"livenessProbe":{"httpGet":{"path":"healthz","port":17697,"scheme":"HTTPS"},"initialDelaySeconds":10,"timeoutSeconds":10},"readinessProbe":{"httpGet":{"path":"healthz","port":17697,"scheme":"HTTPS"},"initialDelaySeconds":10,"timeoutSeconds":10},"terminationMessagePolicy":"FallbackToLogsOnError","imagePullPolicy":"IfNotPresent","securityContext":{"readOnlyRootFilesystem":true}}],"terminationGracePeriodSeconds":194,"hostNetwork":true,"tolerations":[{"operator":"Exists"}],"priorityClassName":"system-node-critical","priority":2000001000},"status":{}}
