2026-01-28T09:36:41.993197153Z ++ K8S_NODE=
2026-01-28T09:36:41.993197153Z ++ [[ -n '' ]]
2026-01-28T09:36:41.993197153Z ++ northd_pidfile=/var/run/ovn/ovn-northd.pid
2026-01-28T09:36:41.993197153Z ++ controller_pidfile=/var/run/ovn/ovn-controller.pid
2026-01-28T09:36:41.993285515Z ++ controller_logfile=/var/log/ovn/acl-audit-log.log
2026-01-28T09:36:41.993285515Z ++ vswitch_dbsock=/var/run/openvswitch/db.sock
2026-01-28T09:36:41.993285515Z ++ nbdb_pidfile=/var/run/ovn/ovnnb_db.pid
2026-01-28T09:36:41.993285515Z ++ nbdb_sock=/var/run/ovn/ovnnb_db.sock
2026-01-28T09:36:41.993285515Z ++ nbdb_ctl=/var/run/ovn/ovnnb_db.ctl
2026-01-28T09:36:41.993285515Z ++ sbdb_pidfile=/var/run/ovn/ovnsb_db.pid
2026-01-28T09:36:41.993285515Z ++ sbdb_sock=/var/run/ovn/ovnsb_db.sock
2026-01-28T09:36:41.993285515Z ++ sbdb_ctl=/var/run/ovn/ovnsb_db.ctl
2026-01-28T09:36:41.994329696Z + start-audit-log-rotation
2026-01-28T09:36:41.994345696Z + MAXFILESIZE=50000000
2026-01-28T09:36:41.994345696Z + MAXLOGFILES=5
2026-01-28T09:36:41.994607131Z ++ dirname /var/log/ovn/acl-audit-log.log
2026-01-28T09:36:41.996165722Z + LOGDIR=/var/log/ovn
2026-01-28T09:36:41.996165722Z + local retries=0
2026-01-28T09:36:41.996182493Z + [[ 30 -gt 0 ]]
2026-01-28T09:36:41.996182493Z + ((  retries += 1  ))
2026-01-28T09:36:41.996444728Z ++ cat /var/run/ovn/ovn-controller.pid
2026-01-28T09:36:41.997913627Z + CONTROLLERPID=2984
2026-01-28T09:36:41.997913627Z + [[ -n 2984 ]]
2026-01-28T09:36:41.997913627Z + break
2026-01-28T09:36:41.997933528Z + [[ -z 2984 ]]
2026-01-28T09:36:41.998089581Z + true
2026-01-28T09:36:41.998120901Z + '[' -f /var/log/ovn/acl-audit-log.log ']'
2026-01-28T09:36:41.998132872Z + tail -F /var/log/ovn/acl-audit-log.log
2026-01-28T09:36:41.998667763Z ++ du -b /var/log/ovn/acl-audit-log.log
2026-01-28T09:36:41.998911107Z ++ tr -s '\t' ' '
2026-01-28T09:36:41.999037590Z ++ cut '-d ' -f1
2026-01-28T09:36:42.008080601Z + file_size=0
2026-01-28T09:36:42.008097942Z + '[' 0 -gt 50000000 ']'
2026-01-28T09:36:42.008634163Z ++ ls -1 /var/log/ovn/acl-audit-log.log
2026-01-28T09:36:42.008705704Z ++ wc -l
2026-01-28T09:36:42.015598352Z + num_files=1
2026-01-28T09:36:42.015614782Z + '[' 1 -gt 5 ']'
2026-01-28T09:36:42.015614782Z + sleep 30
2026-01-28T09:37:12.017484610Z + true
2026-01-28T09:37:12.017484610Z + '[' -f /var/log/ovn/acl-audit-log.log ']'
2026-01-28T09:37:12.018197215Z ++ du -b /var/log/ovn/acl-audit-log.log
2026-01-28T09:37:12.018307438Z ++ tr -s '\t' ' '
2026-01-28T09:37:12.018505032Z ++ cut '-d ' -f1
2026-01-28T09:37:12.020234279Z + file_size=0
2026-01-28T09:37:12.020255720Z + '[' 0 -gt 50000000 ']'
2026-01-28T09:37:12.020782071Z ++ ls -1 /var/log/ovn/acl-audit-log.log
2026-01-28T09:37:12.020906224Z ++ wc -l
2026-01-28T09:37:12.022487178Z + num_files=1
2026-01-28T09:37:12.022507359Z + '[' 1 -gt 5 ']'
2026-01-28T09:37:12.022507359Z + sleep 30
2026-01-28T09:37:42.024413416Z + true
2026-01-28T09:37:42.024481417Z + '[' -f /var/log/ovn/acl-audit-log.log ']'
2026-01-28T09:37:42.025073179Z ++ du -b /var/log/ovn/acl-audit-log.log
2026-01-28T09:37:42.025305464Z ++ tr -s '\t' ' '
2026-01-28T09:37:42.025459217Z ++ cut '-d ' -f1
2026-01-28T09:37:42.027216952Z + file_size=0
2026-01-28T09:37:42.027241073Z + '[' 0 -gt 50000000 ']'
2026-01-28T09:37:42.027737543Z ++ ls -1 /var/log/ovn/acl-audit-log.log
2026-01-28T09:37:42.027810764Z ++ wc -l
2026-01-28T09:37:42.029231283Z + num_files=1
2026-01-28T09:37:42.029258503Z + '[' 1 -gt 5 ']'
2026-01-28T09:37:42.029258503Z + sleep 30
2026-01-28T09:38:12.031176733Z + true
2026-01-28T09:38:12.031270285Z + '[' -f /var/log/ovn/acl-audit-log.log ']'
2026-01-28T09:38:12.031848617Z ++ du -b /var/log/ovn/acl-audit-log.log
2026-01-28T09:38:12.031978179Z ++ tr -s '\t' ' '
2026-01-28T09:38:12.032161683Z ++ cut '-d ' -f1
2026-01-28T09:38:12.033877986Z + file_size=0
2026-01-28T09:38:12.033906157Z + '[' 0 -gt 50000000 ']'
2026-01-28T09:38:12.034369546Z ++ ls -1 /var/log/ovn/acl-audit-log.log
2026-01-28T09:38:12.034450578Z ++ wc -l
2026-01-28T09:38:12.035909236Z + num_files=1
2026-01-28T09:38:12.035936637Z + '[' 1 -gt 5 ']'
2026-01-28T09:38:12.035936637Z + sleep 30
2026-01-28T09:38:42.037500117Z + true
2026-01-28T09:38:42.037564369Z + '[' -f /var/log/ovn/acl-audit-log.log ']'
2026-01-28T09:38:42.038195931Z ++ du -b /var/log/ovn/acl-audit-log.log
2026-01-28T09:38:42.038354474Z ++ tr -s '\t' ' '
2026-01-28T09:38:42.038548378Z ++ cut '-d ' -f1
2026-01-28T09:38:42.040306132Z + file_size=0
2026-01-28T09:38:42.040333412Z + '[' 0 -gt 50000000 ']'
2026-01-28T09:38:42.040836372Z ++ ls -1 /var/log/ovn/acl-audit-log.log
2026-01-28T09:38:42.040913844Z ++ wc -l
2026-01-28T09:38:42.042460084Z + num_files=1
2026-01-28T09:38:42.042460084Z + '[' 1 -gt 5 ']'
2026-01-28T09:38:42.042491405Z + sleep 30
2026-01-28T09:39:12.044073214Z + true
2026-01-28T09:39:12.044073214Z + '[' -f /var/log/ovn/acl-audit-log.log ']'
2026-01-28T09:39:12.044675775Z ++ du -b /var/log/ovn/acl-audit-log.log
2026-01-28T09:39:12.044817658Z ++ tr -s '\t' ' '
2026-01-28T09:39:12.045053023Z ++ cut '-d ' -f1
2026-01-28T09:39:12.046806876Z + file_size=0
2026-01-28T09:39:12.046831907Z + '[' 0 -gt 50000000 ']'
2026-01-28T09:39:12.047317326Z ++ ls -1 /var/log/ovn/acl-audit-log.log
2026-01-28T09:39:12.047397648Z ++ wc -l
2026-01-28T09:39:12.048879826Z + num_files=1
2026-01-28T09:39:12.048908317Z + '[' 1 -gt 5 ']'
2026-01-28T09:39:12.048908317Z + sleep 30
2026-01-28T09:39:42.050534478Z + true
2026-01-28T09:39:42.050534478Z + '[' -f /var/log/ovn/acl-audit-log.log ']'
2026-01-28T09:39:42.051197501Z ++ du -b /var/log/ovn/acl-audit-log.log
2026-01-28T09:39:42.051368554Z ++ tr -s '\t' ' '
2026-01-28T09:39:42.051518467Z ++ cut '-d ' -f1
2026-01-28T09:39:42.053270962Z + file_size=0
2026-01-28T09:39:42.053294952Z + '[' 0 -gt 50000000 ']'
2026-01-28T09:39:42.053810602Z ++ ls -1 /var/log/ovn/acl-audit-log.log
2026-01-28T09:39:42.053884714Z ++ wc -l
2026-01-28T09:39:42.055353842Z + num_files=1
2026-01-28T09:39:42.055375563Z + '[' 1 -gt 5 ']'
2026-01-28T09:39:42.055375563Z + sleep 30
2026-01-28T09:40:12.056923949Z + true
2026-01-28T09:40:12.056979740Z + '[' -f /var/log/ovn/acl-audit-log.log ']'
2026-01-28T09:40:12.057561261Z ++ du -b /var/log/ovn/acl-audit-log.log
2026-01-28T09:40:12.057805476Z ++ tr -s '\t' ' '
2026-01-28T09:40:12.057955709Z ++ cut '-d ' -f1
2026-01-28T09:40:12.059703083Z + file_size=0
2026-01-28T09:40:12.059731584Z + '[' 0 -gt 50000000 ']'
2026-01-28T09:40:12.060239433Z ++ ls -1 /var/log/ovn/acl-audit-log.log
2026-01-28T09:40:12.060320335Z ++ wc -l
2026-01-28T09:40:12.061813064Z + num_files=1
2026-01-28T09:40:12.061813064Z + '[' 1 -gt 5 ']'
2026-01-28T09:40:12.061813064Z + sleep 30
2026-01-28T09:40:42.063407602Z + true
2026-01-28T09:40:42.063469124Z + '[' -f /var/log/ovn/acl-audit-log.log ']'
2026-01-28T09:40:42.064044253Z ++ du -b /var/log/ovn/acl-audit-log.log
2026-01-28T09:40:42.064195426Z ++ tr -s '\t' ' '
2026-01-28T09:40:42.064391069Z ++ cut '-d ' -f1
2026-01-28T09:40:42.066143669Z + file_size=0
2026-01-28T09:40:42.066174510Z + '[' 0 -gt 50000000 ']'
2026-01-28T09:40:42.066647518Z ++ ls -1 /var/log/ovn/acl-audit-log.log
2026-01-28T09:40:42.066775260Z ++ wc -l
2026-01-28T09:40:42.068232795Z + num_files=1
2026-01-28T09:40:42.068262885Z + '[' 1 -gt 5 ']'
2026-01-28T09:40:42.068262885Z + sleep 30
2026-01-28T09:41:12.070023410Z + true
2026-01-28T09:41:12.070110492Z + '[' -f /var/log/ovn/acl-audit-log.log ']'
2026-01-28T09:41:12.070860506Z ++ du -b /var/log/ovn/acl-audit-log.log
2026-01-28T09:41:12.071004719Z ++ tr -s '\t' ' '
2026-01-28T09:41:12.071235033Z ++ cut '-d ' -f1
2026-01-28T09:41:12.073021667Z + file_size=0
2026-01-28T09:41:12.073052707Z + '[' 0 -gt 50000000 ']'
2026-01-28T09:41:12.073533936Z ++ ls -1 /var/log/ovn/acl-audit-log.log
2026-01-28T09:41:12.073621788Z ++ wc -l
2026-01-28T09:41:12.075095716Z + num_files=1
2026-01-28T09:41:12.075126516Z + '[' 1 -gt 5 ']'
2026-01-28T09:41:12.075126516Z + sleep 30
2026-01-28T09:41:42.076748513Z + true
2026-01-28T09:41:42.076748513Z + '[' -f /var/log/ovn/acl-audit-log.log ']'
2026-01-28T09:41:42.077404446Z ++ du -b /var/log/ovn/acl-audit-log.log
2026-01-28T09:41:42.077556989Z ++ tr -s '\t' ' '
2026-01-28T09:41:42.077795593Z ++ cut '-d ' -f1
2026-01-28T09:41:42.079558617Z + file_size=0
2026-01-28T09:41:42.079582488Z + '[' 0 -gt 50000000 ']'
2026-01-28T09:41:42.080099358Z ++ ls -1 /var/log/ovn/acl-audit-log.log
2026-01-28T09:41:42.080170679Z ++ wc -l
2026-01-28T09:41:42.081640208Z + num_files=1
2026-01-28T09:41:42.081666238Z + '[' 1 -gt 5 ']'
2026-01-28T09:41:42.081679898Z + sleep 30
2026-01-28T09:42:12.083307921Z + true
2026-01-28T09:42:12.083307921Z + '[' -f /var/log/ovn/acl-audit-log.log ']'
2026-01-28T09:42:12.083918422Z ++ du -b /var/log/ovn/acl-audit-log.log
2026-01-28T09:42:12.084106726Z ++ tr -s '\t' ' '
2026-01-28T09:42:12.084273369Z ++ cut '-d ' -f1
2026-01-28T09:42:12.085911460Z + file_size=0
2026-01-28T09:42:12.085943091Z + '[' 0 -gt 50000000 ']'
2026-01-28T09:42:12.086426830Z ++ ls -1 /var/log/ovn/acl-audit-log.log
2026-01-28T09:42:12.086512252Z ++ wc -l
2026-01-28T09:42:12.087973930Z + num_files=1
2026-01-28T09:42:12.088002161Z + '[' 1 -gt 5 ']'
2026-01-28T09:42:12.088002161Z + sleep 30
2026-01-28T09:42:42.089542137Z + true
2026-01-28T09:42:42.089542137Z + '[' -f /var/log/ovn/acl-audit-log.log ']'
2026-01-28T09:42:42.090260120Z ++ du -b /var/log/ovn/acl-audit-log.log
2026-01-28T09:42:42.090426283Z ++ tr -s '\t' ' '
2026-01-28T09:42:42.090596697Z ++ cut '-d ' -f1
2026-01-28T09:42:42.092550514Z + file_size=0
2026-01-28T09:42:42.092581425Z + '[' 0 -gt 50000000 ']'
2026-01-28T09:42:42.093165036Z ++ ls -1 /var/log/ovn/acl-audit-log.log
2026-01-28T09:42:42.093242228Z ++ wc -l
2026-01-28T09:42:42.095154404Z + num_files=1
2026-01-28T09:42:42.095184755Z + '[' 1 -gt 5 ']'
2026-01-28T09:42:42.095184755Z + sleep 30
2026-01-28T09:43:12.096817527Z + true
2026-01-28T09:43:12.096890298Z + '[' -f /var/log/ovn/acl-audit-log.log ']'
2026-01-28T09:43:12.097466009Z ++ du -b /var/log/ovn/acl-audit-log.log
2026-01-28T09:43:12.097694103Z ++ tr -s '\t' ' '
2026-01-28T09:43:12.097860967Z ++ cut '-d ' -f1
2026-01-28T09:43:12.099616289Z + file_size=0
2026-01-28T09:43:12.099616289Z + '[' 0 -gt 50000000 ']'
2026-01-28T09:43:12.100173639Z ++ ls -1 /var/log/ovn/acl-audit-log.log
2026-01-28T09:43:12.100217720Z ++ wc -l
2026-01-28T09:43:12.101860370Z + num_files=1
2026-01-28T09:43:12.101888631Z + '[' 1 -gt 5 ']'
2026-01-28T09:43:12.101888631Z + sleep 30
2026-01-28T09:43:42.103515981Z + true
2026-01-28T09:43:42.103515981Z + '[' -f /var/log/ovn/acl-audit-log.log ']'
2026-01-28T09:43:42.104161852Z ++ du -b /var/log/ovn/acl-audit-log.log
2026-01-28T09:43:42.104319545Z ++ tr -s '\t' ' '
2026-01-28T09:43:42.104481268Z ++ cut '-d ' -f1
2026-01-28T09:43:42.106305321Z + file_size=0
2026-01-28T09:43:42.106335641Z + '[' 0 -gt 50000000 ']'
2026-01-28T09:43:42.106855670Z ++ ls -1 /var/log/ovn/acl-audit-log.log
2026-01-28T09:43:42.106927592Z ++ wc -l
2026-01-28T09:43:42.108389588Z + num_files=1
2026-01-28T09:43:42.108418068Z + '[' 1 -gt 5 ']'
2026-01-28T09:43:42.108418068Z + sleep 30
2026-01-28T09:44:12.110030244Z + true
2026-01-28T09:44:12.110030244Z + '[' -f /var/log/ovn/acl-audit-log.log ']'
2026-01-28T09:44:12.110687447Z ++ du -b /var/log/ovn/acl-audit-log.log
2026-01-28T09:44:12.110884050Z ++ tr -s '\t' ' '
2026-01-28T09:44:12.111091234Z ++ cut '-d ' -f1
2026-01-28T09:44:12.112871657Z + file_size=0
2026-01-28T09:44:12.112901298Z + '[' 0 -gt 50000000 ']'
2026-01-28T09:44:12.113405217Z ++ ls -1 /var/log/ovn/acl-audit-log.log
2026-01-28T09:44:12.113485369Z ++ wc -l
2026-01-28T09:44:12.114947846Z + num_files=1
2026-01-28T09:44:12.114947846Z + '[' 1 -gt 5 ']'
2026-01-28T09:44:12.114978947Z + sleep 30
2026-01-28T09:44:42.116635869Z + true
2026-01-28T09:44:42.116635869Z + '[' -f /var/log/ovn/acl-audit-log.log ']'
2026-01-28T09:44:42.117368761Z ++ du -b /var/log/ovn/acl-audit-log.log
2026-01-28T09:44:42.117543414Z ++ tr -s '\t' ' '
2026-01-28T09:44:42.117690476Z ++ cut '-d ' -f1
2026-01-28T09:44:42.119438514Z + file_size=0
2026-01-28T09:44:42.119464275Z + '[' 0 -gt 50000000 ']'
2026-01-28T09:44:42.119986534Z ++ ls -1 /var/log/ovn/acl-audit-log.log
2026-01-28T09:44:42.120072935Z ++ wc -l
2026-01-28T09:44:42.121631750Z + num_files=1
2026-01-28T09:44:42.121655641Z + '[' 1 -gt 5 ']'
2026-01-28T09:44:42.121655641Z + sleep 30
2026-01-28T09:45:12.123201912Z + true
2026-01-28T09:45:12.123201912Z + '[' -f /var/log/ovn/acl-audit-log.log ']'
2026-01-28T09:45:12.123838544Z ++ du -b /var/log/ovn/acl-audit-log.log
2026-01-28T09:45:12.124036977Z ++ tr -s '\t' ' '
2026-01-28T09:45:12.124306292Z ++ cut '-d ' -f1
2026-01-28T09:45:12.126154366Z + file_size=0
2026-01-28T09:45:12.126180406Z + '[' 0 -gt 50000000 ']'
2026-01-28T09:45:12.126665285Z ++ ls -1 /var/log/ovn/acl-audit-log.log
2026-01-28T09:45:12.126787177Z ++ wc -l
2026-01-28T09:45:12.128256024Z + num_files=1
2026-01-28T09:45:12.128284324Z + '[' 1 -gt 5 ']'
2026-01-28T09:45:12.128284324Z + sleep 30
2026-01-28T09:45:42.129916871Z + true
2026-01-28T09:45:42.129975012Z + '[' -f /var/log/ovn/acl-audit-log.log ']'
2026-01-28T09:45:42.130532792Z ++ du -b /var/log/ovn/acl-audit-log.log
2026-01-28T09:45:42.130704726Z ++ tr -s '\t' ' '
2026-01-28T09:45:42.130897839Z ++ cut '-d ' -f1
2026-01-28T09:45:42.132578511Z + file_size=0
2026-01-28T09:45:42.132604991Z + '[' 0 -gt 50000000 ']'
2026-01-28T09:45:42.133102881Z ++ ls -1 /var/log/ovn/acl-audit-log.log
2026-01-28T09:45:42.133185212Z ++ wc -l
2026-01-28T09:45:42.134635279Z + num_files=1
2026-01-28T09:45:42.134662010Z + '[' 1 -gt 5 ']'
2026-01-28T09:45:42.134662010Z + sleep 30
2026-01-28T09:46:12.136239227Z + true
2026-01-28T09:46:12.136291888Z + '[' -f /var/log/ovn/acl-audit-log.log ']'
2026-01-28T09:46:12.136897749Z ++ du -b /var/log/ovn/acl-audit-log.log
2026-01-28T09:46:12.137041742Z ++ tr -s '\t' ' '
2026-01-28T09:46:12.137231226Z ++ cut '-d ' -f1
2026-01-28T09:46:12.138951518Z + file_size=0
2026-01-28T09:46:12.138983988Z + '[' 0 -gt 50000000 ']'
2026-01-28T09:46:12.139494078Z ++ ls -1 /var/log/ovn/acl-audit-log.log
2026-01-28T09:46:12.139578070Z ++ wc -l
2026-01-28T09:46:12.141270891Z + num_files=1
2026-01-28T09:46:12.141299072Z + '[' 1 -gt 5 ']'
2026-01-28T09:46:12.141299072Z + sleep 30
2026-01-28T09:46:42.142926124Z + true
2026-01-28T09:46:42.142926124Z + '[' -f /var/log/ovn/acl-audit-log.log ']'
2026-01-28T09:46:42.143515645Z ++ du -b /var/log/ovn/acl-audit-log.log
2026-01-28T09:46:42.143702459Z ++ tr -s '\t' ' '
2026-01-28T09:46:42.143890342Z ++ cut '-d ' -f1
2026-01-28T09:46:42.145570043Z + file_size=0
2026-01-28T09:46:42.145595154Z + '[' 0 -gt 50000000 ']'
2026-01-28T09:46:42.146096043Z ++ ls -1 /var/log/ovn/acl-audit-log.log
2026-01-28T09:46:42.146159294Z ++ wc -l
2026-01-28T09:46:42.147658982Z + num_files=1
2026-01-28T09:46:42.147685802Z + '[' 1 -gt 5 ']'
2026-01-28T09:46:42.147685802Z + sleep 30
2026-01-28T09:47:12.149480734Z + true
2026-01-28T09:47:12.149480734Z + '[' -f /var/log/ovn/acl-audit-log.log ']'
2026-01-28T09:47:12.150213637Z ++ du -b /var/log/ovn/acl-audit-log.log
2026-01-28T09:47:12.150389341Z ++ tr -s '\t' ' '
2026-01-28T09:47:12.150549814Z ++ cut '-d ' -f1
2026-01-28T09:47:12.152194225Z + file_size=0
2026-01-28T09:47:12.152219495Z + '[' 0 -gt 50000000 ']'
2026-01-28T09:47:12.152703614Z ++ ls -1 /var/log/ovn/acl-audit-log.log
2026-01-28T09:47:12.152794676Z ++ wc -l
2026-01-28T09:47:12.154297684Z + num_files=1
2026-01-28T09:47:12.154321424Z + '[' 1 -gt 5 ']'
2026-01-28T09:47:12.154321424Z + sleep 30
2026-01-28T09:47:42.155963234Z + true
2026-01-28T09:47:42.155963234Z + '[' -f /var/log/ovn/acl-audit-log.log ']'
2026-01-28T09:47:42.156625966Z ++ du -b /var/log/ovn/acl-audit-log.log
2026-01-28T09:47:42.156809830Z ++ tr -s '\t' ' '
2026-01-28T09:47:42.157015873Z ++ cut '-d ' -f1
2026-01-28T09:47:42.158699865Z + file_size=0
2026-01-28T09:47:42.158731555Z + '[' 0 -gt 50000000 ']'
2026-01-28T09:47:42.159253225Z ++ ls -1 /var/log/ovn/acl-audit-log.log
2026-01-28T09:47:42.159316866Z ++ wc -l
2026-01-28T09:47:42.160797854Z + num_files=1
2026-01-28T09:47:42.160826365Z + '[' 1 -gt 5 ']'
2026-01-28T09:47:42.160826365Z + sleep 30
2026-01-28T09:48:12.162503267Z + true
2026-01-28T09:48:12.162503267Z + '[' -f /var/log/ovn/acl-audit-log.log ']'
2026-01-28T09:48:12.163154889Z ++ du -b /var/log/ovn/acl-audit-log.log
2026-01-28T09:48:12.163276212Z ++ tr -s '\t' ' '
2026-01-28T09:48:12.163507726Z ++ cut '-d ' -f1
2026-01-28T09:48:12.165250739Z + file_size=0
2026-01-28T09:48:12.165275989Z + '[' 0 -gt 50000000 ']'
2026-01-28T09:48:12.165783338Z ++ ls -1 /var/log/ovn/acl-audit-log.log
2026-01-28T09:48:12.165876930Z ++ wc -l
2026-01-28T09:48:12.167340127Z + num_files=1
2026-01-28T09:48:12.167367518Z + '[' 1 -gt 5 ']'
2026-01-28T09:48:12.167367518Z + sleep 30
2026-01-28T09:48:42.168953819Z + true
2026-01-28T09:48:42.169029341Z + '[' -f /var/log/ovn/acl-audit-log.log ']'
2026-01-28T09:48:42.169602441Z ++ du -b /var/log/ovn/acl-audit-log.log
2026-01-28T09:48:42.169736294Z ++ tr -s '\t' ' '
2026-01-28T09:48:42.169996209Z ++ cut '-d ' -f1
2026-01-28T09:48:42.171694321Z + file_size=0
2026-01-28T09:48:42.171727572Z + '[' 0 -gt 50000000 ']'
2026-01-28T09:48:42.172236011Z ++ ls -1 /var/log/ovn/acl-audit-log.log
2026-01-28T09:48:42.172306092Z ++ wc -l
2026-01-28T09:48:42.173833861Z + num_files=1
2026-01-28T09:48:42.173861192Z + '[' 1 -gt 5 ']'
2026-01-28T09:48:42.173861192Z + sleep 30
2026-01-28T09:49:12.175461513Z + true
2026-01-28T09:49:12.175461513Z + '[' -f /var/log/ovn/acl-audit-log.log ']'
2026-01-28T09:49:12.176185857Z ++ du -b /var/log/ovn/acl-audit-log.log
2026-01-28T09:49:12.176348110Z ++ tr -s '\t' ' '
2026-01-28T09:49:12.176513623Z ++ cut '-d ' -f1
2026-01-28T09:49:12.178363308Z + file_size=0
2026-01-28T09:49:12.178393968Z + '[' 0 -gt 50000000 ']'
2026-01-28T09:49:12.178954949Z ++ ls -1 /var/log/ovn/acl-audit-log.log
2026-01-28T09:49:12.179016380Z ++ wc -l
2026-01-28T09:49:12.180616000Z + num_files=1
2026-01-28T09:49:12.180645881Z + '[' 1 -gt 5 ']'
2026-01-28T09:49:12.180645881Z + sleep 30
2026-01-28T09:49:42.182515110Z + true
2026-01-28T09:49:42.182614472Z + '[' -f /var/log/ovn/acl-audit-log.log ']'
2026-01-28T09:49:42.183421607Z ++ du -b /var/log/ovn/acl-audit-log.log
2026-01-28T09:49:42.183570579Z ++ tr -s '\t' ' '
2026-01-28T09:49:42.183734633Z ++ cut '-d ' -f1
2026-01-28T09:49:42.185463746Z + file_size=0
2026-01-28T09:49:42.185490706Z + '[' 0 -gt 50000000 ']'
2026-01-28T09:49:42.186008966Z ++ ls -1 /var/log/ovn/acl-audit-log.log
2026-01-28T09:49:42.186093838Z ++ wc -l
2026-01-28T09:49:42.187546745Z + num_files=1
2026-01-28T09:49:42.187572996Z + '[' 1 -gt 5 ']'
2026-01-28T09:49:42.187572996Z + sleep 30
2026-01-28T09:50:12.189112571Z + true
2026-01-28T09:50:12.189112571Z + '[' -f /var/log/ovn/acl-audit-log.log ']'
2026-01-28T09:50:12.189706152Z ++ du -b /var/log/ovn/acl-audit-log.log
2026-01-28T09:50:12.189960427Z ++ tr -s '\t' ' '
2026-01-28T09:50:12.190149841Z ++ cut '-d ' -f1
2026-01-28T09:50:12.191791922Z + file_size=0
2026-01-28T09:50:12.191820012Z + '[' 0 -gt 50000000 ']'
2026-01-28T09:50:12.192287031Z ++ ls -1 /var/log/ovn/acl-audit-log.log
2026-01-28T09:50:12.192378013Z ++ wc -l
2026-01-28T09:50:12.193860391Z + num_files=1
2026-01-28T09:50:12.193889071Z + '[' 1 -gt 5 ']'
2026-01-28T09:50:12.193889071Z + sleep 30
2026-01-28T09:50:42.195478157Z + true
2026-01-28T09:50:42.195478157Z + '[' -f /var/log/ovn/acl-audit-log.log ']'
2026-01-28T09:50:42.196108529Z ++ du -b /var/log/ovn/acl-audit-log.log
2026-01-28T09:50:42.196253162Z ++ tr -s '\t' ' '
2026-01-28T09:50:42.196430385Z ++ cut '-d ' -f1
2026-01-28T09:50:42.198181668Z + file_size=0
2026-01-28T09:50:42.198213009Z + '[' 0 -gt 50000000 ']'
2026-01-28T09:50:42.198680497Z ++ ls -1 /var/log/ovn/acl-audit-log.log
2026-01-28T09:50:42.198785350Z ++ wc -l
2026-01-28T09:50:42.200233487Z + num_files=1
2026-01-28T09:50:42.200260897Z + '[' 1 -gt 5 ']'
2026-01-28T09:50:42.200260897Z + sleep 30
2026-01-28T09:51:12.201841030Z + true
2026-01-28T09:51:12.201900591Z + '[' -f /var/log/ovn/acl-audit-log.log ']'
2026-01-28T09:51:12.202467871Z ++ du -b /var/log/ovn/acl-audit-log.log
2026-01-28T09:51:12.202619145Z ++ tr -s '\t' ' '
2026-01-28T09:51:12.202844769Z ++ cut '-d ' -f1
2026-01-28T09:51:12.204610972Z + file_size=0
2026-01-28T09:51:12.204639433Z + '[' 0 -gt 50000000 ']'
2026-01-28T09:51:12.205134782Z ++ ls -1 /var/log/ovn/acl-audit-log.log
2026-01-28T09:51:12.205221114Z ++ wc -l
2026-01-28T09:51:12.206631471Z + num_files=1
2026-01-28T09:51:12.206659942Z + '[' 1 -gt 5 ']'
2026-01-28T09:51:12.206659942Z + sleep 30
2026-01-28T09:51:42.208151086Z + true
2026-01-28T09:51:42.208151086Z + '[' -f /var/log/ovn/acl-audit-log.log ']'
2026-01-28T09:51:42.208695296Z ++ du -b /var/log/ovn/acl-audit-log.log
2026-01-28T09:51:42.208840319Z ++ tr -s '\t' ' '
2026-01-28T09:51:42.209013672Z ++ cut '-d ' -f1
2026-01-28T09:51:42.210722094Z + file_size=0
2026-01-28T09:51:42.210764895Z + '[' 0 -gt 50000000 ']'
2026-01-28T09:51:42.211255384Z ++ ls -1 /var/log/ovn/acl-audit-log.log
2026-01-28T09:51:42.211344806Z ++ wc -l
2026-01-28T09:51:42.212790964Z + num_files=1
2026-01-28T09:51:42.212819754Z + '[' 1 -gt 5 ']'
2026-01-28T09:51:42.212819754Z + sleep 30
2026-01-28T09:52:12.214379954Z + true
2026-01-28T09:52:12.214379954Z + '[' -f /var/log/ovn/acl-audit-log.log ']'
2026-01-28T09:52:12.215495695Z ++ du -b /var/log/ovn/acl-audit-log.log
2026-01-28T09:52:12.215613187Z ++ tr -s '\t' ' '
2026-01-28T09:52:12.215796871Z ++ cut '-d ' -f1
2026-01-28T09:52:12.217514623Z + file_size=0
2026-01-28T09:52:12.217538304Z + '[' 0 -gt 50000000 ']'
2026-01-28T09:52:12.218037543Z ++ ls -1 /var/log/ovn/acl-audit-log.log
2026-01-28T09:52:12.218113345Z ++ wc -l
2026-01-28T09:52:12.219580632Z + num_files=1
2026-01-28T09:52:12.219604003Z + '[' 1 -gt 5 ']'
2026-01-28T09:52:12.219604003Z + sleep 30
2026-01-28T09:52:42.221435572Z + true
2026-01-28T09:52:42.221435572Z + '[' -f /var/log/ovn/acl-audit-log.log ']'
2026-01-28T09:52:42.222049434Z ++ du -b /var/log/ovn/acl-audit-log.log
2026-01-28T09:52:42.222164136Z ++ tr -s '\t' ' '
2026-01-28T09:52:42.222374990Z ++ cut '-d ' -f1
2026-01-28T09:52:42.224126493Z + file_size=0
2026-01-28T09:52:42.224158344Z + '[' 0 -gt 50000000 ']'
2026-01-28T09:52:42.224662784Z ++ ls -1 /var/log/ovn/acl-audit-log.log
2026-01-28T09:52:42.224824657Z ++ wc -l
2026-01-28T09:52:42.226359566Z + num_files=1
2026-01-28T09:52:42.226387647Z + '[' 1 -gt 5 ']'
2026-01-28T09:52:42.226387647Z + sleep 30
2026-01-28T09:53:12.228075738Z + true
2026-01-28T09:53:12.228149019Z + '[' -f /var/log/ovn/acl-audit-log.log ']'
2026-01-28T09:53:12.228686159Z ++ du -b /var/log/ovn/acl-audit-log.log
2026-01-28T09:53:12.228940574Z ++ tr -s '\t' ' '
2026-01-28T09:53:12.229196659Z ++ cut '-d ' -f1
2026-01-28T09:53:12.230916001Z + file_size=0
2026-01-28T09:53:12.230959552Z + '[' 0 -gt 50000000 ']'
2026-01-28T09:53:12.231430021Z ++ ls -1 /var/log/ovn/acl-audit-log.log
2026-01-28T09:53:12.231514863Z ++ wc -l
2026-01-28T09:53:12.233015261Z + num_files=1
2026-01-28T09:53:12.233045851Z + '[' 1 -gt 5 ']'
2026-01-28T09:53:12.233045851Z + sleep 30
2026-01-28T09:53:42.234587721Z + true
2026-01-28T09:53:42.234653742Z + '[' -f /var/log/ovn/acl-audit-log.log ']'
2026-01-28T09:53:42.235273324Z ++ du -b /var/log/ovn/acl-audit-log.log
2026-01-28T09:53:42.235421536Z ++ tr -s '\t' ' '
2026-01-28T09:53:42.235621730Z ++ cut '-d ' -f1
2026-01-28T09:53:42.237344663Z + file_size=0
2026-01-28T09:53:42.237375973Z + '[' 0 -gt 50000000 ']'
2026-01-28T09:53:42.237881973Z ++ ls -1 /var/log/ovn/acl-audit-log.log
2026-01-28T09:53:42.237963494Z ++ wc -l
2026-01-28T09:53:42.239416002Z + num_files=1
2026-01-28T09:53:42.239447552Z + '[' 1 -gt 5 ']'
2026-01-28T09:53:42.239447552Z + sleep 30
2026-01-28T09:54:12.241038708Z + true
2026-01-28T09:54:12.241038708Z + '[' -f /var/log/ovn/acl-audit-log.log ']'
2026-01-28T09:54:12.241676360Z ++ du -b /var/log/ovn/acl-audit-log.log
2026-01-28T09:54:12.241900514Z ++ tr -s '\t' ' '
2026-01-28T09:54:12.242070948Z ++ cut '-d ' -f1
2026-01-28T09:54:12.243886192Z + file_size=0
2026-01-28T09:54:12.243912732Z + '[' 0 -gt 50000000 ']'
2026-01-28T09:54:12.244397011Z ++ ls -1 /var/log/ovn/acl-audit-log.log
2026-01-28T09:54:12.244488153Z ++ wc -l
2026-01-28T09:54:12.245989201Z + num_files=1
2026-01-28T09:54:12.246017872Z + '[' 1 -gt 5 ']'
2026-01-28T09:54:12.246017872Z + sleep 30
2026-01-28T09:54:42.247608277Z + true
2026-01-28T09:54:42.247608277Z + '[' -f /var/log/ovn/acl-audit-log.log ']'
2026-01-28T09:54:42.249120126Z ++ du -b /var/log/ovn/acl-audit-log.log
2026-01-28T09:54:42.249120126Z ++ tr -s '\t' ' '
2026-01-28T09:54:42.249120126Z ++ cut '-d ' -f1
2026-01-28T09:54:42.250354709Z + file_size=0
2026-01-28T09:54:42.250385030Z + '[' 0 -gt 50000000 ']'
2026-01-28T09:54:42.250888799Z ++ ls -1 /var/log/ovn/acl-audit-log.log
2026-01-28T09:54:42.250971431Z ++ wc -l
2026-01-28T09:54:42.252825366Z + num_files=1
2026-01-28T09:54:42.252825366Z + '[' 1 -gt 5 ']'
2026-01-28T09:54:42.252855227Z + sleep 30
2026-01-28T09:55:12.254639067Z + true
2026-01-28T09:55:12.254639067Z + '[' -f /var/log/ovn/acl-audit-log.log ']'
2026-01-28T09:55:12.255207558Z ++ du -b /var/log/ovn/acl-audit-log.log
2026-01-28T09:55:12.255370461Z ++ tr -s '\t' ' '
2026-01-28T09:55:12.255571875Z ++ cut '-d ' -f1
2026-01-28T09:55:12.257382419Z + file_size=0
2026-01-28T09:55:12.257411790Z + '[' 0 -gt 50000000 ']'
2026-01-28T09:55:12.257948910Z ++ ls -1 /var/log/ovn/acl-audit-log.log
2026-01-28T09:55:12.258007191Z ++ wc -l
2026-01-28T09:55:12.259527960Z + num_files=1
2026-01-28T09:55:12.259557710Z + '[' 1 -gt 5 ']'
2026-01-28T09:55:12.259557710Z + sleep 30
2026-01-28T09:55:42.261254114Z + true
2026-01-28T09:55:42.261299755Z + '[' -f /var/log/ovn/acl-audit-log.log ']'
2026-01-28T09:55:42.261987318Z ++ du -b /var/log/ovn/acl-audit-log.log
2026-01-28T09:55:42.262154611Z ++ tr -s '\t' ' '
2026-01-28T09:55:42.262345105Z ++ cut '-d ' -f1
2026-01-28T09:55:42.264042527Z + file_size=0
2026-01-28T09:55:42.264068107Z + '[' 0 -gt 50000000 ']'
2026-01-28T09:55:42.264549096Z ++ ls -1 /var/log/ovn/acl-audit-log.log
2026-01-28T09:55:42.264628498Z ++ wc -l
2026-01-28T09:55:42.266083376Z + num_files=1
2026-01-28T09:55:42.266114506Z + '[' 1 -gt 5 ']'
2026-01-28T09:55:42.266114506Z + sleep 30
2026-01-28T09:56:12.267673305Z + true
2026-01-28T09:56:12.267722126Z + '[' -f /var/log/ovn/acl-audit-log.log ']'
2026-01-28T09:56:12.268271676Z ++ du -b /var/log/ovn/acl-audit-log.log
2026-01-28T09:56:12.268787175Z ++ tr -s '\t' ' '
2026-01-28T09:56:12.268787175Z ++ cut '-d ' -f1
2026-01-28T09:56:12.270357005Z + file_size=0
2026-01-28T09:56:12.270387196Z + '[' 0 -gt 50000000 ']'
2026-01-28T09:56:12.270910126Z ++ ls -1 /var/log/ovn/acl-audit-log.log
2026-01-28T09:56:12.271010797Z ++ wc -l
2026-01-28T09:56:12.272500516Z + num_files=1
2026-01-28T09:56:12.272529556Z + '[' 1 -gt 5 ']'
2026-01-28T09:56:12.272529556Z + sleep 30
2026-01-28T09:56:42.274091814Z + true
2026-01-28T09:56:42.274091814Z + '[' -f /var/log/ovn/acl-audit-log.log ']'
2026-01-28T09:56:42.274657565Z ++ du -b /var/log/ovn/acl-audit-log.log
2026-01-28T09:56:42.274848059Z ++ tr -s '\t' ' '
2026-01-28T09:56:42.275012812Z ++ cut '-d ' -f1
2026-01-28T09:56:42.276705544Z + file_size=0
2026-01-28T09:56:42.276738035Z + '[' 0 -gt 50000000 ']'
2026-01-28T09:56:42.277242704Z ++ ls -1 /var/log/ovn/acl-audit-log.log
2026-01-28T09:56:42.277326086Z ++ wc -l
2026-01-28T09:56:42.278788534Z + num_files=1
2026-01-28T09:56:42.278823244Z + '[' 1 -gt 5 ']'
2026-01-28T09:56:42.278823244Z + sleep 30
2026-01-28T09:57:12.280667108Z + true
2026-01-28T09:57:12.280667108Z + '[' -f /var/log/ovn/acl-audit-log.log ']'
2026-01-28T09:57:12.281496274Z ++ du -b /var/log/ovn/acl-audit-log.log
2026-01-28T09:57:12.281645717Z ++ tr -s '\t' ' '
2026-01-28T09:57:12.281840051Z ++ cut '-d ' -f1
2026-01-28T09:57:12.283562394Z + file_size=0
2026-01-28T09:57:12.283588904Z + '[' 0 -gt 50000000 ']'
2026-01-28T09:57:12.284087654Z ++ ls -1 /var/log/ovn/acl-audit-log.log
2026-01-28T09:57:12.284163895Z ++ wc -l
2026-01-28T09:57:12.285618673Z + num_files=1
2026-01-28T09:57:12.285647453Z + '[' 1 -gt 5 ']'
2026-01-28T09:57:12.285647453Z + sleep 30
2026-01-28T09:57:42.287270657Z + true
2026-01-28T09:57:42.287344378Z + '[' -f /var/log/ovn/acl-audit-log.log ']'
2026-01-28T09:57:42.288125813Z ++ du -b /var/log/ovn/acl-audit-log.log
2026-01-28T09:57:42.288235995Z ++ tr -s '\t' ' '
2026-01-28T09:57:42.288427509Z ++ cut '-d ' -f1
2026-01-28T09:57:42.290178692Z + file_size=0
2026-01-28T09:57:42.290206812Z + '[' 0 -gt 50000000 ']'
2026-01-28T09:57:42.290683371Z ++ ls -1 /var/log/ovn/acl-audit-log.log
2026-01-28T09:57:42.290799784Z ++ wc -l
2026-01-28T09:57:42.292266981Z + num_files=1
2026-01-28T09:57:42.292295372Z + '[' 1 -gt 5 ']'
2026-01-28T09:57:42.292295372Z + sleep 30
2026-01-28T09:58:12.294107309Z + true
2026-01-28T09:58:12.294107309Z + '[' -f /var/log/ovn/acl-audit-log.log ']'
2026-01-28T09:58:12.294727952Z ++ du -b /var/log/ovn/acl-audit-log.log
2026-01-28T09:58:12.294939065Z ++ tr -s '\t' ' '
2026-01-28T09:58:12.295130429Z ++ cut '-d ' -f1
2026-01-28T09:58:12.296775841Z + file_size=0
2026-01-28T09:58:12.296806561Z + '[' 0 -gt 50000000 ']'
2026-01-28T09:58:12.297349092Z ++ ls -1 /var/log/ovn/acl-audit-log.log
2026-01-28T09:58:12.297442253Z ++ wc -l
2026-01-28T09:58:12.299021743Z + num_files=1
2026-01-28T09:58:12.299055584Z + '[' 1 -gt 5 ']'
2026-01-28T09:58:12.299055584Z + sleep 30
2026-01-28T09:58:42.300872134Z + true
2026-01-28T09:58:42.300918495Z + '[' -f /var/log/ovn/acl-audit-log.log ']'
2026-01-28T09:58:42.301473366Z ++ du -b /var/log/ovn/acl-audit-log.log
2026-01-28T09:58:42.301587288Z ++ tr -s '\t' ' '
2026-01-28T09:58:42.301797392Z ++ cut '-d ' -f1
2026-01-28T09:58:42.303522545Z + file_size=0
2026-01-28T09:58:42.303551596Z + '[' 0 -gt 50000000 ']'
2026-01-28T09:58:42.304052745Z ++ ls -1 /var/log/ovn/acl-audit-log.log
2026-01-28T09:58:42.304127056Z ++ wc -l
2026-01-28T09:58:42.305545534Z + num_files=1
2026-01-28T09:58:42.305571454Z + '[' 1 -gt 5 ']'
2026-01-28T09:58:42.305571454Z + sleep 30
2026-01-28T09:59:12.307426350Z + true
2026-01-28T09:59:12.307426350Z + '[' -f /var/log/ovn/acl-audit-log.log ']'
2026-01-28T09:59:12.308200655Z ++ du -b /var/log/ovn/acl-audit-log.log
2026-01-28T09:59:12.308386198Z ++ tr -s '\t' ' '
2026-01-28T09:59:12.308632413Z ++ cut '-d ' -f1
2026-01-28T09:59:12.310266775Z + file_size=0
2026-01-28T09:59:12.310291156Z + '[' 0 -gt 50000000 ']'
2026-01-28T09:59:12.310852846Z ++ ls -1 /var/log/ovn/acl-audit-log.log
2026-01-28T09:59:12.310852846Z ++ wc -l
2026-01-28T09:59:12.312484468Z + num_files=1
2026-01-28T09:59:12.312508148Z + '[' 1 -gt 5 ']'
2026-01-28T09:59:12.312508148Z + sleep 30
2026-01-28T09:59:42.314232118Z + true
2026-01-28T09:59:42.314232118Z + '[' -f /var/log/ovn/acl-audit-log.log ']'
2026-01-28T09:59:42.314958751Z ++ du -b /var/log/ovn/acl-audit-log.log
2026-01-28T09:59:42.315142765Z ++ tr -s '\t' ' '
2026-01-28T09:59:42.315416220Z ++ cut '-d ' -f1
2026-01-28T09:59:42.316987130Z + file_size=0
2026-01-28T09:59:42.317011700Z + '[' 0 -gt 50000000 ']'
2026-01-28T09:59:42.317488949Z ++ ls -1 /var/log/ovn/acl-audit-log.log
2026-01-28T09:59:42.317575431Z ++ wc -l
2026-01-28T09:59:42.319069339Z + num_files=1
2026-01-28T09:59:42.319096010Z + '[' 1 -gt 5 ']'
2026-01-28T09:59:42.319096010Z + sleep 30
2026-01-28T10:00:12.320962655Z + true
2026-01-28T10:00:12.321048147Z + '[' -f /var/log/ovn/acl-audit-log.log ']'
2026-01-28T10:00:12.321798251Z ++ du -b /var/log/ovn/acl-audit-log.log
2026-01-28T10:00:12.321934773Z ++ tr -s '\t' ' '
2026-01-28T10:00:12.322146217Z ++ cut '-d ' -f1
2026-01-28T10:00:12.323865710Z + file_size=0
2026-01-28T10:00:12.323896400Z + '[' 0 -gt 50000000 ']'
2026-01-28T10:00:12.324380030Z ++ ls -1 /var/log/ovn/acl-audit-log.log
2026-01-28T10:00:12.324463781Z ++ wc -l
2026-01-28T10:00:12.325928209Z + num_files=1
2026-01-28T10:00:12.325928209Z + '[' 1 -gt 5 ']'
2026-01-28T10:00:12.325954349Z + sleep 30
2026-01-28T10:00:42.327694202Z + true
2026-01-28T10:00:42.327694202Z + '[' -f /var/log/ovn/acl-audit-log.log ']'
2026-01-28T10:00:42.328637250Z ++ du -b /var/log/ovn/acl-audit-log.log
2026-01-28T10:00:42.328904515Z ++ tr -s '\t' ' '
2026-01-28T10:00:42.329046418Z ++ cut '-d ' -f1
2026-01-28T10:00:42.330706759Z + file_size=0
2026-01-28T10:00:42.330734410Z + '[' 0 -gt 50000000 ']'
2026-01-28T10:00:42.331235449Z ++ ls -1 /var/log/ovn/acl-audit-log.log
2026-01-28T10:00:42.331338081Z ++ wc -l
2026-01-28T10:00:42.332792888Z + num_files=1
2026-01-28T10:00:42.332792888Z + '[' 1 -gt 5 ']'
2026-01-28T10:00:42.332827079Z + sleep 30
2026-01-28T10:01:12.334373516Z + true
2026-01-28T10:01:12.334416487Z + '[' -f /var/log/ovn/acl-audit-log.log ']'
2026-01-28T10:01:12.335024048Z ++ du -b /var/log/ovn/acl-audit-log.log
2026-01-28T10:01:12.335505997Z ++ tr -s '\t' ' '
2026-01-28T10:01:12.335505997Z ++ cut '-d ' -f1
2026-01-28T10:01:12.337123678Z + file_size=0
2026-01-28T10:01:12.337150298Z + '[' 0 -gt 50000000 ']'
2026-01-28T10:01:12.337625957Z ++ ls -1 /var/log/ovn/acl-audit-log.log
2026-01-28T10:01:12.337713849Z ++ wc -l
2026-01-28T10:01:12.339173237Z + num_files=1
2026-01-28T10:01:12.339198747Z + '[' 1 -gt 5 ']'
2026-01-28T10:01:12.339198747Z + sleep 30
2026-01-28T10:01:42.341094483Z + true
2026-01-28T10:01:42.341152754Z + '[' -f /var/log/ovn/acl-audit-log.log ']'
2026-01-28T10:01:42.341716414Z ++ du -b /var/log/ovn/acl-audit-log.log
2026-01-28T10:01:42.341927627Z ++ tr -s '\t' ' '
2026-01-28T10:01:42.342134291Z ++ cut '-d ' -f1
2026-01-28T10:01:42.343732298Z + file_size=0
2026-01-28T10:01:42.343774649Z + '[' 0 -gt 50000000 ']'
2026-01-28T10:01:42.344260238Z ++ ls -1 /var/log/ovn/acl-audit-log.log
2026-01-28T10:01:42.344356980Z ++ wc -l
2026-01-28T10:01:42.345830835Z + num_files=1
2026-01-28T10:01:42.345858786Z + '[' 1 -gt 5 ']'
2026-01-28T10:01:42.345858786Z + sleep 30
2026-01-28T10:02:12.347699438Z + true
2026-01-28T10:02:12.347879362Z + '[' -f /var/log/ovn/acl-audit-log.log ']'
2026-01-28T10:02:12.348527194Z ++ du -b /var/log/ovn/acl-audit-log.log
2026-01-28T10:02:12.348676287Z ++ tr -s '\t' ' '
2026-01-28T10:02:12.348928011Z ++ cut '-d ' -f1
2026-01-28T10:02:12.350618274Z + file_size=0
2026-01-28T10:02:12.350648904Z + '[' 0 -gt 50000000 ']'
2026-01-28T10:02:12.351160864Z ++ ls -1 /var/log/ovn/acl-audit-log.log
2026-01-28T10:02:12.351230725Z ++ wc -l
2026-01-28T10:02:12.352868426Z + num_files=1
2026-01-28T10:02:12.352893487Z + '[' 1 -gt 5 ']'
2026-01-28T10:02:12.352893487Z + sleep 30
2026-01-28T10:02:42.354731115Z + true
2026-01-28T10:02:42.354731115Z + '[' -f /var/log/ovn/acl-audit-log.log ']'
2026-01-28T10:02:42.355504699Z ++ du -b /var/log/ovn/acl-audit-log.log
2026-01-28T10:02:42.355651162Z ++ tr -s '\t' ' '
2026-01-28T10:02:42.355865976Z ++ cut '-d ' -f1
2026-01-28T10:02:42.357882854Z + file_size=0
2026-01-28T10:02:42.357913494Z + '[' 0 -gt 50000000 ']'
2026-01-28T10:02:42.358499816Z ++ ls -1 /var/log/ovn/acl-audit-log.log
2026-01-28T10:02:42.358577817Z ++ wc -l
2026-01-28T10:02:42.360423252Z + num_files=1
2026-01-28T10:02:42.360449142Z + '[' 1 -gt 5 ']'
2026-01-28T10:02:42.360449142Z + sleep 30
2026-01-28T10:03:12.362071982Z + true
2026-01-28T10:03:12.362112983Z + '[' -f /var/log/ovn/acl-audit-log.log ']'
2026-01-28T10:03:12.362710874Z ++ du -b /var/log/ovn/acl-audit-log.log
2026-01-28T10:03:12.362897088Z ++ tr -s '\t' ' '
2026-01-28T10:03:12.363092741Z ++ cut '-d ' -f1
2026-01-28T10:03:12.364839704Z + file_size=0
2026-01-28T10:03:12.364864815Z + '[' 0 -gt 50000000 ']'
2026-01-28T10:03:12.365346824Z ++ ls -1 /var/log/ovn/acl-audit-log.log
2026-01-28T10:03:12.365423025Z ++ wc -l
2026-01-28T10:03:12.366877553Z + num_files=1
2026-01-28T10:03:12.366905413Z + '[' 1 -gt 5 ']'
2026-01-28T10:03:12.366905413Z + sleep 30
2026-01-28T10:03:42.368604834Z + true
2026-01-28T10:03:42.368653255Z + '[' -f /var/log/ovn/acl-audit-log.log ']'
2026-01-28T10:03:42.369229096Z ++ du -b /var/log/ovn/acl-audit-log.log
2026-01-28T10:03:42.369346249Z ++ tr -s '\t' ' '
2026-01-28T10:03:42.369540682Z ++ cut '-d ' -f1
2026-01-28T10:03:42.371264045Z + file_size=0
2026-01-28T10:03:42.371294805Z + '[' 0 -gt 50000000 ']'
2026-01-28T10:03:42.371795395Z ++ ls -1 /var/log/ovn/acl-audit-log.log
2026-01-28T10:03:42.371874526Z ++ wc -l
2026-01-28T10:03:42.373459546Z + num_files=1
2026-01-28T10:03:42.373525898Z + '[' 1 -gt 5 ']'
2026-01-28T10:03:42.373575158Z + sleep 30
2026-01-28T10:04:12.375450860Z + true
2026-01-28T10:04:12.375507281Z + '[' -f /var/log/ovn/acl-audit-log.log ']'
2026-01-28T10:04:12.376118272Z ++ du -b /var/log/ovn/acl-audit-log.log
2026-01-28T10:04:12.376258345Z ++ tr -s '\t' ' '
2026-01-28T10:04:12.376401768Z ++ cut '-d ' -f1
2026-01-28T10:04:12.378144050Z + file_size=0
2026-01-28T10:04:12.378169690Z + '[' 0 -gt 50000000 ']'
2026-01-28T10:04:12.378647969Z ++ ls -1 /var/log/ovn/acl-audit-log.log
2026-01-28T10:04:12.378732571Z ++ wc -l
2026-01-28T10:04:12.380224869Z + num_files=1
2026-01-28T10:04:12.380253729Z + '[' 1 -gt 5 ']'
2026-01-28T10:04:12.380253729Z + sleep 30
2026-01-28T10:04:42.381868013Z + true
2026-01-28T10:04:42.381923394Z + '[' -f /var/log/ovn/acl-audit-log.log ']'
2026-01-28T10:04:42.382472994Z ++ du -b /var/log/ovn/acl-audit-log.log
2026-01-28T10:04:42.382621726Z ++ tr -s '\t' ' '
2026-01-28T10:04:42.382816300Z ++ cut '-d ' -f1
2026-01-28T10:04:42.384545022Z + file_size=0
2026-01-28T10:04:42.384572783Z + '[' 0 -gt 50000000 ']'
2026-01-28T10:04:42.385061621Z ++ ls -1 /var/log/ovn/acl-audit-log.log
2026-01-28T10:04:42.385149353Z ++ wc -l
2026-01-28T10:04:42.386621220Z + num_files=1
2026-01-28T10:04:42.386649031Z + '[' 1 -gt 5 ']'
2026-01-28T10:04:42.386649031Z + sleep 30
2026-01-28T10:05:12.388280374Z + true
2026-01-28T10:05:12.388280374Z + '[' -f /var/log/ovn/acl-audit-log.log ']'
2026-01-28T10:05:12.388923736Z ++ du -b /var/log/ovn/acl-audit-log.log
2026-01-28T10:05:12.389112999Z ++ tr -s '\t' ' '
2026-01-28T10:05:12.389297213Z ++ cut '-d ' -f1
2026-01-28T10:05:12.390938504Z + file_size=0
2026-01-28T10:05:12.390970914Z + '[' 0 -gt 50000000 ']'
2026-01-28T10:05:12.391445053Z ++ ls -1 /var/log/ovn/acl-audit-log.log
2026-01-28T10:05:12.391540955Z ++ wc -l
2026-01-28T10:05:12.392981162Z + num_files=1
2026-01-28T10:05:12.393006782Z + '[' 1 -gt 5 ']'
2026-01-28T10:05:12.393006782Z + sleep 30
2026-01-28T10:05:42.394902190Z + true
2026-01-28T10:05:42.394902190Z + '[' -f /var/log/ovn/acl-audit-log.log ']'
2026-01-28T10:05:42.395488251Z ++ du -b /var/log/ovn/acl-audit-log.log
2026-01-28T10:05:42.395604293Z ++ tr -s '\t' ' '
2026-01-28T10:05:42.395833148Z ++ cut '-d ' -f1
2026-01-28T10:05:42.397538410Z + file_size=0
2026-01-28T10:05:42.397562620Z + '[' 0 -gt 50000000 ']'
2026-01-28T10:05:42.398069240Z ++ ls -1 /var/log/ovn/acl-audit-log.log
2026-01-28T10:05:42.398169562Z ++ wc -l
2026-01-28T10:05:42.399826223Z + num_files=1
2026-01-28T10:05:42.399857063Z + '[' 1 -gt 5 ']'
2026-01-28T10:05:42.399857063Z + sleep 30
2026-01-28T10:06:12.401379766Z + true
2026-01-28T10:06:12.401443687Z + '[' -f /var/log/ovn/acl-audit-log.log ']'
2026-01-28T10:06:12.401989418Z ++ du -b /var/log/ovn/acl-audit-log.log
2026-01-28T10:06:12.402142760Z ++ tr -s '\t' ' '
2026-01-28T10:06:12.402298914Z ++ cut '-d ' -f1
2026-01-28T10:06:12.404092597Z + file_size=0
2026-01-28T10:06:12.404121878Z + '[' 0 -gt 50000000 ']'
2026-01-28T10:06:12.404593087Z ++ ls -1 /var/log/ovn/acl-audit-log.log
2026-01-28T10:06:12.404686579Z ++ wc -l
2026-01-28T10:06:12.406140366Z + num_files=1
2026-01-28T10:06:12.406167886Z + '[' 1 -gt 5 ']'
2026-01-28T10:06:12.406167886Z + sleep 30
2026-01-28T10:06:42.407737099Z + true
2026-01-28T10:06:42.407816371Z + '[' -f /var/log/ovn/acl-audit-log.log ']'
2026-01-28T10:06:42.408381942Z ++ du -b /var/log/ovn/acl-audit-log.log
2026-01-28T10:06:42.408503434Z ++ tr -s '\t' ' '
2026-01-28T10:06:42.408689098Z ++ cut '-d ' -f1
2026-01-28T10:06:42.410430291Z + file_size=0
2026-01-28T10:06:42.410463552Z + '[' 0 -gt 50000000 ']'
2026-01-28T10:06:42.410985222Z ++ ls -1 /var/log/ovn/acl-audit-log.log
2026-01-28T10:06:42.411073924Z ++ wc -l
2026-01-28T10:06:42.412524842Z + num_files=1
2026-01-28T10:06:42.412555042Z + '[' 1 -gt 5 ']'
2026-01-28T10:06:42.412555042Z + sleep 30
2026-01-28T10:07:12.414131783Z + true
2026-01-28T10:07:12.414194734Z + '[' -f /var/log/ovn/acl-audit-log.log ']'
2026-01-28T10:07:12.414781605Z ++ du -b /var/log/ovn/acl-audit-log.log
2026-01-28T10:07:12.414954969Z ++ tr -s '\t' ' '
2026-01-28T10:07:12.415133182Z ++ cut '-d ' -f1
2026-01-28T10:07:12.416866065Z + file_size=0
2026-01-28T10:07:12.416890316Z + '[' 0 -gt 50000000 ']'
2026-01-28T10:07:12.417386095Z ++ ls -1 /var/log/ovn/acl-audit-log.log
2026-01-28T10:07:12.417469937Z ++ wc -l
2026-01-28T10:07:12.418952985Z + num_files=1
2026-01-28T10:07:12.418981246Z + '[' 1 -gt 5 ']'
2026-01-28T10:07:12.418981246Z + sleep 30
2026-01-28T10:07:42.420571385Z + true
2026-01-28T10:07:42.420571385Z + '[' -f /var/log/ovn/acl-audit-log.log ']'
2026-01-28T10:07:42.421245297Z ++ du -b /var/log/ovn/acl-audit-log.log
2026-01-28T10:07:42.421472001Z ++ tr -s '\t' ' '
2026-01-28T10:07:42.421680295Z ++ cut '-d ' -f1
2026-01-28T10:07:42.423384287Z + file_size=0
2026-01-28T10:07:42.423414348Z + '[' 0 -gt 50000000 ']'
2026-01-28T10:07:42.423916537Z ++ ls -1 /var/log/ovn/acl-audit-log.log
2026-01-28T10:07:42.423981169Z ++ wc -l
2026-01-28T10:07:42.425455696Z + num_files=1
2026-01-28T10:07:42.425483207Z + '[' 1 -gt 5 ']'
2026-01-28T10:07:42.425483207Z + sleep 30
2026-01-28T10:08:12.427072641Z + true
2026-01-28T10:08:12.427072641Z + '[' -f /var/log/ovn/acl-audit-log.log ']'
2026-01-28T10:08:12.427702543Z ++ du -b /var/log/ovn/acl-audit-log.log
2026-01-28T10:08:12.427921147Z ++ tr -s '\t' ' '
2026-01-28T10:08:12.428192572Z ++ cut '-d ' -f1
2026-01-28T10:08:12.429721911Z + file_size=0
2026-01-28T10:08:12.429746151Z + '[' 0 -gt 50000000 ']'
2026-01-28T10:08:12.430244071Z ++ ls -1 /var/log/ovn/acl-audit-log.log
2026-01-28T10:08:12.430328662Z ++ wc -l
2026-01-28T10:08:12.431818600Z + num_files=1
2026-01-28T10:08:12.431847491Z + '[' 1 -gt 5 ']'
2026-01-28T10:08:12.431847491Z + sleep 30
2026-01-28T10:08:42.433404876Z + true
2026-01-28T10:08:42.433404876Z + '[' -f /var/log/ovn/acl-audit-log.log ']'
2026-01-28T10:08:42.434100859Z ++ du -b /var/log/ovn/acl-audit-log.log
2026-01-28T10:08:42.434237412Z ++ tr -s '\t' ' '
2026-01-28T10:08:42.434419166Z ++ cut '-d ' -f1
2026-01-28T10:08:42.436157458Z + file_size=0
2026-01-28T10:08:42.436181899Z + '[' 0 -gt 50000000 ']'
2026-01-28T10:08:42.436664168Z ++ ls -1 /var/log/ovn/acl-audit-log.log
2026-01-28T10:08:42.436747790Z ++ wc -l
2026-01-28T10:08:42.438296269Z + num_files=1
2026-01-28T10:08:42.438319699Z + '[' 1 -gt 5 ']'
2026-01-28T10:08:42.438319699Z + sleep 30
2026-01-28T10:09:12.439887762Z + true
2026-01-28T10:09:12.439887762Z + '[' -f /var/log/ovn/acl-audit-log.log ']'
2026-01-28T10:09:12.440508544Z ++ du -b /var/log/ovn/acl-audit-log.log
2026-01-28T10:09:12.440606726Z ++ tr -s '\t' ' '
2026-01-28T10:09:12.440844980Z ++ cut '-d ' -f1
2026-01-28T10:09:12.442505362Z + file_size=0
2026-01-28T10:09:12.442536002Z + '[' 0 -gt 50000000 ']'
2026-01-28T10:09:12.443047022Z ++ ls -1 /var/log/ovn/acl-audit-log.log
2026-01-28T10:09:12.443118953Z ++ wc -l
2026-01-28T10:09:12.444552530Z + num_files=1
2026-01-28T10:09:12.444576231Z + '[' 1 -gt 5 ']'
2026-01-28T10:09:12.444576231Z + sleep 30
2026-01-28T10:09:42.446108517Z + true
2026-01-28T10:09:42.446108517Z + '[' -f /var/log/ovn/acl-audit-log.log ']'
2026-01-28T10:09:42.446824160Z ++ du -b /var/log/ovn/acl-audit-log.log
2026-01-28T10:09:42.446975943Z ++ tr -s '\t' ' '
2026-01-28T10:09:42.447178097Z ++ cut '-d ' -f1
2026-01-28T10:09:42.448867148Z + file_size=0
2026-01-28T10:09:42.448899409Z + '[' 0 -gt 50000000 ']'
2026-01-28T10:09:42.449402038Z ++ ls -1 /var/log/ovn/acl-audit-log.log
2026-01-28T10:09:42.449456680Z ++ wc -l
2026-01-28T10:09:42.451120691Z + num_files=1
2026-01-28T10:09:42.451150562Z + '[' 1 -gt 5 ']'
2026-01-28T10:09:42.451150562Z + sleep 30
2026-01-28T10:10:12.452745263Z + true
2026-01-28T10:10:12.452745263Z + '[' -f /var/log/ovn/acl-audit-log.log ']'
2026-01-28T10:10:12.453372465Z ++ du -b /var/log/ovn/acl-audit-log.log
2026-01-28T10:10:12.453496538Z ++ tr -s '\t' ' '
2026-01-28T10:10:12.453693431Z ++ cut '-d ' -f1
2026-01-28T10:10:12.455481575Z + file_size=0
2026-01-28T10:10:12.455507406Z + '[' 0 -gt 50000000 ']'
2026-01-28T10:10:12.456010135Z ++ ls -1 /var/log/ovn/acl-audit-log.log
2026-01-28T10:10:12.456096406Z ++ wc -l
2026-01-28T10:10:12.457539294Z + num_files=1
2026-01-28T10:10:12.457566424Z + '[' 1 -gt 5 ']'
2026-01-28T10:10:12.457566424Z + sleep 30
2026-01-28T10:10:42.459442831Z + true
2026-01-28T10:10:42.459442831Z + '[' -f /var/log/ovn/acl-audit-log.log ']'
2026-01-28T10:10:42.460066543Z ++ du -b /var/log/ovn/acl-audit-log.log
2026-01-28T10:10:42.460225046Z ++ tr -s '\t' ' '
2026-01-28T10:10:42.460379719Z ++ cut '-d ' -f1
2026-01-28T10:10:42.462037699Z + file_size=0
2026-01-28T10:10:42.462062099Z + '[' 0 -gt 50000000 ']'
2026-01-28T10:10:42.462539178Z ++ ls -1 /var/log/ovn/acl-audit-log.log
2026-01-28T10:10:42.462624030Z ++ wc -l
2026-01-28T10:10:42.464059866Z + num_files=1
2026-01-28T10:10:42.464088927Z + '[' 1 -gt 5 ']'
2026-01-28T10:10:42.464088927Z + sleep 30
2026-01-28T10:11:12.465646274Z + true
2026-01-28T10:11:12.465646274Z + '[' -f /var/log/ovn/acl-audit-log.log ']'
2026-01-28T10:11:12.466330597Z ++ du -b /var/log/ovn/acl-audit-log.log
2026-01-28T10:11:12.466529700Z ++ tr -s '\t' ' '
2026-01-28T10:11:12.466686014Z ++ cut '-d ' -f1
2026-01-28T10:11:12.468413896Z + file_size=0
2026-01-28T10:11:12.468447016Z + '[' 0 -gt 50000000 ']'
2026-01-28T10:11:12.468948266Z ++ ls -1 /var/log/ovn/acl-audit-log.log
2026-01-28T10:11:12.469046138Z ++ wc -l
2026-01-28T10:11:12.470494865Z + num_files=1
2026-01-28T10:11:12.470520446Z + '[' 1 -gt 5 ']'
2026-01-28T10:11:12.470520446Z + sleep 30
2026-01-28T10:11:42.472343666Z + true
2026-01-28T10:11:42.472343666Z + '[' -f /var/log/ovn/acl-audit-log.log ']'
2026-01-28T10:11:42.472958717Z ++ du -b /var/log/ovn/acl-audit-log.log
2026-01-28T10:11:42.473084290Z ++ tr -s '\t' ' '
2026-01-28T10:11:42.473277064Z ++ cut '-d ' -f1
2026-01-28T10:11:42.475005136Z + file_size=0
2026-01-28T10:11:42.475034047Z + '[' 0 -gt 50000000 ']'
2026-01-28T10:11:42.475498826Z ++ ls -1 /var/log/ovn/acl-audit-log.log
2026-01-28T10:11:42.475593337Z ++ wc -l
2026-01-28T10:11:42.477025934Z + num_files=1
2026-01-28T10:11:42.477052875Z + '[' 1 -gt 5 ']'
2026-01-28T10:11:42.477052875Z + sleep 30
2026-01-28T10:12:12.478601051Z + true
2026-01-28T10:12:12.478601051Z + '[' -f /var/log/ovn/acl-audit-log.log ']'
2026-01-28T10:12:12.479264893Z ++ du -b /var/log/ovn/acl-audit-log.log
2026-01-28T10:12:12.479385416Z ++ tr -s '\t' ' '
2026-01-28T10:12:12.479604830Z ++ cut '-d ' -f1
2026-01-28T10:12:12.481374624Z + file_size=0
2026-01-28T10:12:12.481400064Z + '[' 0 -gt 50000000 ']'
2026-01-28T10:12:12.481907934Z ++ ls -1 /var/log/ovn/acl-audit-log.log
2026-01-28T10:12:12.481982425Z ++ wc -l
2026-01-28T10:12:12.483464773Z + num_files=1
2026-01-28T10:12:12.483493084Z + '[' 1 -gt 5 ']'
2026-01-28T10:12:12.483493084Z + sleep 30
2026-01-28T10:12:42.485150788Z + true
2026-01-28T10:12:42.485150788Z + '[' -f /var/log/ovn/acl-audit-log.log ']'
2026-01-28T10:12:42.486082125Z ++ du -b /var/log/ovn/acl-audit-log.log
2026-01-28T10:12:42.486199598Z ++ tr -s '\t' ' '
2026-01-28T10:12:42.486426022Z ++ cut '-d ' -f1
2026-01-28T10:12:42.488187955Z + file_size=0
2026-01-28T10:12:42.488219856Z + '[' 0 -gt 50000000 ']'
2026-01-28T10:12:42.488698135Z ++ ls -1 /var/log/ovn/acl-audit-log.log
2026-01-28T10:12:42.488797536Z ++ wc -l
2026-01-28T10:12:42.490245804Z + num_files=1
2026-01-28T10:12:42.490273644Z + '[' 1 -gt 5 ']'
2026-01-28T10:12:42.490273644Z + sleep 30
2026-01-28T10:13:12.492084825Z + true
2026-01-28T10:13:12.492084825Z + '[' -f /var/log/ovn/acl-audit-log.log ']'
2026-01-28T10:13:12.492689217Z ++ du -b /var/log/ovn/acl-audit-log.log
2026-01-28T10:13:12.493149035Z ++ tr -s '\t' ' '
2026-01-28T10:13:12.493149035Z ++ cut '-d ' -f1
2026-01-28T10:13:12.494767606Z + file_size=0
2026-01-28T10:13:12.494792226Z + '[' 0 -gt 50000000 ']'
2026-01-28T10:13:12.495289895Z ++ ls -1 /var/log/ovn/acl-audit-log.log
2026-01-28T10:13:12.495384987Z ++ wc -l
2026-01-28T10:13:12.496874225Z + num_files=1
2026-01-28T10:13:12.496899226Z + '[' 1 -gt 5 ']'
2026-01-28T10:13:12.496899226Z + sleep 30
2026-01-28T10:13:42.498782492Z + true
2026-01-28T10:13:42.498825293Z + '[' -f /var/log/ovn/acl-audit-log.log ']'
2026-01-28T10:13:42.499406334Z ++ du -b /var/log/ovn/acl-audit-log.log
2026-01-28T10:13:42.499511196Z ++ tr -s '\t' ' '
2026-01-28T10:13:42.499722700Z ++ cut '-d ' -f1
2026-01-28T10:13:42.501473073Z + file_size=0
2026-01-28T10:13:42.501501614Z + '[' 0 -gt 50000000 ']'
2026-01-28T10:13:42.502016503Z ++ ls -1 /var/log/ovn/acl-audit-log.log
2026-01-28T10:13:42.502098605Z ++ wc -l
2026-01-28T10:13:42.503563052Z + num_files=1
2026-01-28T10:13:42.503591303Z + '[' 1 -gt 5 ']'
2026-01-28T10:13:42.503591303Z + sleep 30
2026-01-28T10:14:12.505589133Z + true
2026-01-28T10:14:12.505589133Z + '[' -f /var/log/ovn/acl-audit-log.log ']'
2026-01-28T10:14:12.506210755Z ++ du -b /var/log/ovn/acl-audit-log.log
2026-01-28T10:14:12.506339747Z ++ tr -s '\t' ' '
2026-01-28T10:14:12.506545702Z ++ cut '-d ' -f1
2026-01-28T10:14:12.508255074Z + file_size=0
2026-01-28T10:14:12.508285994Z + '[' 0 -gt 50000000 ']'
2026-01-28T10:14:12.508781043Z ++ ls -1 /var/log/ovn/acl-audit-log.log
2026-01-28T10:14:12.508876125Z ++ wc -l
2026-01-28T10:14:12.510295602Z + num_files=1
2026-01-28T10:14:12.510324982Z + '[' 1 -gt 5 ']'
2026-01-28T10:14:12.510324982Z + sleep 30
2026-01-28T10:14:42.511981244Z + true
2026-01-28T10:14:42.511981244Z + '[' -f /var/log/ovn/acl-audit-log.log ']'
2026-01-28T10:14:42.512575836Z ++ du -b /var/log/ovn/acl-audit-log.log
2026-01-28T10:14:42.512712568Z ++ tr -s '\t' ' '
2026-01-28T10:14:42.512939102Z ++ cut '-d ' -f1
2026-01-28T10:14:42.514654655Z + file_size=0
2026-01-28T10:14:42.514687265Z + '[' 0 -gt 50000000 ']'
2026-01-28T10:14:42.515178714Z ++ ls -1 /var/log/ovn/acl-audit-log.log
2026-01-28T10:14:42.515250396Z ++ wc -l
2026-01-28T10:14:42.516691143Z + num_files=1
2026-01-28T10:14:42.516721134Z + '[' 1 -gt 5 ']'
2026-01-28T10:14:42.516721134Z + sleep 30
2026-01-28T10:15:12.518296251Z + true
2026-01-28T10:15:12.518364482Z + '[' -f /var/log/ovn/acl-audit-log.log ']'
2026-01-28T10:15:12.518962403Z ++ du -b /var/log/ovn/acl-audit-log.log
2026-01-28T10:15:12.519077446Z ++ tr -s '\t' ' '
2026-01-28T10:15:12.519274859Z ++ cut '-d ' -f1
2026-01-28T10:15:12.520974861Z + file_size=0
2026-01-28T10:15:12.521005732Z + '[' 0 -gt 50000000 ']'
2026-01-28T10:15:12.521478881Z ++ ls -1 /var/log/ovn/acl-audit-log.log
2026-01-28T10:15:12.521551052Z ++ wc -l
2026-01-28T10:15:12.523041160Z + num_files=1
2026-01-28T10:15:12.523071421Z + '[' 1 -gt 5 ']'
2026-01-28T10:15:12.523071421Z + sleep 30
2026-01-28T10:15:42.524981807Z + true
2026-01-28T10:15:42.525080709Z + '[' -f /var/log/ovn/acl-audit-log.log ']'
2026-01-28T10:15:42.525654199Z ++ du -b /var/log/ovn/acl-audit-log.log
2026-01-28T10:15:42.525818973Z ++ tr -s '\t' ' '
2026-01-28T10:15:42.526010976Z ++ cut '-d ' -f1
2026-01-28T10:15:42.527709678Z + file_size=0
2026-01-28T10:15:42.527735699Z + '[' 0 -gt 50000000 ']'
2026-01-28T10:15:42.528234658Z ++ ls -1 /var/log/ovn/acl-audit-log.log
2026-01-28T10:15:42.528325460Z ++ wc -l
2026-01-28T10:15:42.529747227Z + num_files=1
2026-01-28T10:15:42.529807177Z + '[' 1 -gt 5 ']'
2026-01-28T10:15:42.529807177Z + sleep 30
2026-01-28T10:16:12.531305425Z + true
2026-01-28T10:16:12.531353156Z + '[' -f /var/log/ovn/acl-audit-log.log ']'
2026-01-28T10:16:12.531954218Z ++ du -b /var/log/ovn/acl-audit-log.log
2026-01-28T10:16:12.532147151Z ++ tr -s '\t' ' '
2026-01-28T10:16:12.532326325Z ++ cut '-d ' -f1
2026-01-28T10:16:12.534008556Z + file_size=0
2026-01-28T10:16:12.534040317Z + '[' 0 -gt 50000000 ']'
2026-01-28T10:16:12.534517356Z ++ ls -1 /var/log/ovn/acl-audit-log.log
2026-01-28T10:16:12.534580927Z ++ wc -l
2026-01-28T10:16:12.536034694Z + num_files=1
2026-01-28T10:16:12.536058525Z + '[' 1 -gt 5 ']'
2026-01-28T10:16:12.536058525Z + sleep 30
2026-01-28T10:16:42.537947936Z + true
2026-01-28T10:16:42.537997287Z + '[' -f /var/log/ovn/acl-audit-log.log ']'
2026-01-28T10:16:42.538555428Z ++ du -b /var/log/ovn/acl-audit-log.log
2026-01-28T10:16:42.538662290Z ++ tr -s '\t' ' '
2026-01-28T10:16:42.538908994Z ++ cut '-d ' -f1
2026-01-28T10:16:42.540591506Z + file_size=0
2026-01-28T10:16:42.540591506Z + '[' 0 -gt 50000000 ']'
2026-01-28T10:16:42.541110225Z ++ ls -1 /var/log/ovn/acl-audit-log.log
2026-01-28T10:16:42.541198007Z ++ wc -l
2026-01-28T10:16:42.542610304Z + num_files=1
2026-01-28T10:16:42.542638944Z + '[' 1 -gt 5 ']'
2026-01-28T10:16:42.542638944Z + sleep 30
2026-01-28T10:17:12.544453171Z + true
2026-01-28T10:17:12.544453171Z + '[' -f /var/log/ovn/acl-audit-log.log ']'
2026-01-28T10:17:12.545207915Z ++ du -b /var/log/ovn/acl-audit-log.log
2026-01-28T10:17:12.545351198Z ++ tr -s '\t' ' '
2026-01-28T10:17:12.545530721Z ++ cut '-d ' -f1
2026-01-28T10:17:12.547307235Z + file_size=0
2026-01-28T10:17:12.547336586Z + '[' 0 -gt 50000000 ']'
2026-01-28T10:17:12.547881426Z ++ ls -1 /var/log/ovn/acl-audit-log.log
2026-01-28T10:17:12.547908976Z ++ wc -l
2026-01-28T10:17:12.549396354Z + num_files=1
2026-01-28T10:17:12.549424265Z + '[' 1 -gt 5 ']'
2026-01-28T10:17:12.549424265Z + sleep 30
2026-01-28T10:17:42.551280659Z + true
2026-01-28T10:17:42.551370401Z + '[' -f /var/log/ovn/acl-audit-log.log ']'
2026-01-28T10:17:42.552046073Z ++ du -b /var/log/ovn/acl-audit-log.log
2026-01-28T10:17:42.552207026Z ++ tr -s '\t' ' '
2026-01-28T10:17:42.552375919Z ++ cut '-d ' -f1
2026-01-28T10:17:42.554119492Z + file_size=0
2026-01-28T10:17:42.554145123Z + '[' 0 -gt 50000000 ']'
2026-01-28T10:17:42.554625912Z ++ ls -1 /var/log/ovn/acl-audit-log.log
2026-01-28T10:17:42.554739104Z ++ wc -l
2026-01-28T10:17:42.556197022Z + num_files=1
2026-01-28T10:17:42.556221772Z + '[' 1 -gt 5 ']'
2026-01-28T10:17:42.556221772Z + sleep 30
2026-01-28T10:18:12.557830703Z + true
2026-01-28T10:18:12.557880924Z + '[' -f /var/log/ovn/acl-audit-log.log ']'
2026-01-28T10:18:12.558426614Z ++ du -b /var/log/ovn/acl-audit-log.log
2026-01-28T10:18:12.558547156Z ++ tr -s '\t' ' '
2026-01-28T10:18:12.558705710Z ++ cut '-d ' -f1
2026-01-28T10:18:12.560453932Z + file_size=0
2026-01-28T10:18:12.560478943Z + '[' 0 -gt 50000000 ']'
2026-01-28T10:18:12.560964692Z ++ ls -1 /var/log/ovn/acl-audit-log.log
2026-01-28T10:18:12.561060594Z ++ wc -l
2026-01-28T10:18:12.562507941Z + num_files=1
2026-01-28T10:18:12.562535942Z + '[' 1 -gt 5 ']'
2026-01-28T10:18:12.562535942Z + sleep 30
2026-01-28T10:18:42.564408959Z + true
2026-01-28T10:18:42.564465340Z + '[' -f /var/log/ovn/acl-audit-log.log ']'
2026-01-28T10:18:42.565082382Z ++ du -b /var/log/ovn/acl-audit-log.log
2026-01-28T10:18:42.565184564Z ++ tr -s '\t' ' '
2026-01-28T10:18:42.565396328Z ++ cut '-d ' -f1
2026-01-28T10:18:42.567102740Z + file_size=0
2026-01-28T10:18:42.567127310Z + '[' 0 -gt 50000000 ']'
2026-01-28T10:18:42.567610879Z ++ ls -1 /var/log/ovn/acl-audit-log.log
2026-01-28T10:18:42.567683101Z ++ wc -l
2026-01-28T10:18:42.569164578Z + num_files=1
2026-01-28T10:18:42.569194059Z + '[' 1 -gt 5 ']'
2026-01-28T10:18:42.569194059Z + sleep 30
2026-01-28T10:19:12.571105027Z + true
2026-01-28T10:19:12.571203819Z + '[' -f /var/log/ovn/acl-audit-log.log ']'
2026-01-28T10:19:12.571836671Z ++ du -b /var/log/ovn/acl-audit-log.log
2026-01-28T10:19:12.571940693Z ++ tr -s '\t' ' '
2026-01-28T10:19:12.572163747Z ++ cut '-d ' -f1
2026-01-28T10:19:12.573913720Z + file_size=0
2026-01-28T10:19:12.573939061Z + '[' 0 -gt 50000000 ']'
2026-01-28T10:19:12.574421830Z ++ ls -1 /var/log/ovn/acl-audit-log.log
2026-01-28T10:19:12.574503891Z ++ wc -l
2026-01-28T10:19:12.575950448Z + num_files=1
2026-01-28T10:19:12.575979149Z + '[' 1 -gt 5 ']'
2026-01-28T10:19:12.575979149Z + sleep 30
2026-01-28T10:19:42.577851441Z + true
2026-01-28T10:19:42.577933683Z + '[' -f /var/log/ovn/acl-audit-log.log ']'
2026-01-28T10:19:42.578563814Z ++ du -b /var/log/ovn/acl-audit-log.log
2026-01-28T10:19:42.578711457Z ++ tr -s '\t' ' '
2026-01-28T10:19:42.578914121Z ++ cut '-d ' -f1
2026-01-28T10:19:42.580676994Z + file_size=0
2026-01-28T10:19:42.580706045Z + '[' 0 -gt 50000000 ']'
2026-01-28T10:19:42.581196674Z ++ ls -1 /var/log/ovn/acl-audit-log.log
2026-01-28T10:19:42.581282686Z ++ wc -l
2026-01-28T10:19:42.582714693Z + num_files=1
2026-01-28T10:19:42.582743173Z + '[' 1 -gt 5 ']'
2026-01-28T10:19:42.582743173Z + sleep 30
2026-01-28T10:20:12.584625163Z + true
2026-01-28T10:20:12.584625163Z + '[' -f /var/log/ovn/acl-audit-log.log ']'
2026-01-28T10:20:12.585417287Z ++ du -b /var/log/ovn/acl-audit-log.log
2026-01-28T10:20:12.585617481Z ++ tr -s '\t' ' '
2026-01-28T10:20:12.585897676Z ++ cut '-d ' -f1
2026-01-28T10:20:12.587441476Z + file_size=0
2026-01-28T10:20:12.587466146Z + '[' 0 -gt 50000000 ']'
2026-01-28T10:20:12.587957505Z ++ ls -1 /var/log/ovn/acl-audit-log.log
2026-01-28T10:20:12.588056937Z ++ wc -l
2026-01-28T10:20:12.589562476Z + num_files=1
2026-01-28T10:20:12.589590936Z + '[' 1 -gt 5 ']'
2026-01-28T10:20:12.589590936Z + sleep 30
2026-01-28T10:20:42.591284939Z + true
2026-01-28T10:20:42.591284939Z + '[' -f /var/log/ovn/acl-audit-log.log ']'
2026-01-28T10:20:42.592090444Z ++ du -b /var/log/ovn/acl-audit-log.log
2026-01-28T10:20:42.592231237Z ++ tr -s '\t' ' '
2026-01-28T10:20:42.592424791Z ++ cut '-d ' -f1
2026-01-28T10:20:42.594152043Z + file_size=0
2026-01-28T10:20:42.594152043Z + '[' 0 -gt 50000000 ']'
2026-01-28T10:20:42.594686613Z ++ ls -1 /var/log/ovn/acl-audit-log.log
2026-01-28T10:20:42.594791195Z ++ wc -l
2026-01-28T10:20:42.596296973Z + num_files=1
2026-01-28T10:20:42.596321124Z + '[' 1 -gt 5 ']'
2026-01-28T10:20:42.596321124Z + sleep 30
2026-01-28T10:21:12.598074196Z + true
2026-01-28T10:21:12.598074196Z + '[' -f /var/log/ovn/acl-audit-log.log ']'
2026-01-28T10:21:12.598681838Z ++ du -b /var/log/ovn/acl-audit-log.log
2026-01-28T10:21:12.598885541Z ++ tr -s '\t' ' '
2026-01-28T10:21:12.599093905Z ++ cut '-d ' -f1
2026-01-28T10:21:12.600700335Z + file_size=0
2026-01-28T10:21:12.600724876Z + '[' 0 -gt 50000000 ']'
2026-01-28T10:21:12.601221365Z ++ ls -1 /var/log/ovn/acl-audit-log.log
2026-01-28T10:21:12.601308097Z ++ wc -l
2026-01-28T10:21:12.602806115Z + num_files=1
2026-01-28T10:21:12.602833945Z + '[' 1 -gt 5 ']'
2026-01-28T10:21:12.602833945Z + sleep 30
2026-01-28T10:21:42.604383475Z + true
2026-01-28T10:21:42.604383475Z + '[' -f /var/log/ovn/acl-audit-log.log ']'
2026-01-28T10:21:42.605081128Z ++ du -b /var/log/ovn/acl-audit-log.log
2026-01-28T10:21:42.605255791Z ++ tr -s '\t' ' '
2026-01-28T10:21:42.605443485Z ++ cut '-d ' -f1
2026-01-28T10:21:42.607183638Z + file_size=0
2026-01-28T10:21:42.607207718Z + '[' 0 -gt 50000000 ']'
2026-01-28T10:21:42.607680217Z ++ ls -1 /var/log/ovn/acl-audit-log.log
2026-01-28T10:21:42.607783269Z ++ wc -l
2026-01-28T10:21:42.609206276Z + num_files=1
2026-01-28T10:21:42.609231106Z + '[' 1 -gt 5 ']'
2026-01-28T10:21:42.609231106Z + sleep 30
2026-01-28T10:22:12.610814084Z + true
2026-01-28T10:22:12.610879286Z + '[' -f /var/log/ovn/acl-audit-log.log ']'
2026-01-28T10:22:12.611463017Z ++ du -b /var/log/ovn/acl-audit-log.log
2026-01-28T10:22:12.611604899Z ++ tr -s '\t' ' '
2026-01-28T10:22:12.611855444Z ++ cut '-d ' -f1
2026-01-28T10:22:12.613533665Z + file_size=0
2026-01-28T10:22:12.613565126Z + '[' 0 -gt 50000000 ']'
2026-01-28T10:22:12.614061815Z ++ ls -1 /var/log/ovn/acl-audit-log.log
2026-01-28T10:22:12.614133987Z ++ wc -l
2026-01-28T10:22:12.615605804Z + num_files=1
2026-01-28T10:22:12.615634375Z + '[' 1 -gt 5 ']'
2026-01-28T10:22:12.615634375Z + sleep 30
2026-01-28T10:22:42.617140252Z + true
2026-01-28T10:22:42.617186283Z + '[' -f /var/log/ovn/acl-audit-log.log ']'
2026-01-28T10:22:42.617688782Z ++ du -b /var/log/ovn/acl-audit-log.log
2026-01-28T10:22:42.617860036Z ++ tr -s '\t' ' '
2026-01-28T10:22:42.618033739Z ++ cut '-d ' -f1
2026-01-28T10:22:42.619801621Z + file_size=0
2026-01-28T10:22:42.619825892Z + '[' 0 -gt 50000000 ']'
2026-01-28T10:22:42.620302201Z ++ ls -1 /var/log/ovn/acl-audit-log.log
2026-01-28T10:22:42.620394882Z ++ wc -l
2026-01-28T10:22:42.621835289Z + num_files=1
2026-01-28T10:22:42.621863509Z + '[' 1 -gt 5 ']'
2026-01-28T10:22:42.621863509Z + sleep 30
2026-01-28T10:23:12.623551367Z + true
2026-01-28T10:23:12.623602328Z + '[' -f /var/log/ovn/acl-audit-log.log ']'
2026-01-28T10:23:12.624176409Z ++ du -b /var/log/ovn/acl-audit-log.log
2026-01-28T10:23:12.624301381Z ++ tr -s '\t' ' '
2026-01-28T10:23:12.624478574Z ++ cut '-d ' -f1
2026-01-28T10:23:12.626217777Z + file_size=0
2026-01-28T10:23:12.626242858Z + '[' 0 -gt 50000000 ']'
2026-01-28T10:23:12.626715296Z ++ ls -1 /var/log/ovn/acl-audit-log.log
2026-01-28T10:23:12.626820578Z ++ wc -l
2026-01-28T10:23:12.628268525Z + num_files=1
2026-01-28T10:23:12.628293616Z + '[' 1 -gt 5 ']'
2026-01-28T10:23:12.628293616Z + sleep 30
2026-01-28T10:23:42.629939059Z + true
2026-01-28T10:23:42.629939059Z + '[' -f /var/log/ovn/acl-audit-log.log ']'
2026-01-28T10:23:42.630494240Z ++ du -b /var/log/ovn/acl-audit-log.log
2026-01-28T10:23:42.630639052Z ++ tr -s '\t' ' '
2026-01-28T10:23:42.630867567Z ++ cut '-d ' -f1
2026-01-28T10:23:42.632545328Z + file_size=0
2026-01-28T10:23:42.632575828Z + '[' 0 -gt 50000000 ']'
2026-01-28T10:23:42.633090228Z ++ ls -1 /var/log/ovn/acl-audit-log.log
2026-01-28T10:23:42.633171370Z ++ wc -l
2026-01-28T10:23:42.634623767Z + num_files=1
2026-01-28T10:23:42.634649507Z + '[' 1 -gt 5 ']'
2026-01-28T10:23:42.634649507Z + sleep 30
2026-01-28T10:24:12.636247819Z + true
2026-01-28T10:24:12.636247819Z + '[' -f /var/log/ovn/acl-audit-log.log ']'
2026-01-28T10:24:12.636913662Z ++ du -b /var/log/ovn/acl-audit-log.log
2026-01-28T10:24:12.637055175Z ++ tr -s '\t' ' '
2026-01-28T10:24:12.637229868Z ++ cut '-d ' -f1
2026-01-28T10:24:12.638985001Z + file_size=0
2026-01-28T10:24:12.639017172Z + '[' 0 -gt 50000000 ']'
2026-01-28T10:24:12.639491091Z ++ ls -1 /var/log/ovn/acl-audit-log.log
2026-01-28T10:24:12.639568122Z ++ wc -l
2026-01-28T10:24:12.641042210Z + num_files=1
2026-01-28T10:24:12.641068560Z + '[' 1 -gt 5 ']'
2026-01-28T10:24:12.641068560Z + sleep 30
2026-01-28T10:24:42.642568569Z + true
2026-01-28T10:24:42.642613300Z + '[' -f /var/log/ovn/acl-audit-log.log ']'
2026-01-28T10:24:42.643179551Z ++ du -b /var/log/ovn/acl-audit-log.log
2026-01-28T10:24:42.643319784Z ++ tr -s '\t' ' '
2026-01-28T10:24:42.643484747Z ++ cut '-d ' -f1
2026-01-28T10:24:42.645249320Z + file_size=0
2026-01-28T10:24:42.645279761Z + '[' 0 -gt 50000000 ']'
2026-01-28T10:24:42.645764060Z ++ ls -1 /var/log/ovn/acl-audit-log.log
2026-01-28T10:24:42.645866972Z ++ wc -l
2026-01-28T10:24:42.647294309Z + num_files=1
2026-01-28T10:24:42.647322439Z + '[' 1 -gt 5 ']'
2026-01-28T10:24:42.647322439Z + sleep 30
2026-01-28T10:25:12.649222136Z + true
2026-01-28T10:25:12.649222136Z + '[' -f /var/log/ovn/acl-audit-log.log ']'
2026-01-28T10:25:12.649991280Z ++ du -b /var/log/ovn/acl-audit-log.log
2026-01-28T10:25:12.650140983Z ++ tr -s '\t' ' '
2026-01-28T10:25:12.650354737Z ++ cut '-d ' -f1
2026-01-28T10:25:12.652092709Z + file_size=0
2026-01-28T10:25:12.652122920Z + '[' 0 -gt 50000000 ']'
2026-01-28T10:25:12.652621729Z ++ ls -1 /var/log/ovn/acl-audit-log.log
2026-01-28T10:25:12.652713071Z ++ wc -l
2026-01-28T10:25:12.654284060Z + num_files=1
2026-01-28T10:25:12.654325651Z + '[' 1 -gt 5 ']'
2026-01-28T10:25:12.654325651Z + sleep 30
