2026-01-28T09:36:35.158164560Z ++ K8S_NODE=
2026-01-28T09:36:35.158164560Z ++ [[ -n '' ]]
2026-01-28T09:36:35.158248772Z ++ northd_pidfile=/var/run/ovn/ovn-northd.pid
2026-01-28T09:36:35.158248772Z ++ controller_pidfile=/var/run/ovn/ovn-controller.pid
2026-01-28T09:36:35.158248772Z ++ controller_logfile=/var/log/ovn/acl-audit-log.log
2026-01-28T09:36:35.158248772Z ++ vswitch_dbsock=/var/run/openvswitch/db.sock
2026-01-28T09:36:35.158248772Z ++ nbdb_pidfile=/var/run/ovn/ovnnb_db.pid
2026-01-28T09:36:35.158248772Z ++ nbdb_sock=/var/run/ovn/ovnnb_db.sock
2026-01-28T09:36:35.158248772Z ++ nbdb_ctl=/var/run/ovn/ovnnb_db.ctl
2026-01-28T09:36:35.158248772Z ++ sbdb_pidfile=/var/run/ovn/ovnsb_db.pid
2026-01-28T09:36:35.158248772Z ++ sbdb_sock=/var/run/ovn/ovnsb_db.sock
2026-01-28T09:36:35.158248772Z ++ sbdb_ctl=/var/run/ovn/ovnsb_db.ctl
2026-01-28T09:36:35.159268133Z + start-audit-log-rotation
2026-01-28T09:36:35.159268133Z + MAXFILESIZE=50000000
2026-01-28T09:36:35.159286283Z + MAXLOGFILES=5
2026-01-28T09:36:35.159549008Z ++ dirname /var/log/ovn/acl-audit-log.log
2026-01-28T09:36:35.165452638Z + LOGDIR=/var/log/ovn
2026-01-28T09:36:35.165452638Z + local retries=0
2026-01-28T09:36:35.165477728Z + [[ 30 -gt 0 ]]
2026-01-28T09:36:35.165477728Z + ((  retries += 1  ))
2026-01-28T09:36:35.165781594Z ++ cat /var/run/ovn/ovn-controller.pid
2026-01-28T09:36:35.166937528Z cat: /var/run/ovn/ovn-controller.pid: No such file or directory
2026-01-28T09:36:35.167132721Z + CONTROLLERPID=
