2026-01-28T09:45:42.393490528Z time=2026-01-28T09:45:42.393Z level=INFO source=main.go:274 msg="Experimental delayed compaction is enabled."
2026-01-28T09:45:42.483423896Z time=2026-01-28T09:45:42.483Z level=INFO source=main.go:1547 msg="updated GOGC" old=100 new=75
2026-01-28T09:45:42.483948606Z time=2026-01-28T09:45:42.483Z level=INFO source=main.go:679 msg="Leaving GOMAXPROCS=4: CPU quota undefined" component=automaxprocs
2026-01-28T09:45:42.484228142Z time=2026-01-28T09:45:42.484Z level=INFO source=memlimit.go:198 msg="GOMEMLIMIT is updated" component=automemlimit package=github.com/KimMachineGun/automemlimit/memlimit GOMEMLIMIT=14755192012 previous=9223372036854775807
2026-01-28T09:45:42.484284335Z time=2026-01-28T09:45:42.484Z level=INFO source=main.go:772 msg="Starting Prometheus Server" mode=server version="(version=3.5.0, branch=HEAD, revision=1d81ac847e0d3f386d8216b4a70a88e91fd3d15b)"
2026-01-28T09:45:42.484335668Z time=2026-01-28T09:45:42.484Z level=INFO source=main.go:777 msg="operational information" build_context="(go=go1.24.11 (Red Hat 1.24.11-1.el9_6) X:strictfipsruntime, platform=linux/amd64, user=reproducible@reproducible, date=20250929-09:52:01, tags=netgo,builtinassets,strictfipsruntime)" host_details="(Linux 5.14.0-570.82.1.el9_6.x86_64 #1 SMP PREEMPT_DYNAMIC Thu Jan 22 01:11:16 EST 2026 x86_64 prometheus-k8s-0 (none))" fd_limits="(soft=1048576, hard=1048576)" vm_limits="(soft=unlimited, hard=unlimited)"
2026-01-28T09:45:42.488162146Z time=2026-01-28T09:45:42.488Z level=INFO source=web.go:656 msg="Start listening for connections" component=web address=127.0.0.1:9090
2026-01-28T09:45:42.488688706Z time=2026-01-28T09:45:42.488Z level=INFO source=main.go:1291 msg="Starting TSDB ..."
2026-01-28T09:45:42.489640581Z time=2026-01-28T09:45:42.489Z level=INFO source=tls_config.go:347 msg="Listening on" component=web address=127.0.0.1:9090
2026-01-28T09:45:42.489786739Z time=2026-01-28T09:45:42.489Z level=INFO source=tls_config.go:386 msg="TLS is disabled." component=web http2=false address=127.0.0.1:9090
2026-01-28T09:45:42.494706130Z time=2026-01-28T09:45:42.494Z level=INFO source=head.go:657 msg="Replaying on-disk memory mappable chunks if any" component=tsdb
2026-01-28T09:45:42.494870469Z time=2026-01-28T09:45:42.494Z level=INFO source=head.go:744 msg="On-disk memory mappable chunks replay completed" component=tsdb duration=1.68µs
2026-01-28T09:45:42.494870469Z time=2026-01-28T09:45:42.494Z level=INFO source=head.go:752 msg="Replaying WAL, this may take a while" component=tsdb
2026-01-28T09:45:43.697536801Z time=2026-01-28T09:45:43.697Z level=INFO source=head.go:825 msg="WAL segment loaded" component=tsdb segment=0 maxSegment=1 duration=1.202568287s
2026-01-28T09:45:43.697717521Z time=2026-01-28T09:45:43.697Z level=INFO source=head.go:825 msg="WAL segment loaded" component=tsdb segment=1 maxSegment=1 duration=169.7µs
2026-01-28T09:45:43.697732912Z time=2026-01-28T09:45:43.697Z level=INFO source=head.go:862 msg="WAL replay completed" component=tsdb checkpoint_replay_duration=49.843µs wal_replay_duration=1.202807889s wbl_replay_duration=140ns chunk_snapshot_load_duration=0s mmap_chunk_replay_duration=1.68µs total_replay_duration=1.202910395s
2026-01-28T09:45:43.773370334Z time=2026-01-28T09:45:43.773Z level=INFO source=main.go:1312 msg="filesystem information" fs_type=EXT4_SUPER_MAGIC
2026-01-28T09:45:43.773370334Z time=2026-01-28T09:45:43.773Z level=INFO source=main.go:1315 msg="TSDB started"
2026-01-28T09:45:43.773370334Z time=2026-01-28T09:45:43.773Z level=INFO source=main.go:1500 msg="Loading configuration file" filename=/etc/prometheus/config_out/prometheus.env.yaml
2026-01-28T09:45:43.788948193Z time=2026-01-28T09:45:43.788Z level=INFO source=kubernetes.go:312 msg="Using pod service account via in-cluster config" component="discovery manager scrape" discovery=kubernetes config=serviceMonitor/openshift-monitoring/kubelet/3
2026-01-28T09:45:43.789454732Z time=2026-01-28T09:45:43.789Z level=INFO source=kubernetes.go:312 msg="Using pod service account via in-cluster config" component="discovery manager scrape" discovery=kubernetes config=serviceMonitor/openshift-monitoring/promtail-monitor/0
2026-01-28T09:45:43.789723507Z time=2026-01-28T09:45:43.789Z level=INFO source=kubernetes.go:312 msg="Using pod service account via in-cluster config" component="discovery manager scrape" discovery=kubernetes config=serviceMonitor/openshift-oauth-apiserver/openshift-oauth-apiserver/0
2026-01-28T09:45:43.789946269Z time=2026-01-28T09:45:43.789Z level=INFO source=kubernetes.go:312 msg="Using pod service account via in-cluster config" component="discovery manager scrape" discovery=kubernetes config=serviceMonitor/openshift-monitoring/cluster-monitoring-operator/0
2026-01-28T09:45:43.790167082Z time=2026-01-28T09:45:43.790Z level=INFO source=kubernetes.go:312 msg="Using pod service account via in-cluster config" component="discovery manager scrape" discovery=kubernetes config=serviceMonitor/openshift-apiserver/openshift-apiserver-operator-check-endpoints/0
2026-01-28T09:45:43.790393555Z time=2026-01-28T09:45:43.790Z level=INFO source=kubernetes.go:312 msg="Using pod service account via in-cluster config" component="discovery manager scrape" discovery=kubernetes config=serviceMonitor/openshift-cluster-csi-drivers/aws-ebs-csi-driver-controller-monitor/1
2026-01-28T09:45:43.790628398Z time=2026-01-28T09:45:43.790Z level=INFO source=kubernetes.go:312 msg="Using pod service account via in-cluster config" component="discovery manager scrape" discovery=kubernetes config=serviceMonitor/openshift-config-operator/config-operator/0
2026-01-28T09:45:43.790875132Z time=2026-01-28T09:45:43.790Z level=INFO source=kubernetes.go:312 msg="Using pod service account via in-cluster config" component="discovery manager scrape" discovery=kubernetes config=serviceMonitor/openshift-insights/insights-operator/0
2026-01-28T09:45:43.791104895Z time=2026-01-28T09:45:43.791Z level=INFO source=kubernetes.go:312 msg="Using pod service account via in-cluster config" component="discovery manager scrape" discovery=kubernetes config=serviceMonitor/openshift-ovn-kubernetes/monitor-ovn-node/0
2026-01-28T09:45:43.791348600Z time=2026-01-28T09:45:43.791Z level=INFO source=kubernetes.go:312 msg="Using pod service account via in-cluster config" component="discovery manager scrape" discovery=kubernetes config=serviceMonitor/openshift-ingress-operator/ingress-operator/0
2026-01-28T09:45:43.791569012Z time=2026-01-28T09:45:43.791Z level=INFO source=kubernetes.go:312 msg="Using pod service account via in-cluster config" component="discovery manager scrape" discovery=kubernetes config=serviceMonitor/openshift-authentication/oauth-openshift/0
2026-01-28T09:45:43.791830217Z time=2026-01-28T09:45:43.791Z level=INFO source=kubernetes.go:312 msg="Using pod service account via in-cluster config" component="discovery manager scrape" discovery=kubernetes config=serviceMonitor/openshift-operator-lifecycle-manager/olm-operator/0
2026-01-28T09:45:43.792106703Z time=2026-01-28T09:45:43.792Z level=INFO source=kubernetes.go:312 msg="Using pod service account via in-cluster config" component="discovery manager scrape" discovery=kubernetes config=serviceMonitor/openshift-cluster-samples-operator/cluster-samples-operator/0
2026-01-28T09:45:43.792352157Z time=2026-01-28T09:45:43.792Z level=INFO source=kubernetes.go:312 msg="Using pod service account via in-cluster config" component="discovery manager scrape" discovery=kubernetes config=serviceMonitor/openshift-kube-apiserver-operator/kube-apiserver-operator/0
2026-01-28T09:45:43.792602941Z time=2026-01-28T09:45:43.792Z level=INFO source=kubernetes.go:312 msg="Using pod service account via in-cluster config" component="discovery manager scrape" discovery=kubernetes config=serviceMonitor/openshift-service-ca-operator/service-ca-operator/0
2026-01-28T09:45:43.792891828Z time=2026-01-28T09:45:43.792Z level=INFO source=kubernetes.go:312 msg="Using pod service account via in-cluster config" component="discovery manager scrape" discovery=kubernetes config=serviceMonitor/openshift-image-registry/image-registry/0
2026-01-28T09:45:43.793176564Z time=2026-01-28T09:45:43.793Z level=INFO source=kubernetes.go:312 msg="Using pod service account via in-cluster config" component="discovery manager scrape" discovery=kubernetes config=serviceMonitor/openshift-machine-api/machine-api-operator/0
2026-01-28T09:45:43.793450959Z time=2026-01-28T09:45:43.793Z level=INFO source=kubernetes.go:312 msg="Using pod service account via in-cluster config" component="discovery manager scrape" discovery=kubernetes config=serviceMonitor/openshift-machine-config-operator/machine-config-controller/0
2026-01-28T09:45:43.793731615Z time=2026-01-28T09:45:43.793Z level=INFO source=kubernetes.go:312 msg="Using pod service account via in-cluster config" component="discovery manager scrape" discovery=kubernetes config=serviceMonitor/openshift-multus/monitor-multus-admission-controller/0
2026-01-28T09:45:43.794032353Z time=2026-01-28T09:45:43.793Z level=INFO source=kubernetes.go:312 msg="Using pod service account via in-cluster config" component="discovery manager scrape" discovery=kubernetes config=serviceMonitor/openshift-etcd-operator/etcd-operator/0
2026-01-28T09:45:43.794298178Z time=2026-01-28T09:45:43.794Z level=INFO source=kubernetes.go:312 msg="Using pod service account via in-cluster config" component="discovery manager scrape" discovery=kubernetes config=serviceMonitor/openshift-cluster-node-tuning-operator/node-tuning-operator/0
2026-01-28T09:45:43.794567793Z time=2026-01-28T09:45:43.794Z level=INFO source=kubernetes.go:312 msg="Using pod service account via in-cluster config" component="discovery manager scrape" discovery=kubernetes config=serviceMonitor/openshift-catalogd/catalogd-metrics-monitor/0
2026-01-28T09:45:43.794897372Z time=2026-01-28T09:45:43.794Z level=INFO source=kubernetes.go:312 msg="Using pod service account via in-cluster config" component="discovery manager scrape" discovery=kubernetes config=serviceMonitor/openshift-apiserver-operator/openshift-apiserver-operator/0
2026-01-28T09:45:43.795157067Z time=2026-01-28T09:45:43.795Z level=INFO source=kubernetes.go:312 msg="Using pod service account via in-cluster config" component="discovery manager scrape" discovery=kubernetes config=serviceMonitor/openshift-cluster-storage-operator/cluster-storage-operator/0
2026-01-28T09:45:43.795426172Z time=2026-01-28T09:45:43.795Z level=INFO source=kubernetes.go:312 msg="Using pod service account via in-cluster config" component="discovery manager scrape" discovery=kubernetes config=serviceMonitor/openshift-cluster-version/cluster-version-operator/0
2026-01-28T09:45:43.795692217Z time=2026-01-28T09:45:43.795Z level=INFO source=kubernetes.go:312 msg="Using pod service account via in-cluster config" component="discovery manager scrape" discovery=kubernetes config=serviceMonitor/openshift-controller-manager-operator/openshift-controller-manager-operator/0
2026-01-28T09:45:43.795957602Z time=2026-01-28T09:45:43.795Z level=INFO source=kubernetes.go:312 msg="Using pod service account via in-cluster config" component="discovery manager scrape" discovery=kubernetes config=serviceMonitor/openshift-kube-apiserver/kube-apiserver/0
2026-01-28T09:45:43.796243659Z time=2026-01-28T09:45:43.796Z level=INFO source=kubernetes.go:312 msg="Using pod service account via in-cluster config" component="discovery manager scrape" discovery=kubernetes config=serviceMonitor/openshift-kube-scheduler/kube-scheduler/1
2026-01-28T09:45:43.796558657Z time=2026-01-28T09:45:43.796Z level=INFO source=kubernetes.go:312 msg="Using pod service account via in-cluster config" component="discovery manager scrape" discovery=kubernetes config=serviceMonitor/openshift-cluster-machine-approver/cluster-machine-approver/0
2026-01-28T09:45:43.796858384Z time=2026-01-28T09:45:43.796Z level=INFO source=kubernetes.go:312 msg="Using pod service account via in-cluster config" component="discovery manager scrape" discovery=kubernetes config=serviceMonitor/openshift-operator-controller/operator-controller-metrics-monitor/0
2026-01-28T09:45:43.797120619Z time=2026-01-28T09:45:43.797Z level=INFO source=kubernetes.go:312 msg="Using pod service account via in-cluster config" component="discovery manager scrape" discovery=kubernetes config=serviceMonitor/openshift-network-operator/network-operator/0
2026-01-28T09:45:43.797375893Z time=2026-01-28T09:45:43.797Z level=INFO source=kubernetes.go:312 msg="Using pod service account via in-cluster config" component="discovery manager scrape" discovery=kubernetes config=serviceMonitor/openshift-marketplace/marketplace-operator/0
2026-01-28T09:45:43.797647669Z time=2026-01-28T09:45:43.797Z level=INFO source=kubernetes.go:312 msg="Using pod service account via in-cluster config" component="discovery manager scrape" discovery=kubernetes config=serviceMonitor/openshift-network-diagnostics/network-check-source/0
2026-01-28T09:45:43.797933895Z time=2026-01-28T09:45:43.797Z level=INFO source=kubernetes.go:312 msg="Using pod service account via in-cluster config" component="discovery manager scrape" discovery=kubernetes config=serviceMonitor/openshift-authentication-operator/authentication-operator/0
2026-01-28T09:45:43.798214251Z time=2026-01-28T09:45:43.798Z level=INFO source=kubernetes.go:312 msg="Using pod service account via in-cluster config" component="discovery manager scrape" discovery=kubernetes config=serviceMonitor/openshift-etcd-operator/etcd/0
2026-01-28T09:45:43.798491817Z time=2026-01-28T09:45:43.798Z level=INFO source=kubernetes.go:312 msg="Using pod service account via in-cluster config" component="discovery manager scrape" discovery=kubernetes config=serviceMonitor/openshift-dns/dns-default/0
2026-01-28T09:45:43.798795944Z time=2026-01-28T09:45:43.798Z level=INFO source=kubernetes.go:312 msg="Using pod service account via in-cluster config" component="discovery manager scrape" discovery=kubernetes config=serviceMonitor/openshift-console-operator/console-operator/0
2026-01-28T09:45:43.799061109Z time=2026-01-28T09:45:43.799Z level=INFO source=kubernetes.go:312 msg="Using pod service account via in-cluster config" component="discovery manager scrape" discovery=kubernetes config=serviceMonitor/openshift-console/console/0
2026-01-28T09:45:43.799332205Z time=2026-01-28T09:45:43.799Z level=INFO source=kubernetes.go:312 msg="Using pod service account via in-cluster config" component="discovery manager scrape" discovery=kubernetes config=serviceMonitor/openshift-ingress/router-default/0
2026-01-28T09:45:43.799597040Z time=2026-01-28T09:45:43.799Z level=INFO source=kubernetes.go:312 msg="Using pod service account via in-cluster config" component="discovery manager scrape" discovery=kubernetes config=serviceMonitor/openshift-kube-controller-manager-operator/kube-controller-manager-operator/0
2026-01-28T09:45:43.799907537Z time=2026-01-28T09:45:43.799Z level=INFO source=kubernetes.go:312 msg="Using pod service account via in-cluster config" component="discovery manager scrape" discovery=kubernetes config=serviceMonitor/openshift-kube-controller-manager/kube-controller-manager/0
2026-01-28T09:45:43.800184943Z time=2026-01-28T09:45:43.800Z level=INFO source=kubernetes.go:312 msg="Using pod service account via in-cluster config" component="discovery manager scrape" discovery=kubernetes config=serviceMonitor/openshift-kube-scheduler-operator/kube-scheduler-operator/0
2026-01-28T09:45:43.800474560Z time=2026-01-28T09:45:43.800Z level=INFO source=kubernetes.go:312 msg="Using pod service account via in-cluster config" component="discovery manager scrape" discovery=kubernetes config=serviceMonitor/openshift-cloud-credential-operator/cloud-credential-operator/0
2026-01-28T09:45:43.800768226Z time=2026-01-28T09:45:43.800Z level=INFO source=kubernetes.go:312 msg="Using pod service account via in-cluster config" component="discovery manager scrape" discovery=kubernetes config=serviceMonitor/openshift-dns-operator/dns-operator/0
2026-01-28T09:45:43.803771578Z time=2026-01-28T09:45:43.803Z level=INFO source=kubernetes.go:312 msg="Using pod service account via in-cluster config" component="discovery manager notify" discovery=kubernetes config=config-0
2026-01-28T09:45:43.842837335Z time=2026-01-28T09:45:43.842Z level=INFO source=warnings.go:70 msg="v1 Endpoints is deprecated in v1.33+; use discovery.k8s.io/v1 EndpointSlice" component=k8s_client_runtime
2026-01-28T09:45:43.843607379Z time=2026-01-28T09:45:43.843Z level=INFO source=warnings.go:70 msg="v1 Endpoints is deprecated in v1.33+; use discovery.k8s.io/v1 EndpointSlice" component=k8s_client_runtime
2026-01-28T09:45:43.843814711Z time=2026-01-28T09:45:43.843Z level=INFO source=warnings.go:70 msg="v1 Endpoints is deprecated in v1.33+; use discovery.k8s.io/v1 EndpointSlice" component=k8s_client_runtime
2026-01-28T09:45:43.845534289Z time=2026-01-28T09:45:43.845Z level=INFO source=warnings.go:70 msg="v1 Endpoints is deprecated in v1.33+; use discovery.k8s.io/v1 EndpointSlice" component=k8s_client_runtime
2026-01-28T09:45:43.845745881Z time=2026-01-28T09:45:43.845Z level=INFO source=warnings.go:70 msg="v1 Endpoints is deprecated in v1.33+; use discovery.k8s.io/v1 EndpointSlice" component=k8s_client_runtime
2026-01-28T09:45:43.845952403Z time=2026-01-28T09:45:43.845Z level=INFO source=warnings.go:70 msg="v1 Endpoints is deprecated in v1.33+; use discovery.k8s.io/v1 EndpointSlice" component=k8s_client_runtime
2026-01-28T09:45:43.846082410Z time=2026-01-28T09:45:43.846Z level=INFO source=warnings.go:70 msg="v1 Endpoints is deprecated in v1.33+; use discovery.k8s.io/v1 EndpointSlice" component=k8s_client_runtime
2026-01-28T09:45:43.846505334Z time=2026-01-28T09:45:43.846Z level=INFO source=warnings.go:70 msg="v1 Endpoints is deprecated in v1.33+; use discovery.k8s.io/v1 EndpointSlice" component=k8s_client_runtime
2026-01-28T09:45:43.846660203Z time=2026-01-28T09:45:43.846Z level=INFO source=warnings.go:70 msg="v1 Endpoints is deprecated in v1.33+; use discovery.k8s.io/v1 EndpointSlice" component=k8s_client_runtime
2026-01-28T09:45:43.846747838Z time=2026-01-28T09:45:43.846Z level=INFO source=warnings.go:70 msg="v1 Endpoints is deprecated in v1.33+; use discovery.k8s.io/v1 EndpointSlice" component=k8s_client_runtime
2026-01-28T09:45:43.846845414Z time=2026-01-28T09:45:43.846Z level=INFO source=warnings.go:70 msg="v1 Endpoints is deprecated in v1.33+; use discovery.k8s.io/v1 EndpointSlice" component=k8s_client_runtime
2026-01-28T09:45:43.847215605Z time=2026-01-28T09:45:43.847Z level=INFO source=warnings.go:70 msg="v1 Endpoints is deprecated in v1.33+; use discovery.k8s.io/v1 EndpointSlice" component=k8s_client_runtime
2026-01-28T09:45:43.847320141Z time=2026-01-28T09:45:43.847Z level=INFO source=warnings.go:70 msg="v1 Endpoints is deprecated in v1.33+; use discovery.k8s.io/v1 EndpointSlice" component=k8s_client_runtime
2026-01-28T09:45:43.847388825Z time=2026-01-28T09:45:43.847Z level=INFO source=warnings.go:70 msg="v1 Endpoints is deprecated in v1.33+; use discovery.k8s.io/v1 EndpointSlice" component=k8s_client_runtime
2026-01-28T09:45:43.847446818Z time=2026-01-28T09:45:43.847Z level=INFO source=warnings.go:70 msg="v1 Endpoints is deprecated in v1.33+; use discovery.k8s.io/v1 EndpointSlice" component=k8s_client_runtime
2026-01-28T09:45:43.847759666Z time=2026-01-28T09:45:43.847Z level=INFO source=warnings.go:70 msg="v1 Endpoints is deprecated in v1.33+; use discovery.k8s.io/v1 EndpointSlice" component=k8s_client_runtime
2026-01-28T09:45:43.847950137Z time=2026-01-28T09:45:43.847Z level=INFO source=warnings.go:70 msg="v1 Endpoints is deprecated in v1.33+; use discovery.k8s.io/v1 EndpointSlice" component=k8s_client_runtime
2026-01-28T09:45:43.848061223Z time=2026-01-28T09:45:43.848Z level=INFO source=warnings.go:70 msg="v1 Endpoints is deprecated in v1.33+; use discovery.k8s.io/v1 EndpointSlice" component=k8s_client_runtime
2026-01-28T09:45:43.848146278Z time=2026-01-28T09:45:43.848Z level=INFO source=warnings.go:70 msg="v1 Endpoints is deprecated in v1.33+; use discovery.k8s.io/v1 EndpointSlice" component=k8s_client_runtime
2026-01-28T09:45:43.848335279Z time=2026-01-28T09:45:43.848Z level=INFO source=warnings.go:70 msg="v1 Endpoints is deprecated in v1.33+; use discovery.k8s.io/v1 EndpointSlice" component=k8s_client_runtime
2026-01-28T09:45:43.848393982Z time=2026-01-28T09:45:43.848Z level=INFO source=warnings.go:70 msg="v1 Endpoints is deprecated in v1.33+; use discovery.k8s.io/v1 EndpointSlice" component=k8s_client_runtime
2026-01-28T09:45:43.848591103Z time=2026-01-28T09:45:43.848Z level=INFO source=warnings.go:70 msg="v1 Endpoints is deprecated in v1.33+; use discovery.k8s.io/v1 EndpointSlice" component=k8s_client_runtime
2026-01-28T09:45:43.848701179Z time=2026-01-28T09:45:43.848Z level=INFO source=warnings.go:70 msg="v1 Endpoints is deprecated in v1.33+; use discovery.k8s.io/v1 EndpointSlice" component=k8s_client_runtime
2026-01-28T09:45:43.848897871Z time=2026-01-28T09:45:43.848Z level=INFO source=warnings.go:70 msg="v1 Endpoints is deprecated in v1.33+; use discovery.k8s.io/v1 EndpointSlice" component=k8s_client_runtime
2026-01-28T09:45:43.849070381Z time=2026-01-28T09:45:43.849Z level=INFO source=warnings.go:70 msg="v1 Endpoints is deprecated in v1.33+; use discovery.k8s.io/v1 EndpointSlice" component=k8s_client_runtime
2026-01-28T09:45:43.849085952Z time=2026-01-28T09:45:43.849Z level=INFO source=warnings.go:70 msg="v1 Endpoints is deprecated in v1.33+; use discovery.k8s.io/v1 EndpointSlice" component=k8s_client_runtime
2026-01-28T09:45:43.849340896Z time=2026-01-28T09:45:43.849Z level=INFO source=warnings.go:70 msg="v1 Endpoints is deprecated in v1.33+; use discovery.k8s.io/v1 EndpointSlice" component=k8s_client_runtime
2026-01-28T09:45:43.849407060Z time=2026-01-28T09:45:43.849Z level=INFO source=warnings.go:70 msg="v1 Endpoints is deprecated in v1.33+; use discovery.k8s.io/v1 EndpointSlice" component=k8s_client_runtime
2026-01-28T09:45:43.849477314Z time=2026-01-28T09:45:43.849Z level=INFO source=warnings.go:70 msg="v1 Endpoints is deprecated in v1.33+; use discovery.k8s.io/v1 EndpointSlice" component=k8s_client_runtime
2026-01-28T09:45:43.849639123Z time=2026-01-28T09:45:43.849Z level=INFO source=warnings.go:70 msg="v1 Endpoints is deprecated in v1.33+; use discovery.k8s.io/v1 EndpointSlice" component=k8s_client_runtime
2026-01-28T09:45:43.849714577Z time=2026-01-28T09:45:43.849Z level=INFO source=warnings.go:70 msg="v1 Endpoints is deprecated in v1.33+; use discovery.k8s.io/v1 EndpointSlice" component=k8s_client_runtime
2026-01-28T09:45:43.849809633Z time=2026-01-28T09:45:43.849Z level=INFO source=warnings.go:70 msg="v1 Endpoints is deprecated in v1.33+; use discovery.k8s.io/v1 EndpointSlice" component=k8s_client_runtime
2026-01-28T09:45:43.849927509Z time=2026-01-28T09:45:43.849Z level=INFO source=warnings.go:70 msg="v1 Endpoints is deprecated in v1.33+; use discovery.k8s.io/v1 EndpointSlice" component=k8s_client_runtime
2026-01-28T09:45:43.850173443Z time=2026-01-28T09:45:43.850Z level=INFO source=warnings.go:70 msg="v1 Endpoints is deprecated in v1.33+; use discovery.k8s.io/v1 EndpointSlice" component=k8s_client_runtime
2026-01-28T09:45:43.850260959Z time=2026-01-28T09:45:43.850Z level=INFO source=warnings.go:70 msg="v1 Endpoints is deprecated in v1.33+; use discovery.k8s.io/v1 EndpointSlice" component=k8s_client_runtime
2026-01-28T09:45:43.850756357Z time=2026-01-28T09:45:43.850Z level=INFO source=warnings.go:70 msg="v1 Endpoints is deprecated in v1.33+; use discovery.k8s.io/v1 EndpointSlice" component=k8s_client_runtime
2026-01-28T09:45:43.851145849Z time=2026-01-28T09:45:43.851Z level=INFO source=warnings.go:70 msg="v1 Endpoints is deprecated in v1.33+; use discovery.k8s.io/v1 EndpointSlice" component=k8s_client_runtime
2026-01-28T09:45:43.851710641Z time=2026-01-28T09:45:43.851Z level=INFO source=warnings.go:70 msg="v1 Endpoints is deprecated in v1.33+; use discovery.k8s.io/v1 EndpointSlice" component=k8s_client_runtime
2026-01-28T09:45:43.851963805Z time=2026-01-28T09:45:43.851Z level=INFO source=warnings.go:70 msg="v1 Endpoints is deprecated in v1.33+; use discovery.k8s.io/v1 EndpointSlice" component=k8s_client_runtime
2026-01-28T09:45:43.852402101Z time=2026-01-28T09:45:43.852Z level=INFO source=warnings.go:70 msg="v1 Endpoints is deprecated in v1.33+; use discovery.k8s.io/v1 EndpointSlice" component=k8s_client_runtime
2026-01-28T09:45:43.852529328Z time=2026-01-28T09:45:43.852Z level=INFO source=warnings.go:70 msg="v1 Endpoints is deprecated in v1.33+; use discovery.k8s.io/v1 EndpointSlice" component=k8s_client_runtime
2026-01-28T09:45:43.852733599Z time=2026-01-28T09:45:43.852Z level=INFO source=warnings.go:70 msg="v1 Endpoints is deprecated in v1.33+; use discovery.k8s.io/v1 EndpointSlice" component=k8s_client_runtime
2026-01-28T09:45:43.853878405Z time=2026-01-28T09:45:43.853Z level=INFO source=warnings.go:70 msg="v1 Endpoints is deprecated in v1.33+; use discovery.k8s.io/v1 EndpointSlice" component=k8s_client_runtime
2026-01-28T09:45:43.858634896Z time=2026-01-28T09:45:43.858Z level=INFO source=warnings.go:70 msg="v1 Endpoints is deprecated in v1.33+; use discovery.k8s.io/v1 EndpointSlice" component=k8s_client_runtime
2026-01-28T09:45:43.859235480Z time=2026-01-28T09:45:43.859Z level=INFO source=warnings.go:70 msg="v1 Endpoints is deprecated in v1.33+; use discovery.k8s.io/v1 EndpointSlice" component=k8s_client_runtime
2026-01-28T09:45:43.859771761Z time=2026-01-28T09:45:43.859Z level=INFO source=warnings.go:70 msg="v1 Endpoints is deprecated in v1.33+; use discovery.k8s.io/v1 EndpointSlice" component=k8s_client_runtime
2026-01-28T09:45:43.859855735Z time=2026-01-28T09:45:43.859Z level=INFO source=warnings.go:70 msg="v1 Endpoints is deprecated in v1.33+; use discovery.k8s.io/v1 EndpointSlice" component=k8s_client_runtime
2026-01-28T09:45:43.860043656Z time=2026-01-28T09:45:43.859Z level=INFO source=warnings.go:70 msg="v1 Endpoints is deprecated in v1.33+; use discovery.k8s.io/v1 EndpointSlice" component=k8s_client_runtime
2026-01-28T09:45:43.860863103Z time=2026-01-28T09:45:43.860Z level=INFO source=warnings.go:70 msg="v1 Endpoints is deprecated in v1.33+; use discovery.k8s.io/v1 EndpointSlice" component=k8s_client_runtime
2026-01-28T09:45:43.861114277Z time=2026-01-28T09:45:43.861Z level=INFO source=warnings.go:70 msg="v1 Endpoints is deprecated in v1.33+; use discovery.k8s.io/v1 EndpointSlice" component=k8s_client_runtime
2026-01-28T09:45:43.861181881Z time=2026-01-28T09:45:43.861Z level=INFO source=warnings.go:70 msg="v1 Endpoints is deprecated in v1.33+; use discovery.k8s.io/v1 EndpointSlice" component=k8s_client_runtime
2026-01-28T09:45:43.861254065Z time=2026-01-28T09:45:43.861Z level=INFO source=warnings.go:70 msg="v1 Endpoints is deprecated in v1.33+; use discovery.k8s.io/v1 EndpointSlice" component=k8s_client_runtime
2026-01-28T09:45:43.862559410Z time=2026-01-28T09:45:43.862Z level=INFO source=warnings.go:70 msg="v1 Endpoints is deprecated in v1.33+; use discovery.k8s.io/v1 EndpointSlice" component=k8s_client_runtime
2026-01-28T09:45:43.862630284Z time=2026-01-28T09:45:43.862Z level=INFO source=warnings.go:70 msg="v1 Endpoints is deprecated in v1.33+; use discovery.k8s.io/v1 EndpointSlice" component=k8s_client_runtime
2026-01-28T09:45:43.862731670Z time=2026-01-28T09:45:43.862Z level=INFO source=warnings.go:70 msg="v1 Endpoints is deprecated in v1.33+; use discovery.k8s.io/v1 EndpointSlice" component=k8s_client_runtime
2026-01-28T09:45:43.862772242Z time=2026-01-28T09:45:43.862Z level=INFO source=warnings.go:70 msg="v1 Endpoints is deprecated in v1.33+; use discovery.k8s.io/v1 EndpointSlice" component=k8s_client_runtime
2026-01-28T09:45:43.862845476Z time=2026-01-28T09:45:43.862Z level=INFO source=warnings.go:70 msg="v1 Endpoints is deprecated in v1.33+; use discovery.k8s.io/v1 EndpointSlice" component=k8s_client_runtime
2026-01-28T09:45:43.862929711Z time=2026-01-28T09:45:43.862Z level=INFO source=warnings.go:70 msg="v1 Endpoints is deprecated in v1.33+; use discovery.k8s.io/v1 EndpointSlice" component=k8s_client_runtime
2026-01-28T09:45:43.862991504Z time=2026-01-28T09:45:43.862Z level=INFO source=warnings.go:70 msg="v1 Endpoints is deprecated in v1.33+; use discovery.k8s.io/v1 EndpointSlice" component=k8s_client_runtime
2026-01-28T09:45:43.863050308Z time=2026-01-28T09:45:43.863Z level=INFO source=warnings.go:70 msg="v1 Endpoints is deprecated in v1.33+; use discovery.k8s.io/v1 EndpointSlice" component=k8s_client_runtime
2026-01-28T09:45:43.865053472Z time=2026-01-28T09:45:43.864Z level=INFO source=warnings.go:70 msg="v1 Endpoints is deprecated in v1.33+; use discovery.k8s.io/v1 EndpointSlice" component=k8s_client_runtime
2026-01-28T09:45:43.867408546Z time=2026-01-28T09:45:43.867Z level=INFO source=warnings.go:70 msg="v1 Endpoints is deprecated in v1.33+; use discovery.k8s.io/v1 EndpointSlice" component=k8s_client_runtime
2026-01-28T09:45:43.867700523Z time=2026-01-28T09:45:43.867Z level=INFO source=warnings.go:70 msg="v1 Endpoints is deprecated in v1.33+; use discovery.k8s.io/v1 EndpointSlice" component=k8s_client_runtime
2026-01-28T09:45:43.867795688Z time=2026-01-28T09:45:43.867Z level=INFO source=warnings.go:70 msg="v1 Endpoints is deprecated in v1.33+; use discovery.k8s.io/v1 EndpointSlice" component=k8s_client_runtime
2026-01-28T09:45:43.868557022Z time=2026-01-28T09:45:43.868Z level=INFO source=warnings.go:70 msg="v1 Endpoints is deprecated in v1.33+; use discovery.k8s.io/v1 EndpointSlice" component=k8s_client_runtime
2026-01-28T09:45:43.868656397Z time=2026-01-28T09:45:43.868Z level=INFO source=warnings.go:70 msg="v1 Endpoints is deprecated in v1.33+; use discovery.k8s.io/v1 EndpointSlice" component=k8s_client_runtime
2026-01-28T09:45:43.868747222Z time=2026-01-28T09:45:43.868Z level=INFO source=warnings.go:70 msg="v1 Endpoints is deprecated in v1.33+; use discovery.k8s.io/v1 EndpointSlice" component=k8s_client_runtime
2026-01-28T09:45:43.868832847Z time=2026-01-28T09:45:43.868Z level=INFO source=warnings.go:70 msg="v1 Endpoints is deprecated in v1.33+; use discovery.k8s.io/v1 EndpointSlice" component=k8s_client_runtime
2026-01-28T09:45:43.869775281Z time=2026-01-28T09:45:43.869Z level=INFO source=warnings.go:70 msg="v1 Endpoints is deprecated in v1.33+; use discovery.k8s.io/v1 EndpointSlice" component=k8s_client_runtime
2026-01-28T09:45:43.872785643Z time=2026-01-28T09:45:43.872Z level=INFO source=warnings.go:70 msg="v1 Endpoints is deprecated in v1.33+; use discovery.k8s.io/v1 EndpointSlice" component=k8s_client_runtime
2026-01-28T09:45:43.872965493Z time=2026-01-28T09:45:43.872Z level=INFO source=warnings.go:70 msg="v1 Endpoints is deprecated in v1.33+; use discovery.k8s.io/v1 EndpointSlice" component=k8s_client_runtime
2026-01-28T09:45:43.873088900Z time=2026-01-28T09:45:43.873Z level=INFO source=warnings.go:70 msg="v1 Endpoints is deprecated in v1.33+; use discovery.k8s.io/v1 EndpointSlice" component=k8s_client_runtime
2026-01-28T09:45:43.873184295Z time=2026-01-28T09:45:43.873Z level=INFO source=warnings.go:70 msg="v1 Endpoints is deprecated in v1.33+; use discovery.k8s.io/v1 EndpointSlice" component=k8s_client_runtime
2026-01-28T09:45:43.873270040Z time=2026-01-28T09:45:43.873Z level=INFO source=warnings.go:70 msg="v1 Endpoints is deprecated in v1.33+; use discovery.k8s.io/v1 EndpointSlice" component=k8s_client_runtime
2026-01-28T09:45:43.873744357Z time=2026-01-28T09:45:43.873Z level=INFO source=warnings.go:70 msg="v1 Endpoints is deprecated in v1.33+; use discovery.k8s.io/v1 EndpointSlice" component=k8s_client_runtime
2026-01-28T09:45:43.873813981Z time=2026-01-28T09:45:43.873Z level=INFO source=warnings.go:70 msg="v1 Endpoints is deprecated in v1.33+; use discovery.k8s.io/v1 EndpointSlice" component=k8s_client_runtime
2026-01-28T09:45:43.873925068Z time=2026-01-28T09:45:43.873Z level=INFO source=warnings.go:70 msg="v1 Endpoints is deprecated in v1.33+; use discovery.k8s.io/v1 EndpointSlice" component=k8s_client_runtime
2026-01-28T09:45:43.873977421Z time=2026-01-28T09:45:43.873Z level=INFO source=warnings.go:70 msg="v1 Endpoints is deprecated in v1.33+; use discovery.k8s.io/v1 EndpointSlice" component=k8s_client_runtime
2026-01-28T09:45:43.874135330Z time=2026-01-28T09:45:43.874Z level=INFO source=warnings.go:70 msg="v1 Endpoints is deprecated in v1.33+; use discovery.k8s.io/v1 EndpointSlice" component=k8s_client_runtime
2026-01-28T09:45:43.874135330Z time=2026-01-28T09:45:43.874Z level=INFO source=warnings.go:70 msg="v1 Endpoints is deprecated in v1.33+; use discovery.k8s.io/v1 EndpointSlice" component=k8s_client_runtime
2026-01-28T09:45:43.874162291Z time=2026-01-28T09:45:43.874Z level=INFO source=warnings.go:70 msg="v1 Endpoints is deprecated in v1.33+; use discovery.k8s.io/v1 EndpointSlice" component=k8s_client_runtime
2026-01-28T09:45:43.874416906Z time=2026-01-28T09:45:43.874Z level=INFO source=warnings.go:70 msg="v1 Endpoints is deprecated in v1.33+; use discovery.k8s.io/v1 EndpointSlice" component=k8s_client_runtime
2026-01-28T09:45:43.874434827Z time=2026-01-28T09:45:43.874Z level=INFO source=warnings.go:70 msg="v1 Endpoints is deprecated in v1.33+; use discovery.k8s.io/v1 EndpointSlice" component=k8s_client_runtime
2026-01-28T09:45:43.884097178Z time=2026-01-28T09:45:43.884Z level=INFO source=warnings.go:70 msg="v1 Endpoints is deprecated in v1.33+; use discovery.k8s.io/v1 EndpointSlice" component=k8s_client_runtime
2026-01-28T09:45:43.884821999Z time=2026-01-28T09:45:43.884Z level=INFO source=warnings.go:70 msg="v1 Endpoints is deprecated in v1.33+; use discovery.k8s.io/v1 EndpointSlice" component=k8s_client_runtime
2026-01-28T09:45:43.886895057Z time=2026-01-28T09:45:43.886Z level=INFO source=warnings.go:70 msg="v1 Endpoints is deprecated in v1.33+; use discovery.k8s.io/v1 EndpointSlice" component=k8s_client_runtime
2026-01-28T09:45:43.887006334Z time=2026-01-28T09:45:43.886Z level=INFO source=warnings.go:70 msg="v1 Endpoints is deprecated in v1.33+; use discovery.k8s.io/v1 EndpointSlice" component=k8s_client_runtime
2026-01-28T09:45:43.888133948Z time=2026-01-28T09:45:43.887Z level=INFO source=warnings.go:70 msg="v1 Endpoints is deprecated in v1.33+; use discovery.k8s.io/v1 EndpointSlice" component=k8s_client_runtime
2026-01-28T09:45:43.888491748Z time=2026-01-28T09:45:43.888Z level=INFO source=warnings.go:70 msg="v1 Endpoints is deprecated in v1.33+; use discovery.k8s.io/v1 EndpointSlice" component=k8s_client_runtime
2026-01-28T09:45:43.891626817Z time=2026-01-28T09:45:43.891Z level=INFO source=warnings.go:70 msg="v1 Endpoints is deprecated in v1.33+; use discovery.k8s.io/v1 EndpointSlice" component=k8s_client_runtime
2026-01-28T09:45:43.915695499Z time=2026-01-28T09:45:43.915Z level=INFO source=main.go:1540 msg="Completed loading of configuration file" db_storage=1.27µs remote_storage=1.82µs web_handler=411ns query_engine=1.4µs scrape=236.283µs scrape_sd=12.460401ms notify=395.142µs notify_sd=2.4472ms rules=111.581602ms tracing=6.281µs filename=/etc/prometheus/config_out/prometheus.env.yaml totalDuration=142.300703ms
2026-01-28T09:45:43.915735492Z time=2026-01-28T09:45:43.915Z level=INFO source=main.go:1276 msg="Server is ready to receive web requests."
2026-01-28T09:45:43.915779454Z time=2026-01-28T09:45:43.915Z level=INFO source=manager.go:176 msg="Starting rule manager..." component="rule manager"
2026-01-28T09:45:47.458726981Z time=2026-01-28T09:45:47.458Z level=INFO source=main.go:1500 msg="Loading configuration file" filename=/etc/prometheus/config_out/prometheus.env.yaml
2026-01-28T09:45:47.555956094Z time=2026-01-28T09:45:47.555Z level=INFO source=main.go:1540 msg="Completed loading of configuration file" db_storage=1.38µs remote_storage=1.46µs web_handler=480ns query_engine=820ns scrape=74.075µs scrape_sd=1.067701ms notify=274.326µs notify_sd=8.99µs rules=78.592071ms tracing=4.971µs filename=/etc/prometheus/config_out/prometheus.env.yaml totalDuration=97.254105ms
2026-01-28T09:47:53.551920347Z time=2026-01-28T09:47:53.551Z level=INFO source=main.go:1500 msg="Loading configuration file" filename=/etc/prometheus/config_out/prometheus.env.yaml
2026-01-28T09:47:53.645173445Z time=2026-01-28T09:47:53.645Z level=INFO source=main.go:1540 msg="Completed loading of configuration file" db_storage=960ns remote_storage=1.449µs web_handler=411ns query_engine=560ns scrape=3.622763ms scrape_sd=1.045501ms notify=305.998µs notify_sd=11.6µs rules=71.017967ms tracing=8.08µs filename=/etc/prometheus/config_out/prometheus.env.yaml totalDuration=93.269239ms
2026-01-28T09:50:27.803302677Z time=2026-01-28T09:50:27.803Z level=INFO source=warnings.go:70 msg="v1 Endpoints is deprecated in v1.33+; use discovery.k8s.io/v1 EndpointSlice" component=k8s_client_runtime
2026-01-28T09:50:27.803686009Z time=2026-01-28T09:50:27.803Z level=INFO source=warnings.go:70 msg="v1 Endpoints is deprecated in v1.33+; use discovery.k8s.io/v1 EndpointSlice" component=k8s_client_runtime
2026-01-28T09:50:27.804110254Z time=2026-01-28T09:50:27.804Z level=INFO source=warnings.go:70 msg="v1 Endpoints is deprecated in v1.33+; use discovery.k8s.io/v1 EndpointSlice" component=k8s_client_runtime
2026-01-28T09:50:27.804542250Z time=2026-01-28T09:50:27.804Z level=INFO source=warnings.go:70 msg="v1 Endpoints is deprecated in v1.33+; use discovery.k8s.io/v1 EndpointSlice" component=k8s_client_runtime
2026-01-28T09:50:27.804929222Z time=2026-01-28T09:50:27.804Z level=INFO source=warnings.go:70 msg="v1 Endpoints is deprecated in v1.33+; use discovery.k8s.io/v1 EndpointSlice" component=k8s_client_runtime
2026-01-28T09:50:27.805623494Z time=2026-01-28T09:50:27.805Z level=INFO source=warnings.go:70 msg="v1 Endpoints is deprecated in v1.33+; use discovery.k8s.io/v1 EndpointSlice" component=k8s_client_runtime
2026-01-28T09:50:27.806360717Z time=2026-01-28T09:50:27.806Z level=INFO source=warnings.go:70 msg="v1 Endpoints is deprecated in v1.33+; use discovery.k8s.io/v1 EndpointSlice" component=k8s_client_runtime
2026-01-28T09:51:01.852745319Z time=2026-01-28T09:51:01.852Z level=INFO source=warnings.go:70 msg="v1 Endpoints is deprecated in v1.33+; use discovery.k8s.io/v1 EndpointSlice" component=k8s_client_runtime
2026-01-28T09:51:04.846995839Z time=2026-01-28T09:51:04.846Z level=INFO source=warnings.go:70 msg="v1 Endpoints is deprecated in v1.33+; use discovery.k8s.io/v1 EndpointSlice" component=k8s_client_runtime
2026-01-28T09:51:07.854254174Z time=2026-01-28T09:51:07.854Z level=INFO source=warnings.go:70 msg="v1 Endpoints is deprecated in v1.33+; use discovery.k8s.io/v1 EndpointSlice" component=k8s_client_runtime
2026-01-28T09:51:22.876715346Z time=2026-01-28T09:51:22.876Z level=INFO source=warnings.go:70 msg="v1 Endpoints is deprecated in v1.33+; use discovery.k8s.io/v1 EndpointSlice" component=k8s_client_runtime
2026-01-28T09:51:28.854246112Z time=2026-01-28T09:51:28.854Z level=INFO source=warnings.go:70 msg="v1 Endpoints is deprecated in v1.33+; use discovery.k8s.io/v1 EndpointSlice" component=k8s_client_runtime
2026-01-28T09:51:31.872520996Z time=2026-01-28T09:51:31.872Z level=INFO source=warnings.go:70 msg="v1 Endpoints is deprecated in v1.33+; use discovery.k8s.io/v1 EndpointSlice" component=k8s_client_runtime
2026-01-28T09:51:33.853528433Z time=2026-01-28T09:51:33.853Z level=INFO source=warnings.go:70 msg="v1 Endpoints is deprecated in v1.33+; use discovery.k8s.io/v1 EndpointSlice" component=k8s_client_runtime
2026-01-28T09:51:33.874394704Z time=2026-01-28T09:51:33.874Z level=INFO source=warnings.go:70 msg="v1 Endpoints is deprecated in v1.33+; use discovery.k8s.io/v1 EndpointSlice" component=k8s_client_runtime
2026-01-28T09:51:37.873426123Z time=2026-01-28T09:51:37.873Z level=INFO source=warnings.go:70 msg="v1 Endpoints is deprecated in v1.33+; use discovery.k8s.io/v1 EndpointSlice" component=k8s_client_runtime
2026-01-28T09:51:42.872891397Z time=2026-01-28T09:51:42.872Z level=INFO source=warnings.go:70 msg="v1 Endpoints is deprecated in v1.33+; use discovery.k8s.io/v1 EndpointSlice" component=k8s_client_runtime
2026-01-28T09:51:48.872233126Z time=2026-01-28T09:51:48.872Z level=INFO source=warnings.go:70 msg="v1 Endpoints is deprecated in v1.33+; use discovery.k8s.io/v1 EndpointSlice" component=k8s_client_runtime
2026-01-28T09:52:12.847436717Z time=2026-01-28T09:52:12.847Z level=INFO source=warnings.go:70 msg="v1 Endpoints is deprecated in v1.33+; use discovery.k8s.io/v1 EndpointSlice" component=k8s_client_runtime
2026-01-28T09:52:28.869188411Z time=2026-01-28T09:52:28.869Z level=INFO source=warnings.go:70 msg="v1 Endpoints is deprecated in v1.33+; use discovery.k8s.io/v1 EndpointSlice" component=k8s_client_runtime
2026-01-28T09:52:40.862071031Z time=2026-01-28T09:52:40.862Z level=INFO source=warnings.go:70 msg="v1 Endpoints is deprecated in v1.33+; use discovery.k8s.io/v1 EndpointSlice" component=k8s_client_runtime
2026-01-28T09:52:41.863019060Z time=2026-01-28T09:52:41.862Z level=INFO source=warnings.go:70 msg="v1 Endpoints is deprecated in v1.33+; use discovery.k8s.io/v1 EndpointSlice" component=k8s_client_runtime
2026-01-28T09:52:46.875589625Z time=2026-01-28T09:52:46.875Z level=INFO source=warnings.go:70 msg="v1 Endpoints is deprecated in v1.33+; use discovery.k8s.io/v1 EndpointSlice" component=k8s_client_runtime
2026-01-28T09:52:51.853594035Z time=2026-01-28T09:52:51.853Z level=INFO source=warnings.go:70 msg="v1 Endpoints is deprecated in v1.33+; use discovery.k8s.io/v1 EndpointSlice" component=k8s_client_runtime
2026-01-28T09:52:51.875142787Z time=2026-01-28T09:52:51.875Z level=INFO source=warnings.go:70 msg="v1 Endpoints is deprecated in v1.33+; use discovery.k8s.io/v1 EndpointSlice" component=k8s_client_runtime
2026-01-28T09:52:59.863613350Z time=2026-01-28T09:52:59.863Z level=INFO source=warnings.go:70 msg="v1 Endpoints is deprecated in v1.33+; use discovery.k8s.io/v1 EndpointSlice" component=k8s_client_runtime
2026-01-28T09:53:00.873411240Z time=2026-01-28T09:53:00.873Z level=INFO source=warnings.go:70 msg="v1 Endpoints is deprecated in v1.33+; use discovery.k8s.io/v1 EndpointSlice" component=k8s_client_runtime
2026-01-28T09:53:03.871123850Z time=2026-01-28T09:53:03.871Z level=INFO source=warnings.go:70 msg="v1 Endpoints is deprecated in v1.33+; use discovery.k8s.io/v1 EndpointSlice" component=k8s_client_runtime
2026-01-28T09:53:10.869684758Z time=2026-01-28T09:53:10.869Z level=INFO source=warnings.go:70 msg="v1 Endpoints is deprecated in v1.33+; use discovery.k8s.io/v1 EndpointSlice" component=k8s_client_runtime
2026-01-28T09:53:17.863199788Z time=2026-01-28T09:53:17.863Z level=INFO source=warnings.go:70 msg="v1 Endpoints is deprecated in v1.33+; use discovery.k8s.io/v1 EndpointSlice" component=k8s_client_runtime
2026-01-28T09:53:30.851190919Z time=2026-01-28T09:53:30.851Z level=INFO source=warnings.go:70 msg="v1 Endpoints is deprecated in v1.33+; use discovery.k8s.io/v1 EndpointSlice" component=k8s_client_runtime
2026-01-28T09:53:31.871715385Z time=2026-01-28T09:53:31.871Z level=INFO source=warnings.go:70 msg="v1 Endpoints is deprecated in v1.33+; use discovery.k8s.io/v1 EndpointSlice" component=k8s_client_runtime
2026-01-28T09:54:04.853514053Z time=2026-01-28T09:54:04.853Z level=INFO source=warnings.go:70 msg="v1 Endpoints is deprecated in v1.33+; use discovery.k8s.io/v1 EndpointSlice" component=k8s_client_runtime
2026-01-28T09:54:22.351912021Z time=2026-01-28T09:54:22.351Z level=INFO source=warnings.go:70 msg="v1 Endpoints is deprecated in v1.33+; use discovery.k8s.io/v1 EndpointSlice" component=k8s_client_runtime
2026-01-28T09:54:22.352049319Z time=2026-01-28T09:54:22.351Z level=INFO source=warnings.go:70 msg="v1 Endpoints is deprecated in v1.33+; use discovery.k8s.io/v1 EndpointSlice" component=k8s_client_runtime
2026-01-28T09:54:22.352140024Z time=2026-01-28T09:54:22.352Z level=INFO source=warnings.go:70 msg="v1 Endpoints is deprecated in v1.33+; use discovery.k8s.io/v1 EndpointSlice" component=k8s_client_runtime
2026-01-28T09:54:22.352207628Z time=2026-01-28T09:54:22.352Z level=INFO source=warnings.go:70 msg="v1 Endpoints is deprecated in v1.33+; use discovery.k8s.io/v1 EndpointSlice" component=k8s_client_runtime
2026-01-28T09:54:22.352259691Z time=2026-01-28T09:54:22.352Z level=INFO source=warnings.go:70 msg="v1 Endpoints is deprecated in v1.33+; use discovery.k8s.io/v1 EndpointSlice" component=k8s_client_runtime
2026-01-28T09:54:22.352314905Z time=2026-01-28T09:54:22.352Z level=INFO source=warnings.go:70 msg="v1 Endpoints is deprecated in v1.33+; use discovery.k8s.io/v1 EndpointSlice" component=k8s_client_runtime
2026-01-28T09:54:22.352363638Z time=2026-01-28T09:54:22.352Z level=INFO source=warnings.go:70 msg="v1 Endpoints is deprecated in v1.33+; use discovery.k8s.io/v1 EndpointSlice" component=k8s_client_runtime
2026-01-28T09:54:22.352413000Z time=2026-01-28T09:54:22.352Z level=INFO source=warnings.go:70 msg="v1 Endpoints is deprecated in v1.33+; use discovery.k8s.io/v1 EndpointSlice" component=k8s_client_runtime
2026-01-28T09:54:22.352460003Z time=2026-01-28T09:54:22.352Z level=INFO source=warnings.go:70 msg="v1 Endpoints is deprecated in v1.33+; use discovery.k8s.io/v1 EndpointSlice" component=k8s_client_runtime
2026-01-28T09:54:22.352507106Z time=2026-01-28T09:54:22.352Z level=INFO source=warnings.go:70 msg="v1 Endpoints is deprecated in v1.33+; use discovery.k8s.io/v1 EndpointSlice" component=k8s_client_runtime
2026-01-28T09:54:22.352572970Z time=2026-01-28T09:54:22.352Z level=INFO source=warnings.go:70 msg="v1 Endpoints is deprecated in v1.33+; use discovery.k8s.io/v1 EndpointSlice" component=k8s_client_runtime
2026-01-28T09:54:22.352647134Z time=2026-01-28T09:54:22.352Z level=INFO source=warnings.go:70 msg="v1 Endpoints is deprecated in v1.33+; use discovery.k8s.io/v1 EndpointSlice" component=k8s_client_runtime
2026-01-28T09:54:22.352682686Z time=2026-01-28T09:54:22.352Z level=INFO source=warnings.go:70 msg="v1 Endpoints is deprecated in v1.33+; use discovery.k8s.io/v1 EndpointSlice" component=k8s_client_runtime
2026-01-28T09:54:22.352700787Z time=2026-01-28T09:54:22.352Z level=INFO source=warnings.go:70 msg="v1 Endpoints is deprecated in v1.33+; use discovery.k8s.io/v1 EndpointSlice" component=k8s_client_runtime
2026-01-28T09:54:22.352721539Z time=2026-01-28T09:54:22.352Z level=INFO source=warnings.go:70 msg="v1 Endpoints is deprecated in v1.33+; use discovery.k8s.io/v1 EndpointSlice" component=k8s_client_runtime
2026-01-28T09:54:22.352734259Z time=2026-01-28T09:54:22.352Z level=INFO source=warnings.go:70 msg="v1 Endpoints is deprecated in v1.33+; use discovery.k8s.io/v1 EndpointSlice" component=k8s_client_runtime
2026-01-28T09:54:22.352749290Z time=2026-01-28T09:54:22.352Z level=INFO source=warnings.go:70 msg="v1 Endpoints is deprecated in v1.33+; use discovery.k8s.io/v1 EndpointSlice" component=k8s_client_runtime
2026-01-28T09:54:22.352776572Z time=2026-01-28T09:54:22.352Z level=INFO source=warnings.go:70 msg="v1 Endpoints is deprecated in v1.33+; use discovery.k8s.io/v1 EndpointSlice" component=k8s_client_runtime
2026-01-28T09:54:22.352850666Z time=2026-01-28T09:54:22.352Z level=INFO source=warnings.go:70 msg="v1 Endpoints is deprecated in v1.33+; use discovery.k8s.io/v1 EndpointSlice" component=k8s_client_runtime
2026-01-28T09:54:22.353129713Z time=2026-01-28T09:54:22.352Z level=INFO source=warnings.go:70 msg="v1 Endpoints is deprecated in v1.33+; use discovery.k8s.io/v1 EndpointSlice" component=k8s_client_runtime
2026-01-28T09:54:22.353129713Z time=2026-01-28T09:54:22.352Z level=INFO source=warnings.go:70 msg="v1 Endpoints is deprecated in v1.33+; use discovery.k8s.io/v1 EndpointSlice" component=k8s_client_runtime
2026-01-28T09:54:22.353129713Z time=2026-01-28T09:54:22.352Z level=INFO source=warnings.go:70 msg="v1 Endpoints is deprecated in v1.33+; use discovery.k8s.io/v1 EndpointSlice" component=k8s_client_runtime
2026-01-28T09:54:22.353129713Z time=2026-01-28T09:54:22.352Z level=INFO source=warnings.go:70 msg="v1 Endpoints is deprecated in v1.33+; use discovery.k8s.io/v1 EndpointSlice" component=k8s_client_runtime
2026-01-28T09:54:22.353129713Z time=2026-01-28T09:54:22.353Z level=INFO source=warnings.go:70 msg="v1 Endpoints is deprecated in v1.33+; use discovery.k8s.io/v1 EndpointSlice" component=k8s_client_runtime
2026-01-28T09:54:22.353129713Z time=2026-01-28T09:54:22.353Z level=INFO source=warnings.go:70 msg="v1 Endpoints is deprecated in v1.33+; use discovery.k8s.io/v1 EndpointSlice" component=k8s_client_runtime
2026-01-28T09:54:22.353129713Z time=2026-01-28T09:54:22.353Z level=INFO source=warnings.go:70 msg="v1 Endpoints is deprecated in v1.33+; use discovery.k8s.io/v1 EndpointSlice" component=k8s_client_runtime
2026-01-28T09:54:22.353129713Z time=2026-01-28T09:54:22.353Z level=INFO source=warnings.go:70 msg="v1 Endpoints is deprecated in v1.33+; use discovery.k8s.io/v1 EndpointSlice" component=k8s_client_runtime
2026-01-28T09:54:22.353129713Z time=2026-01-28T09:54:22.353Z level=INFO source=warnings.go:70 msg="v1 Endpoints is deprecated in v1.33+; use discovery.k8s.io/v1 EndpointSlice" component=k8s_client_runtime
2026-01-28T09:54:22.353211037Z time=2026-01-28T09:54:22.353Z level=INFO source=warnings.go:70 msg="v1 Endpoints is deprecated in v1.33+; use discovery.k8s.io/v1 EndpointSlice" component=k8s_client_runtime
2026-01-28T09:54:22.353229869Z time=2026-01-28T09:54:22.353Z level=INFO source=warnings.go:70 msg="v1 Endpoints is deprecated in v1.33+; use discovery.k8s.io/v1 EndpointSlice" component=k8s_client_runtime
2026-01-28T09:54:22.353229869Z time=2026-01-28T09:54:22.353Z level=INFO source=warnings.go:70 msg="v1 Endpoints is deprecated in v1.33+; use discovery.k8s.io/v1 EndpointSlice" component=k8s_client_runtime
2026-01-28T09:54:22.353260631Z time=2026-01-28T09:54:22.353Z level=INFO source=warnings.go:70 msg="v1 Endpoints is deprecated in v1.33+; use discovery.k8s.io/v1 EndpointSlice" component=k8s_client_runtime
2026-01-28T09:54:22.353314784Z time=2026-01-28T09:54:22.353Z level=INFO source=warnings.go:70 msg="v1 Endpoints is deprecated in v1.33+; use discovery.k8s.io/v1 EndpointSlice" component=k8s_client_runtime
2026-01-28T09:54:22.353372517Z time=2026-01-28T09:54:22.353Z level=INFO source=warnings.go:70 msg="v1 Endpoints is deprecated in v1.33+; use discovery.k8s.io/v1 EndpointSlice" component=k8s_client_runtime
2026-01-28T09:54:22.353419400Z time=2026-01-28T09:54:22.353Z level=INFO source=warnings.go:70 msg="v1 Endpoints is deprecated in v1.33+; use discovery.k8s.io/v1 EndpointSlice" component=k8s_client_runtime
2026-01-28T09:54:22.353460432Z time=2026-01-28T09:54:22.353Z level=INFO source=warnings.go:70 msg="v1 Endpoints is deprecated in v1.33+; use discovery.k8s.io/v1 EndpointSlice" component=k8s_client_runtime
2026-01-28T09:54:22.353501515Z time=2026-01-28T09:54:22.353Z level=INFO source=warnings.go:70 msg="v1 Endpoints is deprecated in v1.33+; use discovery.k8s.io/v1 EndpointSlice" component=k8s_client_runtime
2026-01-28T09:54:22.353543377Z time=2026-01-28T09:54:22.353Z level=INFO source=warnings.go:70 msg="v1 Endpoints is deprecated in v1.33+; use discovery.k8s.io/v1 EndpointSlice" component=k8s_client_runtime
2026-01-28T09:54:22.353583830Z time=2026-01-28T09:54:22.353Z level=INFO source=warnings.go:70 msg="v1 Endpoints is deprecated in v1.33+; use discovery.k8s.io/v1 EndpointSlice" component=k8s_client_runtime
2026-01-28T09:54:22.353625022Z time=2026-01-28T09:54:22.353Z level=INFO source=warnings.go:70 msg="v1 Endpoints is deprecated in v1.33+; use discovery.k8s.io/v1 EndpointSlice" component=k8s_client_runtime
2026-01-28T09:54:22.353694326Z time=2026-01-28T09:54:22.353Z level=INFO source=warnings.go:70 msg="v1 Endpoints is deprecated in v1.33+; use discovery.k8s.io/v1 EndpointSlice" component=k8s_client_runtime
2026-01-28T09:54:22.353757640Z time=2026-01-28T09:54:22.353Z level=INFO source=warnings.go:70 msg="v1 Endpoints is deprecated in v1.33+; use discovery.k8s.io/v1 EndpointSlice" component=k8s_client_runtime
2026-01-28T09:54:22.353824794Z time=2026-01-28T09:54:22.353Z level=INFO source=warnings.go:70 msg="v1 Endpoints is deprecated in v1.33+; use discovery.k8s.io/v1 EndpointSlice" component=k8s_client_runtime
2026-01-28T09:54:22.353845985Z time=2026-01-28T09:54:22.353Z level=INFO source=warnings.go:70 msg="v1 Endpoints is deprecated in v1.33+; use discovery.k8s.io/v1 EndpointSlice" component=k8s_client_runtime
2026-01-28T09:54:22.353898808Z time=2026-01-28T09:54:22.353Z level=INFO source=warnings.go:70 msg="v1 Endpoints is deprecated in v1.33+; use discovery.k8s.io/v1 EndpointSlice" component=k8s_client_runtime
2026-01-28T09:59:37.330590711Z time=2026-01-28T09:59:37.330Z level=INFO source=warnings.go:70 msg="v1 Endpoints is deprecated in v1.33+; use discovery.k8s.io/v1 EndpointSlice" component=k8s_client_runtime
2026-01-28T09:59:40.322545446Z time=2026-01-28T09:59:40.322Z level=INFO source=warnings.go:70 msg="v1 Endpoints is deprecated in v1.33+; use discovery.k8s.io/v1 EndpointSlice" component=k8s_client_runtime
2026-01-28T09:59:47.327910603Z time=2026-01-28T09:59:47.327Z level=INFO source=warnings.go:70 msg="v1 Endpoints is deprecated in v1.33+; use discovery.k8s.io/v1 EndpointSlice" component=k8s_client_runtime
2026-01-28T09:59:51.333881754Z time=2026-01-28T09:59:51.333Z level=INFO source=warnings.go:70 msg="v1 Endpoints is deprecated in v1.33+; use discovery.k8s.io/v1 EndpointSlice" component=k8s_client_runtime
2026-01-28T09:59:56.308563268Z time=2026-01-28T09:59:56.308Z level=INFO source=warnings.go:70 msg="v1 Endpoints is deprecated in v1.33+; use discovery.k8s.io/v1 EndpointSlice" component=k8s_client_runtime
2026-01-28T10:00:02.323916148Z time=2026-01-28T10:00:02.323Z level=INFO source=warnings.go:70 msg="v1 Endpoints is deprecated in v1.33+; use discovery.k8s.io/v1 EndpointSlice" component=k8s_client_runtime
2026-01-28T10:00:11.320424232Z time=2026-01-28T10:00:11.320Z level=INFO source=warnings.go:70 msg="v1 Endpoints is deprecated in v1.33+; use discovery.k8s.io/v1 EndpointSlice" component=k8s_client_runtime
2026-01-28T10:00:19.329648442Z time=2026-01-28T10:00:19.329Z level=INFO source=warnings.go:70 msg="v1 Endpoints is deprecated in v1.33+; use discovery.k8s.io/v1 EndpointSlice" component=k8s_client_runtime
2026-01-28T10:00:25.313020776Z time=2026-01-28T10:00:25.312Z level=INFO source=warnings.go:70 msg="v1 Endpoints is deprecated in v1.33+; use discovery.k8s.io/v1 EndpointSlice" component=k8s_client_runtime
2026-01-28T10:00:28.321314943Z time=2026-01-28T10:00:28.321Z level=INFO source=warnings.go:70 msg="v1 Endpoints is deprecated in v1.33+; use discovery.k8s.io/v1 EndpointSlice" component=k8s_client_runtime
2026-01-28T10:00:31.321773878Z time=2026-01-28T10:00:31.321Z level=INFO source=warnings.go:70 msg="v1 Endpoints is deprecated in v1.33+; use discovery.k8s.io/v1 EndpointSlice" component=k8s_client_runtime
2026-01-28T10:00:34.323950415Z time=2026-01-28T10:00:34.323Z level=INFO source=warnings.go:70 msg="v1 Endpoints is deprecated in v1.33+; use discovery.k8s.io/v1 EndpointSlice" component=k8s_client_runtime
2026-01-28T10:00:35.312843372Z time=2026-01-28T10:00:35.312Z level=INFO source=warnings.go:70 msg="v1 Endpoints is deprecated in v1.33+; use discovery.k8s.io/v1 EndpointSlice" component=k8s_client_runtime
2026-01-28T10:00:40.321843008Z time=2026-01-28T10:00:40.321Z level=INFO source=warnings.go:70 msg="v1 Endpoints is deprecated in v1.33+; use discovery.k8s.io/v1 EndpointSlice" component=k8s_client_runtime
2026-01-28T10:00:41.307968785Z time=2026-01-28T10:00:41.307Z level=INFO source=warnings.go:70 msg="v1 Endpoints is deprecated in v1.33+; use discovery.k8s.io/v1 EndpointSlice" component=k8s_client_runtime
2026-01-28T10:00:42.309448357Z time=2026-01-28T10:00:42.309Z level=INFO source=warnings.go:70 msg="v1 Endpoints is deprecated in v1.33+; use discovery.k8s.io/v1 EndpointSlice" component=k8s_client_runtime
2026-01-28T10:00:44.307142141Z time=2026-01-28T10:00:44.307Z level=INFO source=warnings.go:70 msg="v1 Endpoints is deprecated in v1.33+; use discovery.k8s.io/v1 EndpointSlice" component=k8s_client_runtime
2026-01-28T10:01:05.310036809Z time=2026-01-28T10:01:05.309Z level=INFO source=warnings.go:70 msg="v1 Endpoints is deprecated in v1.33+; use discovery.k8s.io/v1 EndpointSlice" component=k8s_client_runtime
2026-01-28T10:01:06.326367714Z time=2026-01-28T10:01:06.326Z level=INFO source=warnings.go:70 msg="v1 Endpoints is deprecated in v1.33+; use discovery.k8s.io/v1 EndpointSlice" component=k8s_client_runtime
2026-01-28T10:01:10.327765754Z time=2026-01-28T10:01:10.327Z level=INFO source=warnings.go:70 msg="v1 Endpoints is deprecated in v1.33+; use discovery.k8s.io/v1 EndpointSlice" component=k8s_client_runtime
2026-01-28T10:01:17.313167388Z time=2026-01-28T10:01:17.313Z level=INFO source=warnings.go:70 msg="v1 Endpoints is deprecated in v1.33+; use discovery.k8s.io/v1 EndpointSlice" component=k8s_client_runtime
2026-01-28T10:01:20.311485658Z time=2026-01-28T10:01:20.311Z level=INFO source=warnings.go:70 msg="v1 Endpoints is deprecated in v1.33+; use discovery.k8s.io/v1 EndpointSlice" component=k8s_client_runtime
2026-01-28T10:01:25.312732958Z time=2026-01-28T10:01:25.312Z level=INFO source=warnings.go:70 msg="v1 Endpoints is deprecated in v1.33+; use discovery.k8s.io/v1 EndpointSlice" component=k8s_client_runtime
2026-01-28T10:01:40.314354404Z time=2026-01-28T10:01:40.314Z level=INFO source=warnings.go:70 msg="v1 Endpoints is deprecated in v1.33+; use discovery.k8s.io/v1 EndpointSlice" component=k8s_client_runtime
2026-01-28T10:01:44.332088251Z time=2026-01-28T10:01:44.332Z level=INFO source=warnings.go:70 msg="v1 Endpoints is deprecated in v1.33+; use discovery.k8s.io/v1 EndpointSlice" component=k8s_client_runtime
2026-01-28T10:01:45.320023349Z time=2026-01-28T10:01:45.319Z level=INFO source=warnings.go:70 msg="v1 Endpoints is deprecated in v1.33+; use discovery.k8s.io/v1 EndpointSlice" component=k8s_client_runtime
2026-01-28T10:01:45.324584788Z time=2026-01-28T10:01:45.324Z level=INFO source=warnings.go:70 msg="v1 Endpoints is deprecated in v1.33+; use discovery.k8s.io/v1 EndpointSlice" component=k8s_client_runtime
2026-01-28T10:01:50.330582588Z time=2026-01-28T10:01:50.330Z level=INFO source=warnings.go:70 msg="v1 Endpoints is deprecated in v1.33+; use discovery.k8s.io/v1 EndpointSlice" component=k8s_client_runtime
2026-01-28T10:01:51.311828792Z time=2026-01-28T10:01:51.311Z level=INFO source=warnings.go:70 msg="v1 Endpoints is deprecated in v1.33+; use discovery.k8s.io/v1 EndpointSlice" component=k8s_client_runtime
2026-01-28T10:01:51.322854222Z time=2026-01-28T10:01:51.322Z level=INFO source=warnings.go:70 msg="v1 Endpoints is deprecated in v1.33+; use discovery.k8s.io/v1 EndpointSlice" component=k8s_client_runtime
2026-01-28T10:02:09.314637519Z time=2026-01-28T10:02:09.314Z level=INFO source=warnings.go:70 msg="v1 Endpoints is deprecated in v1.33+; use discovery.k8s.io/v1 EndpointSlice" component=k8s_client_runtime
2026-01-28T10:02:25.327010385Z time=2026-01-28T10:02:25.326Z level=INFO source=warnings.go:70 msg="v1 Endpoints is deprecated in v1.33+; use discovery.k8s.io/v1 EndpointSlice" component=k8s_client_runtime
2026-01-28T10:02:33.325625467Z time=2026-01-28T10:02:33.325Z level=INFO source=warnings.go:70 msg="v1 Endpoints is deprecated in v1.33+; use discovery.k8s.io/v1 EndpointSlice" component=k8s_client_runtime
2026-01-28T10:02:45.324662440Z time=2026-01-28T10:02:45.324Z level=INFO source=warnings.go:70 msg="v1 Endpoints is deprecated in v1.33+; use discovery.k8s.io/v1 EndpointSlice" component=k8s_client_runtime
2026-01-28T10:02:47.314697457Z time=2026-01-28T10:02:47.314Z level=INFO source=warnings.go:70 msg="v1 Endpoints is deprecated in v1.33+; use discovery.k8s.io/v1 EndpointSlice" component=k8s_client_runtime
2026-01-28T10:02:54.310874849Z time=2026-01-28T10:02:54.310Z level=INFO source=warnings.go:70 msg="v1 Endpoints is deprecated in v1.33+; use discovery.k8s.io/v1 EndpointSlice" component=k8s_client_runtime
2026-01-28T10:02:54.311051589Z time=2026-01-28T10:02:54.311Z level=INFO source=warnings.go:70 msg="v1 Endpoints is deprecated in v1.33+; use discovery.k8s.io/v1 EndpointSlice" component=k8s_client_runtime
2026-01-28T10:03:08.317988413Z time=2026-01-28T10:03:08.317Z level=INFO source=warnings.go:70 msg="v1 Endpoints is deprecated in v1.33+; use discovery.k8s.io/v1 EndpointSlice" component=k8s_client_runtime
2026-01-28T10:03:13.313609611Z time=2026-01-28T10:03:13.313Z level=INFO source=warnings.go:70 msg="v1 Endpoints is deprecated in v1.33+; use discovery.k8s.io/v1 EndpointSlice" component=k8s_client_runtime
2026-01-28T10:03:13.330736331Z time=2026-01-28T10:03:13.330Z level=INFO source=warnings.go:70 msg="v1 Endpoints is deprecated in v1.33+; use discovery.k8s.io/v1 EndpointSlice" component=k8s_client_runtime
2026-01-28T10:03:32.351829472Z time=2026-01-28T10:03:32.351Z level=INFO source=warnings.go:70 msg="v1 Endpoints is deprecated in v1.33+; use discovery.k8s.io/v1 EndpointSlice" component=k8s_client_runtime
2026-01-28T10:03:42.321217617Z time=2026-01-28T10:03:42.321Z level=INFO source=warnings.go:70 msg="v1 Endpoints is deprecated in v1.33+; use discovery.k8s.io/v1 EndpointSlice" component=k8s_client_runtime
2026-01-28T10:03:52.325006936Z time=2026-01-28T10:03:52.324Z level=INFO source=warnings.go:70 msg="v1 Endpoints is deprecated in v1.33+; use discovery.k8s.io/v1 EndpointSlice" component=k8s_client_runtime
2026-01-28T10:04:03.311469058Z time=2026-01-28T10:04:03.311Z level=INFO source=warnings.go:70 msg="v1 Endpoints is deprecated in v1.33+; use discovery.k8s.io/v1 EndpointSlice" component=k8s_client_runtime
2026-01-28T10:04:16.308715029Z time=2026-01-28T10:04:16.308Z level=INFO source=warnings.go:70 msg="v1 Endpoints is deprecated in v1.33+; use discovery.k8s.io/v1 EndpointSlice" component=k8s_client_runtime
2026-01-28T10:05:34.331743682Z time=2026-01-28T10:05:34.331Z level=INFO source=warnings.go:70 msg="v1 Endpoints is deprecated in v1.33+; use discovery.k8s.io/v1 EndpointSlice" component=k8s_client_runtime
2026-01-28T10:05:37.336377128Z time=2026-01-28T10:05:37.336Z level=INFO source=warnings.go:70 msg="v1 Endpoints is deprecated in v1.33+; use discovery.k8s.io/v1 EndpointSlice" component=k8s_client_runtime
2026-01-28T10:05:44.323351688Z time=2026-01-28T10:05:44.323Z level=INFO source=warnings.go:70 msg="v1 Endpoints is deprecated in v1.33+; use discovery.k8s.io/v1 EndpointSlice" component=k8s_client_runtime
2026-01-28T10:05:51.329390545Z time=2026-01-28T10:05:51.329Z level=INFO source=warnings.go:70 msg="v1 Endpoints is deprecated in v1.33+; use discovery.k8s.io/v1 EndpointSlice" component=k8s_client_runtime
2026-01-28T10:05:58.332848390Z time=2026-01-28T10:05:58.332Z level=INFO source=warnings.go:70 msg="v1 Endpoints is deprecated in v1.33+; use discovery.k8s.io/v1 EndpointSlice" component=k8s_client_runtime
2026-01-28T10:05:59.314415227Z time=2026-01-28T10:05:59.314Z level=INFO source=warnings.go:70 msg="v1 Endpoints is deprecated in v1.33+; use discovery.k8s.io/v1 EndpointSlice" component=k8s_client_runtime
2026-01-28T10:06:09.322806730Z time=2026-01-28T10:06:09.322Z level=INFO source=warnings.go:70 msg="v1 Endpoints is deprecated in v1.33+; use discovery.k8s.io/v1 EndpointSlice" component=k8s_client_runtime
2026-01-28T10:06:38.327779160Z time=2026-01-28T10:06:38.327Z level=INFO source=warnings.go:70 msg="v1 Endpoints is deprecated in v1.33+; use discovery.k8s.io/v1 EndpointSlice" component=k8s_client_runtime
2026-01-28T10:06:47.326217012Z time=2026-01-28T10:06:47.326Z level=INFO source=warnings.go:70 msg="v1 Endpoints is deprecated in v1.33+; use discovery.k8s.io/v1 EndpointSlice" component=k8s_client_runtime
2026-01-28T10:07:04.308775573Z time=2026-01-28T10:07:04.308Z level=INFO source=warnings.go:70 msg="v1 Endpoints is deprecated in v1.33+; use discovery.k8s.io/v1 EndpointSlice" component=k8s_client_runtime
2026-01-28T10:07:09.313702824Z time=2026-01-28T10:07:09.313Z level=INFO source=warnings.go:70 msg="v1 Endpoints is deprecated in v1.33+; use discovery.k8s.io/v1 EndpointSlice" component=k8s_client_runtime
2026-01-28T10:07:22.323602737Z time=2026-01-28T10:07:22.323Z level=INFO source=warnings.go:70 msg="v1 Endpoints is deprecated in v1.33+; use discovery.k8s.io/v1 EndpointSlice" component=k8s_client_runtime
2026-01-28T10:07:26.329416346Z time=2026-01-28T10:07:26.329Z level=INFO source=warnings.go:70 msg="v1 Endpoints is deprecated in v1.33+; use discovery.k8s.io/v1 EndpointSlice" component=k8s_client_runtime
2026-01-28T10:07:38.312454683Z time=2026-01-28T10:07:38.312Z level=INFO source=warnings.go:70 msg="v1 Endpoints is deprecated in v1.33+; use discovery.k8s.io/v1 EndpointSlice" component=k8s_client_runtime
2026-01-28T10:07:49.325182762Z time=2026-01-28T10:07:49.325Z level=INFO source=warnings.go:70 msg="v1 Endpoints is deprecated in v1.33+; use discovery.k8s.io/v1 EndpointSlice" component=k8s_client_runtime
2026-01-28T10:07:53.333531750Z time=2026-01-28T10:07:53.333Z level=INFO source=warnings.go:70 msg="v1 Endpoints is deprecated in v1.33+; use discovery.k8s.io/v1 EndpointSlice" component=k8s_client_runtime
2026-01-28T10:08:04.314550848Z time=2026-01-28T10:08:04.314Z level=INFO source=warnings.go:70 msg="v1 Endpoints is deprecated in v1.33+; use discovery.k8s.io/v1 EndpointSlice" component=k8s_client_runtime
2026-01-28T10:08:05.326033703Z time=2026-01-28T10:08:05.325Z level=INFO source=warnings.go:70 msg="v1 Endpoints is deprecated in v1.33+; use discovery.k8s.io/v1 EndpointSlice" component=k8s_client_runtime
2026-01-28T10:08:18.326785672Z time=2026-01-28T10:08:18.326Z level=INFO source=warnings.go:70 msg="v1 Endpoints is deprecated in v1.33+; use discovery.k8s.io/v1 EndpointSlice" component=k8s_client_runtime
2026-01-28T10:08:38.309838613Z time=2026-01-28T10:08:38.309Z level=INFO source=warnings.go:70 msg="v1 Endpoints is deprecated in v1.33+; use discovery.k8s.io/v1 EndpointSlice" component=k8s_client_runtime
2026-01-28T10:08:39.323960859Z time=2026-01-28T10:08:39.323Z level=INFO source=warnings.go:70 msg="v1 Endpoints is deprecated in v1.33+; use discovery.k8s.io/v1 EndpointSlice" component=k8s_client_runtime
2026-01-28T10:08:49.310802280Z time=2026-01-28T10:08:49.310Z level=INFO source=warnings.go:70 msg="v1 Endpoints is deprecated in v1.33+; use discovery.k8s.io/v1 EndpointSlice" component=k8s_client_runtime
2026-01-28T10:08:50.320138764Z time=2026-01-28T10:08:50.320Z level=INFO source=warnings.go:70 msg="v1 Endpoints is deprecated in v1.33+; use discovery.k8s.io/v1 EndpointSlice" component=k8s_client_runtime
2026-01-28T10:09:08.324813433Z time=2026-01-28T10:09:08.324Z level=INFO source=warnings.go:70 msg="v1 Endpoints is deprecated in v1.33+; use discovery.k8s.io/v1 EndpointSlice" component=k8s_client_runtime
2026-01-28T10:09:17.326177814Z time=2026-01-28T10:09:17.326Z level=INFO source=warnings.go:70 msg="v1 Endpoints is deprecated in v1.33+; use discovery.k8s.io/v1 EndpointSlice" component=k8s_client_runtime
2026-01-28T10:09:22.315765958Z time=2026-01-28T10:09:22.315Z level=INFO source=warnings.go:70 msg="v1 Endpoints is deprecated in v1.33+; use discovery.k8s.io/v1 EndpointSlice" component=k8s_client_runtime
2026-01-28T10:09:30.322688429Z time=2026-01-28T10:09:30.322Z level=INFO source=warnings.go:70 msg="v1 Endpoints is deprecated in v1.33+; use discovery.k8s.io/v1 EndpointSlice" component=k8s_client_runtime
2026-01-28T10:09:35.313097662Z time=2026-01-28T10:09:35.313Z level=INFO source=warnings.go:70 msg="v1 Endpoints is deprecated in v1.33+; use discovery.k8s.io/v1 EndpointSlice" component=k8s_client_runtime
2026-01-28T10:09:43.332442990Z time=2026-01-28T10:09:43.332Z level=INFO source=warnings.go:70 msg="v1 Endpoints is deprecated in v1.33+; use discovery.k8s.io/v1 EndpointSlice" component=k8s_client_runtime
2026-01-28T10:09:44.313203633Z time=2026-01-28T10:09:44.313Z level=INFO source=warnings.go:70 msg="v1 Endpoints is deprecated in v1.33+; use discovery.k8s.io/v1 EndpointSlice" component=k8s_client_runtime
2026-01-28T10:09:58.323024061Z time=2026-01-28T10:09:58.322Z level=INFO source=warnings.go:70 msg="v1 Endpoints is deprecated in v1.33+; use discovery.k8s.io/v1 EndpointSlice" component=k8s_client_runtime
2026-01-28T10:10:08.332699176Z time=2026-01-28T10:10:08.332Z level=INFO source=warnings.go:70 msg="v1 Endpoints is deprecated in v1.33+; use discovery.k8s.io/v1 EndpointSlice" component=k8s_client_runtime
2026-01-28T10:10:26.315545683Z time=2026-01-28T10:10:26.315Z level=INFO source=warnings.go:70 msg="v1 Endpoints is deprecated in v1.33+; use discovery.k8s.io/v1 EndpointSlice" component=k8s_client_runtime
2026-01-28T10:10:29.326843448Z time=2026-01-28T10:10:29.326Z level=INFO source=warnings.go:70 msg="v1 Endpoints is deprecated in v1.33+; use discovery.k8s.io/v1 EndpointSlice" component=k8s_client_runtime
2026-01-28T10:10:40.316849875Z time=2026-01-28T10:10:40.316Z level=INFO source=warnings.go:70 msg="v1 Endpoints is deprecated in v1.33+; use discovery.k8s.io/v1 EndpointSlice" component=k8s_client_runtime
2026-01-28T10:10:53.329648584Z time=2026-01-28T10:10:53.329Z level=INFO source=warnings.go:70 msg="v1 Endpoints is deprecated in v1.33+; use discovery.k8s.io/v1 EndpointSlice" component=k8s_client_runtime
2026-01-28T10:10:54.311820572Z time=2026-01-28T10:10:54.311Z level=INFO source=warnings.go:70 msg="v1 Endpoints is deprecated in v1.33+; use discovery.k8s.io/v1 EndpointSlice" component=k8s_client_runtime
2026-01-28T10:10:54.315530119Z time=2026-01-28T10:10:54.315Z level=INFO source=warnings.go:70 msg="v1 Endpoints is deprecated in v1.33+; use discovery.k8s.io/v1 EndpointSlice" component=k8s_client_runtime
2026-01-28T10:10:59.315155126Z time=2026-01-28T10:10:59.315Z level=INFO source=warnings.go:70 msg="v1 Endpoints is deprecated in v1.33+; use discovery.k8s.io/v1 EndpointSlice" component=k8s_client_runtime
2026-01-28T10:11:02.331291285Z time=2026-01-28T10:11:02.331Z level=INFO source=warnings.go:70 msg="v1 Endpoints is deprecated in v1.33+; use discovery.k8s.io/v1 EndpointSlice" component=k8s_client_runtime
2026-01-28T10:11:03.314339723Z time=2026-01-28T10:11:03.314Z level=INFO source=warnings.go:70 msg="v1 Endpoints is deprecated in v1.33+; use discovery.k8s.io/v1 EndpointSlice" component=k8s_client_runtime
2026-01-28T10:11:08.313953049Z time=2026-01-28T10:11:08.313Z level=INFO source=warnings.go:70 msg="v1 Endpoints is deprecated in v1.33+; use discovery.k8s.io/v1 EndpointSlice" component=k8s_client_runtime
2026-01-28T10:11:14.312701913Z time=2026-01-28T10:11:14.312Z level=INFO source=warnings.go:70 msg="v1 Endpoints is deprecated in v1.33+; use discovery.k8s.io/v1 EndpointSlice" component=k8s_client_runtime
2026-01-28T10:11:21.310954379Z time=2026-01-28T10:11:21.310Z level=INFO source=warnings.go:70 msg="v1 Endpoints is deprecated in v1.33+; use discovery.k8s.io/v1 EndpointSlice" component=k8s_client_runtime
2026-01-28T10:11:37.328812127Z time=2026-01-28T10:11:37.328Z level=INFO source=warnings.go:70 msg="v1 Endpoints is deprecated in v1.33+; use discovery.k8s.io/v1 EndpointSlice" component=k8s_client_runtime
2026-01-28T10:12:18.325504878Z time=2026-01-28T10:12:18.325Z level=INFO source=warnings.go:70 msg="v1 Endpoints is deprecated in v1.33+; use discovery.k8s.io/v1 EndpointSlice" component=k8s_client_runtime
2026-01-28T10:13:01.353849163Z time=2026-01-28T10:13:01.353Z level=INFO source=warnings.go:70 msg="v1 Endpoints is deprecated in v1.33+; use discovery.k8s.io/v1 EndpointSlice" component=k8s_client_runtime
2026-01-28T10:13:11.310546012Z time=2026-01-28T10:13:11.310Z level=INFO source=warnings.go:70 msg="v1 Endpoints is deprecated in v1.33+; use discovery.k8s.io/v1 EndpointSlice" component=k8s_client_runtime
2026-01-28T10:13:15.325220419Z time=2026-01-28T10:13:15.325Z level=INFO source=warnings.go:70 msg="v1 Endpoints is deprecated in v1.33+; use discovery.k8s.io/v1 EndpointSlice" component=k8s_client_runtime
2026-01-28T10:13:23.316703451Z time=2026-01-28T10:13:23.316Z level=INFO source=warnings.go:70 msg="v1 Endpoints is deprecated in v1.33+; use discovery.k8s.io/v1 EndpointSlice" component=k8s_client_runtime
2026-01-28T10:13:24.326952882Z time=2026-01-28T10:13:24.326Z level=INFO source=warnings.go:70 msg="v1 Endpoints is deprecated in v1.33+; use discovery.k8s.io/v1 EndpointSlice" component=k8s_client_runtime
2026-01-28T10:13:27.314349989Z time=2026-01-28T10:13:27.314Z level=INFO source=warnings.go:70 msg="v1 Endpoints is deprecated in v1.33+; use discovery.k8s.io/v1 EndpointSlice" component=k8s_client_runtime
2026-01-28T10:13:41.316010327Z time=2026-01-28T10:13:41.315Z level=INFO source=warnings.go:70 msg="v1 Endpoints is deprecated in v1.33+; use discovery.k8s.io/v1 EndpointSlice" component=k8s_client_runtime
2026-01-28T10:14:02.336660355Z time=2026-01-28T10:14:02.336Z level=INFO source=warnings.go:70 msg="v1 Endpoints is deprecated in v1.33+; use discovery.k8s.io/v1 EndpointSlice" component=k8s_client_runtime
2026-01-28T10:14:05.333132179Z time=2026-01-28T10:14:05.333Z level=INFO source=warnings.go:70 msg="v1 Endpoints is deprecated in v1.33+; use discovery.k8s.io/v1 EndpointSlice" component=k8s_client_runtime
2026-01-28T10:14:13.328724666Z time=2026-01-28T10:14:13.328Z level=INFO source=warnings.go:70 msg="v1 Endpoints is deprecated in v1.33+; use discovery.k8s.io/v1 EndpointSlice" component=k8s_client_runtime
2026-01-28T10:14:28.325964716Z time=2026-01-28T10:14:28.325Z level=INFO source=warnings.go:70 msg="v1 Endpoints is deprecated in v1.33+; use discovery.k8s.io/v1 EndpointSlice" component=k8s_client_runtime
2026-01-28T10:14:28.326018899Z time=2026-01-28T10:14:28.325Z level=INFO source=warnings.go:70 msg="v1 Endpoints is deprecated in v1.33+; use discovery.k8s.io/v1 EndpointSlice" component=k8s_client_runtime
2026-01-28T10:14:39.335237841Z time=2026-01-28T10:14:39.335Z level=INFO source=warnings.go:70 msg="v1 Endpoints is deprecated in v1.33+; use discovery.k8s.io/v1 EndpointSlice" component=k8s_client_runtime
2026-01-28T10:14:57.328217542Z time=2026-01-28T10:14:57.328Z level=INFO source=warnings.go:70 msg="v1 Endpoints is deprecated in v1.33+; use discovery.k8s.io/v1 EndpointSlice" component=k8s_client_runtime
2026-01-28T10:14:59.338049894Z time=2026-01-28T10:14:59.337Z level=INFO source=warnings.go:70 msg="v1 Endpoints is deprecated in v1.33+; use discovery.k8s.io/v1 EndpointSlice" component=k8s_client_runtime
2026-01-28T10:15:05.329031191Z time=2026-01-28T10:15:05.328Z level=INFO source=warnings.go:70 msg="v1 Endpoints is deprecated in v1.33+; use discovery.k8s.io/v1 EndpointSlice" component=k8s_client_runtime
2026-01-28T10:15:20.328110820Z time=2026-01-28T10:15:20.328Z level=INFO source=warnings.go:70 msg="v1 Endpoints is deprecated in v1.33+; use discovery.k8s.io/v1 EndpointSlice" component=k8s_client_runtime
2026-01-28T10:15:21.323949630Z time=2026-01-28T10:15:21.323Z level=INFO source=warnings.go:70 msg="v1 Endpoints is deprecated in v1.33+; use discovery.k8s.io/v1 EndpointSlice" component=k8s_client_runtime
2026-01-28T10:15:43.317631309Z time=2026-01-28T10:15:43.317Z level=INFO source=warnings.go:70 msg="v1 Endpoints is deprecated in v1.33+; use discovery.k8s.io/v1 EndpointSlice" component=k8s_client_runtime
2026-01-28T10:15:55.326601040Z time=2026-01-28T10:15:55.326Z level=INFO source=warnings.go:70 msg="v1 Endpoints is deprecated in v1.33+; use discovery.k8s.io/v1 EndpointSlice" component=k8s_client_runtime
2026-01-28T10:16:18.318835682Z time=2026-01-28T10:16:18.318Z level=INFO source=warnings.go:70 msg="v1 Endpoints is deprecated in v1.33+; use discovery.k8s.io/v1 EndpointSlice" component=k8s_client_runtime
2026-01-28T10:16:30.316352990Z time=2026-01-28T10:16:30.316Z level=INFO source=warnings.go:70 msg="v1 Endpoints is deprecated in v1.33+; use discovery.k8s.io/v1 EndpointSlice" component=k8s_client_runtime
2026-01-28T10:16:32.333897634Z time=2026-01-28T10:16:32.333Z level=INFO source=warnings.go:70 msg="v1 Endpoints is deprecated in v1.33+; use discovery.k8s.io/v1 EndpointSlice" component=k8s_client_runtime
2026-01-28T10:16:34.311781665Z time=2026-01-28T10:16:34.311Z level=INFO source=warnings.go:70 msg="v1 Endpoints is deprecated in v1.33+; use discovery.k8s.io/v1 EndpointSlice" component=k8s_client_runtime
2026-01-28T10:16:45.332464392Z time=2026-01-28T10:16:45.332Z level=INFO source=warnings.go:70 msg="v1 Endpoints is deprecated in v1.33+; use discovery.k8s.io/v1 EndpointSlice" component=k8s_client_runtime
2026-01-28T10:16:55.324744924Z time=2026-01-28T10:16:55.324Z level=INFO source=warnings.go:70 msg="v1 Endpoints is deprecated in v1.33+; use discovery.k8s.io/v1 EndpointSlice" component=k8s_client_runtime
2026-01-28T10:16:55.330174893Z time=2026-01-28T10:16:55.330Z level=INFO source=warnings.go:70 msg="v1 Endpoints is deprecated in v1.33+; use discovery.k8s.io/v1 EndpointSlice" component=k8s_client_runtime
2026-01-28T10:17:16.321918061Z time=2026-01-28T10:17:16.321Z level=INFO source=warnings.go:70 msg="v1 Endpoints is deprecated in v1.33+; use discovery.k8s.io/v1 EndpointSlice" component=k8s_client_runtime
2026-01-28T10:17:21.331022000Z time=2026-01-28T10:17:21.330Z level=INFO source=warnings.go:70 msg="v1 Endpoints is deprecated in v1.33+; use discovery.k8s.io/v1 EndpointSlice" component=k8s_client_runtime
2026-01-28T10:17:36.315818001Z time=2026-01-28T10:17:36.315Z level=INFO source=warnings.go:70 msg="v1 Endpoints is deprecated in v1.33+; use discovery.k8s.io/v1 EndpointSlice" component=k8s_client_runtime
2026-01-28T10:17:44.327477383Z time=2026-01-28T10:17:44.327Z level=INFO source=warnings.go:70 msg="v1 Endpoints is deprecated in v1.33+; use discovery.k8s.io/v1 EndpointSlice" component=k8s_client_runtime
2026-01-28T10:17:54.329179981Z time=2026-01-28T10:17:54.329Z level=INFO source=warnings.go:70 msg="v1 Endpoints is deprecated in v1.33+; use discovery.k8s.io/v1 EndpointSlice" component=k8s_client_runtime
2026-01-28T10:17:56.328637113Z time=2026-01-28T10:17:56.328Z level=INFO source=warnings.go:70 msg="v1 Endpoints is deprecated in v1.33+; use discovery.k8s.io/v1 EndpointSlice" component=k8s_client_runtime
2026-01-28T10:18:15.317140306Z time=2026-01-28T10:18:15.317Z level=INFO source=warnings.go:70 msg="v1 Endpoints is deprecated in v1.33+; use discovery.k8s.io/v1 EndpointSlice" component=k8s_client_runtime
2026-01-28T10:18:18.314652954Z time=2026-01-28T10:18:18.314Z level=INFO source=warnings.go:70 msg="v1 Endpoints is deprecated in v1.33+; use discovery.k8s.io/v1 EndpointSlice" component=k8s_client_runtime
2026-01-28T10:18:27.315552626Z time=2026-01-28T10:18:27.315Z level=INFO source=warnings.go:70 msg="v1 Endpoints is deprecated in v1.33+; use discovery.k8s.io/v1 EndpointSlice" component=k8s_client_runtime
2026-01-28T10:18:33.312600066Z time=2026-01-28T10:18:33.312Z level=INFO source=warnings.go:70 msg="v1 Endpoints is deprecated in v1.33+; use discovery.k8s.io/v1 EndpointSlice" component=k8s_client_runtime
2026-01-28T10:18:47.318098619Z time=2026-01-28T10:18:47.318Z level=INFO source=warnings.go:70 msg="v1 Endpoints is deprecated in v1.33+; use discovery.k8s.io/v1 EndpointSlice" component=k8s_client_runtime
2026-01-28T10:18:56.316994798Z time=2026-01-28T10:18:56.316Z level=INFO source=warnings.go:70 msg="v1 Endpoints is deprecated in v1.33+; use discovery.k8s.io/v1 EndpointSlice" component=k8s_client_runtime
2026-01-28T10:18:58.315633963Z time=2026-01-28T10:18:58.315Z level=INFO source=warnings.go:70 msg="v1 Endpoints is deprecated in v1.33+; use discovery.k8s.io/v1 EndpointSlice" component=k8s_client_runtime
2026-01-28T10:19:15.329294011Z time=2026-01-28T10:19:15.329Z level=INFO source=warnings.go:70 msg="v1 Endpoints is deprecated in v1.33+; use discovery.k8s.io/v1 EndpointSlice" component=k8s_client_runtime
2026-01-28T10:19:16.312889446Z time=2026-01-28T10:19:16.312Z level=INFO source=warnings.go:70 msg="v1 Endpoints is deprecated in v1.33+; use discovery.k8s.io/v1 EndpointSlice" component=k8s_client_runtime
2026-01-28T10:19:17.313453608Z time=2026-01-28T10:19:17.313Z level=INFO source=warnings.go:70 msg="v1 Endpoints is deprecated in v1.33+; use discovery.k8s.io/v1 EndpointSlice" component=k8s_client_runtime
2026-01-28T10:19:28.333830920Z time=2026-01-28T10:19:28.333Z level=INFO source=warnings.go:70 msg="v1 Endpoints is deprecated in v1.33+; use discovery.k8s.io/v1 EndpointSlice" component=k8s_client_runtime
2026-01-28T10:19:39.317235065Z time=2026-01-28T10:19:39.317Z level=INFO source=warnings.go:70 msg="v1 Endpoints is deprecated in v1.33+; use discovery.k8s.io/v1 EndpointSlice" component=k8s_client_runtime
2026-01-28T10:19:42.315989160Z time=2026-01-28T10:19:42.315Z level=INFO source=warnings.go:70 msg="v1 Endpoints is deprecated in v1.33+; use discovery.k8s.io/v1 EndpointSlice" component=k8s_client_runtime
2026-01-28T10:19:42.355974421Z time=2026-01-28T10:19:42.355Z level=INFO source=warnings.go:70 msg="v1 Endpoints is deprecated in v1.33+; use discovery.k8s.io/v1 EndpointSlice" component=k8s_client_runtime
2026-01-28T10:20:00.327480886Z time=2026-01-28T10:20:00.327Z level=INFO source=warnings.go:70 msg="v1 Endpoints is deprecated in v1.33+; use discovery.k8s.io/v1 EndpointSlice" component=k8s_client_runtime
2026-01-28T10:20:42.330573745Z time=2026-01-28T10:20:42.330Z level=INFO source=warnings.go:70 msg="v1 Endpoints is deprecated in v1.33+; use discovery.k8s.io/v1 EndpointSlice" component=k8s_client_runtime
2026-01-28T10:20:43.337358796Z time=2026-01-28T10:20:43.337Z level=INFO source=warnings.go:70 msg="v1 Endpoints is deprecated in v1.33+; use discovery.k8s.io/v1 EndpointSlice" component=k8s_client_runtime
2026-01-28T10:20:55.330507656Z time=2026-01-28T10:20:55.330Z level=INFO source=warnings.go:70 msg="v1 Endpoints is deprecated in v1.33+; use discovery.k8s.io/v1 EndpointSlice" component=k8s_client_runtime
2026-01-28T10:20:56.312565247Z time=2026-01-28T10:20:56.312Z level=INFO source=warnings.go:70 msg="v1 Endpoints is deprecated in v1.33+; use discovery.k8s.io/v1 EndpointSlice" component=k8s_client_runtime
2026-01-28T10:20:56.328380437Z time=2026-01-28T10:20:56.328Z level=INFO source=warnings.go:70 msg="v1 Endpoints is deprecated in v1.33+; use discovery.k8s.io/v1 EndpointSlice" component=k8s_client_runtime
2026-01-28T10:21:10.314018140Z time=2026-01-28T10:21:10.313Z level=INFO source=warnings.go:70 msg="v1 Endpoints is deprecated in v1.33+; use discovery.k8s.io/v1 EndpointSlice" component=k8s_client_runtime
2026-01-28T10:21:10.328297280Z time=2026-01-28T10:21:10.328Z level=INFO source=warnings.go:70 msg="v1 Endpoints is deprecated in v1.33+; use discovery.k8s.io/v1 EndpointSlice" component=k8s_client_runtime
2026-01-28T10:21:15.325982426Z time=2026-01-28T10:21:15.325Z level=INFO source=warnings.go:70 msg="v1 Endpoints is deprecated in v1.33+; use discovery.k8s.io/v1 EndpointSlice" component=k8s_client_runtime
2026-01-28T10:21:33.334839243Z time=2026-01-28T10:21:33.334Z level=INFO source=warnings.go:70 msg="v1 Endpoints is deprecated in v1.33+; use discovery.k8s.io/v1 EndpointSlice" component=k8s_client_runtime
2026-01-28T10:21:37.329846920Z time=2026-01-28T10:21:37.329Z level=INFO source=warnings.go:70 msg="v1 Endpoints is deprecated in v1.33+; use discovery.k8s.io/v1 EndpointSlice" component=k8s_client_runtime
2026-01-28T10:21:59.317461199Z time=2026-01-28T10:21:59.317Z level=INFO source=warnings.go:70 msg="v1 Endpoints is deprecated in v1.33+; use discovery.k8s.io/v1 EndpointSlice" component=k8s_client_runtime
2026-01-28T10:22:00.330798530Z time=2026-01-28T10:22:00.330Z level=INFO source=warnings.go:70 msg="v1 Endpoints is deprecated in v1.33+; use discovery.k8s.io/v1 EndpointSlice" component=k8s_client_runtime
2026-01-28T10:22:03.320808953Z time=2026-01-28T10:22:03.320Z level=INFO source=warnings.go:70 msg="v1 Endpoints is deprecated in v1.33+; use discovery.k8s.io/v1 EndpointSlice" component=k8s_client_runtime
2026-01-28T10:22:07.328752057Z time=2026-01-28T10:22:07.328Z level=INFO source=warnings.go:70 msg="v1 Endpoints is deprecated in v1.33+; use discovery.k8s.io/v1 EndpointSlice" component=k8s_client_runtime
2026-01-28T10:22:14.330442925Z time=2026-01-28T10:22:14.330Z level=INFO source=warnings.go:70 msg="v1 Endpoints is deprecated in v1.33+; use discovery.k8s.io/v1 EndpointSlice" component=k8s_client_runtime
2026-01-28T10:22:20.318825669Z time=2026-01-28T10:22:20.318Z level=INFO source=warnings.go:70 msg="v1 Endpoints is deprecated in v1.33+; use discovery.k8s.io/v1 EndpointSlice" component=k8s_client_runtime
2026-01-28T10:23:09.339322706Z time=2026-01-28T10:23:09.339Z level=INFO source=warnings.go:70 msg="v1 Endpoints is deprecated in v1.33+; use discovery.k8s.io/v1 EndpointSlice" component=k8s_client_runtime
2026-01-28T10:23:14.335799600Z time=2026-01-28T10:23:14.335Z level=INFO source=warnings.go:70 msg="v1 Endpoints is deprecated in v1.33+; use discovery.k8s.io/v1 EndpointSlice" component=k8s_client_runtime
2026-01-28T10:23:19.332897977Z time=2026-01-28T10:23:19.332Z level=INFO source=warnings.go:70 msg="v1 Endpoints is deprecated in v1.33+; use discovery.k8s.io/v1 EndpointSlice" component=k8s_client_runtime
2026-01-28T10:23:31.327014131Z time=2026-01-28T10:23:31.326Z level=INFO source=warnings.go:70 msg="v1 Endpoints is deprecated in v1.33+; use discovery.k8s.io/v1 EndpointSlice" component=k8s_client_runtime
2026-01-28T10:23:34.338478564Z time=2026-01-28T10:23:34.338Z level=INFO source=warnings.go:70 msg="v1 Endpoints is deprecated in v1.33+; use discovery.k8s.io/v1 EndpointSlice" component=k8s_client_runtime
2026-01-28T10:24:00.317603480Z time=2026-01-28T10:24:00.317Z level=INFO source=warnings.go:70 msg="v1 Endpoints is deprecated in v1.33+; use discovery.k8s.io/v1 EndpointSlice" component=k8s_client_runtime
2026-01-28T10:24:02.330816957Z time=2026-01-28T10:24:02.330Z level=INFO source=warnings.go:70 msg="v1 Endpoints is deprecated in v1.33+; use discovery.k8s.io/v1 EndpointSlice" component=k8s_client_runtime
2026-01-28T10:24:03.319839452Z time=2026-01-28T10:24:03.319Z level=INFO source=warnings.go:70 msg="v1 Endpoints is deprecated in v1.33+; use discovery.k8s.io/v1 EndpointSlice" component=k8s_client_runtime
2026-01-28T10:24:22.324433358Z time=2026-01-28T10:24:22.324Z level=INFO source=warnings.go:70 msg="v1 Endpoints is deprecated in v1.33+; use discovery.k8s.io/v1 EndpointSlice" component=k8s_client_runtime
