2026-01-28T09:50:40.997453550Z W0128 09:50:40.997309       1 cmd.go:257] Using insecure, self-signed certificates
2026-01-28T09:50:40.997589317Z I0128 09:50:40.997515       1 crypto.go:594] Generating new CA for check-endpoints-signer@1769593840 cert, and key in /tmp/serving-cert-4229351481/serving-signer.crt, /tmp/serving-cert-4229351481/serving-signer.key
2026-01-28T09:50:40.997589317Z Validity period of the certificate for "check-endpoints-signer@1769593840" is unset, resetting to 43800h0m0s!
2026-01-28T09:50:41.671111808Z I0128 09:50:41.670998       1 envvar.go:172] "Feature gate default state" feature="ClientsAllowCBOR" enabled=false
2026-01-28T09:50:41.671425424Z I0128 09:50:41.671406       1 envvar.go:172] "Feature gate default state" feature="ClientsPreferCBOR" enabled=false
2026-01-28T09:50:41.671492497Z I0128 09:50:41.671478       1 envvar.go:172] "Feature gate default state" feature="InformerResourceVersion" enabled=false
2026-01-28T09:50:41.671548310Z I0128 09:50:41.671537       1 envvar.go:172] "Feature gate default state" feature="InOrderInformers" enabled=true
2026-01-28T09:50:41.671596912Z I0128 09:50:41.671585       1 envvar.go:172] "Feature gate default state" feature="WatchListClient" enabled=false
2026-01-28T09:50:41.672607432Z I0128 09:50:41.671237       1 observer_polling.go:159] Starting file observer
2026-01-28T09:50:42.161410055Z W0128 09:50:42.161374       1 builder.go:272] unable to get owner reference (falling back to namespace): pods "kube-apiserver-ip-10-0-108-54.us-west-1.compute.internal" is forbidden: User "system:serviceaccount:openshift-kube-apiserver:check-endpoints" cannot get resource "pods" in API group "" in the namespace "openshift-kube-apiserver"
2026-01-28T09:50:42.161606874Z I0128 09:50:42.161590       1 builder.go:304] check-endpoints version 4.20.0-202601161812.p2.g974542a.assembly.stream.el9-974542a-974542ae2ef86a631546b3a48fd0da3c2e3b74dd
2026-01-28T09:50:42.165417313Z I0128 09:50:42.165393       1 dynamic_serving_content.go:116] "Loaded a new cert/key pair" name="serving-cert::/tmp/serving-cert-4229351481/tls.crt::/tmp/serving-cert-4229351481/tls.key"
2026-01-28T09:50:42.718571900Z I0128 09:50:42.718507       1 requestheader_controller.go:255] Loaded a new request header values for RequestHeaderAuthRequestController
2026-01-28T09:50:42.722895884Z I0128 09:50:42.722853       1 maxinflight.go:139] "Initialized nonMutatingChan" len=400
2026-01-28T09:50:42.727193127Z I0128 09:50:42.724156       1 maxinflight.go:145] "Initialized mutatingChan" len=200
2026-01-28T09:50:42.727193127Z I0128 09:50:42.724203       1 maxinflight.go:116] "Set denominator for readonly requests" limit=400
2026-01-28T09:50:42.727193127Z I0128 09:50:42.724211       1 maxinflight.go:120] "Set denominator for mutating requests" limit=200
2026-01-28T09:50:42.728372226Z I0128 09:50:42.728350       1 secure_serving.go:57] Forcing use of http/1.1 only
2026-01-28T09:50:42.728424519Z W0128 09:50:42.728412       1 secure_serving.go:69] Use of insecure cipher 'TLS_ECDHE_ECDSA_WITH_AES_128_CBC_SHA256' detected.
2026-01-28T09:50:42.728451310Z W0128 09:50:42.728442       1 secure_serving.go:69] Use of insecure cipher 'TLS_ECDHE_RSA_WITH_AES_128_CBC_SHA256' detected.
2026-01-28T09:50:42.728475201Z W0128 09:50:42.728466       1 secure_serving.go:69] Use of insecure cipher 'TLS_RSA_WITH_AES_128_GCM_SHA256' detected.
2026-01-28T09:50:42.728505523Z W0128 09:50:42.728496       1 secure_serving.go:69] Use of insecure cipher 'TLS_RSA_WITH_AES_256_GCM_SHA384' detected.
2026-01-28T09:50:42.728528694Z W0128 09:50:42.728520       1 secure_serving.go:69] Use of insecure cipher 'TLS_RSA_WITH_AES_128_CBC_SHA' detected.
2026-01-28T09:50:42.728550595Z W0128 09:50:42.728542       1 secure_serving.go:69] Use of insecure cipher 'TLS_RSA_WITH_AES_256_CBC_SHA' detected.
2026-01-28T09:50:42.728764925Z I0128 09:50:42.728748       1 genericapiserver.go:546] MuxAndDiscoveryComplete has all endpoints registered and discovery information is complete
2026-01-28T09:50:42.758436168Z I0128 09:50:42.758377       1 tlsconfig.go:203] "Loaded serving cert" certName="serving-cert::/tmp/serving-cert-4229351481/tls.crt::/tmp/serving-cert-4229351481/tls.key" certDetail="\"localhost\" [serving] validServingFor=[localhost] issuer=\"check-endpoints-signer@1769593840\" (2026-01-28 09:50:40 +0000 UTC to 2026-01-28 09:50:41 +0000 UTC (now=2026-01-28 09:50:42.758327333 +0000 UTC))"
2026-01-28T09:50:42.758782286Z I0128 09:50:42.758764       1 named_certificates.go:53] "Loaded SNI cert" index=0 certName="self-signed loopback" certDetail="\"apiserver-loopback-client@1769593842\" [serving] validServingFor=[apiserver-loopback-client] issuer=\"apiserver-loopback-client-ca@1769593842\" (2026-01-28 08:50:42 +0000 UTC to 2029-01-28 08:50:42 +0000 UTC (now=2026-01-28 09:50:42.758710192 +0000 UTC))"
2026-01-28T09:50:42.758843358Z I0128 09:50:42.758818       1 secure_serving.go:211] Serving securely on [::]:17697
2026-01-28T09:50:42.758912892Z I0128 09:50:42.758899       1 genericapiserver.go:696] [graceful-termination] waiting for shutdown to be initiated
2026-01-28T09:50:42.759830438Z I0128 09:50:42.759472       1 requestheader_controller.go:180] Starting RequestHeaderAuthRequestController
2026-01-28T09:50:42.759950273Z I0128 09:50:42.759934       1 shared_informer.go:350] "Waiting for caches to sync" controller="RequestHeaderAuthRequestController"
2026-01-28T09:50:42.760393695Z I0128 09:50:42.759543       1 dynamic_serving_content.go:135] "Starting controller" name="serving-cert::/tmp/serving-cert-4229351481/tls.crt::/tmp/serving-cert-4229351481/tls.key"
2026-01-28T09:50:42.760842368Z I0128 09:50:42.759558       1 tlsconfig.go:243] "Starting DynamicServingCertificateController"
2026-01-28T09:50:42.760924222Z I0128 09:50:42.759623       1 configmap_cafile_content.go:205] "Starting controller" name="client-ca::kube-system::extension-apiserver-authentication::client-ca-file"
2026-01-28T09:50:42.760962574Z I0128 09:50:42.760949       1 shared_informer.go:350] "Waiting for caches to sync" controller="client-ca::kube-system::extension-apiserver-authentication::client-ca-file"
2026-01-28T09:50:42.761004506Z I0128 09:50:42.759676       1 configmap_cafile_content.go:205] "Starting controller" name="client-ca::kube-system::extension-apiserver-authentication::requestheader-client-ca-file"
2026-01-28T09:50:42.761173134Z I0128 09:50:42.761155       1 shared_informer.go:350] "Waiting for caches to sync" controller="client-ca::kube-system::extension-apiserver-authentication::requestheader-client-ca-file"
2026-01-28T09:50:42.761906021Z I0128 09:50:42.761888       1 base_controller.go:76] Waiting for caches to sync for CheckEndpointsTimeToStart
2026-01-28T09:50:42.762095740Z I0128 09:50:42.762069       1 reflector.go:430] "Caches populated" type="*v1.ConfigMap" reflector="k8s.io/client-go@v0.33.2/tools/cache/reflector.go:285"
2026-01-28T09:50:42.765571463Z I0128 09:50:42.765529       1 reflector.go:430] "Caches populated" type="*v1.ConfigMap" reflector="k8s.io/client-go@v0.33.2/tools/cache/reflector.go:285"
2026-01-28T09:50:42.765893839Z I0128 09:50:42.765865       1 reflector.go:430] "Caches populated" type="*v1.ConfigMap" reflector="k8s.io/client-go@v0.33.2/tools/cache/reflector.go:285"
2026-01-28T09:50:42.860443401Z I0128 09:50:42.860403       1 shared_informer.go:357] "Caches are synced" controller="RequestHeaderAuthRequestController"
2026-01-28T09:50:42.863105864Z I0128 09:50:42.863083       1 shared_informer.go:357] "Caches are synced" controller="client-ca::kube-system::extension-apiserver-authentication::requestheader-client-ca-file"
2026-01-28T09:50:42.863194748Z I0128 09:50:42.863175       1 shared_informer.go:357] "Caches are synced" controller="client-ca::kube-system::extension-apiserver-authentication::client-ca-file"
2026-01-28T09:50:42.867515483Z I0128 09:50:42.867492       1 tlsconfig.go:181] "Loaded client CA" index=0 certName="client-ca::kube-system::extension-apiserver-authentication::client-ca-file,client-ca::kube-system::extension-apiserver-authentication::requestheader-client-ca-file" certDetail="\"aggregator-signer\" [] issuer=\"<self>\" (2026-01-28 09:13:04 +0000 UTC to 2026-01-29 09:13:04 +0000 UTC (now=2026-01-28 09:50:42.867450199 +0000 UTC))"
2026-01-28T09:50:42.867810267Z I0128 09:50:42.867792       1 tlsconfig.go:203] "Loaded serving cert" certName="serving-cert::/tmp/serving-cert-4229351481/tls.crt::/tmp/serving-cert-4229351481/tls.key" certDetail="\"localhost\" [serving] validServingFor=[localhost] issuer=\"check-endpoints-signer@1769593840\" (2026-01-28 09:50:40 +0000 UTC to 2026-01-28 09:50:41 +0000 UTC (now=2026-01-28 09:50:42.867773876 +0000 UTC))"
2026-01-28T09:50:42.872588534Z I0128 09:50:42.872564       1 named_certificates.go:53] "Loaded SNI cert" index=0 certName="self-signed loopback" certDetail="\"apiserver-loopback-client@1769593842\" [serving] validServingFor=[apiserver-loopback-client] issuer=\"apiserver-loopback-client-ca@1769593842\" (2026-01-28 08:50:42 +0000 UTC to 2029-01-28 08:50:42 +0000 UTC (now=2026-01-28 09:50:42.872542562 +0000 UTC))"
2026-01-28T09:50:42.872789884Z I0128 09:50:42.872774       1 tlsconfig.go:181] "Loaded client CA" index=0 certName="client-ca::kube-system::extension-apiserver-authentication::client-ca-file,client-ca::kube-system::extension-apiserver-authentication::requestheader-client-ca-file" certDetail="\"admin-kubeconfig-signer\" [] issuer=\"<self>\" (2026-01-28 09:13:02 +0000 UTC to 2036-01-26 09:13:02 +0000 UTC (now=2026-01-28 09:50:42.872757083 +0000 UTC))"
2026-01-28T09:50:42.872842387Z I0128 09:50:42.872828       1 tlsconfig.go:181] "Loaded client CA" index=1 certName="client-ca::kube-system::extension-apiserver-authentication::client-ca-file,client-ca::kube-system::extension-apiserver-authentication::requestheader-client-ca-file" certDetail="\"kubelet-signer\" [] issuer=\"<self>\" (2026-01-28 09:13:06 +0000 UTC to 2026-01-29 09:13:06 +0000 UTC (now=2026-01-28 09:50:42.872812446 +0000 UTC))"
2026-01-28T09:50:42.872902980Z I0128 09:50:42.872890       1 tlsconfig.go:181] "Loaded client CA" index=2 certName="client-ca::kube-system::extension-apiserver-authentication::client-ca-file,client-ca::kube-system::extension-apiserver-authentication::requestheader-client-ca-file" certDetail="\"kube-control-plane-signer\" [] issuer=\"<self>\" (2026-01-28 09:13:06 +0000 UTC to 2027-01-28 09:13:06 +0000 UTC (now=2026-01-28 09:50:42.872862728 +0000 UTC))"
2026-01-28T09:50:42.872956953Z I0128 09:50:42.872944       1 tlsconfig.go:181] "Loaded client CA" index=3 certName="client-ca::kube-system::extension-apiserver-authentication::client-ca-file,client-ca::kube-system::extension-apiserver-authentication::requestheader-client-ca-file" certDetail="\"kube-apiserver-to-kubelet-signer\" [] issuer=\"<self>\" (2026-01-28 09:13:07 +0000 UTC to 2027-01-28 09:13:07 +0000 UTC (now=2026-01-28 09:50:42.872921791 +0000 UTC))"
2026-01-28T09:50:42.873002485Z I0128 09:50:42.872988       1 tlsconfig.go:181] "Loaded client CA" index=4 certName="client-ca::kube-system::extension-apiserver-authentication::client-ca-file,client-ca::kube-system::extension-apiserver-authentication::requestheader-client-ca-file" certDetail="\"kubelet-bootstrap-kubeconfig-signer\" [] issuer=\"<self>\" (2026-01-28 09:13:03 +0000 UTC to 2036-01-26 09:13:03 +0000 UTC (now=2026-01-28 09:50:42.872975594 +0000 UTC))"
2026-01-28T09:50:42.873066538Z I0128 09:50:42.873053       1 tlsconfig.go:181] "Loaded client CA" index=5 certName="client-ca::kube-system::extension-apiserver-authentication::client-ca-file,client-ca::kube-system::extension-apiserver-authentication::requestheader-client-ca-file" certDetail="\"kube-csr-signer_@1769592636\" [] issuer=\"kubelet-signer\" (2026-01-28 09:30:35 +0000 UTC to 2026-01-29 09:13:06 +0000 UTC (now=2026-01-28 09:50:42.873038737 +0000 UTC))"
2026-01-28T09:50:42.873146792Z I0128 09:50:42.873120       1 tlsconfig.go:181] "Loaded client CA" index=6 certName="client-ca::kube-system::extension-apiserver-authentication::client-ca-file,client-ca::kube-system::extension-apiserver-authentication::requestheader-client-ca-file" certDetail="\"openshift-kube-apiserver-operator_node-system-admin-signer@1769592635\" [] issuer=\"<self>\" (2026-01-28 09:30:35 +0000 UTC to 2029-01-27 09:30:36 +0000 UTC (now=2026-01-28 09:50:42.87310354 +0000 UTC))"
2026-01-28T09:50:42.873196194Z I0128 09:50:42.873184       1 tlsconfig.go:181] "Loaded client CA" index=7 certName="client-ca::kube-system::extension-apiserver-authentication::client-ca-file,client-ca::kube-system::extension-apiserver-authentication::requestheader-client-ca-file" certDetail="\"aggregator-signer\" [] issuer=\"<self>\" (2026-01-28 09:13:04 +0000 UTC to 2026-01-29 09:13:04 +0000 UTC (now=2026-01-28 09:50:42.873166513 +0000 UTC))"
2026-01-28T09:50:42.873417856Z I0128 09:50:42.873403       1 tlsconfig.go:203] "Loaded serving cert" certName="serving-cert::/tmp/serving-cert-4229351481/tls.crt::/tmp/serving-cert-4229351481/tls.key" certDetail="\"localhost\" [serving] validServingFor=[localhost] issuer=\"check-endpoints-signer@1769593840\" (2026-01-28 09:50:40 +0000 UTC to 2026-01-28 09:50:41 +0000 UTC (now=2026-01-28 09:50:42.873387764 +0000 UTC))"
2026-01-28T09:50:42.873644157Z I0128 09:50:42.873628       1 named_certificates.go:53] "Loaded SNI cert" index=0 certName="self-signed loopback" certDetail="\"apiserver-loopback-client@1769593842\" [serving] validServingFor=[apiserver-loopback-client] issuer=\"apiserver-loopback-client-ca@1769593842\" (2026-01-28 08:50:42 +0000 UTC to 2029-01-28 08:50:42 +0000 UTC (now=2026-01-28 09:50:42.873601795 +0000 UTC))"
2026-01-28T09:50:42.964712887Z I0128 09:50:42.964673       1 reflector.go:430] "Caches populated" type="*v1.CustomResourceDefinition" reflector="k8s.io/client-go@v0.33.2/tools/cache/reflector.go:285"
2026-01-28T09:50:43.062407056Z I0128 09:50:43.062158       1 base_controller.go:82] Caches are synced for CheckEndpointsTimeToStart 
2026-01-28T09:50:43.062475530Z I0128 09:50:43.062461       1 base_controller.go:119] Starting #1 worker of CheckEndpointsTimeToStart controller ...
