2026-01-28T09:42:37.710138025Z W0128 09:42:37.710038       1 feature_gate.go:328] unrecognized feature gate: MixedCPUsAllocation
2026-01-28T09:42:37.711212948Z W0128 09:42:37.711195       1 feature_gate.go:328] unrecognized feature gate: KMSEncryptionProvider
2026-01-28T09:42:37.711250750Z W0128 09:42:37.711240       1 feature_gate.go:328] unrecognized feature gate: NoRegistryClusterOperations
2026-01-28T09:42:37.711274661Z W0128 09:42:37.711265       1 feature_gate.go:328] unrecognized feature gate: MachineConfigNodes
2026-01-28T09:42:37.711331714Z W0128 09:42:37.711320       1 feature_gate.go:328] unrecognized feature gate: NetworkSegmentation
2026-01-28T09:42:37.711356156Z W0128 09:42:37.711347       1 feature_gate.go:328] unrecognized feature gate: Example
2026-01-28T09:42:37.711377906Z W0128 09:42:37.711369       1 feature_gate.go:328] unrecognized feature gate: ExternalSnapshotMetadata
2026-01-28T09:42:37.711400808Z W0128 09:42:37.711392       1 feature_gate.go:328] unrecognized feature gate: VSphereMultiNetworks
2026-01-28T09:42:37.711422349Z W0128 09:42:37.711413       1 feature_gate.go:328] unrecognized feature gate: ManagedBootImagesvSphere
2026-01-28T09:42:37.711444170Z W0128 09:42:37.711435       1 feature_gate.go:328] unrecognized feature gate: ImageStreamImportMode
2026-01-28T09:42:37.711465601Z W0128 09:42:37.711457       1 feature_gate.go:328] unrecognized feature gate: ManagedBootImagesAWS
2026-01-28T09:42:37.711487052Z W0128 09:42:37.711478       1 feature_gate.go:328] unrecognized feature gate: ClusterAPIInstall
2026-01-28T09:42:37.711508363Z W0128 09:42:37.711499       1 feature_gate.go:328] unrecognized feature gate: NewOLMPreflightPermissionChecks
2026-01-28T09:42:37.711530094Z W0128 09:42:37.711521       1 feature_gate.go:328] unrecognized feature gate: VSphereConfigurableMaxAllowedBlockVolumesPerNode
2026-01-28T09:42:37.711552545Z W0128 09:42:37.711543       1 feature_gate.go:328] unrecognized feature gate: IrreconcilableMachineConfig
2026-01-28T09:42:37.711576956Z W0128 09:42:37.711567       1 feature_gate.go:328] unrecognized feature gate: AWSClusterHostedDNSInstall
2026-01-28T09:42:37.711740535Z W0128 09:42:37.711623       1 feature_gate.go:328] unrecognized feature gate: ManagedBootImages
2026-01-28T09:42:37.711777357Z W0128 09:42:37.711764       1 feature_gate.go:328] unrecognized feature gate: AdminNetworkPolicy
2026-01-28T09:42:37.711826969Z W0128 09:42:37.711793       1 feature_gate.go:328] unrecognized feature gate: NewOLMCatalogdAPIV1Metas
2026-01-28T09:42:37.711856090Z W0128 09:42:37.711845       1 feature_gate.go:328] unrecognized feature gate: GCPCustomAPIEndpointsInstall
2026-01-28T09:42:37.711882452Z W0128 09:42:37.711871       1 feature_gate.go:328] unrecognized feature gate: AzureDedicatedHosts
2026-01-28T09:42:37.711907513Z W0128 09:42:37.711897       1 feature_gate.go:328] unrecognized feature gate: NutanixMultiSubnets
2026-01-28T09:42:37.711932894Z W0128 09:42:37.711922       1 feature_gate.go:328] unrecognized feature gate: GatewayAPI
2026-01-28T09:42:37.711962376Z W0128 09:42:37.711950       1 feature_gate.go:328] unrecognized feature gate: IngressControllerDynamicConfigurationManager
2026-01-28T09:42:37.711989777Z W0128 09:42:37.711978       1 feature_gate.go:328] unrecognized feature gate: NewOLM
2026-01-28T09:42:37.712017409Z W0128 09:42:37.712006       1 feature_gate.go:328] unrecognized feature gate: NewOLMOwnSingleNamespace
2026-01-28T09:42:37.712070021Z W0128 09:42:37.712057       1 feature_gate.go:328] unrecognized feature gate: PinnedImages
2026-01-28T09:42:37.712096302Z W0128 09:42:37.712086       1 feature_gate.go:328] unrecognized feature gate: ClusterVersionOperatorConfiguration
2026-01-28T09:42:37.712132294Z W0128 09:42:37.712122       1 feature_gate.go:328] unrecognized feature gate: ClusterAPIInstallIBMCloud
2026-01-28T09:42:37.712155225Z W0128 09:42:37.712146       1 feature_gate.go:328] unrecognized feature gate: EtcdBackendQuota
2026-01-28T09:42:37.712178206Z W0128 09:42:37.712169       1 feature_gate.go:328] unrecognized feature gate: AzureWorkloadIdentity
2026-01-28T09:42:37.712200587Z W0128 09:42:37.712191       1 feature_gate.go:328] unrecognized feature gate: MachineAPIOperatorDisableMachineHealthCheckController
2026-01-28T09:42:37.712222289Z W0128 09:42:37.712213       1 feature_gate.go:328] unrecognized feature gate: NetworkLiveMigration
2026-01-28T09:42:37.712244920Z W0128 09:42:37.712236       1 feature_gate.go:328] unrecognized feature gate: VSphereMixedNodeEnv
2026-01-28T09:42:37.712266741Z W0128 09:42:37.712258       1 feature_gate.go:328] unrecognized feature gate: InsightsConfigAPI
2026-01-28T09:42:37.712293132Z W0128 09:42:37.712283       1 feature_gate.go:328] unrecognized feature gate: SigstoreImageVerificationPKI
2026-01-28T09:42:37.712317833Z W0128 09:42:37.712308       1 feature_gate.go:328] unrecognized feature gate: ExternalOIDCWithUIDAndExtraClaimMappings
2026-01-28T09:42:37.712341305Z W0128 09:42:37.712331       1 feature_gate.go:328] unrecognized feature gate: BootImageSkewEnforcement
2026-01-28T09:42:37.712365496Z W0128 09:42:37.712355       1 feature_gate.go:328] unrecognized feature gate: CPMSMachineNamePrefix
2026-01-28T09:42:37.712390977Z W0128 09:42:37.712380       1 feature_gate.go:328] unrecognized feature gate: DNSNameResolver
2026-01-28T09:42:37.712417558Z W0128 09:42:37.712406       1 feature_gate.go:328] unrecognized feature gate: OpenShiftPodSecurityAdmission
2026-01-28T09:42:37.712443970Z W0128 09:42:37.712433       1 feature_gate.go:328] unrecognized feature gate: InsightsOnDemandDataGather
2026-01-28T09:42:37.712471221Z W0128 09:42:37.712461       1 feature_gate.go:328] unrecognized feature gate: MultiArchInstallAzure
2026-01-28T09:42:37.712494162Z W0128 09:42:37.712485       1 feature_gate.go:328] unrecognized feature gate: SigstoreImageVerification
2026-01-28T09:42:37.712517343Z W0128 09:42:37.712508       1 feature_gate.go:328] unrecognized feature gate: VSphereMultiDisk
2026-01-28T09:42:37.712539644Z W0128 09:42:37.712530       1 feature_gate.go:328] unrecognized feature gate: AlibabaPlatform
2026-01-28T09:42:37.712561885Z W0128 09:42:37.712553       1 feature_gate.go:328] unrecognized feature gate: AzureClusterHostedDNSInstall
2026-01-28T09:42:37.712584077Z W0128 09:42:37.712575       1 feature_gate.go:328] unrecognized feature gate: MultiDiskSetup
2026-01-28T09:42:37.712636109Z W0128 09:42:37.712597       1 feature_gate.go:328] unrecognized feature gate: GatewayAPIController
2026-01-28T09:42:37.712666241Z W0128 09:42:37.712654       1 feature_gate.go:328] unrecognized feature gate: VolumeGroupSnapshot
2026-01-28T09:42:37.712691722Z W0128 09:42:37.712682       1 feature_gate.go:328] unrecognized feature gate: AWSClusterHostedDNS
2026-01-28T09:42:37.712735034Z W0128 09:42:37.712705       1 feature_gate.go:328] unrecognized feature gate: ImageModeStatusReporting
2026-01-28T09:42:37.712760915Z W0128 09:42:37.712751       1 feature_gate.go:328] unrecognized feature gate: VSphereHostVMGroupZonal
2026-01-28T09:42:37.712784247Z W0128 09:42:37.712775       1 feature_gate.go:328] unrecognized feature gate: NetworkDiagnosticsConfig
2026-01-28T09:42:37.712806118Z W0128 09:42:37.712797       1 feature_gate.go:328] unrecognized feature gate: GCPClusterHostedDNS
2026-01-28T09:42:37.712827899Z W0128 09:42:37.712819       1 feature_gate.go:328] unrecognized feature gate: MetricsCollectionProfiles
2026-01-28T09:42:37.712856690Z W0128 09:42:37.712847       1 feature_gate.go:328] unrecognized feature gate: RouteAdvertisements
2026-01-28T09:42:37.712879921Z W0128 09:42:37.712870       1 feature_gate.go:328] unrecognized feature gate: GCPCustomAPIEndpoints
2026-01-28T09:42:37.712908563Z W0128 09:42:37.712897       1 feature_gate.go:351] Setting GA feature gate ServiceAccountTokenNodeBinding=true. It will be removed in a future release.
2026-01-28T09:42:37.712932344Z W0128 09:42:37.712923       1 feature_gate.go:328] unrecognized feature gate: ShortCertRotation
2026-01-28T09:42:37.712956385Z W0128 09:42:37.712947       1 feature_gate.go:328] unrecognized feature gate: OVNObservability
2026-01-28T09:42:37.712979806Z W0128 09:42:37.712970       1 feature_gate.go:328] unrecognized feature gate: PreconfiguredUDNAddresses
2026-01-28T09:42:37.713003687Z W0128 09:42:37.712994       1 feature_gate.go:328] unrecognized feature gate: ConsolePluginContentSecurityPolicy
2026-01-28T09:42:37.713040799Z W0128 09:42:37.713016       1 feature_gate.go:328] unrecognized feature gate: DyanmicServiceEndpointIBMCloud
2026-01-28T09:42:37.713070791Z W0128 09:42:37.713060       1 feature_gate.go:328] unrecognized feature gate: AutomatedEtcdBackup
2026-01-28T09:42:37.713093072Z W0128 09:42:37.713084       1 feature_gate.go:328] unrecognized feature gate: MachineAPIMigration
2026-01-28T09:42:37.713117693Z W0128 09:42:37.713107       1 feature_gate.go:328] unrecognized feature gate: Example2
2026-01-28T09:42:37.713142794Z W0128 09:42:37.713133       1 feature_gate.go:328] unrecognized feature gate: UpgradeStatus
2026-01-28T09:42:37.713169656Z W0128 09:42:37.713159       1 feature_gate.go:328] unrecognized feature gate: BuildCSIVolumes
2026-01-28T09:42:37.713192827Z W0128 09:42:37.713184       1 feature_gate.go:328] unrecognized feature gate: IngressControllerLBSubnetsAWS
2026-01-28T09:42:37.713216748Z W0128 09:42:37.713206       1 feature_gate.go:328] unrecognized feature gate: BootcNodeManagement
2026-01-28T09:42:37.713242399Z W0128 09:42:37.713232       1 feature_gate.go:328] unrecognized feature gate: ManagedBootImagesAzure
2026-01-28T09:42:37.713266841Z W0128 09:42:37.713256       1 feature_gate.go:328] unrecognized feature gate: InsightsConfig
2026-01-28T09:42:37.713292442Z W0128 09:42:37.713282       1 feature_gate.go:328] unrecognized feature gate: SetEIPForNLBIngressController
2026-01-28T09:42:37.713318403Z W0128 09:42:37.713308       1 feature_gate.go:328] unrecognized feature gate: AzureMultiDisk
2026-01-28T09:42:37.713343104Z W0128 09:42:37.713333       1 feature_gate.go:328] unrecognized feature gate: HighlyAvailableArbiter
2026-01-28T09:42:37.713365905Z W0128 09:42:37.713356       1 feature_gate.go:328] unrecognized feature gate: NewOLMWebhookProviderOpenshiftServiceCA
2026-01-28T09:42:37.713390357Z W0128 09:42:37.713380       1 feature_gate.go:328] unrecognized feature gate: ClusterMonitoringConfig
2026-01-28T09:42:37.713416198Z W0128 09:42:37.713406       1 feature_gate.go:328] unrecognized feature gate: AWSDedicatedHosts
2026-01-28T09:42:37.713441939Z W0128 09:42:37.713431       1 feature_gate.go:349] Setting deprecated feature gate KMSv1=true. It will be removed in a future release.
2026-01-28T09:42:37.713464701Z W0128 09:42:37.713456       1 feature_gate.go:328] unrecognized feature gate: DualReplica
2026-01-28T09:42:37.713515643Z W0128 09:42:37.713505       1 feature_gate.go:328] unrecognized feature gate: SignatureStores
2026-01-28T09:42:37.713538054Z W0128 09:42:37.713529       1 feature_gate.go:328] unrecognized feature gate: ExternalOIDC
2026-01-28T09:42:37.713558975Z W0128 09:42:37.713550       1 feature_gate.go:328] unrecognized feature gate: AWSServiceLBNetworkSecurityGroup
2026-01-28T09:42:37.713590297Z W0128 09:42:37.713580       1 feature_gate.go:328] unrecognized feature gate: GCPClusterHostedDNSInstall
2026-01-28T09:42:37.713613918Z W0128 09:42:37.713604       1 feature_gate.go:328] unrecognized feature gate: AdditionalRoutingCapabilities
2026-01-28T09:42:37.713748064Z I0128 09:42:37.713721       1 flags.go:64] FLAG: --allow-metric-labels="[]"
2026-01-28T09:42:37.713809308Z I0128 09:42:37.713795       1 flags.go:64] FLAG: --allow-metric-labels-manifest=""
2026-01-28T09:42:37.713840009Z I0128 09:42:37.713826       1 flags.go:64] FLAG: --authentication-kubeconfig="/etc/kubernetes/static-pod-resources/configmaps/scheduler-kubeconfig/kubeconfig"
2026-01-28T09:42:37.713867581Z I0128 09:42:37.713855       1 flags.go:64] FLAG: --authentication-skip-lookup="false"
2026-01-28T09:42:37.713894642Z I0128 09:42:37.713882       1 flags.go:64] FLAG: --authentication-token-webhook-cache-ttl="10s"
2026-01-28T09:42:37.713919853Z I0128 09:42:37.713909       1 flags.go:64] FLAG: --authentication-tolerate-lookup-failure="true"
2026-01-28T09:42:37.713950485Z I0128 09:42:37.713934       1 flags.go:64] FLAG: --authorization-always-allow-paths="[/healthz,/readyz,/livez]"
2026-01-28T09:42:37.713975156Z I0128 09:42:37.713964       1 flags.go:64] FLAG: --authorization-kubeconfig="/etc/kubernetes/static-pod-resources/configmaps/scheduler-kubeconfig/kubeconfig"
2026-01-28T09:42:37.713999347Z I0128 09:42:37.713988       1 flags.go:64] FLAG: --authorization-webhook-cache-authorized-ttl="10s"
2026-01-28T09:42:37.714039279Z I0128 09:42:37.714014       1 flags.go:64] FLAG: --authorization-webhook-cache-unauthorized-ttl="10s"
2026-01-28T09:42:37.714074441Z I0128 09:42:37.714060       1 flags.go:64] FLAG: --bind-address="0.0.0.0"
2026-01-28T09:42:37.714102552Z I0128 09:42:37.714091       1 flags.go:64] FLAG: --cert-dir="/var/run/kubernetes"
2026-01-28T09:42:37.714130784Z I0128 09:42:37.714118       1 flags.go:64] FLAG: --client-ca-file=""
2026-01-28T09:42:37.714157885Z I0128 09:42:37.714146       1 flags.go:64] FLAG: --config="/etc/kubernetes/static-pod-resources/configmaps/config/config.yaml"
2026-01-28T09:42:37.714183346Z I0128 09:42:37.714173       1 flags.go:64] FLAG: --contention-profiling="true"
2026-01-28T09:42:37.714210168Z I0128 09:42:37.714199       1 flags.go:64] FLAG: --disable-http2-serving="false"
2026-01-28T09:42:37.714237329Z I0128 09:42:37.714225       1 flags.go:64] FLAG: --disabled-metrics="[]"
2026-01-28T09:42:37.714265200Z I0128 09:42:37.714252       1 flags.go:64] FLAG: --emulated-version="[]"
2026-01-28T09:42:37.714592847Z I0128 09:42:37.714281       1 flags.go:64] FLAG: --feature-gates=":AWSClusterHostedDNS=false,:AWSClusterHostedDNSInstall=false,:AWSDedicatedHosts=false,:AWSServiceLBNetworkSecurityGroup=false,:AdditionalRoutingCapabilities=true,:AdminNetworkPolicy=true,:AlibabaPlatform=true,:AutomatedEtcdBackup=false,:AzureClusterHostedDNSInstall=false,:AzureDedicatedHosts=false,:AzureMultiDisk=false,:AzureWorkloadIdentity=true,:BootImageSkewEnforcement=false,:BootcNodeManagement=false,:BuildCSIVolumes=true,:CPMSMachineNamePrefix=true,:ClusterAPIInstall=false,:ClusterAPIInstallIBMCloud=false,:ClusterMonitoringConfig=false,:ClusterVersionOperatorConfiguration=false,:ConsolePluginContentSecurityPolicy=true,:DNSNameResolver=false,:DualReplica=false,:DyanmicServiceEndpointIBMCloud=false,:DynamicResourceAllocation=false,:EtcdBackendQuota=false,:EventedPLEG=false,:Example=false,:Example2=false,:ExternalOIDC=true,:ExternalOIDCWithUIDAndExtraClaimMappings=true,:ExternalSnapshotMetadata=false,:GCPClusterHostedDNS=false,:GCPClusterHostedDNSInstall=false,:GCPCustomAPIEndpoints=false,:GCPCustomAPIEndpointsInstall=false,:GatewayAPI=true,:GatewayAPIController=true,:HighlyAvailableArbiter=true,:ImageModeStatusReporting=false,:ImageStreamImportMode=false,:ImageVolume=true,:IngressControllerDynamicConfigurationManager=false,:IngressControllerLBSubnetsAWS=true,:InsightsConfig=false,:InsightsConfigAPI=false,:InsightsOnDemandDataGather=false,:IrreconcilableMachineConfig=false,:KMSEncryptionProvider=false,:KMSv1=true,:MachineAPIMigration=false,:MachineAPIOperatorDisableMachineHealthCheckController=false,:MachineConfigNodes=true,:ManagedBootImages=true,:ManagedBootImagesAWS=true,:ManagedBootImagesAzure=false,:ManagedBootImagesvSphere=false,:MaxUnavailableStatefulSet=false,:MetricsCollectionProfiles=true,:MinimumKubeletVersion=false,:MixedCPUsAllocation=false,:MultiArchInstallAzure=false,:MultiDiskSetup=false,:MutatingAdmissionPolicy=false,:NetworkDiagnosticsConfig=true,:NetworkLiveMigration=true,:NetworkSegmentation=true,:NewOLM=true,:NewOLMCatalogdAPIV1Metas=false,:NewOLMOwnSingleNamespace=false,:NewOLMPreflightPermissionChecks=false,:NewOLMWebhookProviderOpenshiftServiceCA=false,:NoRegistryClusterOperations=false,:NodeSwap=false,:NutanixMultiSubnets=false,:OVNObservability=false,:OpenShiftPodSecurityAdmission=false,:PinnedImages=true,:PreconfiguredUDNAddresses=true,:ProcMountType=true,:RouteAdvertisements=true,:RouteExternalCertificate=true,:SELinuxMount=false,:ServiceAccountTokenNodeBinding=true,:SetEIPForNLBIngressController=true,:ShortCertRotation=false,:SignatureStores=false,:SigstoreImageVerification=true,:SigstoreImageVerificationPKI=false,:StoragePerformantSecurityPolicy=true,:TranslateStreamCloseWebsocketRequests=false,:UpgradeStatus=true,:UserNamespacesPodSecurityStandards=true,:UserNamespacesSupport=true,:VSphereConfigurableMaxAllowedBlockVolumesPerNode=false,:VSphereHostVMGroupZonal=false,:VSphereMixedNodeEnv=false,:VSphereMultiDisk=true,:VSphereMultiNetworks=true,:VolumeAttributesClass=false,:VolumeGroupSnapshot=false"
2026-01-28T09:42:37.714637819Z I0128 09:42:37.714623       1 flags.go:64] FLAG: --help="false"
2026-01-28T09:42:37.714677211Z I0128 09:42:37.714655       1 flags.go:64] FLAG: --http2-max-streams-per-connection="0"
2026-01-28T09:42:37.714708063Z I0128 09:42:37.714694       1 flags.go:64] FLAG: --kube-api-burst="100"
2026-01-28T09:42:37.714741834Z I0128 09:42:37.714723       1 flags.go:64] FLAG: --kube-api-content-type="application/vnd.kubernetes.protobuf"
2026-01-28T09:42:37.714771066Z I0128 09:42:37.714758       1 flags.go:64] FLAG: --kube-api-qps="50"
2026-01-28T09:42:37.714797507Z I0128 09:42:37.714786       1 flags.go:64] FLAG: --kubeconfig=""
2026-01-28T09:42:37.714822188Z I0128 09:42:37.714812       1 flags.go:64] FLAG: --leader-elect="true"
2026-01-28T09:42:37.714848019Z I0128 09:42:37.714837       1 flags.go:64] FLAG: --leader-elect-lease-duration="15s"
2026-01-28T09:42:37.714874011Z I0128 09:42:37.714862       1 flags.go:64] FLAG: --leader-elect-renew-deadline="10s"
2026-01-28T09:42:37.715169595Z I0128 09:42:37.715150       1 flags.go:64] FLAG: --leader-elect-resource-lock="leases"
2026-01-28T09:42:37.715208917Z I0128 09:42:37.715195       1 flags.go:64] FLAG: --leader-elect-resource-name="kube-scheduler"
2026-01-28T09:42:37.715239159Z I0128 09:42:37.715226       1 flags.go:64] FLAG: --leader-elect-resource-namespace="kube-system"
2026-01-28T09:42:37.715267500Z I0128 09:42:37.715255       1 flags.go:64] FLAG: --leader-elect-retry-period="2s"
2026-01-28T09:42:37.715295092Z I0128 09:42:37.715283       1 flags.go:64] FLAG: --log-flush-frequency="5s"
2026-01-28T09:42:37.715325473Z I0128 09:42:37.715310       1 flags.go:64] FLAG: --log-json-info-buffer-size="0"
2026-01-28T09:42:37.715351855Z I0128 09:42:37.715341       1 flags.go:64] FLAG: --log-json-split-stream="false"
2026-01-28T09:42:37.715379156Z I0128 09:42:37.715367       1 flags.go:64] FLAG: --log-text-info-buffer-size="0"
2026-01-28T09:42:37.715405697Z I0128 09:42:37.715394       1 flags.go:64] FLAG: --log-text-split-stream="false"
2026-01-28T09:42:37.715438699Z I0128 09:42:37.715428       1 flags.go:64] FLAG: --logging-format="text"
2026-01-28T09:42:37.715464260Z I0128 09:42:37.715453       1 flags.go:64] FLAG: --master=""
2026-01-28T09:42:37.715603307Z I0128 09:42:37.715587       1 flags.go:64] FLAG: --permit-address-sharing="false"
2026-01-28T09:42:37.715635369Z I0128 09:42:37.715623       1 flags.go:64] FLAG: --permit-port-sharing="false"
2026-01-28T09:42:37.715662320Z I0128 09:42:37.715650       1 flags.go:64] FLAG: --pod-max-in-unschedulable-pods-duration="5m0s"
2026-01-28T09:42:37.715689461Z I0128 09:42:37.715678       1 flags.go:64] FLAG: --profiling="true"
2026-01-28T09:42:37.715716083Z I0128 09:42:37.715704       1 flags.go:64] FLAG: --requestheader-allowed-names="[]"
2026-01-28T09:42:37.715741974Z I0128 09:42:37.715731       1 flags.go:64] FLAG: --requestheader-client-ca-file=""
2026-01-28T09:42:37.715771345Z I0128 09:42:37.715757       1 flags.go:64] FLAG: --requestheader-extra-headers-prefix="[x-remote-extra-]"
2026-01-28T09:42:37.715799057Z I0128 09:42:37.715787       1 flags.go:64] FLAG: --requestheader-group-headers="[x-remote-group]"
2026-01-28T09:42:37.715826628Z I0128 09:42:37.715813       1 flags.go:64] FLAG: --requestheader-uid-headers="[]"
2026-01-28T09:42:37.715856520Z I0128 09:42:37.715843       1 flags.go:64] FLAG: --requestheader-username-headers="[x-remote-user]"
2026-01-28T09:42:37.715882451Z I0128 09:42:37.715871       1 flags.go:64] FLAG: --secure-port="10259"
2026-01-28T09:42:37.715908672Z I0128 09:42:37.715897       1 flags.go:64] FLAG: --show-hidden-metrics-for-version=""
2026-01-28T09:42:37.715935454Z I0128 09:42:37.715923       1 flags.go:64] FLAG: --tls-cert-file="/etc/kubernetes/static-pod-resources/secrets/serving-cert/tls.crt"
2026-01-28T09:42:37.715970235Z I0128 09:42:37.715950       1 flags.go:64] FLAG: --tls-cipher-suites="[TLS_AES_128_GCM_SHA256,TLS_AES_256_GCM_SHA384,TLS_CHACHA20_POLY1305_SHA256,TLS_ECDHE_ECDSA_WITH_AES_128_GCM_SHA256,TLS_ECDHE_RSA_WITH_AES_128_GCM_SHA256,TLS_ECDHE_ECDSA_WITH_AES_256_GCM_SHA384,TLS_ECDHE_RSA_WITH_AES_256_GCM_SHA384,TLS_ECDHE_ECDSA_WITH_CHACHA20_POLY1305_SHA256,TLS_ECDHE_RSA_WITH_CHACHA20_POLY1305_SHA256]"
2026-01-28T09:42:37.715996907Z I0128 09:42:37.715985       1 flags.go:64] FLAG: --tls-min-version="VersionTLS12"
2026-01-28T09:42:37.716040889Z I0128 09:42:37.716012       1 flags.go:64] FLAG: --tls-private-key-file="/etc/kubernetes/static-pod-resources/secrets/serving-cert/tls.key"
2026-01-28T09:42:37.716075840Z I0128 09:42:37.716062       1 flags.go:64] FLAG: --tls-sni-cert-key="[]"
2026-01-28T09:42:37.716102142Z I0128 09:42:37.716091       1 flags.go:64] FLAG: --unsupported-kube-api-over-localhost="false"
2026-01-28T09:42:37.716130193Z I0128 09:42:37.716117       1 flags.go:64] FLAG: --v="2"
2026-01-28T09:42:37.716157945Z I0128 09:42:37.716145       1 flags.go:64] FLAG: --version="false"
2026-01-28T09:42:37.716184456Z I0128 09:42:37.716172       1 flags.go:64] FLAG: --vmodule=""
2026-01-28T09:42:37.716210487Z I0128 09:42:37.716199       1 flags.go:64] FLAG: --write-config-to=""
2026-01-28T09:42:37.716858819Z W0128 09:42:37.716841       1 feature_gate.go:328] unrecognized feature gate: SignatureStores
2026-01-28T09:42:37.716895371Z W0128 09:42:37.716883       1 feature_gate.go:328] unrecognized feature gate: ExternalOIDC
2026-01-28T09:42:37.716923493Z W0128 09:42:37.716913       1 feature_gate.go:328] unrecognized feature gate: AWSServiceLBNetworkSecurityGroup
2026-01-28T09:42:37.716958235Z W0128 09:42:37.716948       1 feature_gate.go:328] unrecognized feature gate: GCPClusterHostedDNSInstall
2026-01-28T09:42:37.716981216Z W0128 09:42:37.716971       1 feature_gate.go:328] unrecognized feature gate: AdditionalRoutingCapabilities
2026-01-28T09:42:37.717013887Z W0128 09:42:37.717003       1 feature_gate.go:328] unrecognized feature gate: MixedCPUsAllocation
2026-01-28T09:42:37.717063020Z W0128 09:42:37.717051       1 feature_gate.go:328] unrecognized feature gate: KMSEncryptionProvider
2026-01-28T09:42:37.717091201Z W0128 09:42:37.717081       1 feature_gate.go:328] unrecognized feature gate: NoRegistryClusterOperations
2026-01-28T09:42:37.717113632Z W0128 09:42:37.717104       1 feature_gate.go:328] unrecognized feature gate: MachineConfigNodes
2026-01-28T09:42:37.717137504Z W0128 09:42:37.717128       1 feature_gate.go:328] unrecognized feature gate: NetworkSegmentation
2026-01-28T09:42:37.717159194Z W0128 09:42:37.717150       1 feature_gate.go:328] unrecognized feature gate: Example
2026-01-28T09:42:37.717181896Z W0128 09:42:37.717173       1 feature_gate.go:328] unrecognized feature gate: ExternalSnapshotMetadata
2026-01-28T09:42:37.717205487Z W0128 09:42:37.717195       1 feature_gate.go:328] unrecognized feature gate: VSphereMultiNetworks
2026-01-28T09:42:37.717229538Z W0128 09:42:37.717220       1 feature_gate.go:328] unrecognized feature gate: ManagedBootImagesvSphere
2026-01-28T09:42:37.717281691Z W0128 09:42:37.717244       1 feature_gate.go:328] unrecognized feature gate: ImageStreamImportMode
2026-01-28T09:42:37.717312012Z W0128 09:42:37.717301       1 feature_gate.go:328] unrecognized feature gate: ManagedBootImagesAWS
2026-01-28T09:42:37.717335593Z W0128 09:42:37.717326       1 feature_gate.go:328] unrecognized feature gate: ClusterAPIInstall
2026-01-28T09:42:37.717358155Z W0128 09:42:37.717348       1 feature_gate.go:328] unrecognized feature gate: NewOLMPreflightPermissionChecks
2026-01-28T09:42:37.717384036Z W0128 09:42:37.717374       1 feature_gate.go:328] unrecognized feature gate: VSphereConfigurableMaxAllowedBlockVolumesPerNode
2026-01-28T09:42:37.717407897Z W0128 09:42:37.717398       1 feature_gate.go:328] unrecognized feature gate: IrreconcilableMachineConfig
2026-01-28T09:42:37.717430568Z W0128 09:42:37.717421       1 feature_gate.go:328] unrecognized feature gate: AWSClusterHostedDNSInstall
2026-01-28T09:42:37.717454189Z W0128 09:42:37.717444       1 feature_gate.go:328] unrecognized feature gate: ManagedBootImages
2026-01-28T09:42:37.717476560Z W0128 09:42:37.717467       1 feature_gate.go:328] unrecognized feature gate: AdminNetworkPolicy
2026-01-28T09:42:37.717497351Z W0128 09:42:37.717489       1 feature_gate.go:328] unrecognized feature gate: NewOLMCatalogdAPIV1Metas
2026-01-28T09:42:37.717518022Z W0128 09:42:37.717509       1 feature_gate.go:328] unrecognized feature gate: GCPCustomAPIEndpointsInstall
2026-01-28T09:42:37.717540224Z W0128 09:42:37.717531       1 feature_gate.go:328] unrecognized feature gate: AzureDedicatedHosts
2026-01-28T09:42:37.717562254Z W0128 09:42:37.717553       1 feature_gate.go:328] unrecognized feature gate: NutanixMultiSubnets
2026-01-28T09:42:37.717584306Z W0128 09:42:37.717575       1 feature_gate.go:328] unrecognized feature gate: GatewayAPI
2026-01-28T09:42:37.717605977Z W0128 09:42:37.717597       1 feature_gate.go:328] unrecognized feature gate: IngressControllerDynamicConfigurationManager
2026-01-28T09:42:37.717629738Z W0128 09:42:37.717620       1 feature_gate.go:328] unrecognized feature gate: NewOLM
2026-01-28T09:42:37.717650199Z W0128 09:42:37.717642       1 feature_gate.go:328] unrecognized feature gate: NewOLMOwnSingleNamespace
2026-01-28T09:42:37.717670080Z W0128 09:42:37.717662       1 feature_gate.go:328] unrecognized feature gate: PinnedImages
2026-01-28T09:42:37.717691671Z W0128 09:42:37.717682       1 feature_gate.go:328] unrecognized feature gate: ClusterVersionOperatorConfiguration
2026-01-28T09:42:37.717722842Z W0128 09:42:37.717713       1 feature_gate.go:328] unrecognized feature gate: ClusterAPIInstallIBMCloud
2026-01-28T09:42:37.717746384Z W0128 09:42:37.717737       1 feature_gate.go:328] unrecognized feature gate: EtcdBackendQuota
2026-01-28T09:42:37.717769235Z W0128 09:42:37.717760       1 feature_gate.go:328] unrecognized feature gate: AzureWorkloadIdentity
2026-01-28T09:42:37.717793236Z W0128 09:42:37.717783       1 feature_gate.go:328] unrecognized feature gate: MachineAPIOperatorDisableMachineHealthCheckController
2026-01-28T09:42:37.717817007Z W0128 09:42:37.717807       1 feature_gate.go:328] unrecognized feature gate: NetworkLiveMigration
2026-01-28T09:42:37.717838438Z W0128 09:42:37.717830       1 feature_gate.go:328] unrecognized feature gate: VSphereMixedNodeEnv
2026-01-28T09:42:37.717859789Z W0128 09:42:37.717850       1 feature_gate.go:328] unrecognized feature gate: InsightsConfigAPI
2026-01-28T09:42:37.717882481Z W0128 09:42:37.717873       1 feature_gate.go:328] unrecognized feature gate: SigstoreImageVerificationPKI
2026-01-28T09:42:37.717904282Z W0128 09:42:37.717895       1 feature_gate.go:328] unrecognized feature gate: ExternalOIDCWithUIDAndExtraClaimMappings
2026-01-28T09:42:37.717926243Z W0128 09:42:37.717917       1 feature_gate.go:328] unrecognized feature gate: BootImageSkewEnforcement
2026-01-28T09:42:37.717950524Z W0128 09:42:37.717940       1 feature_gate.go:328] unrecognized feature gate: CPMSMachineNamePrefix
2026-01-28T09:42:37.717973935Z W0128 09:42:37.717965       1 feature_gate.go:328] unrecognized feature gate: DNSNameResolver
2026-01-28T09:42:37.718008387Z W0128 09:42:37.717986       1 feature_gate.go:328] unrecognized feature gate: OpenShiftPodSecurityAdmission
2026-01-28T09:42:37.718048249Z W0128 09:42:37.718037       1 feature_gate.go:328] unrecognized feature gate: InsightsOnDemandDataGather
2026-01-28T09:42:37.718079480Z W0128 09:42:37.718069       1 feature_gate.go:328] unrecognized feature gate: MultiArchInstallAzure
2026-01-28T09:42:37.718104061Z W0128 09:42:37.718093       1 feature_gate.go:328] unrecognized feature gate: SigstoreImageVerification
2026-01-28T09:42:37.718128913Z W0128 09:42:37.718118       1 feature_gate.go:328] unrecognized feature gate: VSphereMultiDisk
2026-01-28T09:42:37.718153644Z W0128 09:42:37.718144       1 feature_gate.go:328] unrecognized feature gate: AlibabaPlatform
2026-01-28T09:42:37.718178185Z W0128 09:42:37.718168       1 feature_gate.go:328] unrecognized feature gate: AzureClusterHostedDNSInstall
2026-01-28T09:42:37.718202937Z W0128 09:42:37.718192       1 feature_gate.go:328] unrecognized feature gate: MultiDiskSetup
2026-01-28T09:42:37.718228618Z W0128 09:42:37.718218       1 feature_gate.go:328] unrecognized feature gate: GatewayAPIController
2026-01-28T09:42:37.718253379Z W0128 09:42:37.718243       1 feature_gate.go:328] unrecognized feature gate: VolumeGroupSnapshot
2026-01-28T09:42:37.718307322Z W0128 09:42:37.718295       1 feature_gate.go:328] unrecognized feature gate: AWSClusterHostedDNS
2026-01-28T09:42:37.718334573Z W0128 09:42:37.718324       1 feature_gate.go:328] unrecognized feature gate: ImageModeStatusReporting
2026-01-28T09:42:37.718366495Z W0128 09:42:37.718356       1 feature_gate.go:328] unrecognized feature gate: VSphereHostVMGroupZonal
2026-01-28T09:42:37.718392796Z W0128 09:42:37.718382       1 feature_gate.go:328] unrecognized feature gate: NetworkDiagnosticsConfig
2026-01-28T09:42:37.718416937Z W0128 09:42:37.718407       1 feature_gate.go:328] unrecognized feature gate: GCPClusterHostedDNS
2026-01-28T09:42:37.718447719Z W0128 09:42:37.718437       1 feature_gate.go:328] unrecognized feature gate: MetricsCollectionProfiles
2026-01-28T09:42:37.718474140Z W0128 09:42:37.718464       1 feature_gate.go:328] unrecognized feature gate: RouteAdvertisements
2026-01-28T09:42:37.718498921Z W0128 09:42:37.718489       1 feature_gate.go:328] unrecognized feature gate: GCPCustomAPIEndpoints
2026-01-28T09:42:37.718525133Z W0128 09:42:37.718515       1 feature_gate.go:351] Setting GA feature gate ServiceAccountTokenNodeBinding=true. It will be removed in a future release.
2026-01-28T09:42:37.718549954Z W0128 09:42:37.718540       1 feature_gate.go:328] unrecognized feature gate: ShortCertRotation
2026-01-28T09:42:37.718574945Z W0128 09:42:37.718565       1 feature_gate.go:328] unrecognized feature gate: OVNObservability
2026-01-28T09:42:37.718599556Z W0128 09:42:37.718589       1 feature_gate.go:328] unrecognized feature gate: PreconfiguredUDNAddresses
2026-01-28T09:42:37.718636108Z W0128 09:42:37.718625       1 feature_gate.go:328] unrecognized feature gate: ConsolePluginContentSecurityPolicy
2026-01-28T09:42:37.718661039Z W0128 09:42:37.718651       1 feature_gate.go:328] unrecognized feature gate: DyanmicServiceEndpointIBMCloud
2026-01-28T09:42:37.718684590Z W0128 09:42:37.718675       1 feature_gate.go:328] unrecognized feature gate: AutomatedEtcdBackup
2026-01-28T09:42:37.718707642Z W0128 09:42:37.718698       1 feature_gate.go:328] unrecognized feature gate: MachineAPIMigration
2026-01-28T09:42:37.718735793Z W0128 09:42:37.718725       1 feature_gate.go:328] unrecognized feature gate: Example2
2026-01-28T09:42:37.718759654Z W0128 09:42:37.718750       1 feature_gate.go:328] unrecognized feature gate: UpgradeStatus
2026-01-28T09:42:37.718784355Z W0128 09:42:37.718774       1 feature_gate.go:328] unrecognized feature gate: BuildCSIVolumes
2026-01-28T09:42:37.718810007Z W0128 09:42:37.718800       1 feature_gate.go:328] unrecognized feature gate: IngressControllerLBSubnetsAWS
2026-01-28T09:42:37.718835828Z W0128 09:42:37.718825       1 feature_gate.go:328] unrecognized feature gate: BootcNodeManagement
2026-01-28T09:42:37.718859609Z W0128 09:42:37.718851       1 feature_gate.go:328] unrecognized feature gate: ManagedBootImagesAzure
2026-01-28T09:42:37.718882400Z W0128 09:42:37.718873       1 feature_gate.go:328] unrecognized feature gate: InsightsConfig
2026-01-28T09:42:37.718905861Z W0128 09:42:37.718896       1 feature_gate.go:328] unrecognized feature gate: SetEIPForNLBIngressController
2026-01-28T09:42:37.718928663Z W0128 09:42:37.718919       1 feature_gate.go:328] unrecognized feature gate: AzureMultiDisk
2026-01-28T09:42:37.718951124Z W0128 09:42:37.718942       1 feature_gate.go:328] unrecognized feature gate: HighlyAvailableArbiter
2026-01-28T09:42:37.718974435Z W0128 09:42:37.718965       1 feature_gate.go:328] unrecognized feature gate: NewOLMWebhookProviderOpenshiftServiceCA
2026-01-28T09:42:37.718999126Z W0128 09:42:37.718989       1 feature_gate.go:328] unrecognized feature gate: ClusterMonitoringConfig
2026-01-28T09:42:37.719125132Z W0128 09:42:37.719108       1 feature_gate.go:328] unrecognized feature gate: AWSDedicatedHosts
2026-01-28T09:42:37.719165174Z W0128 09:42:37.719152       1 feature_gate.go:349] Setting deprecated feature gate KMSv1=true. It will be removed in a future release.
2026-01-28T09:42:37.719193956Z W0128 09:42:37.719183       1 feature_gate.go:328] unrecognized feature gate: DualReplica
2026-01-28T09:42:37.721708481Z I0128 09:42:37.721686       1 dynamic_serving_content.go:116] "Loaded a new cert/key pair" name="serving-cert::/etc/kubernetes/static-pod-resources/secrets/serving-cert/tls.crt::/etc/kubernetes/static-pod-resources/secrets/serving-cert/tls.key"
2026-01-28T09:42:38.212241588Z I0128 09:42:38.212198       1 requestheader_controller.go:255] Loaded a new request header values for RequestHeaderAuthRequestController
2026-01-28T09:42:38.246398299Z I0128 09:42:38.246289       1 framework.go:399] "the scheduler starts to work with those plugins" Plugins={"PreEnqueue":{"Enabled":[{"Name":"SchedulingGates","Weight":0},{"Name":"DefaultPreemption","Weight":0}],"Disabled":null},"QueueSort":{"Enabled":[{"Name":"PrioritySort","Weight":0}],"Disabled":null},"PreFilter":{"Enabled":[{"Name":"NodeAffinity","Weight":0},{"Name":"NodePorts","Weight":0},{"Name":"NodeResourcesFit","Weight":0},{"Name":"VolumeRestrictions","Weight":0},{"Name":"NodeVolumeLimits","Weight":0},{"Name":"VolumeBinding","Weight":0},{"Name":"VolumeZone","Weight":0},{"Name":"PodTopologySpread","Weight":0},{"Name":"InterPodAffinity","Weight":0}],"Disabled":null},"Filter":{"Enabled":[{"Name":"NodeUnschedulable","Weight":0},{"Name":"NodeName","Weight":0},{"Name":"TaintToleration","Weight":0},{"Name":"NodeAffinity","Weight":0},{"Name":"NodePorts","Weight":0},{"Name":"NodeResourcesFit","Weight":0},{"Name":"VolumeRestrictions","Weight":0},{"Name":"NodeVolumeLimits","Weight":0},{"Name":"VolumeBinding","Weight":0},{"Name":"VolumeZone","Weight":0},{"Name":"PodTopologySpread","Weight":0},{"Name":"InterPodAffinity","Weight":0}],"Disabled":null},"PostFilter":{"Enabled":[{"Name":"DefaultPreemption","Weight":0}],"Disabled":null},"PreScore":{"Enabled":[{"Name":"TaintToleration","Weight":0},{"Name":"NodeAffinity","Weight":0},{"Name":"NodeResourcesFit","Weight":0},{"Name":"VolumeBinding","Weight":0},{"Name":"PodTopologySpread","Weight":0},{"Name":"InterPodAffinity","Weight":0},{"Name":"NodeResourcesBalancedAllocation","Weight":0}],"Disabled":null},"Score":{"Enabled":[{"Name":"TaintToleration","Weight":3},{"Name":"NodeAffinity","Weight":2},{"Name":"NodeResourcesFit","Weight":1},{"Name":"VolumeBinding","Weight":1},{"Name":"PodTopologySpread","Weight":2},{"Name":"InterPodAffinity","Weight":2},{"Name":"NodeResourcesBalancedAllocation","Weight":1},{"Name":"ImageLocality","Weight":1}],"Disabled":null},"Reserve":{"Enabled":[{"Name":"VolumeBinding","Weight":0}],"Disabled":null},"Permit":{"Enabled":null,"Disabled":null},"PreBind":{"Enabled":[{"Name":"VolumeBinding","Weight":0}],"Disabled":null},"Bind":{"Enabled":[{"Name":"DefaultBinder","Weight":0}],"Disabled":null},"PostBind":{"Enabled":null,"Disabled":null},"MultiPoint":{"Enabled":null,"Disabled":null}}
2026-01-28T09:42:38.248551437Z I0128 09:42:38.248516       1 configfile.go:94] "Using component config" config=<
2026-01-28T09:42:38.248551437Z 	apiVersion: kubescheduler.config.k8s.io/v1
2026-01-28T09:42:38.248551437Z 	clientConnection:
2026-01-28T09:42:38.248551437Z 	  acceptContentTypes: ""
2026-01-28T09:42:38.248551437Z 	  burst: 100
2026-01-28T09:42:38.248551437Z 	  contentType: application/vnd.kubernetes.protobuf
2026-01-28T09:42:38.248551437Z 	  kubeconfig: /etc/kubernetes/static-pod-resources/configmaps/scheduler-kubeconfig/kubeconfig
2026-01-28T09:42:38.248551437Z 	  qps: 50
2026-01-28T09:42:38.248551437Z 	enableContentionProfiling: false
2026-01-28T09:42:38.248551437Z 	enableProfiling: false
2026-01-28T09:42:38.248551437Z 	kind: KubeSchedulerConfiguration
2026-01-28T09:42:38.248551437Z 	leaderElection:
2026-01-28T09:42:38.248551437Z 	  leaderElect: true
2026-01-28T09:42:38.248551437Z 	  leaseDuration: 2m17s
2026-01-28T09:42:38.248551437Z 	  renewDeadline: 1m47s
2026-01-28T09:42:38.248551437Z 	  resourceLock: leases
2026-01-28T09:42:38.248551437Z 	  resourceName: kube-scheduler
2026-01-28T09:42:38.248551437Z 	  resourceNamespace: openshift-kube-scheduler
2026-01-28T09:42:38.248551437Z 	  retryPeriod: 26s
2026-01-28T09:42:38.248551437Z 	parallelism: 16
2026-01-28T09:42:38.248551437Z 	percentageOfNodesToScore: 0
2026-01-28T09:42:38.248551437Z 	podInitialBackoffSeconds: 1
2026-01-28T09:42:38.248551437Z 	podMaxBackoffSeconds: 10
2026-01-28T09:42:38.248551437Z 	profiles:
2026-01-28T09:42:38.248551437Z 	- pluginConfig:
2026-01-28T09:42:38.248551437Z 	  - args:
2026-01-28T09:42:38.248551437Z 	      apiVersion: kubescheduler.config.k8s.io/v1
2026-01-28T09:42:38.248551437Z 	      kind: DefaultPreemptionArgs
2026-01-28T09:42:38.248551437Z 	      minCandidateNodesAbsolute: 100
2026-01-28T09:42:38.248551437Z 	      minCandidateNodesPercentage: 10
2026-01-28T09:42:38.248551437Z 	    name: DefaultPreemption
2026-01-28T09:42:38.248551437Z 	  - args:
2026-01-28T09:42:38.248551437Z 	      apiVersion: kubescheduler.config.k8s.io/v1
2026-01-28T09:42:38.248551437Z 	      hardPodAffinityWeight: 1
2026-01-28T09:42:38.248551437Z 	      ignorePreferredTermsOfExistingPods: false
2026-01-28T09:42:38.248551437Z 	      kind: InterPodAffinityArgs
2026-01-28T09:42:38.248551437Z 	    name: InterPodAffinity
2026-01-28T09:42:38.248551437Z 	  - args:
2026-01-28T09:42:38.248551437Z 	      apiVersion: kubescheduler.config.k8s.io/v1
2026-01-28T09:42:38.248551437Z 	      kind: NodeAffinityArgs
2026-01-28T09:42:38.248551437Z 	    name: NodeAffinity
2026-01-28T09:42:38.248551437Z 	  - args:
2026-01-28T09:42:38.248551437Z 	      apiVersion: kubescheduler.config.k8s.io/v1
2026-01-28T09:42:38.248551437Z 	      kind: NodeResourcesBalancedAllocationArgs
2026-01-28T09:42:38.248551437Z 	      resources:
2026-01-28T09:42:38.248551437Z 	      - name: cpu
2026-01-28T09:42:38.248551437Z 	        weight: 1
2026-01-28T09:42:38.248551437Z 	      - name: memory
2026-01-28T09:42:38.248551437Z 	        weight: 1
2026-01-28T09:42:38.248551437Z 	    name: NodeResourcesBalancedAllocation
2026-01-28T09:42:38.248551437Z 	  - args:
2026-01-28T09:42:38.248551437Z 	      apiVersion: kubescheduler.config.k8s.io/v1
2026-01-28T09:42:38.248551437Z 	      kind: NodeResourcesFitArgs
2026-01-28T09:42:38.248551437Z 	      scoringStrategy:
2026-01-28T09:42:38.248551437Z 	        resources:
2026-01-28T09:42:38.248551437Z 	        - name: cpu
2026-01-28T09:42:38.248551437Z 	          weight: 1
2026-01-28T09:42:38.248551437Z 	        - name: memory
2026-01-28T09:42:38.248551437Z 	          weight: 1
2026-01-28T09:42:38.248551437Z 	        type: LeastAllocated
2026-01-28T09:42:38.248551437Z 	    name: NodeResourcesFit
2026-01-28T09:42:38.248551437Z 	  - args:
2026-01-28T09:42:38.248551437Z 	      apiVersion: kubescheduler.config.k8s.io/v1
2026-01-28T09:42:38.248551437Z 	      defaultingType: System
2026-01-28T09:42:38.248551437Z 	      kind: PodTopologySpreadArgs
2026-01-28T09:42:38.248551437Z 	    name: PodTopologySpread
2026-01-28T09:42:38.248551437Z 	  - args:
2026-01-28T09:42:38.248551437Z 	      apiVersion: kubescheduler.config.k8s.io/v1
2026-01-28T09:42:38.248551437Z 	      bindTimeoutSeconds: 600
2026-01-28T09:42:38.248551437Z 	      kind: VolumeBindingArgs
2026-01-28T09:42:38.248551437Z 	    name: VolumeBinding
2026-01-28T09:42:38.248551437Z 	  plugins:
2026-01-28T09:42:38.248551437Z 	    bind: {}
2026-01-28T09:42:38.248551437Z 	    filter: {}
2026-01-28T09:42:38.248551437Z 	    multiPoint:
2026-01-28T09:42:38.248551437Z 	      enabled:
2026-01-28T09:42:38.248551437Z 	      - name: SchedulingGates
2026-01-28T09:42:38.248551437Z 	        weight: 0
2026-01-28T09:42:38.248551437Z 	      - name: PrioritySort
2026-01-28T09:42:38.248551437Z 	        weight: 0
2026-01-28T09:42:38.248551437Z 	      - name: NodeUnschedulable
2026-01-28T09:42:38.248551437Z 	        weight: 0
2026-01-28T09:42:38.248551437Z 	      - name: NodeName
2026-01-28T09:42:38.248551437Z 	        weight: 0
2026-01-28T09:42:38.248551437Z 	      - name: TaintToleration
2026-01-28T09:42:38.248551437Z 	        weight: 3
2026-01-28T09:42:38.248551437Z 	      - name: NodeAffinity
2026-01-28T09:42:38.248551437Z 	        weight: 2
2026-01-28T09:42:38.248551437Z 	      - name: NodePorts
2026-01-28T09:42:38.248551437Z 	        weight: 0
2026-01-28T09:42:38.248551437Z 	      - name: NodeResourcesFit
2026-01-28T09:42:38.248551437Z 	        weight: 1
2026-01-28T09:42:38.248551437Z 	      - name: VolumeRestrictions
2026-01-28T09:42:38.248551437Z 	        weight: 0
2026-01-28T09:42:38.248551437Z 	      - name: NodeVolumeLimits
2026-01-28T09:42:38.248551437Z 	        weight: 0
2026-01-28T09:42:38.248551437Z 	      - name: VolumeBinding
2026-01-28T09:42:38.248551437Z 	        weight: 0
2026-01-28T09:42:38.248551437Z 	      - name: VolumeZone
2026-01-28T09:42:38.248551437Z 	        weight: 0
2026-01-28T09:42:38.248551437Z 	      - name: PodTopologySpread
2026-01-28T09:42:38.248551437Z 	        weight: 2
2026-01-28T09:42:38.248551437Z 	      - name: InterPodAffinity
2026-01-28T09:42:38.248551437Z 	        weight: 2
2026-01-28T09:42:38.248551437Z 	      - name: DefaultPreemption
2026-01-28T09:42:38.248551437Z 	        weight: 0
2026-01-28T09:42:38.248551437Z 	      - name: NodeResourcesBalancedAllocation
2026-01-28T09:42:38.248551437Z 	        weight: 1
2026-01-28T09:42:38.248551437Z 	      - name: ImageLocality
2026-01-28T09:42:38.248551437Z 	        weight: 1
2026-01-28T09:42:38.248551437Z 	      - name: DefaultBinder
2026-01-28T09:42:38.248551437Z 	        weight: 0
2026-01-28T09:42:38.248551437Z 	    permit: {}
2026-01-28T09:42:38.248551437Z 	    postBind: {}
2026-01-28T09:42:38.248551437Z 	    postFilter: {}
2026-01-28T09:42:38.248551437Z 	    preBind: {}
2026-01-28T09:42:38.248551437Z 	    preEnqueue: {}
2026-01-28T09:42:38.248551437Z 	    preFilter: {}
2026-01-28T09:42:38.248551437Z 	    preScore: {}
2026-01-28T09:42:38.248551437Z 	    queueSort: {}
2026-01-28T09:42:38.248551437Z 	    reserve: {}
2026-01-28T09:42:38.248551437Z 	    score: {}
2026-01-28T09:42:38.248551437Z 	  schedulerName: default-scheduler
2026-01-28T09:42:38.248551437Z  >
2026-01-28T09:42:38.250155877Z I0128 09:42:38.250135       1 server.go:176] "Starting Kubernetes Scheduler" version="v1.33.6"
2026-01-28T09:42:38.250192968Z I0128 09:42:38.250181       1 server.go:178] "Golang settings" GOGC="" GOMAXPROCS="" GOTRACEBACK=""
2026-01-28T09:42:38.254485042Z I0128 09:42:38.254442       1 requestheader_controller.go:180] Starting RequestHeaderAuthRequestController
2026-01-28T09:42:38.254607578Z I0128 09:42:38.254595       1 shared_informer.go:350] "Waiting for caches to sync" controller="RequestHeaderAuthRequestController"
2026-01-28T09:42:38.254892142Z I0128 09:42:38.254533       1 configmap_cafile_content.go:205] "Starting controller" name="client-ca::kube-system::extension-apiserver-authentication::requestheader-client-ca-file"
2026-01-28T09:42:38.254965386Z I0128 09:42:38.254564       1 configmap_cafile_content.go:205] "Starting controller" name="client-ca::kube-system::extension-apiserver-authentication::client-ca-file"
2026-01-28T09:42:38.254978457Z I0128 09:42:38.254961       1 shared_informer.go:350] "Waiting for caches to sync" controller="client-ca::kube-system::extension-apiserver-authentication::client-ca-file"
2026-01-28T09:42:38.254978457Z I0128 09:42:38.254903       1 dynamic_serving_content.go:135] "Starting controller" name="serving-cert::/etc/kubernetes/static-pod-resources/secrets/serving-cert/tls.crt::/etc/kubernetes/static-pod-resources/secrets/serving-cert/tls.key"
2026-01-28T09:42:38.255011518Z I0128 09:42:38.254947       1 shared_informer.go:350] "Waiting for caches to sync" controller="client-ca::kube-system::extension-apiserver-authentication::requestheader-client-ca-file"
2026-01-28T09:42:38.255344045Z I0128 09:42:38.254871       1 tlsconfig.go:203] "Loaded serving cert" certName="serving-cert::/etc/kubernetes/static-pod-resources/secrets/serving-cert/tls.crt::/etc/kubernetes/static-pod-resources/secrets/serving-cert/tls.key" certDetail="\"scheduler.openshift-kube-scheduler.svc\" [serving] validServingFor=[scheduler.openshift-kube-scheduler.svc,scheduler.openshift-kube-scheduler.svc.cluster.local] issuer=\"openshift-service-serving-signer@1769592635\" (2026-01-28 09:30:55 +0000 UTC to 2028-01-28 09:30:56 +0000 UTC (now=2026-01-28 09:42:38.254809748 +0000 UTC))"
2026-01-28T09:42:38.255671481Z I0128 09:42:38.255593       1 named_certificates.go:53] "Loaded SNI cert" index=0 certName="self-signed loopback" certDetail="\"apiserver-loopback-client@1769593358\" [serving] validServingFor=[apiserver-loopback-client] issuer=\"apiserver-loopback-client-ca@1769593358\" (2026-01-28 08:42:37 +0000 UTC to 2029-01-28 08:42:37 +0000 UTC (now=2026-01-28 09:42:38.255573206 +0000 UTC))"
2026-01-28T09:42:38.255746825Z I0128 09:42:38.255727       1 secure_serving.go:211] Serving securely on [::]:10259
2026-01-28T09:42:38.255883912Z I0128 09:42:38.255857       1 tlsconfig.go:243] "Starting DynamicServingCertificateController"
2026-01-28T09:42:38.258662710Z I0128 09:42:38.258641       1 reflector.go:430] "Caches populated" type="*v1.ConfigMap" reflector="runtime/asm_amd64.s:1700"
2026-01-28T09:42:38.264094421Z I0128 09:42:38.259505       1 reflector.go:430] "Caches populated" type="*v1.ConfigMap" reflector="runtime/asm_amd64.s:1700"
2026-01-28T09:42:38.266819607Z I0128 09:42:38.266087       1 reflector.go:430] "Caches populated" type="*v1.CSIStorageCapacity" reflector="k8s.io/client-go/informers/factory.go:160"
2026-01-28T09:42:38.266819607Z I0128 09:42:38.266117       1 reflector.go:430] "Caches populated" type="*v1.StorageClass" reflector="k8s.io/client-go/informers/factory.go:160"
2026-01-28T09:42:38.268304761Z I0128 09:42:38.268271       1 reflector.go:430] "Caches populated" type="*v1.ConfigMap" reflector="runtime/asm_amd64.s:1700"
2026-01-28T09:42:38.268855588Z I0128 09:42:38.268833       1 reflector.go:430] "Caches populated" type="*v1.CSINode" reflector="k8s.io/client-go/informers/factory.go:160"
2026-01-28T09:42:38.269850058Z I0128 09:42:38.269826       1 reflector.go:430] "Caches populated" type="*v1.VolumeAttachment" reflector="k8s.io/client-go/informers/factory.go:160"
2026-01-28T09:42:38.270129832Z I0128 09:42:38.270095       1 reflector.go:430] "Caches populated" type="*v1.ReplicationController" reflector="k8s.io/client-go/informers/factory.go:160"
2026-01-28T09:42:38.270257518Z I0128 09:42:38.270223       1 reflector.go:430] "Caches populated" type="*v1.StatefulSet" reflector="k8s.io/client-go/informers/factory.go:160"
2026-01-28T09:42:38.278824094Z I0128 09:42:38.270350       1 reflector.go:430] "Caches populated" type="*v1.PersistentVolumeClaim" reflector="k8s.io/client-go/informers/factory.go:160"
2026-01-28T09:42:38.278824094Z I0128 09:42:38.270408       1 reflector.go:430] "Caches populated" type="*v1.CSIDriver" reflector="k8s.io/client-go/informers/factory.go:160"
2026-01-28T09:42:38.278824094Z I0128 09:42:38.273143       1 reflector.go:430] "Caches populated" type="*v1.Node" reflector="k8s.io/client-go/informers/factory.go:160"
2026-01-28T09:42:38.278824094Z I0128 09:42:38.274088       1 reflector.go:430] "Caches populated" type="*v1.Namespace" reflector="k8s.io/client-go/informers/factory.go:160"
2026-01-28T09:42:38.278824094Z I0128 09:42:38.274211       1 node_tree.go:65] "Added node to NodeTree" node="ip-10-0-101-165.us-west-1.compute.internal" zone="us-west-1:\x00:us-west-1c"
2026-01-28T09:42:38.278824094Z I0128 09:42:38.274258       1 node_tree.go:65] "Added node to NodeTree" node="ip-10-0-102-200.us-west-1.compute.internal" zone="us-west-1:\x00:us-west-1c"
2026-01-28T09:42:38.278824094Z I0128 09:42:38.274314       1 node_tree.go:65] "Added node to NodeTree" node="ip-10-0-108-54.us-west-1.compute.internal" zone="us-west-1:\x00:us-west-1c"
2026-01-28T09:42:38.278824094Z I0128 09:42:38.274355       1 node_tree.go:65] "Added node to NodeTree" node="ip-10-0-22-208.us-west-1.compute.internal" zone="us-west-1:\x00:us-west-1a"
2026-01-28T09:42:38.278824094Z I0128 09:42:38.274372       1 node_tree.go:65] "Added node to NodeTree" node="ip-10-0-3-203.us-west-1.compute.internal" zone="us-west-1:\x00:us-west-1a"
2026-01-28T09:42:38.278824094Z I0128 09:42:38.274426       1 node_tree.go:65] "Added node to NodeTree" node="ip-10-0-78-215.us-west-1.compute.internal" zone="us-west-1:\x00:us-west-1c"
2026-01-28T09:42:38.278824094Z I0128 09:42:38.274999       1 reflector.go:430] "Caches populated" type="*v1.PodDisruptionBudget" reflector="k8s.io/client-go/informers/factory.go:160"
2026-01-28T09:42:38.286361330Z I0128 09:42:38.286329       1 reflector.go:430] "Caches populated" type="*v1.PersistentVolume" reflector="k8s.io/client-go/informers/factory.go:160"
2026-01-28T09:42:38.287330878Z I0128 09:42:38.287295       1 reflector.go:430] "Caches populated" type="*v1.Service" reflector="k8s.io/client-go/informers/factory.go:160"
2026-01-28T09:42:38.295603790Z I0128 09:42:38.295256       1 reflector.go:430] "Caches populated" type="*v1.ReplicaSet" reflector="k8s.io/client-go/informers/factory.go:160"
2026-01-28T09:42:38.308074982Z I0128 09:42:38.307980       1 reflector.go:430] "Caches populated" type="*v1.Pod" reflector="k8s.io/client-go/informers/factory.go:160"
2026-01-28T09:42:38.355727766Z I0128 09:42:38.355679       1 shared_informer.go:357] "Caches are synced" controller="RequestHeaderAuthRequestController"
2026-01-28T09:42:38.355836421Z I0128 09:42:38.355679       1 shared_informer.go:357] "Caches are synced" controller="client-ca::kube-system::extension-apiserver-authentication::client-ca-file"
2026-01-28T09:42:38.355890484Z I0128 09:42:38.355708       1 shared_informer.go:357] "Caches are synced" controller="client-ca::kube-system::extension-apiserver-authentication::requestheader-client-ca-file"
2026-01-28T09:42:38.356362307Z I0128 09:42:38.356315       1 tlsconfig.go:181] "Loaded client CA" index=0 certName="client-ca::kube-system::extension-apiserver-authentication::client-ca-file,client-ca::kube-system::extension-apiserver-authentication::requestheader-client-ca-file" certDetail="\"admin-kubeconfig-signer\" [] issuer=\"<self>\" (2026-01-28 09:13:02 +0000 UTC to 2036-01-26 09:13:02 +0000 UTC (now=2026-01-28 09:42:38.356295824 +0000 UTC))"
2026-01-28T09:42:38.356512225Z I0128 09:42:38.356491       1 tlsconfig.go:181] "Loaded client CA" index=1 certName="client-ca::kube-system::extension-apiserver-authentication::client-ca-file,client-ca::kube-system::extension-apiserver-authentication::requestheader-client-ca-file" certDetail="\"kubelet-signer\" [] issuer=\"<self>\" (2026-01-28 09:13:06 +0000 UTC to 2026-01-29 09:13:06 +0000 UTC (now=2026-01-28 09:42:38.356482133 +0000 UTC))"
2026-01-28T09:42:38.356642041Z I0128 09:42:38.356586       1 tlsconfig.go:181] "Loaded client CA" index=2 certName="client-ca::kube-system::extension-apiserver-authentication::client-ca-file,client-ca::kube-system::extension-apiserver-authentication::requestheader-client-ca-file" certDetail="\"kube-control-plane-signer\" [] issuer=\"<self>\" (2026-01-28 09:13:06 +0000 UTC to 2027-01-28 09:13:06 +0000 UTC (now=2026-01-28 09:42:38.356575708 +0000 UTC))"
2026-01-28T09:42:38.356642041Z I0128 09:42:38.356618       1 tlsconfig.go:181] "Loaded client CA" index=3 certName="client-ca::kube-system::extension-apiserver-authentication::client-ca-file,client-ca::kube-system::extension-apiserver-authentication::requestheader-client-ca-file" certDetail="\"kube-apiserver-to-kubelet-signer\" [] issuer=\"<self>\" (2026-01-28 09:13:07 +0000 UTC to 2027-01-28 09:13:07 +0000 UTC (now=2026-01-28 09:42:38.35661042 +0000 UTC))"
2026-01-28T09:42:38.356680083Z I0128 09:42:38.356638       1 tlsconfig.go:181] "Loaded client CA" index=4 certName="client-ca::kube-system::extension-apiserver-authentication::client-ca-file,client-ca::kube-system::extension-apiserver-authentication::requestheader-client-ca-file" certDetail="\"kubelet-bootstrap-kubeconfig-signer\" [] issuer=\"<self>\" (2026-01-28 09:13:03 +0000 UTC to 2036-01-26 09:13:03 +0000 UTC (now=2026-01-28 09:42:38.356631681 +0000 UTC))"
2026-01-28T09:42:38.356680083Z I0128 09:42:38.356650       1 tlsconfig.go:181] "Loaded client CA" index=5 certName="client-ca::kube-system::extension-apiserver-authentication::client-ca-file,client-ca::kube-system::extension-apiserver-authentication::requestheader-client-ca-file" certDetail="\"kube-csr-signer_@1769592636\" [] issuer=\"kubelet-signer\" (2026-01-28 09:30:35 +0000 UTC to 2026-01-29 09:13:06 +0000 UTC (now=2026-01-28 09:42:38.356647102 +0000 UTC))"
2026-01-28T09:42:38.356680083Z I0128 09:42:38.356660       1 tlsconfig.go:181] "Loaded client CA" index=6 certName="client-ca::kube-system::extension-apiserver-authentication::client-ca-file,client-ca::kube-system::extension-apiserver-authentication::requestheader-client-ca-file" certDetail="\"openshift-kube-apiserver-operator_node-system-admin-signer@1769592635\" [] issuer=\"<self>\" (2026-01-28 09:30:35 +0000 UTC to 2029-01-27 09:30:36 +0000 UTC (now=2026-01-28 09:42:38.356656162 +0000 UTC))"
2026-01-28T09:42:38.356877693Z I0128 09:42:38.356851       1 tlsconfig.go:203] "Loaded serving cert" certName="serving-cert::/etc/kubernetes/static-pod-resources/secrets/serving-cert/tls.crt::/etc/kubernetes/static-pod-resources/secrets/serving-cert/tls.key" certDetail="\"scheduler.openshift-kube-scheduler.svc\" [serving] validServingFor=[scheduler.openshift-kube-scheduler.svc,scheduler.openshift-kube-scheduler.svc.cluster.local] issuer=\"openshift-service-serving-signer@1769592635\" (2026-01-28 09:30:55 +0000 UTC to 2028-01-28 09:30:56 +0000 UTC (now=2026-01-28 09:42:38.356834811 +0000 UTC))"
2026-01-28T09:42:38.356915215Z I0128 09:42:38.356512       1 leaderelection.go:257] attempting to acquire leader lease openshift-kube-scheduler/kube-scheduler...
2026-01-28T09:42:38.357084633Z I0128 09:42:38.357058       1 named_certificates.go:53] "Loaded SNI cert" index=0 certName="self-signed loopback" certDetail="\"apiserver-loopback-client@1769593358\" [serving] validServingFor=[apiserver-loopback-client] issuer=\"apiserver-loopback-client-ca@1769593358\" (2026-01-28 08:42:37 +0000 UTC to 2029-01-28 08:42:37 +0000 UTC (now=2026-01-28 09:42:38.357048462 +0000 UTC))"
2026-01-28T09:42:38.357272803Z I0128 09:42:38.357244       1 tlsconfig.go:181] "Loaded client CA" index=0 certName="client-ca::kube-system::extension-apiserver-authentication::client-ca-file,client-ca::kube-system::extension-apiserver-authentication::requestheader-client-ca-file" certDetail="\"admin-kubeconfig-signer\" [] issuer=\"<self>\" (2026-01-28 09:13:02 +0000 UTC to 2036-01-26 09:13:02 +0000 UTC (now=2026-01-28 09:42:38.357235851 +0000 UTC))"
2026-01-28T09:42:38.357305184Z I0128 09:42:38.357272       1 tlsconfig.go:181] "Loaded client CA" index=1 certName="client-ca::kube-system::extension-apiserver-authentication::client-ca-file,client-ca::kube-system::extension-apiserver-authentication::requestheader-client-ca-file" certDetail="\"kubelet-signer\" [] issuer=\"<self>\" (2026-01-28 09:13:06 +0000 UTC to 2026-01-29 09:13:06 +0000 UTC (now=2026-01-28 09:42:38.357265782 +0000 UTC))"
2026-01-28T09:42:38.357305184Z I0128 09:42:38.357285       1 tlsconfig.go:181] "Loaded client CA" index=2 certName="client-ca::kube-system::extension-apiserver-authentication::client-ca-file,client-ca::kube-system::extension-apiserver-authentication::requestheader-client-ca-file" certDetail="\"kube-control-plane-signer\" [] issuer=\"<self>\" (2026-01-28 09:13:06 +0000 UTC to 2027-01-28 09:13:06 +0000 UTC (now=2026-01-28 09:42:38.357282313 +0000 UTC))"
2026-01-28T09:42:38.357305184Z I0128 09:42:38.357295       1 tlsconfig.go:181] "Loaded client CA" index=3 certName="client-ca::kube-system::extension-apiserver-authentication::client-ca-file,client-ca::kube-system::extension-apiserver-authentication::requestheader-client-ca-file" certDetail="\"kube-apiserver-to-kubelet-signer\" [] issuer=\"<self>\" (2026-01-28 09:13:07 +0000 UTC to 2027-01-28 09:13:07 +0000 UTC (now=2026-01-28 09:42:38.357292394 +0000 UTC))"
2026-01-28T09:42:38.357337606Z I0128 09:42:38.357312       1 tlsconfig.go:181] "Loaded client CA" index=4 certName="client-ca::kube-system::extension-apiserver-authentication::client-ca-file,client-ca::kube-system::extension-apiserver-authentication::requestheader-client-ca-file" certDetail="\"kubelet-bootstrap-kubeconfig-signer\" [] issuer=\"<self>\" (2026-01-28 09:13:03 +0000 UTC to 2036-01-26 09:13:03 +0000 UTC (now=2026-01-28 09:42:38.357306815 +0000 UTC))"
2026-01-28T09:42:38.357365847Z I0128 09:42:38.357345       1 tlsconfig.go:181] "Loaded client CA" index=5 certName="client-ca::kube-system::extension-apiserver-authentication::client-ca-file,client-ca::kube-system::extension-apiserver-authentication::requestheader-client-ca-file" certDetail="\"kube-csr-signer_@1769592636\" [] issuer=\"kubelet-signer\" (2026-01-28 09:30:35 +0000 UTC to 2026-01-29 09:13:06 +0000 UTC (now=2026-01-28 09:42:38.357338836 +0000 UTC))"
2026-01-28T09:42:38.357377588Z I0128 09:42:38.357365       1 tlsconfig.go:181] "Loaded client CA" index=6 certName="client-ca::kube-system::extension-apiserver-authentication::client-ca-file,client-ca::kube-system::extension-apiserver-authentication::requestheader-client-ca-file" certDetail="\"openshift-kube-apiserver-operator_node-system-admin-signer@1769592635\" [] issuer=\"<self>\" (2026-01-28 09:30:35 +0000 UTC to 2029-01-27 09:30:36 +0000 UTC (now=2026-01-28 09:42:38.357359537 +0000 UTC))"
2026-01-28T09:42:38.357432311Z I0128 09:42:38.357382       1 tlsconfig.go:181] "Loaded client CA" index=7 certName="client-ca::kube-system::extension-apiserver-authentication::client-ca-file,client-ca::kube-system::extension-apiserver-authentication::requestheader-client-ca-file" certDetail="\"aggregator-signer\" [] issuer=\"<self>\" (2026-01-28 09:13:04 +0000 UTC to 2026-01-29 09:13:04 +0000 UTC (now=2026-01-28 09:42:38.357377498 +0000 UTC))"
2026-01-28T09:42:38.357670622Z I0128 09:42:38.357643       1 tlsconfig.go:203] "Loaded serving cert" certName="serving-cert::/etc/kubernetes/static-pod-resources/secrets/serving-cert/tls.crt::/etc/kubernetes/static-pod-resources/secrets/serving-cert/tls.key" certDetail="\"scheduler.openshift-kube-scheduler.svc\" [serving] validServingFor=[scheduler.openshift-kube-scheduler.svc,scheduler.openshift-kube-scheduler.svc.cluster.local] issuer=\"openshift-service-serving-signer@1769592635\" (2026-01-28 09:30:55 +0000 UTC to 2028-01-28 09:30:56 +0000 UTC (now=2026-01-28 09:42:38.357631891 +0000 UTC))"
2026-01-28T09:42:38.357874433Z I0128 09:42:38.357850       1 named_certificates.go:53] "Loaded SNI cert" index=0 certName="self-signed loopback" certDetail="\"apiserver-loopback-client@1769593358\" [serving] validServingFor=[apiserver-loopback-client] issuer=\"apiserver-loopback-client-ca@1769593358\" (2026-01-28 08:42:37 +0000 UTC to 2029-01-28 08:42:37 +0000 UTC (now=2026-01-28 09:42:38.357840391 +0000 UTC))"
