2026-01-28T09:41:23.390487730Z 2026-01-28T09:41:23.390Z	INFO	operator.main	ingress-operator/start.go:76	using operator namespace	{"namespace": "openshift-ingress-operator"}
2026-01-28T09:41:23.407770520Z 2026-01-28T09:41:23.407Z	INFO	operator.init.KubeAPIWarningLogger	rest/warnings.go:144	v1 Endpoints is deprecated in v1.33+; use discovery.k8s.io/v1 EndpointSlice
2026-01-28T09:41:23.408147918Z 2026-01-28T09:41:23.408Z	INFO	operator.main	ingress-operator/start.go:76	registering Prometheus metrics for canary_controller
2026-01-28T09:41:23.408240012Z 2026-01-28T09:41:23.408Z	INFO	operator.main	ingress-operator/start.go:76	registering Prometheus metrics for ingress_controller
2026-01-28T09:41:23.408276024Z 2026-01-28T09:41:23.408Z	INFO	operator.main	ingress-operator/start.go:76	registering Prometheus metrics for route_metrics_controller
2026-01-28T09:41:23.408361329Z 2026-01-28T09:41:23.408Z	INFO	operator.init	runtime/asm_amd64.s:1700	starting metrics listener	{"addr": "127.0.0.1:60000"}
2026-01-28T09:41:23.408408821Z 2026-01-28T09:41:23.408Z	INFO	operator.main	ingress-operator/start.go:76	watching file	{"filename": "/etc/pki/ca-trust/extracted/pem/tls-ca-bundle.pem"}
2026-01-28T09:41:23.409185719Z I0128 09:41:23.409161       1 simple_featuregate_reader.go:171] Starting feature-gate-detector
2026-01-28T09:41:23.411189757Z 2026-01-28T09:41:23.411Z	INFO	operator.init	ingress-operator/start.go:218	FeatureGates initialized	{"knownFeatures": ["AWSClusterHostedDNS","AWSClusterHostedDNSInstall","AWSDedicatedHosts","AWSServiceLBNetworkSecurityGroup","AdditionalRoutingCapabilities","AdminNetworkPolicy","AlibabaPlatform","AutomatedEtcdBackup","AzureClusterHostedDNSInstall","AzureDedicatedHosts","AzureMultiDisk","AzureWorkloadIdentity","BootImageSkewEnforcement","BootcNodeManagement","BuildCSIVolumes","CPMSMachineNamePrefix","ClusterAPIInstall","ClusterAPIInstallIBMCloud","ClusterMonitoringConfig","ClusterVersionOperatorConfiguration","ConsolePluginContentSecurityPolicy","DNSNameResolver","DualReplica","DyanmicServiceEndpointIBMCloud","DynamicResourceAllocation","EtcdBackendQuota","EventedPLEG","Example","Example2","ExternalOIDC","ExternalOIDCWithUIDAndExtraClaimMappings","ExternalSnapshotMetadata","GCPClusterHostedDNS","GCPClusterHostedDNSInstall","GCPCustomAPIEndpoints","GCPCustomAPIEndpointsInstall","GatewayAPI","GatewayAPIController","HighlyAvailableArbiter","ImageModeStatusReporting","ImageStreamImportMode","ImageVolume","IngressControllerDynamicConfigurationManager","IngressControllerLBSubnetsAWS","InsightsConfig","InsightsConfigAPI","InsightsOnDemandDataGather","IrreconcilableMachineConfig","KMSEncryptionProvider","KMSv1","MachineAPIMigration","MachineAPIOperatorDisableMachineHealthCheckController","MachineConfigNodes","ManagedBootImages","ManagedBootImagesAWS","ManagedBootImagesAzure","ManagedBootImagesvSphere","MaxUnavailableStatefulSet","MetricsCollectionProfiles","MinimumKubeletVersion","MixedCPUsAllocation","MultiArchInstallAzure","MultiDiskSetup","MutatingAdmissionPolicy","NetworkDiagnosticsConfig","NetworkLiveMigration","NetworkSegmentation","NewOLM","NewOLMCatalogdAPIV1Metas","NewOLMOwnSingleNamespace","NewOLMPreflightPermissionChecks","NewOLMWebhookProviderOpenshiftServiceCA","NoRegistryClusterOperations","NodeSwap","NutanixMultiSubnets","OVNObservability","OpenShiftPodSecurityAdmission","PinnedImages","PreconfiguredUDNAddresses","ProcMountType","RouteAdvertisements","RouteExternalCertificate","SELinuxMount","ServiceAccountTokenNodeBinding","SetEIPForNLBIngressController","ShortCertRotation","SignatureStores","SigstoreImageVerification","SigstoreImageVerificationPKI","StoragePerformantSecurityPolicy","TranslateStreamCloseWebsocketRequests","UpgradeStatus","UserNamespacesPodSecurityStandards","UserNamespacesSupport","VSphereConfigurableMaxAllowedBlockVolumesPerNode","VSphereHostVMGroupZonal","VSphereMixedNodeEnv","VSphereMultiDisk","VSphereMultiNetworks","VolumeAttributesClass","VolumeGroupSnapshot"]}
2026-01-28T09:41:23.411259780Z I0128 09:41:23.411228       1 event.go:377] Event(v1.ObjectReference{Kind:"Deployment", Namespace:"openshift-ingress-operator", Name:"ingress-operator", UID:"", APIVersion:"apps/v1", ResourceVersion:"", FieldPath:""}): type: 'Normal' reason: 'FeatureGatesInitialized' FeatureGates updated to featuregates.Features{Enabled:[]v1.FeatureGateName{"AdditionalRoutingCapabilities", "AdminNetworkPolicy", "AlibabaPlatform", "AzureWorkloadIdentity", "BuildCSIVolumes", "CPMSMachineNamePrefix", "ConsolePluginContentSecurityPolicy", "ExternalOIDC", "ExternalOIDCWithUIDAndExtraClaimMappings", "GatewayAPI", "GatewayAPIController", "HighlyAvailableArbiter", "ImageVolume", "IngressControllerLBSubnetsAWS", "KMSv1", "MachineConfigNodes", "ManagedBootImages", "ManagedBootImagesAWS", "MetricsCollectionProfiles", "NetworkDiagnosticsConfig", "NetworkLiveMigration", "NetworkSegmentation", "NewOLM", "PinnedImages", "PreconfiguredUDNAddresses", "ProcMountType", "RouteAdvertisements", "RouteExternalCertificate", "ServiceAccountTokenNodeBinding", "SetEIPForNLBIngressController", "SigstoreImageVerification", "StoragePerformantSecurityPolicy", "UpgradeStatus", "UserNamespacesPodSecurityStandards", "UserNamespacesSupport", "VSphereMultiDisk", "VSphereMultiNetworks"}, Disabled:[]v1.FeatureGateName{"AWSClusterHostedDNS", "AWSClusterHostedDNSInstall", "AWSDedicatedHosts", "AWSServiceLBNetworkSecurityGroup", "AutomatedEtcdBackup", "AzureClusterHostedDNSInstall", "AzureDedicatedHosts", "AzureMultiDisk", "BootImageSkewEnforcement", "BootcNodeManagement", "ClusterAPIInstall", "ClusterAPIInstallIBMCloud", "ClusterMonitoringConfig", "ClusterVersionOperatorConfiguration", "DNSNameResolver", "DualReplica", "DyanmicServiceEndpointIBMCloud", "DynamicResourceAllocation", "EtcdBackendQuota", "EventedPLEG", "Example", "Example2", "ExternalSnapshotMetadata", "GCPClusterHostedDNS", "GCPClusterHostedDNSInstall", "GCPCustomAPIEndpoints", "GCPCustomAPIEndpointsInstall", "ImageModeStatusReporting", "ImageStreamImportMode", "IngressControllerDynamicConfigurationManager", "InsightsConfig", "InsightsConfigAPI", "InsightsOnDemandDataGather", "IrreconcilableMachineConfig", "KMSEncryptionProvider", "MachineAPIMigration", "MachineAPIOperatorDisableMachineHealthCheckController", "ManagedBootImagesAzure", "ManagedBootImagesvSphere", "MaxUnavailableStatefulSet", "MinimumKubeletVersion", "MixedCPUsAllocation", "MultiArchInstallAzure", "MultiDiskSetup", "MutatingAdmissionPolicy", "NewOLMCatalogdAPIV1Metas", "NewOLMOwnSingleNamespace", "NewOLMPreflightPermissionChecks", "NewOLMWebhookProviderOpenshiftServiceCA", "NoRegistryClusterOperations", "NodeSwap", "NutanixMultiSubnets", "OVNObservability", "OpenShiftPodSecurityAdmission", "SELinuxMount", "ShortCertRotation", "SignatureStores", "SigstoreImageVerificationPKI", "TranslateStreamCloseWebsocketRequests", "VSphereConfigurableMaxAllowedBlockVolumesPerNode", "VSphereHostVMGroupZonal", "VSphereMixedNodeEnv", "VolumeAttributesClass", "VolumeGroupSnapshot"}}
2026-01-28T09:41:23.418471543Z I0128 09:41:23.418438       1 base_controller.go:67] Waiting for caches to sync for spread-default-router-pods
2026-01-28T09:41:23.437723026Z 2026-01-28T09:41:23.437Z	INFO	operator.init.controller-runtime.metrics	manager/runnable_group.go:226	Starting metrics server
2026-01-28T09:41:23.437828651Z 2026-01-28T09:41:23.437Z	INFO	operator.init.controller-runtime.metrics	manager/runnable_group.go:226	Serving metrics server	{"bindAddress": ":8080", "secure": false}
2026-01-28T09:41:23.518614955Z I0128 09:41:23.518565       1 base_controller.go:73] Caches are synced for spread-default-router-pods 
2026-01-28T09:41:23.518614955Z I0128 09:41:23.518606       1 base_controller.go:110] Starting #1 worker of spread-default-router-pods controller ...
2026-01-28T09:41:23.739664665Z 2026-01-28T09:41:23.738Z	INFO	operator.init	runtime/asm_amd64.s:1700	Starting EventSource	{"controller": "ingress_controller", "source": "kind source: *v1.IngressController"}
2026-01-28T09:41:23.739664665Z 2026-01-28T09:41:23.739Z	INFO	operator.init	runtime/asm_amd64.s:1700	Starting EventSource	{"controller": "ingress_controller", "source": "kind source: *v1.Service"}
2026-01-28T09:41:23.739664665Z 2026-01-28T09:41:23.739Z	INFO	operator.init	runtime/asm_amd64.s:1700	Starting EventSource	{"controller": "ingress_controller", "source": "kind source: *v1.DNSRecord"}
2026-01-28T09:41:23.739971510Z 2026-01-28T09:41:23.739Z	INFO	operator.init	runtime/asm_amd64.s:1700	Starting EventSource	{"controller": "ingressclass_controller", "source": "kind source: *v1.IngressController"}
2026-01-28T09:41:23.741113616Z 2026-01-28T09:41:23.740Z	INFO	operator.init	runtime/asm_amd64.s:1700	Starting EventSource	{"controller": "route_metrics_controller", "source": "kind source: *v1.Route"}
2026-01-28T09:41:23.741624411Z 2026-01-28T09:41:23.739Z	INFO	operator.init	runtime/asm_amd64.s:1700	Starting EventSource	{"controller": "ingress_controller", "source": "kind source: *v1.Deployment"}
2026-01-28T09:41:23.741997769Z 2026-01-28T09:41:23.741Z	INFO	operator.init	runtime/asm_amd64.s:1700	Starting EventSource	{"controller": "monitoring_dashboard_controller", "source": "kind source: *v1.ConfigMap"}
2026-01-28T09:41:23.752006039Z 2026-01-28T09:41:23.743Z	INFO	operator.init	runtime/asm_amd64.s:1700	Starting EventSource	{"controller": "route_metrics_controller", "source": "kind source: *v1.IngressController"}
2026-01-28T09:41:23.752006039Z 2026-01-28T09:41:23.740Z	INFO	operator.init	runtime/asm_amd64.s:1700	Starting EventSource	{"controller": "ingress_controller", "source": "kind source: *v1.Ingress"}
2026-01-28T09:41:23.752006039Z 2026-01-28T09:41:23.743Z	INFO	operator.init	runtime/asm_amd64.s:1700	Starting EventSource	{"controller": "ingress_controller", "source": "kind source: *v1.Pod"}
2026-01-28T09:41:23.752006039Z 2026-01-28T09:41:23.738Z	INFO	operator.init	runtime/asm_amd64.s:1700	Starting EventSource	{"controller": "ingress_controller", "source": "kind source: *v1.Infrastructure"}
2026-01-28T09:41:23.752098194Z 2026-01-28T09:41:23.738Z	INFO	operator.init	runtime/asm_amd64.s:1700	Starting EventSource	{"controller": "configurable_route_controller", "source": "kind source: *v1.RoleBinding"}
2026-01-28T09:41:23.752490683Z 2026-01-28T09:41:23.738Z	INFO	operator.init	runtime/asm_amd64.s:1700	Starting EventSource	{"controller": "status_controller", "source": "kind source: *v1alpha1.Subscription"}
2026-01-28T09:41:23.755600185Z 2026-01-28T09:41:23.738Z	INFO	operator.init	runtime/asm_amd64.s:1700	Starting EventSource	{"controller": "status_controller", "source": "kind source: *v1.CustomResourceDefinition"}
2026-01-28T09:41:23.755932062Z 2026-01-28T09:41:23.738Z	INFO	operator.init	runtime/asm_amd64.s:1700	Starting EventSource	{"controller": "configurable_route_controller", "source": "kind source: *v1.Ingress"}
2026-01-28T09:41:23.756605135Z 2026-01-28T09:41:23.738Z	INFO	operator.init	runtime/asm_amd64.s:1700	Starting EventSource	{"controller": "configurable_route_controller", "source": "kind source: *v1.Role"}
2026-01-28T09:41:23.756605135Z 2026-01-28T09:41:23.738Z	INFO	operator.init	runtime/asm_amd64.s:1700	Starting EventSource	{"controller": "error_page_configmap_controller", "source": "kind source: *v1.ConfigMap"}
2026-01-28T09:41:23.756634166Z 2026-01-28T09:41:23.738Z	INFO	operator.init	runtime/asm_amd64.s:1700	Starting EventSource	{"controller": "certificate_controller", "source": "kind source: *v1.IngressController"}
2026-01-28T09:41:23.756999374Z 2026-01-28T09:41:23.738Z	INFO	operator.init	runtime/asm_amd64.s:1700	Starting EventSource	{"controller": "status_controller", "source": "kind source: *v1.IngressController"}
2026-01-28T09:41:23.756999374Z 2026-01-28T09:41:23.738Z	INFO	operator.init	runtime/asm_amd64.s:1700	Starting EventSource	{"controller": "clientca_configmap_controller", "source": "kind source: *v1.ConfigMap"}
2026-01-28T09:41:23.758005233Z 2026-01-28T09:41:23.738Z	INFO	operator.init	runtime/asm_amd64.s:1700	Starting EventSource	{"controller": "status_controller", "source": "kind source: *v1.ClusterOperator"}
2026-01-28T09:41:23.758720488Z 2026-01-28T09:41:23.738Z	INFO	operator.init	runtime/asm_amd64.s:1700	Starting EventSource	{"controller": "error_page_configmap_controller", "source": "kind source: *v1.IngressController"}
2026-01-28T09:41:23.759105247Z 2026-01-28T09:41:23.738Z	INFO	operator.init	runtime/asm_amd64.s:1700	Starting EventSource	{"controller": "error_page_configmap_controller", "source": "kind source: *v1.ConfigMap"}
2026-01-28T09:41:23.759553839Z 2026-01-28T09:41:23.738Z	INFO	operator.init	runtime/asm_amd64.s:1700	Starting EventSource	{"controller": "clientca_configmap_controller", "source": "kind source: *v1.IngressController"}
2026-01-28T09:41:23.759980210Z 2026-01-28T09:41:23.738Z	INFO	operator.init	runtime/asm_amd64.s:1700	Starting EventSource	{"controller": "clientca_configmap_controller", "source": "kind source: *v1.ConfigMap"}
2026-01-28T09:41:23.762012499Z 2026-01-28T09:41:23.739Z	INFO	operator.init	runtime/asm_amd64.s:1700	Starting EventSource	{"controller": "certificate_publisher_controller", "source": "kind source: *v1.IngressController"}
2026-01-28T09:41:23.765234967Z 2026-01-28T09:41:23.739Z	INFO	operator.init	runtime/asm_amd64.s:1700	Starting EventSource	{"controller": "certificate_publisher_controller", "source": "informer source: 0xc000baad18"}
2026-01-28T09:41:23.765234967Z 2026-01-28T09:41:23.739Z	INFO	operator.init	runtime/asm_amd64.s:1700	Starting EventSource	{"controller": "dns_controller", "source": "kind source: *v1.Secret"}
2026-01-28T09:41:23.768321478Z 2026-01-28T09:41:23.767Z	INFO	operator.certificate_publisher_controller	handler/enqueue_mapped.go:140	queueing ingresscontroller	{"name": "default"}
2026-01-28T09:41:23.770122676Z 2026-01-28T09:41:23.739Z	INFO	operator.init	runtime/asm_amd64.s:1700	Starting EventSource	{"controller": "dns_controller", "source": "kind source: *v1.DNSRecord"}
2026-01-28T09:41:23.770479063Z 2026-01-28T09:41:23.739Z	INFO	operator.init	runtime/asm_amd64.s:1700	Starting EventSource	{"controller": "dns_controller", "source": "kind source: *v1.DNS"}
2026-01-28T09:41:23.770648642Z 2026-01-28T09:41:23.739Z	INFO	operator.init	runtime/asm_amd64.s:1700	Starting EventSource	{"controller": "dns_controller", "source": "kind source: *v1.Infrastructure"}
2026-01-28T09:41:23.770772058Z 2026-01-28T09:41:23.739Z	INFO	operator.init	runtime/asm_amd64.s:1700	Starting EventSource	{"controller": "crl", "source": "kind source: *v1.IngressController"}
2026-01-28T09:41:23.770908045Z 2026-01-28T09:41:23.739Z	INFO	operator.init	runtime/asm_amd64.s:1700	Starting EventSource	{"controller": "crl", "source": "informer source: 0xc000bab040"}
2026-01-28T09:41:23.771153447Z 2026-01-28T09:41:23.739Z	INFO	operator.init	runtime/asm_amd64.s:1700	Starting EventSource	{"controller": "crl", "source": "informer source: 0xc000bab040"}
2026-01-28T09:41:23.771346466Z 2026-01-28T09:41:23.739Z	INFO	operator.init	runtime/asm_amd64.s:1700	Starting EventSource	{"controller": "canary_controller", "source": "kind source: *v1.Service"}
2026-01-28T09:41:23.771688653Z 2026-01-28T09:41:23.739Z	INFO	operator.init	runtime/asm_amd64.s:1700	Starting EventSource	{"controller": "ingressclass_controller", "source": "kind source: *v1.IngressClass"}
2026-01-28T09:41:23.771762697Z 2026-01-28T09:41:23.739Z	INFO	operator.init	runtime/asm_amd64.s:1700	Starting EventSource	{"controller": "ingress_controller", "source": "kind source: *v1.DNS"}
2026-01-28T09:41:23.771947046Z 2026-01-28T09:41:23.739Z	INFO	operator.init	runtime/asm_amd64.s:1700	Starting EventSource	{"controller": "monitoring_dashboard_controller", "source": "kind source: *v1.Infrastructure"}
2026-01-28T09:41:23.772070032Z 2026-01-28T09:41:23.739Z	INFO	operator.init	runtime/asm_amd64.s:1700	Starting EventSource	{"controller": "canary_controller", "source": "kind source: *v1.IngressController"}
2026-01-28T09:41:23.772091673Z 2026-01-28T09:41:23.739Z	INFO	operator.init	runtime/asm_amd64.s:1700	Starting EventSource	{"controller": "canary_controller", "source": "kind source: *v1.Route"}
2026-01-28T09:41:23.772216979Z 2026-01-28T09:41:23.739Z	INFO	operator.init	runtime/asm_amd64.s:1700	Starting EventSource	{"controller": "canary_controller", "source": "kind source: *v1.DaemonSet"}
2026-01-28T09:41:23.772358426Z 2026-01-28T09:41:23.740Z	INFO	operator.init	runtime/asm_amd64.s:1700	Starting EventSource	{"controller": "ingress_controller", "source": "kind source: *v1.Proxy"}
2026-01-28T09:41:23.772490112Z 2026-01-28T09:41:23.738Z	INFO	operator.init	runtime/asm_amd64.s:1700	Starting EventSource	{"controller": "status_controller", "source": "kind source: *v1alpha1.Subscription"}
2026-01-28T09:41:23.772751445Z 2026-01-28T09:41:23.743Z	INFO	operator.init	runtime/asm_amd64.s:1700	Starting EventSource	{"controller": "gatewayapi_controller", "source": "kind source: *v1.CustomResourceDefinition"}
2026-01-28T09:41:23.772848170Z 2026-01-28T09:41:23.743Z	INFO	operator.init	runtime/asm_amd64.s:1700	Starting EventSource	{"controller": "gatewayapi_controller", "source": "kind source: *v1.FeatureGate"}
2026-01-28T09:41:23.851596964Z 2026-01-28T09:41:23.851Z	INFO	operator.ingress_controller	handler/enqueue_mapped.go:140	queueing ingresscontroller	{"name": "default", "related": ""}
2026-01-28T09:41:23.851661327Z 2026-01-28T09:41:23.851Z	INFO	operator.ingress_controller	handler/enqueue_mapped.go:140	queueing ingresscontroller	{"name": "default", "related": ""}
2026-01-28T09:41:23.862758051Z 2026-01-28T09:41:23.862Z	INFO	operator.init	controller/controller.go:262	Starting Controller	{"controller": "error_page_configmap_controller"}
2026-01-28T09:41:23.862758051Z 2026-01-28T09:41:23.862Z	INFO	operator.init	controller/controller.go:262	Starting workers	{"controller": "error_page_configmap_controller", "worker count": 1}
2026-01-28T09:41:23.863875145Z 2026-01-28T09:41:23.863Z	INFO	operator.init	controller/controller.go:262	Starting Controller	{"controller": "certificate_publisher_controller"}
2026-01-28T09:41:23.863875145Z 2026-01-28T09:41:23.863Z	INFO	operator.init	controller/controller.go:262	Starting workers	{"controller": "certificate_publisher_controller", "worker count": 1}
2026-01-28T09:41:23.863997951Z 2026-01-28T09:41:23.863Z	INFO	operator.certificate_publisher_controller	controller/controller.go:119	Reconciling	{"request": {"name":"default","namespace":"openshift-ingress-operator"}}
2026-01-28T09:41:23.869347673Z 2026-01-28T09:41:23.869Z	INFO	operator.init	controller/controller.go:262	Starting Controller	{"controller": "route_metrics_controller"}
2026-01-28T09:41:23.869347673Z 2026-01-28T09:41:23.869Z	INFO	operator.init	controller/controller.go:262	Starting workers	{"controller": "route_metrics_controller", "worker count": 1}
2026-01-28T09:41:23.869407066Z 2026-01-28T09:41:23.869Z	INFO	operator.route_metrics_controller	controller/controller.go:119	reconciling	{"request": {"name":"default","namespace":"openshift-ingress-operator"}}
2026-01-28T09:41:23.869554003Z 2026-01-28T09:41:23.869Z	INFO	operator.route_metrics_controller	handler/enqueue_mapped.go:140	queueing ingresscontroller	{"name": "default"}
2026-01-28T09:41:23.870629666Z 2026-01-28T09:41:23.870Z	INFO	operator.dns_controller	handler/enqueue_mapped.go:140	queueing dnsrecord	{"name": "default-wildcard", "related": ""}
2026-01-28T09:41:23.870792814Z 2026-01-28T09:41:23.870Z	INFO	operator.dns_controller	handler/enqueue_mapped.go:140	queueing dnsrecord	{"name": "default-wildcard", "related": ""}
2026-01-28T09:41:23.871406804Z 2026-01-28T09:41:23.871Z	INFO	operator.dns_controller	handler/enqueue_mapped.go:140	queueing dnsrecord	{"name": "default-wildcard", "related": ""}
2026-01-28T09:41:23.871452496Z 2026-01-28T09:41:23.871Z	INFO	operator.init	controller/controller.go:262	Starting Controller	{"controller": "crl"}
2026-01-28T09:41:23.871452496Z 2026-01-28T09:41:23.871Z	INFO	operator.init	controller/controller.go:262	Starting workers	{"controller": "crl", "worker count": 1}
2026-01-28T09:41:23.872039725Z 2026-01-28T09:41:23.871Z	INFO	operator.ingress_controller	handler/enqueue_mapped.go:140	queueing ingresscontroller	{"name": "default", "related": ""}
2026-01-28T09:41:23.872763750Z 2026-01-28T09:41:23.872Z	INFO	operator.ingress_controller	handler/enqueue_mapped.go:140	queueing ingresscontroller	{"name": "default", "related": ""}
2026-01-28T09:41:23.957856686Z 2026-01-28T09:41:23.957Z	INFO	operator.init	controller/controller.go:262	Starting Controller	{"controller": "clientca_configmap_controller"}
2026-01-28T09:41:23.957942300Z 2026-01-28T09:41:23.957Z	INFO	operator.init	controller/controller.go:262	Starting workers	{"controller": "clientca_configmap_controller", "worker count": 1}
2026-01-28T09:41:23.972247790Z 2026-01-28T09:41:23.972Z	INFO	operator.init	controller/controller.go:262	Starting Controller	{"controller": "ingressclass_controller"}
2026-01-28T09:41:23.972312333Z 2026-01-28T09:41:23.972Z	INFO	operator.init	controller/controller.go:262	Starting workers	{"controller": "ingressclass_controller", "worker count": 1}
2026-01-28T09:41:23.972439979Z 2026-01-28T09:41:23.972Z	INFO	operator.ingressclass_controller	controller/controller.go:119	reconciling	{"request": {"name":"default","namespace":"openshift-ingress-operator"}}
2026-01-28T09:41:24.042040226Z 2026-01-28T09:41:24.041Z	INFO	operator.ingress_controller	handler/enqueue_mapped.go:140	queueing ingress	{"name": "default", "related": ""}
2026-01-28T09:41:24.042088429Z 2026-01-28T09:41:24.042Z	INFO	operator.ingress_controller	handler/enqueue_mapped.go:140	queueing ingress	{"name": "default", "related": ""}
2026-01-28T09:41:24.071545220Z 2026-01-28T09:41:24.071Z	INFO	operator.route_metrics_controller	controller/controller.go:119	reconciling	{"request": {"name":"default","namespace":"openshift-ingress-operator"}}
2026-01-28T09:41:24.073349859Z 2026-01-28T09:41:24.073Z	INFO	operator.init	controller/controller.go:262	Starting Controller	{"controller": "dns_controller"}
2026-01-28T09:41:24.073379480Z 2026-01-28T09:41:24.073Z	INFO	operator.init	controller/controller.go:262	Starting workers	{"controller": "dns_controller", "worker count": 1}
2026-01-28T09:41:24.073421002Z 2026-01-28T09:41:24.073Z	INFO	operator.dns_controller	controller/controller.go:119	reconciling	{"request": {"name":"default-wildcard","namespace":"openshift-ingress-operator"}}
2026-01-28T09:41:24.085053732Z 2026-01-28T09:41:24.084Z	INFO	operator.dns	dns/controller.go:661	using region from operator config	{"region name": "us-west-1"}
2026-01-28T09:41:24.085279533Z 2026-01-28T09:41:24.085Z	INFO	operator.dns	dns/controller.go:661	Created tags client	{"endpoint": "https://tagging.us-east-1.amazonaws.com"}
2026-01-28T09:41:24.085363507Z 2026-01-28T09:41:24.085Z	INFO	operator.dns	dns/controller.go:661	Created elb client	{"endpoint": "https://elasticloadbalancing.us-west-1.amazonaws.com"}
2026-01-28T09:41:24.085448981Z 2026-01-28T09:41:24.085Z	INFO	operator.dns	dns/controller.go:661	Created elbv2 client	{"endpoint": "https://elasticloadbalancing.us-west-1.amazonaws.com"}
2026-01-28T09:41:24.085473022Z 2026-01-28T09:41:24.085Z	INFO	operator.dns	dns/controller.go:661	Created route53 client	{"endpoint": "https://route53.amazonaws.com"}
2026-01-28T09:41:24.144291321Z 2026-01-28T09:41:24.144Z	INFO	operator.init	controller/controller.go:262	Starting Controller	{"controller": "monitoring_dashboard_controller"}
2026-01-28T09:41:24.144373195Z 2026-01-28T09:41:24.144Z	INFO	operator.init	controller/controller.go:262	Starting workers	{"controller": "monitoring_dashboard_controller", "worker count": 1}
2026-01-28T09:41:24.169968958Z 2026-01-28T09:41:24.166Z	INFO	operator.init	controller/controller.go:262	Starting Controller	{"controller": "certificate_controller"}
2026-01-28T09:41:24.169968958Z 2026-01-28T09:41:24.166Z	INFO	operator.init	controller/controller.go:262	Starting workers	{"controller": "certificate_controller", "worker count": 1}
2026-01-28T09:41:24.169968958Z 2026-01-28T09:41:24.166Z	INFO	operator.certificate_controller	controller/controller.go:119	Reconciling	{"request": {"name":"default","namespace":"openshift-ingress-operator"}}
2026-01-28T09:41:24.175296909Z 2026-01-28T09:41:24.175Z	INFO	operator.init	controller/controller.go:262	Starting Controller	{"controller": "gatewayapi_controller"}
2026-01-28T09:41:24.175296909Z 2026-01-28T09:41:24.175Z	INFO	operator.init	controller/controller.go:262	Starting workers	{"controller": "gatewayapi_controller", "worker count": 1}
2026-01-28T09:41:24.175367802Z 2026-01-28T09:41:24.175Z	INFO	operator.gatewayapi_controller	controller/controller.go:119	reconciling	{"request": {"name":"cluster"}}
2026-01-28T09:41:24.346715160Z 2026-01-28T09:41:24.346Z	INFO	operator.ingress_controller	handler/enqueue_mapped.go:140	queueing ingress	{"name": "default", "related": ""}
2026-01-28T09:41:24.354718571Z 2026-01-28T09:41:24.354Z	INFO	operator.init	controller/controller.go:262	Starting Controller	{"controller": "ingress_controller"}
2026-01-28T09:41:24.354718571Z 2026-01-28T09:41:24.354Z	INFO	operator.init	controller/controller.go:262	Starting Controller	{"controller": "status_controller"}
2026-01-28T09:41:24.354718571Z 2026-01-28T09:41:24.354Z	INFO	operator.init	controller/controller.go:262	Starting workers	{"controller": "ingress_controller", "worker count": 1}
2026-01-28T09:41:24.354748153Z 2026-01-28T09:41:24.354Z	INFO	operator.init	controller/controller.go:262	Starting workers	{"controller": "status_controller", "worker count": 1}
2026-01-28T09:41:24.354814266Z 2026-01-28T09:41:24.354Z	INFO	operator.status_controller	controller/controller.go:119	Reconciling	{"request": {"name":"default","namespace":"openshift-ingress-operator"}}
2026-01-28T09:41:24.354922141Z 2026-01-28T09:41:24.354Z	INFO	operator.ingress_controller	controller/controller.go:119	reconciling	{"request": {"name":"default","namespace":"openshift-ingress-operator"}}
2026-01-28T09:41:24.368005992Z 2026-01-28T09:41:24.367Z	INFO	operator.init	controller/controller.go:262	Starting Controller	{"controller": "configurable_route_controller"}
2026-01-28T09:41:24.368005992Z 2026-01-28T09:41:24.367Z	INFO	operator.init	controller/controller.go:262	Starting workers	{"controller": "configurable_route_controller", "worker count": 1}
2026-01-28T09:41:24.368138278Z 2026-01-28T09:41:24.368Z	INFO	operator.configurable_route_controller	controller/controller.go:119	reconciling	{"request": {"name":"cluster"}}
2026-01-28T09:41:24.379637031Z 2026-01-28T09:41:24.379Z	INFO	operator.init	controller/controller.go:262	Starting Controller	{"controller": "canary_controller"}
2026-01-28T09:41:24.379779708Z 2026-01-28T09:41:24.379Z	INFO	operator.init	controller/controller.go:262	Starting workers	{"controller": "canary_controller", "worker count": 1}
2026-01-28T09:41:24.434358330Z 2026-01-28T09:41:24.434Z	INFO	operator.canary_controller	canary/service.go:29	updated canary service	{"namespace": "openshift-ingress-canary", "name": "ingress-canary", "diff": "  &v1.Service{\n  \tTypeMeta: {},\n  \tObjectMeta: v1.ObjectMeta{\n  \t\t... // 9 identical fields\n  \t\tDeletionGracePeriodSeconds: nil,\n  \t\tLabels:                     {\"ingress.openshift.io/canary\": \"canary_controller\"},\n  \t\tAnnotations: map[string]string{\n- \t\t\t\"service.alpha.openshift.io/serving-cert-signed-by\":  \"openshift-service-serving-signer@1769592635\",\n  \t\t\t\"service.beta.openshift.io/serving-cert-secret-name\": \"canary-serving-cert\",\n- \t\t\t\"service.beta.openshift.io/serving-cert-signed-by\":   \"openshift-service-serving-signer@1769592635\",\n  \t\t},\n  \t\tOwnerReferences: {{APIVersion: \"apps/v1\", Kind: \"daemonset\", Name: \"ingress-canary\", UID: \"568db090-17ee-4b0d-b071-1c26369cc291\", ...}},\n  \t\tFinalizers:      nil,\n  \t\tManagedFields:   {{Manager: \"ingress-operator\", Operation: \"Update\", APIVersion: \"v1\", Time: s\"2026-01-28 09:38:14 +0000 UTC\", ...}, {Manager: \"service-ca-operator\", Operation: \"Update\", APIVersion: \"v1\", Time: s\"2026-01-28 09:38:15 +0000 UTC\", ...}},\n  \t},\n  \tSpec:   {Ports: {{Name: \"8443-tcp\", Protocol: \"TCP\", Port: 8443, TargetPort: {IntVal: 8443}, ...}, {Name: \"8888-tcp\", Protocol: \"TCP\", Port: 8888, TargetPort: {IntVal: 8888}, ...}}, Selector: {\"ingresscanary.operator.openshift.io/daemonset-ingresscanary\": \"canary_controller\"}, ClusterIP: \"172.30.196.166\", ClusterIPs: {\"172.30.196.166\"}, ...},\n  \tStatus: {},\n  }\n"}
2026-01-28T09:41:24.449376005Z 2026-01-28T09:41:24.449Z	INFO	operator.init	runtime/asm_amd64.s:1700	Starting EventSource	{"controller": "gateway_labeler_controller", "source": "kind source: *v1.Gateway"}
2026-01-28T09:41:24.449523732Z 2026-01-28T09:41:24.449Z	INFO	operator.init	runtime/asm_amd64.s:1700	Starting EventSource	{"controller": "service_dns_controller", "source": "kind source: *v1.DNSRecord"}
2026-01-28T09:41:24.449847648Z 2026-01-28T09:41:24.449Z	INFO	operator.init	runtime/asm_amd64.s:1700	Starting EventSource	{"controller": "gateway_labeler_controller", "source": "kind source: *v1.GatewayClass"}
2026-01-28T09:41:24.450135152Z 2026-01-28T09:41:24.450Z	INFO	operator.init	runtime/asm_amd64.s:1700	Starting EventSource	{"controller": "gatewayclass_controller", "source": "kind source: *v1.CustomResourceDefinition"}
2026-01-28T09:41:24.450330551Z 2026-01-28T09:41:24.450Z	INFO	operator.init	runtime/asm_amd64.s:1700	Starting EventSource	{"controller": "service_dns_controller", "source": "kind source: *v1.Gateway"}
2026-01-28T09:41:24.450415076Z 2026-01-28T09:41:24.450Z	INFO	operator.init	runtime/asm_amd64.s:1700	Starting EventSource	{"controller": "gatewayclass_controller", "source": "kind source: *v1.GatewayClass"}
2026-01-28T09:41:24.450504250Z 2026-01-28T09:41:24.450Z	INFO	operator.init	runtime/asm_amd64.s:1700	Starting EventSource	{"controller": "service_dns_controller", "source": "kind source: *v1.Service"}
2026-01-28T09:41:24.450547462Z 2026-01-28T09:41:24.450Z	INFO	operator.init	runtime/asm_amd64.s:1700	Starting EventSource	{"controller": "gatewayclass_controller", "source": "kind source: *v1alpha1.Subscription"}
2026-01-28T09:41:24.450775933Z 2026-01-28T09:41:24.450Z	INFO	operator.init	runtime/asm_amd64.s:1700	Starting EventSource	{"controller": "gatewayclass_controller", "source": "kind source: *v1alpha1.InstallPlan"}
2026-01-28T09:41:24.458633818Z 2026-01-28T09:41:24.458Z	INFO	operator.canary_controller	canary/route.go:35	created canary route	{"namespace": "openshift-ingress-canary", "name": "canary"}
2026-01-28T09:41:24.475551106Z 2026-01-28T09:41:24.475Z	INFO	operator.route_metrics_controller	handler/enqueue_mapped.go:140	queueing ingresscontroller	{"name": "default"}
2026-01-28T09:41:24.475671732Z 2026-01-28T09:41:24.475Z	INFO	operator.route_metrics_controller	controller/controller.go:119	reconciling	{"request": {"name":"default","namespace":"openshift-ingress-operator"}}
2026-01-28T09:41:24.490986762Z 2026-01-28T09:41:24.490Z	ERROR	operator.canary_controller	wait/backoff.go:233	error performing canary route check	{"error": "expected canary request body to contain \"Healthcheck requested\""}
2026-01-28T09:41:24.561977977Z 2026-01-28T09:41:24.561Z	INFO	operator.init	controller/controller.go:262	Starting Controller	{"controller": "gateway_labeler_controller"}
2026-01-28T09:41:24.561977977Z 2026-01-28T09:41:24.561Z	INFO	operator.init	controller/controller.go:262	Starting workers	{"controller": "gateway_labeler_controller", "worker count": 1}
2026-01-28T09:41:24.589945055Z 2026-01-28T09:41:24.589Z	ERROR	operator.ingress_controller	controller/controller.go:119	got retryable error; requeueing	{"after": "1m0s", "error": "IngressController is degraded: DeploymentAvailable=False (DeploymentUnavailable: The deployment has Available status condition set to False (reason: MinimumReplicasUnavailable) with message: Deployment does not have minimum availability.), DeploymentReplicasMinAvailable=False (DeploymentMinimumReplicasNotMet: 0/2 of replicas are available, max unavailable is 1: Some pods are not scheduled: Pod \"router-default-69d986749c-g44cn\" cannot be scheduled: 0/4 nodes are available: 1 node(s) didn't match pod anti-affinity rules, 3 node(s) had untolerated taint {node-role.kubernetes.io/master: }. preemption: 0/4 nodes are available: 1 node(s) didn't match pod anti-affinity rules, 3 Preemption is not helpful for scheduling. Make sure you have sufficient worker nodes.)"}
2026-01-28T09:41:24.675343515Z 2026-01-28T09:41:24.675Z	INFO	operator.dns_controller	dns/controller.go:183	skipping zone to which the DNS record is already published	{"record": {"dnsName":"*.apps.ci-ln-vjb5l1t-76ef8.XXXXXXXXXXXXXXXXXXXXXX.","targets":["a76ab11fa04cb45a68cab84e9060b467-651916475.us-west-1.elb.amazonaws.com"],"recordType":"CNAME","recordTTL":30,"dnsManagementPolicy":"Managed"}, "dnszone": {"tags":{"Name":"ci-ln-vjb5l1t-76ef8-snmcd-int","kubernetes.io/cluster/ci-ln-vjb5l1t-76ef8-snmcd":"owned"}}}
2026-01-28T09:41:24.675343515Z 2026-01-28T09:41:24.675Z	INFO	operator.dns_controller	dns/controller.go:183	skipping zone to which the DNS record is already published	{"record": {"dnsName":"*.apps.ci-ln-vjb5l1t-76ef8.XXXXXXXXXXXXXXXXXXXXXX.","targets":["a76ab11fa04cb45a68cab84e9060b467-651916475.us-west-1.elb.amazonaws.com"],"recordType":"CNAME","recordTTL":30,"dnsManagementPolicy":"Managed"}, "dnszone": {"id":"Z0764857NINJVO7A6ST2"}}
2026-01-28T09:41:25.055295964Z 2026-01-28T09:41:25.055Z	INFO	operator.init	controller/controller.go:262	Starting Controller	{"controller": "service_dns_controller"}
2026-01-28T09:41:25.055295964Z 2026-01-28T09:41:25.055Z	INFO	operator.init	controller/controller.go:262	Starting workers	{"controller": "service_dns_controller", "worker count": 1}
2026-01-28T09:41:25.055335296Z 2026-01-28T09:41:25.055Z	INFO	operator.init	controller/controller.go:262	Starting Controller	{"controller": "gatewayclass_controller"}
2026-01-28T09:41:25.055335296Z 2026-01-28T09:41:25.055Z	INFO	operator.init	controller/controller.go:262	Starting workers	{"controller": "gatewayclass_controller", "worker count": 1}
2026-01-28T09:41:46.567926890Z 2026-01-28T09:41:46.567Z	INFO	operator.ingress_controller	handler/enqueue_mapped.go:140	queueing ingress	{"name": "default", "related": ""}
2026-01-28T09:41:46.567926890Z 2026-01-28T09:41:46.567Z	INFO	operator.ingress_controller	handler/enqueue_mapped.go:140	queueing ingress	{"name": "default", "related": ""}
2026-01-28T09:41:46.568013624Z 2026-01-28T09:41:46.567Z	INFO	operator.ingress_controller	controller/controller.go:119	reconciling	{"request": {"name":"default","namespace":"openshift-ingress-operator"}}
2026-01-28T09:41:46.949079386Z 2026-01-28T09:41:46.947Z	INFO	operator.status_controller	controller/controller.go:119	Reconciling	{"request": {"name":"default","namespace":"openshift-ingress-operator"}}
2026-01-28T09:41:46.949079386Z 2026-01-28T09:41:46.948Z	INFO	operator.ingressclass_controller	controller/controller.go:119	reconciling	{"request": {"name":"default","namespace":"openshift-ingress-operator"}}
2026-01-28T09:41:46.949079386Z 2026-01-28T09:41:46.948Z	INFO	operator.route_metrics_controller	controller/controller.go:119	reconciling	{"request": {"name":"default","namespace":"openshift-ingress-operator"}}
2026-01-28T09:41:46.949079386Z 2026-01-28T09:41:46.948Z	INFO	operator.certificate_controller	controller/controller.go:119	Reconciling	{"request": {"name":"default","namespace":"openshift-ingress-operator"}}
2026-01-28T09:41:47.019484823Z 2026-01-28T09:41:47.019Z	ERROR	operator.ingress_controller	controller/controller.go:119	got retryable error; requeueing	{"after": "50m12.088233303s", "error": "IngressController may become degraded soon: DeploymentReplicasAllAvailable=False"}
2026-01-28T09:41:47.019484823Z 2026-01-28T09:41:47.019Z	INFO	operator.ingress_controller	controller/controller.go:119	reconciling	{"request": {"name":"default","namespace":"openshift-ingress-operator"}}
2026-01-28T09:41:47.105815283Z 2026-01-28T09:41:47.102Z	INFO	operator.status_controller	controller/controller.go:119	Reconciling	{"request": {"name":"default","namespace":"openshift-ingress-operator"}}
2026-01-28T09:41:47.245975145Z 2026-01-28T09:41:47.245Z	ERROR	operator.ingress_controller	controller/controller.go:119	got retryable error; requeueing	{"after": "50m11.756101989s", "error": "IngressController may become degraded soon: DeploymentReplicasAllAvailable=False"}
2026-01-28T09:42:24.521799855Z 2026-01-28T09:42:24.521Z	INFO	operator.certificate_controller	controller/controller.go:119	Reconciling	{"request": {"name":"default","namespace":"openshift-ingress-operator"}}
2026-01-28T09:42:24.521976784Z 2026-01-28T09:42:24.521Z	INFO	operator.route_metrics_controller	controller/controller.go:119	reconciling	{"request": {"name":"default","namespace":"openshift-ingress-operator"}}
2026-01-28T09:42:24.522491529Z 2026-01-28T09:42:24.521Z	INFO	operator.ingress_controller	controller/controller.go:119	reconciling	{"request": {"name":"default","namespace":"openshift-ingress-operator"}}
2026-01-28T09:42:24.522697640Z 2026-01-28T09:42:24.521Z	INFO	operator.ingressclass_controller	controller/controller.go:119	reconciling	{"request": {"name":"default","namespace":"openshift-ingress-operator"}}
2026-01-28T09:42:24.522962262Z 2026-01-28T09:42:24.521Z	INFO	operator.status_controller	controller/controller.go:119	Reconciling	{"request": {"name":"default","namespace":"openshift-ingress-operator"}}
2026-01-28T09:42:24.602373635Z 2026-01-28T09:42:24.602Z	ERROR	operator.ingress_controller	controller/controller.go:119	got retryable error; requeueing	{"after": "49m34.399375831s", "error": "IngressController may become degraded soon: DeploymentReplicasAllAvailable=False"}
2026-01-28T09:42:24.602524523Z 2026-01-28T09:42:24.602Z	INFO	operator.ingress_controller	controller/controller.go:119	reconciling	{"request": {"name":"default","namespace":"openshift-ingress-operator"}}
2026-01-28T09:42:24.664339406Z 2026-01-28T09:42:24.663Z	ERROR	operator.ingress_controller	controller/controller.go:119	got retryable error; requeueing	{"after": "49m34.337992369s", "error": "IngressController may become degraded soon: DeploymentReplicasAllAvailable=False"}
2026-01-28T09:42:37.498060910Z 2026-01-28T09:42:37.496Z	INFO	operator.ingress_controller	handler/enqueue_mapped.go:140	queueing ingress	{"name": "default", "related": ""}
2026-01-28T09:42:37.498060910Z 2026-01-28T09:42:37.496Z	INFO	operator.ingress_controller	handler/enqueue_mapped.go:140	queueing ingress	{"name": "default", "related": ""}
2026-01-28T09:42:37.498060910Z 2026-01-28T09:42:37.496Z	INFO	operator.ingress_controller	controller/controller.go:119	reconciling	{"request": {"name":"default","namespace":"openshift-ingress-operator"}}
2026-01-28T09:42:37.644852592Z 2026-01-28T09:42:37.644Z	ERROR	operator.ingress_controller	controller/controller.go:119	got retryable error; requeueing	{"after": "49m21.357084814s", "error": "IngressController may become degraded soon: DeploymentReplicasAllAvailable=False"}
2026-01-28T09:42:42.577500279Z 2026-01-28T09:42:42.577Z	INFO	operator.route_metrics_controller	handler/enqueue_mapped.go:140	queueing ingresscontroller	{"name": "default"}
2026-01-28T09:42:42.577534651Z 2026-01-28T09:42:42.577Z	INFO	operator.route_metrics_controller	controller/controller.go:119	reconciling	{"request": {"name":"default","namespace":"openshift-ingress-operator"}}
2026-01-28T09:42:42.649887545Z 2026-01-28T09:42:42.649Z	INFO	operator.route_metrics_controller	handler/enqueue_mapped.go:140	queueing ingresscontroller	{"name": "default"}
2026-01-28T09:42:42.649887545Z 2026-01-28T09:42:42.649Z	INFO	operator.route_metrics_controller	controller/controller.go:119	reconciling	{"request": {"name":"default","namespace":"openshift-ingress-operator"}}
2026-01-28T09:42:42.670425099Z 2026-01-28T09:42:42.670Z	INFO	operator.route_metrics_controller	handler/enqueue_mapped.go:140	queueing ingresscontroller	{"name": "default"}
2026-01-28T09:42:42.670606748Z 2026-01-28T09:42:42.670Z	INFO	operator.route_metrics_controller	controller/controller.go:119	reconciling	{"request": {"name":"default","namespace":"openshift-ingress-operator"}}
2026-01-28T09:42:43.688373819Z 2026-01-28T09:42:43.687Z	INFO	operator.route_metrics_controller	handler/enqueue_mapped.go:140	queueing ingresscontroller	{"name": "default"}
2026-01-28T09:42:43.688373819Z 2026-01-28T09:42:43.687Z	INFO	operator.route_metrics_controller	controller/controller.go:119	reconciling	{"request": {"name":"default","namespace":"openshift-ingress-operator"}}
2026-01-28T09:43:07.478374174Z 2026-01-28T09:43:07.478Z	INFO	operator.ingress_controller	handler/enqueue_mapped.go:140	queueing ingress	{"name": "default", "related": ""}
2026-01-28T09:43:07.478462109Z 2026-01-28T09:43:07.478Z	INFO	operator.ingress_controller	handler/enqueue_mapped.go:140	queueing ingress	{"name": "default", "related": ""}
2026-01-28T09:43:07.478564484Z 2026-01-28T09:43:07.478Z	INFO	operator.ingress_controller	controller/controller.go:119	reconciling	{"request": {"name":"default","namespace":"openshift-ingress-operator"}}
2026-01-28T09:43:07.581662259Z 2026-01-28T09:43:07.580Z	INFO	operator.ingressclass_controller	controller/controller.go:119	reconciling	{"request": {"name":"default","namespace":"openshift-ingress-operator"}}
2026-01-28T09:43:07.581662259Z 2026-01-28T09:43:07.580Z	INFO	operator.route_metrics_controller	controller/controller.go:119	reconciling	{"request": {"name":"default","namespace":"openshift-ingress-operator"}}
2026-01-28T09:43:07.581662259Z 2026-01-28T09:43:07.580Z	INFO	operator.certificate_controller	controller/controller.go:119	Reconciling	{"request": {"name":"default","namespace":"openshift-ingress-operator"}}
2026-01-28T09:43:07.581662259Z 2026-01-28T09:43:07.580Z	INFO	operator.status_controller	controller/controller.go:119	Reconciling	{"request": {"name":"default","namespace":"openshift-ingress-operator"}}
2026-01-28T09:43:07.584471029Z 2026-01-28T09:43:07.584Z	INFO	operator.ingress_controller	controller/controller.go:119	reconciling	{"request": {"name":"default","namespace":"openshift-ingress-operator"}}
2026-01-28T09:43:07.608844703Z 2026-01-28T09:43:07.606Z	INFO	operator.status_controller	controller/controller.go:119	Reconciling	{"request": {"name":"default","namespace":"openshift-ingress-operator"}}
2026-01-28T09:43:38.152819910Z 2026-01-28T09:43:38.151Z	INFO	operator.route_metrics_controller	handler/enqueue_mapped.go:140	queueing ingresscontroller	{"name": "default"}
2026-01-28T09:43:38.152819910Z 2026-01-28T09:43:38.152Z	INFO	operator.route_metrics_controller	controller/controller.go:119	reconciling	{"request": {"name":"default","namespace":"openshift-ingress-operator"}}
2026-01-28T09:43:38.170837488Z 2026-01-28T09:43:38.170Z	INFO	operator.route_metrics_controller	handler/enqueue_mapped.go:140	queueing ingresscontroller	{"name": "default"}
2026-01-28T09:43:38.171013836Z 2026-01-28T09:43:38.170Z	INFO	operator.route_metrics_controller	controller/controller.go:119	reconciling	{"request": {"name":"default","namespace":"openshift-ingress-operator"}}
2026-01-28T09:44:12.716860625Z 2026-01-28T09:44:12.716Z	INFO	operator.route_metrics_controller	handler/enqueue_mapped.go:140	queueing ingresscontroller	{"name": "default"}
2026-01-28T09:44:12.716961050Z 2026-01-28T09:44:12.716Z	INFO	operator.route_metrics_controller	handler/enqueue_mapped.go:140	queueing ingresscontroller	{"name": "default"}
2026-01-28T09:44:12.717185051Z 2026-01-28T09:44:12.717Z	INFO	operator.route_metrics_controller	controller/controller.go:119	reconciling	{"request": {"name":"default","namespace":"openshift-ingress-operator"}}
2026-01-28T09:44:12.725989810Z 2026-01-28T09:44:12.725Z	INFO	operator.route_metrics_controller	handler/enqueue_mapped.go:140	queueing ingresscontroller	{"name": "default"}
2026-01-28T09:44:12.726070744Z 2026-01-28T09:44:12.726Z	INFO	operator.route_metrics_controller	handler/enqueue_mapped.go:140	queueing ingresscontroller	{"name": "default"}
2026-01-28T09:44:12.726276944Z 2026-01-28T09:44:12.726Z	INFO	operator.route_metrics_controller	controller/controller.go:119	reconciling	{"request": {"name":"default","namespace":"openshift-ingress-operator"}}
2026-01-28T09:44:12.758788756Z 2026-01-28T09:44:12.758Z	INFO	operator.route_metrics_controller	handler/enqueue_mapped.go:140	queueing ingresscontroller	{"name": "default"}
2026-01-28T09:44:12.758919882Z 2026-01-28T09:44:12.758Z	INFO	operator.route_metrics_controller	handler/enqueue_mapped.go:140	queueing ingresscontroller	{"name": "default"}
2026-01-28T09:44:12.759042298Z 2026-01-28T09:44:12.758Z	INFO	operator.route_metrics_controller	controller/controller.go:119	reconciling	{"request": {"name":"default","namespace":"openshift-ingress-operator"}}
2026-01-28T09:44:13.821547589Z 2026-01-28T09:44:13.821Z	INFO	operator.route_metrics_controller	handler/enqueue_mapped.go:140	queueing ingresscontroller	{"name": "default"}
2026-01-28T09:44:13.821635763Z 2026-01-28T09:44:13.821Z	INFO	operator.route_metrics_controller	handler/enqueue_mapped.go:140	queueing ingresscontroller	{"name": "default"}
2026-01-28T09:44:13.821730828Z 2026-01-28T09:44:13.821Z	INFO	operator.route_metrics_controller	controller/controller.go:119	reconciling	{"request": {"name":"default","namespace":"openshift-ingress-operator"}}
