2026-01-28T09:38:40.366246581Z 2026-01-28T09:38:40.366Z	INFO	operator.main	ingress-operator/start.go:76	using operator namespace	{"namespace": "openshift-ingress-operator"}
2026-01-28T09:38:40.378907716Z 2026-01-28T09:38:40.378Z	INFO	operator.init.KubeAPIWarningLogger	rest/warnings.go:144	v1 Endpoints is deprecated in v1.33+; use discovery.k8s.io/v1 EndpointSlice
2026-01-28T09:38:40.379255673Z 2026-01-28T09:38:40.379Z	INFO	operator.main	ingress-operator/start.go:76	registering Prometheus metrics for canary_controller
2026-01-28T09:38:40.379284145Z 2026-01-28T09:38:40.379Z	INFO	operator.main	ingress-operator/start.go:76	registering Prometheus metrics for ingress_controller
2026-01-28T09:38:40.379298666Z 2026-01-28T09:38:40.379Z	INFO	operator.main	ingress-operator/start.go:76	registering Prometheus metrics for route_metrics_controller
2026-01-28T09:38:40.379411301Z 2026-01-28T09:38:40.379Z	INFO	operator.main	ingress-operator/start.go:76	watching file	{"filename": "/etc/pki/ca-trust/extracted/pem/tls-ca-bundle.pem"}
2026-01-28T09:38:40.379525727Z 2026-01-28T09:38:40.379Z	INFO	operator.init	runtime/asm_amd64.s:1700	starting metrics listener	{"addr": "127.0.0.1:60000"}
2026-01-28T09:38:40.380105536Z I0128 09:38:40.380081       1 simple_featuregate_reader.go:171] Starting feature-gate-detector
2026-01-28T09:38:40.382417692Z I0128 09:38:40.382376       1 event.go:377] Event(v1.ObjectReference{Kind:"Deployment", Namespace:"openshift-ingress-operator", Name:"ingress-operator", UID:"", APIVersion:"apps/v1", ResourceVersion:"", FieldPath:""}): type: 'Normal' reason: 'FeatureGatesInitialized' FeatureGates updated to featuregates.Features{Enabled:[]v1.FeatureGateName{"AdditionalRoutingCapabilities", "AdminNetworkPolicy", "AlibabaPlatform", "AzureWorkloadIdentity", "BuildCSIVolumes", "CPMSMachineNamePrefix", "ConsolePluginContentSecurityPolicy", "ExternalOIDC", "ExternalOIDCWithUIDAndExtraClaimMappings", "GatewayAPI", "GatewayAPIController", "HighlyAvailableArbiter", "ImageVolume", "IngressControllerLBSubnetsAWS", "KMSv1", "MachineConfigNodes", "ManagedBootImages", "ManagedBootImagesAWS", "MetricsCollectionProfiles", "NetworkDiagnosticsConfig", "NetworkLiveMigration", "NetworkSegmentation", "NewOLM", "PinnedImages", "PreconfiguredUDNAddresses", "ProcMountType", "RouteAdvertisements", "RouteExternalCertificate", "ServiceAccountTokenNodeBinding", "SetEIPForNLBIngressController", "SigstoreImageVerification", "StoragePerformantSecurityPolicy", "UpgradeStatus", "UserNamespacesPodSecurityStandards", "UserNamespacesSupport", "VSphereMultiDisk", "VSphereMultiNetworks"}, Disabled:[]v1.FeatureGateName{"AWSClusterHostedDNS", "AWSClusterHostedDNSInstall", "AWSDedicatedHosts", "AWSServiceLBNetworkSecurityGroup", "AutomatedEtcdBackup", "AzureClusterHostedDNSInstall", "AzureDedicatedHosts", "AzureMultiDisk", "BootImageSkewEnforcement", "BootcNodeManagement", "ClusterAPIInstall", "ClusterAPIInstallIBMCloud", "ClusterMonitoringConfig", "ClusterVersionOperatorConfiguration", "DNSNameResolver", "DualReplica", "DyanmicServiceEndpointIBMCloud", "DynamicResourceAllocation", "EtcdBackendQuota", "EventedPLEG", "Example", "Example2", "ExternalSnapshotMetadata", "GCPClusterHostedDNS", "GCPClusterHostedDNSInstall", "GCPCustomAPIEndpoints", "GCPCustomAPIEndpointsInstall", "ImageModeStatusReporting", "ImageStreamImportMode", "IngressControllerDynamicConfigurationManager", "InsightsConfig", "InsightsConfigAPI", "InsightsOnDemandDataGather", "IrreconcilableMachineConfig", "KMSEncryptionProvider", "MachineAPIMigration", "MachineAPIOperatorDisableMachineHealthCheckController", "ManagedBootImagesAzure", "ManagedBootImagesvSphere", "MaxUnavailableStatefulSet", "MinimumKubeletVersion", "MixedCPUsAllocation", "MultiArchInstallAzure", "MultiDiskSetup", "MutatingAdmissionPolicy", "NewOLMCatalogdAPIV1Metas", "NewOLMOwnSingleNamespace", "NewOLMPreflightPermissionChecks", "NewOLMWebhookProviderOpenshiftServiceCA", "NoRegistryClusterOperations", "NodeSwap", "NutanixMultiSubnets", "OVNObservability", "OpenShiftPodSecurityAdmission", "SELinuxMount", "ShortCertRotation", "SignatureStores", "SigstoreImageVerificationPKI", "TranslateStreamCloseWebsocketRequests", "VSphereConfigurableMaxAllowedBlockVolumesPerNode", "VSphereHostVMGroupZonal", "VSphereMixedNodeEnv", "VolumeAttributesClass", "VolumeGroupSnapshot"}}
2026-01-28T09:38:40.382551088Z 2026-01-28T09:38:40.382Z	INFO	operator.init	ingress-operator/start.go:218	FeatureGates initialized	{"knownFeatures": ["AWSClusterHostedDNS","AWSClusterHostedDNSInstall","AWSDedicatedHosts","AWSServiceLBNetworkSecurityGroup","AdditionalRoutingCapabilities","AdminNetworkPolicy","AlibabaPlatform","AutomatedEtcdBackup","AzureClusterHostedDNSInstall","AzureDedicatedHosts","AzureMultiDisk","AzureWorkloadIdentity","BootImageSkewEnforcement","BootcNodeManagement","BuildCSIVolumes","CPMSMachineNamePrefix","ClusterAPIInstall","ClusterAPIInstallIBMCloud","ClusterMonitoringConfig","ClusterVersionOperatorConfiguration","ConsolePluginContentSecurityPolicy","DNSNameResolver","DualReplica","DyanmicServiceEndpointIBMCloud","DynamicResourceAllocation","EtcdBackendQuota","EventedPLEG","Example","Example2","ExternalOIDC","ExternalOIDCWithUIDAndExtraClaimMappings","ExternalSnapshotMetadata","GCPClusterHostedDNS","GCPClusterHostedDNSInstall","GCPCustomAPIEndpoints","GCPCustomAPIEndpointsInstall","GatewayAPI","GatewayAPIController","HighlyAvailableArbiter","ImageModeStatusReporting","ImageStreamImportMode","ImageVolume","IngressControllerDynamicConfigurationManager","IngressControllerLBSubnetsAWS","InsightsConfig","InsightsConfigAPI","InsightsOnDemandDataGather","IrreconcilableMachineConfig","KMSEncryptionProvider","KMSv1","MachineAPIMigration","MachineAPIOperatorDisableMachineHealthCheckController","MachineConfigNodes","ManagedBootImages","ManagedBootImagesAWS","ManagedBootImagesAzure","ManagedBootImagesvSphere","MaxUnavailableStatefulSet","MetricsCollectionProfiles","MinimumKubeletVersion","MixedCPUsAllocation","MultiArchInstallAzure","MultiDiskSetup","MutatingAdmissionPolicy","NetworkDiagnosticsConfig","NetworkLiveMigration","NetworkSegmentation","NewOLM","NewOLMCatalogdAPIV1Metas","NewOLMOwnSingleNamespace","NewOLMPreflightPermissionChecks","NewOLMWebhookProviderOpenshiftServiceCA","NoRegistryClusterOperations","NodeSwap","NutanixMultiSubnets","OVNObservability","OpenShiftPodSecurityAdmission","PinnedImages","PreconfiguredUDNAddresses","ProcMountType","RouteAdvertisements","RouteExternalCertificate","SELinuxMount","ServiceAccountTokenNodeBinding","SetEIPForNLBIngressController","ShortCertRotation","SignatureStores","SigstoreImageVerification","SigstoreImageVerificationPKI","StoragePerformantSecurityPolicy","TranslateStreamCloseWebsocketRequests","UpgradeStatus","UserNamespacesPodSecurityStandards","UserNamespacesSupport","VSphereConfigurableMaxAllowedBlockVolumesPerNode","VSphereHostVMGroupZonal","VSphereMixedNodeEnv","VSphereMultiDisk","VSphereMultiNetworks","VolumeAttributesClass","VolumeGroupSnapshot"]}
2026-01-28T09:38:40.390071945Z I0128 09:38:40.390001       1 base_controller.go:67] Waiting for caches to sync for spread-default-router-pods
2026-01-28T09:38:40.401629864Z 2026-01-28T09:38:40.401Z	INFO	operator.init.controller-runtime.metrics	manager/runnable_group.go:226	Starting metrics server
2026-01-28T09:38:40.401757201Z 2026-01-28T09:38:40.401Z	INFO	operator.init.controller-runtime.metrics	manager/runnable_group.go:226	Serving metrics server	{"bindAddress": ":8080", "secure": false}
2026-01-28T09:38:40.490222083Z I0128 09:38:40.490176       1 base_controller.go:73] Caches are synced for spread-default-router-pods 
2026-01-28T09:38:40.490289036Z I0128 09:38:40.490275       1 base_controller.go:110] Starting #1 worker of spread-default-router-pods controller ...
2026-01-28T09:38:40.703939160Z 2026-01-28T09:38:40.703Z	INFO	operator.init	runtime/asm_amd64.s:1700	Starting EventSource	{"controller": "ingress_controller", "source": "kind source: *v1.Infrastructure"}
2026-01-28T09:38:40.703939160Z 2026-01-28T09:38:40.703Z	INFO	operator.init	runtime/asm_amd64.s:1700	Starting EventSource	{"controller": "ingress_controller", "source": "kind source: *v1.IngressController"}
2026-01-28T09:38:40.704069457Z 2026-01-28T09:38:40.704Z	INFO	operator.init	runtime/asm_amd64.s:1700	Starting EventSource	{"controller": "certificate_publisher_controller", "source": "kind source: *v1.IngressController"}
2026-01-28T09:38:40.704140550Z 2026-01-28T09:38:40.704Z	INFO	operator.init	runtime/asm_amd64.s:1700	Starting EventSource	{"controller": "ingress_controller", "source": "kind source: *v1.Service"}
2026-01-28T09:38:40.704243125Z 2026-01-28T09:38:40.704Z	INFO	operator.init	runtime/asm_amd64.s:1700	Starting EventSource	{"controller": "clientca_configmap_controller", "source": "kind source: *v1.ConfigMap"}
2026-01-28T09:38:40.704290718Z 2026-01-28T09:38:40.704Z	INFO	operator.init	runtime/asm_amd64.s:1700	Starting EventSource	{"controller": "crl", "source": "kind source: *v1.IngressController"}
2026-01-28T09:38:40.704375182Z 2026-01-28T09:38:40.704Z	INFO	operator.init	runtime/asm_amd64.s:1700	Starting EventSource	{"controller": "ingress_controller", "source": "kind source: *v1.Pod"}
2026-01-28T09:38:40.704480857Z 2026-01-28T09:38:40.704Z	INFO	operator.init	runtime/asm_amd64.s:1700	Starting EventSource	{"controller": "status_controller", "source": "kind source: *v1alpha1.Subscription"}
2026-01-28T09:38:40.704531730Z 2026-01-28T09:38:40.704Z	INFO	operator.init	runtime/asm_amd64.s:1700	Starting EventSource	{"controller": "canary_controller", "source": "kind source: *v1.Service"}
2026-01-28T09:38:40.704588863Z 2026-01-28T09:38:40.704Z	INFO	operator.init	runtime/asm_amd64.s:1700	Starting EventSource	{"controller": "ingress_controller", "source": "kind source: *v1.DNS"}
2026-01-28T09:38:40.704635465Z 2026-01-28T09:38:40.704Z	INFO	operator.init	runtime/asm_amd64.s:1700	Starting EventSource	{"controller": "dns_controller", "source": "kind source: *v1.Secret"}
2026-01-28T09:38:40.704718749Z 2026-01-28T09:38:40.704Z	INFO	operator.init	runtime/asm_amd64.s:1700	Starting EventSource	{"controller": "crl", "source": "informer source: 0xc00047ee50"}
2026-01-28T09:38:40.704882317Z 2026-01-28T09:38:40.704Z	INFO	operator.init	runtime/asm_amd64.s:1700	Starting EventSource	{"controller": "certificate_publisher_controller", "source": "informer source: 0xc00047ea78"}
2026-01-28T09:38:40.704882317Z 2026-01-28T09:38:40.704Z	INFO	operator.init	runtime/asm_amd64.s:1700	Starting EventSource	{"controller": "ingress_controller", "source": "kind source: *v1.DNSRecord"}
2026-01-28T09:38:40.704882317Z 2026-01-28T09:38:40.704Z	INFO	operator.init	runtime/asm_amd64.s:1700	Starting EventSource	{"controller": "ingress_controller", "source": "kind source: *v1.Deployment"}
2026-01-28T09:38:40.704902128Z 2026-01-28T09:38:40.704Z	INFO	operator.init	runtime/asm_amd64.s:1700	Starting EventSource	{"controller": "configurable_route_controller", "source": "kind source: *v1.Ingress"}
2026-01-28T09:38:40.704902128Z 2026-01-28T09:38:40.704Z	INFO	operator.init	runtime/asm_amd64.s:1700	Starting EventSource	{"controller": "ingress_controller", "source": "kind source: *v1.Ingress"}
2026-01-28T09:38:40.704990673Z 2026-01-28T09:38:40.704Z	INFO	operator.init	runtime/asm_amd64.s:1700	Starting EventSource	{"controller": "ingress_controller", "source": "kind source: *v1.Proxy"}
2026-01-28T09:38:40.705626035Z 2026-01-28T09:38:40.703Z	INFO	operator.init	runtime/asm_amd64.s:1700	Starting EventSource	{"controller": "certificate_controller", "source": "kind source: *v1.IngressController"}
2026-01-28T09:38:40.705827065Z 2026-01-28T09:38:40.705Z	INFO	operator.init	runtime/asm_amd64.s:1700	Starting EventSource	{"controller": "ingressclass_controller", "source": "kind source: *v1.IngressClass"}
2026-01-28T09:38:40.706238675Z 2026-01-28T09:38:40.706Z	INFO	operator.init	runtime/asm_amd64.s:1700	Starting EventSource	{"controller": "monitoring_dashboard_controller", "source": "kind source: *v1.Infrastructure"}
2026-01-28T09:38:40.706457156Z 2026-01-28T09:38:40.706Z	INFO	operator.init	runtime/asm_amd64.s:1700	Starting EventSource	{"controller": "canary_controller", "source": "kind source: *v1.IngressController"}
2026-01-28T09:38:40.706539720Z 2026-01-28T09:38:40.704Z	INFO	operator.init	runtime/asm_amd64.s:1700	Starting EventSource	{"controller": "configurable_route_controller", "source": "kind source: *v1.RoleBinding"}
2026-01-28T09:38:40.707113809Z 2026-01-28T09:38:40.706Z	INFO	operator.init	runtime/asm_amd64.s:1700	Starting EventSource	{"controller": "canary_controller", "source": "kind source: *v1.Route"}
2026-01-28T09:38:40.707390893Z 2026-01-28T09:38:40.707Z	INFO	operator.init	runtime/asm_amd64.s:1700	Starting EventSource	{"controller": "canary_controller", "source": "kind source: *v1.DaemonSet"}
2026-01-28T09:38:40.707909569Z 2026-01-28T09:38:40.704Z	INFO	operator.init	runtime/asm_amd64.s:1700	Starting EventSource	{"controller": "error_page_configmap_controller", "source": "kind source: *v1.ConfigMap"}
2026-01-28T09:38:40.708272177Z 2026-01-28T09:38:40.705Z	INFO	operator.init	runtime/asm_amd64.s:1700	Starting EventSource	{"controller": "clientca_configmap_controller", "source": "kind source: *v1.ConfigMap"}
2026-01-28T09:38:40.708477607Z 2026-01-28T09:38:40.708Z	INFO	operator.init	runtime/asm_amd64.s:1700	Starting EventSource	{"controller": "ingressclass_controller", "source": "kind source: *v1.IngressController"}
2026-01-28T09:38:40.708588423Z 2026-01-28T09:38:40.704Z	INFO	operator.init	runtime/asm_amd64.s:1700	Starting EventSource	{"controller": "configurable_route_controller", "source": "kind source: *v1.Role"}
2026-01-28T09:38:40.708618905Z 2026-01-28T09:38:40.705Z	INFO	operator.init	runtime/asm_amd64.s:1700	Starting EventSource	{"controller": "status_controller", "source": "kind source: *v1.IngressController"}
2026-01-28T09:38:40.708642596Z 2026-01-28T09:38:40.705Z	INFO	operator.init	runtime/asm_amd64.s:1700	Starting EventSource	{"controller": "status_controller", "source": "kind source: *v1.ClusterOperator"}
2026-01-28T09:38:40.708668437Z 2026-01-28T09:38:40.705Z	INFO	operator.init	runtime/asm_amd64.s:1700	Starting EventSource	{"controller": "dns_controller", "source": "kind source: *v1.DNSRecord"}
2026-01-28T09:38:40.708696369Z 2026-01-28T09:38:40.705Z	INFO	operator.init	runtime/asm_amd64.s:1700	Starting EventSource	{"controller": "crl", "source": "informer source: 0xc00047ee50"}
2026-01-28T09:38:40.708735071Z 2026-01-28T09:38:40.705Z	INFO	operator.init	runtime/asm_amd64.s:1700	Starting EventSource	{"controller": "status_controller", "source": "kind source: *v1alpha1.Subscription"}
2026-01-28T09:38:40.708805714Z 2026-01-28T09:38:40.705Z	INFO	operator.init	runtime/asm_amd64.s:1700	Starting EventSource	{"controller": "dns_controller", "source": "kind source: *v1.DNS"}
2026-01-28T09:38:40.708835785Z 2026-01-28T09:38:40.705Z	INFO	operator.init	runtime/asm_amd64.s:1700	Starting EventSource	{"controller": "status_controller", "source": "kind source: *v1.CustomResourceDefinition"}
2026-01-28T09:38:40.708868887Z 2026-01-28T09:38:40.705Z	INFO	operator.init	runtime/asm_amd64.s:1700	Starting EventSource	{"controller": "dns_controller", "source": "kind source: *v1.Infrastructure"}
2026-01-28T09:38:40.708922760Z 2026-01-28T09:38:40.705Z	INFO	operator.init	runtime/asm_amd64.s:1700	Starting EventSource	{"controller": "clientca_configmap_controller", "source": "kind source: *v1.IngressController"}
2026-01-28T09:38:40.708922760Z 2026-01-28T09:38:40.705Z	INFO	operator.init	runtime/asm_amd64.s:1700	Starting EventSource	{"controller": "error_page_configmap_controller", "source": "kind source: *v1.IngressController"}
2026-01-28T09:38:40.708922760Z 2026-01-28T09:38:40.705Z	INFO	operator.init	runtime/asm_amd64.s:1700	Starting EventSource	{"controller": "error_page_configmap_controller", "source": "kind source: *v1.ConfigMap"}
2026-01-28T09:38:40.709192773Z 2026-01-28T09:38:40.709Z	INFO	operator.init	runtime/asm_amd64.s:1700	Starting EventSource	{"controller": "route_metrics_controller", "source": "kind source: *v1.Route"}
2026-01-28T09:38:40.709456336Z 2026-01-28T09:38:40.709Z	INFO	operator.init	runtime/asm_amd64.s:1700	Starting EventSource	{"controller": "monitoring_dashboard_controller", "source": "kind source: *v1.ConfigMap"}
2026-01-28T09:38:40.709539271Z 2026-01-28T09:38:40.709Z	INFO	operator.init	runtime/asm_amd64.s:1700	Starting EventSource	{"controller": "route_metrics_controller", "source": "kind source: *v1.IngressController"}
2026-01-28T09:38:40.709652506Z 2026-01-28T09:38:40.709Z	INFO	operator.init	runtime/asm_amd64.s:1700	Starting EventSource	{"controller": "gatewayapi_controller", "source": "kind source: *v1.CustomResourceDefinition"}
2026-01-28T09:38:40.709762792Z 2026-01-28T09:38:40.709Z	INFO	operator.init	runtime/asm_amd64.s:1700	Starting EventSource	{"controller": "gatewayapi_controller", "source": "kind source: *v1.FeatureGate"}
2026-01-28T09:38:40.712941661Z 2026-01-28T09:38:40.712Z	ERROR	operator.init.controller-runtime.source.EventHandler	wait/loop.go:53	if kind is a CRD, it should be installed before calling Start	{"kind": "Route.route.openshift.io", "error": "failed to get restmapping: no matches for kind \"Route\" in version \"route.openshift.io/v1\""}
2026-01-28T09:38:40.714791614Z 2026-01-28T09:38:40.714Z	INFO	operator.certificate_publisher_controller	handler/enqueue_mapped.go:140	queueing ingresscontroller	{"name": "default"}
2026-01-28T09:38:40.718388624Z 2026-01-28T09:38:40.718Z	ERROR	operator.init.controller-runtime.source.EventHandler	wait/loop.go:53	failed to get informer from cache	{"error": "unable to retrieve the complete list of server APIs: route.openshift.io/v1: no matches for route.openshift.io/v1, Resource="}
2026-01-28T09:38:40.804604823Z 2026-01-28T09:38:40.804Z	INFO	operator.init	controller/controller.go:262	Starting Controller	{"controller": "certificate_publisher_controller"}
2026-01-28T09:38:40.804756501Z 2026-01-28T09:38:40.804Z	INFO	operator.init	controller/controller.go:262	Starting workers	{"controller": "certificate_publisher_controller", "worker count": 1}
2026-01-28T09:38:40.804835515Z 2026-01-28T09:38:40.804Z	INFO	operator.ingress_controller	handler/enqueue_mapped.go:140	queueing ingresscontroller	{"name": "default", "related": ""}
2026-01-28T09:38:40.805086928Z 2026-01-28T09:38:40.804Z	INFO	operator.certificate_publisher_controller	controller/controller.go:119	Reconciling	{"request": {"name":"default","namespace":"openshift-ingress-operator"}}
2026-01-28T09:38:40.805180282Z 2026-01-28T09:38:40.805Z	INFO	operator.ingress_controller	handler/enqueue_mapped.go:140	queueing ingresscontroller	{"name": "default", "related": ""}
2026-01-28T09:38:40.806383003Z 2026-01-28T09:38:40.806Z	INFO	operator.ingress_controller	handler/enqueue_mapped.go:140	queueing ingresscontroller	{"name": "default", "related": ""}
2026-01-28T09:38:40.806626445Z 2026-01-28T09:38:40.806Z	INFO	operator.ingress_controller	handler/enqueue_mapped.go:140	queueing ingresscontroller	{"name": "default", "related": ""}
2026-01-28T09:38:40.814508800Z 2026-01-28T09:38:40.814Z	INFO	operator.dns_controller	handler/enqueue_mapped.go:140	queueing dnsrecord	{"name": "default-wildcard", "related": ""}
2026-01-28T09:38:40.814691889Z 2026-01-28T09:38:40.814Z	INFO	operator.dns_controller	handler/enqueue_mapped.go:140	queueing dnsrecord	{"name": "default-wildcard", "related": ""}
2026-01-28T09:38:40.815322880Z 2026-01-28T09:38:40.815Z	INFO	operator.dns_controller	handler/enqueue_mapped.go:140	queueing dnsrecord	{"name": "default-wildcard", "related": ""}
2026-01-28T09:38:41.006551891Z 2026-01-28T09:38:41.006Z	INFO	operator.init	controller/controller.go:262	Starting Controller	{"controller": "crl"}
2026-01-28T09:38:41.006637045Z 2026-01-28T09:38:41.006Z	INFO	operator.init	controller/controller.go:262	Starting workers	{"controller": "crl", "worker count": 1}
2026-01-28T09:38:41.208325760Z 2026-01-28T09:38:41.208Z	INFO	operator.init	controller/controller.go:262	Starting Controller	{"controller": "monitoring_dashboard_controller"}
2026-01-28T09:38:41.208431375Z 2026-01-28T09:38:41.208Z	INFO	operator.init	controller/controller.go:262	Starting workers	{"controller": "monitoring_dashboard_controller", "worker count": 1}
2026-01-28T09:38:41.208706499Z 2026-01-28T09:38:41.208Z	INFO	operator.init	controller/controller.go:262	Starting Controller	{"controller": "certificate_controller"}
2026-01-28T09:38:41.208779423Z 2026-01-28T09:38:41.208Z	INFO	operator.init	controller/controller.go:262	Starting Controller	{"controller": "clientca_configmap_controller"}
2026-01-28T09:38:41.208779423Z 2026-01-28T09:38:41.208Z	INFO	operator.init	controller/controller.go:262	Starting workers	{"controller": "clientca_configmap_controller", "worker count": 1}
2026-01-28T09:38:41.208820835Z 2026-01-28T09:38:41.208Z	INFO	operator.init	controller/controller.go:262	Starting workers	{"controller": "certificate_controller", "worker count": 1}
2026-01-28T09:38:41.208866307Z 2026-01-28T09:38:41.208Z	INFO	operator.ingress_controller	handler/enqueue_mapped.go:140	queueing ingress	{"name": "default", "related": ""}
2026-01-28T09:38:41.208946541Z 2026-01-28T09:38:41.208Z	INFO	operator.ingress_controller	handler/enqueue_mapped.go:140	queueing ingress	{"name": "default", "related": ""}
2026-01-28T09:38:41.208983503Z 2026-01-28T09:38:41.208Z	INFO	operator.certificate_controller	controller/controller.go:119	Reconciling	{"request": {"name":"default","namespace":"openshift-ingress-operator"}}
2026-01-28T09:38:41.217167433Z 2026-01-28T09:38:41.217Z	INFO	operator.init	controller/controller.go:262	Starting Controller	{"controller": "error_page_configmap_controller"}
2026-01-28T09:38:41.217262568Z 2026-01-28T09:38:41.217Z	INFO	operator.init	controller/controller.go:262	Starting workers	{"controller": "error_page_configmap_controller", "worker count": 1}
2026-01-28T09:38:41.309137040Z 2026-01-28T09:38:41.308Z	INFO	operator.init	controller/controller.go:262	Starting Controller	{"controller": "ingressclass_controller"}
2026-01-28T09:38:41.309240976Z 2026-01-28T09:38:41.309Z	INFO	operator.init	controller/controller.go:262	Starting workers	{"controller": "ingressclass_controller", "worker count": 1}
2026-01-28T09:38:41.309333710Z 2026-01-28T09:38:41.309Z	INFO	operator.ingress_controller	handler/enqueue_mapped.go:140	queueing ingress	{"name": "default", "related": ""}
2026-01-28T09:38:41.309400354Z 2026-01-28T09:38:41.309Z	INFO	operator.init	controller/controller.go:262	Starting Controller	{"controller": "ingress_controller"}
2026-01-28T09:38:41.309456187Z 2026-01-28T09:38:41.309Z	INFO	operator.init	controller/controller.go:262	Starting workers	{"controller": "ingress_controller", "worker count": 1}
2026-01-28T09:38:41.309509199Z 2026-01-28T09:38:41.309Z	INFO	operator.init	controller/controller.go:262	Starting Controller	{"controller": "dns_controller"}
2026-01-28T09:38:41.309593303Z 2026-01-28T09:38:41.309Z	INFO	operator.init	controller/controller.go:262	Starting workers	{"controller": "dns_controller", "worker count": 1}
2026-01-28T09:38:41.309678618Z 2026-01-28T09:38:41.309Z	INFO	operator.dns_controller	controller/controller.go:119	reconciling	{"request": {"name":"default-wildcard","namespace":"openshift-ingress-operator"}}
2026-01-28T09:38:41.310000964Z 2026-01-28T09:38:41.309Z	INFO	operator.ingressclass_controller	controller/controller.go:119	reconciling	{"request": {"name":"default","namespace":"openshift-ingress-operator"}}
2026-01-28T09:38:41.310193944Z 2026-01-28T09:38:41.309Z	INFO	operator.ingress_controller	controller/controller.go:119	reconciling	{"request": {"name":"default","namespace":"openshift-ingress-operator"}}
2026-01-28T09:38:41.317662578Z 2026-01-28T09:38:41.317Z	INFO	operator.init	controller/controller.go:262	Starting Controller	{"controller": "gatewayapi_controller"}
2026-01-28T09:38:41.317721081Z 2026-01-28T09:38:41.317Z	INFO	operator.init	controller/controller.go:262	Starting workers	{"controller": "gatewayapi_controller", "worker count": 1}
2026-01-28T09:38:41.318324131Z 2026-01-28T09:38:41.318Z	INFO	operator.gatewayapi_controller	controller/controller.go:119	reconciling	{"request": {"name":"cluster"}}
2026-01-28T09:38:41.318597265Z 2026-01-28T09:38:41.318Z	INFO	operator.init	controller/controller.go:262	Starting Controller	{"controller": "configurable_route_controller"}
2026-01-28T09:38:41.318660868Z 2026-01-28T09:38:41.318Z	INFO	operator.init	controller/controller.go:262	Starting workers	{"controller": "configurable_route_controller", "worker count": 1}
2026-01-28T09:38:41.318717320Z 2026-01-28T09:38:41.318Z	INFO	operator.init	controller/controller.go:262	Starting Controller	{"controller": "status_controller"}
2026-01-28T09:38:41.318760953Z 2026-01-28T09:38:41.318Z	INFO	operator.init	controller/controller.go:262	Starting workers	{"controller": "status_controller", "worker count": 1}
2026-01-28T09:38:41.318842457Z 2026-01-28T09:38:41.318Z	INFO	operator.status_controller	controller/controller.go:119	Reconciling	{"request": {"name":"default","namespace":"openshift-ingress-operator"}}
2026-01-28T09:38:41.319049267Z 2026-01-28T09:38:41.318Z	INFO	operator.dns	dns/controller.go:661	using region from operator config	{"region name": "us-west-1"}
2026-01-28T09:38:41.319360403Z 2026-01-28T09:38:41.319Z	INFO	operator.dns	dns/controller.go:661	Created tags client	{"endpoint": "https://tagging.us-east-1.amazonaws.com"}
2026-01-28T09:38:41.319512120Z 2026-01-28T09:38:41.319Z	INFO	operator.dns	dns/controller.go:661	Created elb client	{"endpoint": "https://elasticloadbalancing.us-west-1.amazonaws.com"}
2026-01-28T09:38:41.319578084Z 2026-01-28T09:38:41.319Z	INFO	operator.dns	dns/controller.go:661	Created elbv2 client	{"endpoint": "https://elasticloadbalancing.us-west-1.amazonaws.com"}
2026-01-28T09:38:41.319636597Z 2026-01-28T09:38:41.319Z	INFO	operator.dns	dns/controller.go:661	Created route53 client	{"endpoint": "https://route53.amazonaws.com"}
2026-01-28T09:38:41.319943062Z 2026-01-28T09:38:41.318Z	INFO	operator.configurable_route_controller	controller/controller.go:119	reconciling	{"request": {"name":"cluster"}}
2026-01-28T09:38:41.430110731Z 2026-01-28T09:38:41.430Z	ERROR	operator.init	controller/controller.go:294	Reconciler error	{"controller": "status_controller", "object": {"name":"default","namespace":"openshift-ingress-operator"}, "namespace": "openshift-ingress-operator", "name": "default", "reconcileID": "28391834-fbc1-4915-9ea5-f4b9e93bc1ef", "error": "failed to get operator state: failed to list gateway classes: Index with name field:gatewayclassController does not exist"}
2026-01-28T09:38:41.436156944Z 2026-01-28T09:38:41.436Z	INFO	operator.status_controller	controller/controller.go:119	Reconciling	{"request": {"name":"default","namespace":"openshift-ingress-operator"}}
2026-01-28T09:38:41.445847589Z 2026-01-28T09:38:41.445Z	ERROR	operator.init	controller/controller.go:294	Reconciler error	{"controller": "status_controller", "object": {"name":"default","namespace":"openshift-ingress-operator"}, "namespace": "openshift-ingress-operator", "name": "default", "reconcileID": "7862e90e-bf93-4745-bf24-d5f1c759e1e5", "error": "failed to get operator state: failed to list gateway classes: Index with name field:gatewayclassController does not exist"}
2026-01-28T09:38:41.457736055Z 2026-01-28T09:38:41.457Z	INFO	operator.status_controller	controller/controller.go:119	Reconciling	{"request": {"name":"default","namespace":"openshift-ingress-operator"}}
2026-01-28T09:38:41.463995909Z 2026-01-28T09:38:41.463Z	ERROR	operator.init	controller/controller.go:294	Reconciler error	{"controller": "status_controller", "object": {"name":"default","namespace":"openshift-ingress-operator"}, "namespace": "openshift-ingress-operator", "name": "default", "reconcileID": "6ec5e96a-b460-44d5-b794-d46df26f74b1", "error": "failed to get operator state: failed to list gateway classes: Index with name field:gatewayclassController does not exist"}
2026-01-28T09:38:41.469395439Z 2026-01-28T09:38:41.469Z	ERROR	operator.ingress_controller	controller/controller.go:119	got retryable error; requeueing	{"after": "1m0s", "error": "IngressController is degraded: DeploymentAvailable=False (DeploymentUnavailable: The deployment has Available status condition set to False (reason: MinimumReplicasUnavailable) with message: Deployment does not have minimum availability.), DeploymentReplicasMinAvailable=False (DeploymentMinimumReplicasNotMet: 0/2 of replicas are available, max unavailable is 1: Some pods are not scheduled: Pod \"router-default-69d986749c-g44cn\" cannot be scheduled: 0/4 nodes are available: 1 node(s) didn't match pod anti-affinity rules, 3 node(s) had untolerated taint {node-role.kubernetes.io/master: }. preemption: 0/4 nodes are available: 1 node(s) didn't match pod anti-affinity rules, 3 Preemption is not helpful for scheduling. Make sure you have sufficient worker nodes.)"}
2026-01-28T09:38:41.484149058Z 2026-01-28T09:38:41.484Z	INFO	operator.status_controller	controller/controller.go:119	Reconciling	{"request": {"name":"default","namespace":"openshift-ingress-operator"}}
2026-01-28T09:38:41.490748209Z 2026-01-28T09:38:41.490Z	ERROR	operator.init	controller/controller.go:294	Reconciler error	{"controller": "status_controller", "object": {"name":"default","namespace":"openshift-ingress-operator"}, "namespace": "openshift-ingress-operator", "name": "default", "reconcileID": "5100730b-cadb-4785-93e2-2f56a974d091", "error": "failed to get operator state: failed to list gateway classes: Index with name field:gatewayclassController does not exist"}
2026-01-28T09:38:41.531515951Z 2026-01-28T09:38:41.531Z	INFO	operator.status_controller	controller/controller.go:119	Reconciling	{"request": {"name":"default","namespace":"openshift-ingress-operator"}}
2026-01-28T09:38:41.538494941Z 2026-01-28T09:38:41.538Z	ERROR	operator.init	controller/controller.go:294	Reconciler error	{"controller": "status_controller", "object": {"name":"default","namespace":"openshift-ingress-operator"}, "namespace": "openshift-ingress-operator", "name": "default", "reconcileID": "319e3eb1-30b9-4cab-b49e-bf4bce54f822", "error": "failed to get operator state: failed to list gateway classes: Index with name field:gatewayclassController does not exist"}
2026-01-28T09:38:41.551317873Z 2026-01-28T09:38:41.551Z	INFO	operator.init	runtime/asm_amd64.s:1700	Starting EventSource	{"controller": "gateway_labeler_controller", "source": "kind source: *v1.Gateway"}
2026-01-28T09:38:41.551409478Z 2026-01-28T09:38:41.551Z	INFO	operator.init	runtime/asm_amd64.s:1700	Starting EventSource	{"controller": "service_dns_controller", "source": "kind source: *v1.Gateway"}
2026-01-28T09:38:41.551629489Z 2026-01-28T09:38:41.551Z	INFO	operator.init	runtime/asm_amd64.s:1700	Starting EventSource	{"controller": "service_dns_controller", "source": "kind source: *v1.Service"}
2026-01-28T09:38:41.551789007Z 2026-01-28T09:38:41.551Z	INFO	operator.init	runtime/asm_amd64.s:1700	Starting EventSource	{"controller": "gateway_labeler_controller", "source": "kind source: *v1.GatewayClass"}
2026-01-28T09:38:41.551934424Z 2026-01-28T09:38:41.551Z	INFO	operator.init	runtime/asm_amd64.s:1700	Starting EventSource	{"controller": "service_dns_controller", "source": "kind source: *v1.DNSRecord"}
2026-01-28T09:38:41.552009108Z 2026-01-28T09:38:41.551Z	INFO	operator.init	runtime/asm_amd64.s:1700	Starting EventSource	{"controller": "gatewayclass_controller", "source": "kind source: *v1.GatewayClass"}
2026-01-28T09:38:41.552039199Z 2026-01-28T09:38:41.551Z	INFO	operator.init	runtime/asm_amd64.s:1700	Starting EventSource	{"controller": "gatewayclass_controller", "source": "kind source: *v1alpha1.Subscription"}
2026-01-28T09:38:41.552209838Z 2026-01-28T09:38:41.552Z	INFO	operator.init	runtime/asm_amd64.s:1700	Starting EventSource	{"controller": "gatewayclass_controller", "source": "kind source: *v1alpha1.InstallPlan"}
2026-01-28T09:38:41.552245630Z 2026-01-28T09:38:41.551Z	INFO	operator.init	runtime/asm_amd64.s:1700	Starting EventSource	{"controller": "gatewayclass_controller", "source": "kind source: *v1.CustomResourceDefinition"}
2026-01-28T09:38:41.619315910Z 2026-01-28T09:38:41.619Z	INFO	operator.status_controller	controller/controller.go:119	Reconciling	{"request": {"name":"default","namespace":"openshift-ingress-operator"}}
2026-01-28T09:38:41.647236469Z 2026-01-28T09:38:41.637Z	INFO	operator.status_controller	controller/controller.go:119	Reconciling	{"request": {"name":"default","namespace":"openshift-ingress-operator"}}
2026-01-28T09:38:41.659621789Z 2026-01-28T09:38:41.659Z	INFO	operator.init	controller/controller.go:262	Starting Controller	{"controller": "gateway_labeler_controller"}
2026-01-28T09:38:41.659621789Z 2026-01-28T09:38:41.659Z	INFO	operator.init	controller/controller.go:262	Starting workers	{"controller": "gateway_labeler_controller", "worker count": 1}
2026-01-28T09:38:41.987481254Z 2026-01-28T09:38:41.987Z	INFO	operator.dns_controller	dns/controller.go:183	skipping zone to which the DNS record is already published	{"record": {"dnsName":"*.apps.ci-ln-vjb5l1t-76ef8.XXXXXXXXXXXXXXXXXXXXXX.","targets":["a76ab11fa04cb45a68cab84e9060b467-651916475.us-west-1.elb.amazonaws.com"],"recordType":"CNAME","recordTTL":30,"dnsManagementPolicy":"Managed"}, "dnszone": {"tags":{"Name":"ci-ln-vjb5l1t-76ef8-snmcd-int","kubernetes.io/cluster/ci-ln-vjb5l1t-76ef8-snmcd":"owned"}}}
2026-01-28T09:38:41.987481254Z 2026-01-28T09:38:41.987Z	INFO	operator.dns_controller	dns/controller.go:183	skipping zone to which the DNS record is already published	{"record": {"dnsName":"*.apps.ci-ln-vjb5l1t-76ef8.XXXXXXXXXXXXXXXXXXXXXX.","targets":["a76ab11fa04cb45a68cab84e9060b467-651916475.us-west-1.elb.amazonaws.com"],"recordType":"CNAME","recordTTL":30,"dnsManagementPolicy":"Managed"}, "dnszone": {"id":"Z0764857NINJVO7A6ST2"}}
2026-01-28T09:38:42.156008926Z 2026-01-28T09:38:42.155Z	INFO	operator.init	controller/controller.go:262	Starting Controller	{"controller": "gatewayclass_controller"}
2026-01-28T09:38:42.156008926Z 2026-01-28T09:38:42.155Z	INFO	operator.init	controller/controller.go:262	Starting workers	{"controller": "gatewayclass_controller", "worker count": 1}
2026-01-28T09:38:42.156008926Z 2026-01-28T09:38:42.155Z	INFO	operator.init	controller/controller.go:262	Starting Controller	{"controller": "service_dns_controller"}
2026-01-28T09:38:42.156098111Z 2026-01-28T09:38:42.156Z	INFO	operator.init	controller/controller.go:262	Starting workers	{"controller": "service_dns_controller", "worker count": 1}
2026-01-28T09:38:50.709912544Z 2026-01-28T09:38:50.709Z	ERROR	operator.init.controller-runtime.source.EventHandler	wait/loop.go:87	if kind is a CRD, it should be installed before calling Start	{"kind": "Route.route.openshift.io", "error": "failed to get restmapping: no matches for kind \"Route\" in version \"route.openshift.io/v1\""}
2026-01-28T09:38:50.711399559Z 2026-01-28T09:38:50.711Z	ERROR	operator.init.controller-runtime.source.EventHandler	wait/loop.go:87	if kind is a CRD, it should be installed before calling Start	{"kind": "Route.route.openshift.io", "error": "no matches for kind \"Route\" in version \"route.openshift.io/v1\""}
2026-01-28T09:39:00.710622583Z 2026-01-28T09:39:00.710Z	ERROR	operator.init.controller-runtime.source.EventHandler	wait/loop.go:87	if kind is a CRD, it should be installed before calling Start	{"kind": "Route.route.openshift.io", "error": "failed to get restmapping: no matches for kind \"Route\" in version \"route.openshift.io/v1\""}
2026-01-28T09:39:00.710688436Z 2026-01-28T09:39:00.710Z	ERROR	operator.init.controller-runtime.source.EventHandler	wait/loop.go:87	if kind is a CRD, it should be installed before calling Start	{"kind": "Route.route.openshift.io", "error": "no matches for kind \"Route\" in version \"route.openshift.io/v1\""}
2026-01-28T09:39:10.708942068Z 2026-01-28T09:39:10.708Z	ERROR	operator.init.controller-runtime.source.EventHandler	wait/loop.go:87	if kind is a CRD, it should be installed before calling Start	{"kind": "Route.route.openshift.io", "error": "failed to get restmapping: no matches for kind \"Route\" in version \"route.openshift.io/v1\""}
2026-01-28T09:39:10.711156698Z 2026-01-28T09:39:10.711Z	ERROR	operator.init.controller-runtime.source.EventHandler	wait/loop.go:87	if kind is a CRD, it should be installed before calling Start	{"kind": "Route.route.openshift.io", "error": "no matches for kind \"Route\" in version \"route.openshift.io/v1\""}
2026-01-28T09:39:20.708627784Z 2026-01-28T09:39:20.708Z	ERROR	operator.init.controller-runtime.source.EventHandler	wait/loop.go:87	if kind is a CRD, it should be installed before calling Start	{"kind": "Route.route.openshift.io", "error": "failed to get restmapping: no matches for kind \"Route\" in version \"route.openshift.io/v1\""}
2026-01-28T09:39:20.711951421Z 2026-01-28T09:39:20.711Z	ERROR	operator.init.controller-runtime.source.EventHandler	wait/loop.go:87	if kind is a CRD, it should be installed before calling Start	{"kind": "Route.route.openshift.io", "error": "no matches for kind \"Route\" in version \"route.openshift.io/v1\""}
2026-01-28T09:39:30.709042794Z 2026-01-28T09:39:30.708Z	ERROR	operator.init.controller-runtime.source.EventHandler	wait/loop.go:87	if kind is a CRD, it should be installed before calling Start	{"kind": "Route.route.openshift.io", "error": "failed to get restmapping: no matches for kind \"Route\" in version \"route.openshift.io/v1\""}
2026-01-28T09:39:30.710502847Z 2026-01-28T09:39:30.710Z	ERROR	operator.init.controller-runtime.source.EventHandler	wait/loop.go:87	if kind is a CRD, it should be installed before calling Start	{"kind": "Route.route.openshift.io", "error": "no matches for kind \"Route\" in version \"route.openshift.io/v1\""}
2026-01-28T09:39:40.709390908Z 2026-01-28T09:39:40.709Z	ERROR	operator.init.controller-runtime.source.EventHandler	wait/loop.go:87	if kind is a CRD, it should be installed before calling Start	{"kind": "Route.route.openshift.io", "error": "failed to get restmapping: no matches for kind \"Route\" in version \"route.openshift.io/v1\""}
2026-01-28T09:39:40.710679603Z 2026-01-28T09:39:40.710Z	ERROR	operator.init.controller-runtime.source.EventHandler	wait/loop.go:87	if kind is a CRD, it should be installed before calling Start	{"kind": "Route.route.openshift.io", "error": "no matches for kind \"Route\" in version \"route.openshift.io/v1\""}
2026-01-28T09:39:41.470443699Z 2026-01-28T09:39:41.470Z	INFO	operator.ingress_controller	controller/controller.go:119	reconciling	{"request": {"name":"default","namespace":"openshift-ingress-operator"}}
2026-01-28T09:39:41.520067842Z 2026-01-28T09:39:41.519Z	ERROR	operator.ingress_controller	controller/controller.go:119	got retryable error; requeueing	{"after": "1m0s", "error": "IngressController is degraded: DeploymentAvailable=False (DeploymentUnavailable: The deployment has Available status condition set to False (reason: MinimumReplicasUnavailable) with message: Deployment does not have minimum availability.), DeploymentReplicasMinAvailable=False (DeploymentMinimumReplicasNotMet: 0/2 of replicas are available, max unavailable is 1: Some pods are not scheduled: Pod \"router-default-69d986749c-g44cn\" cannot be scheduled: 0/4 nodes are available: 1 node(s) didn't match pod anti-affinity rules, 3 node(s) had untolerated taint {node-role.kubernetes.io/master: }. preemption: 0/4 nodes are available: 1 node(s) didn't match pod anti-affinity rules, 3 Preemption is not helpful for scheduling. Make sure you have sufficient worker nodes.)"}
2026-01-28T09:39:50.710423924Z 2026-01-28T09:39:50.710Z	ERROR	operator.init.controller-runtime.source.EventHandler	wait/loop.go:87	if kind is a CRD, it should be installed before calling Start	{"kind": "Route.route.openshift.io", "error": "failed to get restmapping: no matches for kind \"Route\" in version \"route.openshift.io/v1\""}
2026-01-28T09:39:50.710610593Z 2026-01-28T09:39:50.710Z	ERROR	operator.init.controller-runtime.source.EventHandler	wait/loop.go:87	if kind is a CRD, it should be installed before calling Start	{"kind": "Route.route.openshift.io", "error": "no matches for kind \"Route\" in version \"route.openshift.io/v1\""}
2026-01-28T09:39:52.317605150Z 2026-01-28T09:39:52.317Z	INFO	operator.ingress_controller	handler/enqueue_mapped.go:140	queueing ingress	{"name": "default", "related": ""}
2026-01-28T09:39:52.317605150Z 2026-01-28T09:39:52.317Z	INFO	operator.ingress_controller	handler/enqueue_mapped.go:140	queueing ingress	{"name": "default", "related": ""}
2026-01-28T09:39:52.317670893Z 2026-01-28T09:39:52.317Z	INFO	operator.ingress_controller	controller/controller.go:119	reconciling	{"request": {"name":"default","namespace":"openshift-ingress-operator"}}
2026-01-28T09:39:52.652250280Z 2026-01-28T09:39:52.652Z	ERROR	operator.ingress_controller	controller/controller.go:119	got retryable error; requeueing	{"after": "1m0s", "error": "IngressController is degraded: DeploymentAvailable=False (DeploymentUnavailable: The deployment has Available status condition set to False (reason: MinimumReplicasUnavailable) with message: Deployment does not have minimum availability.), DeploymentReplicasMinAvailable=False (DeploymentMinimumReplicasNotMet: 0/2 of replicas are available, max unavailable is 1: Some pods are not scheduled: Pod \"router-default-69d986749c-g44cn\" cannot be scheduled: 0/4 nodes are available: 1 node(s) didn't match pod anti-affinity rules, 3 node(s) had untolerated taint {node-role.kubernetes.io/master: }. preemption: 0/4 nodes are available: 1 node(s) didn't match pod anti-affinity rules, 3 Preemption is not helpful for scheduling. Make sure you have sufficient worker nodes.)"}
2026-01-28T09:40:05.709987693Z 2026-01-28T09:40:05.709Z	ERROR	operator.init.controller-runtime.source.EventHandler	wait/loop.go:87	failed to get informer from cache	{"error": "failed to get restmapping: failed to get API group resources: unable to retrieve the complete list of server APIs: route.openshift.io/v1: the server is currently unable to handle the request"}
2026-01-28T09:40:05.711849595Z 2026-01-28T09:40:05.711Z	ERROR	operator.init.controller-runtime.source.EventHandler	wait/loop.go:87	failed to get informer from cache	{"error": "failed to get API group resources: unable to retrieve the complete list of server APIs: route.openshift.io/v1: the server is currently unable to handle the request"}
2026-01-28T09:40:09.266784503Z 2026-01-28T09:40:09.266Z	INFO	operator.ingress_controller	handler/enqueue_mapped.go:140	queueing ingresscontroller	{"name": "default", "related": ""}
2026-01-28T09:40:09.266905559Z 2026-01-28T09:40:09.266Z	INFO	operator.ingress_controller	handler/enqueue_mapped.go:140	queueing ingresscontroller	{"name": "default", "related": ""}
2026-01-28T09:40:09.267032755Z 2026-01-28T09:40:09.266Z	INFO	operator.ingress_controller	controller/controller.go:119	reconciling	{"request": {"name":"default","namespace":"openshift-ingress-operator"}}
2026-01-28T09:40:09.267455266Z 2026-01-28T09:40:09.267Z	INFO	operator.configurable_route_controller	controller/controller.go:119	reconciling	{"request": {"name":"cluster"}}
2026-01-28T09:40:09.417006839Z 2026-01-28T09:40:09.416Z	ERROR	operator.ingress_controller	controller/controller.go:119	got retryable error; requeueing	{"after": "1m0s", "error": "IngressController is degraded: DeploymentAvailable=False (DeploymentUnavailable: The deployment has Available status condition set to False (reason: MinimumReplicasUnavailable) with message: Deployment does not have minimum availability.), DeploymentReplicasMinAvailable=False (DeploymentMinimumReplicasNotMet: 0/2 of replicas are available, max unavailable is 1: Some pods are not scheduled: Pod \"router-default-69d986749c-g44cn\" cannot be scheduled: 0/4 nodes are available: 1 node(s) didn't match pod anti-affinity rules, 3 node(s) had untolerated taint {node-role.kubernetes.io/master: }. preemption: 0/4 nodes are available: 1 node(s) didn't match pod anti-affinity rules, 3 Preemption is not helpful for scheduling. Make sure you have sufficient worker nodes.)"}
2026-01-28T09:40:15.708465391Z 2026-01-28T09:40:15.708Z	ERROR	operator.init.controller-runtime.source.EventHandler	wait/loop.go:87	failed to get informer from cache	{"error": "failed to get restmapping: failed to get API group resources: unable to retrieve the complete list of server APIs: route.openshift.io/v1: the server is currently unable to handle the request"}
2026-01-28T09:40:15.710838228Z 2026-01-28T09:40:15.710Z	ERROR	operator.init.controller-runtime.source.EventHandler	wait/loop.go:87	failed to get informer from cache	{"error": "failed to get API group resources: unable to retrieve the complete list of server APIs: route.openshift.io/v1: the server is currently unable to handle the request"}
2026-01-28T09:40:25.158654648Z 2026-01-28T09:40:25.158Z	INFO	operator.configurable_route_controller	controller/controller.go:119	reconciling	{"request": {"name":"cluster"}}
2026-01-28T09:40:25.709765470Z 2026-01-28T09:40:25.709Z	ERROR	operator.init.controller-runtime.source.EventHandler	wait/loop.go:87	failed to get informer from cache	{"error": "failed to get restmapping: failed to get API group resources: unable to retrieve the complete list of server APIs: route.openshift.io/v1: the server is currently unable to handle the request"}
2026-01-28T09:40:25.709863165Z 2026-01-28T09:40:25.709Z	INFO	operator.ingress_controller	handler/enqueue_mapped.go:140	queueing ingresscontroller	{"name": "default", "related": ""}
2026-01-28T09:40:25.709923418Z 2026-01-28T09:40:25.709Z	INFO	operator.ingress_controller	handler/enqueue_mapped.go:140	queueing ingresscontroller	{"name": "default", "related": ""}
2026-01-28T09:40:25.710001372Z 2026-01-28T09:40:25.709Z	INFO	operator.ingress_controller	controller/controller.go:119	reconciling	{"request": {"name":"default","namespace":"openshift-ingress-operator"}}
2026-01-28T09:40:25.710871834Z 2026-01-28T09:40:25.710Z	ERROR	operator.init.controller-runtime.source.EventHandler	wait/loop.go:87	failed to get informer from cache	{"error": "failed to get API group resources: unable to retrieve the complete list of server APIs: route.openshift.io/v1: the server is currently unable to handle the request"}
2026-01-28T09:40:25.773287873Z 2026-01-28T09:40:25.773Z	ERROR	operator.ingress_controller	controller/controller.go:119	got retryable error; requeueing	{"after": "1m0s", "error": "IngressController is degraded: DeploymentAvailable=False (DeploymentUnavailable: The deployment has Available status condition set to False (reason: MinimumReplicasUnavailable) with message: Deployment does not have minimum availability.), DeploymentReplicasMinAvailable=False (DeploymentMinimumReplicasNotMet: 0/2 of replicas are available, max unavailable is 1: Some pods are not scheduled: Pod \"router-default-69d986749c-g44cn\" cannot be scheduled: 0/4 nodes are available: 1 node(s) didn't match pod anti-affinity rules, 3 node(s) had untolerated taint {node-role.kubernetes.io/master: }. preemption: 0/4 nodes are available: 1 node(s) didn't match pod anti-affinity rules, 3 Preemption is not helpful for scheduling. Make sure you have sufficient worker nodes.)"}
2026-01-28T09:40:35.709970078Z 2026-01-28T09:40:35.709Z	ERROR	operator.init.controller-runtime.source.EventHandler	wait/loop.go:87	failed to get informer from cache	{"error": "failed to get restmapping: failed to get API group resources: unable to retrieve the complete list of server APIs: route.openshift.io/v1: the server is currently unable to handle the request"}
2026-01-28T09:40:35.711919115Z 2026-01-28T09:40:35.711Z	ERROR	operator.init.controller-runtime.source.EventHandler	wait/loop.go:87	failed to get informer from cache	{"error": "failed to get API group resources: unable to retrieve the complete list of server APIs: route.openshift.io/v1: the server is currently unable to handle the request"}
2026-01-28T09:40:40.707508729Z 2026-01-28T09:40:40.707Z	ERROR	operator.init	runtime/asm_amd64.s:1700	Could not wait for Cache to sync	{"controller": "canary_controller", "source": "kind source: *v1.Route", "error": "failed to wait for canary_controller caches to sync kind source: *v1.Route: timed out waiting for cache to be synced for Kind *v1.Route"}
2026-01-28T09:40:40.707553751Z 2026-01-28T09:40:40.707Z	INFO	operator.init	runtime/asm_amd64.s:1700	Stopping and waiting for non leader election runnables
2026-01-28T09:40:40.707780122Z 2026-01-28T09:40:40.707Z	INFO	operator.init	runtime/asm_amd64.s:1700	Stopping and waiting for leader election runnables
2026-01-28T09:40:40.707804264Z 2026-01-28T09:40:40.707Z	INFO	operator.init	manager/runnable_group.go:226	Shutdown signal received, waiting for all workers to finish	{"controller": "configurable_route_controller"}
2026-01-28T09:40:40.707817124Z 2026-01-28T09:40:40.707Z	INFO	operator.init	manager/runnable_group.go:226	Shutdown signal received, waiting for all workers to finish	{"controller": "gatewayapi_controller"}
2026-01-28T09:40:40.707817124Z 2026-01-28T09:40:40.707Z	INFO	operator.init	manager/runnable_group.go:226	Shutdown signal received, waiting for all workers to finish	{"controller": "status_controller"}
2026-01-28T09:40:40.707828585Z 2026-01-28T09:40:40.707Z	INFO	operator.init	manager/runnable_group.go:226	Shutdown signal received, waiting for all workers to finish	{"controller": "dns_controller"}
2026-01-28T09:40:40.707828585Z 2026-01-28T09:40:40.707Z	INFO	operator.init	gatewayapi/controller.go:187	Shutdown signal received, waiting for all workers to finish	{"controller": "service_dns_controller"}
2026-01-28T09:40:40.707828585Z 2026-01-28T09:40:40.707Z	INFO	operator.init	manager/runnable_group.go:226	Shutdown signal received, waiting for all workers to finish	{"controller": "ingress_controller"}
2026-01-28T09:40:40.707841155Z 2026-01-28T09:40:40.707Z	INFO	operator.init	gatewayapi/controller.go:187	All workers finished	{"controller": "service_dns_controller"}
2026-01-28T09:40:40.707841155Z 2026-01-28T09:40:40.707Z	INFO	operator.init	gatewayapi/controller.go:187	Shutdown signal received, waiting for all workers to finish	{"controller": "gateway_labeler_controller"}
2026-01-28T09:40:40.707841155Z 2026-01-28T09:40:40.707Z	INFO	operator.init	manager/runnable_group.go:226	Shutdown signal received, waiting for all workers to finish	{"controller": "ingressclass_controller"}
2026-01-28T09:40:40.707841155Z 2026-01-28T09:40:40.707Z	INFO	operator.init	gatewayapi/controller.go:187	All workers finished	{"controller": "gateway_labeler_controller"}
2026-01-28T09:40:40.707853396Z 2026-01-28T09:40:40.707Z	INFO	operator.init	gatewayapi/controller.go:187	Shutdown signal received, waiting for all workers to finish	{"controller": "gatewayclass_controller"}
2026-01-28T09:40:40.707853396Z 2026-01-28T09:40:40.707Z	INFO	operator.init	gatewayapi/controller.go:187	All workers finished	{"controller": "gatewayclass_controller"}
2026-01-28T09:40:40.707853396Z 2026-01-28T09:40:40.707Z	INFO	operator.init	manager/runnable_group.go:226	Shutdown signal received, waiting for all workers to finish	{"controller": "error_page_configmap_controller"}
2026-01-28T09:40:40.707876117Z 2026-01-28T09:40:40.707Z	INFO	operator.init	manager/runnable_group.go:226	Shutdown signal received, waiting for all workers to finish	{"controller": "certificate_controller"}
2026-01-28T09:40:40.707876117Z 2026-01-28T09:40:40.707Z	INFO	operator.init	manager/runnable_group.go:226	All workers finished	{"controller": "status_controller"}
2026-01-28T09:40:40.707876117Z 2026-01-28T09:40:40.707Z	INFO	operator.init	manager/runnable_group.go:226	Shutdown signal received, waiting for all workers to finish	{"controller": "clientca_configmap_controller"}
2026-01-28T09:40:40.707876117Z 2026-01-28T09:40:40.707Z	INFO	operator.init	manager/runnable_group.go:226	All workers finished	{"controller": "error_page_configmap_controller"}
2026-01-28T09:40:40.707888648Z 2026-01-28T09:40:40.707Z	INFO	operator.init	manager/runnable_group.go:226	Shutdown signal received, waiting for all workers to finish	{"controller": "monitoring_dashboard_controller"}
2026-01-28T09:40:40.707888648Z 2026-01-28T09:40:40.707Z	INFO	operator.init	controller/controller.go:262	Starting Controller	{"controller": "route_metrics_controller"}
2026-01-28T09:40:40.707888648Z 2026-01-28T09:40:40.707Z	INFO	operator.init	manager/runnable_group.go:226	All workers finished	{"controller": "configurable_route_controller"}
2026-01-28T09:40:40.707900498Z 2026-01-28T09:40:40.707Z	INFO	operator.init	manager/runnable_group.go:226	All workers finished	{"controller": "ingress_controller"}
2026-01-28T09:40:40.707900498Z 2026-01-28T09:40:40.707Z	INFO	operator.init	controller/controller.go:262	Starting workers	{"controller": "route_metrics_controller", "worker count": 1}
2026-01-28T09:40:40.707900498Z 2026-01-28T09:40:40.707Z	INFO	operator.init	manager/runnable_group.go:226	All workers finished	{"controller": "certificate_controller"}
2026-01-28T09:40:40.707911909Z 2026-01-28T09:40:40.707Z	INFO	operator.init	manager/runnable_group.go:226	Shutdown signal received, waiting for all workers to finish	{"controller": "route_metrics_controller"}
2026-01-28T09:40:40.707911909Z 2026-01-28T09:40:40.707Z	INFO	operator.init	manager/runnable_group.go:226	Shutdown signal received, waiting for all workers to finish	{"controller": "crl"}
2026-01-28T09:40:40.707911909Z 2026-01-28T09:40:40.707Z	INFO	operator.init	manager/runnable_group.go:226	Shutdown signal received, waiting for all workers to finish	{"controller": "certificate_publisher_controller"}
2026-01-28T09:40:40.707923650Z 2026-01-28T09:40:40.707Z	INFO	operator.init	manager/runnable_group.go:226	All workers finished	{"controller": "crl"}
2026-01-28T09:40:40.707923650Z 2026-01-28T09:40:40.707Z	INFO	operator.init	manager/runnable_group.go:226	All workers finished	{"controller": "certificate_publisher_controller"}
2026-01-28T09:40:40.707923650Z 2026-01-28T09:40:40.707Z	INFO	operator.init	manager/runnable_group.go:226	All workers finished	{"controller": "gatewayapi_controller"}
2026-01-28T09:40:40.707935470Z 2026-01-28T09:40:40.707Z	INFO	operator.init	manager/runnable_group.go:226	All workers finished	{"controller": "monitoring_dashboard_controller"}
2026-01-28T09:40:40.707935470Z 2026-01-28T09:40:40.707Z	INFO	operator.init	manager/runnable_group.go:226	All workers finished	{"controller": "dns_controller"}
2026-01-28T09:40:40.707951521Z 2026-01-28T09:40:40.707Z	INFO	operator.init	manager/runnable_group.go:226	All workers finished	{"controller": "ingressclass_controller"}
2026-01-28T09:40:40.707951521Z 2026-01-28T09:40:40.707Z	INFO	operator.init	manager/runnable_group.go:226	All workers finished	{"controller": "clientca_configmap_controller"}
2026-01-28T09:40:40.708010484Z 2026-01-28T09:40:40.707Z	INFO	operator.route_metrics_controller	controller/controller.go:119	reconciling	{"request": {"name":"default","namespace":"openshift-ingress-operator"}}
2026-01-28T09:40:40.708153021Z 2026-01-28T09:40:40.708Z	ERROR	operator.init	controller/controller.go:294	Reconciler error	{"controller": "route_metrics_controller", "object": {"name":"default","namespace":"openshift-ingress-operator"}, "namespace": "openshift-ingress-operator", "name": "default", "reconcileID": "11da56bf-edbf-402d-b979-9b531f17ab9f", "error": "failed to get Ingress Controller \"openshift-ingress-operator/default\": Timeout: failed waiting for *v1.IngressController Informer to sync"}
2026-01-28T09:40:40.708176502Z 2026-01-28T09:40:40.708Z	INFO	operator.init	manager/runnable_group.go:226	All workers finished	{"controller": "route_metrics_controller"}
2026-01-28T09:40:40.708188853Z 2026-01-28T09:40:40.708Z	INFO	operator.init	runtime/asm_amd64.s:1700	Stopping and waiting for caches
2026-01-28T09:40:40.708348251Z W0128 09:40:40.708291       1 reflector.go:492] sigs.k8s.io/controller-runtime/pkg/cache/internal/informers.go:108: watch of *v1alpha1.InstallPlan ended with: an error on the server ("unable to decode an event from the watch stream: context canceled") has prevented the request from succeeding
2026-01-28T09:40:40.708388603Z W0128 09:40:40.708346       1 reflector.go:492] sigs.k8s.io/controller-runtime/pkg/cache/internal/informers.go:108: watch of *v1.Gateway ended with: an error on the server ("unable to decode an event from the watch stream: context canceled") has prevented the request from succeeding
2026-01-28T09:40:40.708388603Z W0128 09:40:40.708358       1 reflector.go:492] sigs.k8s.io/controller-runtime/pkg/cache/internal/informers.go:108: watch of *v1.Deployment ended with: an error on the server ("unable to decode an event from the watch stream: context canceled") has prevented the request from succeeding
2026-01-28T09:40:40.708388603Z W0128 09:40:40.708370       1 reflector.go:492] sigs.k8s.io/controller-runtime/pkg/cache/internal/informers.go:108: watch of *v1.Secret ended with: an error on the server ("unable to decode an event from the watch stream: context canceled") has prevented the request from succeeding
2026-01-28T09:40:40.708442076Z W0128 09:40:40.708422       1 reflector.go:492] sigs.k8s.io/controller-runtime/pkg/cache/internal/informers.go:108: watch of *v1.DNSRecord ended with: an error on the server ("unable to decode an event from the watch stream: context canceled") has prevented the request from succeeding
2026-01-28T09:40:40.708528880Z W0128 09:40:40.708510       1 reflector.go:492] sigs.k8s.io/controller-runtime/pkg/cache/internal/informers.go:108: watch of *v1.Service ended with: an error on the server ("unable to decode an event from the watch stream: context canceled") has prevented the request from succeeding
2026-01-28T09:40:40.708584692Z W0128 09:40:40.708558       1 reflector.go:492] sigs.k8s.io/controller-runtime/pkg/cache/internal/informers.go:108: watch of *v1alpha1.Subscription ended with: an error on the server ("unable to decode an event from the watch stream: context canceled") has prevented the request from succeeding
2026-01-28T09:40:40.708584692Z W0128 09:40:40.708576       1 reflector.go:492] sigs.k8s.io/controller-runtime/pkg/cache/internal/informers.go:108: watch of *v1.Role ended with: an error on the server ("unable to decode an event from the watch stream: context canceled") has prevented the request from succeeding
2026-01-28T09:40:40.708607734Z 2026-01-28T09:40:40.708Z	INFO	operator.init	runtime/asm_amd64.s:1700	Stopping and waiting for webhooks
2026-01-28T09:40:40.708607734Z 2026-01-28T09:40:40.708Z	INFO	operator.init	runtime/asm_amd64.s:1700	Stopping and waiting for HTTP servers
2026-01-28T09:40:40.708678357Z W0128 09:40:40.708632       1 reflector.go:492] sigs.k8s.io/controller-runtime/pkg/cache/internal/informers.go:108: watch of *v1.Role ended with: an error on the server ("unable to decode an event from the watch stream: context canceled") has prevented the request from succeeding
2026-01-28T09:40:40.708745800Z W0128 09:40:40.708730       1 reflector.go:492] sigs.k8s.io/controller-runtime/pkg/cache/internal/informers.go:108: watch of *v1.FeatureGate ended with: an error on the server ("unable to decode an event from the watch stream: context canceled") has prevented the request from succeeding
2026-01-28T09:40:40.708790353Z W0128 09:40:40.708769       1 reflector.go:492] sigs.k8s.io/controller-runtime/pkg/cache/internal/informers.go:108: watch of *v1.Role ended with: an error on the server ("unable to decode an event from the watch stream: context canceled") has prevented the request from succeeding
2026-01-28T09:40:40.708837775Z W0128 09:40:40.708805       1 reflector.go:492] sigs.k8s.io/controller-runtime/pkg/cache/internal/informers.go:108: watch of *v1.Role ended with: an error on the server ("unable to decode an event from the watch stream: context canceled") has prevented the request from succeeding
2026-01-28T09:40:40.708956341Z 2026-01-28T09:40:40.708Z	INFO	operator.init.controller-runtime.metrics	runtime/asm_amd64.s:1700	Shutting down metrics server with timeout of 1 minute
2026-01-28T09:40:40.708997893Z W0128 09:40:40.708977       1 reflector.go:492] sigs.k8s.io/controller-runtime/pkg/cache/internal/informers.go:108: watch of *v1.Ingress ended with: an error on the server ("unable to decode an event from the watch stream: context canceled") has prevented the request from succeeding
2026-01-28T09:40:40.709053146Z W0128 09:40:40.709038       1 reflector.go:492] sigs.k8s.io/controller-runtime/pkg/cache/internal/informers.go:108: watch of *v1.DaemonSet ended with: an error on the server ("unable to decode an event from the watch stream: context canceled") has prevented the request from succeeding
2026-01-28T09:40:40.709223584Z W0128 09:40:40.709154       1 reflector.go:492] sigs.k8s.io/controller-runtime/pkg/cache/internal/informers.go:108: watch of *v1alpha1.Subscription ended with: an error on the server ("unable to decode an event from the watch stream: context canceled") has prevented the request from succeeding
2026-01-28T09:40:40.709547151Z 2026-01-28T09:40:40.708Z	INFO	operator.init	runtime/asm_amd64.s:1700	Wait completed, proceeding to shutdown the manager
2026-01-28T09:40:40.709764642Z W0128 09:40:40.708655       1 reflector.go:492] sigs.k8s.io/controller-runtime/pkg/cache/internal/informers.go:108: watch of *v1.DaemonSet ended with: an error on the server ("unable to decode an event from the watch stream: context canceled") has prevented the request from succeeding
2026-01-28T09:40:40.709885557Z W0128 09:40:40.708437       1 reflector.go:492] sigs.k8s.io/controller-runtime/pkg/cache/internal/informers.go:108: watch of *v1.Secret ended with: an error on the server ("unable to decode an event from the watch stream: context canceled") has prevented the request from succeeding
2026-01-28T09:40:40.709972642Z W0128 09:40:40.708668       1 reflector.go:492] sigs.k8s.io/controller-runtime/pkg/cache/internal/informers.go:108: watch of *v1.DaemonSet ended with: an error on the server ("unable to decode an event from the watch stream: context canceled") has prevented the request from succeeding
2026-01-28T09:40:40.710010854Z W0128 09:40:40.708819       1 reflector.go:492] sigs.k8s.io/controller-runtime/pkg/cache/internal/informers.go:108: watch of *v1.DaemonSet ended with: an error on the server ("unable to decode an event from the watch stream: context canceled") has prevented the request from succeeding
2026-01-28T09:40:40.710101868Z W0128 09:40:40.708854       1 reflector.go:492] sigs.k8s.io/controller-runtime/pkg/cache/internal/informers.go:108: watch of *v1.DNSRecord ended with: an error on the server ("unable to decode an event from the watch stream: context canceled") has prevented the request from succeeding
2026-01-28T09:40:40.710126549Z W0128 09:40:40.708868       1 reflector.go:492] sigs.k8s.io/controller-runtime/pkg/cache/internal/informers.go:108: watch of *v1.Service ended with: an error on the server ("unable to decode an event from the watch stream: context canceled") has prevented the request from succeeding
2026-01-28T09:40:40.710154961Z W0128 09:40:40.708874       1 reflector.go:492] sigs.k8s.io/controller-runtime/pkg/cache/internal/informers.go:108: watch of *v1alpha1.Subscription ended with: an error on the server ("unable to decode an event from the watch stream: context canceled") has prevented the request from succeeding
2026-01-28T09:40:40.710223944Z W0128 09:40:40.709610       1 reflector.go:492] sigs.k8s.io/controller-runtime/pkg/cache/internal/informers.go:108: watch of *v1.RoleBinding ended with: an error on the server ("unable to decode an event from the watch stream: context canceled") has prevented the request from succeeding
2026-01-28T09:40:40.714139550Z 2026-01-28T09:40:40.714Z	ERROR	operator.main	cobra/command.go:1019	error starting	{"error": "failed to wait for canary_controller caches to sync kind source: *v1.Route: timed out waiting for cache to be synced for Kind *v1.Route"}
