2026-01-28T09:29:58.523461338Z ++ K8S_NODE=
2026-01-28T09:29:58.523585264Z ++ [[ -n '' ]]
2026-01-28T09:29:58.523585264Z ++ northd_pidfile=/var/run/ovn/ovn-northd.pid
2026-01-28T09:29:58.523585264Z ++ controller_pidfile=/var/run/ovn/ovn-controller.pid
2026-01-28T09:29:58.523585264Z ++ controller_logfile=/var/log/ovn/acl-audit-log.log
2026-01-28T09:29:58.523585264Z ++ vswitch_dbsock=/var/run/openvswitch/db.sock
2026-01-28T09:29:58.523585264Z ++ nbdb_pidfile=/var/run/ovn/ovnnb_db.pid
2026-01-28T09:29:58.523585264Z ++ nbdb_sock=/var/run/ovn/ovnnb_db.sock
2026-01-28T09:29:58.523585264Z ++ nbdb_ctl=/var/run/ovn/ovnnb_db.ctl
2026-01-28T09:29:58.523585264Z ++ sbdb_pidfile=/var/run/ovn/ovnsb_db.pid
2026-01-28T09:29:58.523585264Z ++ sbdb_sock=/var/run/ovn/ovnsb_db.sock
2026-01-28T09:29:58.523585264Z ++ sbdb_ctl=/var/run/ovn/ovnsb_db.ctl
2026-01-28T09:29:58.524562752Z + start-audit-log-rotation
2026-01-28T09:29:58.524562752Z + MAXFILESIZE=50000000
2026-01-28T09:29:58.524582513Z + MAXLOGFILES=5
2026-01-28T09:29:58.524845716Z ++ dirname /var/log/ovn/acl-audit-log.log
2026-01-28T09:29:58.526717288Z + LOGDIR=/var/log/ovn
2026-01-28T09:29:58.526717288Z + local retries=0
2026-01-28T09:29:58.526756340Z + [[ 30 -gt 0 ]]
2026-01-28T09:29:58.526768421Z + ((  retries += 1  ))
2026-01-28T09:29:58.527146789Z ++ cat /var/run/ovn/ovn-controller.pid
2026-01-28T09:29:58.528600051Z + CONTROLLERPID=3686
2026-01-28T09:29:58.528615472Z + [[ -n 3686 ]]
2026-01-28T09:29:58.528615472Z + break
2026-01-28T09:29:58.528623453Z + [[ -z 3686 ]]
2026-01-28T09:29:58.528818532Z + true
2026-01-28T09:29:58.528835673Z + '[' -f /var/log/ovn/acl-audit-log.log ']'
2026-01-28T09:29:58.528872115Z + tail -F /var/log/ovn/acl-audit-log.log
2026-01-28T09:29:58.529444953Z ++ du -b /var/log/ovn/acl-audit-log.log
2026-01-28T09:29:58.529728377Z ++ tr -s '\t' ' '
2026-01-28T09:29:58.530422511Z ++ cut '-d ' -f1
2026-01-28T09:29:58.532215650Z + file_size=0
2026-01-28T09:29:58.532236121Z + '[' 0 -gt 50000000 ']'
2026-01-28T09:29:58.532771407Z ++ ls -1 /var/log/ovn/acl-audit-log.log
2026-01-28T09:29:58.532847791Z ++ wc -l
2026-01-28T09:29:58.534772946Z + num_files=1
2026-01-28T09:29:58.534793407Z + '[' 1 -gt 5 ']'
2026-01-28T09:29:58.534793407Z + sleep 30
2026-01-28T09:30:28.536715796Z + true
2026-01-28T09:30:28.536803001Z + '[' -f /var/log/ovn/acl-audit-log.log ']'
2026-01-28T09:30:28.538305995Z ++ du -b /var/log/ovn/acl-audit-log.log
2026-01-28T09:30:28.539265733Z ++ cut '-d ' -f1
2026-01-28T09:30:28.542452331Z ++ tr -s '\t' ' '
2026-01-28T09:30:28.546170575Z + file_size=0
2026-01-28T09:30:28.546234528Z + '[' 0 -gt 50000000 ']'
2026-01-28T09:30:28.546970614Z ++ wc -l
2026-01-28T09:30:28.546970614Z ++ ls -1 /var/log/ovn/acl-audit-log.log
2026-01-28T09:30:28.550338691Z + num_files=1
2026-01-28T09:30:28.550395794Z + '[' 1 -gt 5 ']'
2026-01-28T09:30:28.550427646Z + sleep 30
2026-01-28T09:30:58.552611218Z + true
2026-01-28T09:30:58.552611218Z + '[' -f /var/log/ovn/acl-audit-log.log ']'
2026-01-28T09:30:58.553319103Z ++ du -b /var/log/ovn/acl-audit-log.log
2026-01-28T09:30:58.553453350Z ++ tr -s '\t' ' '
2026-01-28T09:30:58.553607318Z ++ cut '-d ' -f1
2026-01-28T09:30:58.555930543Z + file_size=0
2026-01-28T09:30:58.555950283Z + '[' 0 -gt 50000000 ']'
2026-01-28T09:30:58.556559574Z ++ ls -1 /var/log/ovn/acl-audit-log.log
2026-01-28T09:30:58.556658939Z ++ wc -l
2026-01-28T09:30:58.558503850Z + num_files=1
2026-01-28T09:30:58.558523131Z + '[' 1 -gt 5 ']'
2026-01-28T09:30:58.558523131Z + sleep 30
2026-01-28T09:31:28.560791462Z + true
2026-01-28T09:31:28.560830695Z + '[' -f /var/log/ovn/acl-audit-log.log ']'
2026-01-28T09:31:28.567657855Z ++ tr -s '\t' ' '
2026-01-28T09:31:28.567998712Z ++ du -b /var/log/ovn/acl-audit-log.log
2026-01-28T09:31:28.568106767Z ++ cut '-d ' -f1
2026-01-28T09:31:28.573631073Z + file_size=0
2026-01-28T09:31:28.573653315Z + '[' 0 -gt 50000000 ']'
2026-01-28T09:31:28.574251894Z ++ ls -1 /var/log/ovn/acl-audit-log.log
2026-01-28T09:31:28.574320338Z ++ wc -l
2026-01-28T09:31:28.576270475Z + num_files=1
2026-01-28T09:31:28.576322508Z + '[' 1 -gt 5 ']'
2026-01-28T09:31:28.576352309Z + sleep 30
2026-01-28T09:31:58.582936266Z + true
2026-01-28T09:31:58.582936266Z + '[' -f /var/log/ovn/acl-audit-log.log ']'
2026-01-28T09:31:58.582936266Z ++ cut '-d ' -f1
2026-01-28T09:31:58.582936266Z ++ tr -s '\t' ' '
2026-01-28T09:31:58.582936266Z ++ du -b /var/log/ovn/acl-audit-log.log
2026-01-28T09:31:58.608146174Z + file_size=0
2026-01-28T09:31:58.608146174Z + '[' 0 -gt 50000000 ']'
2026-01-28T09:31:58.608146174Z ++ ls -1 /var/log/ovn/acl-audit-log.log
2026-01-28T09:31:58.608146174Z ++ wc -l
2026-01-28T09:31:58.628034818Z + num_files=1
2026-01-28T09:31:58.628692000Z + '[' 1 -gt 5 ']'
2026-01-28T09:31:58.628692000Z + sleep 30
2026-01-28T09:32:28.640936887Z + true
2026-01-28T09:32:28.640936887Z + '[' -f /var/log/ovn/acl-audit-log.log ']'
2026-01-28T09:32:28.641616841Z ++ du -b /var/log/ovn/acl-audit-log.log
2026-01-28T09:32:28.641796030Z ++ tr -s '\t' ' '
2026-01-28T09:32:28.642235082Z ++ cut '-d ' -f1
2026-01-28T09:32:28.643893944Z + file_size=0
2026-01-28T09:32:28.643912645Z + '[' 0 -gt 50000000 ']'
2026-01-28T09:32:28.644445761Z ++ ls -1 /var/log/ovn/acl-audit-log.log
2026-01-28T09:32:28.644571377Z ++ wc -l
2026-01-28T09:32:28.646208729Z + num_files=1
2026-01-28T09:32:28.646225899Z + '[' 1 -gt 5 ']'
2026-01-28T09:32:28.646225899Z + sleep 30
2026-01-28T09:32:58.647876256Z + true
2026-01-28T09:32:58.647876256Z + '[' -f /var/log/ovn/acl-audit-log.log ']'
2026-01-28T09:32:58.648461516Z ++ du -b /var/log/ovn/acl-audit-log.log
2026-01-28T09:32:58.648930200Z ++ tr -s '\t' ' '
2026-01-28T09:32:58.648930200Z ++ cut '-d ' -f1
2026-01-28T09:32:58.650554143Z + file_size=0
2026-01-28T09:32:58.650584584Z + '[' 0 -gt 50000000 ']'
2026-01-28T09:32:58.651136533Z ++ ls -1 /var/log/ovn/acl-audit-log.log
2026-01-28T09:32:58.651207926Z ++ wc -l
2026-01-28T09:32:58.652637990Z + num_files=1
2026-01-28T09:32:58.652664091Z + '[' 1 -gt 5 ']'
2026-01-28T09:32:58.652664091Z + sleep 30
2026-01-28T09:33:28.654366916Z + true
2026-01-28T09:33:28.654366916Z + '[' -f /var/log/ovn/acl-audit-log.log ']'
2026-01-28T09:33:28.655056901Z ++ du -b /var/log/ovn/acl-audit-log.log
2026-01-28T09:33:28.655475392Z ++ tr -s '\t' ' '
2026-01-28T09:33:28.656084692Z ++ cut '-d ' -f1
2026-01-28T09:33:28.657890752Z + file_size=0
2026-01-28T09:33:28.657890752Z + '[' 0 -gt 50000000 ']'
2026-01-28T09:33:28.658786708Z ++ ls -1 /var/log/ovn/acl-audit-log.log
2026-01-28T09:33:28.658830840Z ++ wc -l
2026-01-28T09:33:28.661344135Z + num_files=1
2026-01-28T09:33:28.661375957Z + '[' 1 -gt 5 ']'
2026-01-28T09:33:28.661375957Z + sleep 30
2026-01-28T09:33:58.662944868Z + true
2026-01-28T09:33:58.663003010Z + '[' -f /var/log/ovn/acl-audit-log.log ']'
2026-01-28T09:33:58.663679424Z ++ du -b /var/log/ovn/acl-audit-log.log
2026-01-28T09:33:58.663888215Z ++ tr -s '\t' ' '
2026-01-28T09:33:58.664111546Z ++ cut '-d ' -f1
2026-01-28T09:33:58.666208890Z + file_size=0
2026-01-28T09:33:58.666373058Z + '[' 0 -gt 50000000 ']'
2026-01-28T09:33:58.667205100Z ++ ls -1 /var/log/ovn/acl-audit-log.log
2026-01-28T09:33:58.668187949Z ++ wc -l
2026-01-28T09:33:58.670514715Z + num_files=1
2026-01-28T09:33:58.670543686Z + '[' 1 -gt 5 ']'
2026-01-28T09:33:58.670543686Z + sleep 30
2026-01-28T09:34:28.672576801Z + true
2026-01-28T09:34:28.672637353Z + '[' -f /var/log/ovn/acl-audit-log.log ']'
2026-01-28T09:34:28.673216493Z ++ du -b /var/log/ovn/acl-audit-log.log
2026-01-28T09:34:28.673408723Z ++ tr -s '\t' ' '
2026-01-28T09:34:28.673544840Z ++ cut '-d ' -f1
2026-01-28T09:34:28.675419596Z + file_size=0
2026-01-28T09:34:28.675452018Z + '[' 0 -gt 50000000 ']'
2026-01-28T09:34:28.676050108Z ++ ls -1 /var/log/ovn/acl-audit-log.log
2026-01-28T09:34:28.676165505Z ++ wc -l
2026-01-28T09:34:28.677818899Z + num_files=1
2026-01-28T09:34:28.677846551Z + '[' 1 -gt 5 ']'
2026-01-28T09:34:28.677846551Z + sleep 30
2026-01-28T09:34:58.679650934Z + true
2026-01-28T09:34:58.679650934Z + '[' -f /var/log/ovn/acl-audit-log.log ']'
2026-01-28T09:34:58.680252608Z ++ du -b /var/log/ovn/acl-audit-log.log
2026-01-28T09:34:58.680429178Z ++ tr -s '\t' ' '
2026-01-28T09:34:58.680587417Z ++ cut '-d ' -f1
2026-01-28T09:34:58.682431090Z + file_size=0
2026-01-28T09:34:58.682456411Z + '[' 0 -gt 50000000 ']'
2026-01-28T09:34:58.683005082Z ++ ls -1 /var/log/ovn/acl-audit-log.log
2026-01-28T09:34:58.683156831Z ++ wc -l
2026-01-28T09:34:58.684767061Z + num_files=1
2026-01-28T09:34:58.684795452Z + '[' 1 -gt 5 ']'
2026-01-28T09:34:58.684795452Z + sleep 30
2026-01-28T09:35:28.686619030Z + true
2026-01-28T09:35:28.686619030Z + '[' -f /var/log/ovn/acl-audit-log.log ']'
2026-01-28T09:35:28.687287233Z ++ du -b /var/log/ovn/acl-audit-log.log
2026-01-28T09:35:28.687471183Z ++ tr -s '\t' ' '
2026-01-28T09:35:28.687679453Z ++ cut '-d ' -f1
2026-01-28T09:35:28.689383268Z + file_size=0
2026-01-28T09:35:28.689414169Z + '[' 0 -gt 50000000 ']'
2026-01-28T09:35:28.689908904Z ++ ls -1 /var/log/ovn/acl-audit-log.log
2026-01-28T09:35:28.689991248Z ++ wc -l
2026-01-28T09:35:28.691580557Z + num_files=1
2026-01-28T09:35:28.691605129Z + '[' 1 -gt 5 ']'
2026-01-28T09:35:28.691605129Z + sleep 30
2026-01-28T09:35:58.693276130Z + true
2026-01-28T09:35:58.693377475Z + '[' -f /var/log/ovn/acl-audit-log.log ']'
2026-01-28T09:35:58.694149394Z ++ du -b /var/log/ovn/acl-audit-log.log
2026-01-28T09:35:58.694530633Z ++ tr -s '\t' ' '
2026-01-28T09:35:58.694530633Z ++ cut '-d ' -f1
2026-01-28T09:35:58.696500752Z + file_size=0
2026-01-28T09:35:58.696598717Z + '[' 0 -gt 50000000 ']'
2026-01-28T09:35:58.697249149Z ++ ls -1 /var/log/ovn/acl-audit-log.log
2026-01-28T09:35:58.697344154Z ++ wc -l
2026-01-28T09:35:58.699595767Z + num_files=1
2026-01-28T09:35:58.699675081Z + '[' 1 -gt 5 ']'
2026-01-28T09:35:58.699726753Z + sleep 30
2026-01-28T09:36:28.701640439Z + true
2026-01-28T09:36:28.701640439Z + '[' -f /var/log/ovn/acl-audit-log.log ']'
2026-01-28T09:36:28.702274081Z ++ du -b /var/log/ovn/acl-audit-log.log
2026-01-28T09:36:28.702441549Z ++ tr -s '\t' ' '
2026-01-28T09:36:28.702609967Z ++ cut '-d ' -f1
2026-01-28T09:36:28.704668920Z + file_size=0
2026-01-28T09:36:28.704698411Z + '[' 0 -gt 50000000 ']'
2026-01-28T09:36:28.705306142Z ++ ls -1 /var/log/ovn/acl-audit-log.log
2026-01-28T09:36:28.705335563Z ++ wc -l
2026-01-28T09:36:28.707047418Z + num_files=1
2026-01-28T09:36:28.707135662Z + '[' 1 -gt 5 ']'
2026-01-28T09:36:28.707160904Z + sleep 30
2026-01-28T09:36:58.708758279Z + true
2026-01-28T09:36:58.708823942Z + '[' -f /var/log/ovn/acl-audit-log.log ']'
2026-01-28T09:36:58.709472954Z ++ du -b /var/log/ovn/acl-audit-log.log
2026-01-28T09:36:58.709709796Z ++ tr -s '\t' ' '
2026-01-28T09:36:58.709820261Z ++ cut '-d ' -f1
2026-01-28T09:36:58.711698925Z + file_size=0
2026-01-28T09:36:58.711729766Z + '[' 0 -gt 50000000 ']'
2026-01-28T09:36:58.712256442Z ++ ls -1 /var/log/ovn/acl-audit-log.log
2026-01-28T09:36:58.712362488Z ++ wc -l
2026-01-28T09:36:58.713882863Z + num_files=1
2026-01-28T09:36:58.713909275Z + '[' 1 -gt 5 ']'
2026-01-28T09:36:58.713909275Z + sleep 30
2026-01-28T09:37:28.715579839Z + true
2026-01-28T09:37:28.715579839Z + '[' -f /var/log/ovn/acl-audit-log.log ']'
2026-01-28T09:37:28.716194420Z ++ du -b /var/log/ovn/acl-audit-log.log
2026-01-28T09:37:28.716358278Z ++ tr -s '\t' ' '
2026-01-28T09:37:28.716533066Z ++ cut '-d ' -f1
2026-01-28T09:37:28.718459851Z + file_size=0
2026-01-28T09:37:28.718490033Z + '[' 0 -gt 50000000 ']'
2026-01-28T09:37:28.719069121Z ++ ls -1 /var/log/ovn/acl-audit-log.log
2026-01-28T09:37:28.719167996Z ++ wc -l
2026-01-28T09:37:28.720892081Z + num_files=1
2026-01-28T09:37:28.720932733Z + '[' 1 -gt 5 ']'
2026-01-28T09:37:28.720932733Z + sleep 30
2026-01-28T09:37:58.722548843Z + true
2026-01-28T09:37:58.722605046Z + '[' -f /var/log/ovn/acl-audit-log.log ']'
2026-01-28T09:37:58.723258958Z ++ du -b /var/log/ovn/acl-audit-log.log
2026-01-28T09:37:58.723387105Z ++ tr -s '\t' ' '
2026-01-28T09:37:58.723560283Z ++ cut '-d ' -f1
2026-01-28T09:37:58.725334282Z + file_size=0
2026-01-28T09:37:58.725360543Z + '[' 0 -gt 50000000 ']'
2026-01-28T09:37:58.725870179Z ++ ls -1 /var/log/ovn/acl-audit-log.log
2026-01-28T09:37:58.725997915Z ++ wc -l
2026-01-28T09:37:58.727600785Z + num_files=1
2026-01-28T09:37:58.727630687Z + '[' 1 -gt 5 ']'
2026-01-28T09:37:58.727630687Z + sleep 30
2026-01-28T09:38:28.729371047Z + true
2026-01-28T09:38:28.729371047Z + '[' -f /var/log/ovn/acl-audit-log.log ']'
2026-01-28T09:38:28.729927895Z ++ du -b /var/log/ovn/acl-audit-log.log
2026-01-28T09:38:28.730139185Z ++ tr -s '\t' ' '
2026-01-28T09:38:28.730325315Z ++ cut '-d ' -f1
2026-01-28T09:38:28.732441371Z + file_size=0
2026-01-28T09:38:28.732472762Z + '[' 0 -gt 50000000 ']'
2026-01-28T09:38:28.733109014Z ++ ls -1 /var/log/ovn/acl-audit-log.log
2026-01-28T09:38:28.733233620Z ++ wc -l
2026-01-28T09:38:28.734813930Z + num_files=1
2026-01-28T09:38:28.734844351Z + '[' 1 -gt 5 ']'
2026-01-28T09:38:28.734844351Z + sleep 30
2026-01-28T09:38:58.736889402Z + true
2026-01-28T09:38:58.736986187Z + '[' -f /var/log/ovn/acl-audit-log.log ']'
2026-01-28T09:38:58.737600038Z ++ du -b /var/log/ovn/acl-audit-log.log
2026-01-28T09:38:58.737805888Z ++ tr -s '\t' ' '
2026-01-28T09:38:58.737980657Z ++ cut '-d ' -f1
2026-01-28T09:38:58.739767516Z + file_size=0
2026-01-28T09:38:58.739796518Z + '[' 0 -gt 50000000 ']'
2026-01-28T09:38:58.740318824Z ++ ls -1 /var/log/ovn/acl-audit-log.log
2026-01-28T09:38:58.740400188Z ++ wc -l
2026-01-28T09:38:58.742056131Z + num_files=1
2026-01-28T09:38:58.742081362Z + '[' 1 -gt 5 ']'
2026-01-28T09:38:58.742090443Z + sleep 30
2026-01-28T09:39:28.743606695Z + true
2026-01-28T09:39:28.743705220Z + '[' -f /var/log/ovn/acl-audit-log.log ']'
2026-01-28T09:39:28.744413015Z ++ du -b /var/log/ovn/acl-audit-log.log
2026-01-28T09:39:28.744554202Z ++ tr -s '\t' ' '
2026-01-28T09:39:28.747574183Z ++ cut '-d ' -f1
2026-01-28T09:39:28.749373633Z + file_size=0
2026-01-28T09:39:28.749403165Z + '[' 0 -gt 50000000 ']'
2026-01-28T09:39:28.750016825Z ++ ls -1 /var/log/ovn/acl-audit-log.log
2026-01-28T09:39:28.750104410Z ++ wc -l
2026-01-28T09:39:28.752078539Z + num_files=1
2026-01-28T09:39:28.752149382Z + '[' 1 -gt 5 ']'
2026-01-28T09:39:28.752180464Z + sleep 30
2026-01-28T09:39:58.754582407Z + true
2026-01-28T09:39:58.754582407Z + '[' -f /var/log/ovn/acl-audit-log.log ']'
2026-01-28T09:39:58.755235529Z ++ du -b /var/log/ovn/acl-audit-log.log
2026-01-28T09:39:58.755629289Z ++ tr -s '\t' ' '
2026-01-28T09:39:58.757506143Z ++ cut '-d ' -f1
2026-01-28T09:39:58.759539464Z + file_size=0
2026-01-28T09:39:58.759606328Z + '[' 0 -gt 50000000 ']'
2026-01-28T09:39:58.760458870Z ++ ls -1 /var/log/ovn/acl-audit-log.log
2026-01-28T09:39:58.760674201Z ++ wc -l
2026-01-28T09:39:58.763163836Z + num_files=1
2026-01-28T09:39:58.763231509Z + '[' 1 -gt 5 ']'
2026-01-28T09:39:58.763272601Z + sleep 30
2026-01-28T09:40:28.765201771Z + true
2026-01-28T09:40:28.765201771Z + '[' -f /var/log/ovn/acl-audit-log.log ']'
2026-01-28T09:40:28.765879234Z ++ du -b /var/log/ovn/acl-audit-log.log
2026-01-28T09:40:28.766101925Z ++ tr -s '\t' ' '
2026-01-28T09:40:28.766314365Z ++ cut '-d ' -f1
2026-01-28T09:40:28.768148693Z + file_size=0
2026-01-28T09:40:28.768174015Z + '[' 0 -gt 50000000 ']'
2026-01-28T09:40:28.768714421Z ++ ls -1 /var/log/ovn/acl-audit-log.log
2026-01-28T09:40:28.768815246Z ++ wc -l
2026-01-28T09:40:28.770412483Z + num_files=1
2026-01-28T09:40:28.770443114Z + '[' 1 -gt 5 ']'
2026-01-28T09:40:28.770443114Z + sleep 30
2026-01-28T09:40:58.772751355Z + true
2026-01-28T09:40:58.772862771Z + '[' -f /var/log/ovn/acl-audit-log.log ']'
2026-01-28T09:40:58.774263300Z ++ du -b /var/log/ovn/acl-audit-log.log
2026-01-28T09:40:58.774439249Z ++ tr -s '\t' ' '
2026-01-28T09:40:58.776598516Z ++ cut '-d ' -f1
2026-01-28T09:40:58.788595991Z + file_size=0
2026-01-28T09:40:58.788698166Z + '[' 0 -gt 50000000 ']'
2026-01-28T09:40:58.795138715Z ++ wc -l
2026-01-28T09:40:58.795416679Z ++ ls -1 /var/log/ovn/acl-audit-log.log
2026-01-28T09:40:58.803410735Z + num_files=1
2026-01-28T09:40:58.803490090Z + '[' 1 -gt 5 ']'
2026-01-28T09:40:58.803522181Z + sleep 30
2026-01-28T09:41:28.805606656Z + true
2026-01-28T09:41:28.805606656Z + '[' -f /var/log/ovn/acl-audit-log.log ']'
2026-01-28T09:41:28.806241808Z ++ du -b /var/log/ovn/acl-audit-log.log
2026-01-28T09:41:28.806428757Z ++ tr -s '\t' ' '
2026-01-28T09:41:28.806637537Z ++ cut '-d ' -f1
2026-01-28T09:41:28.808590822Z + file_size=0
2026-01-28T09:41:28.808655646Z + '[' 0 -gt 50000000 ']'
2026-01-28T09:41:28.809266716Z ++ ls -1 /var/log/ovn/acl-audit-log.log
2026-01-28T09:41:28.809316498Z ++ wc -l
2026-01-28T09:41:28.810966819Z + num_files=1
2026-01-28T09:41:28.810994000Z + '[' 1 -gt 5 ']'
2026-01-28T09:41:28.810994000Z + sleep 30
2026-01-28T09:41:58.812827040Z + true
2026-01-28T09:41:58.812884553Z + '[' -f /var/log/ovn/acl-audit-log.log ']'
2026-01-28T09:41:58.813514625Z ++ du -b /var/log/ovn/acl-audit-log.log
2026-01-28T09:41:58.813812059Z ++ cut '-d ' -f1
2026-01-28T09:41:58.813852081Z ++ tr -s '\t' ' '
2026-01-28T09:41:58.817348296Z + file_size=0
2026-01-28T09:41:58.817425399Z + '[' 0 -gt 50000000 ']'
2026-01-28T09:41:58.818526944Z ++ wc -l
2026-01-28T09:41:58.818968756Z ++ ls -1 /var/log/ovn/acl-audit-log.log
2026-01-28T09:41:58.821236599Z + num_files=1
2026-01-28T09:41:58.821271181Z + '[' 1 -gt 5 ']'
2026-01-28T09:41:58.821271181Z + sleep 30
2026-01-28T09:42:28.823299725Z + true
2026-01-28T09:42:28.823345957Z + '[' -f /var/log/ovn/acl-audit-log.log ']'
2026-01-28T09:42:28.823931446Z ++ du -b /var/log/ovn/acl-audit-log.log
2026-01-28T09:42:28.824133436Z ++ tr -s '\t' ' '
2026-01-28T09:42:28.824441641Z ++ cut '-d ' -f1
2026-01-28T09:42:28.826111065Z + file_size=0
2026-01-28T09:42:28.826111065Z + '[' 0 -gt 50000000 ']'
2026-01-28T09:42:28.826626050Z ++ ls -1 /var/log/ovn/acl-audit-log.log
2026-01-28T09:42:28.826693023Z ++ wc -l
2026-01-28T09:42:28.828275073Z + num_files=1
2026-01-28T09:42:28.828301584Z + '[' 1 -gt 5 ']'
2026-01-28T09:42:28.828301584Z + sleep 30
2026-01-28T09:42:58.829996792Z + true
2026-01-28T09:42:58.830069746Z + '[' -f /var/log/ovn/acl-audit-log.log ']'
2026-01-28T09:42:58.830727688Z ++ du -b /var/log/ovn/acl-audit-log.log
2026-01-28T09:42:58.830859185Z ++ tr -s '\t' ' '
2026-01-28T09:42:58.831171370Z ++ cut '-d ' -f1
2026-01-28T09:42:58.833210531Z + file_size=0
2026-01-28T09:42:58.833238503Z + '[' 0 -gt 50000000 ']'
2026-01-28T09:42:58.833726877Z ++ ls -1 /var/log/ovn/acl-audit-log.log
2026-01-28T09:42:58.833805100Z ++ wc -l
2026-01-28T09:42:58.835548557Z + num_files=1
2026-01-28T09:42:58.835574158Z + '[' 1 -gt 5 ']'
2026-01-28T09:42:58.835574158Z + sleep 30
2026-01-28T09:43:28.837759386Z + true
2026-01-28T09:43:28.837837360Z + '[' -f /var/log/ovn/acl-audit-log.log ']'
2026-01-28T09:43:28.838515994Z ++ du -b /var/log/ovn/acl-audit-log.log
2026-01-28T09:43:28.838681182Z ++ tr -s '\t' ' '
2026-01-28T09:43:28.838846221Z ++ cut '-d ' -f1
2026-01-28T09:43:28.840743875Z + file_size=0
2026-01-28T09:43:28.840772737Z + '[' 0 -gt 50000000 ']'
2026-01-28T09:43:28.841300863Z ++ ls -1 /var/log/ovn/acl-audit-log.log
2026-01-28T09:43:28.841373387Z ++ wc -l
2026-01-28T09:43:28.843081301Z + num_files=1
2026-01-28T09:43:28.843109243Z + '[' 1 -gt 5 ']'
2026-01-28T09:43:28.843109243Z + sleep 30
2026-01-28T09:43:58.844710164Z + true
2026-01-28T09:43:58.844747586Z + '[' -f /var/log/ovn/acl-audit-log.log ']'
2026-01-28T09:43:58.845359236Z ++ du -b /var/log/ovn/acl-audit-log.log
2026-01-28T09:43:58.845550156Z ++ tr -s '\t' ' '
2026-01-28T09:43:58.845733495Z ++ cut '-d ' -f1
2026-01-28T09:43:58.848073071Z + file_size=0
2026-01-28T09:43:58.848073071Z + '[' 0 -gt 50000000 ']'
2026-01-28T09:43:58.848725694Z ++ ls -1 /var/log/ovn/acl-audit-log.log
2026-01-28T09:43:58.848783297Z ++ wc -l
2026-01-28T09:43:58.850766986Z + num_files=1
2026-01-28T09:43:58.850827719Z + '[' 1 -gt 5 ']'
2026-01-28T09:43:58.850856570Z + sleep 30
2026-01-28T09:44:28.852939121Z + true
2026-01-28T09:44:28.852987564Z + '[' -f /var/log/ovn/acl-audit-log.log ']'
2026-01-28T09:44:28.853699079Z ++ du -b /var/log/ovn/acl-audit-log.log
2026-01-28T09:44:28.853871978Z ++ tr -s '\t' ' '
2026-01-28T09:44:28.854093699Z ++ cut '-d ' -f1
2026-01-28T09:44:28.856191873Z + file_size=0
2026-01-28T09:44:28.856218295Z + '[' 0 -gt 50000000 ']'
2026-01-28T09:44:28.856771722Z ++ ls -1 /var/log/ovn/acl-audit-log.log
2026-01-28T09:44:28.856852797Z ++ wc -l
2026-01-28T09:44:28.858382333Z + num_files=1
2026-01-28T09:44:28.858411544Z + '[' 1 -gt 5 ']'
2026-01-28T09:44:28.858411544Z + sleep 30
2026-01-28T09:44:58.860124461Z + true
2026-01-28T09:44:58.860124461Z + '[' -f /var/log/ovn/acl-audit-log.log ']'
2026-01-28T09:44:58.860705679Z ++ du -b /var/log/ovn/acl-audit-log.log
2026-01-28T09:44:58.860852336Z ++ tr -s '\t' ' '
2026-01-28T09:44:58.861124180Z ++ cut '-d ' -f1
2026-01-28T09:44:58.862893817Z + file_size=0
2026-01-28T09:44:58.862934768Z + '[' 0 -gt 50000000 ']'
2026-01-28T09:44:58.863499406Z ++ ls -1 /var/log/ovn/acl-audit-log.log
2026-01-28T09:44:58.863647043Z ++ wc -l
2026-01-28T09:44:58.865255022Z + num_files=1
2026-01-28T09:44:58.865282603Z + '[' 1 -gt 5 ']'
2026-01-28T09:44:58.865282603Z + sleep 30
2026-01-28T09:45:28.866859232Z + true
2026-01-28T09:45:28.866859232Z + '[' -f /var/log/ovn/acl-audit-log.log ']'
2026-01-28T09:45:28.867479033Z ++ du -b /var/log/ovn/acl-audit-log.log
2026-01-28T09:45:28.867631661Z ++ tr -s '\t' ' '
2026-01-28T09:45:28.867821690Z ++ cut '-d ' -f1
2026-01-28T09:45:28.869909434Z + file_size=0
2026-01-28T09:45:28.869954816Z + '[' 0 -gt 50000000 ']'
2026-01-28T09:45:28.870489393Z ++ ls -1 /var/log/ovn/acl-audit-log.log
2026-01-28T09:45:28.870541885Z ++ wc -l
2026-01-28T09:45:28.872087693Z + num_files=1
2026-01-28T09:45:28.872115464Z + '[' 1 -gt 5 ']'
2026-01-28T09:45:28.872115464Z + sleep 30
2026-01-28T09:45:58.873722730Z + true
2026-01-28T09:45:58.873722730Z + '[' -f /var/log/ovn/acl-audit-log.log ']'
2026-01-28T09:45:58.874492328Z ++ du -b /var/log/ovn/acl-audit-log.log
2026-01-28T09:45:58.874818204Z ++ cut '-d ' -f1
2026-01-28T09:45:58.874818204Z ++ tr -s '\t' ' '
2026-01-28T09:45:58.877203123Z + file_size=0
2026-01-28T09:45:58.877232114Z + '[' 0 -gt 50000000 ']'
2026-01-28T09:45:58.877862716Z ++ ls -1 /var/log/ovn/acl-audit-log.log
2026-01-28T09:45:58.877933959Z ++ wc -l
2026-01-28T09:45:58.880101057Z + num_files=1
2026-01-28T09:45:58.880178111Z + '[' 1 -gt 5 ']'
2026-01-28T09:45:58.880214433Z + sleep 30
2026-01-28T09:46:28.882052084Z + true
2026-01-28T09:46:28.882096806Z + '[' -f /var/log/ovn/acl-audit-log.log ']'
2026-01-28T09:46:28.882687185Z ++ du -b /var/log/ovn/acl-audit-log.log
2026-01-28T09:46:28.884130747Z ++ tr -s '\t' ' '
2026-01-28T09:46:28.884130747Z ++ cut '-d ' -f1
2026-01-28T09:46:28.885556227Z + file_size=0
2026-01-28T09:46:28.885595199Z + '[' 0 -gt 50000000 ']'
2026-01-28T09:46:28.886119325Z ++ ls -1 /var/log/ovn/acl-audit-log.log
2026-01-28T09:46:28.886208730Z ++ wc -l
2026-01-28T09:46:28.887740366Z + num_files=1
2026-01-28T09:46:28.887768297Z + '[' 1 -gt 5 ']'
2026-01-28T09:46:28.887768297Z + sleep 30
2026-01-28T09:46:58.889388939Z + true
2026-01-28T09:46:58.889421551Z + '[' -f /var/log/ovn/acl-audit-log.log ']'
2026-01-28T09:46:58.889969768Z ++ du -b /var/log/ovn/acl-audit-log.log
2026-01-28T09:46:58.890208590Z ++ tr -s '\t' ' '
2026-01-28T09:46:58.890465742Z ++ cut '-d ' -f1
2026-01-28T09:46:58.892359447Z + file_size=0
2026-01-28T09:46:58.892387188Z + '[' 0 -gt 50000000 ']'
2026-01-28T09:46:58.893381157Z ++ ls -1 /var/log/ovn/acl-audit-log.log
2026-01-28T09:46:58.893381157Z ++ wc -l
2026-01-28T09:46:58.894945795Z + num_files=1
2026-01-28T09:46:58.894985307Z + '[' 1 -gt 5 ']'
2026-01-28T09:46:58.894985307Z + sleep 30
2026-01-28T09:47:28.896793523Z + true
2026-01-28T09:47:28.896883368Z + '[' -f /var/log/ovn/acl-audit-log.log ']'
2026-01-28T09:47:28.897568332Z ++ du -b /var/log/ovn/acl-audit-log.log
2026-01-28T09:47:28.897720859Z ++ tr -s '\t' ' '
2026-01-28T09:47:28.897953081Z ++ cut '-d ' -f1
2026-01-28T09:47:28.899811763Z + file_size=0
2026-01-28T09:47:28.899840295Z + '[' 0 -gt 50000000 ']'
2026-01-28T09:47:28.900384882Z ++ ls -1 /var/log/ovn/acl-audit-log.log
2026-01-28T09:47:28.900448105Z ++ wc -l
2026-01-28T09:47:28.902113418Z + num_files=1
2026-01-28T09:47:28.902139099Z + '[' 1 -gt 5 ']'
2026-01-28T09:47:28.902139099Z + sleep 30
2026-01-28T09:47:58.903724159Z + true
2026-01-28T09:47:58.903724159Z + '[' -f /var/log/ovn/acl-audit-log.log ']'
2026-01-28T09:47:58.904353810Z ++ du -b /var/log/ovn/acl-audit-log.log
2026-01-28T09:47:58.904516248Z ++ tr -s '\t' ' '
2026-01-28T09:47:58.904706827Z ++ cut '-d ' -f1
2026-01-28T09:47:58.907764369Z + file_size=0
2026-01-28T09:47:58.907792621Z + '[' 0 -gt 50000000 ']'
2026-01-28T09:47:58.908405161Z ++ ls -1 /var/log/ovn/acl-audit-log.log
2026-01-28T09:47:58.908519597Z ++ wc -l
2026-01-28T09:47:58.910092225Z + num_files=1
2026-01-28T09:47:58.910115826Z + '[' 1 -gt 5 ']'
2026-01-28T09:47:58.910115826Z + sleep 30
2026-01-28T09:48:28.911723854Z + true
2026-01-28T09:48:28.911723854Z + '[' -f /var/log/ovn/acl-audit-log.log ']'
2026-01-28T09:48:28.912438250Z ++ du -b /var/log/ovn/acl-audit-log.log
2026-01-28T09:48:28.912577347Z ++ tr -s '\t' ' '
2026-01-28T09:48:28.912761526Z ++ cut '-d ' -f1
2026-01-28T09:48:28.914541594Z + file_size=0
2026-01-28T09:48:28.914566185Z + '[' 0 -gt 50000000 ']'
2026-01-28T09:48:28.915077031Z ++ ls -1 /var/log/ovn/acl-audit-log.log
2026-01-28T09:48:28.915179796Z ++ wc -l
2026-01-28T09:48:28.916640408Z + num_files=1
2026-01-28T09:48:28.916664819Z + '[' 1 -gt 5 ']'
2026-01-28T09:48:28.916664819Z + sleep 30
2026-01-28T09:48:58.918350463Z + true
2026-01-28T09:48:58.918350463Z + '[' -f /var/log/ovn/acl-audit-log.log ']'
2026-01-28T09:48:58.918927841Z ++ du -b /var/log/ovn/acl-audit-log.log
2026-01-28T09:48:58.919107170Z ++ tr -s '\t' ' '
2026-01-28T09:48:58.919277498Z ++ cut '-d ' -f1
2026-01-28T09:48:58.921127077Z + file_size=0
2026-01-28T09:48:58.921156899Z + '[' 0 -gt 50000000 ']'
2026-01-28T09:48:58.921692054Z ++ ls -1 /var/log/ovn/acl-audit-log.log
2026-01-28T09:48:58.921766618Z ++ wc -l
2026-01-28T09:48:58.923329283Z + num_files=1
2026-01-28T09:48:58.923352244Z + '[' 1 -gt 5 ']'
2026-01-28T09:48:58.923352244Z + sleep 30
2026-01-28T09:49:28.924878798Z + true
2026-01-28T09:49:28.924878798Z + '[' -f /var/log/ovn/acl-audit-log.log ']'
2026-01-28T09:49:28.925448627Z ++ du -b /var/log/ovn/acl-audit-log.log
2026-01-28T09:49:28.925611705Z ++ tr -s '\t' ' '
2026-01-28T09:49:28.925785704Z ++ cut '-d ' -f1
2026-01-28T09:49:28.927996383Z + file_size=0
2026-01-28T09:49:28.928092678Z + '[' 0 -gt 50000000 ']'
2026-01-28T09:49:28.928712339Z ++ ls -1 /var/log/ovn/acl-audit-log.log
2026-01-28T09:49:28.928766392Z ++ wc -l
2026-01-28T09:49:28.930466426Z + num_files=1
2026-01-28T09:49:28.930494858Z + '[' 1 -gt 5 ']'
2026-01-28T09:49:28.930494858Z + sleep 30
2026-01-28T09:49:58.932093870Z + true
2026-01-28T09:49:58.932093870Z + '[' -f /var/log/ovn/acl-audit-log.log ']'
2026-01-28T09:49:58.932685989Z ++ du -b /var/log/ovn/acl-audit-log.log
2026-01-28T09:49:58.932876948Z ++ tr -s '\t' ' '
2026-01-28T09:49:58.933074248Z ++ cut '-d ' -f1
2026-01-28T09:49:58.934778752Z + file_size=0
2026-01-28T09:49:58.934805643Z + '[' 0 -gt 50000000 ']'
2026-01-28T09:49:58.935370281Z ++ ls -1 /var/log/ovn/acl-audit-log.log
2026-01-28T09:49:58.935446325Z ++ wc -l
2026-01-28T09:49:58.937096546Z + num_files=1
2026-01-28T09:49:58.937127107Z + '[' 1 -gt 5 ']'
2026-01-28T09:49:58.937127107Z + sleep 30
2026-01-28T09:50:28.938676608Z + true
2026-01-28T09:50:28.938719210Z + '[' -f /var/log/ovn/acl-audit-log.log ']'
2026-01-28T09:50:28.939348572Z ++ du -b /var/log/ovn/acl-audit-log.log
2026-01-28T09:50:28.939517890Z ++ tr -s '\t' ' '
2026-01-28T09:50:28.940095958Z ++ cut '-d ' -f1
2026-01-28T09:50:28.942079766Z + file_size=0
2026-01-28T09:50:28.942106957Z + '[' 0 -gt 50000000 ']'
2026-01-28T09:50:28.942702297Z ++ ls -1 /var/log/ovn/acl-audit-log.log
2026-01-28T09:50:28.942809252Z ++ wc -l
2026-01-28T09:50:28.944896685Z + num_files=1
2026-01-28T09:50:28.944950597Z + '[' 1 -gt 5 ']'
2026-01-28T09:50:28.944950597Z + sleep 30
2026-01-28T09:50:58.946825370Z + true
2026-01-28T09:50:58.946825370Z + '[' -f /var/log/ovn/acl-audit-log.log ']'
2026-01-28T09:50:58.947490623Z ++ du -b /var/log/ovn/acl-audit-log.log
2026-01-28T09:50:58.947703693Z ++ tr -s '\t' ' '
2026-01-28T09:50:58.947832260Z ++ cut '-d ' -f1
2026-01-28T09:50:58.949678031Z + file_size=0
2026-01-28T09:50:58.949705682Z + '[' 0 -gt 50000000 ']'
2026-01-28T09:50:58.950309942Z ++ ls -1 /var/log/ovn/acl-audit-log.log
2026-01-28T09:50:58.950354144Z ++ wc -l
2026-01-28T09:50:58.952082640Z + num_files=1
2026-01-28T09:50:58.952106681Z + '[' 1 -gt 5 ']'
2026-01-28T09:50:58.952106681Z + sleep 30
2026-01-28T09:51:28.953756033Z + true
2026-01-28T09:51:28.953810866Z + '[' -f /var/log/ovn/acl-audit-log.log ']'
2026-01-28T09:51:28.954447318Z ++ du -b /var/log/ovn/acl-audit-log.log
2026-01-28T09:51:28.954621156Z ++ tr -s '\t' ' '
2026-01-28T09:51:28.954783134Z ++ cut '-d ' -f1
2026-01-28T09:51:28.956857187Z + file_size=0
2026-01-28T09:51:28.956927370Z + '[' 0 -gt 50000000 ']'
2026-01-28T09:51:28.957621915Z ++ ls -1 /var/log/ovn/acl-audit-log.log
2026-01-28T09:51:28.957756871Z ++ wc -l
2026-01-28T09:51:28.959393973Z + num_files=1
2026-01-28T09:51:28.959431234Z + '[' 1 -gt 5 ']'
2026-01-28T09:51:28.959431234Z + sleep 30
2026-01-28T09:51:58.961244226Z + true
2026-01-28T09:51:58.961244226Z + '[' -f /var/log/ovn/acl-audit-log.log ']'
2026-01-28T09:51:58.961823834Z ++ du -b /var/log/ovn/acl-audit-log.log
2026-01-28T09:51:58.962015754Z ++ tr -s '\t' ' '
2026-01-28T09:51:58.962857415Z ++ cut '-d ' -f1
2026-01-28T09:51:58.963972331Z + file_size=0
2026-01-28T09:51:58.964056305Z + '[' 0 -gt 50000000 ']'
2026-01-28T09:51:58.964636484Z ++ ls -1 /var/log/ovn/acl-audit-log.log
2026-01-28T09:51:58.964705867Z ++ wc -l
2026-01-28T09:51:58.966457214Z + num_files=1
2026-01-28T09:51:58.966484275Z + '[' 1 -gt 5 ']'
2026-01-28T09:51:58.966484275Z + sleep 30
2026-01-28T09:52:28.968117054Z + true
2026-01-28T09:52:28.968117054Z + '[' -f /var/log/ovn/acl-audit-log.log ']'
2026-01-28T09:52:28.968699503Z ++ du -b /var/log/ovn/acl-audit-log.log
2026-01-28T09:52:28.968847570Z ++ tr -s '\t' ' '
2026-01-28T09:52:28.969044900Z ++ cut '-d ' -f1
2026-01-28T09:52:28.970886252Z + file_size=0
2026-01-28T09:52:28.970916113Z + '[' 0 -gt 50000000 ']'
2026-01-28T09:52:28.971455860Z ++ ls -1 /var/log/ovn/acl-audit-log.log
2026-01-28T09:52:28.971544294Z ++ wc -l
2026-01-28T09:52:28.973092931Z + num_files=1
2026-01-28T09:52:28.973122363Z + '[' 1 -gt 5 ']'
2026-01-28T09:52:28.973122363Z + sleep 30
2026-01-28T09:52:58.974732484Z + true
2026-01-28T09:52:58.974732484Z + '[' -f /var/log/ovn/acl-audit-log.log ']'
2026-01-28T09:52:58.975381436Z ++ du -b /var/log/ovn/acl-audit-log.log
2026-01-28T09:52:58.975554274Z ++ tr -s '\t' ' '
2026-01-28T09:52:58.975770785Z ++ cut '-d ' -f1
2026-01-28T09:52:58.977569323Z + file_size=0
2026-01-28T09:52:58.977595065Z + '[' 0 -gt 50000000 ']'
2026-01-28T09:52:58.978194924Z ++ ls -1 /var/log/ovn/acl-audit-log.log
2026-01-28T09:52:58.978281558Z ++ wc -l
2026-01-28T09:52:58.979883237Z + num_files=1
2026-01-28T09:52:58.979906858Z + '[' 1 -gt 5 ']'
2026-01-28T09:52:58.979906858Z + sleep 30
2026-01-28T09:53:28.981550731Z + true
2026-01-28T09:53:28.981608124Z + '[' -f /var/log/ovn/acl-audit-log.log ']'
2026-01-28T09:53:28.982213714Z ++ du -b /var/log/ovn/acl-audit-log.log
2026-01-28T09:53:28.982436645Z ++ tr -s '\t' ' '
2026-01-28T09:53:28.982555241Z ++ cut '-d ' -f1
2026-01-28T09:53:28.984430244Z + file_size=0
2026-01-28T09:53:28.984460245Z + '[' 0 -gt 50000000 ']'
2026-01-28T09:53:28.984933569Z ++ ls -1 /var/log/ovn/acl-audit-log.log
2026-01-28T09:53:28.985080126Z ++ wc -l
2026-01-28T09:53:28.986975360Z + num_files=1
2026-01-28T09:53:28.987002482Z + '[' 1 -gt 5 ']'
2026-01-28T09:53:28.987002482Z + sleep 30
2026-01-28T09:53:58.989190085Z + true
2026-01-28T09:53:58.989190085Z + '[' -f /var/log/ovn/acl-audit-log.log ']'
2026-01-28T09:53:58.990112961Z ++ du -b /var/log/ovn/acl-audit-log.log
2026-01-28T09:53:58.990301750Z ++ tr -s '\t' ' '
2026-01-28T09:53:58.990501540Z ++ cut '-d ' -f1
2026-01-28T09:53:58.992511639Z + file_size=0
2026-01-28T09:53:58.992511639Z + '[' 0 -gt 50000000 ']'
2026-01-28T09:53:58.993119249Z ++ ls -1 /var/log/ovn/acl-audit-log.log
2026-01-28T09:53:58.993204963Z ++ wc -l
2026-01-28T09:53:58.994838934Z + num_files=1
2026-01-28T09:53:58.994838934Z + '[' 1 -gt 5 ']'
2026-01-28T09:53:58.994872816Z + sleep 30
2026-01-28T09:54:28.996613297Z + true
2026-01-28T09:54:28.996669460Z + '[' -f /var/log/ovn/acl-audit-log.log ']'
2026-01-28T09:54:28.997349104Z ++ du -b /var/log/ovn/acl-audit-log.log
2026-01-28T09:54:28.997622917Z ++ tr -s '\t' ' '
2026-01-28T09:54:28.997725152Z ++ cut '-d ' -f1
2026-01-28T09:54:29.000348152Z + file_size=0
2026-01-28T09:54:29.000390474Z + '[' 0 -gt 50000000 ']'
2026-01-28T09:54:29.000986123Z ++ ls -1 /var/log/ovn/acl-audit-log.log
2026-01-28T09:54:29.001070628Z ++ wc -l
2026-01-28T09:54:29.002804563Z + num_files=1
2026-01-28T09:54:29.002830904Z + '[' 1 -gt 5 ']'
2026-01-28T09:54:29.002830904Z + sleep 30
2026-01-28T09:54:59.004517488Z + true
2026-01-28T09:54:59.004562230Z + '[' -f /var/log/ovn/acl-audit-log.log ']'
2026-01-28T09:54:59.005128488Z ++ du -b /var/log/ovn/acl-audit-log.log
2026-01-28T09:54:59.005319938Z ++ tr -s '\t' ' '
2026-01-28T09:54:59.005516287Z ++ cut '-d ' -f1
2026-01-28T09:54:59.007343448Z + file_size=0
2026-01-28T09:54:59.007369259Z + '[' 0 -gt 50000000 ']'
2026-01-28T09:54:59.007986630Z ++ ls -1 /var/log/ovn/acl-audit-log.log
2026-01-28T09:54:59.008011601Z ++ wc -l
2026-01-28T09:54:59.009626331Z + num_files=1
2026-01-28T09:54:59.009653442Z + '[' 1 -gt 5 ']'
2026-01-28T09:54:59.009653442Z + sleep 30
2026-01-28T09:55:29.011346445Z + true
2026-01-28T09:55:29.011346445Z + '[' -f /var/log/ovn/acl-audit-log.log ']'
2026-01-28T09:55:29.012097072Z ++ du -b /var/log/ovn/acl-audit-log.log
2026-01-28T09:55:29.012208518Z ++ tr -s '\t' ' '
2026-01-28T09:55:29.012341014Z ++ cut '-d ' -f1
2026-01-28T09:55:29.014107541Z + file_size=0
2026-01-28T09:55:29.014134793Z + '[' 0 -gt 50000000 ']'
2026-01-28T09:55:29.014668979Z ++ ls -1 /var/log/ovn/acl-audit-log.log
2026-01-28T09:55:29.014753133Z ++ wc -l
2026-01-28T09:55:29.016410245Z + num_files=1
2026-01-28T09:55:29.016440236Z + '[' 1 -gt 5 ']'
2026-01-28T09:55:29.016440236Z + sleep 30
2026-01-28T09:55:59.018195389Z + true
2026-01-28T09:55:59.018195389Z + '[' -f /var/log/ovn/acl-audit-log.log ']'
2026-01-28T09:55:59.018820340Z ++ du -b /var/log/ovn/acl-audit-log.log
2026-01-28T09:55:59.018977138Z ++ tr -s '\t' ' '
2026-01-28T09:55:59.019158687Z ++ cut '-d ' -f1
2026-01-28T09:55:59.021065241Z + file_size=0
2026-01-28T09:55:59.021093833Z + '[' 0 -gt 50000000 ']'
2026-01-28T09:55:59.021680802Z ++ ls -1 /var/log/ovn/acl-audit-log.log
2026-01-28T09:55:59.021754106Z ++ wc -l
2026-01-28T09:55:59.023629378Z + num_files=1
2026-01-28T09:55:59.023657050Z + '[' 1 -gt 5 ']'
2026-01-28T09:55:59.023657050Z + sleep 30
2026-01-28T09:56:29.025331236Z + true
2026-01-28T09:56:29.025331236Z + '[' -f /var/log/ovn/acl-audit-log.log ']'
2026-01-28T09:56:29.025916675Z ++ du -b /var/log/ovn/acl-audit-log.log
2026-01-28T09:56:29.026096174Z ++ tr -s '\t' ' '
2026-01-28T09:56:29.026295204Z ++ cut '-d ' -f1
2026-01-28T09:56:29.028377857Z + file_size=0
2026-01-28T09:56:29.028413939Z + '[' 0 -gt 50000000 ']'
2026-01-28T09:56:29.028926994Z ++ ls -1 /var/log/ovn/acl-audit-log.log
2026-01-28T09:56:29.028978127Z ++ wc -l
2026-01-28T09:56:29.030533434Z + num_files=1
2026-01-28T09:56:29.030558355Z + '[' 1 -gt 5 ']'
2026-01-28T09:56:29.030558355Z + sleep 30
2026-01-28T09:56:59.032287153Z + true
2026-01-28T09:56:59.032287153Z + '[' -f /var/log/ovn/acl-audit-log.log ']'
2026-01-28T09:56:59.032931476Z ++ du -b /var/log/ovn/acl-audit-log.log
2026-01-28T09:56:59.033144116Z ++ tr -s '\t' ' '
2026-01-28T09:56:59.033351096Z ++ cut '-d ' -f1
2026-01-28T09:56:59.035118504Z + file_size=0
2026-01-28T09:56:59.035147815Z + '[' 0 -gt 50000000 ']'
2026-01-28T09:56:59.035668671Z ++ ls -1 /var/log/ovn/acl-audit-log.log
2026-01-28T09:56:59.035734925Z ++ wc -l
2026-01-28T09:56:59.037603688Z + num_files=1
2026-01-28T09:56:59.037628389Z + '[' 1 -gt 5 ']'
2026-01-28T09:56:59.037628389Z + sleep 30
2026-01-28T09:57:29.039330416Z + true
2026-01-28T09:57:29.039408750Z + '[' -f /var/log/ovn/acl-audit-log.log ']'
2026-01-28T09:57:29.039985068Z ++ du -b /var/log/ovn/acl-audit-log.log
2026-01-28T09:57:29.040177178Z ++ tr -s '\t' ' '
2026-01-28T09:57:29.040360937Z ++ cut '-d ' -f1
2026-01-28T09:57:29.042269152Z + file_size=0
2026-01-28T09:57:29.042293293Z + '[' 0 -gt 50000000 ']'
2026-01-28T09:57:29.042849711Z ++ ls -1 /var/log/ovn/acl-audit-log.log
2026-01-28T09:57:29.042938635Z ++ wc -l
2026-01-28T09:57:29.044853370Z + num_files=1
2026-01-28T09:57:29.044930704Z + '[' 1 -gt 5 ']'
2026-01-28T09:57:29.044993567Z + sleep 30
2026-01-28T09:57:59.046996614Z + true
2026-01-28T09:57:59.046996614Z + '[' -f /var/log/ovn/acl-audit-log.log ']'
2026-01-28T09:57:59.047682778Z ++ du -b /var/log/ovn/acl-audit-log.log
2026-01-28T09:57:59.047897908Z ++ tr -s '\t' ' '
2026-01-28T09:57:59.048081838Z ++ cut '-d ' -f1
2026-01-28T09:57:59.049898118Z + file_size=0
2026-01-28T09:57:59.049928170Z + '[' 0 -gt 50000000 ']'
2026-01-28T09:57:59.050437865Z ++ ls -1 /var/log/ovn/acl-audit-log.log
2026-01-28T09:57:59.050541970Z ++ wc -l
2026-01-28T09:57:59.052377251Z + num_files=1
2026-01-28T09:57:59.052405013Z + '[' 1 -gt 5 ']'
2026-01-28T09:57:59.052405013Z + sleep 30
2026-01-28T09:58:29.054231511Z + true
2026-01-28T09:58:29.054231511Z + '[' -f /var/log/ovn/acl-audit-log.log ']'
2026-01-28T09:58:29.054796679Z ++ du -b /var/log/ovn/acl-audit-log.log
2026-01-28T09:58:29.054958567Z ++ tr -s '\t' ' '
2026-01-28T09:58:29.055213670Z ++ cut '-d ' -f1
2026-01-28T09:58:29.057319644Z + file_size=0
2026-01-28T09:58:29.057319644Z + '[' 0 -gt 50000000 ']'
2026-01-28T09:58:29.057858711Z ++ ls -1 /var/log/ovn/acl-audit-log.log
2026-01-28T09:58:29.057939745Z ++ wc -l
2026-01-28T09:58:29.059635189Z + num_files=1
2026-01-28T09:58:29.059662610Z + '[' 1 -gt 5 ']'
2026-01-28T09:58:29.059662610Z + sleep 30
2026-01-28T09:58:59.061380681Z + true
2026-01-28T09:58:59.061450665Z + '[' -f /var/log/ovn/acl-audit-log.log ']'
2026-01-28T09:58:59.062078086Z ++ du -b /var/log/ovn/acl-audit-log.log
2026-01-28T09:58:59.062156760Z ++ tr -s '\t' ' '
2026-01-28T09:58:59.062352690Z ++ cut '-d ' -f1
2026-01-28T09:58:59.064207712Z + file_size=0
2026-01-28T09:58:59.064234183Z + '[' 0 -gt 50000000 ']'
2026-01-28T09:58:59.064883615Z ++ ls -1 /var/log/ovn/acl-audit-log.log
2026-01-28T09:58:59.064936768Z ++ wc -l
2026-01-28T09:58:59.066769779Z + num_files=1
2026-01-28T09:58:59.066798990Z + '[' 1 -gt 5 ']'
2026-01-28T09:58:59.066798990Z + sleep 30
2026-01-28T09:59:29.068468974Z + true
2026-01-28T09:59:29.068468974Z + '[' -f /var/log/ovn/acl-audit-log.log ']'
2026-01-28T09:59:29.069066204Z ++ du -b /var/log/ovn/acl-audit-log.log
2026-01-28T09:59:29.069212281Z ++ tr -s '\t' ' '
2026-01-28T09:59:29.069427302Z ++ cut '-d ' -f1
2026-01-28T09:59:29.071207480Z + file_size=0
2026-01-28T09:59:29.071236842Z + '[' 0 -gt 50000000 ']'
2026-01-28T09:59:29.071741147Z ++ ls -1 /var/log/ovn/acl-audit-log.log
2026-01-28T09:59:29.071820781Z ++ wc -l
2026-01-28T09:59:29.073362788Z + num_files=1
2026-01-28T09:59:29.073385129Z + '[' 1 -gt 5 ']'
2026-01-28T09:59:29.073385129Z + sleep 30
2026-01-28T09:59:59.075001301Z + true
2026-01-28T09:59:59.075091036Z + '[' -f /var/log/ovn/acl-audit-log.log ']'
2026-01-28T09:59:59.075775000Z ++ du -b /var/log/ovn/acl-audit-log.log
2026-01-28T09:59:59.075986701Z ++ tr -s '\t' ' '
2026-01-28T09:59:59.076171980Z ++ cut '-d ' -f1
2026-01-28T09:59:59.078178419Z + file_size=0
2026-01-28T09:59:59.078206851Z + '[' 0 -gt 50000000 ']'
2026-01-28T09:59:59.078751078Z ++ ls -1 /var/log/ovn/acl-audit-log.log
2026-01-28T09:59:59.078849913Z ++ wc -l
2026-01-28T09:59:59.080426141Z + num_files=1
2026-01-28T09:59:59.080426141Z + '[' 1 -gt 5 ']'
2026-01-28T09:59:59.080454893Z + sleep 30
2026-01-28T10:00:29.082281490Z + true
2026-01-28T10:00:29.082336923Z + '[' -f /var/log/ovn/acl-audit-log.log ']'
2026-01-28T10:00:29.082998285Z ++ du -b /var/log/ovn/acl-audit-log.log
2026-01-28T10:00:29.084382524Z ++ tr -s '\t' ' '
2026-01-28T10:00:29.084382524Z ++ cut '-d ' -f1
2026-01-28T10:00:29.085744842Z + file_size=0
2026-01-28T10:00:29.085790684Z + '[' 0 -gt 50000000 ']'
2026-01-28T10:00:29.086429976Z ++ ls -1 /var/log/ovn/acl-audit-log.log
2026-01-28T10:00:29.086539952Z ++ wc -l
2026-01-28T10:00:29.088324361Z + num_files=1
2026-01-28T10:00:29.088348782Z + '[' 1 -gt 5 ']'
2026-01-28T10:00:29.088348782Z + sleep 30
2026-01-28T10:00:59.090125717Z + true
2026-01-28T10:00:59.090191161Z + '[' -f /var/log/ovn/acl-audit-log.log ']'
2026-01-28T10:00:59.090864964Z ++ du -b /var/log/ovn/acl-audit-log.log
2026-01-28T10:00:59.091079005Z ++ tr -s '\t' ' '
2026-01-28T10:00:59.091301436Z ++ cut '-d ' -f1
2026-01-28T10:00:59.093244353Z + file_size=0
2026-01-28T10:00:59.093281545Z + '[' 0 -gt 50000000 ']'
2026-01-28T10:00:59.093872385Z ++ ls -1 /var/log/ovn/acl-audit-log.log
2026-01-28T10:00:59.093948409Z ++ wc -l
2026-01-28T10:00:59.095966640Z + num_files=1
2026-01-28T10:00:59.095994721Z + '[' 1 -gt 5 ']'
2026-01-28T10:00:59.095994721Z + sleep 30
2026-01-28T10:01:29.098106492Z + true
2026-01-28T10:01:29.098200877Z + '[' -f /var/log/ovn/acl-audit-log.log ']'
2026-01-28T10:01:29.098885811Z ++ du -b /var/log/ovn/acl-audit-log.log
2026-01-28T10:01:29.099072540Z ++ tr -s '\t' ' '
2026-01-28T10:01:29.099270540Z ++ cut '-d ' -f1
2026-01-28T10:01:29.101089710Z + file_size=0
2026-01-28T10:01:29.101089710Z + '[' 0 -gt 50000000 ']'
2026-01-28T10:01:29.101651858Z ++ ls -1 /var/log/ovn/acl-audit-log.log
2026-01-28T10:01:29.101728362Z ++ wc -l
2026-01-28T10:01:29.103270529Z + num_files=1
2026-01-28T10:01:29.103299760Z + '[' 1 -gt 5 ']'
2026-01-28T10:01:29.103299760Z + sleep 30
2026-01-28T10:01:59.104862044Z + true
2026-01-28T10:01:59.104862044Z + '[' -f /var/log/ovn/acl-audit-log.log ']'
2026-01-28T10:01:59.105493766Z ++ du -b /var/log/ovn/acl-audit-log.log
2026-01-28T10:01:59.105666574Z ++ tr -s '\t' ' '
2026-01-28T10:01:59.105859904Z ++ cut '-d ' -f1
2026-01-28T10:01:59.107881235Z + file_size=0
2026-01-28T10:01:59.107909276Z + '[' 0 -gt 50000000 ']'
2026-01-28T10:01:59.108489065Z ++ ls -1 /var/log/ovn/acl-audit-log.log
2026-01-28T10:01:59.108574599Z ++ wc -l
2026-01-28T10:01:59.110314726Z + num_files=1
2026-01-28T10:01:59.110343347Z + '[' 1 -gt 5 ']'
2026-01-28T10:01:59.110343347Z + sleep 30
2026-01-28T10:02:29.112082789Z + true
2026-01-28T10:02:29.112144642Z + '[' -f /var/log/ovn/acl-audit-log.log ']'
2026-01-28T10:02:29.112687219Z ++ du -b /var/log/ovn/acl-audit-log.log
2026-01-28T10:02:29.112808045Z ++ tr -s '\t' ' '
2026-01-28T10:02:29.113063498Z ++ cut '-d ' -f1
2026-01-28T10:02:29.115006944Z + file_size=0
2026-01-28T10:02:29.115126550Z + '[' 0 -gt 50000000 ']'
2026-01-28T10:02:29.115642156Z ++ ls -1 /var/log/ovn/acl-audit-log.log
2026-01-28T10:02:29.115721970Z ++ wc -l
2026-01-28T10:02:29.117332319Z + num_files=1
2026-01-28T10:02:29.117359911Z + '[' 1 -gt 5 ']'
2026-01-28T10:02:29.117359911Z + sleep 30
2026-01-28T10:02:59.119128923Z + true
2026-01-28T10:02:59.119195426Z + '[' -f /var/log/ovn/acl-audit-log.log ']'
2026-01-28T10:02:59.119744144Z ++ du -b /var/log/ovn/acl-audit-log.log
2026-01-28T10:02:59.120209857Z ++ tr -s '\t' ' '
2026-01-28T10:02:59.120209857Z ++ cut '-d ' -f1
2026-01-28T10:02:59.121841058Z + file_size=0
2026-01-28T10:02:59.121870030Z + '[' 0 -gt 50000000 ']'
2026-01-28T10:02:59.122453599Z ++ ls -1 /var/log/ovn/acl-audit-log.log
2026-01-28T10:02:59.122574185Z ++ wc -l
2026-01-28T10:02:59.124254928Z + num_files=1
2026-01-28T10:02:59.124282840Z + '[' 1 -gt 5 ']'
2026-01-28T10:02:59.124282840Z + sleep 30
2026-01-28T10:03:29.125984258Z + true
2026-01-28T10:03:29.125984258Z + '[' -f /var/log/ovn/acl-audit-log.log ']'
2026-01-28T10:03:29.126618319Z ++ du -b /var/log/ovn/acl-audit-log.log
2026-01-28T10:03:29.126784858Z ++ tr -s '\t' ' '
2026-01-28T10:03:29.126934945Z ++ cut '-d ' -f1
2026-01-28T10:03:29.128861131Z + file_size=0
2026-01-28T10:03:29.128888283Z + '[' 0 -gt 50000000 ']'
2026-01-28T10:03:29.129436230Z ++ ls -1 /var/log/ovn/acl-audit-log.log
2026-01-28T10:03:29.129532035Z ++ wc -l
2026-01-28T10:03:29.131224519Z + num_files=1
2026-01-28T10:03:29.131251610Z + '[' 1 -gt 5 ']'
2026-01-28T10:03:29.131251610Z + sleep 30
2026-01-28T10:03:59.132913137Z + true
2026-01-28T10:03:59.132913137Z + '[' -f /var/log/ovn/acl-audit-log.log ']'
2026-01-28T10:03:59.133574420Z ++ du -b /var/log/ovn/acl-audit-log.log
2026-01-28T10:03:59.133769969Z ++ tr -s '\t' ' '
2026-01-28T10:03:59.133919237Z ++ cut '-d ' -f1
2026-01-28T10:03:59.135726647Z + file_size=0
2026-01-28T10:03:59.135726647Z + '[' 0 -gt 50000000 ']'
2026-01-28T10:03:59.136295905Z ++ ls -1 /var/log/ovn/acl-audit-log.log
2026-01-28T10:03:59.136400700Z ++ wc -l
2026-01-28T10:03:59.137992010Z + num_files=1
2026-01-28T10:03:59.138058243Z + '[' 1 -gt 5 ']'
2026-01-28T10:03:59.138058243Z + sleep 30
2026-01-28T10:04:29.139653855Z + true
2026-01-28T10:04:29.139653855Z + '[' -f /var/log/ovn/acl-audit-log.log ']'
2026-01-28T10:04:29.140272226Z ++ du -b /var/log/ovn/acl-audit-log.log
2026-01-28T10:04:29.140816793Z ++ tr -s '\t' ' '
2026-01-28T10:04:29.140816793Z ++ cut '-d ' -f1
2026-01-28T10:04:29.142467575Z + file_size=0
2026-01-28T10:04:29.142500327Z + '[' 0 -gt 50000000 ']'
2026-01-28T10:04:29.143011412Z ++ ls -1 /var/log/ovn/acl-audit-log.log
2026-01-28T10:04:29.143143388Z ++ wc -l
2026-01-28T10:04:29.144726987Z + num_files=1
2026-01-28T10:04:29.144755799Z + '[' 1 -gt 5 ']'
2026-01-28T10:04:29.144755799Z + sleep 30
2026-01-28T10:04:59.146465429Z + true
2026-01-28T10:04:59.146465429Z + '[' -f /var/log/ovn/acl-audit-log.log ']'
2026-01-28T10:04:59.147116431Z ++ du -b /var/log/ovn/acl-audit-log.log
2026-01-28T10:04:59.147281109Z ++ tr -s '\t' ' '
2026-01-28T10:04:59.147459018Z ++ cut '-d ' -f1
2026-01-28T10:04:59.149248717Z + file_size=0
2026-01-28T10:04:59.149276318Z + '[' 0 -gt 50000000 ']'
2026-01-28T10:04:59.149759672Z ++ ls -1 /var/log/ovn/acl-audit-log.log
2026-01-28T10:04:59.149861777Z ++ wc -l
2026-01-28T10:04:59.151612054Z + num_files=1
2026-01-28T10:04:59.151643115Z + '[' 1 -gt 5 ']'
2026-01-28T10:04:59.151643115Z + sleep 30
2026-01-28T10:05:29.153769952Z + true
2026-01-28T10:05:29.153819275Z + '[' -f /var/log/ovn/acl-audit-log.log ']'
2026-01-28T10:05:29.154365362Z ++ du -b /var/log/ovn/acl-audit-log.log
2026-01-28T10:05:29.154517770Z ++ tr -s '\t' ' '
2026-01-28T10:05:29.154697369Z ++ cut '-d ' -f1
2026-01-28T10:05:29.156695808Z + file_size=0
2026-01-28T10:05:29.156769722Z + '[' 0 -gt 50000000 ']'
2026-01-28T10:05:29.157483437Z ++ ls -1 /var/log/ovn/acl-audit-log.log
2026-01-28T10:05:29.157573492Z ++ wc -l
2026-01-28T10:05:29.159162871Z + num_files=1
2026-01-28T10:05:29.159190973Z + '[' 1 -gt 5 ']'
2026-01-28T10:05:29.159190973Z + sleep 30
2026-01-28T10:05:59.160875067Z + true
2026-01-28T10:05:59.160875067Z + '[' -f /var/log/ovn/acl-audit-log.log ']'
2026-01-28T10:05:59.161564382Z ++ du -b /var/log/ovn/acl-audit-log.log
2026-01-28T10:05:59.161729830Z ++ tr -s '\t' ' '
2026-01-28T10:05:59.161931590Z ++ cut '-d ' -f1
2026-01-28T10:05:59.163745050Z + file_size=0
2026-01-28T10:05:59.163781762Z + '[' 0 -gt 50000000 ']'
2026-01-28T10:05:59.164439465Z ++ ls -1 /var/log/ovn/acl-audit-log.log
2026-01-28T10:05:59.164513048Z ++ wc -l
2026-01-28T10:05:59.166087757Z + num_files=1
2026-01-28T10:05:59.166112678Z + '[' 1 -gt 5 ']'
2026-01-28T10:05:59.166112678Z + sleep 30
2026-01-28T10:06:29.167726414Z + true
2026-01-28T10:06:29.167726414Z + '[' -f /var/log/ovn/acl-audit-log.log ']'
2026-01-28T10:06:29.168306883Z ++ du -b /var/log/ovn/acl-audit-log.log
2026-01-28T10:06:29.168509934Z ++ tr -s '\t' ' '
2026-01-28T10:06:29.168649751Z ++ cut '-d ' -f1
2026-01-28T10:06:29.170455751Z + file_size=0
2026-01-28T10:06:29.170491483Z + '[' 0 -gt 50000000 ']'
2026-01-28T10:06:29.171188118Z ++ ls -1 /var/log/ovn/acl-audit-log.log
2026-01-28T10:06:29.171239041Z ++ wc -l
2026-01-28T10:06:29.172779548Z + num_files=1
2026-01-28T10:06:29.172809810Z + '[' 1 -gt 5 ']'
2026-01-28T10:06:29.172809810Z + sleep 30
2026-01-28T10:06:59.174504287Z + true
2026-01-28T10:06:59.174609633Z + '[' -f /var/log/ovn/acl-audit-log.log ']'
2026-01-28T10:06:59.175383301Z ++ du -b /var/log/ovn/acl-audit-log.log
2026-01-28T10:06:59.175708638Z ++ cut '-d ' -f1
2026-01-28T10:06:59.175896278Z ++ tr -s '\t' ' '
2026-01-28T10:06:59.178231925Z + file_size=0
2026-01-28T10:06:59.178260716Z + '[' 0 -gt 50000000 ']'
2026-01-28T10:06:59.178900198Z ++ ls -1 /var/log/ovn/acl-audit-log.log
2026-01-28T10:06:59.178973052Z ++ wc -l
2026-01-28T10:06:59.180708839Z + num_files=1
2026-01-28T10:06:59.180735941Z + '[' 1 -gt 5 ']'
2026-01-28T10:06:59.180735941Z + sleep 30
2026-01-28T10:07:29.182354800Z + true
2026-01-28T10:07:29.182354800Z + '[' -f /var/log/ovn/acl-audit-log.log ']'
2026-01-28T10:07:29.182928049Z ++ du -b /var/log/ovn/acl-audit-log.log
2026-01-28T10:07:29.183136629Z ++ tr -s '\t' ' '
2026-01-28T10:07:29.183306317Z ++ cut '-d ' -f1
2026-01-28T10:07:29.185237404Z + file_size=0
2026-01-28T10:07:29.185264805Z + '[' 0 -gt 50000000 ']'
2026-01-28T10:07:29.185796161Z ++ ls -1 /var/log/ovn/acl-audit-log.log
2026-01-28T10:07:29.185860424Z ++ wc -l
2026-01-28T10:07:29.188157549Z + num_files=1
2026-01-28T10:07:29.188313617Z + '[' 1 -gt 5 ']'
2026-01-28T10:07:29.188313617Z + sleep 30
2026-01-28T10:07:59.190140006Z + true
2026-01-28T10:07:59.190194059Z + '[' -f /var/log/ovn/acl-audit-log.log ']'
2026-01-28T10:07:59.191090654Z ++ tr -s '\t' ' '
2026-01-28T10:07:59.191807299Z ++ du -b /var/log/ovn/acl-audit-log.log
2026-01-28T10:07:59.193334355Z ++ cut '-d ' -f1
2026-01-28T10:07:59.195594348Z + file_size=0
2026-01-28T10:07:59.195623069Z + '[' 0 -gt 50000000 ']'
2026-01-28T10:07:59.196354396Z ++ ls -1 /var/log/ovn/acl-audit-log.log
2026-01-28T10:07:59.196651851Z ++ wc -l
2026-01-28T10:07:59.198497303Z + num_files=1
2026-01-28T10:07:59.198570676Z + '[' 1 -gt 5 ']'
2026-01-28T10:07:59.198616199Z + sleep 30
2026-01-28T10:08:29.200785898Z + true
2026-01-28T10:08:29.200785898Z + '[' -f /var/log/ovn/acl-audit-log.log ']'
2026-01-28T10:08:29.201501144Z ++ du -b /var/log/ovn/acl-audit-log.log
2026-01-28T10:08:29.201751156Z ++ tr -s '\t' ' '
2026-01-28T10:08:29.201876243Z ++ cut '-d ' -f1
2026-01-28T10:08:29.203817399Z + file_size=0
2026-01-28T10:08:29.203845221Z + '[' 0 -gt 50000000 ']'
2026-01-28T10:08:29.204363207Z ++ ls -1 /var/log/ovn/acl-audit-log.log
2026-01-28T10:08:29.204451571Z ++ wc -l
2026-01-28T10:08:29.206082012Z + num_files=1
2026-01-28T10:08:29.206106974Z + '[' 1 -gt 5 ']'
2026-01-28T10:08:29.206106974Z + sleep 30
2026-01-28T10:08:59.207818458Z + true
2026-01-28T10:08:59.207818458Z + '[' -f /var/log/ovn/acl-audit-log.log ']'
2026-01-28T10:08:59.208436019Z ++ du -b /var/log/ovn/acl-audit-log.log
2026-01-28T10:08:59.208615538Z ++ tr -s '\t' ' '
2026-01-28T10:08:59.208765765Z ++ cut '-d ' -f1
2026-01-28T10:08:59.210725503Z + file_size=0
2026-01-28T10:08:59.210764815Z + '[' 0 -gt 50000000 ']'
2026-01-28T10:08:59.211364365Z ++ ls -1 /var/log/ovn/acl-audit-log.log
2026-01-28T10:08:59.211434508Z ++ wc -l
2026-01-28T10:08:59.213159184Z + num_files=1
2026-01-28T10:08:59.213187585Z + '[' 1 -gt 5 ']'
2026-01-28T10:08:59.213187585Z + sleep 30
2026-01-28T10:09:29.214769022Z + true
2026-01-28T10:09:29.214817574Z + '[' -f /var/log/ovn/acl-audit-log.log ']'
2026-01-28T10:09:29.215414404Z ++ du -b /var/log/ovn/acl-audit-log.log
2026-01-28T10:09:29.215568131Z ++ tr -s '\t' ' '
2026-01-28T10:09:29.215801213Z ++ cut '-d ' -f1
2026-01-28T10:09:29.217657106Z + file_size=0
2026-01-28T10:09:29.217657106Z + '[' 0 -gt 50000000 ']'
2026-01-28T10:09:29.218222124Z ++ ls -1 /var/log/ovn/acl-audit-log.log
2026-01-28T10:09:29.218304948Z ++ wc -l
2026-01-28T10:09:29.220076566Z + num_files=1
2026-01-28T10:09:29.220126259Z + '[' 1 -gt 5 ']'
2026-01-28T10:09:29.220126259Z + sleep 30
2026-01-28T10:09:59.221970779Z + true
2026-01-28T10:09:59.222017161Z + '[' -f /var/log/ovn/acl-audit-log.log ']'
2026-01-28T10:09:59.222673264Z ++ du -b /var/log/ovn/acl-audit-log.log
2026-01-28T10:09:59.222831172Z ++ tr -s '\t' ' '
2026-01-28T10:09:59.223211001Z ++ cut '-d ' -f1
2026-01-28T10:09:59.226017481Z + file_size=0
2026-01-28T10:09:59.226089645Z + '[' 0 -gt 50000000 ']'
2026-01-28T10:09:59.226733007Z ++ ls -1 /var/log/ovn/acl-audit-log.log
2026-01-28T10:09:59.226842442Z ++ wc -l
2026-01-28T10:09:59.229298835Z + num_files=1
2026-01-28T10:09:59.229324327Z + '[' 1 -gt 5 ']'
2026-01-28T10:09:59.229324327Z + sleep 30
2026-01-28T10:10:29.231893161Z + true
2026-01-28T10:10:29.231953864Z + '[' -f /var/log/ovn/acl-audit-log.log ']'
2026-01-28T10:10:29.232580915Z ++ du -b /var/log/ovn/acl-audit-log.log
2026-01-28T10:10:29.232733963Z ++ tr -s '\t' ' '
2026-01-28T10:10:29.232890141Z ++ cut '-d ' -f1
2026-01-28T10:10:29.235066759Z + file_size=0
2026-01-28T10:10:29.235094491Z + '[' 0 -gt 50000000 ']'
2026-01-28T10:10:29.235698631Z ++ ls -1 /var/log/ovn/acl-audit-log.log
2026-01-28T10:10:29.235758434Z ++ wc -l
2026-01-28T10:10:29.237731103Z + num_files=1
2026-01-28T10:10:29.237775255Z + '[' 1 -gt 5 ']'
2026-01-28T10:10:29.237775255Z + sleep 30
2026-01-28T10:10:59.239611989Z + true
2026-01-28T10:10:59.239674843Z + '[' -f /var/log/ovn/acl-audit-log.log ']'
2026-01-28T10:10:59.240303064Z ++ du -b /var/log/ovn/acl-audit-log.log
2026-01-28T10:10:59.240459782Z ++ tr -s '\t' ' '
2026-01-28T10:10:59.240641351Z ++ cut '-d ' -f1
2026-01-28T10:10:59.243331905Z + file_size=0
2026-01-28T10:10:59.243374087Z + '[' 0 -gt 50000000 ']'
2026-01-28T10:10:59.244193668Z ++ ls -1 /var/log/ovn/acl-audit-log.log
2026-01-28T10:10:59.244193668Z ++ wc -l
2026-01-28T10:10:59.246091542Z + num_files=1
2026-01-28T10:10:59.246121033Z + '[' 1 -gt 5 ']'
2026-01-28T10:10:59.246121033Z + sleep 30
2026-01-28T10:11:29.247780353Z + true
2026-01-28T10:11:29.247871167Z + '[' -f /var/log/ovn/acl-audit-log.log ']'
2026-01-28T10:11:29.248521119Z ++ du -b /var/log/ovn/acl-audit-log.log
2026-01-28T10:11:29.248676007Z ++ tr -s '\t' ' '
2026-01-28T10:11:29.248879897Z ++ cut '-d ' -f1
2026-01-28T10:11:29.250832664Z + file_size=0
2026-01-28T10:11:29.250868626Z + '[' 0 -gt 50000000 ']'
2026-01-28T10:11:29.251478996Z ++ ls -1 /var/log/ovn/acl-audit-log.log
2026-01-28T10:11:29.251614412Z ++ wc -l
2026-01-28T10:11:29.253698215Z + num_files=1
2026-01-28T10:11:29.253723716Z + '[' 1 -gt 5 ']'
2026-01-28T10:11:29.253723716Z + sleep 30
2026-01-28T10:11:59.255356717Z + true
2026-01-28T10:11:59.255356717Z + '[' -f /var/log/ovn/acl-audit-log.log ']'
2026-01-28T10:11:59.256062023Z ++ du -b /var/log/ovn/acl-audit-log.log
2026-01-28T10:11:59.256208720Z ++ tr -s '\t' ' '
2026-01-28T10:11:59.256435481Z ++ cut '-d ' -f1
2026-01-28T10:11:59.258277033Z + file_size=0
2026-01-28T10:11:59.258302414Z + '[' 0 -gt 50000000 ']'
2026-01-28T10:11:59.258796649Z ++ ls -1 /var/log/ovn/acl-audit-log.log
2026-01-28T10:11:59.258894774Z ++ wc -l
2026-01-28T10:11:59.260529265Z + num_files=1
2026-01-28T10:11:59.260557147Z + '[' 1 -gt 5 ']'
2026-01-28T10:11:59.260557147Z + sleep 30
2026-01-28T10:12:29.262248198Z + true
2026-01-28T10:12:29.262312501Z + '[' -f /var/log/ovn/acl-audit-log.log ']'
2026-01-28T10:12:29.262926081Z ++ du -b /var/log/ovn/acl-audit-log.log
2026-01-28T10:12:29.263074939Z ++ tr -s '\t' ' '
2026-01-28T10:12:29.263261408Z ++ cut '-d ' -f1
2026-01-28T10:12:29.265089759Z + file_size=0
2026-01-28T10:12:29.265120141Z + '[' 0 -gt 50000000 ']'
2026-01-28T10:12:29.265619995Z ++ ls -1 /var/log/ovn/acl-audit-log.log
2026-01-28T10:12:29.265703679Z ++ wc -l
2026-01-28T10:12:29.267258187Z + num_files=1
2026-01-28T10:12:29.267285738Z + '[' 1 -gt 5 ']'
2026-01-28T10:12:29.267285738Z + sleep 30
2026-01-28T10:12:59.268871156Z + true
2026-01-28T10:12:59.268914808Z + '[' -f /var/log/ovn/acl-audit-log.log ']'
2026-01-28T10:12:59.269518678Z ++ du -b /var/log/ovn/acl-audit-log.log
2026-01-28T10:12:59.269677176Z ++ tr -s '\t' ' '
2026-01-28T10:12:59.269892387Z ++ cut '-d ' -f1
2026-01-28T10:12:59.272139809Z + file_size=0
2026-01-28T10:12:59.272165680Z + '[' 0 -gt 50000000 ']'
2026-01-28T10:12:59.272654644Z ++ ls -1 /var/log/ovn/acl-audit-log.log
2026-01-28T10:12:59.272754319Z ++ wc -l
2026-01-28T10:12:59.274282495Z + num_files=1
2026-01-28T10:12:59.274308547Z + '[' 1 -gt 5 ']'
2026-01-28T10:12:59.274308547Z + sleep 30
2026-01-28T10:13:29.275990321Z + true
2026-01-28T10:13:29.275990321Z + '[' -f /var/log/ovn/acl-audit-log.log ']'
2026-01-28T10:13:29.276612392Z ++ du -b /var/log/ovn/acl-audit-log.log
2026-01-28T10:13:29.276767720Z ++ tr -s '\t' ' '
2026-01-28T10:13:29.276934728Z ++ cut '-d ' -f1
2026-01-28T10:13:29.278728866Z + file_size=0
2026-01-28T10:13:29.278752267Z + '[' 0 -gt 50000000 ']'
2026-01-28T10:13:29.279289304Z ++ ls -1 /var/log/ovn/acl-audit-log.log
2026-01-28T10:13:29.279393909Z ++ wc -l
2026-01-28T10:13:29.281056161Z + num_files=1
2026-01-28T10:13:29.281085293Z + '[' 1 -gt 5 ']'
2026-01-28T10:13:29.281085293Z + sleep 30
2026-01-28T10:13:59.282885149Z + true
2026-01-28T10:13:59.282924500Z + '[' -f /var/log/ovn/acl-audit-log.log ']'
2026-01-28T10:13:59.283561522Z ++ du -b /var/log/ovn/acl-audit-log.log
2026-01-28T10:13:59.283769372Z ++ tr -s '\t' ' '
2026-01-28T10:13:59.283932430Z ++ cut '-d ' -f1
2026-01-28T10:13:59.285778710Z + file_size=0
2026-01-28T10:13:59.285805232Z + '[' 0 -gt 50000000 ']'
2026-01-28T10:13:59.286351188Z ++ ls -1 /var/log/ovn/acl-audit-log.log
2026-01-28T10:13:59.286436682Z ++ wc -l
2026-01-28T10:13:59.287954006Z + num_files=1
2026-01-28T10:13:59.287979718Z + '[' 1 -gt 5 ']'
2026-01-28T10:13:59.287979718Z + sleep 30
2026-01-28T10:14:29.289670573Z + true
2026-01-28T10:14:29.289670573Z + '[' -f /var/log/ovn/acl-audit-log.log ']'
2026-01-28T10:14:29.290353257Z ++ du -b /var/log/ovn/acl-audit-log.log
2026-01-28T10:14:29.290463872Z ++ tr -s '\t' ' '
2026-01-28T10:14:29.290691113Z ++ cut '-d ' -f1
2026-01-28T10:14:29.292545266Z + file_size=0
2026-01-28T10:14:29.292574507Z + '[' 0 -gt 50000000 ']'
2026-01-28T10:14:29.293152346Z ++ ls -1 /var/log/ovn/acl-audit-log.log
2026-01-28T10:14:29.293224909Z ++ wc -l
2026-01-28T10:14:29.294866631Z + num_files=1
2026-01-28T10:14:29.294896673Z + '[' 1 -gt 5 ']'
2026-01-28T10:14:29.294896673Z + sleep 30
2026-01-28T10:14:59.296538120Z + true
2026-01-28T10:14:59.296538120Z + '[' -f /var/log/ovn/acl-audit-log.log ']'
2026-01-28T10:14:59.297235845Z ++ du -b /var/log/ovn/acl-audit-log.log
2026-01-28T10:14:59.297472627Z ++ tr -s '\t' ' '
2026-01-28T10:14:59.297568182Z ++ cut '-d ' -f1
2026-01-28T10:14:59.299473997Z + file_size=0
2026-01-28T10:14:59.299502808Z + '[' 0 -gt 50000000 ']'
2026-01-28T10:14:59.300073087Z ++ ls -1 /var/log/ovn/acl-audit-log.log
2026-01-28T10:14:59.300184992Z ++ wc -l
2026-01-28T10:14:59.301721319Z + num_files=1
2026-01-28T10:14:59.301744740Z + '[' 1 -gt 5 ']'
2026-01-28T10:14:59.301744740Z + sleep 30
2026-01-28T10:15:29.303390906Z + true
2026-01-28T10:15:29.303443878Z + '[' -f /var/log/ovn/acl-audit-log.log ']'
2026-01-28T10:15:29.303985205Z ++ du -b /var/log/ovn/acl-audit-log.log
2026-01-28T10:15:29.304177235Z ++ tr -s '\t' ' '
2026-01-28T10:15:29.304361444Z ++ cut '-d ' -f1
2026-01-28T10:15:29.306202386Z + file_size=0
2026-01-28T10:15:29.306226117Z + '[' 0 -gt 50000000 ']'
2026-01-28T10:15:29.306739883Z ++ ls -1 /var/log/ovn/acl-audit-log.log
2026-01-28T10:15:29.306858249Z ++ wc -l
2026-01-28T10:15:29.308422857Z + num_files=1
2026-01-28T10:15:29.308451388Z + '[' 1 -gt 5 ']'
2026-01-28T10:15:29.308451388Z + sleep 30
2026-01-28T10:15:59.309991996Z + true
2026-01-28T10:15:59.310049879Z + '[' -f /var/log/ovn/acl-audit-log.log ']'
2026-01-28T10:15:59.310617647Z ++ du -b /var/log/ovn/acl-audit-log.log
2026-01-28T10:15:59.310766154Z ++ tr -s '\t' ' '
2026-01-28T10:15:59.310961664Z ++ cut '-d ' -f1
2026-01-28T10:15:59.312882750Z + file_size=0
2026-01-28T10:15:59.312910272Z + '[' 0 -gt 50000000 ']'
2026-01-28T10:15:59.313446228Z ++ ls -1 /var/log/ovn/acl-audit-log.log
2026-01-28T10:15:59.313524842Z ++ wc -l
2026-01-28T10:15:59.315118572Z + num_files=1
2026-01-28T10:15:59.315144613Z + '[' 1 -gt 5 ']'
2026-01-28T10:15:59.315144613Z + sleep 30
2026-01-28T10:16:29.317106285Z + true
2026-01-28T10:16:29.317106285Z + '[' -f /var/log/ovn/acl-audit-log.log ']'
2026-01-28T10:16:29.317755918Z ++ du -b /var/log/ovn/acl-audit-log.log
2026-01-28T10:16:29.317899595Z ++ tr -s '\t' ' '
2026-01-28T10:16:29.318080054Z ++ cut '-d ' -f1
2026-01-28T10:16:29.319864443Z + file_size=0
2026-01-28T10:16:29.319892505Z + '[' 0 -gt 50000000 ']'
2026-01-28T10:16:29.320389210Z ++ ls -1 /var/log/ovn/acl-audit-log.log
2026-01-28T10:16:29.320476174Z ++ wc -l
2026-01-28T10:16:29.322063533Z + num_files=1
2026-01-28T10:16:29.322063533Z + '[' 1 -gt 5 ']'
2026-01-28T10:16:29.322063533Z + sleep 30
2026-01-28T10:16:59.323639697Z + true
2026-01-28T10:16:59.323639697Z + '[' -f /var/log/ovn/acl-audit-log.log ']'
2026-01-28T10:16:59.324229927Z ++ du -b /var/log/ovn/acl-audit-log.log
2026-01-28T10:16:59.324392765Z ++ tr -s '\t' ' '
2026-01-28T10:16:59.324641618Z ++ cut '-d ' -f1
2026-01-28T10:16:59.326728851Z + file_size=0
2026-01-28T10:16:59.326818586Z + '[' 0 -gt 50000000 ']'
2026-01-28T10:16:59.327496270Z ++ ls -1 /var/log/ovn/acl-audit-log.log
2026-01-28T10:16:59.327545442Z ++ wc -l
2026-01-28T10:16:59.329523251Z + num_files=1
2026-01-28T10:16:59.329549732Z + '[' 1 -gt 5 ']'
2026-01-28T10:16:59.329549732Z + sleep 30
2026-01-28T10:17:29.331442889Z + true
2026-01-28T10:17:29.331442889Z + '[' -f /var/log/ovn/acl-audit-log.log ']'
2026-01-28T10:17:29.332054630Z ++ du -b /var/log/ovn/acl-audit-log.log
2026-01-28T10:17:29.332212728Z ++ tr -s '\t' ' '
2026-01-28T10:17:29.332387297Z ++ cut '-d ' -f1
2026-01-28T10:17:29.334214068Z + file_size=0
2026-01-28T10:17:29.334239679Z + '[' 0 -gt 50000000 ']'
2026-01-28T10:17:29.334737674Z ++ ls -1 /var/log/ovn/acl-audit-log.log
2026-01-28T10:17:29.334834649Z ++ wc -l
2026-01-28T10:17:29.336302792Z + num_files=1
2026-01-28T10:17:29.336327383Z + '[' 1 -gt 5 ']'
2026-01-28T10:17:29.336327383Z + sleep 30
2026-01-28T10:17:59.337918632Z + true
2026-01-28T10:17:59.337918632Z + '[' -f /var/log/ovn/acl-audit-log.log ']'
2026-01-28T10:17:59.338599986Z ++ du -b /var/log/ovn/acl-audit-log.log
2026-01-28T10:17:59.338747573Z ++ tr -s '\t' ' '
2026-01-28T10:17:59.338913012Z ++ cut '-d ' -f1
2026-01-28T10:17:59.340843988Z + file_size=0
2026-01-28T10:17:59.340871879Z + '[' 0 -gt 50000000 ']'
2026-01-28T10:17:59.341445268Z ++ ls -1 /var/log/ovn/acl-audit-log.log
2026-01-28T10:17:59.341556544Z ++ wc -l
2026-01-28T10:17:59.343349914Z + num_files=1
2026-01-28T10:17:59.343374115Z + '[' 1 -gt 5 ']'
2026-01-28T10:17:59.343374115Z + sleep 30
2026-01-28T10:18:29.345190015Z + true
2026-01-28T10:18:29.345334943Z + '[' -f /var/log/ovn/acl-audit-log.log ']'
2026-01-28T10:18:29.346461649Z ++ du -b /var/log/ovn/acl-audit-log.log
2026-01-28T10:18:29.346461649Z ++ cut '-d ' -f1
2026-01-28T10:18:29.346792665Z ++ tr -s '\t' ' '
2026-01-28T10:18:29.348710371Z + file_size=0
2026-01-28T10:18:29.348739612Z + '[' 0 -gt 50000000 ']'
2026-01-28T10:18:29.349286840Z ++ ls -1 /var/log/ovn/acl-audit-log.log
2026-01-28T10:18:29.349361983Z ++ wc -l
2026-01-28T10:18:29.350983814Z + num_files=1
2026-01-28T10:18:29.351081679Z + '[' 1 -gt 5 ']'
2026-01-28T10:18:29.351118631Z + sleep 30
2026-01-28T10:18:59.353342749Z + true
2026-01-28T10:18:59.353388031Z + '[' -f /var/log/ovn/acl-audit-log.log ']'
2026-01-28T10:18:59.353949029Z ++ du -b /var/log/ovn/acl-audit-log.log
2026-01-28T10:18:59.354137999Z ++ tr -s '\t' ' '
2026-01-28T10:18:59.354355389Z ++ cut '-d ' -f1
2026-01-28T10:18:59.356355489Z + file_size=0
2026-01-28T10:18:59.356383520Z + '[' 0 -gt 50000000 ']'
2026-01-28T10:18:59.357077475Z ++ ls -1 /var/log/ovn/acl-audit-log.log
2026-01-28T10:18:59.357167799Z ++ wc -l
2026-01-28T10:18:59.358869654Z + num_files=1
2026-01-28T10:18:59.358893996Z + '[' 1 -gt 5 ']'
2026-01-28T10:18:59.358893996Z + sleep 30
2026-01-28T10:19:29.360525989Z + true
2026-01-28T10:19:29.360525989Z + '[' -f /var/log/ovn/acl-audit-log.log ']'
2026-01-28T10:19:29.361179772Z ++ du -b /var/log/ovn/acl-audit-log.log
2026-01-28T10:19:29.361382982Z ++ tr -s '\t' ' '
2026-01-28T10:19:29.361526329Z ++ cut '-d ' -f1
2026-01-28T10:19:29.363503147Z + file_size=0
2026-01-28T10:19:29.363528929Z + '[' 0 -gt 50000000 ']'
2026-01-28T10:19:29.364060625Z ++ ls -1 /var/log/ovn/acl-audit-log.log
2026-01-28T10:19:29.364116358Z ++ wc -l
2026-01-28T10:19:29.365650234Z + num_files=1
2026-01-28T10:19:29.365674095Z + '[' 1 -gt 5 ']'
2026-01-28T10:19:29.365674095Z + sleep 30
2026-01-28T10:19:59.367632402Z + true
2026-01-28T10:19:59.367632402Z + '[' -f /var/log/ovn/acl-audit-log.log ']'
2026-01-28T10:19:59.368345138Z ++ du -b /var/log/ovn/acl-audit-log.log
2026-01-28T10:19:59.368503736Z ++ tr -s '\t' ' '
2026-01-28T10:19:59.368668714Z ++ cut '-d ' -f1
2026-01-28T10:19:59.370420421Z + file_size=0
2026-01-28T10:19:59.370451833Z + '[' 0 -gt 50000000 ']'
2026-01-28T10:19:59.370936737Z ++ ls -1 /var/log/ovn/acl-audit-log.log
2026-01-28T10:19:59.371001530Z ++ wc -l
2026-01-28T10:19:59.372530636Z + num_files=1
2026-01-28T10:19:59.372558468Z + '[' 1 -gt 5 ']'
2026-01-28T10:19:59.372558468Z + sleep 30
2026-01-28T10:20:29.374145947Z + true
2026-01-28T10:20:29.374145947Z + '[' -f /var/log/ovn/acl-audit-log.log ']'
2026-01-28T10:20:29.374793840Z ++ du -b /var/log/ovn/acl-audit-log.log
2026-01-28T10:20:29.374985729Z ++ tr -s '\t' ' '
2026-01-28T10:20:29.375164118Z ++ cut '-d ' -f1
2026-01-28T10:20:29.376975388Z + file_size=0
2026-01-28T10:20:29.377004520Z + '[' 0 -gt 50000000 ']'
2026-01-28T10:20:29.377685084Z ++ ls -1 /var/log/ovn/acl-audit-log.log
2026-01-28T10:20:29.377685084Z ++ wc -l
2026-01-28T10:20:29.379416050Z + num_files=1
2026-01-28T10:20:29.379440332Z + '[' 1 -gt 5 ']'
2026-01-28T10:20:29.379440332Z + sleep 30
2026-01-28T10:20:59.381507163Z + true
2026-01-28T10:20:59.381507163Z + '[' -f /var/log/ovn/acl-audit-log.log ']'
2026-01-28T10:20:59.382081332Z ++ du -b /var/log/ovn/acl-audit-log.log
2026-01-28T10:20:59.382256400Z ++ tr -s '\t' ' '
2026-01-28T10:20:59.382385297Z ++ cut '-d ' -f1
2026-01-28T10:20:59.384157915Z + file_size=0
2026-01-28T10:20:59.384182876Z + '[' 0 -gt 50000000 ']'
2026-01-28T10:20:59.384661829Z ++ ls -1 /var/log/ovn/acl-audit-log.log
2026-01-28T10:20:59.384779785Z ++ wc -l
2026-01-28T10:20:59.386385745Z + num_files=1
2026-01-28T10:20:59.386467099Z + '[' 1 -gt 5 ']'
2026-01-28T10:20:59.386467099Z + sleep 30
2026-01-28T10:21:29.388111795Z + true
2026-01-28T10:21:29.388111795Z + '[' -f /var/log/ovn/acl-audit-log.log ']'
2026-01-28T10:21:29.388672623Z ++ du -b /var/log/ovn/acl-audit-log.log
2026-01-28T10:21:29.388812439Z ++ tr -s '\t' ' '
2026-01-28T10:21:29.388981658Z ++ cut '-d ' -f1
2026-01-28T10:21:29.390782757Z + file_size=0
2026-01-28T10:21:29.390782757Z + '[' 0 -gt 50000000 ']'
2026-01-28T10:21:29.391380066Z ++ ls -1 /var/log/ovn/acl-audit-log.log
2026-01-28T10:21:29.391454420Z ++ wc -l
2026-01-28T10:21:29.393100721Z + num_files=1
2026-01-28T10:21:29.393130462Z + '[' 1 -gt 5 ']'
2026-01-28T10:21:29.393130462Z + sleep 30
2026-01-28T10:21:59.394723988Z + true
2026-01-28T10:21:59.394723988Z + '[' -f /var/log/ovn/acl-audit-log.log ']'
2026-01-28T10:21:59.395324887Z ++ du -b /var/log/ovn/acl-audit-log.log
2026-01-28T10:21:59.395798061Z ++ tr -s '\t' ' '
2026-01-28T10:21:59.395798061Z ++ cut '-d ' -f1
2026-01-28T10:21:59.397454223Z + file_size=0
2026-01-28T10:21:59.397485565Z + '[' 0 -gt 50000000 ']'
2026-01-28T10:21:59.398093655Z ++ ls -1 /var/log/ovn/acl-audit-log.log
2026-01-28T10:21:59.398158788Z ++ wc -l
2026-01-28T10:21:59.399769508Z + num_files=1
2026-01-28T10:21:59.399800359Z + '[' 1 -gt 5 ']'
2026-01-28T10:21:59.399800359Z + sleep 30
2026-01-28T10:22:29.401510037Z + true
2026-01-28T10:22:29.401554750Z + '[' -f /var/log/ovn/acl-audit-log.log ']'
2026-01-28T10:22:29.402154529Z ++ du -b /var/log/ovn/acl-audit-log.log
2026-01-28T10:22:29.402322528Z ++ tr -s '\t' ' '
2026-01-28T10:22:29.402548389Z ++ cut '-d ' -f1
2026-01-28T10:22:29.404386150Z + file_size=0
2026-01-28T10:22:29.404417101Z + '[' 0 -gt 50000000 ']'
2026-01-28T10:22:29.404937137Z ++ ls -1 /var/log/ovn/acl-audit-log.log
2026-01-28T10:22:29.405016701Z ++ wc -l
2026-01-28T10:22:29.406567167Z + num_files=1
2026-01-28T10:22:29.406594079Z + '[' 1 -gt 5 ']'
2026-01-28T10:22:29.406594079Z + sleep 30
2026-01-28T10:22:59.408574382Z + true
2026-01-28T10:22:59.408574382Z + '[' -f /var/log/ovn/acl-audit-log.log ']'
2026-01-28T10:22:59.409195292Z ++ du -b /var/log/ovn/acl-audit-log.log
2026-01-28T10:22:59.409340840Z ++ tr -s '\t' ' '
2026-01-28T10:22:59.409558150Z ++ cut '-d ' -f1
2026-01-28T10:22:59.411438653Z + file_size=0
2026-01-28T10:22:59.411468885Z + '[' 0 -gt 50000000 ']'
2026-01-28T10:22:59.411950529Z ++ ls -1 /var/log/ovn/acl-audit-log.log
2026-01-28T10:22:59.412066475Z ++ wc -l
2026-01-28T10:22:59.413641613Z + num_files=1
2026-01-28T10:22:59.413668984Z + '[' 1 -gt 5 ']'
2026-01-28T10:22:59.413668984Z + sleep 30
2026-01-28T10:23:29.415279467Z + true
2026-01-28T10:23:29.415344490Z + '[' -f /var/log/ovn/acl-audit-log.log ']'
2026-01-28T10:23:29.416084237Z ++ du -b /var/log/ovn/acl-audit-log.log
2026-01-28T10:23:29.416176442Z ++ tr -s '\t' ' '
2026-01-28T10:23:29.416344660Z ++ cut '-d ' -f1
2026-01-28T10:23:29.418207603Z + file_size=0
2026-01-28T10:23:29.418235244Z + '[' 0 -gt 50000000 ']'
2026-01-28T10:23:29.418758470Z ++ ls -1 /var/log/ovn/acl-audit-log.log
2026-01-28T10:23:29.418863935Z ++ wc -l
2026-01-28T10:23:29.420369180Z + num_files=1
2026-01-28T10:23:29.420396922Z + '[' 1 -gt 5 ']'
2026-01-28T10:23:29.420396922Z + sleep 30
2026-01-28T10:23:59.422066144Z + true
2026-01-28T10:23:59.422110466Z + '[' -f /var/log/ovn/acl-audit-log.log ']'
2026-01-28T10:23:59.422697205Z ++ du -b /var/log/ovn/acl-audit-log.log
2026-01-28T10:23:59.422864253Z ++ tr -s '\t' ' '
2026-01-28T10:23:59.423119986Z ++ cut '-d ' -f1
2026-01-28T10:23:59.424908025Z + file_size=0
2026-01-28T10:23:59.424937807Z + '[' 0 -gt 50000000 ']'
2026-01-28T10:23:59.425502395Z ++ ls -1 /var/log/ovn/acl-audit-log.log
2026-01-28T10:23:59.425581399Z ++ wc -l
2026-01-28T10:23:59.427224261Z + num_files=1
2026-01-28T10:23:59.427250862Z + '[' 1 -gt 5 ']'
2026-01-28T10:23:59.427250862Z + sleep 30
2026-01-28T10:24:29.428918091Z + true
2026-01-28T10:24:29.428918091Z + '[' -f /var/log/ovn/acl-audit-log.log ']'
2026-01-28T10:24:29.429759573Z ++ tr -s '\t' ' '
2026-01-28T10:24:29.429986615Z ++ du -b /var/log/ovn/acl-audit-log.log
2026-01-28T10:24:29.430181574Z ++ cut '-d ' -f1
2026-01-28T10:24:29.434129861Z + file_size=0
2026-01-28T10:24:29.434156932Z + '[' 0 -gt 50000000 ']'
2026-01-28T10:24:29.434895849Z ++ ls -1 /var/log/ovn/acl-audit-log.log
2026-01-28T10:24:29.435009394Z ++ wc -l
2026-01-28T10:24:29.437463586Z + num_files=1
2026-01-28T10:24:29.437567161Z + '[' 1 -gt 5 ']'
2026-01-28T10:24:29.437621804Z + sleep 30
2026-01-28T10:24:59.439864697Z + true
2026-01-28T10:24:59.439965973Z + '[' -f /var/log/ovn/acl-audit-log.log ']'
2026-01-28T10:24:59.441140621Z ++ du -b /var/log/ovn/acl-audit-log.log
2026-01-28T10:24:59.441167262Z ++ cut '-d ' -f1
2026-01-28T10:24:59.441586023Z ++ tr -s '\t' ' '
2026-01-28T10:24:59.444813063Z + file_size=0
2026-01-28T10:24:59.444813063Z + '[' 0 -gt 50000000 ']'
2026-01-28T10:24:59.445176592Z ++ wc -l
2026-01-28T10:24:59.447129199Z ++ ls -1 /var/log/ovn/acl-audit-log.log
2026-01-28T10:24:59.449352859Z + num_files=1
2026-01-28T10:24:59.449429893Z + '[' 1 -gt 5 ']'
2026-01-28T10:24:59.449467275Z + sleep 30
