2026-01-28T09:31:58.549204867Z 2026-01-28T09:31:58Z	INFO	setup	starting manager
2026-01-28T09:31:58.690094779Z 2026-01-28T09:31:58Z	INFO	starting server	{"name": "health probe", "addr": "[::]:8080"}
2026-01-28T09:31:58.690222865Z 2026-01-28T09:31:58Z	INFO	controller-runtime.metrics	Starting metrics server
2026-01-28T09:31:58.692502338Z 2026-01-28T09:31:58Z	INFO	controller-runtime.metrics	Serving metrics server	{"bindAddress": ":9090", "secure": false}
2026-01-28T09:31:58.701905003Z 2026-01-28T09:31:58Z	INFO	starting server	{"name": "pprof", "addr": "[::]:6060"}
2026-01-28T09:31:58.701905003Z I0128 09:31:58.693257       1 leaderelection.go:257] attempting to acquire leader lease openshift-operator-lifecycle-manager/packageserver-controller-lock...
2026-01-28T09:31:58.838225928Z I0128 09:31:58.838149       1 leaderelection.go:271] successfully acquired lease openshift-operator-lifecycle-manager/packageserver-controller-lock
2026-01-28T09:31:58.875980356Z 2026-01-28T09:31:58Z	DEBUG	events	package-server-manager-86b5888bc9-h9m6s_d74152f2-090f-4595-869a-e67778e4d2f8 became leader	{"type": "Normal", "object": {"kind":"Lease","namespace":"openshift-operator-lifecycle-manager","name":"packageserver-controller-lock","uid":"effc25d8-4184-43e0-a638-99287e9d5848","apiVersion":"coordination.k8s.io/v1","resourceVersion":"10342"}, "reason": "LeaderElection"}
2026-01-28T09:31:58.875980356Z 2026-01-28T09:31:58Z	INFO	Starting EventSource	{"controller": "clusterserviceversion", "controllerGroup": "operators.coreos.com", "controllerKind": "ClusterServiceVersion", "source": "kind source: *v1alpha1.ClusterServiceVersion"}
2026-01-28T09:31:58.879828077Z 2026-01-28T09:31:58Z	INFO	Starting EventSource	{"controller": "clusterserviceversion", "controllerGroup": "operators.coreos.com", "controllerKind": "ClusterServiceVersion", "source": "kind source: *v1.Infrastructure"}
2026-01-28T09:31:59.077419454Z 2026-01-28T09:31:59Z	INFO	controllers.packageserver	requeueing the packageserver deployment after encountering infrastructure event	{"infrastructure": "cluster"}
2026-01-28T09:31:59.082637112Z 2026-01-28T09:31:59Z	INFO	Starting Controller	{"controller": "clusterserviceversion", "controllerGroup": "operators.coreos.com", "controllerKind": "ClusterServiceVersion"}
2026-01-28T09:31:59.082712156Z 2026-01-28T09:31:59Z	INFO	Starting workers	{"controller": "clusterserviceversion", "controllerGroup": "operators.coreos.com", "controllerKind": "ClusterServiceVersion", "worker count": 1}
2026-01-28T09:31:59.082931067Z 2026-01-28T09:31:59Z	INFO	controllers.packageserver	handling current request	{"csv": {"name":"packageserver","namespace":"openshift-operator-lifecycle-manager"}, "request": "openshift-operator-lifecycle-manager/packageserver"}
2026-01-28T09:31:59.082969588Z 2026-01-28T09:31:59Z	INFO	controllers.packageserver	checking to see if required RBAC exists	{"csv": {"name":"packageserver","namespace":"openshift-operator-lifecycle-manager"}}
2026-01-28T09:31:59.412478783Z 2026-01-28T09:31:59Z	INFO	controllers.packageserver	confimed required RBAC exists	{"csv": {"name":"packageserver","namespace":"openshift-operator-lifecycle-manager"}}
2026-01-28T09:31:59.412478783Z 2026-01-28T09:31:59Z	INFO	controllers.packageserver	currently topology mode	{"csv": {"name":"packageserver","namespace":"openshift-operator-lifecycle-manager"}, "highly available": true}
2026-01-28T09:31:59.562851883Z 2026-01-28T09:31:59Z	INFO	controllers.packageserver	attempting to create the packageserver csv
2026-01-28T09:31:59.639377980Z 2026-01-28T09:31:59Z	INFO	controllers.packageserver	updating csv spec
2026-01-28T09:31:59.715922087Z 2026-01-28T09:31:59Z	INFO	controllers.packageserver	reconciliation result	{"csv": {"name":"packageserver","namespace":"openshift-operator-lifecycle-manager"}, "res": "created"}
2026-01-28T09:31:59.715922087Z 2026-01-28T09:31:59Z	INFO	controllers.packageserver	finished request reconciliation	{"csv": {"name":"packageserver","namespace":"openshift-operator-lifecycle-manager"}}
2026-01-28T09:31:59.715922087Z 2026-01-28T09:31:59Z	INFO	controllers.packageserver	handling current request	{"csv": {"name":"packageserver","namespace":"openshift-operator-lifecycle-manager"}, "request": "openshift-operator-lifecycle-manager/packageserver"}
2026-01-28T09:31:59.715922087Z 2026-01-28T09:31:59Z	INFO	controllers.packageserver	checking to see if required RBAC exists	{"csv": {"name":"packageserver","namespace":"openshift-operator-lifecycle-manager"}}
2026-01-28T09:31:59.715922087Z 2026-01-28T09:31:59Z	INFO	controllers.packageserver	confimed required RBAC exists	{"csv": {"name":"packageserver","namespace":"openshift-operator-lifecycle-manager"}}
2026-01-28T09:31:59.726775604Z 2026-01-28T09:31:59Z	INFO	controllers.packageserver	currently topology mode	{"csv": {"name":"packageserver","namespace":"openshift-operator-lifecycle-manager"}, "highly available": true}
2026-01-28T09:31:59.913724185Z 2026-01-28T09:31:59Z	INFO	controllers.packageserver	reconciliation result	{"csv": {"name":"packageserver","namespace":"openshift-operator-lifecycle-manager"}, "res": "unchanged"}
2026-01-28T09:31:59.913803079Z 2026-01-28T09:31:59Z	INFO	controllers.packageserver	finished request reconciliation	{"csv": {"name":"packageserver","namespace":"openshift-operator-lifecycle-manager"}}
2026-01-28T09:31:59.923554051Z 2026-01-28T09:31:59Z	INFO	controllers.packageserver	handling current request	{"csv": {"name":"packageserver","namespace":"openshift-operator-lifecycle-manager"}, "request": "openshift-operator-lifecycle-manager/packageserver"}
2026-01-28T09:31:59.923616764Z 2026-01-28T09:31:59Z	INFO	controllers.packageserver	checking to see if required RBAC exists	{"csv": {"name":"packageserver","namespace":"openshift-operator-lifecycle-manager"}}
2026-01-28T09:31:59.923983222Z 2026-01-28T09:31:59Z	INFO	controllers.packageserver	confimed required RBAC exists	{"csv": {"name":"packageserver","namespace":"openshift-operator-lifecycle-manager"}}
2026-01-28T09:31:59.924212654Z 2026-01-28T09:31:59Z	INFO	controllers.packageserver	currently topology mode	{"csv": {"name":"packageserver","namespace":"openshift-operator-lifecycle-manager"}, "highly available": true}
2026-01-28T09:32:00.121325687Z 2026-01-28T09:32:00Z	INFO	controllers.packageserver	reconciliation result	{"csv": {"name":"packageserver","namespace":"openshift-operator-lifecycle-manager"}, "res": "unchanged"}
2026-01-28T09:32:00.121325687Z 2026-01-28T09:32:00Z	INFO	controllers.packageserver	finished request reconciliation	{"csv": {"name":"packageserver","namespace":"openshift-operator-lifecycle-manager"}}
2026-01-28T09:32:00.121325687Z 2026-01-28T09:32:00Z	INFO	controllers.packageserver	handling current request	{"csv": {"name":"packageserver","namespace":"openshift-operator-lifecycle-manager"}, "request": "openshift-operator-lifecycle-manager/packageserver"}
2026-01-28T09:32:00.121325687Z 2026-01-28T09:32:00Z	INFO	controllers.packageserver	checking to see if required RBAC exists	{"csv": {"name":"packageserver","namespace":"openshift-operator-lifecycle-manager"}}
2026-01-28T09:32:00.122367128Z 2026-01-28T09:32:00Z	INFO	controllers.packageserver	confimed required RBAC exists	{"csv": {"name":"packageserver","namespace":"openshift-operator-lifecycle-manager"}}
2026-01-28T09:32:00.122436882Z 2026-01-28T09:32:00Z	INFO	controllers.packageserver	currently topology mode	{"csv": {"name":"packageserver","namespace":"openshift-operator-lifecycle-manager"}, "highly available": true}
2026-01-28T09:32:00.226633638Z 2026-01-28T09:32:00Z	INFO	controllers.packageserver	reconciliation result	{"csv": {"name":"packageserver","namespace":"openshift-operator-lifecycle-manager"}, "res": "unchanged"}
2026-01-28T09:32:00.226633638Z 2026-01-28T09:32:00Z	INFO	controllers.packageserver	finished request reconciliation	{"csv": {"name":"packageserver","namespace":"openshift-operator-lifecycle-manager"}}
2026-01-28T09:32:00.449091565Z 2026-01-28T09:32:00Z	INFO	controllers.packageserver	handling current request	{"csv": {"name":"packageserver","namespace":"openshift-operator-lifecycle-manager"}, "request": "openshift-operator-lifecycle-manager/packageserver"}
2026-01-28T09:32:00.449091565Z 2026-01-28T09:32:00Z	INFO	controllers.packageserver	checking to see if required RBAC exists	{"csv": {"name":"packageserver","namespace":"openshift-operator-lifecycle-manager"}}
2026-01-28T09:32:00.449091565Z 2026-01-28T09:32:00Z	INFO	controllers.packageserver	confimed required RBAC exists	{"csv": {"name":"packageserver","namespace":"openshift-operator-lifecycle-manager"}}
2026-01-28T09:32:00.449091565Z 2026-01-28T09:32:00Z	INFO	controllers.packageserver	currently topology mode	{"csv": {"name":"packageserver","namespace":"openshift-operator-lifecycle-manager"}, "highly available": true}
2026-01-28T09:32:00.510632320Z 2026-01-28T09:32:00Z	INFO	controllers.packageserver	reconciliation result	{"csv": {"name":"packageserver","namespace":"openshift-operator-lifecycle-manager"}, "res": "unchanged"}
2026-01-28T09:32:00.510632320Z 2026-01-28T09:32:00Z	INFO	controllers.packageserver	finished request reconciliation	{"csv": {"name":"packageserver","namespace":"openshift-operator-lifecycle-manager"}}
2026-01-28T09:32:00.729810995Z 2026-01-28T09:32:00Z	INFO	controllers.packageserver	handling current request	{"csv": {"name":"packageserver","namespace":"openshift-operator-lifecycle-manager"}, "request": "openshift-operator-lifecycle-manager/packageserver"}
2026-01-28T09:32:00.729838627Z 2026-01-28T09:32:00Z	INFO	controllers.packageserver	checking to see if required RBAC exists	{"csv": {"name":"packageserver","namespace":"openshift-operator-lifecycle-manager"}}
2026-01-28T09:32:00.730001635Z 2026-01-28T09:32:00Z	INFO	controllers.packageserver	confimed required RBAC exists	{"csv": {"name":"packageserver","namespace":"openshift-operator-lifecycle-manager"}}
2026-01-28T09:32:00.730172323Z 2026-01-28T09:32:00Z	INFO	controllers.packageserver	currently topology mode	{"csv": {"name":"packageserver","namespace":"openshift-operator-lifecycle-manager"}, "highly available": true}
2026-01-28T09:32:00.747466399Z 2026-01-28T09:32:00Z	INFO	controllers.packageserver	reconciliation result	{"csv": {"name":"packageserver","namespace":"openshift-operator-lifecycle-manager"}, "res": "unchanged"}
2026-01-28T09:32:00.747681420Z 2026-01-28T09:32:00Z	INFO	controllers.packageserver	finished request reconciliation	{"csv": {"name":"packageserver","namespace":"openshift-operator-lifecycle-manager"}}
2026-01-28T09:32:00.793150379Z 2026-01-28T09:32:00Z	INFO	controllers.packageserver	handling current request	{"csv": {"name":"packageserver","namespace":"openshift-operator-lifecycle-manager"}, "request": "openshift-operator-lifecycle-manager/packageserver"}
2026-01-28T09:32:00.794658254Z 2026-01-28T09:32:00Z	INFO	controllers.packageserver	checking to see if required RBAC exists	{"csv": {"name":"packageserver","namespace":"openshift-operator-lifecycle-manager"}}
2026-01-28T09:32:00.794821902Z 2026-01-28T09:32:00Z	INFO	controllers.packageserver	confimed required RBAC exists	{"csv": {"name":"packageserver","namespace":"openshift-operator-lifecycle-manager"}}
2026-01-28T09:32:00.794925537Z 2026-01-28T09:32:00Z	INFO	controllers.packageserver	currently topology mode	{"csv": {"name":"packageserver","namespace":"openshift-operator-lifecycle-manager"}, "highly available": true}
2026-01-28T09:32:00.833930147Z 2026-01-28T09:32:00Z	INFO	controllers.packageserver	reconciliation result	{"csv": {"name":"packageserver","namespace":"openshift-operator-lifecycle-manager"}, "res": "unchanged"}
2026-01-28T09:32:00.833984680Z 2026-01-28T09:32:00Z	INFO	controllers.packageserver	finished request reconciliation	{"csv": {"name":"packageserver","namespace":"openshift-operator-lifecycle-manager"}}
2026-01-28T09:39:04.155184000Z 2026-01-28T09:39:04Z	INFO	controllers.packageserver	handling current request	{"csv": {"name":"packageserver","namespace":"openshift-operator-lifecycle-manager"}, "request": "openshift-operator-lifecycle-manager/packageserver"}
2026-01-28T09:39:04.155281085Z 2026-01-28T09:39:04Z	INFO	controllers.packageserver	checking to see if required RBAC exists	{"csv": {"name":"packageserver","namespace":"openshift-operator-lifecycle-manager"}}
2026-01-28T09:39:04.155443363Z 2026-01-28T09:39:04Z	INFO	controllers.packageserver	confimed required RBAC exists	{"csv": {"name":"packageserver","namespace":"openshift-operator-lifecycle-manager"}}
2026-01-28T09:39:04.155554869Z 2026-01-28T09:39:04Z	INFO	controllers.packageserver	currently topology mode	{"csv": {"name":"packageserver","namespace":"openshift-operator-lifecycle-manager"}, "highly available": true}
2026-01-28T09:39:04.166418693Z 2026-01-28T09:39:04Z	INFO	controllers.packageserver	reconciliation result	{"csv": {"name":"packageserver","namespace":"openshift-operator-lifecycle-manager"}, "res": "unchanged"}
2026-01-28T09:39:04.166418693Z 2026-01-28T09:39:04Z	INFO	controllers.packageserver	finished request reconciliation	{"csv": {"name":"packageserver","namespace":"openshift-operator-lifecycle-manager"}}
2026-01-28T09:50:29.101610580Z 2026-01-28T09:50:29Z	INFO	controllers.packageserver	handling current request	{"csv": {"name":"packageserver","namespace":"openshift-operator-lifecycle-manager"}, "request": "openshift-operator-lifecycle-manager/packageserver"}
2026-01-28T09:50:29.101679343Z 2026-01-28T09:50:29Z	INFO	controllers.packageserver	checking to see if required RBAC exists	{"csv": {"name":"packageserver","namespace":"openshift-operator-lifecycle-manager"}}
2026-01-28T09:50:29.101792009Z 2026-01-28T09:50:29Z	INFO	controllers.packageserver	confimed required RBAC exists	{"csv": {"name":"packageserver","namespace":"openshift-operator-lifecycle-manager"}}
2026-01-28T09:50:29.101875413Z 2026-01-28T09:50:29Z	INFO	controllers.packageserver	currently topology mode	{"csv": {"name":"packageserver","namespace":"openshift-operator-lifecycle-manager"}, "highly available": true}
2026-01-28T09:50:29.108093599Z 2026-01-28T09:50:29Z	INFO	controllers.packageserver	reconciliation result	{"csv": {"name":"packageserver","namespace":"openshift-operator-lifecycle-manager"}, "res": "unchanged"}
2026-01-28T09:50:29.108139271Z 2026-01-28T09:50:29Z	INFO	controllers.packageserver	finished request reconciliation	{"csv": {"name":"packageserver","namespace":"openshift-operator-lifecycle-manager"}}
