2026-01-28T09:43:41.323059384Z I0128 09:43:41.322905       1 cmd.go:95] &{<nil> true {false} installer true map[cert-configmaps:0xc000951cc0 cert-dir:0xc000951ea0 cert-secrets:0xc000951c20 configmaps:0xc0009515e0 namespace:0xc000951400 optional-cert-configmaps:0xc000951e00 optional-cert-secrets:0xc000951d60 optional-configmaps:0xc000951720 optional-secrets:0xc000951680 pod:0xc0009514a0 pod-manifest-dir:0xc000951860 resource-dir:0xc0009517c0 revision:0xc000951360 secrets:0xc000951540 v:0xc00076fd60] [0xc00076fd60 0xc000951360 0xc000951400 0xc0009514a0 0xc0009517c0 0xc000951860 0xc0009515e0 0xc000951720 0xc000951540 0xc000951680 0xc000951ea0 0xc000951cc0 0xc000951e00 0xc000951c20 0xc000951d60] [] map[cert-configmaps:0xc000951cc0 cert-dir:0xc000951ea0 cert-secrets:0xc000951c20 configmaps:0xc0009515e0 help:0xc0007ae460 kubeconfig:0xc0009512c0 log-flush-frequency:0xc00076fcc0 namespace:0xc000951400 optional-cert-configmaps:0xc000951e00 optional-cert-secrets:0xc000951d60 optional-configmaps:0xc000951720 optional-secrets:0xc000951680 pod:0xc0009514a0 pod-manifest-dir:0xc000951860 pod-manifests-lock-file:0xc0009519a0 resource-dir:0xc0009517c0 revision:0xc000951360 secrets:0xc000951540 timeout-duration:0xc000951900 v:0xc00076fd60 vmodule:0xc00076fe00] [0xc0009512c0 0xc000951360 0xc000951400 0xc0009514a0 0xc000951540 0xc0009515e0 0xc000951680 0xc000951720 0xc0009517c0 0xc000951860 0xc000951900 0xc0009519a0 0xc000951c20 0xc000951cc0 0xc000951d60 0xc000951e00 0xc000951ea0 0xc00076fcc0 0xc00076fd60 0xc00076fe00 0xc0007ae460] [0xc000951cc0 0xc000951ea0 0xc000951c20 0xc0009515e0 0xc0007ae460 0xc0009512c0 0xc00076fcc0 0xc000951400 0xc000951e00 0xc000951d60 0xc000951720 0xc000951680 0xc0009514a0 0xc000951860 0xc0009519a0 0xc0009517c0 0xc000951360 0xc000951540 0xc000951900 0xc00076fd60 0xc00076fe00] map[104:0xc0007ae460 118:0xc00076fd60] [] -1 0 0xc000a112f0 true 0xae52c0 []}
2026-01-28T09:43:41.323199167Z I0128 09:43:41.323150       1 cmd.go:96] (*installerpod.InstallOptions)(0xc00077e820)({
2026-01-28T09:43:41.323199167Z  KubeConfig: (string) "",
2026-01-28T09:43:41.323199167Z  KubeClient: (kubernetes.Interface) <nil>,
2026-01-28T09:43:41.323199167Z  Revision: (string) (len=1) "6",
2026-01-28T09:43:41.323199167Z  NodeName: (string) "",
2026-01-28T09:43:41.323199167Z  Namespace: (string) (len=24) "openshift-kube-apiserver",
2026-01-28T09:43:41.323199167Z  Clock: (clock.RealClock) {
2026-01-28T09:43:41.323199167Z  },
2026-01-28T09:43:41.323199167Z  PodConfigMapNamePrefix: (string) (len=18) "kube-apiserver-pod",
2026-01-28T09:43:41.323199167Z  SecretNamePrefixes: ([]string) (len=3 cap=4) {
2026-01-28T09:43:41.323199167Z   (string) (len=11) "etcd-client",
2026-01-28T09:43:41.323199167Z   (string) (len=34) "localhost-recovery-serving-certkey",
2026-01-28T09:43:41.323199167Z   (string) (len=31) "localhost-recovery-client-token"
2026-01-28T09:43:41.323199167Z  },
2026-01-28T09:43:41.323199167Z  OptionalSecretNamePrefixes: ([]string) (len=2 cap=2) {
2026-01-28T09:43:41.323199167Z   (string) (len=17) "encryption-config",
2026-01-28T09:43:41.323199167Z   (string) (len=21) "webhook-authenticator"
2026-01-28T09:43:41.323199167Z  },
2026-01-28T09:43:41.323199167Z  ConfigMapNamePrefixes: ([]string) (len=8 cap=8) {
2026-01-28T09:43:41.323199167Z   (string) (len=18) "kube-apiserver-pod",
2026-01-28T09:43:41.323199167Z   (string) (len=6) "config",
2026-01-28T09:43:41.323199167Z   (string) (len=37) "kube-apiserver-cert-syncer-kubeconfig",
2026-01-28T09:43:41.323199167Z   (string) (len=28) "bound-sa-token-signing-certs",
2026-01-28T09:43:41.323199167Z   (string) (len=15) "etcd-serving-ca",
2026-01-28T09:43:41.323199167Z   (string) (len=18) "kubelet-serving-ca",
2026-01-28T09:43:41.323199167Z   (string) (len=22) "sa-token-signing-certs",
2026-01-28T09:43:41.323199167Z   (string) (len=29) "kube-apiserver-audit-policies"
2026-01-28T09:43:41.323199167Z  },
2026-01-28T09:43:41.323199167Z  OptionalConfigMapNamePrefixes: ([]string) (len=4 cap=4) {
2026-01-28T09:43:41.323199167Z   (string) (len=14) "oauth-metadata",
2026-01-28T09:43:41.323199167Z   (string) (len=12) "cloud-config",
2026-01-28T09:43:41.323199167Z   (string) (len=24) "kube-apiserver-server-ca",
2026-01-28T09:43:41.323199167Z   (string) (len=11) "auth-config"
2026-01-28T09:43:41.323199167Z  },
2026-01-28T09:43:41.323199167Z  CertSecretNames: ([]string) (len=10 cap=16) {
2026-01-28T09:43:41.323199167Z   (string) (len=17) "aggregator-client",
2026-01-28T09:43:41.323199167Z   (string) (len=30) "localhost-serving-cert-certkey",
2026-01-28T09:43:41.323199167Z   (string) (len=31) "service-network-serving-certkey",
2026-01-28T09:43:41.323199167Z   (string) (len=37) "external-loadbalancer-serving-certkey",
2026-01-28T09:43:41.323199167Z   (string) (len=37) "internal-loadbalancer-serving-certkey",
2026-01-28T09:43:41.323199167Z   (string) (len=33) "bound-service-account-signing-key",
2026-01-28T09:43:41.323199167Z   (string) (len=40) "control-plane-node-admin-client-cert-key",
2026-01-28T09:43:41.323199167Z   (string) (len=31) "check-endpoints-client-cert-key",
2026-01-28T09:43:41.323199167Z   (string) (len=14) "kubelet-client",
2026-01-28T09:43:41.323199167Z   (string) (len=16) "node-kubeconfigs"
2026-01-28T09:43:41.323199167Z  },
2026-01-28T09:43:41.323199167Z  OptionalCertSecretNamePrefixes: ([]string) (len=11 cap=16) {
2026-01-28T09:43:41.323199167Z   (string) (len=17) "user-serving-cert",
2026-01-28T09:43:41.323199167Z   (string) (len=21) "user-serving-cert-000",
2026-01-28T09:43:41.323199167Z   (string) (len=21) "user-serving-cert-001",
2026-01-28T09:43:41.323199167Z   (string) (len=21) "user-serving-cert-002",
2026-01-28T09:43:41.323199167Z   (string) (len=21) "user-serving-cert-003",
2026-01-28T09:43:41.323199167Z   (string) (len=21) "user-serving-cert-004",
2026-01-28T09:43:41.323199167Z   (string) (len=21) "user-serving-cert-005",
2026-01-28T09:43:41.323199167Z   (string) (len=21) "user-serving-cert-006",
2026-01-28T09:43:41.323199167Z   (string) (len=21) "user-serving-cert-007",
2026-01-28T09:43:41.323199167Z   (string) (len=21) "user-serving-cert-008",
2026-01-28T09:43:41.323199167Z   (string) (len=21) "user-serving-cert-009"
2026-01-28T09:43:41.323199167Z  },
2026-01-28T09:43:41.323199167Z  CertConfigMapNamePrefixes: ([]string) (len=4 cap=4) {
2026-01-28T09:43:41.323199167Z   (string) (len=20) "aggregator-client-ca",
2026-01-28T09:43:41.323199167Z   (string) (len=9) "client-ca",
2026-01-28T09:43:41.323199167Z   (string) (len=29) "control-plane-node-kubeconfig",
2026-01-28T09:43:41.323199167Z   (string) (len=26) "check-endpoints-kubeconfig"
2026-01-28T09:43:41.323199167Z  },
2026-01-28T09:43:41.323199167Z  OptionalCertConfigMapNamePrefixes: ([]string) (len=1 cap=1) {
2026-01-28T09:43:41.323199167Z   (string) (len=17) "trusted-ca-bundle"
2026-01-28T09:43:41.323199167Z  },
2026-01-28T09:43:41.323199167Z  CertDir: (string) (len=57) "/etc/kubernetes/static-pod-resources/kube-apiserver-certs",
2026-01-28T09:43:41.323199167Z  ResourceDir: (string) (len=36) "/etc/kubernetes/static-pod-resources",
2026-01-28T09:43:41.323199167Z  PodManifestDir: (string) (len=25) "/etc/kubernetes/manifests",
2026-01-28T09:43:41.323199167Z  Timeout: (time.Duration) 2m0s,
2026-01-28T09:43:41.323199167Z  StaticPodManifestsLockFile: (string) "",
2026-01-28T09:43:41.323199167Z  PodMutationFns: ([]installerpod.PodMutationFunc) <nil>,
2026-01-28T09:43:41.323199167Z  KubeletVersion: (string) ""
2026-01-28T09:43:41.323199167Z })
2026-01-28T09:43:41.323582565Z I0128 09:43:41.323558       1 envvar.go:172] "Feature gate default state" feature="InOrderInformers" enabled=true
2026-01-28T09:43:41.323627686Z I0128 09:43:41.323613       1 envvar.go:172] "Feature gate default state" feature="WatchListClient" enabled=false
2026-01-28T09:43:41.323664977Z I0128 09:43:41.323651       1 envvar.go:172] "Feature gate default state" feature="ClientsAllowCBOR" enabled=false
2026-01-28T09:43:41.323695627Z I0128 09:43:41.323685       1 envvar.go:172] "Feature gate default state" feature="ClientsPreferCBOR" enabled=false
2026-01-28T09:43:41.323727398Z I0128 09:43:41.323715       1 envvar.go:172] "Feature gate default state" feature="InformerResourceVersion" enabled=false
2026-01-28T09:43:41.324329800Z I0128 09:43:41.324308       1 cmd.go:413] Getting controller reference for node ip-10-0-102-200.us-west-1.compute.internal
2026-01-28T09:43:41.334036812Z I0128 09:43:41.334014       1 cmd.go:426] Waiting for installer revisions to settle for node ip-10-0-102-200.us-west-1.compute.internal
2026-01-28T09:43:41.338285480Z I0128 09:43:41.338261       1 cmd.go:518] Waiting additional period after revisions have settled for node ip-10-0-102-200.us-west-1.compute.internal
2026-01-28T09:44:11.338456349Z I0128 09:44:11.338408       1 cmd.go:524] Getting installer pods for node ip-10-0-102-200.us-west-1.compute.internal
2026-01-28T09:44:11.344222439Z I0128 09:44:11.344191       1 cmd.go:542] Latest installer revision for node ip-10-0-102-200.us-west-1.compute.internal is: 6
2026-01-28T09:44:11.344277110Z I0128 09:44:11.344264       1 cmd.go:431] Querying kubelet version for node ip-10-0-102-200.us-west-1.compute.internal
2026-01-28T09:44:11.347968953Z I0128 09:44:11.347938       1 cmd.go:444] Got kubelet version 1.33.6 on target node ip-10-0-102-200.us-west-1.compute.internal
2026-01-28T09:44:11.347968953Z I0128 09:44:11.347960       1 cmd.go:293] Creating target resource directory "/etc/kubernetes/static-pod-resources/kube-apiserver-pod-6" ...
2026-01-28T09:44:11.348072995Z I0128 09:44:11.348053       1 cmd.go:221] Creating target resource directory "/etc/kubernetes/static-pod-resources/kube-apiserver-pod-6" ...
2026-01-28T09:44:11.348152457Z I0128 09:44:11.348138       1 cmd.go:229] Getting secrets ...
2026-01-28T09:44:11.351681546Z I0128 09:44:11.351652       1 copy.go:32] Got secret openshift-kube-apiserver/etcd-client-6
2026-01-28T09:44:11.354993921Z I0128 09:44:11.354972       1 copy.go:32] Got secret openshift-kube-apiserver/localhost-recovery-client-token-6
2026-01-28T09:44:11.358344606Z I0128 09:44:11.358323       1 copy.go:32] Got secret openshift-kube-apiserver/localhost-recovery-serving-certkey-6
2026-01-28T09:44:11.361694212Z I0128 09:44:11.361671       1 copy.go:24] Failed to get secret openshift-kube-apiserver/encryption-config-6: secrets "encryption-config-6" not found
2026-01-28T09:44:11.365183970Z I0128 09:44:11.365156       1 copy.go:32] Got secret openshift-kube-apiserver/webhook-authenticator-6
2026-01-28T09:44:11.365255182Z I0128 09:44:11.365212       1 cmd.go:242] Getting config maps ...
2026-01-28T09:44:11.368334511Z I0128 09:44:11.368313       1 copy.go:60] Got configMap openshift-kube-apiserver/bound-sa-token-signing-certs-6
2026-01-28T09:44:11.372680439Z I0128 09:44:11.372612       1 copy.go:60] Got configMap openshift-kube-apiserver/config-6
2026-01-28T09:44:11.420157476Z I0128 09:44:11.376293       1 copy.go:60] Got configMap openshift-kube-apiserver/etcd-serving-ca-6
2026-01-28T09:44:11.541792621Z I0128 09:44:11.541747       1 copy.go:60] Got configMap openshift-kube-apiserver/kube-apiserver-audit-policies-6
2026-01-28T09:44:11.742935704Z I0128 09:44:11.742890       1 copy.go:60] Got configMap openshift-kube-apiserver/kube-apiserver-cert-syncer-kubeconfig-6
2026-01-28T09:44:11.947374972Z I0128 09:44:11.946442       1 copy.go:60] Got configMap openshift-kube-apiserver/kube-apiserver-pod-6
2026-01-28T09:44:12.142191992Z I0128 09:44:12.142145       1 copy.go:60] Got configMap openshift-kube-apiserver/kubelet-serving-ca-6
2026-01-28T09:44:12.348444320Z I0128 09:44:12.348404       1 copy.go:60] Got configMap openshift-kube-apiserver/sa-token-signing-certs-6
2026-01-28T09:44:12.549365258Z I0128 09:44:12.549328       1 copy.go:52] Failed to get config map openshift-kube-apiserver/auth-config-6: configmaps "auth-config-6" not found
2026-01-28T09:44:12.745063839Z I0128 09:44:12.745015       1 copy.go:52] Failed to get config map openshift-kube-apiserver/cloud-config-6: configmaps "cloud-config-6" not found
2026-01-28T09:44:12.948678677Z I0128 09:44:12.948621       1 copy.go:60] Got configMap openshift-kube-apiserver/kube-apiserver-server-ca-6
2026-01-28T09:44:13.142225740Z I0128 09:44:13.142183       1 copy.go:60] Got configMap openshift-kube-apiserver/oauth-metadata-6
2026-01-28T09:44:13.142225740Z I0128 09:44:13.142209       1 cmd.go:261] Creating directory "/etc/kubernetes/static-pod-resources/kube-apiserver-pod-6/secrets/etcd-client" ...
2026-01-28T09:44:13.142366923Z I0128 09:44:13.142341       1 cmd.go:639] Writing secret manifest "/etc/kubernetes/static-pod-resources/kube-apiserver-pod-6/secrets/etcd-client/tls.key" ...
2026-01-28T09:44:13.142496906Z I0128 09:44:13.142474       1 cmd.go:639] Writing secret manifest "/etc/kubernetes/static-pod-resources/kube-apiserver-pod-6/secrets/etcd-client/tls.crt" ...
2026-01-28T09:44:13.142658389Z I0128 09:44:13.142619       1 cmd.go:261] Creating directory "/etc/kubernetes/static-pod-resources/kube-apiserver-pod-6/secrets/localhost-recovery-client-token" ...
2026-01-28T09:44:13.142694030Z I0128 09:44:13.142673       1 cmd.go:639] Writing secret manifest "/etc/kubernetes/static-pod-resources/kube-apiserver-pod-6/secrets/localhost-recovery-client-token/namespace" ...
2026-01-28T09:44:13.142820473Z I0128 09:44:13.142798       1 cmd.go:639] Writing secret manifest "/etc/kubernetes/static-pod-resources/kube-apiserver-pod-6/secrets/localhost-recovery-client-token/service-ca.crt" ...
2026-01-28T09:44:13.142914465Z I0128 09:44:13.142892       1 cmd.go:639] Writing secret manifest "/etc/kubernetes/static-pod-resources/kube-apiserver-pod-6/secrets/localhost-recovery-client-token/token" ...
2026-01-28T09:44:13.142999827Z I0128 09:44:13.142979       1 cmd.go:639] Writing secret manifest "/etc/kubernetes/static-pod-resources/kube-apiserver-pod-6/secrets/localhost-recovery-client-token/ca.crt" ...
2026-01-28T09:44:13.143112120Z I0128 09:44:13.143072       1 cmd.go:261] Creating directory "/etc/kubernetes/static-pod-resources/kube-apiserver-pod-6/secrets/localhost-recovery-serving-certkey" ...
2026-01-28T09:44:13.143184221Z I0128 09:44:13.143165       1 cmd.go:639] Writing secret manifest "/etc/kubernetes/static-pod-resources/kube-apiserver-pod-6/secrets/localhost-recovery-serving-certkey/tls.crt" ...
2026-01-28T09:44:13.143383035Z I0128 09:44:13.143358       1 cmd.go:639] Writing secret manifest "/etc/kubernetes/static-pod-resources/kube-apiserver-pod-6/secrets/localhost-recovery-serving-certkey/tls.key" ...
2026-01-28T09:44:13.143478308Z I0128 09:44:13.143454       1 cmd.go:261] Creating directory "/etc/kubernetes/static-pod-resources/kube-apiserver-pod-6/secrets/webhook-authenticator" ...
2026-01-28T09:44:13.143518258Z I0128 09:44:13.143510       1 cmd.go:639] Writing secret manifest "/etc/kubernetes/static-pod-resources/kube-apiserver-pod-6/secrets/webhook-authenticator/kubeConfig" ...
2026-01-28T09:44:13.143631491Z I0128 09:44:13.143597       1 cmd.go:277] Creating directory "/etc/kubernetes/static-pod-resources/kube-apiserver-pod-6/configmaps/bound-sa-token-signing-certs" ...
2026-01-28T09:44:13.143716143Z I0128 09:44:13.143690       1 cmd.go:629] Writing config file "/etc/kubernetes/static-pod-resources/kube-apiserver-pod-6/configmaps/bound-sa-token-signing-certs/service-account-001.pub" ...
2026-01-28T09:44:13.143805145Z I0128 09:44:13.143781       1 cmd.go:277] Creating directory "/etc/kubernetes/static-pod-resources/kube-apiserver-pod-6/configmaps/config" ...
2026-01-28T09:44:13.143853286Z I0128 09:44:13.143835       1 cmd.go:629] Writing config file "/etc/kubernetes/static-pod-resources/kube-apiserver-pod-6/configmaps/config/config.yaml" ...
2026-01-28T09:44:13.143992459Z I0128 09:44:13.143966       1 cmd.go:277] Creating directory "/etc/kubernetes/static-pod-resources/kube-apiserver-pod-6/configmaps/etcd-serving-ca" ...
2026-01-28T09:44:13.144067801Z I0128 09:44:13.144023       1 cmd.go:629] Writing config file "/etc/kubernetes/static-pod-resources/kube-apiserver-pod-6/configmaps/etcd-serving-ca/ca-bundle.crt" ...
2026-01-28T09:44:13.144158363Z I0128 09:44:13.144140       1 cmd.go:277] Creating directory "/etc/kubernetes/static-pod-resources/kube-apiserver-pod-6/configmaps/kube-apiserver-audit-policies" ...
2026-01-28T09:44:13.144268806Z I0128 09:44:13.144241       1 cmd.go:629] Writing config file "/etc/kubernetes/static-pod-resources/kube-apiserver-pod-6/configmaps/kube-apiserver-audit-policies/policy.yaml" ...
2026-01-28T09:44:13.144368658Z I0128 09:44:13.144344       1 cmd.go:277] Creating directory "/etc/kubernetes/static-pod-resources/kube-apiserver-pod-6/configmaps/kube-apiserver-cert-syncer-kubeconfig" ...
2026-01-28T09:44:13.144937750Z I0128 09:44:13.144401       1 cmd.go:629] Writing config file "/etc/kubernetes/static-pod-resources/kube-apiserver-pod-6/configmaps/kube-apiserver-cert-syncer-kubeconfig/kubeconfig" ...
2026-01-28T09:44:13.145142405Z I0128 09:44:13.145108       1 cmd.go:277] Creating directory "/etc/kubernetes/static-pod-resources/kube-apiserver-pod-6/configmaps/kube-apiserver-pod" ...
2026-01-28T09:44:13.145198167Z I0128 09:44:13.145179       1 cmd.go:629] Writing config file "/etc/kubernetes/static-pod-resources/kube-apiserver-pod-6/configmaps/kube-apiserver-pod/forceRedeploymentReason" ...
2026-01-28T09:44:13.145318229Z I0128 09:44:13.145302       1 cmd.go:629] Writing config file "/etc/kubernetes/static-pod-resources/kube-apiserver-pod-6/configmaps/kube-apiserver-pod/pod.yaml" ...
2026-01-28T09:44:13.145469582Z I0128 09:44:13.145453       1 cmd.go:629] Writing config file "/etc/kubernetes/static-pod-resources/kube-apiserver-pod-6/configmaps/kube-apiserver-pod/version" ...
2026-01-28T09:44:13.145595995Z I0128 09:44:13.145580       1 cmd.go:277] Creating directory "/etc/kubernetes/static-pod-resources/kube-apiserver-pod-6/configmaps/kubelet-serving-ca" ...
2026-01-28T09:44:13.145721698Z I0128 09:44:13.145696       1 cmd.go:629] Writing config file "/etc/kubernetes/static-pod-resources/kube-apiserver-pod-6/configmaps/kubelet-serving-ca/ca-bundle.crt" ...
2026-01-28T09:44:13.145815380Z I0128 09:44:13.145798       1 cmd.go:277] Creating directory "/etc/kubernetes/static-pod-resources/kube-apiserver-pod-6/configmaps/sa-token-signing-certs" ...
2026-01-28T09:44:13.145916103Z I0128 09:44:13.145894       1 cmd.go:629] Writing config file "/etc/kubernetes/static-pod-resources/kube-apiserver-pod-6/configmaps/sa-token-signing-certs/service-account-001.pub" ...
2026-01-28T09:44:13.146003065Z I0128 09:44:13.145986       1 cmd.go:629] Writing config file "/etc/kubernetes/static-pod-resources/kube-apiserver-pod-6/configmaps/sa-token-signing-certs/service-account-002.pub" ...
2026-01-28T09:44:13.146155808Z I0128 09:44:13.146139       1 cmd.go:277] Creating directory "/etc/kubernetes/static-pod-resources/kube-apiserver-pod-6/configmaps/kube-apiserver-server-ca" ...
2026-01-28T09:44:13.146259610Z I0128 09:44:13.146237       1 cmd.go:629] Writing config file "/etc/kubernetes/static-pod-resources/kube-apiserver-pod-6/configmaps/kube-apiserver-server-ca/ca-bundle.crt" ...
2026-01-28T09:44:13.146350302Z I0128 09:44:13.146334       1 cmd.go:277] Creating directory "/etc/kubernetes/static-pod-resources/kube-apiserver-pod-6/configmaps/oauth-metadata" ...
2026-01-28T09:44:13.146469725Z I0128 09:44:13.146435       1 cmd.go:629] Writing config file "/etc/kubernetes/static-pod-resources/kube-apiserver-pod-6/configmaps/oauth-metadata/oauthMetadata" ...
2026-01-28T09:44:13.146614958Z I0128 09:44:13.146532       1 cmd.go:221] Creating target resource directory "/etc/kubernetes/static-pod-resources/kube-apiserver-certs" ...
2026-01-28T09:44:13.146614958Z I0128 09:44:13.146547       1 cmd.go:229] Getting secrets ...
2026-01-28T09:44:13.352131049Z I0128 09:44:13.351399       1 copy.go:32] Got secret openshift-kube-apiserver/aggregator-client
2026-01-28T09:44:13.558139252Z I0128 09:44:13.557429       1 copy.go:32] Got secret openshift-kube-apiserver/bound-service-account-signing-key
2026-01-28T09:44:13.759127312Z I0128 09:44:13.758556       1 copy.go:32] Got secret openshift-kube-apiserver/check-endpoints-client-cert-key
2026-01-28T09:44:13.950516735Z I0128 09:44:13.950461       1 copy.go:32] Got secret openshift-kube-apiserver/control-plane-node-admin-client-cert-key
2026-01-28T09:44:14.145786646Z I0128 09:44:14.145744       1 copy.go:32] Got secret openshift-kube-apiserver/external-loadbalancer-serving-certkey
2026-01-28T09:44:14.346128321Z I0128 09:44:14.344311       1 copy.go:32] Got secret openshift-kube-apiserver/internal-loadbalancer-serving-certkey
2026-01-28T09:44:14.556521472Z I0128 09:44:14.549984       1 copy.go:32] Got secret openshift-kube-apiserver/kubelet-client
2026-01-28T09:44:14.752137111Z I0128 09:44:14.748496       1 copy.go:32] Got secret openshift-kube-apiserver/localhost-serving-cert-certkey
2026-01-28T09:44:14.942880930Z I0128 09:44:14.942839       1 copy.go:32] Got secret openshift-kube-apiserver/node-kubeconfigs
2026-01-28T09:44:15.142703353Z I0128 09:44:15.142666       1 copy.go:32] Got secret openshift-kube-apiserver/service-network-serving-certkey
2026-01-28T09:44:15.342315182Z I0128 09:44:15.342264       1 copy.go:24] Failed to get secret openshift-kube-apiserver/user-serving-cert: secrets "user-serving-cert" not found
2026-01-28T09:44:15.543448435Z I0128 09:44:15.543346       1 copy.go:24] Failed to get secret openshift-kube-apiserver/user-serving-cert-000: secrets "user-serving-cert-000" not found
2026-01-28T09:44:15.742323447Z I0128 09:44:15.742285       1 copy.go:24] Failed to get secret openshift-kube-apiserver/user-serving-cert-001: secrets "user-serving-cert-001" not found
2026-01-28T09:44:15.941680870Z I0128 09:44:15.941631       1 copy.go:24] Failed to get secret openshift-kube-apiserver/user-serving-cert-002: secrets "user-serving-cert-002" not found
2026-01-28T09:44:16.143143569Z I0128 09:44:16.143034       1 copy.go:24] Failed to get secret openshift-kube-apiserver/user-serving-cert-003: secrets "user-serving-cert-003" not found
2026-01-28T09:44:16.343137537Z I0128 09:44:16.343051       1 copy.go:24] Failed to get secret openshift-kube-apiserver/user-serving-cert-004: secrets "user-serving-cert-004" not found
2026-01-28T09:44:16.543268397Z I0128 09:44:16.543215       1 copy.go:24] Failed to get secret openshift-kube-apiserver/user-serving-cert-005: secrets "user-serving-cert-005" not found
2026-01-28T09:44:16.742174500Z I0128 09:44:16.742131       1 copy.go:24] Failed to get secret openshift-kube-apiserver/user-serving-cert-006: secrets "user-serving-cert-006" not found
2026-01-28T09:44:16.943008656Z I0128 09:44:16.942948       1 copy.go:24] Failed to get secret openshift-kube-apiserver/user-serving-cert-007: secrets "user-serving-cert-007" not found
2026-01-28T09:44:17.142413330Z I0128 09:44:17.142358       1 copy.go:24] Failed to get secret openshift-kube-apiserver/user-serving-cert-008: secrets "user-serving-cert-008" not found
2026-01-28T09:44:17.342275194Z I0128 09:44:17.342236       1 copy.go:24] Failed to get secret openshift-kube-apiserver/user-serving-cert-009: secrets "user-serving-cert-009" not found
2026-01-28T09:44:17.342275194Z I0128 09:44:17.342258       1 cmd.go:242] Getting config maps ...
2026-01-28T09:44:17.541918513Z I0128 09:44:17.541862       1 copy.go:60] Got configMap openshift-kube-apiserver/aggregator-client-ca
2026-01-28T09:44:17.742781420Z I0128 09:44:17.742723       1 copy.go:60] Got configMap openshift-kube-apiserver/check-endpoints-kubeconfig
2026-01-28T09:44:17.942335597Z I0128 09:44:17.942292       1 copy.go:60] Got configMap openshift-kube-apiserver/client-ca
2026-01-28T09:44:18.142359545Z I0128 09:44:18.142321       1 copy.go:60] Got configMap openshift-kube-apiserver/control-plane-node-kubeconfig
2026-01-28T09:44:18.351104149Z I0128 09:44:18.351046       1 copy.go:60] Got configMap openshift-kube-apiserver/trusted-ca-bundle
2026-01-28T09:44:18.353368130Z I0128 09:44:18.353344       1 cmd.go:261] Creating directory "/etc/kubernetes/static-pod-resources/kube-apiserver-certs/secrets/aggregator-client" ...
2026-01-28T09:44:18.354820833Z I0128 09:44:18.354800       1 cmd.go:639] Writing secret manifest "/etc/kubernetes/static-pod-resources/kube-apiserver-certs/secrets/aggregator-client/tls.crt" ...
2026-01-28T09:44:18.355118879Z I0128 09:44:18.355082       1 cmd.go:639] Writing secret manifest "/etc/kubernetes/static-pod-resources/kube-apiserver-certs/secrets/aggregator-client/tls.key" ...
2026-01-28T09:44:18.355277523Z I0128 09:44:18.355261       1 cmd.go:261] Creating directory "/etc/kubernetes/static-pod-resources/kube-apiserver-certs/secrets/bound-service-account-signing-key" ...
2026-01-28T09:44:18.356481280Z I0128 09:44:18.356461       1 cmd.go:639] Writing secret manifest "/etc/kubernetes/static-pod-resources/kube-apiserver-certs/secrets/bound-service-account-signing-key/service-account.key" ...
2026-01-28T09:44:18.356671144Z I0128 09:44:18.356652       1 cmd.go:639] Writing secret manifest "/etc/kubernetes/static-pod-resources/kube-apiserver-certs/secrets/bound-service-account-signing-key/service-account.pub" ...
2026-01-28T09:44:18.358044045Z I0128 09:44:18.358010       1 cmd.go:261] Creating directory "/etc/kubernetes/static-pod-resources/kube-apiserver-certs/secrets/check-endpoints-client-cert-key" ...
2026-01-28T09:44:18.358151847Z I0128 09:44:18.358136       1 cmd.go:639] Writing secret manifest "/etc/kubernetes/static-pod-resources/kube-apiserver-certs/secrets/check-endpoints-client-cert-key/tls.crt" ...
2026-01-28T09:44:18.358843793Z I0128 09:44:18.358824       1 cmd.go:639] Writing secret manifest "/etc/kubernetes/static-pod-resources/kube-apiserver-certs/secrets/check-endpoints-client-cert-key/tls.key" ...
2026-01-28T09:44:18.359041897Z I0128 09:44:18.359014       1 cmd.go:261] Creating directory "/etc/kubernetes/static-pod-resources/kube-apiserver-certs/secrets/control-plane-node-admin-client-cert-key" ...
2026-01-28T09:44:18.359133530Z I0128 09:44:18.359082       1 cmd.go:639] Writing secret manifest "/etc/kubernetes/static-pod-resources/kube-apiserver-certs/secrets/control-plane-node-admin-client-cert-key/tls.crt" ...
2026-01-28T09:44:18.359328704Z I0128 09:44:18.359311       1 cmd.go:639] Writing secret manifest "/etc/kubernetes/static-pod-resources/kube-apiserver-certs/secrets/control-plane-node-admin-client-cert-key/tls.key" ...
2026-01-28T09:44:18.359526728Z I0128 09:44:18.359499       1 cmd.go:261] Creating directory "/etc/kubernetes/static-pod-resources/kube-apiserver-certs/secrets/external-loadbalancer-serving-certkey" ...
2026-01-28T09:44:18.359526728Z I0128 09:44:18.359521       1 cmd.go:639] Writing secret manifest "/etc/kubernetes/static-pod-resources/kube-apiserver-certs/secrets/external-loadbalancer-serving-certkey/tls.crt" ...
2026-01-28T09:44:18.359684682Z I0128 09:44:18.359667       1 cmd.go:639] Writing secret manifest "/etc/kubernetes/static-pod-resources/kube-apiserver-certs/secrets/external-loadbalancer-serving-certkey/tls.key" ...
2026-01-28T09:44:18.359877426Z I0128 09:44:18.359855       1 cmd.go:261] Creating directory "/etc/kubernetes/static-pod-resources/kube-apiserver-certs/secrets/internal-loadbalancer-serving-certkey" ...
2026-01-28T09:44:18.359896857Z I0128 09:44:18.359875       1 cmd.go:639] Writing secret manifest "/etc/kubernetes/static-pod-resources/kube-apiserver-certs/secrets/internal-loadbalancer-serving-certkey/tls.crt" ...
2026-01-28T09:44:18.360120192Z I0128 09:44:18.360073       1 cmd.go:639] Writing secret manifest "/etc/kubernetes/static-pod-resources/kube-apiserver-certs/secrets/internal-loadbalancer-serving-certkey/tls.key" ...
2026-01-28T09:44:18.360362317Z I0128 09:44:18.360323       1 cmd.go:261] Creating directory "/etc/kubernetes/static-pod-resources/kube-apiserver-certs/secrets/kubelet-client" ...
2026-01-28T09:44:18.360408558Z I0128 09:44:18.360396       1 cmd.go:639] Writing secret manifest "/etc/kubernetes/static-pod-resources/kube-apiserver-certs/secrets/kubelet-client/tls.crt" ...
2026-01-28T09:44:18.360651974Z I0128 09:44:18.360624       1 cmd.go:639] Writing secret manifest "/etc/kubernetes/static-pod-resources/kube-apiserver-certs/secrets/kubelet-client/tls.key" ...
2026-01-28T09:44:18.360863868Z I0128 09:44:18.360846       1 cmd.go:261] Creating directory "/etc/kubernetes/static-pod-resources/kube-apiserver-certs/secrets/localhost-serving-cert-certkey" ...
2026-01-28T09:44:18.360933270Z I0128 09:44:18.360920       1 cmd.go:639] Writing secret manifest "/etc/kubernetes/static-pod-resources/kube-apiserver-certs/secrets/localhost-serving-cert-certkey/tls.crt" ...
2026-01-28T09:44:18.361137684Z I0128 09:44:18.361111       1 cmd.go:639] Writing secret manifest "/etc/kubernetes/static-pod-resources/kube-apiserver-certs/secrets/localhost-serving-cert-certkey/tls.key" ...
2026-01-28T09:44:18.361294228Z I0128 09:44:18.361280       1 cmd.go:261] Creating directory "/etc/kubernetes/static-pod-resources/kube-apiserver-certs/secrets/node-kubeconfigs" ...
2026-01-28T09:44:18.361339719Z I0128 09:44:18.361325       1 cmd.go:639] Writing secret manifest "/etc/kubernetes/static-pod-resources/kube-apiserver-certs/secrets/node-kubeconfigs/lb-ext.kubeconfig" ...
2026-01-28T09:44:18.361512803Z I0128 09:44:18.361495       1 cmd.go:639] Writing secret manifest "/etc/kubernetes/static-pod-resources/kube-apiserver-certs/secrets/node-kubeconfigs/lb-int.kubeconfig" ...
2026-01-28T09:44:18.361666116Z I0128 09:44:18.361650       1 cmd.go:639] Writing secret manifest "/etc/kubernetes/static-pod-resources/kube-apiserver-certs/secrets/node-kubeconfigs/localhost-recovery.kubeconfig" ...
2026-01-28T09:44:18.361835340Z I0128 09:44:18.361818       1 cmd.go:639] Writing secret manifest "/etc/kubernetes/static-pod-resources/kube-apiserver-certs/secrets/node-kubeconfigs/localhost.kubeconfig" ...
2026-01-28T09:44:18.361981903Z I0128 09:44:18.361965       1 cmd.go:261] Creating directory "/etc/kubernetes/static-pod-resources/kube-apiserver-certs/secrets/service-network-serving-certkey" ...
2026-01-28T09:44:18.362026495Z I0128 09:44:18.362014       1 cmd.go:639] Writing secret manifest "/etc/kubernetes/static-pod-resources/kube-apiserver-certs/secrets/service-network-serving-certkey/tls.crt" ...
2026-01-28T09:44:18.362260780Z I0128 09:44:18.362244       1 cmd.go:639] Writing secret manifest "/etc/kubernetes/static-pod-resources/kube-apiserver-certs/secrets/service-network-serving-certkey/tls.key" ...
2026-01-28T09:44:18.362428053Z I0128 09:44:18.362410       1 cmd.go:277] Creating directory "/etc/kubernetes/static-pod-resources/kube-apiserver-certs/configmaps/aggregator-client-ca" ...
2026-01-28T09:44:18.362509885Z I0128 09:44:18.362494       1 cmd.go:629] Writing config file "/etc/kubernetes/static-pod-resources/kube-apiserver-certs/configmaps/aggregator-client-ca/ca-bundle.crt" ...
2026-01-28T09:44:18.362667499Z I0128 09:44:18.362649       1 cmd.go:277] Creating directory "/etc/kubernetes/static-pod-resources/kube-apiserver-certs/configmaps/check-endpoints-kubeconfig" ...
2026-01-28T09:44:18.362712300Z I0128 09:44:18.362699       1 cmd.go:629] Writing config file "/etc/kubernetes/static-pod-resources/kube-apiserver-certs/configmaps/check-endpoints-kubeconfig/kubeconfig" ...
2026-01-28T09:44:18.362888784Z I0128 09:44:18.362871       1 cmd.go:277] Creating directory "/etc/kubernetes/static-pod-resources/kube-apiserver-certs/configmaps/client-ca" ...
2026-01-28T09:44:18.362934085Z I0128 09:44:18.362921       1 cmd.go:629] Writing config file "/etc/kubernetes/static-pod-resources/kube-apiserver-certs/configmaps/client-ca/ca-bundle.crt" ...
2026-01-28T09:44:18.363321424Z I0128 09:44:18.363302       1 cmd.go:277] Creating directory "/etc/kubernetes/static-pod-resources/kube-apiserver-certs/configmaps/control-plane-node-kubeconfig" ...
2026-01-28T09:44:18.363375035Z I0128 09:44:18.363360       1 cmd.go:629] Writing config file "/etc/kubernetes/static-pod-resources/kube-apiserver-certs/configmaps/control-plane-node-kubeconfig/kubeconfig" ...
2026-01-28T09:44:18.363521358Z I0128 09:44:18.363504       1 cmd.go:277] Creating directory "/etc/kubernetes/static-pod-resources/kube-apiserver-certs/configmaps/trusted-ca-bundle" ...
2026-01-28T09:44:18.363614170Z I0128 09:44:18.363598       1 cmd.go:629] Writing config file "/etc/kubernetes/static-pod-resources/kube-apiserver-certs/configmaps/trusted-ca-bundle/ca-bundle.crt" ...
2026-01-28T09:44:18.363923707Z I0128 09:44:18.363905       1 cmd.go:335] Getting pod configmaps/kube-apiserver-pod-6 -n openshift-kube-apiserver
2026-01-28T09:44:18.543764901Z I0128 09:44:18.543728       1 cmd.go:351] Creating directory for static pod manifest "/etc/kubernetes/manifests" ...
2026-01-28T09:44:18.543867724Z I0128 09:44:18.543844       1 cmd.go:379] Writing a pod under "kube-apiserver-pod.yaml" key 
2026-01-28T09:44:18.543867724Z {"kind":"Pod","apiVersion":"v1","metadata":{"name":"kube-apiserver","namespace":"openshift-kube-apiserver","creationTimestamp":null,"labels":{"apiserver":"true","app":"openshift-kube-apiserver","revision":"6"},"annotations":{"kubectl.kubernetes.io/default-container":"kube-apiserver","target.workload.openshift.io/management":"{\"effect\": \"PreferredDuringScheduling\"}"}},"spec":{"volumes":[{"name":"resource-dir","hostPath":{"path":"/etc/kubernetes/static-pod-resources/kube-apiserver-pod-6"}},{"name":"cert-dir","hostPath":{"path":"/etc/kubernetes/static-pod-resources/kube-apiserver-certs"}},{"name":"audit-dir","hostPath":{"path":"/var/log/kube-apiserver"}},{"name":"tmp-dir","emptyDir":{}},{"name":"ca-bundle-dir","emptyDir":{}}],"initContainers":[{"name":"setup","image":"registry.build11.ci.openshift.org/ci-ln-vjb5l1t/stable@sha256:fb1529a27e685fb1b5b13a5d1e935a27c9b9591e884ec8f6c22025208ec02596","command":["/usr/bin/timeout","279","/bin/bash","-ec"],"args":["echo \"Fixing audit permissions ...\"\nchmod 0700 /var/log/kube-apiserver \u0026\u0026 touch /var/log/kube-apiserver/audit.log \u0026\u0026 chmod 0600 /var/log/kube-apiserver/*\n\nLOCK=/var/log/kube-apiserver/.lock\necho \"Acquiring exclusive lock ${LOCK} ...\"\n\n# Waiting for 194s max for old kube-apiserver's watch-termination process to exit and remove the lock.\n# Two cases:\n# 1. if kubelet does not start the old and new in parallel (i.e. works as expected), the flock will always succeed without any time.\n# 2. if kubelet does overlap old and new pods for up to 130s, the flock will wait and immediate return when the old finishes.\n#\n# NOTE: We can increase 194s for a bigger expected overlap. But a higher value means less noise about the broken kubelet behaviour, i.e. we hide a bug.\n# NOTE: Do not tweak these timings without considering the livenessProbe initialDelaySeconds\nexec {LOCK_FD}\u003e${LOCK} \u0026\u0026 flock --verbose -w 194 \"${LOCK_FD}\" || {\n  echo \"$(date -Iseconds -u) kubelet did not terminate old kube-apiserver before new one\" \u003e\u003e /var/log/kube-apiserver/lock.log\n  echo -n \": WARNING: kubelet did not terminate old kube-apiserver before new one.\"\n\n  # We failed to acquire exclusive lock, which means there is old kube-apiserver running in system.\n  # Since we utilize SO_REUSEPORT, we need to make sure the old kube-apiserver stopped listening.\n  #\n  # NOTE: This is a fallback for broken kubelet, if you observe this please report a bug.\n  echo -n \"Waiting for port 6443 to be released due to likely bug in kubelet or CRI-O \"\n  while [ -n \"$(ss -Htan state listening '( sport = 6443 or sport = 6080 )')\" ]; do\n    echo -n \".\"\n    sleep 1\n    (( tries += 1 ))\n    if [[ \"${tries}\" -gt 10 ]]; then\n      echo \"Timed out waiting for port :6443 and :6080 to be released, this is likely a bug in kubelet or CRI-O\"\n      exit 1\n    fi\n  done\n  #  This is to make sure the server has terminated independently from the lock.\n  #  After the port has been freed (requests can be pending and need 60s max).\n  sleep 65\n}\n# We cannot hold the lock from the init container to the main container. We release it here. There is no risk, at this point we know we are safe.\nflock -u \"${LOCK_FD}\"\n"],"resources":{"requests":{"cpu":"5m","memory":"50Mi"}},"volumeMounts":[{"name":"audit-dir","mountPath":"/var/log/kube-apiserver"},{"name":"tmp-dir","mountPath":"/tmp"}],"terminationMessagePolicy":"FallbackToLogsOnError","imagePullPolicy":"IfNotPresent","securityContext":{"privileged":true,"readOnlyRootFilesystem":true}}],"containers":[{"name":"kube-apiserver","image":"registry.build11.ci.openshift.org/ci-ln-vjb5l1t/stable@sha256:fb1529a27e685fb1b5b13a5d1e935a27c9b9591e884ec8f6c22025208ec02596","command":["/bin/bash","-ec"],"args":["LOCK=/var/log/kube-apiserver/.lock\n# We should be able to acquire the lock immediatelly. If not, it means the init container has not released it yet and kubelet or CRI-O started container prematurely.\nexec {LOCK_FD}\u003e${LOCK} \u0026\u0026 flock --verbose -w 30 \"${LOCK_FD}\" || {\n  echo \"Failed to acquire lock for kube-apiserver. Please check setup container for details. This is likely kubelet or CRI-O bug.\"\n  exit 1\n}\nif [ -f /etc/kubernetes/static-pod-certs/configmaps/trusted-ca-bundle/ca-bundle.crt ]; then\n  echo \"Copying system trust bundle ...\"\n  cp -f /etc/kubernetes/static-pod-certs/configmaps/trusted-ca-bundle/ca-bundle.crt /etc/pki/ca-trust/extracted/pem/tls-ca-bundle.pem\nfi\n\nexec watch-termination --termination-touch-file=/var/log/kube-apiserver/.terminating --termination-log-file=/var/log/kube-apiserver/termination.log --graceful-termination-duration=194s --kubeconfig=/etc/kubernetes/static-pod-resources/configmaps/kube-apiserver-cert-syncer-kubeconfig/kubeconfig -- hyperkube kube-apiserver --openshift-config=/etc/kubernetes/static-pod-resources/configmaps/config/config.yaml --advertise-address=${HOST_IP}  -v=2 --permit-address-sharing\n"],"ports":[{"containerPort":6443}],"env":[{"name":"POD_NAME","valueFrom":{"fieldRef":{"fieldPath":"metadata.name"}}},{"name":"POD_NAMESPACE","valueFrom":{"fieldRef":{"fieldPath":"metadata.namespace"}}},{"name":"STATIC_POD_VERSION","value":"6"},{"name":"HOST_IP","valueFrom":{"fieldRef":{"fieldPath":"status.hostIP"}}},{"name":"GOGC","value":"100"}],"resources":{"requests":{"cpu":"265m","memory":"1Gi"}},"volumeMounts":[{"name":"resource-dir","mountPath":"/etc/kubernetes/static-pod-resources"},{"name":"cert-dir","mountPath":"/etc/kubernetes/static-pod-certs"},{"name":"audit-dir","mountPath":"/var/log/kube-apiserver"},{"name":"tmp-dir","mountPath":"/tmp"},{"name":"ca-bundle-dir","mountPath":"/etc/pki/ca-trust/extracted/pem"}],"livenessProbe":{"httpGet":{"path":"livez?exclude=etcd","port":6443,"scheme":"HTTPS"},"timeoutSeconds":10,"periodSeconds":10,"successThreshold":1,"failureThreshold":3},"readinessProbe":{"httpGet":{"path":"readyz","port":6443,"scheme":"HTTPS"},"timeoutSeconds":10,"periodSeconds":5,"successThreshold":1,"failureThreshold":3},"startupProbe":{"httpGet":{"path":"livez","port":6443,"scheme":"HTTPS"},"timeoutSeconds":10,"periodSeconds":5,"successThreshold":1,"failureThreshold":30},"terminationMessagePolicy":"FallbackToLogsOnError","imagePullPolicy":"IfNotPresent","securityContext":{"privileged":true,"readOnlyRootFilesystem":true}},{"name":"kube-apiserver-cert-syncer","image":"registry.build11.ci.openshift.org/ci-ln-vjb5l1t/stable@sha256:0554bda0a96d190367ed63955b942dd3552e1d90e8586dfd9f8879c964bf245d","command":["cluster-kube-apiserver-operator","cert-syncer"],"args":["--kubeconfig=/etc/kubernetes/static-pod-resources/configmaps/kube-apiserver-cert-syncer-kubeconfig/kubeconfig","--namespace=$(POD_NAMESPACE)","--destination-dir=/etc/kubernetes/static-pod-certs"],"env":[{"name":"POD_NAME","valueFrom":{"fieldRef":{"fieldPath":"metadata.name"}}},{"name":"POD_NAMESPACE","valueFrom":{"fieldRef":{"fieldPath":"metadata.namespace"}}}],"resources":{"requests":{"cpu":"5m","memory":"50Mi"}},"volumeMounts":[{"name":"resource-dir","mountPath":"/etc/kubernetes/static-pod-resources"},{"name":"cert-dir","mountPath":"/etc/kubernetes/static-pod-certs"},{"name":"tmp-dir","mountPath":"/tmp"}],"terminationMessagePolicy":"FallbackToLogsOnError","imagePullPolicy":"IfNotPresent","securityContext":{"readOnlyRootFilesystem":true}},{"name":"kube-apiserver-cert-regeneration-controller","image":"registry.build11.ci.openshift.org/ci-ln-vjb5l1t/stable@sha256:0554bda0a96d190367ed63955b942dd3552e1d90e8586dfd9f8879c964bf245d","command":["cluster-kube-apiserver-operator","cert-regeneration-controller"],"args":["--kubeconfig=/etc/kubernetes/static-pod-resources/configmaps/kube-apiserver-cert-syncer-kubeconfig/kubeconfig","--namespace=$(POD_NAMESPACE)","-v=2"],"env":[{"name":"POD_NAMESPACE","valueFrom":{"fieldRef":{"fieldPath":"metadata.namespace"}}},{"name":"OPERATOR_IMAGE_VERSION","value":"4.20.0-0-2026-01-28-090915-test-ci-ln-vjb5l1t-latest"}],"resources":{"requests":{"cpu":"5m","memory":"50Mi"}},"volumeMounts":[{"name":"resource-dir","mountPath":"/etc/kubernetes/static-pod-resources"},{"name":"tmp-dir","mountPath":"/tmp"}],"terminationMessagePolicy":"FallbackToLogsOnError","imagePullPolicy":"IfNotPresent","securityContext":{"readOnlyRootFilesystem":true}},{"name":"kube-apiserver-insecure-readyz","image":"registry.build11.ci.openshift.org/ci-ln-vjb5l1t/stable@sha256:0554bda0a96d190367ed63955b942dd3552e1d90e8586dfd9f8879c964bf245d","command":["cluster-kube-apiserver-operator","insecure-readyz"],"args":["--insecure-port=6080","--delegate-url=https://localhost:6443/readyz"],"ports":[{"containerPort":6080}],"resources":{"requests":{"cpu":"5m","memory":"50Mi"}},"terminationMessagePolicy":"FallbackToLogsOnError","imagePullPolicy":"IfNotPresent","securityContext":{"readOnlyRootFilesystem":true}},{"name":"kube-apiserver-check-endpoints","image":"registry.build11.ci.openshift.org/ci-ln-vjb5l1t/stable@sha256:0554bda0a96d190367ed63955b942dd3552e1d90e8586dfd9f8879c964bf245d","command":["cluster-kube-apiserver-operator","check-endpoints"],"args":["--kubeconfig","/etc/kubernetes/static-pod-certs/configmaps/check-endpoints-kubeconfig/kubeconfig","--listen","0.0.0.0:17697","--namespace","$(POD_NAMESPACE)","--v","2"],"ports":[{"name":"check-endpoints","hostPort":17697,"containerPort":17697,"protocol":"TCP"}],"env":[{"name":"POD_NAME","valueFrom":{"fieldRef":{"fieldPath":"metadata.name"}}},{"name":"POD_NAMESPACE","valueFrom":{"fieldRef":{"fieldPath":"metadata.namespace"}}}],"resources":{"requests":{"cpu":"10m","memory":"50Mi"}},"volumeMounts":[{"name":"resource-dir","mountPath":"/etc/kubernetes/static-pod-resources"},{"name":"cert-dir","mountPath":"/etc/kubernetes/static-pod-certs"},{"name":"tmp-dir","mountPath":"/tmp"}],"livenessProbe":{"httpGet":{"path":"healthz","port":17697,"scheme":"HTTPS"},"initialDelaySeconds":10,"timeoutSeconds":10},"readinessProbe":{"httpGet":{"path":"healthz","port":17697,"scheme":"HTTPS"},"initialDelaySeconds":10,"timeoutSeconds":10},"terminationMessagePolicy":"FallbackToLogsOnError","imagePullPolicy":"IfNotPresent","securityContext":{"readOnlyRootFilesystem":true}}],"terminationGracePeriodSeconds":194,"hostNetwork":true,"tolerations":[{"operator":"Exists"}],"priorityClassName":"system-node-critical","priority":2000001000},"status":{}}
2026-01-28T09:44:18.547161698Z I0128 09:44:18.547135       1 cmd.go:610] Writing pod manifest "/etc/kubernetes/static-pod-resources/kube-apiserver-pod-6/kube-apiserver-pod.yaml" ...
2026-01-28T09:44:18.547899304Z I0128 09:44:18.547865       1 cmd.go:617] Removed existing static pod manifest "/etc/kubernetes/manifests/kube-apiserver-pod.yaml" ...
2026-01-28T09:44:18.547961385Z I0128 09:44:18.547940       1 cmd.go:621] Writing static pod manifest "/etc/kubernetes/manifests/kube-apiserver-pod.yaml" ...
2026-01-28T09:44:18.547961385Z {"kind":"Pod","apiVersion":"v1","metadata":{"name":"kube-apiserver","namespace":"openshift-kube-apiserver","creationTimestamp":null,"labels":{"apiserver":"true","app":"openshift-kube-apiserver","revision":"6"},"annotations":{"kubectl.kubernetes.io/default-container":"kube-apiserver","target.workload.openshift.io/management":"{\"effect\": \"PreferredDuringScheduling\"}"}},"spec":{"volumes":[{"name":"resource-dir","hostPath":{"path":"/etc/kubernetes/static-pod-resources/kube-apiserver-pod-6"}},{"name":"cert-dir","hostPath":{"path":"/etc/kubernetes/static-pod-resources/kube-apiserver-certs"}},{"name":"audit-dir","hostPath":{"path":"/var/log/kube-apiserver"}},{"name":"tmp-dir","emptyDir":{}},{"name":"ca-bundle-dir","emptyDir":{}}],"initContainers":[{"name":"setup","image":"registry.build11.ci.openshift.org/ci-ln-vjb5l1t/stable@sha256:fb1529a27e685fb1b5b13a5d1e935a27c9b9591e884ec8f6c22025208ec02596","command":["/usr/bin/timeout","279","/bin/bash","-ec"],"args":["echo \"Fixing audit permissions ...\"\nchmod 0700 /var/log/kube-apiserver \u0026\u0026 touch /var/log/kube-apiserver/audit.log \u0026\u0026 chmod 0600 /var/log/kube-apiserver/*\n\nLOCK=/var/log/kube-apiserver/.lock\necho \"Acquiring exclusive lock ${LOCK} ...\"\n\n# Waiting for 194s max for old kube-apiserver's watch-termination process to exit and remove the lock.\n# Two cases:\n# 1. if kubelet does not start the old and new in parallel (i.e. works as expected), the flock will always succeed without any time.\n# 2. if kubelet does overlap old and new pods for up to 130s, the flock will wait and immediate return when the old finishes.\n#\n# NOTE: We can increase 194s for a bigger expected overlap. But a higher value means less noise about the broken kubelet behaviour, i.e. we hide a bug.\n# NOTE: Do not tweak these timings without considering the livenessProbe initialDelaySeconds\nexec {LOCK_FD}\u003e${LOCK} \u0026\u0026 flock --verbose -w 194 \"${LOCK_FD}\" || {\n  echo \"$(date -Iseconds -u) kubelet did not terminate old kube-apiserver before new one\" \u003e\u003e /var/log/kube-apiserver/lock.log\n  echo -n \": WARNING: kubelet did not terminate old kube-apiserver before new one.\"\n\n  # We failed to acquire exclusive lock, which means there is old kube-apiserver running in system.\n  # Since we utilize SO_REUSEPORT, we need to make sure the old kube-apiserver stopped listening.\n  #\n  # NOTE: This is a fallback for broken kubelet, if you observe this please report a bug.\n  echo -n \"Waiting for port 6443 to be released due to likely bug in kubelet or CRI-O \"\n  while [ -n \"$(ss -Htan state listening '( sport = 6443 or sport = 6080 )')\" ]; do\n    echo -n \".\"\n    sleep 1\n    (( tries += 1 ))\n    if [[ \"${tries}\" -gt 10 ]]; then\n      echo \"Timed out waiting for port :6443 and :6080 to be released, this is likely a bug in kubelet or CRI-O\"\n      exit 1\n    fi\n  done\n  #  This is to make sure the server has terminated independently from the lock.\n  #  After the port has been freed (requests can be pending and need 60s max).\n  sleep 65\n}\n# We cannot hold the lock from the init container to the main container. We release it here. There is no risk, at this point we know we are safe.\nflock -u \"${LOCK_FD}\"\n"],"resources":{"requests":{"cpu":"5m","memory":"50Mi"}},"volumeMounts":[{"name":"audit-dir","mountPath":"/var/log/kube-apiserver"},{"name":"tmp-dir","mountPath":"/tmp"}],"terminationMessagePolicy":"FallbackToLogsOnError","imagePullPolicy":"IfNotPresent","securityContext":{"privileged":true,"readOnlyRootFilesystem":true}}],"containers":[{"name":"kube-apiserver","image":"registry.build11.ci.openshift.org/ci-ln-vjb5l1t/stable@sha256:fb1529a27e685fb1b5b13a5d1e935a27c9b9591e884ec8f6c22025208ec02596","command":["/bin/bash","-ec"],"args":["LOCK=/var/log/kube-apiserver/.lock\n# We should be able to acquire the lock immediatelly. If not, it means the init container has not released it yet and kubelet or CRI-O started container prematurely.\nexec {LOCK_FD}\u003e${LOCK} \u0026\u0026 flock --verbose -w 30 \"${LOCK_FD}\" || {\n  echo \"Failed to acquire lock for kube-apiserver. Please check setup container for details. This is likely kubelet or CRI-O bug.\"\n  exit 1\n}\nif [ -f /etc/kubernetes/static-pod-certs/configmaps/trusted-ca-bundle/ca-bundle.crt ]; then\n  echo \"Copying system trust bundle ...\"\n  cp -f /etc/kubernetes/static-pod-certs/configmaps/trusted-ca-bundle/ca-bundle.crt /etc/pki/ca-trust/extracted/pem/tls-ca-bundle.pem\nfi\n\nexec watch-termination --termination-touch-file=/var/log/kube-apiserver/.terminating --termination-log-file=/var/log/kube-apiserver/termination.log --graceful-termination-duration=194s --kubeconfig=/etc/kubernetes/static-pod-resources/configmaps/kube-apiserver-cert-syncer-kubeconfig/kubeconfig -- hyperkube kube-apiserver --openshift-config=/etc/kubernetes/static-pod-resources/configmaps/config/config.yaml --advertise-address=${HOST_IP}  -v=2 --permit-address-sharing\n"],"ports":[{"containerPort":6443}],"env":[{"name":"POD_NAME","valueFrom":{"fieldRef":{"fieldPath":"metadata.name"}}},{"name":"POD_NAMESPACE","valueFrom":{"fieldRef":{"fieldPath":"metadata.namespace"}}},{"name":"STATIC_POD_VERSION","value":"6"},{"name":"HOST_IP","valueFrom":{"fieldRef":{"fieldPath":"status.hostIP"}}},{"name":"GOGC","value":"100"}],"resources":{"requests":{"cpu":"265m","memory":"1Gi"}},"volumeMounts":[{"name":"resource-dir","mountPath":"/etc/kubernetes/static-pod-resources"},{"name":"cert-dir","mountPath":"/etc/kubernetes/static-pod-certs"},{"name":"audit-dir","mountPath":"/var/log/kube-apiserver"},{"name":"tmp-dir","mountPath":"/tmp"},{"name":"ca-bundle-dir","mountPath":"/etc/pki/ca-trust/extracted/pem"}],"livenessProbe":{"httpGet":{"path":"livez?exclude=etcd","port":6443,"scheme":"HTTPS"},"timeoutSeconds":10,"periodSeconds":10,"successThreshold":1,"failureThreshold":3},"readinessProbe":{"httpGet":{"path":"readyz","port":6443,"scheme":"HTTPS"},"timeoutSeconds":10,"periodSeconds":5,"successThreshold":1,"failureThreshold":3},"startupProbe":{"httpGet":{"path":"livez","port":6443,"scheme":"HTTPS"},"timeoutSeconds":10,"periodSeconds":5,"successThreshold":1,"failureThreshold":30},"terminationMessagePolicy":"FallbackToLogsOnError","imagePullPolicy":"IfNotPresent","securityContext":{"privileged":true,"readOnlyRootFilesystem":true}},{"name":"kube-apiserver-cert-syncer","image":"registry.build11.ci.openshift.org/ci-ln-vjb5l1t/stable@sha256:0554bda0a96d190367ed63955b942dd3552e1d90e8586dfd9f8879c964bf245d","command":["cluster-kube-apiserver-operator","cert-syncer"],"args":["--kubeconfig=/etc/kubernetes/static-pod-resources/configmaps/kube-apiserver-cert-syncer-kubeconfig/kubeconfig","--namespace=$(POD_NAMESPACE)","--destination-dir=/etc/kubernetes/static-pod-certs"],"env":[{"name":"POD_NAME","valueFrom":{"fieldRef":{"fieldPath":"metadata.name"}}},{"name":"POD_NAMESPACE","valueFrom":{"fieldRef":{"fieldPath":"metadata.namespace"}}}],"resources":{"requests":{"cpu":"5m","memory":"50Mi"}},"volumeMounts":[{"name":"resource-dir","mountPath":"/etc/kubernetes/static-pod-resources"},{"name":"cert-dir","mountPath":"/etc/kubernetes/static-pod-certs"},{"name":"tmp-dir","mountPath":"/tmp"}],"terminationMessagePolicy":"FallbackToLogsOnError","imagePullPolicy":"IfNotPresent","securityContext":{"readOnlyRootFilesystem":true}},{"name":"kube-apiserver-cert-regeneration-controller","image":"registry.build11.ci.openshift.org/ci-ln-vjb5l1t/stable@sha256:0554bda0a96d190367ed63955b942dd3552e1d90e8586dfd9f8879c964bf245d","command":["cluster-kube-apiserver-operator","cert-regeneration-controller"],"args":["--kubeconfig=/etc/kubernetes/static-pod-resources/configmaps/kube-apiserver-cert-syncer-kubeconfig/kubeconfig","--namespace=$(POD_NAMESPACE)","-v=2"],"env":[{"name":"POD_NAMESPACE","valueFrom":{"fieldRef":{"fieldPath":"metadata.namespace"}}},{"name":"OPERATOR_IMAGE_VERSION","value":"4.20.0-0-2026-01-28-090915-test-ci-ln-vjb5l1t-latest"}],"resources":{"requests":{"cpu":"5m","memory":"50Mi"}},"volumeMounts":[{"name":"resource-dir","mountPath":"/etc/kubernetes/static-pod-resources"},{"name":"tmp-dir","mountPath":"/tmp"}],"terminationMessagePolicy":"FallbackToLogsOnError","imagePullPolicy":"IfNotPresent","securityContext":{"readOnlyRootFilesystem":true}},{"name":"kube-apiserver-insecure-readyz","image":"registry.build11.ci.openshift.org/ci-ln-vjb5l1t/stable@sha256:0554bda0a96d190367ed63955b942dd3552e1d90e8586dfd9f8879c964bf245d","command":["cluster-kube-apiserver-operator","insecure-readyz"],"args":["--insecure-port=6080","--delegate-url=https://localhost:6443/readyz"],"ports":[{"containerPort":6080}],"resources":{"requests":{"cpu":"5m","memory":"50Mi"}},"terminationMessagePolicy":"FallbackToLogsOnError","imagePullPolicy":"IfNotPresent","securityContext":{"readOnlyRootFilesystem":true}},{"name":"kube-apiserver-check-endpoints","image":"registry.build11.ci.openshift.org/ci-ln-vjb5l1t/stable@sha256:0554bda0a96d190367ed63955b942dd3552e1d90e8586dfd9f8879c964bf245d","command":["cluster-kube-apiserver-operator","check-endpoints"],"args":["--kubeconfig","/etc/kubernetes/static-pod-certs/configmaps/check-endpoints-kubeconfig/kubeconfig","--listen","0.0.0.0:17697","--namespace","$(POD_NAMESPACE)","--v","2"],"ports":[{"name":"check-endpoints","hostPort":17697,"containerPort":17697,"protocol":"TCP"}],"env":[{"name":"POD_NAME","valueFrom":{"fieldRef":{"fieldPath":"metadata.name"}}},{"name":"POD_NAMESPACE","valueFrom":{"fieldRef":{"fieldPath":"metadata.namespace"}}}],"resources":{"requests":{"cpu":"10m","memory":"50Mi"}},"volumeMounts":[{"name":"resource-dir","mountPath":"/etc/kubernetes/static-pod-resources"},{"name":"cert-dir","mountPath":"/etc/kubernetes/static-pod-certs"},{"name":"tmp-dir","mountPath":"/tmp"}],"livenessProbe":{"httpGet":{"path":"healthz","port":17697,"scheme":"HTTPS"},"initialDelaySeconds":10,"timeoutSeconds":10},"readinessProbe":{"httpGet":{"path":"healthz","port":17697,"scheme":"HTTPS"},"initialDelaySeconds":10,"timeoutSeconds":10},"terminationMessagePolicy":"FallbackToLogsOnError","imagePullPolicy":"IfNotPresent","securityContext":{"readOnlyRootFilesystem":true}}],"terminationGracePeriodSeconds":194,"hostNetwork":true,"tolerations":[{"operator":"Exists"}],"priorityClassName":"system-node-critical","priority":2000001000},"status":{}}
