2026-01-28T09:36:59.115256852Z W0128 09:36:59.115096       1 cmd.go:257] Using insecure, self-signed certificates
2026-01-28T09:36:59.115582358Z Validity period of the certificate for "check-endpoints-signer@1769593019" is unset, resetting to 43800h0m0s!
2026-01-28T09:36:59.759799845Z I0128 09:36:59.758599       1 observer_polling.go:159] Starting file observer
2026-01-28T09:36:59.771275399Z I0128 09:36:59.770176       1 builder.go:304] check-endpoints version 4.20.0-202601201850.p2.g63bfcda.assembly.stream.el9-63bfcda-63bfcdac6e6d861a4bc54dad13e91bd60e767b18
2026-01-28T09:37:00.290479487Z I0128 09:37:00.290443       1 secure_serving.go:57] Forcing use of http/1.1 only
2026-01-28T09:37:00.290479487Z W0128 09:37:00.290474       1 secure_serving.go:69] Use of insecure cipher 'TLS_ECDHE_ECDSA_WITH_AES_128_CBC_SHA256' detected.
2026-01-28T09:37:00.290507968Z W0128 09:37:00.290480       1 secure_serving.go:69] Use of insecure cipher 'TLS_ECDHE_RSA_WITH_AES_128_CBC_SHA256' detected.
2026-01-28T09:37:00.290507968Z W0128 09:37:00.290491       1 secure_serving.go:69] Use of insecure cipher 'TLS_RSA_WITH_AES_128_GCM_SHA256' detected.
2026-01-28T09:37:00.290507968Z W0128 09:37:00.290496       1 secure_serving.go:69] Use of insecure cipher 'TLS_RSA_WITH_AES_256_GCM_SHA384' detected.
2026-01-28T09:37:00.290519899Z W0128 09:37:00.290506       1 secure_serving.go:69] Use of insecure cipher 'TLS_RSA_WITH_AES_128_CBC_SHA' detected.
2026-01-28T09:37:00.290519899Z W0128 09:37:00.290511       1 secure_serving.go:69] Use of insecure cipher 'TLS_RSA_WITH_AES_256_CBC_SHA' detected.
2026-01-28T09:37:00.294128335Z I0128 09:37:00.294105       1 requestheader_controller.go:180] Starting RequestHeaderAuthRequestController
2026-01-28T09:37:00.294195497Z I0128 09:37:00.294132       1 configmap_cafile_content.go:205] "Starting controller" name="client-ca::kube-system::extension-apiserver-authentication::client-ca-file"
2026-01-28T09:37:00.294241538Z I0128 09:37:00.294141       1 configmap_cafile_content.go:205] "Starting controller" name="client-ca::kube-system::extension-apiserver-authentication::requestheader-client-ca-file"
2026-01-28T09:37:00.294300409Z I0128 09:37:00.294276       1 shared_informer.go:350] "Waiting for caches to sync" controller="client-ca::kube-system::extension-apiserver-authentication::requestheader-client-ca-file"
2026-01-28T09:37:00.294315099Z I0128 09:37:00.294179       1 shared_informer.go:350] "Waiting for caches to sync" controller="RequestHeaderAuthRequestController"
2026-01-28T09:37:00.294393041Z I0128 09:37:00.294223       1 shared_informer.go:350] "Waiting for caches to sync" controller="client-ca::kube-system::extension-apiserver-authentication::client-ca-file"
2026-01-28T09:37:00.294516443Z I0128 09:37:00.294498       1 dynamic_serving_content.go:135] "Starting controller" name="serving-cert::/tmp/serving-cert-3613575015/tls.crt::/tmp/serving-cert-3613575015/tls.key"
2026-01-28T09:37:00.294575845Z I0128 09:37:00.294555       1 secure_serving.go:211] Serving securely on [::]:17698
2026-01-28T09:37:00.294634966Z I0128 09:37:00.294621       1 tlsconfig.go:243] "Starting DynamicServingCertificateController"
2026-01-28T09:37:00.297800433Z I0128 09:37:00.297779       1 base_controller.go:76] Waiting for caches to sync for CheckEndpointsTimeToStart
2026-01-28T09:37:00.395079991Z I0128 09:37:00.395028       1 shared_informer.go:357] "Caches are synced" controller="RequestHeaderAuthRequestController"
2026-01-28T09:37:00.395205354Z I0128 09:37:00.395071       1 shared_informer.go:357] "Caches are synced" controller="client-ca::kube-system::extension-apiserver-authentication::requestheader-client-ca-file"
2026-01-28T09:37:00.395275715Z I0128 09:37:00.395112       1 shared_informer.go:357] "Caches are synced" controller="client-ca::kube-system::extension-apiserver-authentication::client-ca-file"
2026-01-28T09:37:00.498663174Z I0128 09:37:00.498606       1 base_controller.go:82] Caches are synced for CheckEndpointsTimeToStart 
2026-01-28T09:37:00.498663174Z I0128 09:37:00.498644       1 base_controller.go:119] Starting #1 worker of CheckEndpointsTimeToStart controller ...
