2026-01-28T09:42:44.971775200Z ts=2026-01-28T09:42:44+00:00 num_cpus=4 gomaxprocs=4
2026-01-28T09:42:44.977151623Z time=2026-01-28T09:42:44.977Z level=INFO source=node_exporter.go:216 msg="Starting node_exporter" version="(version=1.9.1, branch=HEAD, revision=5e27e161dce299768fb4409fd1bed3c0983e3f58)"
2026-01-28T09:42:44.977151623Z time=2026-01-28T09:42:44.977Z level=INFO source=node_exporter.go:217 msg="Build context" build_context="(go=go1.24.11 (Red Hat 1.24.11-1.el9_6) X:strictfipsruntime, platform=linux/amd64, user=reproducible@reproducible, date=20251105-05:52:03, tags=strictfipsruntime)"
2026-01-28T09:42:44.978005129Z time=2026-01-28T09:42:44.977Z level=INFO source=filesystem_common.go:265 msg="Parsed flag --collector.filesystem.mount-points-exclude" collector=filesystem flag=^/(dev|proc|sys|run/k3s/containerd/.+|var/lib/docker/.+|var/lib/kubelet/pods/.+)($|/)
2026-01-28T09:42:44.978025900Z time=2026-01-28T09:42:44.978Z level=INFO source=filesystem_common.go:294 msg="Parsed flag --collector.filesystem.fs-types-exclude" collector=filesystem flag=^(autofs|binfmt_misc|bpf|cgroup2?|configfs|debugfs|devpts|devtmpfs|fusectl|hugetlbfs|iso9660|mqueue|nsfs|overlay|proc|procfs|pstore|rpc_pipefs|securityfs|selinuxfs|squashfs|sysfs|tracefs)$
2026-01-28T09:42:44.978281185Z time=2026-01-28T09:42:44.978Z level=INFO source=netdev_common.go:80 msg="Parsed flag --collector.netdev.device-exclude" collector=netdev flag=^(veth.*|[a-f0-9]{15}|enP.*|ovn-k8s-mp[0-9]*|br-ex|br-int|br-ext|br[0-9]*|tun[0-9]*|cali[a-f0-9]*)$
2026-01-28T09:42:44.978338975Z time=2026-01-28T09:42:44.978Z level=INFO source=diskstats_common.go:110 msg="Parsed flag --collector.diskstats.device-exclude" collector=diskstats flag=^(z?ram|loop|fd|(h|s|v|xv)d[a-z]|nvme\d+n\d+p)\d+$
2026-01-28T09:42:44.978925107Z time=2026-01-28T09:42:44.978Z level=INFO source=node_exporter.go:135 msg="Enabled collectors"
2026-01-28T09:42:44.978944447Z time=2026-01-28T09:42:44.978Z level=INFO source=node_exporter.go:141 msg=accelerator
2026-01-28T09:42:44.978944447Z time=2026-01-28T09:42:44.978Z level=INFO source=node_exporter.go:141 msg=arp
2026-01-28T09:42:44.978944447Z time=2026-01-28T09:42:44.978Z level=INFO source=node_exporter.go:141 msg=bcache
2026-01-28T09:42:44.978944447Z time=2026-01-28T09:42:44.978Z level=INFO source=node_exporter.go:141 msg=bonding
2026-01-28T09:42:44.978956858Z time=2026-01-28T09:42:44.978Z level=INFO source=node_exporter.go:141 msg=conntrack
2026-01-28T09:42:44.978956858Z time=2026-01-28T09:42:44.978Z level=INFO source=node_exporter.go:141 msg=cpu
2026-01-28T09:42:44.978976408Z time=2026-01-28T09:42:44.978Z level=INFO source=node_exporter.go:141 msg=diskstats
2026-01-28T09:42:44.978976408Z time=2026-01-28T09:42:44.978Z level=INFO source=node_exporter.go:141 msg=dmi
2026-01-28T09:42:44.978987198Z time=2026-01-28T09:42:44.978Z level=INFO source=node_exporter.go:141 msg=edac
2026-01-28T09:42:44.978987198Z time=2026-01-28T09:42:44.978Z level=INFO source=node_exporter.go:141 msg=entropy
2026-01-28T09:42:44.978987198Z time=2026-01-28T09:42:44.978Z level=INFO source=node_exporter.go:141 msg=fibrechannel
2026-01-28T09:42:44.978998038Z time=2026-01-28T09:42:44.978Z level=INFO source=node_exporter.go:141 msg=filefd
2026-01-28T09:42:44.978998038Z time=2026-01-28T09:42:44.978Z level=INFO source=node_exporter.go:141 msg=filesystem
2026-01-28T09:42:44.979008288Z time=2026-01-28T09:42:44.978Z level=INFO source=node_exporter.go:141 msg=hwmon
2026-01-28T09:42:44.979008288Z time=2026-01-28T09:42:44.979Z level=INFO source=node_exporter.go:141 msg=infiniband
2026-01-28T09:42:44.979018679Z time=2026-01-28T09:42:44.979Z level=INFO source=node_exporter.go:141 msg=ipvs
2026-01-28T09:42:44.979018679Z time=2026-01-28T09:42:44.979Z level=INFO source=node_exporter.go:141 msg=loadavg
2026-01-28T09:42:44.979039009Z time=2026-01-28T09:42:44.979Z level=INFO source=node_exporter.go:141 msg=mdadm
2026-01-28T09:42:44.979039009Z time=2026-01-28T09:42:44.979Z level=INFO source=node_exporter.go:141 msg=meminfo
2026-01-28T09:42:44.979039009Z time=2026-01-28T09:42:44.979Z level=INFO source=node_exporter.go:141 msg=netclass
2026-01-28T09:42:44.979039009Z time=2026-01-28T09:42:44.979Z level=INFO source=node_exporter.go:141 msg=netdev
2026-01-28T09:42:44.979039009Z time=2026-01-28T09:42:44.979Z level=INFO source=node_exporter.go:141 msg=netstat
2026-01-28T09:42:44.979050799Z time=2026-01-28T09:42:44.979Z level=INFO source=node_exporter.go:141 msg=nfs
2026-01-28T09:42:44.979050799Z time=2026-01-28T09:42:44.979Z level=INFO source=node_exporter.go:141 msg=nfsd
2026-01-28T09:42:44.979061329Z time=2026-01-28T09:42:44.979Z level=INFO source=node_exporter.go:141 msg=nvme
2026-01-28T09:42:44.979061329Z time=2026-01-28T09:42:44.979Z level=INFO source=node_exporter.go:141 msg=os
2026-01-28T09:42:44.979071530Z time=2026-01-28T09:42:44.979Z level=INFO source=node_exporter.go:141 msg=powersupplyclass
2026-01-28T09:42:44.979071530Z time=2026-01-28T09:42:44.979Z level=INFO source=node_exporter.go:141 msg=pressure
2026-01-28T09:42:44.979071530Z time=2026-01-28T09:42:44.979Z level=INFO source=node_exporter.go:141 msg=rapl
2026-01-28T09:42:44.979082100Z time=2026-01-28T09:42:44.979Z level=INFO source=node_exporter.go:141 msg=schedstat
2026-01-28T09:42:44.979082100Z time=2026-01-28T09:42:44.979Z level=INFO source=node_exporter.go:141 msg=selinux
2026-01-28T09:42:44.979092220Z time=2026-01-28T09:42:44.979Z level=INFO source=node_exporter.go:141 msg=sockstat
2026-01-28T09:42:44.979092220Z time=2026-01-28T09:42:44.979Z level=INFO source=node_exporter.go:141 msg=softnet
2026-01-28T09:42:44.979102600Z time=2026-01-28T09:42:44.979Z level=INFO source=node_exporter.go:141 msg=stat
2026-01-28T09:42:44.979102600Z time=2026-01-28T09:42:44.979Z level=INFO source=node_exporter.go:141 msg=tapestats
2026-01-28T09:42:44.979112881Z time=2026-01-28T09:42:44.979Z level=INFO source=node_exporter.go:141 msg=textfile
2026-01-28T09:42:44.979112881Z time=2026-01-28T09:42:44.979Z level=INFO source=node_exporter.go:141 msg=thermal_zone
2026-01-28T09:42:44.979123091Z time=2026-01-28T09:42:44.979Z level=INFO source=node_exporter.go:141 msg=time
2026-01-28T09:42:44.979123091Z time=2026-01-28T09:42:44.979Z level=INFO source=node_exporter.go:141 msg=timex
2026-01-28T09:42:44.979123091Z time=2026-01-28T09:42:44.979Z level=INFO source=node_exporter.go:141 msg=udp_queues
2026-01-28T09:42:44.979133491Z time=2026-01-28T09:42:44.979Z level=INFO source=node_exporter.go:141 msg=uname
2026-01-28T09:42:44.979133491Z time=2026-01-28T09:42:44.979Z level=INFO source=node_exporter.go:141 msg=vmstat
2026-01-28T09:42:44.979143811Z time=2026-01-28T09:42:44.979Z level=INFO source=node_exporter.go:141 msg=watchdog
2026-01-28T09:42:44.979143811Z time=2026-01-28T09:42:44.979Z level=INFO source=node_exporter.go:141 msg=xfs
2026-01-28T09:42:44.979154271Z time=2026-01-28T09:42:44.979Z level=INFO source=node_exporter.go:141 msg=zfs
2026-01-28T09:42:44.979691581Z time=2026-01-28T09:42:44.979Z level=INFO source=tls_config.go:347 msg="Listening on" address=127.0.0.1:9100
2026-01-28T09:42:44.979691581Z time=2026-01-28T09:42:44.979Z level=INFO source=tls_config.go:350 msg="TLS is disabled." http2=false address=127.0.0.1:9100
