2026-01-28T09:31:55.832361034Z I0128 09:31:55.831663       1 main.go:83] Go Version: go1.24.11 (Red Hat 1.24.11-1.el9_6) X:strictfipsruntime
2026-01-28T09:31:55.832518281Z I0128 09:31:55.832505       1 main.go:84] Go OS/Arch: linux/amd64
2026-01-28T09:31:55.832546973Z I0128 09:31:55.832537       1 main.go:85] node-tuning Version: 5f4d569c
2026-01-28T09:31:55.904453031Z I0128 09:31:55.904406       1 leaderelection.go:121] The leader election gives 4 retries and allows for 30s of clock skew. The kube-apiserver downtime tolerance is 78s. Worst non-graceful lease acquisition is 2m43s. Worst graceful lease acquisition is {26s}.
2026-01-28T09:31:56.402997961Z I0128 09:31:56.402956       1 simple_featuregate_reader.go:171] Starting feature-gate-detector
2026-01-28T09:31:56.421200731Z I0128 09:31:56.407567       1 main.go:291] FeatureGates initialized: knownFeatureGates=[AdditionalRoutingCapabilities AdminNetworkPolicy AlibabaPlatform AzureWorkloadIdentity BuildCSIVolumes CPMSMachineNamePrefix ConsolePluginContentSecurityPolicy ExternalOIDC ExternalOIDCWithUIDAndExtraClaimMappings GatewayAPI GatewayAPIController HighlyAvailableArbiter ImageVolume IngressControllerLBSubnetsAWS KMSv1 MachineConfigNodes ManagedBootImages ManagedBootImagesAWS MetricsCollectionProfiles NetworkDiagnosticsConfig NetworkLiveMigration NetworkSegmentation NewOLM PinnedImages PreconfiguredUDNAddresses ProcMountType RouteAdvertisements RouteExternalCertificate ServiceAccountTokenNodeBinding SetEIPForNLBIngressController SigstoreImageVerification StoragePerformantSecurityPolicy UpgradeStatus UserNamespacesPodSecurityStandards UserNamespacesSupport VSphereMultiDisk VSphereMultiNetworks AWSClusterHostedDNS AWSClusterHostedDNSInstall AWSDedicatedHosts AWSServiceLBNetworkSecurityGroup AutomatedEtcdBackup AzureClusterHostedDNSInstall AzureDedicatedHosts AzureMultiDisk BootImageSkewEnforcement BootcNodeManagement ClusterAPIInstall ClusterAPIInstallIBMCloud ClusterMonitoringConfig ClusterVersionOperatorConfiguration DNSNameResolver DualReplica DyanmicServiceEndpointIBMCloud DynamicResourceAllocation EtcdBackendQuota EventedPLEG Example Example2 ExternalSnapshotMetadata GCPClusterHostedDNS GCPClusterHostedDNSInstall GCPCustomAPIEndpoints GCPCustomAPIEndpointsInstall ImageModeStatusReporting ImageStreamImportMode IngressControllerDynamicConfigurationManager InsightsConfig InsightsConfigAPI InsightsOnDemandDataGather IrreconcilableMachineConfig KMSEncryptionProvider MachineAPIMigration MachineAPIOperatorDisableMachineHealthCheckController ManagedBootImagesAzure ManagedBootImagesvSphere MaxUnavailableStatefulSet MinimumKubeletVersion MixedCPUsAllocation MultiArchInstallAzure MultiDiskSetup MutatingAdmissionPolicy NewOLMCatalogdAPIV1Metas NewOLMOwnSingleNamespace NewOLMPreflightPermissionChecks NewOLMWebhookProviderOpenshiftServiceCA NoRegistryClusterOperations NodeSwap NutanixMultiSubnets OVNObservability OpenShiftPodSecurityAdmission SELinuxMount ShortCertRotation SignatureStores SigstoreImageVerificationPKI TranslateStreamCloseWebsocketRequests VSphereConfigurableMaxAllowedBlockVolumesPerNode VSphereHostVMGroupZonal VSphereMixedNodeEnv VolumeAttributesClass VolumeGroupSnapshot]
2026-01-28T09:31:56.421200731Z {"level":"info","ts":"2026-01-28T09:31:56Z","logger":"controller-runtime.webhook","msg":"Registering webhook","path":"/convert"}
2026-01-28T09:31:56.421200731Z {"level":"info","ts":"2026-01-28T09:31:56Z","logger":"controller-runtime.builder","msg":"Conversion webhook enabled","GVK":"performance.openshift.io/v1, Kind=PerformanceProfile"}
2026-01-28T09:31:56.421200731Z {"level":"info","ts":"2026-01-28T09:31:56Z","logger":"controller-runtime.builder","msg":"Registering a validating webhook","GVK":"performance.openshift.io/v2, Kind=PerformanceProfile","path":"/validate-performance-openshift-io-v2-performanceprofile"}
2026-01-28T09:31:56.421200731Z {"level":"info","ts":"2026-01-28T09:31:56Z","logger":"controller-runtime.webhook","msg":"Registering webhook","path":"/validate-performance-openshift-io-v2-performanceprofile"}
2026-01-28T09:31:56.421200731Z {"level":"info","ts":"2026-01-28T09:31:56Z","logger":"controller-runtime.builder","msg":"Conversion webhook enabled","GVK":"performance.openshift.io/v2, Kind=PerformanceProfile"}
2026-01-28T09:31:56.421830892Z I0128 09:31:56.421797       1 event.go:377] Event(v1.ObjectReference{Kind:"Deployment", Namespace:"openshift-cluster-node-tuning-operator", Name:"cluster-node-tuning-operator", UID:"f0b05298-adbd-4b65-8e0e-2a89183e1c92", APIVersion:"apps/v1", ResourceVersion:"", FieldPath:""}): type: 'Normal' reason: 'FeatureGatesInitialized' FeatureGates updated to featuregates.Features{Enabled:[]v1.FeatureGateName{"AdditionalRoutingCapabilities", "AdminNetworkPolicy", "AlibabaPlatform", "AzureWorkloadIdentity", "BuildCSIVolumes", "CPMSMachineNamePrefix", "ConsolePluginContentSecurityPolicy", "ExternalOIDC", "ExternalOIDCWithUIDAndExtraClaimMappings", "GatewayAPI", "GatewayAPIController", "HighlyAvailableArbiter", "ImageVolume", "IngressControllerLBSubnetsAWS", "KMSv1", "MachineConfigNodes", "ManagedBootImages", "ManagedBootImagesAWS", "MetricsCollectionProfiles", "NetworkDiagnosticsConfig", "NetworkLiveMigration", "NetworkSegmentation", "NewOLM", "PinnedImages", "PreconfiguredUDNAddresses", "ProcMountType", "RouteAdvertisements", "RouteExternalCertificate", "ServiceAccountTokenNodeBinding", "SetEIPForNLBIngressController", "SigstoreImageVerification", "StoragePerformantSecurityPolicy", "UpgradeStatus", "UserNamespacesPodSecurityStandards", "UserNamespacesSupport", "VSphereMultiDisk", "VSphereMultiNetworks"}, Disabled:[]v1.FeatureGateName{"AWSClusterHostedDNS", "AWSClusterHostedDNSInstall", "AWSDedicatedHosts", "AWSServiceLBNetworkSecurityGroup", "AutomatedEtcdBackup", "AzureClusterHostedDNSInstall", "AzureDedicatedHosts", "AzureMultiDisk", "BootImageSkewEnforcement", "BootcNodeManagement", "ClusterAPIInstall", "ClusterAPIInstallIBMCloud", "ClusterMonitoringConfig", "ClusterVersionOperatorConfiguration", "DNSNameResolver", "DualReplica", "DyanmicServiceEndpointIBMCloud", "DynamicResourceAllocation", "EtcdBackendQuota", "EventedPLEG", "Example", "Example2", "ExternalSnapshotMetadata", "GCPClusterHostedDNS", "GCPClusterHostedDNSInstall", "GCPCustomAPIEndpoints", "GCPCustomAPIEndpointsInstall", "ImageModeStatusReporting", "ImageStreamImportMode", "IngressControllerDynamicConfigurationManager", "InsightsConfig", "InsightsConfigAPI", "InsightsOnDemandDataGather", "IrreconcilableMachineConfig", "KMSEncryptionProvider", "MachineAPIMigration", "MachineAPIOperatorDisableMachineHealthCheckController", "ManagedBootImagesAzure", "ManagedBootImagesvSphere", "MaxUnavailableStatefulSet", "MinimumKubeletVersion", "MixedCPUsAllocation", "MultiArchInstallAzure", "MultiDiskSetup", "MutatingAdmissionPolicy", "NewOLMCatalogdAPIV1Metas", "NewOLMOwnSingleNamespace", "NewOLMPreflightPermissionChecks", "NewOLMWebhookProviderOpenshiftServiceCA", "NoRegistryClusterOperations", "NodeSwap", "NutanixMultiSubnets", "OVNObservability", "OpenShiftPodSecurityAdmission", "SELinuxMount", "ShortCertRotation", "SignatureStores", "SigstoreImageVerificationPKI", "TranslateStreamCloseWebsocketRequests", "VSphereConfigurableMaxAllowedBlockVolumesPerNode", "VSphereHostVMGroupZonal", "VSphereMixedNodeEnv", "VolumeAttributesClass", "VolumeGroupSnapshot"}}
2026-01-28T09:31:56.422001081Z {"level":"info","ts":"2026-01-28T09:31:56Z","logger":"controller-runtime.metrics","msg":"Starting metrics server"}
2026-01-28T09:31:56.422640932Z {"level":"info","ts":"2026-01-28T09:31:56Z","logger":"controller-runtime.metrics","msg":"Serving metrics server","bindAddress":":8080","secure":false}
2026-01-28T09:31:56.422760208Z {"level":"info","ts":"2026-01-28T09:31:56Z","logger":"controller-runtime.webhook","msg":"Starting webhook server"}
2026-01-28T09:31:56.423312695Z {"level":"info","ts":"2026-01-28T09:31:56Z","logger":"controller-runtime.certwatcher","msg":"Updated current TLS certificate"}
2026-01-28T09:31:56.423508815Z {"level":"info","ts":"2026-01-28T09:31:56Z","logger":"controller-runtime.webhook","msg":"Serving webhook server","host":"","port":4343}
2026-01-28T09:31:56.423680924Z {"level":"info","ts":"2026-01-28T09:31:56Z","logger":"controller-runtime.certwatcher","msg":"Starting certificate poll+watcher","interval":10}
2026-01-28T09:31:56.423775749Z I0128 09:31:56.423761       1 leaderelection.go:257] attempting to acquire leader lease openshift-cluster-node-tuning-operator/node-tuning-operator-lock...
2026-01-28T09:31:56.442325596Z I0128 09:31:56.442294       1 leaderelection.go:271] successfully acquired lease openshift-cluster-node-tuning-operator/node-tuning-operator-lock
2026-01-28T09:31:56.442611921Z I0128 09:31:56.442594       1 controller.go:1331] starting Tuned controller
2026-01-28T09:31:56.443408650Z {"level":"info","ts":"2026-01-28T09:31:56Z","msg":"Starting EventSource","controller":"performanceprofile","controllerGroup":"performance.openshift.io","controllerKind":"PerformanceProfile","source":"kind source: *v1.Profile"}
2026-01-28T09:31:56.849710445Z {"level":"info","ts":"2026-01-28T09:31:56Z","msg":"Starting EventSource","controller":"performanceprofile","controllerGroup":"performance.openshift.io","controllerKind":"PerformanceProfile","source":"kind source: *v2.PerformanceProfile"}
2026-01-28T09:31:56.849710445Z {"level":"info","ts":"2026-01-28T09:31:56Z","msg":"Starting EventSource","controller":"performanceprofile","controllerGroup":"performance.openshift.io","controllerKind":"PerformanceProfile","source":"kind source: *v1.MachineConfig"}
2026-01-28T09:31:56.849710445Z {"level":"info","ts":"2026-01-28T09:31:56Z","msg":"Starting EventSource","controller":"performanceprofile","controllerGroup":"performance.openshift.io","controllerKind":"PerformanceProfile","source":"kind source: *v1.KubeletConfig"}
2026-01-28T09:31:56.849710445Z {"level":"info","ts":"2026-01-28T09:31:56Z","msg":"Starting EventSource","controller":"performanceprofile","controllerGroup":"performance.openshift.io","controllerKind":"PerformanceProfile","source":"kind source: *v1.Tuned"}
2026-01-28T09:31:56.849710445Z {"level":"info","ts":"2026-01-28T09:31:56Z","msg":"Starting EventSource","controller":"performanceprofile","controllerGroup":"performance.openshift.io","controllerKind":"PerformanceProfile","source":"kind source: *v1.RuntimeClass"}
2026-01-28T09:31:56.849710445Z {"level":"info","ts":"2026-01-28T09:31:56Z","msg":"Starting EventSource","controller":"performanceprofile","controllerGroup":"performance.openshift.io","controllerKind":"PerformanceProfile","source":"kind source: *v1.MachineConfigPool"}
2026-01-28T09:31:57.056164861Z I0128 09:31:57.056113       1 controller.go:1452] started events processor/controller
2026-01-28T09:31:57.428404299Z I0128 09:31:57.404136       1 server.go:137] starting metrics server
2026-01-28T09:31:57.554694638Z {"level":"info","ts":"2026-01-28T09:31:57Z","msg":"Starting Controller","controller":"performanceprofile","controllerGroup":"performance.openshift.io","controllerKind":"PerformanceProfile"}
2026-01-28T09:31:57.554741371Z {"level":"info","ts":"2026-01-28T09:31:57Z","msg":"Starting workers","controller":"performanceprofile","controllerGroup":"performance.openshift.io","controllerKind":"PerformanceProfile","worker count":1}
2026-01-28T09:31:57.670159511Z I0128 09:31:57.669781       1 controller.go:662] created profile ip-10-0-102-200.us-west-1.compute.internal [openshift-control-plane]
2026-01-28T09:31:57.691857105Z I0128 09:31:57.691825       1 controller.go:662] created profile ip-10-0-108-54.us-west-1.compute.internal [openshift-control-plane]
2026-01-28T09:31:57.711099557Z I0128 09:31:57.708050       1 controller.go:662] created profile ip-10-0-3-203.us-west-1.compute.internal [openshift-control-plane]
2026-01-28T09:31:57.784744741Z I0128 09:31:57.784697       1 controller.go:740] updated profile ip-10-0-102-200.us-west-1.compute.internal [openshift-control-plane] (deferred=never)
2026-01-28T09:31:57.801326172Z I0128 09:31:57.800278       1 controller.go:740] updated profile ip-10-0-108-54.us-west-1.compute.internal [openshift-control-plane] (deferred=never)
2026-01-28T09:31:57.856538974Z I0128 09:31:57.856328       1 controller.go:740] updated profile ip-10-0-3-203.us-west-1.compute.internal [openshift-control-plane] (deferred=never)
2026-01-28T09:35:53.580117863Z I0128 09:35:53.579799       1 server.go:214] restarting metrics server to rotate certificates
2026-01-28T09:35:53.580182156Z I0128 09:35:53.580168       1 server.go:146] stopping metrics server
2026-01-28T09:35:53.580468670Z I0128 09:35:53.580451       1 server.go:137] starting metrics server
2026-01-28T09:36:10.917051472Z I0128 09:36:10.916927       1 controller.go:662] created profile ip-10-0-78-215.us-west-1.compute.internal [openshift-node]
2026-01-28T09:36:10.976112091Z I0128 09:36:10.975257       1 controller.go:740] updated profile ip-10-0-78-215.us-west-1.compute.internal [openshift-node] (deferred=never)
2026-01-28T09:41:46.549583156Z I0128 09:41:46.549535       1 controller.go:662] created profile ip-10-0-101-165.us-west-1.compute.internal [openshift-node]
2026-01-28T09:41:46.606054239Z I0128 09:41:46.605974       1 controller.go:740] updated profile ip-10-0-101-165.us-west-1.compute.internal [openshift-node] (deferred=never)
2026-01-28T09:41:49.231622995Z I0128 09:41:49.231586       1 controller.go:662] created profile ip-10-0-22-208.us-west-1.compute.internal [openshift-node]
2026-01-28T09:41:49.284179833Z I0128 09:41:49.283666       1 controller.go:740] updated profile ip-10-0-22-208.us-west-1.compute.internal [openshift-node] (deferred=never)
