2026-01-28T09:54:27.151159209Z W0128 09:54:27.151029       1 cmd.go:257] Using insecure, self-signed certificates
2026-01-28T09:54:27.151410334Z I0128 09:54:27.151393       1 crypto.go:594] Generating new CA for check-endpoints-signer@1769594067 cert, and key in /tmp/serving-cert-1975645941/serving-signer.crt, /tmp/serving-cert-1975645941/serving-signer.key
2026-01-28T09:54:27.151441835Z Validity period of the certificate for "check-endpoints-signer@1769594067" is unset, resetting to 43800h0m0s!
2026-01-28T09:54:27.465998419Z I0128 09:54:27.465948       1 observer_polling.go:159] Starting file observer
2026-01-28T09:54:27.466361817Z I0128 09:54:27.466330       1 envvar.go:172] "Feature gate default state" feature="ClientsPreferCBOR" enabled=false
2026-01-28T09:54:27.466426479Z I0128 09:54:27.466411       1 envvar.go:172] "Feature gate default state" feature="InformerResourceVersion" enabled=false
2026-01-28T09:54:27.466467459Z I0128 09:54:27.466455       1 envvar.go:172] "Feature gate default state" feature="InOrderInformers" enabled=true
2026-01-28T09:54:27.466498040Z I0128 09:54:27.466487       1 envvar.go:172] "Feature gate default state" feature="WatchListClient" enabled=false
2026-01-28T09:54:27.466528351Z I0128 09:54:27.466517       1 envvar.go:172] "Feature gate default state" feature="ClientsAllowCBOR" enabled=false
2026-01-28T09:54:27.778826996Z W0128 09:54:27.778733       1 builder.go:272] unable to get owner reference (falling back to namespace): pods "kube-apiserver-ip-10-0-3-203.us-west-1.compute.internal" is forbidden: User "system:serviceaccount:openshift-kube-apiserver:check-endpoints" cannot get resource "pods" in API group "" in the namespace "openshift-kube-apiserver"
2026-01-28T09:54:27.779537931Z I0128 09:54:27.779500       1 builder.go:304] check-endpoints version 4.20.0-202601161812.p2.g974542a.assembly.stream.el9-974542a-974542ae2ef86a631546b3a48fd0da3c2e3b74dd
2026-01-28T09:54:27.785133633Z I0128 09:54:27.785106       1 dynamic_serving_content.go:116] "Loaded a new cert/key pair" name="serving-cert::/tmp/serving-cert-1975645941/tls.crt::/tmp/serving-cert-1975645941/tls.key"
2026-01-28T09:54:28.519215894Z I0128 09:54:28.519174       1 requestheader_controller.go:255] Loaded a new request header values for RequestHeaderAuthRequestController
2026-01-28T09:54:28.520796999Z I0128 09:54:28.520769       1 maxinflight.go:139] "Initialized nonMutatingChan" len=400
2026-01-28T09:54:28.520847910Z I0128 09:54:28.520827       1 maxinflight.go:145] "Initialized mutatingChan" len=200
2026-01-28T09:54:28.520941832Z I0128 09:54:28.520925       1 maxinflight.go:116] "Set denominator for readonly requests" limit=400
2026-01-28T09:54:28.520964372Z I0128 09:54:28.520952       1 maxinflight.go:120] "Set denominator for mutating requests" limit=200
2026-01-28T09:54:28.524405327Z I0128 09:54:28.524382       1 secure_serving.go:57] Forcing use of http/1.1 only
2026-01-28T09:54:28.524502399Z W0128 09:54:28.524488       1 secure_serving.go:69] Use of insecure cipher 'TLS_ECDHE_ECDSA_WITH_AES_128_CBC_SHA256' detected.
2026-01-28T09:54:28.524537250Z W0128 09:54:28.524525       1 secure_serving.go:69] Use of insecure cipher 'TLS_ECDHE_RSA_WITH_AES_128_CBC_SHA256' detected.
2026-01-28T09:54:28.524574881Z W0128 09:54:28.524562       1 secure_serving.go:69] Use of insecure cipher 'TLS_RSA_WITH_AES_128_GCM_SHA256' detected.
2026-01-28T09:54:28.524604102Z W0128 09:54:28.524593       1 secure_serving.go:69] Use of insecure cipher 'TLS_RSA_WITH_AES_256_GCM_SHA384' detected.
2026-01-28T09:54:28.524635772Z W0128 09:54:28.524621       1 secure_serving.go:69] Use of insecure cipher 'TLS_RSA_WITH_AES_128_CBC_SHA' detected.
2026-01-28T09:54:28.524687724Z W0128 09:54:28.524676       1 secure_serving.go:69] Use of insecure cipher 'TLS_RSA_WITH_AES_256_CBC_SHA' detected.
2026-01-28T09:54:28.528451175Z I0128 09:54:28.528428       1 genericapiserver.go:546] MuxAndDiscoveryComplete has all endpoints registered and discovery information is complete
2026-01-28T09:54:28.531040982Z I0128 09:54:28.531021       1 requestheader_controller.go:180] Starting RequestHeaderAuthRequestController
2026-01-28T09:54:28.531110893Z I0128 09:54:28.531095       1 shared_informer.go:350] "Waiting for caches to sync" controller="RequestHeaderAuthRequestController"
2026-01-28T09:54:28.531179655Z I0128 09:54:28.531154       1 configmap_cafile_content.go:205] "Starting controller" name="client-ca::kube-system::extension-apiserver-authentication::requestheader-client-ca-file"
2026-01-28T09:54:28.531193855Z I0128 09:54:28.531177       1 shared_informer.go:350] "Waiting for caches to sync" controller="client-ca::kube-system::extension-apiserver-authentication::requestheader-client-ca-file"
2026-01-28T09:54:28.531344598Z I0128 09:54:28.531324       1 tlsconfig.go:203] "Loaded serving cert" certName="serving-cert::/tmp/serving-cert-1975645941/tls.crt::/tmp/serving-cert-1975645941/tls.key" certDetail="\"localhost\" [serving] validServingFor=[localhost] issuer=\"check-endpoints-signer@1769594067\" (2026-01-28 09:54:26 +0000 UTC to 2026-01-28 09:54:27 +0000 UTC (now=2026-01-28 09:54:28.531299957 +0000 UTC))"
2026-01-28T09:54:28.531433350Z I0128 09:54:28.531405       1 configmap_cafile_content.go:205] "Starting controller" name="client-ca::kube-system::extension-apiserver-authentication::client-ca-file"
2026-01-28T09:54:28.531450661Z I0128 09:54:28.531429       1 shared_informer.go:350] "Waiting for caches to sync" controller="client-ca::kube-system::extension-apiserver-authentication::client-ca-file"
2026-01-28T09:54:28.531506462Z I0128 09:54:28.531458       1 dynamic_serving_content.go:135] "Starting controller" name="serving-cert::/tmp/serving-cert-1975645941/tls.crt::/tmp/serving-cert-1975645941/tls.key"
2026-01-28T09:54:28.531667045Z I0128 09:54:28.531650       1 named_certificates.go:53] "Loaded SNI cert" index=0 certName="self-signed loopback" certDetail="\"apiserver-loopback-client@1769594068\" [serving] validServingFor=[apiserver-loopback-client] issuer=\"apiserver-loopback-client-ca@1769594068\" (2026-01-28 08:54:27 +0000 UTC to 2029-01-28 08:54:27 +0000 UTC (now=2026-01-28 09:54:28.531630155 +0000 UTC))"
2026-01-28T09:54:28.531756167Z I0128 09:54:28.531740       1 secure_serving.go:211] Serving securely on [::]:17697
2026-01-28T09:54:28.531806348Z I0128 09:54:28.531793       1 genericapiserver.go:696] [graceful-termination] waiting for shutdown to be initiated
2026-01-28T09:54:28.531853079Z I0128 09:54:28.531838       1 tlsconfig.go:243] "Starting DynamicServingCertificateController"
2026-01-28T09:54:28.533318151Z I0128 09:54:28.533297       1 reflector.go:430] "Caches populated" type="*v1.ConfigMap" reflector="k8s.io/client-go@v0.33.2/tools/cache/reflector.go:285"
2026-01-28T09:54:28.533814432Z I0128 09:54:28.533787       1 reflector.go:430] "Caches populated" type="*v1.ConfigMap" reflector="k8s.io/client-go@v0.33.2/tools/cache/reflector.go:285"
2026-01-28T09:54:28.533925885Z I0128 09:54:28.533880       1 base_controller.go:76] Waiting for caches to sync for CheckEndpointsTimeToStart
2026-01-28T09:54:28.534060357Z I0128 09:54:28.534040       1 reflector.go:430] "Caches populated" type="*v1.ConfigMap" reflector="k8s.io/client-go@v0.33.2/tools/cache/reflector.go:285"
2026-01-28T09:54:28.632866197Z I0128 09:54:28.631261       1 shared_informer.go:357] "Caches are synced" controller="client-ca::kube-system::extension-apiserver-authentication::requestheader-client-ca-file"
2026-01-28T09:54:28.632866197Z I0128 09:54:28.631482       1 tlsconfig.go:181] "Loaded client CA" index=0 certName="client-ca::kube-system::extension-apiserver-authentication::client-ca-file,client-ca::kube-system::extension-apiserver-authentication::requestheader-client-ca-file" certDetail="\"aggregator-signer\" [] issuer=\"<self>\" (2026-01-28 09:13:04 +0000 UTC to 2026-01-29 09:13:04 +0000 UTC (now=2026-01-28 09:54:28.631455056 +0000 UTC))"
2026-01-28T09:54:28.632866197Z I0128 09:54:28.631709       1 tlsconfig.go:203] "Loaded serving cert" certName="serving-cert::/tmp/serving-cert-1975645941/tls.crt::/tmp/serving-cert-1975645941/tls.key" certDetail="\"localhost\" [serving] validServingFor=[localhost] issuer=\"check-endpoints-signer@1769594067\" (2026-01-28 09:54:26 +0000 UTC to 2026-01-28 09:54:27 +0000 UTC (now=2026-01-28 09:54:28.631693901 +0000 UTC))"
2026-01-28T09:54:28.632866197Z I0128 09:54:28.631910       1 named_certificates.go:53] "Loaded SNI cert" index=0 certName="self-signed loopback" certDetail="\"apiserver-loopback-client@1769594068\" [serving] validServingFor=[apiserver-loopback-client] issuer=\"apiserver-loopback-client-ca@1769594068\" (2026-01-28 08:54:27 +0000 UTC to 2029-01-28 08:54:27 +0000 UTC (now=2026-01-28 09:54:28.631876836 +0000 UTC))"
2026-01-28T09:54:28.632866197Z I0128 09:54:28.631936       1 shared_informer.go:357] "Caches are synced" controller="RequestHeaderAuthRequestController"
2026-01-28T09:54:28.632866197Z I0128 09:54:28.632001       1 shared_informer.go:357] "Caches are synced" controller="client-ca::kube-system::extension-apiserver-authentication::client-ca-file"
2026-01-28T09:54:28.632866197Z I0128 09:54:28.632321       1 tlsconfig.go:181] "Loaded client CA" index=0 certName="client-ca::kube-system::extension-apiserver-authentication::client-ca-file,client-ca::kube-system::extension-apiserver-authentication::requestheader-client-ca-file" certDetail="\"admin-kubeconfig-signer\" [] issuer=\"<self>\" (2026-01-28 09:13:02 +0000 UTC to 2036-01-26 09:13:02 +0000 UTC (now=2026-01-28 09:54:28.632305005 +0000 UTC))"
2026-01-28T09:54:28.632866197Z I0128 09:54:28.632342       1 tlsconfig.go:181] "Loaded client CA" index=1 certName="client-ca::kube-system::extension-apiserver-authentication::client-ca-file,client-ca::kube-system::extension-apiserver-authentication::requestheader-client-ca-file" certDetail="\"kubelet-signer\" [] issuer=\"<self>\" (2026-01-28 09:13:06 +0000 UTC to 2026-01-29 09:13:06 +0000 UTC (now=2026-01-28 09:54:28.632330326 +0000 UTC))"
2026-01-28T09:54:28.632866197Z I0128 09:54:28.632360       1 tlsconfig.go:181] "Loaded client CA" index=2 certName="client-ca::kube-system::extension-apiserver-authentication::client-ca-file,client-ca::kube-system::extension-apiserver-authentication::requestheader-client-ca-file" certDetail="\"kube-control-plane-signer\" [] issuer=\"<self>\" (2026-01-28 09:13:06 +0000 UTC to 2027-01-28 09:13:06 +0000 UTC (now=2026-01-28 09:54:28.632349396 +0000 UTC))"
2026-01-28T09:54:28.632866197Z I0128 09:54:28.632376       1 tlsconfig.go:181] "Loaded client CA" index=3 certName="client-ca::kube-system::extension-apiserver-authentication::client-ca-file,client-ca::kube-system::extension-apiserver-authentication::requestheader-client-ca-file" certDetail="\"kube-apiserver-to-kubelet-signer\" [] issuer=\"<self>\" (2026-01-28 09:13:07 +0000 UTC to 2027-01-28 09:13:07 +0000 UTC (now=2026-01-28 09:54:28.632365656 +0000 UTC))"
2026-01-28T09:54:28.632866197Z I0128 09:54:28.632391       1 tlsconfig.go:181] "Loaded client CA" index=4 certName="client-ca::kube-system::extension-apiserver-authentication::client-ca-file,client-ca::kube-system::extension-apiserver-authentication::requestheader-client-ca-file" certDetail="\"kubelet-bootstrap-kubeconfig-signer\" [] issuer=\"<self>\" (2026-01-28 09:13:03 +0000 UTC to 2036-01-26 09:13:03 +0000 UTC (now=2026-01-28 09:54:28.632380856 +0000 UTC))"
2026-01-28T09:54:28.632866197Z I0128 09:54:28.632407       1 tlsconfig.go:181] "Loaded client CA" index=5 certName="client-ca::kube-system::extension-apiserver-authentication::client-ca-file,client-ca::kube-system::extension-apiserver-authentication::requestheader-client-ca-file" certDetail="\"kube-csr-signer_@1769592636\" [] issuer=\"kubelet-signer\" (2026-01-28 09:30:35 +0000 UTC to 2026-01-29 09:13:06 +0000 UTC (now=2026-01-28 09:54:28.632396717 +0000 UTC))"
2026-01-28T09:54:28.632866197Z I0128 09:54:28.632425       1 tlsconfig.go:181] "Loaded client CA" index=6 certName="client-ca::kube-system::extension-apiserver-authentication::client-ca-file,client-ca::kube-system::extension-apiserver-authentication::requestheader-client-ca-file" certDetail="\"openshift-kube-apiserver-operator_node-system-admin-signer@1769592635\" [] issuer=\"<self>\" (2026-01-28 09:30:35 +0000 UTC to 2029-01-27 09:30:36 +0000 UTC (now=2026-01-28 09:54:28.632413827 +0000 UTC))"
2026-01-28T09:54:28.632866197Z I0128 09:54:28.632440       1 tlsconfig.go:181] "Loaded client CA" index=7 certName="client-ca::kube-system::extension-apiserver-authentication::client-ca-file,client-ca::kube-system::extension-apiserver-authentication::requestheader-client-ca-file" certDetail="\"aggregator-signer\" [] issuer=\"<self>\" (2026-01-28 09:13:04 +0000 UTC to 2026-01-29 09:13:04 +0000 UTC (now=2026-01-28 09:54:28.632430778 +0000 UTC))"
2026-01-28T09:54:28.632866197Z I0128 09:54:28.632629       1 tlsconfig.go:203] "Loaded serving cert" certName="serving-cert::/tmp/serving-cert-1975645941/tls.crt::/tmp/serving-cert-1975645941/tls.key" certDetail="\"localhost\" [serving] validServingFor=[localhost] issuer=\"check-endpoints-signer@1769594067\" (2026-01-28 09:54:26 +0000 UTC to 2026-01-28 09:54:27 +0000 UTC (now=2026-01-28 09:54:28.632615062 +0000 UTC))"
2026-01-28T09:54:28.632866197Z I0128 09:54:28.632820       1 named_certificates.go:53] "Loaded SNI cert" index=0 certName="self-signed loopback" certDetail="\"apiserver-loopback-client@1769594068\" [serving] validServingFor=[apiserver-loopback-client] issuer=\"apiserver-loopback-client-ca@1769594068\" (2026-01-28 08:54:27 +0000 UTC to 2029-01-28 08:54:27 +0000 UTC (now=2026-01-28 09:54:28.632805806 +0000 UTC))"
2026-01-28T09:54:28.914303281Z I0128 09:54:28.914254       1 reflector.go:430] "Caches populated" type="*v1.CustomResourceDefinition" reflector="k8s.io/client-go@v0.33.2/tools/cache/reflector.go:285"
2026-01-28T09:54:28.939072579Z I0128 09:54:28.938967       1 base_controller.go:82] Caches are synced for CheckEndpointsTimeToStart 
2026-01-28T09:54:28.939072579Z I0128 09:54:28.938994       1 base_controller.go:119] Starting #1 worker of CheckEndpointsTimeToStart controller ...
