2026-01-28T09:31:52.556664023Z I0128 09:31:52.556510       1 cmd.go:253] Using service-serving-cert provided certificates
2026-01-28T09:31:52.556891254Z I0128 09:31:52.556867       1 leaderelection.go:121] The leader election gives 4 retries and allows for 30s of clock skew. The kube-apiserver downtime tolerance is 78s. Worst non-graceful lease acquisition is 2m43s. Worst graceful lease acquisition is {26s}.
2026-01-28T09:31:52.559231080Z I0128 09:31:52.559211       1 observer_polling.go:159] Starting file observer
2026-01-28T09:31:52.622788785Z I0128 09:31:52.622579       1 builder.go:304] openshift-kube-storage-version-migrator-operator version 4.20.0-202601161812.p2.g5adc142.assembly.stream.el9-5adc142-5adc14299739bc64c8812cbab0b0ff2d12863602
2026-01-28T09:31:53.582095734Z I0128 09:31:53.581232       1 secure_serving.go:57] Forcing use of http/1.1 only
2026-01-28T09:31:53.582095734Z W0128 09:31:53.581461       1 secure_serving.go:69] Use of insecure cipher 'TLS_ECDHE_ECDSA_WITH_AES_128_CBC_SHA256' detected.
2026-01-28T09:31:53.582095734Z W0128 09:31:53.581469       1 secure_serving.go:69] Use of insecure cipher 'TLS_ECDHE_RSA_WITH_AES_128_CBC_SHA256' detected.
2026-01-28T09:31:53.582095734Z W0128 09:31:53.581474       1 secure_serving.go:69] Use of insecure cipher 'TLS_RSA_WITH_AES_128_GCM_SHA256' detected.
2026-01-28T09:31:53.582095734Z W0128 09:31:53.581478       1 secure_serving.go:69] Use of insecure cipher 'TLS_RSA_WITH_AES_256_GCM_SHA384' detected.
2026-01-28T09:31:53.582095734Z W0128 09:31:53.581481       1 secure_serving.go:69] Use of insecure cipher 'TLS_RSA_WITH_AES_128_CBC_SHA' detected.
2026-01-28T09:31:53.582095734Z W0128 09:31:53.581485       1 secure_serving.go:69] Use of insecure cipher 'TLS_RSA_WITH_AES_256_CBC_SHA' detected.
2026-01-28T09:31:53.596677166Z I0128 09:31:53.596644       1 leaderelection.go:254] attempting to acquire leader lease openshift-kube-storage-version-migrator-operator/openshift-kube-storage-version-migrator-operator-lock...
2026-01-28T09:31:53.597569990Z I0128 09:31:53.597552       1 requestheader_controller.go:172] Starting RequestHeaderAuthRequestController
2026-01-28T09:31:53.597773320Z I0128 09:31:53.597761       1 shared_informer.go:313] Waiting for caches to sync for RequestHeaderAuthRequestController
2026-01-28T09:31:53.597813582Z I0128 09:31:53.597655       1 configmap_cafile_content.go:205] "Starting controller" name="client-ca::kube-system::extension-apiserver-authentication::client-ca-file"
2026-01-28T09:31:53.597869675Z I0128 09:31:53.597858       1 shared_informer.go:313] Waiting for caches to sync for client-ca::kube-system::extension-apiserver-authentication::client-ca-file
2026-01-28T09:31:53.597899426Z I0128 09:31:53.597695       1 configmap_cafile_content.go:205] "Starting controller" name="client-ca::kube-system::extension-apiserver-authentication::requestheader-client-ca-file"
2026-01-28T09:31:53.597935778Z I0128 09:31:53.597923       1 shared_informer.go:313] Waiting for caches to sync for client-ca::kube-system::extension-apiserver-authentication::requestheader-client-ca-file
2026-01-28T09:31:53.630348292Z I0128 09:31:53.630315       1 secure_serving.go:213] Serving securely on [::]:8443
2026-01-28T09:31:53.630449497Z I0128 09:31:53.630434       1 dynamic_serving_content.go:135] "Starting controller" name="serving-cert::/var/run/secrets/serving-cert/tls.crt::/var/run/secrets/serving-cert/tls.key"
2026-01-28T09:31:53.630706349Z I0128 09:31:53.630691       1 tlsconfig.go:243] "Starting DynamicServingCertificateController"
2026-01-28T09:31:53.705621767Z I0128 09:31:53.705464       1 leaderelection.go:268] successfully acquired lease openshift-kube-storage-version-migrator-operator/openshift-kube-storage-version-migrator-operator-lock
2026-01-28T09:31:53.707666898Z I0128 09:31:53.707629       1 event.go:377] Event(v1.ObjectReference{Kind:"Lease", Namespace:"openshift-kube-storage-version-migrator-operator", Name:"openshift-kube-storage-version-migrator-operator-lock", UID:"6cb44a6e-9d25-44f8-a89c-d465ad8800b6", APIVersion:"coordination.k8s.io/v1", ResourceVersion:"9768", FieldPath:""}): type: 'Normal' reason: 'LeaderElection' kube-storage-version-migrator-operator-fd7dc879c-k2xj9_ef65a11e-9625-45ac-865c-046d35cad2c2 became leader
2026-01-28T09:31:53.719191488Z I0128 09:31:53.719170       1 shared_informer.go:320] Caches are synced for client-ca::kube-system::extension-apiserver-authentication::client-ca-file
2026-01-28T09:31:53.793679434Z I0128 09:31:53.793643       1 shared_informer.go:320] Caches are synced for client-ca::kube-system::extension-apiserver-authentication::requestheader-client-ca-file
2026-01-28T09:31:53.862812195Z I0128 09:31:53.851408       1 shared_informer.go:320] Caches are synced for RequestHeaderAuthRequestController
2026-01-28T09:31:53.862861427Z I0128 09:31:53.862164       1 base_controller.go:76] Waiting for caches to sync for LoggingSyncer
2026-01-28T09:31:53.948237252Z I0128 09:31:53.948187       1 base_controller.go:76] Waiting for caches to sync for StaticConditionsController
2026-01-28T09:31:53.948501795Z I0128 09:31:53.948485       1 base_controller.go:76] Waiting for caches to sync for StatusSyncer_kube-storage-version-migrator
2026-01-28T09:31:53.948653092Z I0128 09:31:53.948638       1 base_controller.go:76] Waiting for caches to sync for KubeStorageVersionMigratorStaticResources-StaticResources
2026-01-28T09:31:53.948729136Z I0128 09:31:53.948694       1 base_controller.go:76] Waiting for caches to sync for KubeStorageVersionMigrator
2026-01-28T09:31:53.948799460Z I0128 09:31:53.948773       1 base_controller.go:76] Waiting for caches to sync for kube-storage-version-migrator-RemoveStaleConditions
2026-01-28T09:31:54.111357133Z I0128 09:31:54.111321       1 base_controller.go:82] Caches are synced for LoggingSyncer 
2026-01-28T09:31:54.111408446Z I0128 09:31:54.111395       1 base_controller.go:119] Starting #1 worker of LoggingSyncer controller ...
2026-01-28T09:31:54.111794965Z I0128 09:31:54.111779       1 base_controller.go:82] Caches are synced for kube-storage-version-migrator-RemoveStaleConditions 
2026-01-28T09:31:54.111826977Z I0128 09:31:54.111817       1 base_controller.go:119] Starting #1 worker of kube-storage-version-migrator-RemoveStaleConditions controller ...
2026-01-28T09:31:54.111859268Z I0128 09:31:54.111849       1 base_controller.go:82] Caches are synced for StaticConditionsController 
2026-01-28T09:31:54.111881539Z I0128 09:31:54.111873       1 base_controller.go:119] Starting #1 worker of StaticConditionsController controller ...
2026-01-28T09:31:54.112050388Z I0128 09:31:54.112013       1 base_controller.go:82] Caches are synced for StatusSyncer_kube-storage-version-migrator 
2026-01-28T09:31:54.112089260Z I0128 09:31:54.112077       1 base_controller.go:119] Starting #1 worker of StatusSyncer_kube-storage-version-migrator controller ...
2026-01-28T09:31:54.112128732Z I0128 09:31:54.112116       1 base_controller.go:82] Caches are synced for KubeStorageVersionMigratorStaticResources-StaticResources 
2026-01-28T09:31:54.112157523Z I0128 09:31:54.112146       1 base_controller.go:119] Starting #1 worker of KubeStorageVersionMigratorStaticResources-StaticResources controller ...
2026-01-28T09:31:54.112193605Z I0128 09:31:54.112183       1 base_controller.go:82] Caches are synced for KubeStorageVersionMigrator 
2026-01-28T09:31:54.112221516Z I0128 09:31:54.112210       1 base_controller.go:119] Starting #1 worker of KubeStorageVersionMigrator controller ...
2026-01-28T09:35:53.608006618Z I0128 09:35:53.607675       1 tlsconfig.go:181] "Loaded client CA" index=0 certName="client-ca::kube-system::extension-apiserver-authentication::client-ca-file,client-ca::kube-system::extension-apiserver-authentication::requestheader-client-ca-file" certDetail="\"admin-kubeconfig-signer\" [] issuer=\"<self>\" (2026-01-28 09:13:02 +0000 UTC to 2036-01-26 09:13:02 +0000 UTC (now=2026-01-28 09:35:53.607637509 +0000 UTC))"
2026-01-28T09:35:53.608082652Z I0128 09:35:53.608003       1 tlsconfig.go:181] "Loaded client CA" index=1 certName="client-ca::kube-system::extension-apiserver-authentication::client-ca-file,client-ca::kube-system::extension-apiserver-authentication::requestheader-client-ca-file" certDetail="\"kubelet-signer\" [] issuer=\"<self>\" (2026-01-28 09:13:06 +0000 UTC to 2026-01-29 09:13:06 +0000 UTC (now=2026-01-28 09:35:53.607986647 +0000 UTC))"
2026-01-28T09:35:53.608082652Z I0128 09:35:53.608041       1 tlsconfig.go:181] "Loaded client CA" index=2 certName="client-ca::kube-system::extension-apiserver-authentication::client-ca-file,client-ca::kube-system::extension-apiserver-authentication::requestheader-client-ca-file" certDetail="\"kube-control-plane-signer\" [] issuer=\"<self>\" (2026-01-28 09:13:06 +0000 UTC to 2027-01-28 09:13:06 +0000 UTC (now=2026-01-28 09:35:53.608009318 +0000 UTC))"
2026-01-28T09:35:53.608082652Z I0128 09:35:53.608062       1 tlsconfig.go:181] "Loaded client CA" index=3 certName="client-ca::kube-system::extension-apiserver-authentication::client-ca-file,client-ca::kube-system::extension-apiserver-authentication::requestheader-client-ca-file" certDetail="\"kube-apiserver-to-kubelet-signer\" [] issuer=\"<self>\" (2026-01-28 09:13:07 +0000 UTC to 2027-01-28 09:13:07 +0000 UTC (now=2026-01-28 09:35:53.60804953 +0000 UTC))"
2026-01-28T09:35:53.608101623Z I0128 09:35:53.608080       1 tlsconfig.go:181] "Loaded client CA" index=4 certName="client-ca::kube-system::extension-apiserver-authentication::client-ca-file,client-ca::kube-system::extension-apiserver-authentication::requestheader-client-ca-file" certDetail="\"kubelet-bootstrap-kubeconfig-signer\" [] issuer=\"<self>\" (2026-01-28 09:13:03 +0000 UTC to 2036-01-26 09:13:03 +0000 UTC (now=2026-01-28 09:35:53.608069071 +0000 UTC))"
2026-01-28T09:35:53.608101623Z I0128 09:35:53.608098       1 tlsconfig.go:181] "Loaded client CA" index=5 certName="client-ca::kube-system::extension-apiserver-authentication::client-ca-file,client-ca::kube-system::extension-apiserver-authentication::requestheader-client-ca-file" certDetail="\"kube-csr-signer_@1769592636\" [] issuer=\"kubelet-signer\" (2026-01-28 09:30:35 +0000 UTC to 2026-01-29 09:13:06 +0000 UTC (now=2026-01-28 09:35:53.608086482 +0000 UTC))"
2026-01-28T09:35:53.608172996Z I0128 09:35:53.608116       1 tlsconfig.go:181] "Loaded client CA" index=6 certName="client-ca::kube-system::extension-apiserver-authentication::client-ca-file,client-ca::kube-system::extension-apiserver-authentication::requestheader-client-ca-file" certDetail="\"openshift-kube-apiserver-operator_node-system-admin-signer@1769592635\" [] issuer=\"<self>\" (2026-01-28 09:30:35 +0000 UTC to 2029-01-27 09:30:36 +0000 UTC (now=2026-01-28 09:35:53.608103303 +0000 UTC))"
2026-01-28T09:35:53.608172996Z I0128 09:35:53.608135       1 tlsconfig.go:181] "Loaded client CA" index=7 certName="client-ca::kube-system::extension-apiserver-authentication::client-ca-file,client-ca::kube-system::extension-apiserver-authentication::requestheader-client-ca-file" certDetail="\"aggregator-signer\" [] issuer=\"<self>\" (2026-01-28 09:13:04 +0000 UTC to 2026-01-29 09:13:04 +0000 UTC (now=2026-01-28 09:35:53.608123874 +0000 UTC))"
2026-01-28T09:35:53.608380406Z I0128 09:35:53.608346       1 tlsconfig.go:203] "Loaded serving cert" certName="serving-cert::/var/run/secrets/serving-cert/tls.crt::/var/run/secrets/serving-cert/tls.key" certDetail="\"metrics.openshift-kube-storage-version-migrator-operator.svc\" [serving] validServingFor=[metrics.openshift-kube-storage-version-migrator-operator.svc,metrics.openshift-kube-storage-version-migrator-operator.svc.cluster.local] issuer=\"openshift-service-serving-signer@1769592635\" (2026-01-28 09:30:46 +0000 UTC to 2028-01-28 09:30:47 +0000 UTC (now=2026-01-28 09:35:53.608331914 +0000 UTC))"
2026-01-28T09:35:53.608562515Z I0128 09:35:53.608539       1 named_certificates.go:53] "Loaded SNI cert" index=0 certName="self-signed loopback" certDetail="\"apiserver-loopback-client@1769592713\" [serving] validServingFor=[apiserver-loopback-client] issuer=\"apiserver-loopback-client-ca@1769592713\" (2026-01-28 08:31:52 +0000 UTC to 2027-01-28 08:31:52 +0000 UTC (now=2026-01-28 09:35:53.608526824 +0000 UTC))"
