2026-01-28T09:30:28.719848999Z W0128 09:30:28.717380       1 cmd.go:257] Using insecure, self-signed certificates
2026-01-28T09:30:31.238950410Z I0128 09:30:31.238002       1 leaderelection.go:121] The leader election gives 4 retries and allows for 30s of clock skew. The kube-apiserver downtime tolerance is 78s. Worst non-graceful lease acquisition is 2m43s. Worst graceful lease acquisition is {26s}.
2026-01-28T09:30:31.271007959Z I0128 09:30:31.270968       1 observer_polling.go:159] Starting file observer
2026-01-28T09:30:31.346070997Z I0128 09:30:31.344700       1 builder.go:304] openshift-kube-storage-version-migrator-operator version 4.20.0-202601161812.p2.g5adc142.assembly.stream.el9-5adc142-5adc14299739bc64c8812cbab0b0ff2d12863602
2026-01-28T09:30:32.181741148Z I0128 09:30:32.181486       1 secure_serving.go:57] Forcing use of http/1.1 only
2026-01-28T09:30:32.182005171Z W0128 09:30:32.181808       1 secure_serving.go:69] Use of insecure cipher 'TLS_ECDHE_ECDSA_WITH_AES_128_CBC_SHA256' detected.
2026-01-28T09:30:32.182061584Z W0128 09:30:32.182049       1 secure_serving.go:69] Use of insecure cipher 'TLS_ECDHE_RSA_WITH_AES_128_CBC_SHA256' detected.
2026-01-28T09:30:32.182090826Z W0128 09:30:32.182081       1 secure_serving.go:69] Use of insecure cipher 'TLS_RSA_WITH_AES_128_GCM_SHA256' detected.
2026-01-28T09:30:32.182130608Z W0128 09:30:32.182117       1 secure_serving.go:69] Use of insecure cipher 'TLS_RSA_WITH_AES_256_GCM_SHA384' detected.
2026-01-28T09:30:32.182159469Z W0128 09:30:32.182150       1 secure_serving.go:69] Use of insecure cipher 'TLS_RSA_WITH_AES_128_CBC_SHA' detected.
2026-01-28T09:30:32.182181200Z W0128 09:30:32.182172       1 secure_serving.go:69] Use of insecure cipher 'TLS_RSA_WITH_AES_256_CBC_SHA' detected.
2026-01-28T09:30:32.187443771Z I0128 09:30:32.187419       1 secure_serving.go:213] Serving securely on [::]:8443
2026-01-28T09:30:32.189076061Z I0128 09:30:32.188407       1 requestheader_controller.go:172] Starting RequestHeaderAuthRequestController
2026-01-28T09:30:32.189243570Z I0128 09:30:32.189229       1 shared_informer.go:313] Waiting for caches to sync for RequestHeaderAuthRequestController
2026-01-28T09:30:32.189698523Z I0128 09:30:32.188427       1 configmap_cafile_content.go:205] "Starting controller" name="client-ca::kube-system::extension-apiserver-authentication::client-ca-file"
2026-01-28T09:30:32.189765646Z I0128 09:30:32.189748       1 shared_informer.go:313] Waiting for caches to sync for client-ca::kube-system::extension-apiserver-authentication::client-ca-file
2026-01-28T09:30:32.189930774Z I0128 09:30:32.189917       1 leaderelection.go:254] attempting to acquire leader lease openshift-kube-storage-version-migrator-operator/openshift-kube-storage-version-migrator-operator-lock...
2026-01-28T09:30:32.190421198Z I0128 09:30:32.188484       1 configmap_cafile_content.go:205] "Starting controller" name="client-ca::kube-system::extension-apiserver-authentication::requestheader-client-ca-file"
2026-01-28T09:30:32.190866310Z I0128 09:30:32.190851       1 shared_informer.go:313] Waiting for caches to sync for client-ca::kube-system::extension-apiserver-authentication::requestheader-client-ca-file
2026-01-28T09:30:32.191244669Z I0128 09:30:32.188502       1 dynamic_serving_content.go:135] "Starting controller" name="serving-cert::/tmp/serving-cert-298247153/tls.crt::/tmp/serving-cert-298247153/tls.key"
2026-01-28T09:30:32.191767835Z I0128 09:30:32.188523       1 tlsconfig.go:243] "Starting DynamicServingCertificateController"
2026-01-28T09:30:32.218213465Z I0128 09:30:32.217685       1 leaderelection.go:268] successfully acquired lease openshift-kube-storage-version-migrator-operator/openshift-kube-storage-version-migrator-operator-lock
2026-01-28T09:30:32.218909770Z I0128 09:30:32.218525       1 event.go:377] Event(v1.ObjectReference{Kind:"Lease", Namespace:"openshift-kube-storage-version-migrator-operator", Name:"openshift-kube-storage-version-migrator-operator-lock", UID:"6cb44a6e-9d25-44f8-a89c-d465ad8800b6", APIVersion:"coordination.k8s.io/v1", ResourceVersion:"5874", FieldPath:""}): type: 'Normal' reason: 'LeaderElection' kube-storage-version-migrator-operator-fd7dc879c-k2xj9_16e7a309-7570-4ec6-9228-085b4deba8fb became leader
2026-01-28T09:30:32.226240163Z I0128 09:30:32.226221       1 base_controller.go:76] Waiting for caches to sync for LoggingSyncer
2026-01-28T09:30:32.229149597Z I0128 09:30:32.226988       1 base_controller.go:76] Waiting for caches to sync for StatusSyncer_kube-storage-version-migrator
2026-01-28T09:30:32.229261423Z I0128 09:30:32.229247       1 base_controller.go:76] Waiting for caches to sync for KubeStorageVersionMigratorStaticResources-StaticResources
2026-01-28T09:30:32.229309325Z I0128 09:30:32.229297       1 base_controller.go:76] Waiting for caches to sync for KubeStorageVersionMigrator
2026-01-28T09:30:32.229347217Z I0128 09:30:32.229337       1 base_controller.go:76] Waiting for caches to sync for StaticConditionsController
2026-01-28T09:30:32.229379718Z I0128 09:30:32.229370       1 base_controller.go:76] Waiting for caches to sync for kube-storage-version-migrator-RemoveStaleConditions
2026-01-28T09:30:32.300224788Z I0128 09:30:32.299871       1 shared_informer.go:320] Caches are synced for RequestHeaderAuthRequestController
2026-01-28T09:30:32.300559395Z I0128 09:30:32.300304       1 shared_informer.go:320] Caches are synced for client-ca::kube-system::extension-apiserver-authentication::client-ca-file
2026-01-28T09:30:32.303848318Z I0128 09:30:32.300435       1 shared_informer.go:320] Caches are synced for client-ca::kube-system::extension-apiserver-authentication::requestheader-client-ca-file
2026-01-28T09:30:32.328577613Z I0128 09:30:32.328552       1 base_controller.go:82] Caches are synced for LoggingSyncer 
2026-01-28T09:30:32.328625875Z I0128 09:30:32.328614       1 base_controller.go:119] Starting #1 worker of LoggingSyncer controller ...
2026-01-28T09:30:32.330072447Z I0128 09:30:32.330055       1 base_controller.go:82] Caches are synced for kube-storage-version-migrator-RemoveStaleConditions 
2026-01-28T09:30:32.330173202Z I0128 09:30:32.330160       1 base_controller.go:119] Starting #1 worker of kube-storage-version-migrator-RemoveStaleConditions controller ...
2026-01-28T09:30:32.330695148Z I0128 09:30:32.330109       1 base_controller.go:82] Caches are synced for KubeStorageVersionMigratorStaticResources-StaticResources 
2026-01-28T09:30:32.330782792Z I0128 09:30:32.330770       1 base_controller.go:119] Starting #1 worker of KubeStorageVersionMigratorStaticResources-StaticResources controller ...
2026-01-28T09:30:32.330992743Z I0128 09:30:32.330120       1 base_controller.go:82] Caches are synced for StatusSyncer_kube-storage-version-migrator 
2026-01-28T09:30:32.331248895Z I0128 09:30:32.331234       1 base_controller.go:119] Starting #1 worker of StatusSyncer_kube-storage-version-migrator controller ...
2026-01-28T09:30:32.346010287Z I0128 09:30:32.345601       1 status_controller.go:225] clusteroperator/kube-storage-version-migrator diff {"status":{"conditions":[{"lastTransitionTime":"2026-01-28T09:30:32Z","reason":"NoData","status":"Unknown","type":"Degraded"},{"lastTransitionTime":"2026-01-28T09:30:32Z","reason":"NoData","status":"Unknown","type":"Progressing"},{"lastTransitionTime":"2026-01-28T09:30:32Z","reason":"NoData","status":"Unknown","type":"Available"},{"lastTransitionTime":"2026-01-28T09:30:32Z","reason":"NoData","status":"Unknown","type":"Upgradeable"},{"lastTransitionTime":"2026-01-28T09:30:32Z","reason":"NoData","status":"Unknown","type":"EvaluationConditionsDetected"}],"versions":[{"name":"operator","version":"4.20.0-0-2026-01-28-090915-test-ci-ln-vjb5l1t-latest"}]}}
2026-01-28T09:30:32.346330752Z I0128 09:30:32.330129       1 base_controller.go:82] Caches are synced for KubeStorageVersionMigrator 
2026-01-28T09:30:32.346371644Z I0128 09:30:32.346360       1 base_controller.go:119] Starting #1 worker of KubeStorageVersionMigrator controller ...
2026-01-28T09:30:32.348313070Z I0128 09:30:32.330136       1 base_controller.go:82] Caches are synced for StaticConditionsController 
2026-01-28T09:30:32.349606635Z I0128 09:30:32.349589       1 base_controller.go:119] Starting #1 worker of StaticConditionsController controller ...
2026-01-28T09:30:32.350651176Z I0128 09:30:32.348923       1 event.go:377] Event(v1.ObjectReference{Kind:"Deployment", Namespace:"openshift-kube-storage-version-migrator-operator", Name:"kube-storage-version-migrator-operator", UID:"36300965-4dbc-4629-b823-c97987db1987", APIVersion:"apps/v1", ResourceVersion:"", FieldPath:""}): type: 'Normal' reason: 'OperatorVersionChanged' clusteroperator/kube-storage-version-migrator version "operator" changed from "" to "4.20.0-0-2026-01-28-090915-test-ci-ln-vjb5l1t-latest"
2026-01-28T09:30:32.357565979Z I0128 09:30:32.357532       1 status_controller.go:225] clusteroperator/kube-storage-version-migrator diff {"status":{"conditions":[{"lastTransitionTime":"2026-01-28T09:30:32Z","reason":"NoData","status":"Unknown","type":"Degraded"},{"lastTransitionTime":"2026-01-28T09:30:32Z","reason":"NoData","status":"Unknown","type":"Progressing"},{"lastTransitionTime":"2026-01-28T09:30:32Z","reason":"NoData","status":"Unknown","type":"Available"},{"lastTransitionTime":"2026-01-28T09:30:32Z","reason":"NoData","status":"Unknown","type":"Upgradeable"},{"lastTransitionTime":"2026-01-28T09:30:32Z","reason":"NoData","status":"Unknown","type":"EvaluationConditionsDetected"}],"versions":[{"name":"operator","version":"4.20.0-0-2026-01-28-090915-test-ci-ln-vjb5l1t-latest"}]}}
2026-01-28T09:30:32.359109565Z I0128 09:30:32.359084       1 event.go:377] Event(v1.ObjectReference{Kind:"Deployment", Namespace:"openshift-kube-storage-version-migrator-operator", Name:"kube-storage-version-migrator-operator", UID:"36300965-4dbc-4629-b823-c97987db1987", APIVersion:"apps/v1", ResourceVersion:"", FieldPath:""}): type: 'Normal' reason: 'OperatorStatusChanged' Status for clusteroperator/kube-storage-version-migrator changed: Degraded set to Unknown (""),Progressing set to Unknown (""),Available set to Unknown (""),Upgradeable set to Unknown (""),EvaluationConditionsDetected set to Unknown (""),status.versions changed from [] to [{"operator" "4.20.0-0-2026-01-28-090915-test-ci-ln-vjb5l1t-latest"}]
2026-01-28T09:30:32.359152668Z I0128 09:30:32.359137       1 event.go:377] Event(v1.ObjectReference{Kind:"Deployment", Namespace:"openshift-kube-storage-version-migrator-operator", Name:"kube-storage-version-migrator-operator", UID:"36300965-4dbc-4629-b823-c97987db1987", APIVersion:"apps/v1", ResourceVersion:"", FieldPath:""}): type: 'Normal' reason: 'OperatorVersionChanged' clusteroperator/kube-storage-version-migrator version "operator" changed from "" to "4.20.0-0-2026-01-28-090915-test-ci-ln-vjb5l1t-latest"
2026-01-28T09:30:32.359529336Z I0128 09:30:32.359506       1 event.go:377] Event(v1.ObjectReference{Kind:"Deployment", Namespace:"openshift-kube-storage-version-migrator-operator", Name:"kube-storage-version-migrator-operator", UID:"36300965-4dbc-4629-b823-c97987db1987", APIVersion:"apps/v1", ResourceVersion:"", FieldPath:""}): type: 'Normal' reason: 'NamespaceCreated' Created Namespace/openshift-kube-storage-version-migrator because it was missing
2026-01-28T09:30:32.360108515Z I0128 09:30:32.360090       1 dynamic_operator_client.go:416] Added finalizer "cluster-kube-storage-version-migrator-operator.operator.openshift.io/KubeStorageVersionMigrator"
2026-01-28T09:30:32.390304211Z E0128 09:30:32.387455       1 base_controller.go:279] "Unhandled Error" err="StatusSyncer_kube-storage-version-migrator reconciliation failed: Operation cannot be fulfilled on clusteroperators.config.openshift.io \"kube-storage-version-migrator\": the object has been modified; please apply your changes to the latest version and try again"
2026-01-28T09:30:32.426830031Z I0128 09:30:32.426799       1 status_controller.go:225] clusteroperator/kube-storage-version-migrator diff {"status":{"conditions":[{"lastTransitionTime":"2026-01-28T09:30:32Z","reason":"NoData","status":"Unknown","type":"Degraded"},{"lastTransitionTime":"2026-01-28T09:30:32Z","reason":"NoData","status":"Unknown","type":"Progressing"},{"lastTransitionTime":"2026-01-28T09:30:32Z","reason":"NoData","status":"Unknown","type":"Available"},{"lastTransitionTime":"2026-01-28T09:30:32Z","message":"All is well","reason":"AsExpected","status":"True","type":"Upgradeable"},{"lastTransitionTime":"2026-01-28T09:30:32Z","reason":"NoData","status":"Unknown","type":"EvaluationConditionsDetected"}]}}
2026-01-28T09:30:32.427119285Z I0128 09:30:32.427085       1 event.go:377] Event(v1.ObjectReference{Kind:"Deployment", Namespace:"openshift-kube-storage-version-migrator-operator", Name:"kube-storage-version-migrator-operator", UID:"36300965-4dbc-4629-b823-c97987db1987", APIVersion:"apps/v1", ResourceVersion:"", FieldPath:""}): type: 'Normal' reason: 'ServiceAccountCreated' Created ServiceAccount/kube-storage-version-migrator-sa -n openshift-kube-storage-version-migrator because it was missing
2026-01-28T09:30:32.453965865Z I0128 09:30:32.453930       1 event.go:377] Event(v1.ObjectReference{Kind:"Deployment", Namespace:"openshift-kube-storage-version-migrator-operator", Name:"kube-storage-version-migrator-operator", UID:"36300965-4dbc-4629-b823-c97987db1987", APIVersion:"apps/v1", ResourceVersion:"", FieldPath:""}): type: 'Normal' reason: 'OperatorStatusChanged' Status for clusteroperator/kube-storage-version-migrator changed: Upgradeable changed from Unknown to True ("All is well")
2026-01-28T09:30:32.454606247Z I0128 09:30:32.454566       1 event.go:377] Event(v1.ObjectReference{Kind:"Deployment", Namespace:"openshift-kube-storage-version-migrator-operator", Name:"kube-storage-version-migrator-operator", UID:"36300965-4dbc-4629-b823-c97987db1987", APIVersion:"apps/v1", ResourceVersion:"", FieldPath:""}): type: 'Normal' reason: 'DeploymentCreated' Created Deployment.apps/migrator -n openshift-kube-storage-version-migrator because it was missing
2026-01-28T09:30:32.502503109Z I0128 09:30:32.502440       1 event.go:377] Event(v1.ObjectReference{Kind:"Deployment", Namespace:"openshift-kube-storage-version-migrator-operator", Name:"kube-storage-version-migrator-operator", UID:"36300965-4dbc-4629-b823-c97987db1987", APIVersion:"apps/v1", ResourceVersion:"", FieldPath:""}): type: 'Normal' reason: 'ClusterRoleBindingCreated' Created ClusterRoleBinding.rbac.authorization.k8s.io/storage-version-migration-migrator because it was missing
2026-01-28T09:30:32.653554933Z W0128 09:30:32.653487       1 dynamic_operator_client.go:355] .status.conditions["KubeStorageVersionMigratorStaticResourcesDegraded"].message is missing; this will eventually be fatal
2026-01-28T09:30:32.661316487Z I0128 09:30:32.661295       1 status_controller.go:225] clusteroperator/kube-storage-version-migrator diff {"status":{"conditions":[{"lastTransitionTime":"2026-01-28T09:30:32Z","reason":"NoData","status":"Unknown","type":"Degraded"},{"lastTransitionTime":"2026-01-28T09:30:32Z","message":"KubeStorageVersionMigratorProgressing: Waiting for Deployment to act on changes","reason":"KubeStorageVersionMigrator_Deploying","status":"True","type":"Progressing"},{"lastTransitionTime":"2026-01-28T09:30:32Z","message":"KubeStorageVersionMigratorAvailable: Waiting for Deployment","reason":"KubeStorageVersionMigrator_Deploying","status":"False","type":"Available"},{"lastTransitionTime":"2026-01-28T09:30:32Z","message":"All is well","reason":"AsExpected","status":"True","type":"Upgradeable"},{"lastTransitionTime":"2026-01-28T09:30:32Z","reason":"NoData","status":"Unknown","type":"EvaluationConditionsDetected"}]}}
2026-01-28T09:30:32.661983210Z W0128 09:30:32.661964       1 dynamic_operator_client.go:355] .status.conditions["KubeStorageVersionMigratorDegraded"].message is missing; this will eventually be fatal
2026-01-28T09:30:32.682734369Z I0128 09:30:32.681319       1 status_controller.go:225] clusteroperator/kube-storage-version-migrator diff {"status":{"conditions":[{"lastTransitionTime":"2026-01-28T09:30:32Z","message":"All is well","reason":"AsExpected","status":"False","type":"Degraded"},{"lastTransitionTime":"2026-01-28T09:30:32Z","message":"KubeStorageVersionMigratorProgressing: Waiting for Deployment to act on changes","reason":"KubeStorageVersionMigrator_Deploying","status":"True","type":"Progressing"},{"lastTransitionTime":"2026-01-28T09:30:32Z","message":"KubeStorageVersionMigratorAvailable: Waiting for Deployment","reason":"KubeStorageVersionMigrator_Deploying","status":"False","type":"Available"},{"lastTransitionTime":"2026-01-28T09:30:32Z","message":"All is well","reason":"AsExpected","status":"True","type":"Upgradeable"},{"lastTransitionTime":"2026-01-28T09:30:32Z","reason":"NoData","status":"Unknown","type":"EvaluationConditionsDetected"}]}}
2026-01-28T09:30:32.686848342Z I0128 09:30:32.686801       1 event.go:377] Event(v1.ObjectReference{Kind:"Deployment", Namespace:"openshift-kube-storage-version-migrator-operator", Name:"kube-storage-version-migrator-operator", UID:"36300965-4dbc-4629-b823-c97987db1987", APIVersion:"apps/v1", ResourceVersion:"", FieldPath:""}): type: 'Normal' reason: 'OperatorStatusChanged' Status for clusteroperator/kube-storage-version-migrator changed: Progressing changed from Unknown to True ("KubeStorageVersionMigratorProgressing: Waiting for Deployment to act on changes"),Available changed from Unknown to False ("KubeStorageVersionMigratorAvailable: Waiting for Deployment")
2026-01-28T09:30:32.703726358Z I0128 09:30:32.703671       1 event.go:377] Event(v1.ObjectReference{Kind:"Deployment", Namespace:"openshift-kube-storage-version-migrator-operator", Name:"kube-storage-version-migrator-operator", UID:"36300965-4dbc-4629-b823-c97987db1987", APIVersion:"apps/v1", ResourceVersion:"", FieldPath:""}): type: 'Normal' reason: 'OperatorStatusChanged' Status for clusteroperator/kube-storage-version-migrator changed: Degraded changed from Unknown to False ("All is well")
2026-01-28T09:30:32.720295809Z I0128 09:30:32.720275       1 status_controller.go:225] clusteroperator/kube-storage-version-migrator diff {"status":{"conditions":[{"lastTransitionTime":"2026-01-28T09:30:32Z","message":"All is well","reason":"AsExpected","status":"False","type":"Degraded"},{"lastTransitionTime":"2026-01-28T09:30:32Z","message":"KubeStorageVersionMigratorProgressing: Waiting for Deployment to deploy pods","reason":"KubeStorageVersionMigrator_Deploying","status":"True","type":"Progressing"},{"lastTransitionTime":"2026-01-28T09:30:32Z","message":"KubeStorageVersionMigratorAvailable: Waiting for Deployment","reason":"KubeStorageVersionMigrator_Deploying","status":"False","type":"Available"},{"lastTransitionTime":"2026-01-28T09:30:32Z","message":"All is well","reason":"AsExpected","status":"True","type":"Upgradeable"},{"lastTransitionTime":"2026-01-28T09:30:32Z","reason":"NoData","status":"Unknown","type":"EvaluationConditionsDetected"}]}}
2026-01-28T09:30:32.731519255Z I0128 09:30:32.731456       1 event.go:377] Event(v1.ObjectReference{Kind:"Deployment", Namespace:"openshift-kube-storage-version-migrator-operator", Name:"kube-storage-version-migrator-operator", UID:"36300965-4dbc-4629-b823-c97987db1987", APIVersion:"apps/v1", ResourceVersion:"", FieldPath:""}): type: 'Normal' reason: 'OperatorStatusChanged' Status for clusteroperator/kube-storage-version-migrator changed: Progressing message changed from "KubeStorageVersionMigratorProgressing: Waiting for Deployment to act on changes" to "KubeStorageVersionMigratorProgressing: Waiting for Deployment to deploy pods"
2026-01-28T09:30:35.311903543Z W0128 09:30:35.311859       1 dynamic_operator_client.go:352] .status.conditions["KubeStorageVersionMigratorAvailable"].reason is missing; this will eventually be fatal
2026-01-28T09:30:35.311964196Z W0128 09:30:35.311951       1 dynamic_operator_client.go:355] .status.conditions["KubeStorageVersionMigratorAvailable"].message is missing; this will eventually be fatal
2026-01-28T09:30:35.311989977Z W0128 09:30:35.311980       1 dynamic_operator_client.go:352] .status.conditions["KubeStorageVersionMigratorProgressing"].reason is missing; this will eventually be fatal
2026-01-28T09:30:35.312013578Z W0128 09:30:35.312004       1 dynamic_operator_client.go:355] .status.conditions["KubeStorageVersionMigratorProgressing"].message is missing; this will eventually be fatal
2026-01-28T09:30:35.322674197Z I0128 09:30:35.322631       1 status_controller.go:225] clusteroperator/kube-storage-version-migrator diff {"status":{"conditions":[{"lastTransitionTime":"2026-01-28T09:30:32Z","message":"All is well","reason":"AsExpected","status":"False","type":"Degraded"},{"lastTransitionTime":"2026-01-28T09:30:35Z","message":"All is well","reason":"AsExpected","status":"False","type":"Progressing"},{"lastTransitionTime":"2026-01-28T09:30:35Z","message":"All is well","reason":"AsExpected","status":"True","type":"Available"},{"lastTransitionTime":"2026-01-28T09:30:32Z","message":"All is well","reason":"AsExpected","status":"True","type":"Upgradeable"},{"lastTransitionTime":"2026-01-28T09:30:32Z","reason":"NoData","status":"Unknown","type":"EvaluationConditionsDetected"}]}}
2026-01-28T09:30:35.329975298Z I0128 09:30:35.329944       1 event.go:377] Event(v1.ObjectReference{Kind:"Deployment", Namespace:"openshift-kube-storage-version-migrator-operator", Name:"kube-storage-version-migrator-operator", UID:"36300965-4dbc-4629-b823-c97987db1987", APIVersion:"apps/v1", ResourceVersion:"", FieldPath:""}): type: 'Normal' reason: 'OperatorStatusChanged' Status for clusteroperator/kube-storage-version-migrator changed: Progressing changed from True to False ("All is well"),Available changed from False to True ("All is well")
2026-01-28T09:31:41.273372474Z I0128 09:31:41.272974       1 observer_polling.go:111] Observed file "/var/run/secrets/serving-cert/tls.crt" has been created (hash="f021880b81729f8451135ed666fd5350399b24cad4867055c68b9de13fe4e2f5")
2026-01-28T09:31:41.273415987Z W0128 09:31:41.273370       1 builder.go:160] Restart triggered because of file /var/run/secrets/serving-cert/tls.crt was created
2026-01-28T09:31:41.273484550Z I0128 09:31:41.273458       1 observer_polling.go:111] Observed file "/var/run/secrets/serving-cert/tls.key" has been created (hash="105fef0eea03d3e84920bfda30681fbcc6abe41a83030ef51035da6d2992e5f1")
2026-01-28T09:31:41.273559314Z I0128 09:31:41.273530       1 base_controller.go:181] Shutting down StaticConditionsController ...
2026-01-28T09:31:41.273559314Z I0128 09:31:41.273542       1 genericapiserver.go:691] "[graceful-termination] pre-shutdown hooks completed" name="PreShutdownHooksStopped"
2026-01-28T09:31:41.273574984Z I0128 09:31:41.273558       1 base_controller.go:181] Shutting down KubeStorageVersionMigrator ...
2026-01-28T09:31:41.273574984Z I0128 09:31:41.273571       1 base_controller.go:181] Shutting down StatusSyncer_kube-storage-version-migrator ...
2026-01-28T09:31:41.273586745Z I0128 09:31:41.273577       1 base_controller.go:159] All StatusSyncer_kube-storage-version-migrator post start hooks have been terminated
2026-01-28T09:31:41.273626987Z I0128 09:31:41.273610       1 base_controller.go:123] Shutting down worker of StaticConditionsController controller ...
2026-01-28T09:31:41.273626987Z I0128 09:31:41.273620       1 base_controller.go:113] All StaticConditionsController workers have been terminated
2026-01-28T09:31:41.273647978Z I0128 09:31:41.273627       1 base_controller.go:123] Shutting down worker of KubeStorageVersionMigrator controller ...
2026-01-28T09:31:41.273647978Z I0128 09:31:41.273631       1 base_controller.go:123] Shutting down worker of StatusSyncer_kube-storage-version-migrator controller ...
2026-01-28T09:31:41.273647978Z I0128 09:31:41.273634       1 base_controller.go:113] All KubeStorageVersionMigrator workers have been terminated
2026-01-28T09:31:41.273647978Z I0128 09:31:41.273635       1 base_controller.go:113] All StatusSyncer_kube-storage-version-migrator workers have been terminated
2026-01-28T09:31:41.273659929Z I0128 09:31:41.273647       1 base_controller.go:181] Shutting down KubeStorageVersionMigratorStaticResources-StaticResources ...
2026-01-28T09:31:41.273659929Z I0128 09:31:41.273655       1 base_controller.go:181] Shutting down kube-storage-version-migrator-RemoveStaleConditions ...
2026-01-28T09:31:41.273669359Z I0128 09:31:41.273661       1 genericapiserver.go:546] "[graceful-termination] shutdown event" name="ShutdownInitiated"
2026-01-28T09:31:41.273669359Z I0128 09:31:41.273663       1 base_controller.go:181] Shutting down LoggingSyncer ...
2026-01-28T09:31:41.273679400Z I0128 09:31:41.273674       1 base_controller.go:123] Shutting down worker of KubeStorageVersionMigratorStaticResources-StaticResources controller ...
2026-01-28T09:31:41.273688630Z I0128 09:31:41.273679       1 base_controller.go:113] All KubeStorageVersionMigratorStaticResources-StaticResources workers have been terminated
2026-01-28T09:31:41.273700411Z I0128 09:31:41.273694       1 genericapiserver.go:649] "[graceful-termination] not going to wait for active watch request(s) to drain"
2026-01-28T09:31:41.273710501Z I0128 09:31:41.273695       1 base_controller.go:123] Shutting down worker of kube-storage-version-migrator-RemoveStaleConditions controller ...
2026-01-28T09:31:41.273710501Z I0128 09:31:41.273699       1 base_controller.go:123] Shutting down worker of LoggingSyncer controller ...
2026-01-28T09:31:41.273710501Z I0128 09:31:41.273703       1 base_controller.go:113] All kube-storage-version-migrator-RemoveStaleConditions workers have been terminated
2026-01-28T09:31:41.273710501Z I0128 09:31:41.273705       1 base_controller.go:113] All LoggingSyncer workers have been terminated
2026-01-28T09:31:41.273742283Z I0128 09:31:41.273721       1 object_count_tracker.go:151] "StorageObjectCountTracker pruner is exiting"
2026-01-28T09:31:41.273796435Z I0128 09:31:41.273760       1 configmap_cafile_content.go:226] "Shutting down controller" name="client-ca::kube-system::extension-apiserver-authentication::client-ca-file"
2026-01-28T09:31:41.273847728Z I0128 09:31:41.273822       1 secure_serving.go:258] Stopped listening on [::]:8443
2026-01-28T09:31:41.273863299Z I0128 09:31:41.273854       1 genericapiserver.go:598] "[graceful-termination] shutdown event" name="HTTPServerStoppedListening"
2026-01-28T09:31:41.273863299Z I0128 09:31:41.273855       1 requestheader_controller.go:186] Shutting down RequestHeaderAuthRequestController
2026-01-28T09:31:41.273874079Z I0128 09:31:41.273772       1 tlsconfig.go:258] "Shutting down DynamicServingCertificateController"
2026-01-28T09:31:41.273883760Z I0128 09:31:41.273857       1 dynamic_serving_content.go:149] "Shutting down controller" name="serving-cert::/tmp/serving-cert-298247153/tls.crt::/tmp/serving-cert-298247153/tls.key"
2026-01-28T09:31:41.274067989Z I0128 09:31:41.274048       1 configmap_cafile_content.go:226] "Shutting down controller" name="client-ca::kube-system::extension-apiserver-authentication::requestheader-client-ca-file"
2026-01-28T09:31:41.274082620Z I0128 09:31:41.274070       1 genericapiserver.go:711] [graceful-termination] apiserver is exiting
2026-01-28T09:31:41.274082620Z I0128 09:31:41.274077       1 builder.go:335] server exited
2026-01-28T09:31:41.277748281Z W0128 09:31:41.277716       1 leaderelection.go:84] leader election lost
