2026-01-28T09:29:58.377872405Z ++ K8S_NODE=ip-10-0-3-203.us-west-1.compute.internal
2026-01-28T09:29:58.377977347Z ++ [[ -n ip-10-0-3-203.us-west-1.compute.internal ]]
2026-01-28T09:29:58.377977347Z ++ [[ -f /env/ip-10-0-3-203.us-west-1.compute.internal ]]
2026-01-28T09:29:58.377977347Z ++ northd_pidfile=/var/run/ovn/ovn-northd.pid
2026-01-28T09:29:58.377977347Z ++ controller_pidfile=/var/run/ovn/ovn-controller.pid
2026-01-28T09:29:58.377977347Z ++ controller_logfile=/var/log/ovn/acl-audit-log.log
2026-01-28T09:29:58.377977347Z ++ vswitch_dbsock=/var/run/openvswitch/db.sock
2026-01-28T09:29:58.377977347Z ++ nbdb_pidfile=/var/run/ovn/ovnnb_db.pid
2026-01-28T09:29:58.377977347Z ++ nbdb_sock=/var/run/ovn/ovnnb_db.sock
2026-01-28T09:29:58.377977347Z ++ nbdb_ctl=/var/run/ovn/ovnnb_db.ctl
2026-01-28T09:29:58.377977347Z ++ sbdb_pidfile=/var/run/ovn/ovnsb_db.pid
2026-01-28T09:29:58.377977347Z ++ sbdb_sock=/var/run/ovn/ovnsb_db.sock
2026-01-28T09:29:58.377977347Z ++ sbdb_ctl=/var/run/ovn/ovnsb_db.ctl
2026-01-28T09:29:58.378980618Z + start-ovn-controller info
2026-01-28T09:29:58.378980618Z + local log_level=info
2026-01-28T09:29:58.379000399Z + [[ 1 -ne 1 ]]
2026-01-28T09:29:58.379279755Z ++ date -Iseconds
2026-01-28T09:29:58.380875259Z + echo '2026-01-28T09:29:58+00:00 - starting ovn-controller'
2026-01-28T09:29:58.380947130Z 2026-01-28T09:29:58+00:00 - starting ovn-controller
2026-01-28T09:29:58.380992741Z + exec ovn-controller unix:/var/run/openvswitch/db.sock -vfile:off --no-chdir --pidfile=/var/run/ovn/ovn-controller.pid --syslog-method=null --log-file=/var/log/ovn/acl-audit-log.log -vFACILITY:local0 -vconsole:info -vconsole:acl_log:off '-vPATTERN:console:%D{%Y-%m-%dT%H:%M:%S.###Z}|%05N|%c%T|%p|%m' -vsyslog:acl_log:info -vfile:acl_log:info
2026-01-28T09:29:58.383877913Z 2026-01-28T09:29:58Z|00001|vlog|INFO|opened log file /var/log/ovn/acl-audit-log.log
2026-01-28T09:29:58.384912235Z 2026-01-28T09:29:58.384Z|00002|reconnect|INFO|unix:/var/run/openvswitch/db.sock: connecting...
2026-01-28T09:29:58.384939365Z 2026-01-28T09:29:58.384Z|00003|reconnect|INFO|unix:/var/run/openvswitch/db.sock: connected
2026-01-28T09:29:58.386282064Z 2026-01-28T09:29:58.386Z|00004|main|INFO|OVN internal version is : [25.03.2-20.41.0-78.8]
2026-01-28T09:29:58.386282064Z 2026-01-28T09:29:58.386Z|00005|main|INFO|OVS IDL reconnected, force recompute.
2026-01-28T09:29:58.386297574Z 2026-01-28T09:29:58.386Z|00006|reconnect|INFO|invalid:: connecting...
2026-01-28T09:29:58.386297574Z 2026-01-28T09:29:58.386Z|00007|reconnect|INFO|invalid:: connection attempt failed (Address family not supported by protocol)
2026-01-28T09:29:58.386297574Z 2026-01-28T09:29:58.386Z|00008|main|INFO|OVNSB IDL reconnected, force recompute.
2026-01-28T09:29:58.386305994Z 2026-01-28T09:29:58.386Z|00009|ovn_util|INFO|statctrl: connecting to switch: "unix:/var/run/openvswitch/br-int.mgmt"
2026-01-28T09:29:58.386305994Z 2026-01-28T09:29:58.386Z|00010|rconn|INFO|unix:/var/run/openvswitch/br-int.mgmt: connecting...
2026-01-28T09:29:58.386358885Z 2026-01-28T09:29:58.386Z|00011|ovn_util|INFO|pinctrl: connecting to switch: "unix:/var/run/openvswitch/br-int.mgmt"
2026-01-28T09:29:58.386358885Z 2026-01-28T09:29:58.386Z|00012|rconn|INFO|unix:/var/run/openvswitch/br-int.mgmt: connecting...
2026-01-28T09:29:58.386563510Z 2026-01-28T09:29:58.386Z|00001|rconn(ovn_statctrl3)|INFO|unix:/var/run/openvswitch/br-int.mgmt: connected
2026-01-28T09:29:58.386671092Z 2026-01-28T09:29:58.386Z|00001|rconn(ovn_pinctrl0)|INFO|unix:/var/run/openvswitch/br-int.mgmt: connected
2026-01-28T09:29:59.387534387Z 2026-01-28T09:29:59.387Z|00013|reconnect|INFO|invalid:: connecting...
2026-01-28T09:29:59.387534387Z 2026-01-28T09:29:59.387Z|00014|reconnect|INFO|invalid:: connection attempt failed (Address family not supported by protocol)
2026-01-28T09:29:59.387534387Z 2026-01-28T09:29:59.387Z|00015|reconnect|INFO|invalid:: waiting 2 seconds before reconnect
2026-01-28T09:30:01.389058373Z 2026-01-28T09:30:01.388Z|00016|reconnect|INFO|invalid:: connecting...
2026-01-28T09:30:01.389058373Z 2026-01-28T09:30:01.388Z|00017|reconnect|INFO|invalid:: connection attempt failed (Address family not supported by protocol)
2026-01-28T09:30:01.389058373Z 2026-01-28T09:30:01.388Z|00018|reconnect|INFO|invalid:: waiting 4 seconds before reconnect
2026-01-28T09:30:05.388562005Z 2026-01-28T09:30:05.388Z|00019|reconnect|INFO|unix:/var/run/ovn/ovnsb_db.sock: connecting...
2026-01-28T09:30:05.388599736Z 2026-01-28T09:30:05.388Z|00020|reconnect|INFO|unix:/var/run/ovn/ovnsb_db.sock: connected
2026-01-28T09:30:05.391584609Z 2026-01-28T09:30:05.391Z|00021|ovn_util|INFO|features: connecting to switch: "unix:/var/run/openvswitch/br-int.mgmt"
2026-01-28T09:30:05.391584609Z 2026-01-28T09:30:05.391Z|00022|rconn|INFO|unix:/var/run/openvswitch/br-int.mgmt: connecting...
2026-01-28T09:30:05.391644130Z 2026-01-28T09:30:05.391Z|00023|features|INFO|OVS Feature: ct_zero_snat, state: supported
2026-01-28T09:30:05.391644130Z 2026-01-28T09:30:05.391Z|00024|features|INFO|OVS Feature: ct_flush, state: supported
2026-01-28T09:30:05.391644130Z 2026-01-28T09:30:05.391Z|00025|features|INFO|OVS Feature: dp_hash_l4_sym_support, state: supported
2026-01-28T09:30:05.391760912Z 2026-01-28T09:30:05.391Z|00026|reconnect|INFO|unix:/var/run/openvswitch/db.sock: connecting...
2026-01-28T09:30:05.391760912Z 2026-01-28T09:30:05.391Z|00027|main|INFO|OVS feature set changed, force recompute.
2026-01-28T09:30:05.391760912Z 2026-01-28T09:30:05.391Z|00028|ovn_util|INFO|ofctrl: connecting to switch: "unix:/var/run/openvswitch/br-int.mgmt"
2026-01-28T09:30:05.391760912Z 2026-01-28T09:30:05.391Z|00029|rconn|INFO|unix:/var/run/openvswitch/br-int.mgmt: connecting...
2026-01-28T09:30:05.392364295Z 2026-01-28T09:30:05.392Z|00030|rconn|INFO|unix:/var/run/openvswitch/br-int.mgmt: connected
2026-01-28T09:30:05.392435227Z 2026-01-28T09:30:05.392Z|00031|reconnect|INFO|unix:/var/run/openvswitch/db.sock: connected
2026-01-28T09:30:05.392546599Z 2026-01-28T09:30:05.392Z|00032|rconn|INFO|unix:/var/run/openvswitch/br-int.mgmt: connected
2026-01-28T09:30:05.392546599Z 2026-01-28T09:30:05.392Z|00033|main|INFO|OVS OpenFlow connection reconnected,force recompute.
2026-01-28T09:30:05.392583910Z 2026-01-28T09:30:05.392Z|00034|features|INFO|OVS Feature: meter_support, state: supported
2026-01-28T09:30:05.392595620Z 2026-01-28T09:30:05.392Z|00035|features|INFO|OVS Feature: group_support, state: supported
2026-01-28T09:30:05.392605770Z 2026-01-28T09:30:05.392Z|00036|features|INFO|OVS Feature: sample_action_with_registers, state: supported
2026-01-28T09:30:05.392726853Z 2026-01-28T09:30:05.392Z|00037|main|INFO|OVS feature set changed, force recompute.
2026-01-28T09:30:05.393503179Z 2026-01-28T09:30:05.393Z|00038|features|INFO|OVS DB schema supports 4 flow table prefixes, our IDL supports: 4
2026-01-28T09:30:05.393905588Z 2026-01-28T09:30:05.393Z|00039|main|INFO|Setting flow table prefixes: ip_src, ip_dst, ipv6_src, ipv6_dst.
2026-01-28T09:30:05.409592377Z 2026-01-28T09:30:05.409Z|00040|features|INFO|OVS Feature: ct_label_flush, state: supported
2026-01-28T09:30:05.409592377Z 2026-01-28T09:30:05.409Z|00041|main|INFO|OVS feature set changed, force recompute.
2026-01-28T09:30:05.578152486Z 2026-01-28T09:30:05.578Z|00042|binding|INFO|Claiming lport cr-rtos-ip-10-0-3-203.us-west-1.compute.internal for this chassis.
2026-01-28T09:30:05.578205547Z 2026-01-28T09:30:05.578Z|00043|binding|INFO|cr-rtos-ip-10-0-3-203.us-west-1.compute.internal: Claiming 0a:58:0a:80:00:01 10.128.0.1/23
2026-01-28T09:30:05.578249058Z 2026-01-28T09:30:05.578Z|00044|binding|INFO|Claiming lport cr-stor-ip-10-0-3-203.us-west-1.compute.internal for this chassis.
2026-01-28T09:30:05.578274539Z 2026-01-28T09:30:05.578Z|00045|binding|INFO|cr-stor-ip-10-0-3-203.us-west-1.compute.internal: Claiming router
2026-01-28T09:30:05.595093672Z 2026-01-28T09:30:05.595Z|00046|binding|INFO|Setting lport cr-rtos-ip-10-0-3-203.us-west-1.compute.internal up in Southbound
2026-01-28T09:30:05.595137623Z 2026-01-28T09:30:05.595Z|00047|binding|INFO|Setting lport cr-stor-ip-10-0-3-203.us-west-1.compute.internal up in Southbound
2026-01-28T09:30:05.650387583Z 2026-01-28T09:30:05.650Z|00048|binding|INFO|Claiming lport etor-GR_ip-10-0-3-203.us-west-1.compute.internal for this chassis.
2026-01-28T09:30:05.650387583Z 2026-01-28T09:30:05.650Z|00049|binding|INFO|etor-GR_ip-10-0-3-203.us-west-1.compute.internal: Claiming 02:92:2e:b9:da:b9
2026-01-28T09:30:05.650417294Z 2026-01-28T09:30:05.650Z|00050|binding|INFO|Claiming lport rtoj-GR_ip-10-0-3-203.us-west-1.compute.internal for this chassis.
2026-01-28T09:30:05.650417294Z 2026-01-28T09:30:05.650Z|00051|binding|INFO|rtoj-GR_ip-10-0-3-203.us-west-1.compute.internal: Claiming 0a:58:64:40:00:03 100.64.0.3/16
2026-01-28T09:30:05.650433034Z 2026-01-28T09:30:05.650Z|00052|binding|INFO|Claiming lport jtor-GR_ip-10-0-3-203.us-west-1.compute.internal for this chassis.
2026-01-28T09:30:05.650433034Z 2026-01-28T09:30:05.650Z|00053|binding|INFO|jtor-GR_ip-10-0-3-203.us-west-1.compute.internal: Claiming router
2026-01-28T09:30:05.650456384Z 2026-01-28T09:30:05.650Z|00054|binding|INFO|Claiming lport rtoe-GR_ip-10-0-3-203.us-west-1.compute.internal for this chassis.
2026-01-28T09:30:05.650456384Z 2026-01-28T09:30:05.650Z|00055|binding|INFO|rtoe-GR_ip-10-0-3-203.us-west-1.compute.internal: Claiming 02:92:2e:b9:da:b9 10.0.3.203/18
2026-01-28T09:30:05.660038706Z 2026-01-28T09:30:05.660Z|00056|binding|INFO|Setting lport etor-GR_ip-10-0-3-203.us-west-1.compute.internal up in Southbound
2026-01-28T09:30:05.660038706Z 2026-01-28T09:30:05.660Z|00057|binding|INFO|Setting lport jtor-GR_ip-10-0-3-203.us-west-1.compute.internal up in Southbound
2026-01-28T09:30:05.660038706Z 2026-01-28T09:30:05.660Z|00058|binding|INFO|Setting lport rtoe-GR_ip-10-0-3-203.us-west-1.compute.internal up in Southbound
2026-01-28T09:30:05.660063026Z 2026-01-28T09:30:05.660Z|00059|binding|INFO|Setting lport rtoj-GR_ip-10-0-3-203.us-west-1.compute.internal up in Southbound
2026-01-28T09:30:06.254437577Z 2026-01-28T09:30:06.254Z|00060|binding|INFO|Claiming lport k8s-ip-10-0-3-203.us-west-1.compute.internal for this chassis.
2026-01-28T09:30:06.254437577Z 2026-01-28T09:30:06.254Z|00061|binding|INFO|k8s-ip-10-0-3-203.us-west-1.compute.internal: Claiming 0a:58:0a:80:00:02 10.128.0.2
2026-01-28T09:30:06.263873265Z 2026-01-28T09:30:06.263Z|00062|binding|INFO|Setting lport k8s-ip-10-0-3-203.us-west-1.compute.internal ovn-installed in OVS
2026-01-28T09:30:06.263873265Z 2026-01-28T09:30:06.263Z|00063|binding|INFO|Setting lport k8s-ip-10-0-3-203.us-west-1.compute.internal up in Southbound
2026-01-28T09:30:08.941644234Z 2026-01-28T09:30:08.941Z|00064|memory|INFO|17152 kB peak resident set size after 10.6 seconds
2026-01-28T09:30:08.941644234Z 2026-01-28T09:30:08.941Z|00065|memory|INFO|idl-cells-OVN_Southbound:10115 idl-cells-Open_vSwitch:528 if_status_mgr_ifaces_state_usage-KB:1 if_status_mgr_ifaces_usage-KB:2 lflow-cache-entries-cache-expr:178 lflow-cache-entries-cache-matches:488 lflow-cache-size-KB:703 local_datapath_usage-KB:1 ofctrl_desired_flow_usage-KB:403 ofctrl_installed_flow_usage-KB:301 ofctrl_sb_flow_ref_usage-KB:161
2026-01-28T09:30:32.663383748Z 2026-01-28T09:30:32.663Z|00066|binding|INFO|Claiming lport openshift-network-diagnostics_network-check-target-tx8wg for this chassis.
2026-01-28T09:30:32.663432099Z 2026-01-28T09:30:32.663Z|00067|binding|INFO|openshift-network-diagnostics_network-check-target-tx8wg: Claiming 0a:58:0a:80:00:05 10.128.0.5
2026-01-28T09:30:32.672737308Z 2026-01-28T09:30:32.672Z|00068|binding|INFO|Setting lport openshift-network-diagnostics_network-check-target-tx8wg ovn-installed in OVS
2026-01-28T09:30:32.672782589Z 2026-01-28T09:30:32.672Z|00069|binding|INFO|Setting lport openshift-network-diagnostics_network-check-target-tx8wg up in Southbound
2026-01-28T09:30:32.852747060Z 2026-01-28T09:30:32.852Z|00070|binding|INFO|Claiming lport openshift-kube-storage-version-migrator_migrator-78ddfff78f-78lck for this chassis.
2026-01-28T09:30:32.852747060Z 2026-01-28T09:30:32.852Z|00071|binding|INFO|openshift-kube-storage-version-migrator_migrator-78ddfff78f-78lck: Claiming 0a:58:0a:80:00:06 10.128.0.6
2026-01-28T09:30:32.860975256Z 2026-01-28T09:30:32.860Z|00072|binding|INFO|Setting lport openshift-kube-storage-version-migrator_migrator-78ddfff78f-78lck ovn-installed in OVS
2026-01-28T09:30:32.860975256Z 2026-01-28T09:30:32.860Z|00073|binding|INFO|Setting lport openshift-kube-storage-version-migrator_migrator-78ddfff78f-78lck up in Southbound
2026-01-28T09:30:50.950406346Z 2026-01-28T09:30:50.950Z|00074|binding|INFO|Claiming lport openshift-e2e-loki_loki-promtail-qp4ld for this chassis.
2026-01-28T09:30:50.950457097Z 2026-01-28T09:30:50.950Z|00075|binding|INFO|openshift-e2e-loki_loki-promtail-qp4ld: Claiming 0a:58:0a:80:00:04 10.128.0.4
2026-01-28T09:30:50.959742496Z 2026-01-28T09:30:50.959Z|00076|binding|INFO|Setting lport openshift-e2e-loki_loki-promtail-qp4ld ovn-installed in OVS
2026-01-28T09:30:50.959786237Z 2026-01-28T09:30:50.959Z|00077|binding|INFO|Setting lport openshift-e2e-loki_loki-promtail-qp4ld up in Southbound
2026-01-28T09:30:59.463508836Z 2026-01-28T09:30:59.463Z|00078|binding|INFO|Claiming lport openshift-oauth-apiserver_apiserver-6b75d77bd5-dqjkl for this chassis.
2026-01-28T09:30:59.463555906Z 2026-01-28T09:30:59.463Z|00079|binding|INFO|openshift-oauth-apiserver_apiserver-6b75d77bd5-dqjkl: Claiming 0a:58:0a:80:00:08 10.128.0.8
2026-01-28T09:30:59.473098604Z 2026-01-28T09:30:59.473Z|00080|binding|INFO|Setting lport openshift-oauth-apiserver_apiserver-6b75d77bd5-dqjkl ovn-installed in OVS
2026-01-28T09:30:59.473222687Z 2026-01-28T09:30:59.473Z|00081|binding|INFO|Setting lport openshift-oauth-apiserver_apiserver-6b75d77bd5-dqjkl up in Southbound
2026-01-28T09:31:07.128495522Z 2026-01-28T09:31:07.128Z|00082|binding|INFO|Claiming lport openshift-cluster-csi-drivers_aws-ebs-csi-driver-operator-58fb94fb4b-8qj5n for this chassis.
2026-01-28T09:31:07.128495522Z 2026-01-28T09:31:07.128Z|00083|binding|INFO|openshift-cluster-csi-drivers_aws-ebs-csi-driver-operator-58fb94fb4b-8qj5n: Claiming 0a:58:0a:80:00:09 10.128.0.9
2026-01-28T09:31:07.140026253Z 2026-01-28T09:31:07.139Z|00084|binding|INFO|Setting lport openshift-cluster-csi-drivers_aws-ebs-csi-driver-operator-58fb94fb4b-8qj5n ovn-installed in OVS
2026-01-28T09:31:07.140026253Z 2026-01-28T09:31:07.139Z|00085|binding|INFO|Setting lport openshift-cluster-csi-drivers_aws-ebs-csi-driver-operator-58fb94fb4b-8qj5n up in Southbound
2026-01-28T09:31:07.610796090Z 2026-01-28T09:31:07.610Z|00086|binding|INFO|Claiming lport openshift-console_downloads-5cd4dc6c99-bvlbk for this chassis.
2026-01-28T09:31:07.611109747Z 2026-01-28T09:31:07.611Z|00087|binding|INFO|openshift-console_downloads-5cd4dc6c99-bvlbk: Claiming 0a:58:0a:80:00:0a 10.128.0.10
2026-01-28T09:31:07.620596294Z 2026-01-28T09:31:07.620Z|00088|binding|INFO|Setting lport openshift-console_downloads-5cd4dc6c99-bvlbk ovn-installed in OVS
2026-01-28T09:31:07.620596294Z 2026-01-28T09:31:07.620Z|00089|binding|INFO|Setting lport openshift-console_downloads-5cd4dc6c99-bvlbk up in Southbound
2026-01-28T09:31:11.166293950Z 2026-01-28T09:31:11.166Z|00090|binding|INFO|Claiming lport openshift-operator-controller_operator-controller-controller-manager-66b6b87dc7-msqnr for this chassis.
2026-01-28T09:31:11.166293950Z 2026-01-28T09:31:11.166Z|00091|binding|INFO|openshift-operator-controller_operator-controller-controller-manager-66b6b87dc7-msqnr: Claiming 0a:58:0a:80:00:0b 10.128.0.11
2026-01-28T09:31:11.185273617Z 2026-01-28T09:31:11.185Z|00092|binding|INFO|Setting lport openshift-operator-controller_operator-controller-controller-manager-66b6b87dc7-msqnr ovn-installed in OVS
2026-01-28T09:31:11.185327738Z 2026-01-28T09:31:11.185Z|00093|binding|INFO|Setting lport openshift-operator-controller_operator-controller-controller-manager-66b6b87dc7-msqnr up in Southbound
2026-01-28T09:31:11.797196338Z 2026-01-28T09:31:11.797Z|00094|binding|INFO|Claiming lport openshift-catalogd_catalogd-controller-manager-67dbc4869c-r2qb5 for this chassis.
2026-01-28T09:31:11.797249509Z 2026-01-28T09:31:11.797Z|00095|binding|INFO|openshift-catalogd_catalogd-controller-manager-67dbc4869c-r2qb5: Claiming 0a:58:0a:80:00:0c 10.128.0.12
2026-01-28T09:31:11.814310663Z 2026-01-28T09:31:11.814Z|00096|binding|INFO|Setting lport openshift-catalogd_catalogd-controller-manager-67dbc4869c-r2qb5 ovn-installed in OVS
2026-01-28T09:31:11.814310663Z 2026-01-28T09:31:11.814Z|00097|binding|INFO|Setting lport openshift-catalogd_catalogd-controller-manager-67dbc4869c-r2qb5 up in Southbound
2026-01-28T09:31:14.591958218Z 2026-01-28T09:31:14.591Z|00098|binding|INFO|Claiming lport openshift-cluster-csi-drivers_aws-ebs-csi-driver-controller-5cbc97cfdb-pct52 for this chassis.
2026-01-28T09:31:14.591958218Z 2026-01-28T09:31:14.591Z|00099|binding|INFO|openshift-cluster-csi-drivers_aws-ebs-csi-driver-controller-5cbc97cfdb-pct52: Claiming 0a:58:0a:80:00:0e 10.128.0.14
2026-01-28T09:31:14.616710885Z 2026-01-28T09:31:14.616Z|00100|binding|INFO|Setting lport openshift-cluster-csi-drivers_aws-ebs-csi-driver-controller-5cbc97cfdb-pct52 ovn-installed in OVS
2026-01-28T09:31:14.616710885Z 2026-01-28T09:31:14.616Z|00101|binding|INFO|Setting lport openshift-cluster-csi-drivers_aws-ebs-csi-driver-controller-5cbc97cfdb-pct52 up in Southbound
2026-01-28T09:31:36.804569296Z 2026-01-28T09:31:36.801Z|00102|binding|INFO|Claiming lport openshift-multus_network-metrics-daemon-gm8vn for this chassis.
2026-01-28T09:31:36.804569296Z 2026-01-28T09:31:36.801Z|00103|binding|INFO|openshift-multus_network-metrics-daemon-gm8vn: Claiming 0a:58:0a:80:00:03 10.128.0.3
2026-01-28T09:31:36.812381847Z 2026-01-28T09:31:36.812Z|00104|binding|INFO|Setting lport openshift-multus_network-metrics-daemon-gm8vn ovn-installed in OVS
2026-01-28T09:31:36.812445538Z 2026-01-28T09:31:36.812Z|00105|binding|INFO|Setting lport openshift-multus_network-metrics-daemon-gm8vn up in Southbound
2026-01-28T09:31:42.910620668Z 2026-01-28T09:31:42.910Z|00106|binding|INFO|Claiming lport openshift-cluster-samples-operator_cluster-samples-operator-7b5d69f995-jcddc for this chassis.
2026-01-28T09:31:42.910683029Z 2026-01-28T09:31:42.910Z|00107|binding|INFO|openshift-cluster-samples-operator_cluster-samples-operator-7b5d69f995-jcddc: Claiming 0a:58:0a:80:00:0f 10.128.0.15
2026-01-28T09:31:42.921240242Z 2026-01-28T09:31:42.921Z|00108|binding|INFO|Setting lport openshift-cluster-samples-operator_cluster-samples-operator-7b5d69f995-jcddc ovn-installed in OVS
2026-01-28T09:31:42.921293673Z 2026-01-28T09:31:42.921Z|00109|binding|INFO|Setting lport openshift-cluster-samples-operator_cluster-samples-operator-7b5d69f995-jcddc up in Southbound
2026-01-28T09:31:57.353096683Z 2026-01-28T09:31:57.352Z|00110|binding|INFO|Claiming lport openshift-multus_multus-admission-controller-7d8778c98d-llvc8 for this chassis.
2026-01-28T09:31:57.353096683Z 2026-01-28T09:31:57.352Z|00111|binding|INFO|openshift-multus_multus-admission-controller-7d8778c98d-llvc8: Claiming 0a:58:0a:80:00:10 10.128.0.16
2026-01-28T09:31:57.364498752Z 2026-01-28T09:31:57.364Z|00112|binding|INFO|Setting lport openshift-multus_multus-admission-controller-7d8778c98d-llvc8 ovn-installed in OVS
2026-01-28T09:31:57.364557833Z 2026-01-28T09:31:57.364Z|00113|binding|INFO|Setting lport openshift-multus_multus-admission-controller-7d8778c98d-llvc8 up in Southbound
2026-01-28T09:31:58.595604118Z 2026-01-28T09:31:58.590Z|00114|binding|INFO|Claiming lport openshift-machine-api_machine-api-controllers-67dcb4566c-m4pg8 for this chassis.
2026-01-28T09:31:58.595604118Z 2026-01-28T09:31:58.590Z|00115|binding|INFO|openshift-machine-api_machine-api-controllers-67dcb4566c-m4pg8: Claiming 0a:58:0a:80:00:11 10.128.0.17
2026-01-28T09:31:58.617284754Z 2026-01-28T09:31:58.617Z|00116|binding|INFO|Setting lport openshift-machine-api_machine-api-controllers-67dcb4566c-m4pg8 ovn-installed in OVS
2026-01-28T09:31:58.617284754Z 2026-01-28T09:31:58.617Z|00117|binding|INFO|Setting lport openshift-machine-api_machine-api-controllers-67dcb4566c-m4pg8 up in Southbound
2026-01-28T09:31:59.516826201Z 2026-01-28T09:31:59.516Z|00118|binding|INFO|Claiming lport openshift-apiserver_apiserver-bd64768ff-zrbrf for this chassis.
2026-01-28T09:31:59.516826201Z 2026-01-28T09:31:59.516Z|00119|binding|INFO|openshift-apiserver_apiserver-bd64768ff-zrbrf: Claiming 0a:58:0a:80:00:12 10.128.0.18
2026-01-28T09:31:59.530873249Z 2026-01-28T09:31:59.530Z|00120|binding|INFO|Setting lport openshift-apiserver_apiserver-bd64768ff-zrbrf up in Southbound
2026-01-28T09:31:59.531594445Z 2026-01-28T09:31:59.531Z|00121|binding|INFO|Setting lport openshift-apiserver_apiserver-bd64768ff-zrbrf ovn-installed in OVS
2026-01-28T09:31:59.682659307Z 2026-01-28T09:31:59.682Z|00122|binding|INFO|Claiming lport openshift-dns_dns-default-4bqn5 for this chassis.
2026-01-28T09:31:59.682659307Z 2026-01-28T09:31:59.682Z|00123|binding|INFO|openshift-dns_dns-default-4bqn5: Claiming 0a:58:0a:80:00:13 10.128.0.19
2026-01-28T09:31:59.694476886Z 2026-01-28T09:31:59.694Z|00124|binding|INFO|Setting lport openshift-dns_dns-default-4bqn5 ovn-installed in OVS
2026-01-28T09:31:59.694476886Z 2026-01-28T09:31:59.694Z|00125|binding|INFO|Setting lport openshift-dns_dns-default-4bqn5 up in Southbound
2026-01-28T09:32:00.194001022Z 2026-01-28T09:32:00.193Z|00126|binding|INFO|Claiming lport openshift-marketplace_redhat-operators-z8l2c for this chassis.
2026-01-28T09:32:00.194063263Z 2026-01-28T09:32:00.194Z|00127|binding|INFO|openshift-marketplace_redhat-operators-z8l2c: Claiming 0a:58:0a:80:00:14 10.128.0.20
2026-01-28T09:32:00.226668898Z 2026-01-28T09:32:00.226Z|00128|binding|INFO|Setting lport openshift-marketplace_redhat-operators-z8l2c ovn-installed in OVS
2026-01-28T09:32:00.226728399Z 2026-01-28T09:32:00.226Z|00129|binding|INFO|Setting lport openshift-marketplace_redhat-operators-z8l2c up in Southbound
2026-01-28T09:32:00.232508636Z 2026-01-28T09:32:00.232Z|00130|binding|INFO|Claiming lport openshift-marketplace_certified-operators-wczxg for this chassis.
2026-01-28T09:32:00.232557607Z 2026-01-28T09:32:00.232Z|00131|binding|INFO|openshift-marketplace_certified-operators-wczxg: Claiming 0a:58:0a:80:00:15 10.128.0.21
2026-01-28T09:32:00.270643013Z 2026-01-28T09:32:00.269Z|00132|binding|INFO|Setting lport openshift-marketplace_certified-operators-wczxg ovn-installed in OVS
2026-01-28T09:32:00.270643013Z 2026-01-28T09:32:00.269Z|00133|binding|INFO|Setting lport openshift-marketplace_certified-operators-wczxg up in Southbound
2026-01-28T09:32:00.589210669Z 2026-01-28T09:32:00.588Z|00134|binding|INFO|Claiming lport openshift-cluster-storage-operator_csi-snapshot-controller-5565fccc6c-vhqrv for this chassis.
2026-01-28T09:32:00.589210669Z 2026-01-28T09:32:00.588Z|00135|binding|INFO|openshift-cluster-storage-operator_csi-snapshot-controller-5565fccc6c-vhqrv: Claiming 0a:58:0a:80:00:16 10.128.0.22
2026-01-28T09:32:00.616676281Z 2026-01-28T09:32:00.616Z|00136|binding|INFO|Setting lport openshift-cluster-storage-operator_csi-snapshot-controller-5565fccc6c-vhqrv ovn-installed in OVS
2026-01-28T09:32:00.616676281Z 2026-01-28T09:32:00.616Z|00137|binding|INFO|Setting lport openshift-cluster-storage-operator_csi-snapshot-controller-5565fccc6c-vhqrv up in Southbound
2026-01-28T09:32:01.114927638Z 2026-01-28T09:32:01.114Z|00138|binding|INFO|Claiming lport openshift-operator-lifecycle-manager_packageserver-656f88d5c4-sbtzw for this chassis.
2026-01-28T09:32:01.114978969Z 2026-01-28T09:32:01.114Z|00139|binding|INFO|openshift-operator-lifecycle-manager_packageserver-656f88d5c4-sbtzw: Claiming 0a:58:0a:80:00:17 10.128.0.23
2026-01-28T09:32:01.136985211Z 2026-01-28T09:32:01.134Z|00140|binding|INFO|Setting lport openshift-operator-lifecycle-manager_packageserver-656f88d5c4-sbtzw ovn-installed in OVS
2026-01-28T09:32:01.136985211Z 2026-01-28T09:32:01.134Z|00141|binding|INFO|Setting lport openshift-operator-lifecycle-manager_packageserver-656f88d5c4-sbtzw up in Southbound
2026-01-28T09:32:21.377529476Z 2026-01-28T09:32:21.377Z|00142|binding|INFO|Claiming lport openshift-marketplace_redhat-marketplace-5tppv for this chassis.
2026-01-28T09:32:21.377529476Z 2026-01-28T09:32:21.377Z|00143|binding|INFO|openshift-marketplace_redhat-marketplace-5tppv: Claiming 0a:58:0a:80:00:19 10.128.0.25
2026-01-28T09:32:21.401757378Z 2026-01-28T09:32:21.401Z|00144|binding|INFO|Setting lport openshift-marketplace_redhat-marketplace-5tppv ovn-installed in OVS
2026-01-28T09:32:21.401812039Z 2026-01-28T09:32:21.401Z|00145|binding|INFO|Setting lport openshift-marketplace_redhat-marketplace-5tppv up in Southbound
2026-01-28T09:32:22.061388843Z 2026-01-28T09:32:22.061Z|00146|binding|INFO|Claiming lport openshift-marketplace_community-operators-h5ks4 for this chassis.
2026-01-28T09:32:22.061448214Z 2026-01-28T09:32:22.061Z|00147|binding|INFO|openshift-marketplace_community-operators-h5ks4: Claiming 0a:58:0a:80:00:18 10.128.0.24
2026-01-28T09:32:22.078211612Z 2026-01-28T09:32:22.078Z|00148|binding|INFO|Setting lport openshift-marketplace_community-operators-h5ks4 ovn-installed in OVS
2026-01-28T09:32:22.078271934Z 2026-01-28T09:32:22.078Z|00149|binding|INFO|Setting lport openshift-marketplace_community-operators-h5ks4 up in Southbound
2026-01-28T09:32:22.524429998Z 2026-01-28T09:32:22.524Z|00150|binding|INFO|Claiming lport openshift-machine-config-operator_machine-config-controller-684d9b9c86-l4lpq for this chassis.
2026-01-28T09:32:22.524487389Z 2026-01-28T09:32:22.524Z|00151|binding|INFO|openshift-machine-config-operator_machine-config-controller-684d9b9c86-l4lpq: Claiming 0a:58:0a:80:00:1a 10.128.0.26
2026-01-28T09:32:22.535544581Z 2026-01-28T09:32:22.535Z|00152|binding|INFO|Setting lport openshift-machine-config-operator_machine-config-controller-684d9b9c86-l4lpq ovn-installed in OVS
2026-01-28T09:32:22.535544581Z 2026-01-28T09:32:22.535Z|00153|binding|INFO|Setting lport openshift-machine-config-operator_machine-config-controller-684d9b9c86-l4lpq up in Southbound
2026-01-28T09:34:36.291591507Z 2026-01-28T09:34:36.291Z|00154|memory_trim|INFO|Detected inactivity (last active 30001 ms ago): trimming memory
2026-01-28T09:34:50.881693169Z 2026-01-28T09:34:50.881Z|00155|binding|INFO|Releasing lport openshift-oauth-apiserver_apiserver-6b75d77bd5-dqjkl from this chassis (sb_readonly=0)
2026-01-28T09:34:50.881958765Z 2026-01-28T09:34:50.881Z|00156|binding|INFO|Setting lport openshift-oauth-apiserver_apiserver-6b75d77bd5-dqjkl down in Southbound
2026-01-28T09:34:51.424869689Z 2026-01-28T09:34:51.424Z|00157|binding|INFO|Claiming lport openshift-oauth-apiserver_apiserver-7b48d6dccd-ktcrp for this chassis.
2026-01-28T09:34:51.424869689Z 2026-01-28T09:34:51.424Z|00158|binding|INFO|openshift-oauth-apiserver_apiserver-7b48d6dccd-ktcrp: Claiming 0a:58:0a:80:00:1b 10.128.0.27
2026-01-28T09:34:51.461177693Z 2026-01-28T09:34:51.461Z|00159|binding|INFO|Setting lport openshift-oauth-apiserver_apiserver-7b48d6dccd-ktcrp up in Southbound
2026-01-28T09:34:51.461796637Z 2026-01-28T09:34:51.461Z|00160|binding|INFO|Setting lport openshift-oauth-apiserver_apiserver-7b48d6dccd-ktcrp ovn-installed in OVS
2026-01-28T09:34:56.644546804Z 2026-01-28T09:34:56.644Z|00161|binding|INFO|Releasing lport openshift-apiserver_apiserver-bd64768ff-zrbrf from this chassis (sb_readonly=0)
2026-01-28T09:34:56.644605646Z 2026-01-28T09:34:56.644Z|00162|binding|INFO|Setting lport openshift-apiserver_apiserver-bd64768ff-zrbrf down in Southbound
2026-01-28T09:34:57.166612300Z 2026-01-28T09:34:57.166Z|00163|binding|INFO|Claiming lport openshift-apiserver_apiserver-7c78d7f689-6xth5 for this chassis.
2026-01-28T09:34:57.166667331Z 2026-01-28T09:34:57.166Z|00164|binding|INFO|openshift-apiserver_apiserver-7c78d7f689-6xth5: Claiming 0a:58:0a:80:00:1c 10.128.0.28
2026-01-28T09:34:57.201555126Z 2026-01-28T09:34:57.201Z|00165|binding|INFO|Setting lport openshift-apiserver_apiserver-7c78d7f689-6xth5 up in Southbound
2026-01-28T09:34:57.202177309Z 2026-01-28T09:34:57.202Z|00166|binding|INFO|Setting lport openshift-apiserver_apiserver-7c78d7f689-6xth5 ovn-installed in OVS
2026-01-28T09:35:06.125772018Z 2026-01-28T09:35:06.125Z|00167|binding|INFO|Claiming lport openshift-etcd_installer-4-ip-10-0-3-203.us-west-1.compute.internal for this chassis.
2026-01-28T09:35:06.125830449Z 2026-01-28T09:35:06.125Z|00168|binding|INFO|openshift-etcd_installer-4-ip-10-0-3-203.us-west-1.compute.internal: Claiming 0a:58:0a:80:00:1d 10.128.0.29
2026-01-28T09:35:06.161579523Z 2026-01-28T09:35:06.161Z|00169|binding|INFO|Setting lport openshift-etcd_installer-4-ip-10-0-3-203.us-west-1.compute.internal up in Southbound
2026-01-28T09:35:06.162816719Z 2026-01-28T09:35:06.162Z|00170|binding|INFO|Setting lport openshift-etcd_installer-4-ip-10-0-3-203.us-west-1.compute.internal ovn-installed in OVS
2026-01-28T09:35:14.327176949Z 2026-01-28T09:35:14.327Z|00171|binding|INFO|Claiming lport openshift-etcd_installer-5-ip-10-0-3-203.us-west-1.compute.internal for this chassis.
2026-01-28T09:35:14.327234160Z 2026-01-28T09:35:14.327Z|00172|binding|INFO|openshift-etcd_installer-5-ip-10-0-3-203.us-west-1.compute.internal: Claiming 0a:58:0a:80:00:1e 10.128.0.30
2026-01-28T09:35:14.362328745Z 2026-01-28T09:35:14.362Z|00173|binding|INFO|Setting lport openshift-etcd_installer-5-ip-10-0-3-203.us-west-1.compute.internal up in Southbound
2026-01-28T09:35:14.362759256Z 2026-01-28T09:35:14.362Z|00174|binding|INFO|Setting lport openshift-etcd_installer-5-ip-10-0-3-203.us-west-1.compute.internal ovn-installed in OVS
2026-01-28T09:35:40.626648609Z 2026-01-28T09:35:40.626Z|00175|binding|INFO|Releasing lport openshift-etcd_installer-4-ip-10-0-3-203.us-west-1.compute.internal from this chassis (sb_readonly=0)
2026-01-28T09:35:40.626648609Z 2026-01-28T09:35:40.626Z|00176|binding|INFO|Setting lport openshift-etcd_installer-4-ip-10-0-3-203.us-west-1.compute.internal down in Southbound
2026-01-28T09:36:17.689590442Z 2026-01-28T09:36:17.689Z|00177|binding|INFO|Releasing lport openshift-etcd_installer-5-ip-10-0-3-203.us-west-1.compute.internal from this chassis (sb_readonly=0)
2026-01-28T09:36:17.689687684Z 2026-01-28T09:36:17.689Z|00178|binding|INFO|Setting lport openshift-etcd_installer-5-ip-10-0-3-203.us-west-1.compute.internal down in Southbound
2026-01-28T09:36:30.128739413Z 2026-01-28T09:36:30.128Z|00179|binding|INFO|Claiming lport openshift-etcd_etcd-guard-ip-10-0-3-203.us-west-1.compute.internal for this chassis.
2026-01-28T09:36:30.134298874Z 2026-01-28T09:36:30.134Z|00180|binding|INFO|openshift-etcd_etcd-guard-ip-10-0-3-203.us-west-1.compute.internal: Claiming 0a:58:0a:80:00:1f 10.128.0.31
2026-01-28T09:36:30.197291571Z 2026-01-28T09:36:30.197Z|00181|binding|INFO|Setting lport openshift-etcd_etcd-guard-ip-10-0-3-203.us-west-1.compute.internal up in Southbound
2026-01-28T09:36:30.198001816Z 2026-01-28T09:36:30.197Z|00182|binding|INFO|Setting lport openshift-etcd_etcd-guard-ip-10-0-3-203.us-west-1.compute.internal ovn-installed in OVS
2026-01-28T09:36:43.305103355Z 2026-01-28T09:36:43.305Z|00183|physical|WARN|Failed to locate tunnel to reach main chassis b05dcdea-d287-4be2-9713-b19b15f2a77d for port tstor-ip-10-0-78-215.us-west-1.compute.internal.
2026-01-28T09:36:46.972035596Z 2026-01-28T09:36:46.971Z|00184|binding|INFO|Claiming lport openshift-kube-scheduler_installer-5-ip-10-0-3-203.us-west-1.compute.internal for this chassis.
2026-01-28T09:36:46.972035596Z 2026-01-28T09:36:46.972Z|00185|binding|INFO|openshift-kube-scheduler_installer-5-ip-10-0-3-203.us-west-1.compute.internal: Claiming 0a:58:0a:80:00:20 10.128.0.32
2026-01-28T09:36:47.008134370Z 2026-01-28T09:36:47.008Z|00186|binding|INFO|Setting lport openshift-kube-scheduler_installer-5-ip-10-0-3-203.us-west-1.compute.internal ovn-installed in OVS
2026-01-28T09:36:47.008134370Z 2026-01-28T09:36:47.008Z|00187|binding|INFO|Setting lport openshift-kube-scheduler_installer-5-ip-10-0-3-203.us-west-1.compute.internal up in Southbound
2026-01-28T09:36:51.922099392Z 2026-01-28T09:36:51.922Z|00188|binding|INFO|Releasing lport openshift-apiserver_apiserver-7c78d7f689-6xth5 from this chassis (sb_readonly=0)
2026-01-28T09:36:51.922160024Z 2026-01-28T09:36:51.922Z|00189|binding|INFO|Setting lport openshift-apiserver_apiserver-7c78d7f689-6xth5 down in Southbound
2026-01-28T09:36:52.453829982Z 2026-01-28T09:36:52.453Z|00190|binding|INFO|Claiming lport openshift-apiserver_apiserver-78df49b6c5-kgc2j for this chassis.
2026-01-28T09:36:52.453905043Z 2026-01-28T09:36:52.453Z|00191|binding|INFO|openshift-apiserver_apiserver-78df49b6c5-kgc2j: Claiming 0a:58:0a:80:00:21 10.128.0.33
2026-01-28T09:36:52.489690188Z 2026-01-28T09:36:52.489Z|00192|binding|INFO|Setting lport openshift-apiserver_apiserver-78df49b6c5-kgc2j ovn-installed in OVS
2026-01-28T09:36:52.489727309Z 2026-01-28T09:36:52.489Z|00193|binding|INFO|Setting lport openshift-apiserver_apiserver-78df49b6c5-kgc2j up in Southbound
2026-01-28T09:37:04.449412637Z 2026-01-28T09:37:04.449Z|00194|binding|INFO|Claiming lport openshift-kube-controller-manager_installer-5-ip-10-0-3-203.us-west-1.compute.internal for this chassis.
2026-01-28T09:37:04.449932869Z 2026-01-28T09:37:04.449Z|00195|binding|INFO|openshift-kube-controller-manager_installer-5-ip-10-0-3-203.us-west-1.compute.internal: Claiming 0a:58:0a:80:00:22 10.128.0.34
2026-01-28T09:37:04.487114125Z 2026-01-28T09:37:04.487Z|00196|binding|INFO|Setting lport openshift-kube-controller-manager_installer-5-ip-10-0-3-203.us-west-1.compute.internal ovn-installed in OVS
2026-01-28T09:37:04.487114125Z 2026-01-28T09:37:04.487Z|00197|binding|INFO|Setting lport openshift-kube-controller-manager_installer-5-ip-10-0-3-203.us-west-1.compute.internal up in Southbound
2026-01-28T09:37:22.944515069Z 2026-01-28T09:37:22.944Z|00198|binding|INFO|Releasing lport openshift-kube-scheduler_installer-5-ip-10-0-3-203.us-west-1.compute.internal from this chassis (sb_readonly=0)
2026-01-28T09:37:22.944585701Z 2026-01-28T09:37:22.944Z|00199|binding|INFO|Setting lport openshift-kube-scheduler_installer-5-ip-10-0-3-203.us-west-1.compute.internal down in Southbound
2026-01-28T09:37:28.717544792Z 2026-01-28T09:37:28.717Z|00200|binding|INFO|Claiming lport openshift-kube-scheduler_openshift-kube-scheduler-guard-ip-10-0-3-203.us-west-1.compute.internal for this chassis.
2026-01-28T09:37:28.717600904Z 2026-01-28T09:37:28.717Z|00201|binding|INFO|openshift-kube-scheduler_openshift-kube-scheduler-guard-ip-10-0-3-203.us-west-1.compute.internal: Claiming 0a:58:0a:80:00:23 10.128.0.35
2026-01-28T09:37:28.755140752Z 2026-01-28T09:37:28.755Z|00202|binding|INFO|Setting lport openshift-kube-scheduler_openshift-kube-scheduler-guard-ip-10-0-3-203.us-west-1.compute.internal up in Southbound
2026-01-28T09:37:28.755775307Z 2026-01-28T09:37:28.755Z|00203|binding|INFO|Setting lport openshift-kube-scheduler_openshift-kube-scheduler-guard-ip-10-0-3-203.us-west-1.compute.internal ovn-installed in OVS
2026-01-28T09:37:42.014160467Z 2026-01-28T09:37:42.014Z|00204|binding|INFO|Releasing lport openshift-kube-controller-manager_installer-5-ip-10-0-3-203.us-west-1.compute.internal from this chassis (sb_readonly=0)
2026-01-28T09:37:42.014160467Z 2026-01-28T09:37:42.014Z|00205|binding|INFO|Setting lport openshift-kube-controller-manager_installer-5-ip-10-0-3-203.us-west-1.compute.internal down in Southbound
2026-01-28T09:37:52.685420263Z 2026-01-28T09:37:52.685Z|00206|binding|INFO|Claiming lport openshift-kube-controller-manager_kube-controller-manager-guard-ip-10-0-3-203.us-west-1.compute.internal for this chassis.
2026-01-28T09:37:52.685474894Z 2026-01-28T09:37:52.685Z|00207|binding|INFO|openshift-kube-controller-manager_kube-controller-manager-guard-ip-10-0-3-203.us-west-1.compute.internal: Claiming 0a:58:0a:80:00:24 10.128.0.36
2026-01-28T09:37:52.721678174Z 2026-01-28T09:37:52.721Z|00208|binding|INFO|Setting lport openshift-kube-controller-manager_kube-controller-manager-guard-ip-10-0-3-203.us-west-1.compute.internal up in Southbound
2026-01-28T09:37:52.722131214Z 2026-01-28T09:37:52.722Z|00209|binding|INFO|Setting lport openshift-kube-controller-manager_kube-controller-manager-guard-ip-10-0-3-203.us-west-1.compute.internal ovn-installed in OVS
2026-01-28T09:38:46.418322206Z 2026-01-28T09:38:46.418Z|00210|binding|INFO|Releasing lport openshift-apiserver_apiserver-78df49b6c5-kgc2j from this chassis (sb_readonly=0)
2026-01-28T09:38:46.418322206Z 2026-01-28T09:38:46.418Z|00211|binding|INFO|Setting lport openshift-apiserver_apiserver-78df49b6c5-kgc2j down in Southbound
2026-01-28T09:38:46.951503506Z 2026-01-28T09:38:46.950Z|00212|binding|INFO|Claiming lport openshift-apiserver_apiserver-7fd9cdccd4-z82lt for this chassis.
2026-01-28T09:38:46.951503506Z 2026-01-28T09:38:46.950Z|00213|binding|INFO|openshift-apiserver_apiserver-7fd9cdccd4-z82lt: Claiming 0a:58:0a:80:00:25 10.128.0.37
2026-01-28T09:38:46.986866624Z 2026-01-28T09:38:46.986Z|00214|binding|INFO|Setting lport openshift-apiserver_apiserver-7fd9cdccd4-z82lt ovn-installed in OVS
2026-01-28T09:38:46.986866624Z 2026-01-28T09:38:46.986Z|00215|binding|INFO|Setting lport openshift-apiserver_apiserver-7fd9cdccd4-z82lt up in Southbound
2026-01-28T09:38:54.605532592Z 2026-01-28T09:38:54.605Z|00216|binding|INFO|Claiming lport openshift-kube-apiserver_installer-2-ip-10-0-3-203.us-west-1.compute.internal for this chassis.
2026-01-28T09:38:54.605532592Z 2026-01-28T09:38:54.605Z|00217|binding|INFO|openshift-kube-apiserver_installer-2-ip-10-0-3-203.us-west-1.compute.internal: Claiming 0a:58:0a:80:00:26 10.128.0.38
2026-01-28T09:38:54.642922722Z 2026-01-28T09:38:54.642Z|00218|binding|INFO|Setting lport openshift-kube-apiserver_installer-2-ip-10-0-3-203.us-west-1.compute.internal ovn-installed in OVS
2026-01-28T09:38:54.642922722Z 2026-01-28T09:38:54.642Z|00219|binding|INFO|Setting lport openshift-kube-apiserver_installer-2-ip-10-0-3-203.us-west-1.compute.internal up in Southbound
2026-01-28T09:39:34.456925296Z 2026-01-28T09:39:34.456Z|00220|binding|INFO|Releasing lport openshift-kube-apiserver_installer-2-ip-10-0-3-203.us-west-1.compute.internal from this chassis (sb_readonly=0)
2026-01-28T09:39:34.456925296Z 2026-01-28T09:39:34.456Z|00221|binding|INFO|Setting lport openshift-kube-apiserver_installer-2-ip-10-0-3-203.us-west-1.compute.internal down in Southbound
2026-01-28T09:39:41.501621684Z 2026-01-28T09:39:41.501Z|00222|binding|INFO|Claiming lport openshift-kube-apiserver_kube-apiserver-guard-ip-10-0-3-203.us-west-1.compute.internal for this chassis.
2026-01-28T09:39:41.503236259Z 2026-01-28T09:39:41.503Z|00223|binding|INFO|openshift-kube-apiserver_kube-apiserver-guard-ip-10-0-3-203.us-west-1.compute.internal: Claiming 0a:58:0a:80:00:27 10.128.0.39
2026-01-28T09:39:41.553806242Z 2026-01-28T09:39:41.553Z|00224|binding|INFO|Setting lport openshift-kube-apiserver_kube-apiserver-guard-ip-10-0-3-203.us-west-1.compute.internal ovn-installed in OVS
2026-01-28T09:39:41.553870124Z 2026-01-28T09:39:41.553Z|00225|binding|INFO|Setting lport openshift-kube-apiserver_kube-apiserver-guard-ip-10-0-3-203.us-west-1.compute.internal up in Southbound
2026-01-28T09:39:41.764873944Z 2026-01-28T09:39:41.764Z|00226|binding|INFO|Releasing lport openshift-oauth-apiserver_apiserver-7b48d6dccd-ktcrp from this chassis (sb_readonly=0)
2026-01-28T09:39:41.764977336Z 2026-01-28T09:39:41.764Z|00227|binding|INFO|Setting lport openshift-oauth-apiserver_apiserver-7b48d6dccd-ktcrp down in Southbound
2026-01-28T09:39:42.321311783Z 2026-01-28T09:39:42.321Z|00228|binding|INFO|Claiming lport openshift-oauth-apiserver_apiserver-775c9c7997-m7k98 for this chassis.
2026-01-28T09:39:42.321363195Z 2026-01-28T09:39:42.321Z|00229|binding|INFO|openshift-oauth-apiserver_apiserver-775c9c7997-m7k98: Claiming 0a:58:0a:80:00:28 10.128.0.40
2026-01-28T09:39:42.359264897Z 2026-01-28T09:39:42.359Z|00230|binding|INFO|Setting lport openshift-oauth-apiserver_apiserver-775c9c7997-m7k98 up in Southbound
2026-01-28T09:39:42.359765338Z 2026-01-28T09:39:42.359Z|00231|binding|INFO|Setting lport openshift-oauth-apiserver_apiserver-775c9c7997-m7k98 ovn-installed in OVS
2026-01-28T09:40:12.926156356Z 2026-01-28T09:40:12.926Z|00232|binding|INFO|Claiming lport openshift-cloud-credential-operator_pod-identity-webhook-698875dc5b-7x5m5 for this chassis.
2026-01-28T09:40:12.926156356Z 2026-01-28T09:40:12.926Z|00233|binding|INFO|openshift-cloud-credential-operator_pod-identity-webhook-698875dc5b-7x5m5: Claiming 0a:58:0a:80:00:29 10.128.0.41
2026-01-28T09:40:12.976400428Z 2026-01-28T09:40:12.976Z|00234|binding|INFO|Setting lport openshift-cloud-credential-operator_pod-identity-webhook-698875dc5b-7x5m5 ovn-installed in OVS
2026-01-28T09:40:12.976400428Z 2026-01-28T09:40:12.976Z|00235|binding|INFO|Setting lport openshift-cloud-credential-operator_pod-identity-webhook-698875dc5b-7x5m5 up in Southbound
2026-01-28T09:40:21.673091191Z 2026-01-28T09:40:21.673Z|00236|binding|INFO|Claiming lport openshift-authentication_oauth-openshift-579b6b5f5-v94fp for this chassis.
2026-01-28T09:40:21.673147592Z 2026-01-28T09:40:21.673Z|00237|binding|INFO|openshift-authentication_oauth-openshift-579b6b5f5-v94fp: Claiming 0a:58:0a:80:00:2a 10.128.0.42
2026-01-28T09:40:21.714487370Z 2026-01-28T09:40:21.714Z|00238|binding|INFO|Setting lport openshift-authentication_oauth-openshift-579b6b5f5-v94fp up in Southbound
2026-01-28T09:40:21.714983441Z 2026-01-28T09:40:21.714Z|00239|binding|INFO|Setting lport openshift-authentication_oauth-openshift-579b6b5f5-v94fp ovn-installed in OVS
2026-01-28T09:40:51.724912138Z 2026-01-28T09:40:51.724Z|00240|binding|INFO|Releasing lport openshift-authentication_oauth-openshift-579b6b5f5-v94fp from this chassis (sb_readonly=0)
2026-01-28T09:40:51.724973000Z 2026-01-28T09:40:51.724Z|00241|binding|INFO|Setting lport openshift-authentication_oauth-openshift-579b6b5f5-v94fp down in Southbound
2026-01-28T09:40:52.310786259Z 2026-01-28T09:40:52.310Z|00242|binding|INFO|Claiming lport openshift-authentication_oauth-openshift-5b776594cb-k7cc7 for this chassis.
2026-01-28T09:40:52.310841340Z 2026-01-28T09:40:52.310Z|00243|binding|INFO|openshift-authentication_oauth-openshift-5b776594cb-k7cc7: Claiming 0a:58:0a:80:00:2b 10.128.0.43
2026-01-28T09:40:52.353988359Z 2026-01-28T09:40:52.353Z|00244|binding|INFO|Setting lport openshift-authentication_oauth-openshift-5b776594cb-k7cc7 ovn-installed in OVS
2026-01-28T09:40:52.353988359Z 2026-01-28T09:40:52.353Z|00245|binding|INFO|Setting lport openshift-authentication_oauth-openshift-5b776594cb-k7cc7 up in Southbound
2026-01-28T09:41:17.681791443Z 2026-01-28T09:41:17.681Z|00246|binding|INFO|Claiming lport openshift-etcd_installer-7-ip-10-0-3-203.us-west-1.compute.internal for this chassis.
2026-01-28T09:41:17.681854614Z 2026-01-28T09:41:17.681Z|00247|binding|INFO|openshift-etcd_installer-7-ip-10-0-3-203.us-west-1.compute.internal: Claiming 0a:58:0a:80:00:2c 10.128.0.44
2026-01-28T09:41:17.729140106Z 2026-01-28T09:41:17.729Z|00248|binding|INFO|Setting lport openshift-etcd_installer-7-ip-10-0-3-203.us-west-1.compute.internal up in Southbound
2026-01-28T09:41:17.729628787Z 2026-01-28T09:41:17.729Z|00249|binding|INFO|Setting lport openshift-etcd_installer-7-ip-10-0-3-203.us-west-1.compute.internal ovn-installed in OVS
2026-01-28T09:41:50.887221637Z 2026-01-28T09:41:50.887Z|00250|binding|INFO|Releasing lport openshift-etcd_installer-7-ip-10-0-3-203.us-west-1.compute.internal from this chassis (sb_readonly=0)
2026-01-28T09:41:50.887221637Z 2026-01-28T09:41:50.887Z|00251|binding|INFO|Setting lport openshift-etcd_installer-7-ip-10-0-3-203.us-west-1.compute.internal down in Southbound
2026-01-28T09:42:22.454382794Z 2026-01-28T09:42:22.454Z|00252|physical|WARN|Dropped 1 log messages in last 339 seconds (most recently, 339 seconds ago) due to excessive rate
2026-01-28T09:42:22.454445345Z 2026-01-28T09:42:22.454Z|00253|physical|WARN|Failed to locate tunnel to reach main chassis b8e4d899-989a-4849-acf9-fc22060cdbdd for port tstor-ip-10-0-101-165.us-west-1.compute.internal.
2026-01-28T09:43:10.696240237Z 2026-01-28T09:43:10.694Z|00254|binding|INFO|Claiming lport openshift-etcd_revision-pruner-7-ip-10-0-3-203.us-west-1.compute.internal for this chassis.
2026-01-28T09:43:10.696240237Z 2026-01-28T09:43:10.694Z|00255|binding|INFO|openshift-etcd_revision-pruner-7-ip-10-0-3-203.us-west-1.compute.internal: Claiming 0a:58:0a:80:00:2d 10.128.0.45
2026-01-28T09:43:10.744814391Z 2026-01-28T09:43:10.744Z|00256|binding|INFO|Setting lport openshift-etcd_revision-pruner-7-ip-10-0-3-203.us-west-1.compute.internal ovn-installed in OVS
2026-01-28T09:43:10.744814391Z 2026-01-28T09:43:10.744Z|00257|binding|INFO|Setting lport openshift-etcd_revision-pruner-7-ip-10-0-3-203.us-west-1.compute.internal up in Southbound
2026-01-28T09:43:13.371502548Z 2026-01-28T09:43:13.371Z|00258|binding|INFO|Releasing lport openshift-etcd_revision-pruner-7-ip-10-0-3-203.us-west-1.compute.internal from this chassis (sb_readonly=0)
2026-01-28T09:43:13.371502548Z 2026-01-28T09:43:13.371Z|00259|binding|INFO|Setting lport openshift-etcd_revision-pruner-7-ip-10-0-3-203.us-west-1.compute.internal down in Southbound
2026-01-28T09:43:33.167792238Z 2026-01-28T09:43:33.167Z|00260|binding|INFO|Claiming lport openshift-kube-controller-manager_installer-6-ip-10-0-3-203.us-west-1.compute.internal for this chassis.
2026-01-28T09:43:33.168956203Z 2026-01-28T09:43:33.168Z|00261|binding|INFO|openshift-kube-controller-manager_installer-6-ip-10-0-3-203.us-west-1.compute.internal: Claiming 0a:58:0a:80:00:2e 10.128.0.46
2026-01-28T09:43:33.215277685Z 2026-01-28T09:43:33.215Z|00262|binding|INFO|Setting lport openshift-kube-controller-manager_installer-6-ip-10-0-3-203.us-west-1.compute.internal ovn-installed in OVS
2026-01-28T09:43:33.215277685Z 2026-01-28T09:43:33.215Z|00263|binding|INFO|Setting lport openshift-kube-controller-manager_installer-6-ip-10-0-3-203.us-west-1.compute.internal up in Southbound
2026-01-28T09:43:33.989571789Z 2026-01-28T09:43:33.989Z|00264|binding|INFO|Claiming lport openshift-etcd_revision-pruner-8-ip-10-0-3-203.us-west-1.compute.internal for this chassis.
2026-01-28T09:43:33.994474595Z 2026-01-28T09:43:33.994Z|00265|binding|INFO|openshift-etcd_revision-pruner-8-ip-10-0-3-203.us-west-1.compute.internal: Claiming 0a:58:0a:80:00:2f 10.128.0.47
2026-01-28T09:43:34.053736901Z 2026-01-28T09:43:34.053Z|00266|binding|INFO|Setting lport openshift-etcd_revision-pruner-8-ip-10-0-3-203.us-west-1.compute.internal ovn-installed in OVS
2026-01-28T09:43:34.053736901Z 2026-01-28T09:43:34.053Z|00267|binding|INFO|Setting lport openshift-etcd_revision-pruner-8-ip-10-0-3-203.us-west-1.compute.internal up in Southbound
2026-01-28T09:43:36.386555367Z 2026-01-28T09:43:36.385Z|00268|binding|INFO|Releasing lport openshift-etcd_revision-pruner-8-ip-10-0-3-203.us-west-1.compute.internal from this chassis (sb_readonly=0)
2026-01-28T09:43:36.386555367Z 2026-01-28T09:43:36.385Z|00269|binding|INFO|Setting lport openshift-etcd_revision-pruner-8-ip-10-0-3-203.us-west-1.compute.internal down in Southbound
2026-01-28T09:43:37.193568796Z 2026-01-28T09:43:37.193Z|00270|binding|INFO|Claiming lport openshift-kube-scheduler_installer-6-ip-10-0-3-203.us-west-1.compute.internal for this chassis.
2026-01-28T09:43:37.193619967Z 2026-01-28T09:43:37.193Z|00271|binding|INFO|openshift-kube-scheduler_installer-6-ip-10-0-3-203.us-west-1.compute.internal: Claiming 0a:58:0a:80:00:30 10.128.0.48
2026-01-28T09:43:37.245558256Z 2026-01-28T09:43:37.245Z|00272|binding|INFO|Setting lport openshift-kube-scheduler_installer-6-ip-10-0-3-203.us-west-1.compute.internal ovn-installed in OVS
2026-01-28T09:43:37.245558256Z 2026-01-28T09:43:37.245Z|00273|binding|INFO|Setting lport openshift-kube-scheduler_installer-6-ip-10-0-3-203.us-west-1.compute.internal up in Southbound
2026-01-28T09:43:43.792688436Z 2026-01-28T09:43:43.792Z|00274|binding|INFO|Claiming lport openshift-console_console-7bdcfdb46d-7fnj6 for this chassis.
2026-01-28T09:43:43.792751068Z 2026-01-28T09:43:43.792Z|00275|binding|INFO|openshift-console_console-7bdcfdb46d-7fnj6: Claiming 0a:58:0a:80:00:31 10.128.0.49
2026-01-28T09:43:43.846856083Z 2026-01-28T09:43:43.846Z|00276|binding|INFO|Setting lport openshift-console_console-7bdcfdb46d-7fnj6 ovn-installed in OVS
2026-01-28T09:43:43.846941955Z 2026-01-28T09:43:43.846Z|00277|binding|INFO|Setting lport openshift-console_console-7bdcfdb46d-7fnj6 up in Southbound
2026-01-28T09:44:07.507254526Z 2026-01-28T09:44:07.507Z|00278|binding|INFO|Releasing lport openshift-kube-controller-manager_installer-6-ip-10-0-3-203.us-west-1.compute.internal from this chassis (sb_readonly=0)
2026-01-28T09:44:07.507317147Z 2026-01-28T09:44:07.507Z|00279|binding|INFO|Setting lport openshift-kube-controller-manager_installer-6-ip-10-0-3-203.us-west-1.compute.internal down in Southbound
2026-01-28T09:44:10.526671699Z 2026-01-28T09:44:10.526Z|00280|binding|INFO|Releasing lport openshift-kube-scheduler_installer-6-ip-10-0-3-203.us-west-1.compute.internal from this chassis (sb_readonly=0)
2026-01-28T09:44:10.526727100Z 2026-01-28T09:44:10.526Z|00281|binding|INFO|Setting lport openshift-kube-scheduler_installer-6-ip-10-0-3-203.us-west-1.compute.internal down in Southbound
2026-01-28T09:44:13.618925223Z 2026-01-28T09:44:13.618Z|00282|binding|INFO|Releasing lport openshift-authentication_oauth-openshift-5b776594cb-k7cc7 from this chassis (sb_readonly=0)
2026-01-28T09:44:13.621659522Z 2026-01-28T09:44:13.619Z|00283|binding|INFO|Setting lport openshift-authentication_oauth-openshift-5b776594cb-k7cc7 down in Southbound
2026-01-28T09:44:20.590165381Z 2026-01-28T09:44:20.590Z|00284|binding|INFO|Claiming lport openshift-authentication_oauth-openshift-85f8644668-jz4bp for this chassis.
2026-01-28T09:44:20.591621673Z 2026-01-28T09:44:20.591Z|00285|binding|INFO|openshift-authentication_oauth-openshift-85f8644668-jz4bp: Claiming 0a:58:0a:80:00:32 10.128.0.50
2026-01-28T09:44:20.693805692Z 2026-01-28T09:44:20.693Z|00286|binding|INFO|Setting lport openshift-authentication_oauth-openshift-85f8644668-jz4bp ovn-installed in OVS
2026-01-28T09:44:20.693863783Z 2026-01-28T09:44:20.693Z|00287|binding|INFO|Setting lport openshift-authentication_oauth-openshift-85f8644668-jz4bp up in Southbound
2026-01-28T09:44:48.116858974Z 2026-01-28T09:44:48.116Z|00288|binding|INFO|Releasing lport openshift-console_console-7bdcfdb46d-7fnj6 from this chassis (sb_readonly=0)
2026-01-28T09:44:48.117529718Z 2026-01-28T09:44:48.117Z|00289|binding|INFO|Setting lport openshift-console_console-7bdcfdb46d-7fnj6 down in Southbound
2026-01-28T09:44:48.731002780Z 2026-01-28T09:44:48.730Z|00290|binding|INFO|Claiming lport openshift-console_console-585b57b9cf-bgvtm for this chassis.
2026-01-28T09:44:48.731002780Z 2026-01-28T09:44:48.730Z|00291|binding|INFO|openshift-console_console-585b57b9cf-bgvtm: Claiming 0a:58:0a:80:00:33 10.128.0.51
2026-01-28T09:44:48.781388584Z 2026-01-28T09:44:48.781Z|00292|binding|INFO|Setting lport openshift-console_console-585b57b9cf-bgvtm up in Southbound
2026-01-28T09:44:48.784035729Z 2026-01-28T09:44:48.781Z|00293|binding|INFO|Setting lport openshift-console_console-585b57b9cf-bgvtm ovn-installed in OVS
2026-01-28T09:45:53.921124771Z 2026-01-28T09:45:53.920Z|00294|binding|INFO|Claiming lport openshift-kube-scheduler_revision-pruner-6-ip-10-0-3-203.us-west-1.compute.internal for this chassis.
2026-01-28T09:45:53.921124771Z 2026-01-28T09:45:53.920Z|00295|binding|INFO|openshift-kube-scheduler_revision-pruner-6-ip-10-0-3-203.us-west-1.compute.internal: Claiming 0a:58:0a:80:00:34 10.128.0.52
2026-01-28T09:45:53.971300646Z 2026-01-28T09:45:53.971Z|00296|binding|INFO|Setting lport openshift-kube-scheduler_revision-pruner-6-ip-10-0-3-203.us-west-1.compute.internal up in Southbound
2026-01-28T09:45:53.971808137Z 2026-01-28T09:45:53.971Z|00297|binding|INFO|Setting lport openshift-kube-scheduler_revision-pruner-6-ip-10-0-3-203.us-west-1.compute.internal ovn-installed in OVS
2026-01-28T09:45:56.112361600Z 2026-01-28T09:45:56.112Z|00298|binding|INFO|Releasing lport openshift-kube-scheduler_revision-pruner-6-ip-10-0-3-203.us-west-1.compute.internal from this chassis (sb_readonly=0)
2026-01-28T09:45:56.121669460Z 2026-01-28T09:45:56.120Z|00299|binding|INFO|Setting lport openshift-kube-scheduler_revision-pruner-6-ip-10-0-3-203.us-west-1.compute.internal down in Southbound
2026-01-28T09:46:13.532951711Z 2026-01-28T09:46:13.532Z|00300|binding|INFO|Releasing lport openshift-oauth-apiserver_apiserver-775c9c7997-m7k98 from this chassis (sb_readonly=0)
2026-01-28T09:46:13.533012682Z 2026-01-28T09:46:13.532Z|00301|binding|INFO|Setting lport openshift-oauth-apiserver_apiserver-775c9c7997-m7k98 down in Southbound
2026-01-28T09:46:14.175309315Z 2026-01-28T09:46:14.170Z|00302|binding|INFO|Claiming lport openshift-oauth-apiserver_apiserver-f485d7f4c-f7jwv for this chassis.
2026-01-28T09:46:14.175309315Z 2026-01-28T09:46:14.170Z|00303|binding|INFO|openshift-oauth-apiserver_apiserver-f485d7f4c-f7jwv: Claiming 0a:58:0a:80:00:35 10.128.0.53
2026-01-28T09:46:14.221903573Z 2026-01-28T09:46:14.221Z|00304|binding|INFO|Setting lport openshift-oauth-apiserver_apiserver-f485d7f4c-f7jwv up in Southbound
2026-01-28T09:46:14.222320462Z 2026-01-28T09:46:14.222Z|00305|binding|INFO|Setting lport openshift-oauth-apiserver_apiserver-f485d7f4c-f7jwv ovn-installed in OVS
2026-01-28T09:47:41.298695387Z 2026-01-28T09:47:41.298Z|00306|binding|INFO|Claiming lport openshift-kube-controller-manager_installer-7-ip-10-0-3-203.us-west-1.compute.internal for this chassis.
2026-01-28T09:47:41.298755068Z 2026-01-28T09:47:41.298Z|00307|binding|INFO|openshift-kube-controller-manager_installer-7-ip-10-0-3-203.us-west-1.compute.internal: Claiming 0a:58:0a:80:00:36 10.128.0.54
2026-01-28T09:47:41.352483899Z 2026-01-28T09:47:41.352Z|00308|binding|INFO|Setting lport openshift-kube-controller-manager_installer-7-ip-10-0-3-203.us-west-1.compute.internal up in Southbound
2026-01-28T09:47:41.359026108Z 2026-01-28T09:47:41.356Z|00309|binding|INFO|Setting lport openshift-kube-controller-manager_installer-7-ip-10-0-3-203.us-west-1.compute.internal ovn-installed in OVS
2026-01-28T09:47:46.428698097Z 2026-01-28T09:47:46.427Z|00310|binding|INFO|Releasing lport openshift-apiserver_apiserver-7fd9cdccd4-z82lt from this chassis (sb_readonly=0)
2026-01-28T09:47:46.428698097Z 2026-01-28T09:47:46.427Z|00311|binding|INFO|Setting lport openshift-apiserver_apiserver-7fd9cdccd4-z82lt down in Southbound
2026-01-28T09:47:47.068733508Z 2026-01-28T09:47:47.066Z|00312|binding|INFO|Claiming lport openshift-apiserver_apiserver-846d86c975-bfn5q for this chassis.
2026-01-28T09:47:47.068733508Z 2026-01-28T09:47:47.066Z|00313|binding|INFO|openshift-apiserver_apiserver-846d86c975-bfn5q: Claiming 0a:58:0a:80:00:37 10.128.0.55
2026-01-28T09:47:47.111940896Z 2026-01-28T09:47:47.111Z|00314|binding|INFO|Setting lport openshift-apiserver_apiserver-846d86c975-bfn5q up in Southbound
2026-01-28T09:47:47.112633860Z 2026-01-28T09:47:47.112Z|00315|binding|INFO|Setting lport openshift-apiserver_apiserver-846d86c975-bfn5q ovn-installed in OVS
2026-01-28T09:48:15.497286933Z 2026-01-28T09:48:15.497Z|00316|binding|INFO|Releasing lport openshift-kube-controller-manager_installer-7-ip-10-0-3-203.us-west-1.compute.internal from this chassis (sb_readonly=0)
2026-01-28T09:48:15.498159211Z 2026-01-28T09:48:15.498Z|00317|binding|INFO|Setting lport openshift-kube-controller-manager_installer-7-ip-10-0-3-203.us-west-1.compute.internal down in Southbound
2026-01-28T09:48:19.800763578Z 2026-01-28T09:48:19.798Z|00318|binding|INFO|Claiming lport openshift-etcd_installer-8-ip-10-0-3-203.us-west-1.compute.internal for this chassis.
2026-01-28T09:48:19.800763578Z 2026-01-28T09:48:19.798Z|00319|binding|INFO|openshift-etcd_installer-8-ip-10-0-3-203.us-west-1.compute.internal: Claiming 0a:58:0a:80:00:38 10.128.0.56
2026-01-28T09:48:19.863943431Z 2026-01-28T09:48:19.861Z|00320|binding|INFO|Setting lport openshift-etcd_installer-8-ip-10-0-3-203.us-west-1.compute.internal ovn-installed in OVS
2026-01-28T09:48:19.863943431Z 2026-01-28T09:48:19.861Z|00321|binding|INFO|Setting lport openshift-etcd_installer-8-ip-10-0-3-203.us-west-1.compute.internal up in Southbound
2026-01-28T09:48:52.652401857Z 2026-01-28T09:48:52.651Z|00322|binding|INFO|Releasing lport openshift-etcd_installer-8-ip-10-0-3-203.us-west-1.compute.internal from this chassis (sb_readonly=0)
2026-01-28T09:48:52.652401857Z 2026-01-28T09:48:52.651Z|00323|binding|INFO|Setting lport openshift-etcd_installer-8-ip-10-0-3-203.us-west-1.compute.internal down in Southbound
2026-01-28T09:49:22.846507331Z 2026-01-28T09:49:22.846Z|00324|memory_trim|INFO|Detected inactivity (last active 30017 ms ago): trimming memory
2026-01-28T09:50:07.828487737Z 2026-01-28T09:50:07.828Z|00325|memory_trim|INFO|Detected inactivity (last active 30003 ms ago): trimming memory
2026-01-28T09:51:26.004491422Z 2026-01-28T09:51:26.004Z|00326|memory_trim|INFO|Detected inactivity (last active 30020 ms ago): trimming memory
2026-01-28T09:51:33.218076215Z 2026-01-28T09:51:33.218Z|00327|binding|INFO|Claiming lport openshift-kube-apiserver_installer-6-ip-10-0-3-203.us-west-1.compute.internal for this chassis.
2026-01-28T09:51:33.218133877Z 2026-01-28T09:51:33.218Z|00328|binding|INFO|openshift-kube-apiserver_installer-6-ip-10-0-3-203.us-west-1.compute.internal: Claiming 0a:58:0a:80:00:39 10.128.0.57
2026-01-28T09:51:33.268044340Z 2026-01-28T09:51:33.268Z|00329|binding|INFO|Setting lport openshift-kube-apiserver_installer-6-ip-10-0-3-203.us-west-1.compute.internal up in Southbound
2026-01-28T09:51:33.268783696Z 2026-01-28T09:51:33.268Z|00330|binding|INFO|Setting lport openshift-kube-apiserver_installer-6-ip-10-0-3-203.us-west-1.compute.internal ovn-installed in OVS
2026-01-28T09:52:03.241452699Z 2026-01-28T09:52:03.241Z|00331|memory_trim|INFO|Detected inactivity (last active 30023 ms ago): trimming memory
2026-01-28T09:52:13.412610407Z 2026-01-28T09:52:13.412Z|00332|binding|INFO|Releasing lport openshift-kube-apiserver_installer-6-ip-10-0-3-203.us-west-1.compute.internal from this chassis (sb_readonly=0)
2026-01-28T09:52:13.412678659Z 2026-01-28T09:52:13.412Z|00333|binding|INFO|Setting lport openshift-kube-apiserver_installer-6-ip-10-0-3-203.us-west-1.compute.internal down in Southbound
2026-01-28T09:52:43.555394716Z 2026-01-28T09:52:43.555Z|00334|memory_trim|INFO|Detected inactivity (last active 30007 ms ago): trimming memory
2026-01-28T09:55:12.951412062Z 2026-01-28T09:55:12.951Z|00335|memory_trim|INFO|Detected inactivity (last active 30004 ms ago): trimming memory
2026-01-28T09:55:19.212192547Z 2026-01-28T09:55:19.212Z|00336|binding|INFO|Claiming lport openshift-kube-apiserver_revision-pruner-6-ip-10-0-3-203.us-west-1.compute.internal for this chassis.
2026-01-28T09:55:19.212192547Z 2026-01-28T09:55:19.212Z|00337|binding|INFO|openshift-kube-apiserver_revision-pruner-6-ip-10-0-3-203.us-west-1.compute.internal: Claiming 0a:58:0a:80:00:3a 10.128.0.58
2026-01-28T09:55:19.257736528Z 2026-01-28T09:55:19.257Z|00338|binding|INFO|Setting lport openshift-kube-apiserver_revision-pruner-6-ip-10-0-3-203.us-west-1.compute.internal up in Southbound
2026-01-28T09:55:19.258818791Z 2026-01-28T09:55:19.258Z|00339|binding|INFO|Setting lport openshift-kube-apiserver_revision-pruner-6-ip-10-0-3-203.us-west-1.compute.internal ovn-installed in OVS
2026-01-28T09:55:22.125605209Z 2026-01-28T09:55:22.125Z|00340|binding|INFO|Releasing lport openshift-kube-apiserver_revision-pruner-6-ip-10-0-3-203.us-west-1.compute.internal from this chassis (sb_readonly=0)
2026-01-28T09:55:22.125661220Z 2026-01-28T09:55:22.125Z|00341|binding|INFO|Setting lport openshift-kube-apiserver_revision-pruner-6-ip-10-0-3-203.us-west-1.compute.internal down in Southbound
2026-01-28T09:55:52.298405139Z 2026-01-28T09:55:52.298Z|00342|memory_trim|INFO|Detected inactivity (last active 30017 ms ago): trimming memory
2026-01-28T10:24:45.424744242Z 2026-01-28T10:24:45.423Z|00343|binding|INFO|Claiming lport openshift-must-gather-5xcqk_perf-node-gather-daemonset-6qhqt for this chassis.
2026-01-28T10:24:45.424744242Z 2026-01-28T10:24:45.423Z|00344|binding|INFO|openshift-must-gather-5xcqk_perf-node-gather-daemonset-6qhqt: Claiming 0a:58:0a:80:00:3b 10.128.0.59
2026-01-28T10:24:45.470113864Z 2026-01-28T10:24:45.470Z|00345|binding|INFO|Setting lport openshift-must-gather-5xcqk_perf-node-gather-daemonset-6qhqt ovn-installed in OVS
2026-01-28T10:24:45.470113864Z 2026-01-28T10:24:45.470Z|00346|binding|INFO|Setting lport openshift-must-gather-5xcqk_perf-node-gather-daemonset-6qhqt up in Southbound
2026-01-28T10:25:04.467536532Z 2026-01-28T10:25:04.467Z|00347|binding|INFO|Removing iface 9e6a386074c3b65 ovn-installed in OVS
2026-01-28T10:25:04.467805588Z 2026-01-28T10:25:04.467Z|00348|binding|INFO|Removing lport openshift-must-gather-5xcqk_perf-node-gather-daemonset-6qhqt ovn-installed in OVS
