2026-01-28T09:42:45.321347275Z I0128 09:42:45.321228       1 main.go:66] Using default collectors
2026-01-28T09:42:45.321347275Z I0128 09:42:45.321315       1 main.go:73] Using all namespace
2026-01-28T09:42:45.321347275Z I0128 09:42:45.321321       1 main.go:89] metric white- blacklisting: blacklisting the following items: 
2026-01-28T09:42:45.321535376Z W0128 09:42:45.321452       1 client_config.go:618] Neither --kubeconfig nor --master was specified.  Using the inClusterConfig.  This might not work.
2026-01-28T09:42:45.321535376Z I0128 09:42:45.321517       1 main.go:114] Starting openshift-state-metrics self metrics server: 127.0.0.1:8082
2026-01-28T09:42:45.321890737Z W0128 09:42:45.321871       1 client_config.go:618] Neither --kubeconfig nor --master was specified.  Using the inClusterConfig.  This might not work.
2026-01-28T09:42:45.322148462Z W0128 09:42:45.322129       1 client_config.go:618] Neither --kubeconfig nor --master was specified.  Using the inClusterConfig.  This might not work.
2026-01-28T09:42:45.322470272Z W0128 09:42:45.322457       1 client_config.go:618] Neither --kubeconfig nor --master was specified.  Using the inClusterConfig.  This might not work.
2026-01-28T09:42:45.322963051Z W0128 09:42:45.322944       1 client_config.go:618] Neither --kubeconfig nor --master was specified.  Using the inClusterConfig.  This might not work.
2026-01-28T09:42:45.323923388Z W0128 09:42:45.323905       1 client_config.go:618] Neither --kubeconfig nor --master was specified.  Using the inClusterConfig.  This might not work.
2026-01-28T09:42:45.324506913Z I0128 09:42:45.324489       1 builder.go:105] Active collectors: buildconfigs,builds,clusterresourcequotas,deploymentConfigs,groups,routes
2026-01-28T09:42:45.324544395Z I0128 09:42:45.324532       1 main.go:140] Starting metrics server: 127.0.0.1:8081
2026-01-28T09:42:45.336126413Z W0128 09:42:45.336099       1 warnings.go:70] apps.openshift.io/v1 DeploymentConfig is deprecated in v4.14+, unavailable in v4.10000+
2026-01-28T09:42:45.341653452Z W0128 09:42:45.341634       1 warnings.go:70] apps.openshift.io/v1 DeploymentConfig is deprecated in v4.14+, unavailable in v4.10000+
2026-01-28T09:45:49.968423716Z W0128 09:45:49.968368       1 warnings.go:70] apps.openshift.io/v1 DeploymentConfig is deprecated in v4.14+, unavailable in v4.10000+
2026-01-28T09:47:46.302533302Z W0128 09:47:46.302490       1 warnings.go:70] apps.openshift.io/v1 DeploymentConfig is deprecated in v4.14+, unavailable in v4.10000+
2026-01-28T09:50:28.000881684Z W0128 09:50:28.000837       1 warnings.go:70] apps.openshift.io/v1 DeploymentConfig is deprecated in v4.14+, unavailable in v4.10000+
2026-01-28T09:57:40.005742183Z W0128 09:57:40.005691       1 warnings.go:70] apps.openshift.io/v1 DeploymentConfig is deprecated in v4.14+, unavailable in v4.10000+
2026-01-28T10:05:30.011543757Z W0128 10:05:30.011493       1 warnings.go:70] apps.openshift.io/v1 DeploymentConfig is deprecated in v4.14+, unavailable in v4.10000+
2026-01-28T10:12:31.018561982Z W0128 10:12:31.018511       1 warnings.go:70] apps.openshift.io/v1 DeploymentConfig is deprecated in v4.14+, unavailable in v4.10000+
2026-01-28T10:18:45.024617826Z W0128 10:18:45.024546       1 warnings.go:70] apps.openshift.io/v1 DeploymentConfig is deprecated in v4.14+, unavailable in v4.10000+
