2026-01-28T09:31:53.077222721Z I0128 09:31:53.077013       1 cmd.go:253] Using service-serving-cert provided certificates
2026-01-28T09:31:53.077413931Z I0128 09:31:53.077390       1 leaderelection.go:121] The leader election gives 4 retries and allows for 30s of clock skew. The kube-apiserver downtime tolerance is 78s. Worst non-graceful lease acquisition is 2m43s. Worst graceful lease acquisition is {26s}.
2026-01-28T09:31:53.077884584Z I0128 09:31:53.077869       1 observer_polling.go:159] Starting file observer
2026-01-28T09:31:53.078218471Z I0128 09:31:53.078199       1 envvar.go:172] "Feature gate default state" feature="ClientsAllowCBOR" enabled=false
2026-01-28T09:31:53.078257713Z I0128 09:31:53.078246       1 envvar.go:172] "Feature gate default state" feature="ClientsPreferCBOR" enabled=false
2026-01-28T09:31:53.078284124Z I0128 09:31:53.078275       1 envvar.go:172] "Feature gate default state" feature="InformerResourceVersion" enabled=false
2026-01-28T09:31:53.078308265Z I0128 09:31:53.078299       1 envvar.go:172] "Feature gate default state" feature="WatchListClient" enabled=false
2026-01-28T09:31:53.101513934Z I0128 09:31:53.101477       1 builder.go:304] service-ca-operator version -
2026-01-28T09:31:53.102933254Z I0128 09:31:53.102889       1 dynamic_serving_content.go:116] "Loaded a new cert/key pair" name="serving-cert::/var/run/secrets/serving-cert/tls.crt::/var/run/secrets/serving-cert/tls.key"
2026-01-28T09:31:54.314213461Z I0128 09:31:54.313808       1 requestheader_controller.go:255] Loaded a new request header values for RequestHeaderAuthRequestController
2026-01-28T09:31:54.318732595Z I0128 09:31:54.318703       1 maxinflight.go:139] "Initialized nonMutatingChan" len=400
2026-01-28T09:31:54.318792258Z I0128 09:31:54.318778       1 maxinflight.go:145] "Initialized mutatingChan" len=200
2026-01-28T09:31:54.318852281Z I0128 09:31:54.318831       1 maxinflight.go:116] "Set denominator for readonly requests" limit=400
2026-01-28T09:31:54.318886463Z I0128 09:31:54.318876       1 maxinflight.go:120] "Set denominator for mutating requests" limit=200
2026-01-28T09:31:54.341541014Z I0128 09:31:54.341506       1 secure_serving.go:57] Forcing use of http/1.1 only
2026-01-28T09:31:54.341597266Z W0128 09:31:54.341586       1 secure_serving.go:69] Use of insecure cipher 'TLS_ECDHE_ECDSA_WITH_AES_128_CBC_SHA256' detected.
2026-01-28T09:31:54.341621078Z W0128 09:31:54.341612       1 secure_serving.go:69] Use of insecure cipher 'TLS_ECDHE_RSA_WITH_AES_128_CBC_SHA256' detected.
2026-01-28T09:31:54.341645499Z W0128 09:31:54.341636       1 secure_serving.go:69] Use of insecure cipher 'TLS_RSA_WITH_AES_128_GCM_SHA256' detected.
2026-01-28T09:31:54.341668060Z W0128 09:31:54.341659       1 secure_serving.go:69] Use of insecure cipher 'TLS_RSA_WITH_AES_256_GCM_SHA384' detected.
2026-01-28T09:31:54.341689701Z W0128 09:31:54.341681       1 secure_serving.go:69] Use of insecure cipher 'TLS_RSA_WITH_AES_128_CBC_SHA' detected.
2026-01-28T09:31:54.341711212Z W0128 09:31:54.341702       1 secure_serving.go:69] Use of insecure cipher 'TLS_RSA_WITH_AES_256_CBC_SHA' detected.
2026-01-28T09:31:54.341914892Z I0128 09:31:54.341898       1 genericapiserver.go:535] MuxAndDiscoveryComplete has all endpoints registered and discovery information is complete
2026-01-28T09:31:54.344011186Z I0128 09:31:54.343989       1 tlsconfig.go:203] "Loaded serving cert" certName="serving-cert::/var/run/secrets/serving-cert/tls.crt::/var/run/secrets/serving-cert/tls.key" certDetail="\"metrics.openshift-service-ca-operator.svc\" [serving] validServingFor=[metrics.openshift-service-ca-operator.svc,metrics.openshift-service-ca-operator.svc.cluster.local] issuer=\"openshift-service-serving-signer@1769592635\" (2026-01-28 09:30:55 +0000 UTC to 2028-01-28 09:30:56 +0000 UTC (now=2026-01-28 09:31:54.343961954 +0000 UTC))"
2026-01-28T09:31:54.344650797Z I0128 09:31:54.344633       1 named_certificates.go:53] "Loaded SNI cert" index=0 certName="self-signed loopback" certDetail="\"apiserver-loopback-client@1769592714\" [serving] validServingFor=[apiserver-loopback-client] issuer=\"apiserver-loopback-client-ca@1769592713\" (2026-01-28 08:31:53 +0000 UTC to 2027-01-28 08:31:53 +0000 UTC (now=2026-01-28 09:31:54.344613886 +0000 UTC))"
2026-01-28T09:31:54.344715991Z I0128 09:31:54.344704       1 secure_serving.go:213] Serving securely on [::]:8443
2026-01-28T09:31:54.344783834Z I0128 09:31:54.344773       1 genericapiserver.go:685] [graceful-termination] waiting for shutdown to be initiated
2026-01-28T09:31:54.344899890Z I0128 09:31:54.344119       1 dynamic_serving_content.go:135] "Starting controller" name="serving-cert::/var/run/secrets/serving-cert/tls.crt::/var/run/secrets/serving-cert/tls.key"
2026-01-28T09:31:54.345009185Z I0128 09:31:54.344189       1 requestheader_controller.go:180] Starting RequestHeaderAuthRequestController
2026-01-28T09:31:54.387730019Z I0128 09:31:54.387480       1 shared_informer.go:313] Waiting for caches to sync for RequestHeaderAuthRequestController
2026-01-28T09:31:54.388113438Z I0128 09:31:54.344237       1 configmap_cafile_content.go:205] "Starting controller" name="client-ca::kube-system::extension-apiserver-authentication::requestheader-client-ca-file"
2026-01-28T09:31:54.388219103Z I0128 09:31:54.344211       1 configmap_cafile_content.go:205] "Starting controller" name="client-ca::kube-system::extension-apiserver-authentication::client-ca-file"
2026-01-28T09:31:54.388422303Z I0128 09:31:54.344429       1 leaderelection.go:257] attempting to acquire leader lease openshift-service-ca-operator/service-ca-operator-lock...
2026-01-28T09:31:54.388828403Z I0128 09:31:54.344745       1 tlsconfig.go:243] "Starting DynamicServingCertificateController"
2026-01-28T09:31:54.388880216Z I0128 09:31:54.388244       1 shared_informer.go:313] Waiting for caches to sync for client-ca::kube-system::extension-apiserver-authentication::requestheader-client-ca-file
2026-01-28T09:31:54.389759700Z I0128 09:31:54.389721       1 shared_informer.go:320] Caches are synced for client-ca::kube-system::extension-apiserver-authentication::requestheader-client-ca-file
2026-01-28T09:31:54.389804892Z I0128 09:31:54.388471       1 shared_informer.go:313] Waiting for caches to sync for client-ca::kube-system::extension-apiserver-authentication::client-ca-file
2026-01-28T09:31:54.389979071Z I0128 09:31:54.389966       1 shared_informer.go:320] Caches are synced for client-ca::kube-system::extension-apiserver-authentication::client-ca-file
2026-01-28T09:31:54.412669933Z I0128 09:31:54.389221       1 reflector.go:376] Caches populated for *v1.ConfigMap from k8s.io/client-go@v0.32.2/tools/cache/reflector.go:251
2026-01-28T09:31:54.413711685Z I0128 09:31:54.389435       1 reflector.go:376] Caches populated for *v1.ConfigMap from k8s.io/client-go@v0.32.2/tools/cache/reflector.go:251
2026-01-28T09:31:54.413920115Z I0128 09:31:54.389501       1 reflector.go:376] Caches populated for *v1.ConfigMap from k8s.io/client-go@v0.32.2/tools/cache/reflector.go:251
2026-01-28T09:31:54.414125205Z I0128 09:31:54.389936       1 tlsconfig.go:181] "Loaded client CA" index=0 certName="client-ca::kube-system::extension-apiserver-authentication::client-ca-file,client-ca::kube-system::extension-apiserver-authentication::requestheader-client-ca-file" certDetail="\"aggregator-signer\" [] issuer=\"<self>\" (2026-01-28 09:13:04 +0000 UTC to 2026-01-29 09:13:04 +0000 UTC (now=2026-01-28 09:31:54.389910717 +0000 UTC))"
2026-01-28T09:31:54.415055941Z I0128 09:31:54.415036       1 tlsconfig.go:203] "Loaded serving cert" certName="serving-cert::/var/run/secrets/serving-cert/tls.crt::/var/run/secrets/serving-cert/tls.key" certDetail="\"metrics.openshift-service-ca-operator.svc\" [serving] validServingFor=[metrics.openshift-service-ca-operator.svc,metrics.openshift-service-ca-operator.svc.cluster.local] issuer=\"openshift-service-serving-signer@1769592635\" (2026-01-28 09:30:55 +0000 UTC to 2028-01-28 09:30:56 +0000 UTC (now=2026-01-28 09:31:54.414996369 +0000 UTC))"
2026-01-28T09:31:54.415296803Z I0128 09:31:54.415283       1 named_certificates.go:53] "Loaded SNI cert" index=0 certName="self-signed loopback" certDetail="\"apiserver-loopback-client@1769592714\" [serving] validServingFor=[apiserver-loopback-client] issuer=\"apiserver-loopback-client-ca@1769592713\" (2026-01-28 08:31:53 +0000 UTC to 2027-01-28 08:31:53 +0000 UTC (now=2026-01-28 09:31:54.415265252 +0000 UTC))"
2026-01-28T09:31:54.415446161Z I0128 09:31:54.415433       1 tlsconfig.go:181] "Loaded client CA" index=0 certName="client-ca::kube-system::extension-apiserver-authentication::client-ca-file,client-ca::kube-system::extension-apiserver-authentication::requestheader-client-ca-file" certDetail="\"admin-kubeconfig-signer\" [] issuer=\"<self>\" (2026-01-28 09:13:02 +0000 UTC to 2036-01-26 09:13:02 +0000 UTC (now=2026-01-28 09:31:54.415418769 +0000 UTC))"
2026-01-28T09:31:54.415504063Z I0128 09:31:54.415476       1 tlsconfig.go:181] "Loaded client CA" index=1 certName="client-ca::kube-system::extension-apiserver-authentication::client-ca-file,client-ca::kube-system::extension-apiserver-authentication::requestheader-client-ca-file" certDetail="\"kubelet-signer\" [] issuer=\"<self>\" (2026-01-28 09:13:06 +0000 UTC to 2026-01-29 09:13:06 +0000 UTC (now=2026-01-28 09:31:54.415464352 +0000 UTC))"
2026-01-28T09:31:54.415546246Z I0128 09:31:54.415535       1 tlsconfig.go:181] "Loaded client CA" index=2 certName="client-ca::kube-system::extension-apiserver-authentication::client-ca-file,client-ca::kube-system::extension-apiserver-authentication::requestheader-client-ca-file" certDetail="\"kube-control-plane-signer\" [] issuer=\"<self>\" (2026-01-28 09:13:06 +0000 UTC to 2027-01-28 09:13:06 +0000 UTC (now=2026-01-28 09:31:54.415519874 +0000 UTC))"
2026-01-28T09:31:54.415586968Z I0128 09:31:54.415576       1 tlsconfig.go:181] "Loaded client CA" index=3 certName="client-ca::kube-system::extension-apiserver-authentication::client-ca-file,client-ca::kube-system::extension-apiserver-authentication::requestheader-client-ca-file" certDetail="\"kube-apiserver-to-kubelet-signer\" [] issuer=\"<self>\" (2026-01-28 09:13:07 +0000 UTC to 2027-01-28 09:13:07 +0000 UTC (now=2026-01-28 09:31:54.415561886 +0000 UTC))"
2026-01-28T09:31:54.415621289Z I0128 09:31:54.415612       1 tlsconfig.go:181] "Loaded client CA" index=4 certName="client-ca::kube-system::extension-apiserver-authentication::client-ca-file,client-ca::kube-system::extension-apiserver-authentication::requestheader-client-ca-file" certDetail="\"kubelet-bootstrap-kubeconfig-signer\" [] issuer=\"<self>\" (2026-01-28 09:13:03 +0000 UTC to 2036-01-26 09:13:03 +0000 UTC (now=2026-01-28 09:31:54.415601498 +0000 UTC))"
2026-01-28T09:31:54.415663602Z I0128 09:31:54.415653       1 tlsconfig.go:181] "Loaded client CA" index=5 certName="client-ca::kube-system::extension-apiserver-authentication::client-ca-file,client-ca::kube-system::extension-apiserver-authentication::requestheader-client-ca-file" certDetail="\"aggregator-signer\" [] issuer=\"<self>\" (2026-01-28 09:13:04 +0000 UTC to 2026-01-29 09:13:04 +0000 UTC (now=2026-01-28 09:31:54.41563509 +0000 UTC))"
2026-01-28T09:31:54.415893433Z I0128 09:31:54.415879       1 tlsconfig.go:203] "Loaded serving cert" certName="serving-cert::/var/run/secrets/serving-cert/tls.crt::/var/run/secrets/serving-cert/tls.key" certDetail="\"metrics.openshift-service-ca-operator.svc\" [serving] validServingFor=[metrics.openshift-service-ca-operator.svc,metrics.openshift-service-ca-operator.svc.cluster.local] issuer=\"openshift-service-serving-signer@1769592635\" (2026-01-28 09:30:55 +0000 UTC to 2028-01-28 09:30:56 +0000 UTC (now=2026-01-28 09:31:54.415856961 +0000 UTC))"
2026-01-28T09:31:54.416139825Z I0128 09:31:54.416125       1 named_certificates.go:53] "Loaded SNI cert" index=0 certName="self-signed loopback" certDetail="\"apiserver-loopback-client@1769592714\" [serving] validServingFor=[apiserver-loopback-client] issuer=\"apiserver-loopback-client-ca@1769592713\" (2026-01-28 08:31:53 +0000 UTC to 2027-01-28 08:31:53 +0000 UTC (now=2026-01-28 09:31:54.416109393 +0000 UTC))"
2026-01-28T09:31:54.428775670Z I0128 09:31:54.428714       1 leaderelection.go:271] successfully acquired lease openshift-service-ca-operator/service-ca-operator-lock
2026-01-28T09:31:54.472625710Z I0128 09:31:54.472163       1 event.go:377] Event(v1.ObjectReference{Kind:"Lease", Namespace:"openshift-service-ca-operator", Name:"service-ca-operator-lock", UID:"ec517ec5-c32a-4e59-814e-7931508e87d8", APIVersion:"coordination.k8s.io/v1", ResourceVersion:"9793", FieldPath:""}): type: 'Normal' reason: 'LeaderElection' service-ca-operator-7fc484fbbd-j2t4q_213028be-2328-4465-8431-4c551d75f22d became leader
2026-01-28T09:31:54.481410195Z I0128 09:31:54.472929       1 starter.go:111] Fetching FeatureGates
2026-01-28T09:31:54.481853907Z I0128 09:31:54.481835       1 simple_featuregate_reader.go:171] Starting feature-gate-detector
2026-01-28T09:31:54.591342884Z I0128 09:31:54.573180       1 shared_informer.go:320] Caches are synced for RequestHeaderAuthRequestController
2026-01-28T09:31:54.591342884Z I0128 09:31:54.575204       1 reflector.go:376] Caches populated for *v1.FeatureGate from k8s.io/client-go@v0.32.2/tools/cache/reflector.go:251
2026-01-28T09:31:54.591342884Z I0128 09:31:54.576431       1 starter.go:160] Setting signing certificate lifetime to 18960h0m0s, minimum trust duration to 9480h0m0s
2026-01-28T09:31:54.591342884Z I0128 09:31:54.576592       1 event.go:377] Event(v1.ObjectReference{Kind:"Deployment", Namespace:"openshift-service-ca-operator", Name:"service-ca-operator", UID:"99140957-f043-43bf-8f89-66ea37f84018", APIVersion:"apps/v1", ResourceVersion:"", FieldPath:""}): type: 'Normal' reason: 'FeatureGatesInitialized' FeatureGates updated to featuregates.Features{Enabled:[]v1.FeatureGateName{"AdditionalRoutingCapabilities", "AdminNetworkPolicy", "AlibabaPlatform", "AzureWorkloadIdentity", "BuildCSIVolumes", "CPMSMachineNamePrefix", "ConsolePluginContentSecurityPolicy", "ExternalOIDC", "ExternalOIDCWithUIDAndExtraClaimMappings", "GatewayAPI", "GatewayAPIController", "HighlyAvailableArbiter", "ImageVolume", "IngressControllerLBSubnetsAWS", "KMSv1", "MachineConfigNodes", "ManagedBootImages", "ManagedBootImagesAWS", "MetricsCollectionProfiles", "NetworkDiagnosticsConfig", "NetworkLiveMigration", "NetworkSegmentation", "NewOLM", "PinnedImages", "PreconfiguredUDNAddresses", "ProcMountType", "RouteAdvertisements", "RouteExternalCertificate", "ServiceAccountTokenNodeBinding", "SetEIPForNLBIngressController", "SigstoreImageVerification", "StoragePerformantSecurityPolicy", "UpgradeStatus", "UserNamespacesPodSecurityStandards", "UserNamespacesSupport", "VSphereMultiDisk", "VSphereMultiNetworks"}, Disabled:[]v1.FeatureGateName{"AWSClusterHostedDNS", "AWSClusterHostedDNSInstall", "AWSDedicatedHosts", "AWSServiceLBNetworkSecurityGroup", "AutomatedEtcdBackup", "AzureClusterHostedDNSInstall", "AzureDedicatedHosts", "AzureMultiDisk", "BootImageSkewEnforcement", "BootcNodeManagement", "ClusterAPIInstall", "ClusterAPIInstallIBMCloud", "ClusterMonitoringConfig", "ClusterVersionOperatorConfiguration", "DNSNameResolver", "DualReplica", "DyanmicServiceEndpointIBMCloud", "DynamicResourceAllocation", "EtcdBackendQuota", "EventedPLEG", "Example", "Example2", "ExternalSnapshotMetadata", "GCPClusterHostedDNS", "GCPClusterHostedDNSInstall", "GCPCustomAPIEndpoints", "GCPCustomAPIEndpointsInstall", "ImageModeStatusReporting", "ImageStreamImportMode", "IngressControllerDynamicConfigurationManager", "InsightsConfig", "InsightsConfigAPI", "InsightsOnDemandDataGather", "IrreconcilableMachineConfig", "KMSEncryptionProvider", "MachineAPIMigration", "MachineAPIOperatorDisableMachineHealthCheckController", "ManagedBootImagesAzure", "ManagedBootImagesvSphere", "MaxUnavailableStatefulSet", "MinimumKubeletVersion", "MixedCPUsAllocation", "MultiArchInstallAzure", "MultiDiskSetup", "MutatingAdmissionPolicy", "NewOLMCatalogdAPIV1Metas", "NewOLMOwnSingleNamespace", "NewOLMPreflightPermissionChecks", "NewOLMWebhookProviderOpenshiftServiceCA", "NoRegistryClusterOperations", "NodeSwap", "NutanixMultiSubnets", "OVNObservability", "OpenShiftPodSecurityAdmission", "SELinuxMount", "ShortCertRotation", "SignatureStores", "SigstoreImageVerificationPKI", "TranslateStreamCloseWebsocketRequests", "VSphereConfigurableMaxAllowedBlockVolumesPerNode", "VSphereHostVMGroupZonal", "VSphereMixedNodeEnv", "VolumeAttributesClass", "VolumeGroupSnapshot"}}
2026-01-28T09:31:54.591342884Z I0128 09:31:54.576744       1 base_controller.go:76] Waiting for caches to sync for resource-sync
2026-01-28T09:31:54.591342884Z I0128 09:31:54.577532       1 base_controller.go:76] Waiting for caches to sync for ServiceCAOperator
2026-01-28T09:31:54.591342884Z I0128 09:31:54.577552       1 base_controller.go:76] Waiting for caches to sync for LoggingSyncer
2026-01-28T09:31:54.591342884Z I0128 09:31:54.577656       1 base_controller.go:76] Waiting for caches to sync for StatusSyncer_service-ca
2026-01-28T09:31:54.591342884Z I0128 09:31:54.584864       1 reflector.go:376] Caches populated for *v1.ClusterOperator from k8s.io/client-go@v0.32.2/tools/cache/reflector.go:251
2026-01-28T09:31:54.591342884Z I0128 09:31:54.586685       1 reflector.go:376] Caches populated for *v1.ClusterVersion from k8s.io/client-go@v0.32.2/tools/cache/reflector.go:251
2026-01-28T09:31:54.591342884Z I0128 09:31:54.587207       1 reflector.go:376] Caches populated for *v1.ServiceCA from k8s.io/client-go@v0.32.2/tools/cache/reflector.go:251
2026-01-28T09:31:54.591342884Z I0128 09:31:54.587425       1 reflector.go:376] Caches populated for *v1.ServiceAccount from k8s.io/client-go@v0.32.2/tools/cache/reflector.go:251
2026-01-28T09:31:54.591342884Z I0128 09:31:54.587930       1 reflector.go:376] Caches populated for *v1.Secret from k8s.io/client-go@v0.32.2/tools/cache/reflector.go:251
2026-01-28T09:31:54.591342884Z I0128 09:31:54.588386       1 reflector.go:376] Caches populated for *v1.ConfigMap from k8s.io/client-go@v0.32.2/tools/cache/reflector.go:251
2026-01-28T09:31:54.591342884Z I0128 09:31:54.588680       1 reflector.go:376] Caches populated for *v1.Infrastructure from k8s.io/client-go@v0.32.2/tools/cache/reflector.go:251
2026-01-28T09:31:54.591342884Z I0128 09:31:54.588852       1 reflector.go:376] Caches populated for *v1.ConfigMap from k8s.io/client-go@v0.32.2/tools/cache/reflector.go:251
2026-01-28T09:31:54.591342884Z I0128 09:31:54.589121       1 reflector.go:376] Caches populated for *v1.Secret from k8s.io/client-go@v0.32.2/tools/cache/reflector.go:251
2026-01-28T09:31:54.591342884Z I0128 09:31:54.589398       1 reflector.go:376] Caches populated for *v1.Deployment from k8s.io/client-go@v0.32.2/tools/cache/reflector.go:251
2026-01-28T09:31:54.591342884Z I0128 09:31:54.589833       1 reflector.go:376] Caches populated for *v1.ConfigMap from k8s.io/client-go@v0.32.2/tools/cache/reflector.go:251
2026-01-28T09:31:54.591342884Z I0128 09:31:54.590566       1 reflector.go:376] Caches populated for *v1.Secret from k8s.io/client-go@v0.32.2/tools/cache/reflector.go:251
2026-01-28T09:31:54.591599537Z I0128 09:31:54.591577       1 reflector.go:376] Caches populated for *v1.Secret from k8s.io/client-go@v0.32.2/tools/cache/reflector.go:251
2026-01-28T09:31:54.634297090Z I0128 09:31:54.634230       1 reflector.go:376] Caches populated for *v1.Namespace from k8s.io/client-go@v0.32.2/tools/cache/reflector.go:251
2026-01-28T09:31:54.733104139Z I0128 09:31:54.731080       1 base_controller.go:82] Caches are synced for StatusSyncer_service-ca 
2026-01-28T09:31:54.733104139Z I0128 09:31:54.731108       1 base_controller.go:119] Starting #1 worker of StatusSyncer_service-ca controller ...
2026-01-28T09:31:54.733104139Z I0128 09:31:54.731137       1 base_controller.go:82] Caches are synced for ServiceCAOperator 
2026-01-28T09:31:54.733104139Z I0128 09:31:54.731144       1 base_controller.go:119] Starting #1 worker of ServiceCAOperator controller ...
2026-01-28T09:31:54.733104139Z I0128 09:31:54.732090       1 base_controller.go:82] Caches are synced for LoggingSyncer 
2026-01-28T09:31:54.733104139Z I0128 09:31:54.732101       1 base_controller.go:119] Starting #1 worker of LoggingSyncer controller ...
2026-01-28T09:31:54.780657302Z I0128 09:31:54.780621       1 reflector.go:376] Caches populated for *v1.ConfigMap from k8s.io/client-go@v0.32.2/tools/cache/reflector.go:251
2026-01-28T09:31:54.818931236Z I0128 09:31:54.818870       1 reflector.go:376] Caches populated for *v1.ConfigMap from k8s.io/client-go@v0.32.2/tools/cache/reflector.go:251
2026-01-28T09:31:55.034124354Z I0128 09:31:55.033974       1 reflector.go:376] Caches populated for *v1.Secret from k8s.io/client-go@v0.32.2/tools/cache/reflector.go:251
2026-01-28T09:31:55.079823986Z I0128 09:31:55.079763       1 base_controller.go:82] Caches are synced for resource-sync 
2026-01-28T09:31:55.079924941Z I0128 09:31:55.079910       1 base_controller.go:119] Starting #1 worker of resource-sync controller ...
2026-01-28T09:35:53.577979905Z I0128 09:35:53.577507       1 tlsconfig.go:181] "Loaded client CA" index=0 certName="client-ca::kube-system::extension-apiserver-authentication::client-ca-file,client-ca::kube-system::extension-apiserver-authentication::requestheader-client-ca-file" certDetail="\"admin-kubeconfig-signer\" [] issuer=\"<self>\" (2026-01-28 09:13:02 +0000 UTC to 2036-01-26 09:13:02 +0000 UTC (now=2026-01-28 09:35:53.57745819 +0000 UTC))"
2026-01-28T09:35:53.578092731Z I0128 09:35:53.578076       1 tlsconfig.go:181] "Loaded client CA" index=1 certName="client-ca::kube-system::extension-apiserver-authentication::client-ca-file,client-ca::kube-system::extension-apiserver-authentication::requestheader-client-ca-file" certDetail="\"kubelet-signer\" [] issuer=\"<self>\" (2026-01-28 09:13:06 +0000 UTC to 2026-01-29 09:13:06 +0000 UTC (now=2026-01-28 09:35:53.57805774 +0000 UTC))"
2026-01-28T09:35:53.578150214Z I0128 09:35:53.578135       1 tlsconfig.go:181] "Loaded client CA" index=2 certName="client-ca::kube-system::extension-apiserver-authentication::client-ca-file,client-ca::kube-system::extension-apiserver-authentication::requestheader-client-ca-file" certDetail="\"kube-control-plane-signer\" [] issuer=\"<self>\" (2026-01-28 09:13:06 +0000 UTC to 2027-01-28 09:13:06 +0000 UTC (now=2026-01-28 09:35:53.578120143 +0000 UTC))"
2026-01-28T09:35:53.578200816Z I0128 09:35:53.578184       1 tlsconfig.go:181] "Loaded client CA" index=3 certName="client-ca::kube-system::extension-apiserver-authentication::client-ca-file,client-ca::kube-system::extension-apiserver-authentication::requestheader-client-ca-file" certDetail="\"kube-apiserver-to-kubelet-signer\" [] issuer=\"<self>\" (2026-01-28 09:13:07 +0000 UTC to 2027-01-28 09:13:07 +0000 UTC (now=2026-01-28 09:35:53.578171775 +0000 UTC))"
2026-01-28T09:35:53.578244869Z I0128 09:35:53.578232       1 tlsconfig.go:181] "Loaded client CA" index=4 certName="client-ca::kube-system::extension-apiserver-authentication::client-ca-file,client-ca::kube-system::extension-apiserver-authentication::requestheader-client-ca-file" certDetail="\"kubelet-bootstrap-kubeconfig-signer\" [] issuer=\"<self>\" (2026-01-28 09:13:03 +0000 UTC to 2036-01-26 09:13:03 +0000 UTC (now=2026-01-28 09:35:53.578220097 +0000 UTC))"
2026-01-28T09:35:53.578298001Z I0128 09:35:53.578286       1 tlsconfig.go:181] "Loaded client CA" index=5 certName="client-ca::kube-system::extension-apiserver-authentication::client-ca-file,client-ca::kube-system::extension-apiserver-authentication::requestheader-client-ca-file" certDetail="\"kube-csr-signer_@1769592636\" [] issuer=\"kubelet-signer\" (2026-01-28 09:30:35 +0000 UTC to 2026-01-29 09:13:06 +0000 UTC (now=2026-01-28 09:35:53.57827339 +0000 UTC))"
2026-01-28T09:35:53.578349724Z I0128 09:35:53.578335       1 tlsconfig.go:181] "Loaded client CA" index=6 certName="client-ca::kube-system::extension-apiserver-authentication::client-ca-file,client-ca::kube-system::extension-apiserver-authentication::requestheader-client-ca-file" certDetail="\"openshift-kube-apiserver-operator_node-system-admin-signer@1769592635\" [] issuer=\"<self>\" (2026-01-28 09:30:35 +0000 UTC to 2029-01-27 09:30:36 +0000 UTC (now=2026-01-28 09:35:53.578318753 +0000 UTC))"
2026-01-28T09:35:53.578397986Z I0128 09:35:53.578383       1 tlsconfig.go:181] "Loaded client CA" index=7 certName="client-ca::kube-system::extension-apiserver-authentication::client-ca-file,client-ca::kube-system::extension-apiserver-authentication::requestheader-client-ca-file" certDetail="\"aggregator-signer\" [] issuer=\"<self>\" (2026-01-28 09:13:04 +0000 UTC to 2026-01-29 09:13:04 +0000 UTC (now=2026-01-28 09:35:53.578370845 +0000 UTC))"
2026-01-28T09:35:53.578663900Z I0128 09:35:53.578645       1 tlsconfig.go:203] "Loaded serving cert" certName="serving-cert::/var/run/secrets/serving-cert/tls.crt::/var/run/secrets/serving-cert/tls.key" certDetail="\"metrics.openshift-service-ca-operator.svc\" [serving] validServingFor=[metrics.openshift-service-ca-operator.svc,metrics.openshift-service-ca-operator.svc.cluster.local] issuer=\"openshift-service-serving-signer@1769592635\" (2026-01-28 09:30:55 +0000 UTC to 2028-01-28 09:30:56 +0000 UTC (now=2026-01-28 09:35:53.578625878 +0000 UTC))"
2026-01-28T09:35:53.578888341Z I0128 09:35:53.578870       1 named_certificates.go:53] "Loaded SNI cert" index=0 certName="self-signed loopback" certDetail="\"apiserver-loopback-client@1769592714\" [serving] validServingFor=[apiserver-loopback-client] issuer=\"apiserver-loopback-client-ca@1769592713\" (2026-01-28 08:31:53 +0000 UTC to 2027-01-28 08:31:53 +0000 UTC (now=2026-01-28 09:35:53.578854079 +0000 UTC))"
