2026-01-28T09:30:29.002179916Z W0128 09:30:29.001976       1 cmd.go:257] Using insecure, self-signed certificates
2026-01-28T09:30:29.002577006Z I0128 09:30:29.002557       1 crypto.go:601] Generating new CA for service-ca-operator-signer@1769592629 cert, and key in /tmp/serving-cert-2299354447/serving-signer.crt, /tmp/serving-cert-2299354447/serving-signer.key
2026-01-28T09:30:29.002612408Z Validity period of the certificate for "service-ca-operator-signer@1769592629" is unset, resetting to 157680000000000000 years!
2026-01-28T09:30:31.897592861Z I0128 09:30:31.897134       1 leaderelection.go:121] The leader election gives 4 retries and allows for 30s of clock skew. The kube-apiserver downtime tolerance is 78s. Worst non-graceful lease acquisition is 2m43s. Worst graceful lease acquisition is {26s}.
2026-01-28T09:30:31.924492364Z I0128 09:30:31.924455       1 envvar.go:172] "Feature gate default state" feature="ClientsAllowCBOR" enabled=false
2026-01-28T09:30:31.924664332Z I0128 09:30:31.924650       1 envvar.go:172] "Feature gate default state" feature="ClientsPreferCBOR" enabled=false
2026-01-28T09:30:31.932083670Z I0128 09:30:31.932067       1 envvar.go:172] "Feature gate default state" feature="InformerResourceVersion" enabled=false
2026-01-28T09:30:31.932120342Z I0128 09:30:31.932110       1 envvar.go:172] "Feature gate default state" feature="WatchListClient" enabled=false
2026-01-28T09:30:31.932919251Z I0128 09:30:31.932902       1 observer_polling.go:159] Starting file observer
2026-01-28T09:30:31.948353326Z I0128 09:30:31.948323       1 builder.go:304] service-ca-operator version -
2026-01-28T09:30:31.949273691Z I0128 09:30:31.949254       1 dynamic_serving_content.go:116] "Loaded a new cert/key pair" name="serving-cert::/tmp/serving-cert-2299354447/tls.crt::/tmp/serving-cert-2299354447/tls.key"
2026-01-28T09:30:33.846863802Z I0128 09:30:33.846825       1 requestheader_controller.go:255] Loaded a new request header values for RequestHeaderAuthRequestController
2026-01-28T09:30:33.864552178Z I0128 09:30:33.864511       1 maxinflight.go:139] "Initialized nonMutatingChan" len=400
2026-01-28T09:30:33.864599050Z I0128 09:30:33.864588       1 maxinflight.go:145] "Initialized mutatingChan" len=200
2026-01-28T09:30:33.864664464Z I0128 09:30:33.864653       1 maxinflight.go:116] "Set denominator for readonly requests" limit=400
2026-01-28T09:30:33.864712086Z I0128 09:30:33.864681       1 maxinflight.go:120] "Set denominator for mutating requests" limit=200
2026-01-28T09:30:33.891716514Z I0128 09:30:33.891685       1 secure_serving.go:57] Forcing use of http/1.1 only
2026-01-28T09:30:33.891839780Z W0128 09:30:33.891828       1 secure_serving.go:69] Use of insecure cipher 'TLS_ECDHE_ECDSA_WITH_AES_128_CBC_SHA256' detected.
2026-01-28T09:30:33.891884902Z W0128 09:30:33.891875       1 secure_serving.go:69] Use of insecure cipher 'TLS_ECDHE_RSA_WITH_AES_128_CBC_SHA256' detected.
2026-01-28T09:30:33.891933145Z W0128 09:30:33.891924       1 secure_serving.go:69] Use of insecure cipher 'TLS_RSA_WITH_AES_128_GCM_SHA256' detected.
2026-01-28T09:30:33.891974597Z W0128 09:30:33.891965       1 secure_serving.go:69] Use of insecure cipher 'TLS_RSA_WITH_AES_256_GCM_SHA384' detected.
2026-01-28T09:30:33.892016209Z W0128 09:30:33.892007       1 secure_serving.go:69] Use of insecure cipher 'TLS_RSA_WITH_AES_128_CBC_SHA' detected.
2026-01-28T09:30:33.892073891Z W0128 09:30:33.892064       1 secure_serving.go:69] Use of insecure cipher 'TLS_RSA_WITH_AES_256_CBC_SHA' detected.
2026-01-28T09:30:33.892282672Z I0128 09:30:33.891802       1 genericapiserver.go:535] MuxAndDiscoveryComplete has all endpoints registered and discovery information is complete
2026-01-28T09:30:33.893394797Z I0128 09:30:33.893376       1 leaderelection.go:257] attempting to acquire leader lease openshift-service-ca-operator/service-ca-operator-lock...
2026-01-28T09:30:33.893836839Z I0128 09:30:33.893821       1 requestheader_controller.go:180] Starting RequestHeaderAuthRequestController
2026-01-28T09:30:33.893959635Z I0128 09:30:33.893948       1 shared_informer.go:313] Waiting for caches to sync for RequestHeaderAuthRequestController
2026-01-28T09:30:33.894226978Z I0128 09:30:33.893889       1 configmap_cafile_content.go:205] "Starting controller" name="client-ca::kube-system::extension-apiserver-authentication::requestheader-client-ca-file"
2026-01-28T09:30:33.894272641Z I0128 09:30:33.894261       1 shared_informer.go:313] Waiting for caches to sync for client-ca::kube-system::extension-apiserver-authentication::requestheader-client-ca-file
2026-01-28T09:30:33.894441799Z I0128 09:30:33.893916       1 configmap_cafile_content.go:205] "Starting controller" name="client-ca::kube-system::extension-apiserver-authentication::client-ca-file"
2026-01-28T09:30:33.894480841Z I0128 09:30:33.894470       1 shared_informer.go:313] Waiting for caches to sync for client-ca::kube-system::extension-apiserver-authentication::client-ca-file
2026-01-28T09:30:33.895062770Z I0128 09:30:33.895046       1 dynamic_serving_content.go:135] "Starting controller" name="serving-cert::/tmp/serving-cert-2299354447/tls.crt::/tmp/serving-cert-2299354447/tls.key"
2026-01-28T09:30:33.895601777Z I0128 09:30:33.895585       1 tlsconfig.go:203] "Loaded serving cert" certName="serving-cert::/tmp/serving-cert-2299354447/tls.crt::/tmp/serving-cert-2299354447/tls.key" certDetail="\"localhost\" [serving] validServingFor=[localhost] issuer=\"service-ca-operator-signer@1769592629\" (2026-01-28 09:30:30 +0000 UTC to 2026-01-28 09:30:31 +0000 UTC (now=2026-01-28 09:30:33.895557244 +0000 UTC))"
2026-01-28T09:30:33.895831128Z I0128 09:30:33.895818       1 named_certificates.go:53] "Loaded SNI cert" index=0 certName="self-signed loopback" certDetail="\"apiserver-loopback-client@1769592633\" [serving] validServingFor=[apiserver-loopback-client] issuer=\"apiserver-loopback-client-ca@1769592632\" (2026-01-28 08:30:31 +0000 UTC to 2027-01-28 08:30:31 +0000 UTC (now=2026-01-28 09:30:33.895801686 +0000 UTC))"
2026-01-28T09:30:33.895869170Z I0128 09:30:33.895859       1 secure_serving.go:213] Serving securely on [::]:8443
2026-01-28T09:30:33.895935053Z I0128 09:30:33.895925       1 genericapiserver.go:685] [graceful-termination] waiting for shutdown to be initiated
2026-01-28T09:30:33.896077600Z I0128 09:30:33.895901       1 tlsconfig.go:243] "Starting DynamicServingCertificateController"
2026-01-28T09:30:33.909819251Z I0128 09:30:33.906171       1 reflector.go:376] Caches populated for *v1.ConfigMap from k8s.io/client-go@v0.32.2/tools/cache/reflector.go:251
2026-01-28T09:30:33.909819251Z I0128 09:30:33.906353       1 reflector.go:376] Caches populated for *v1.ConfigMap from k8s.io/client-go@v0.32.2/tools/cache/reflector.go:251
2026-01-28T09:30:33.909819251Z I0128 09:30:33.906586       1 reflector.go:376] Caches populated for *v1.ConfigMap from k8s.io/client-go@v0.32.2/tools/cache/reflector.go:251
2026-01-28T09:30:33.912963566Z I0128 09:30:33.912941       1 leaderelection.go:271] successfully acquired lease openshift-service-ca-operator/service-ca-operator-lock
2026-01-28T09:30:33.925053845Z I0128 09:30:33.923960       1 starter.go:111] Fetching FeatureGates
2026-01-28T09:30:33.925053845Z I0128 09:30:33.924290       1 event.go:377] Event(v1.ObjectReference{Kind:"Lease", Namespace:"openshift-service-ca-operator", Name:"service-ca-operator-lock", UID:"ec517ec5-c32a-4e59-814e-7931508e87d8", APIVersion:"coordination.k8s.io/v1", ResourceVersion:"5982", FieldPath:""}): type: 'Normal' reason: 'LeaderElection' service-ca-operator-7fc484fbbd-j2t4q_8c36ccea-52ad-42d7-b3f5-272c59a29a3a became leader
2026-01-28T09:30:33.925053845Z I0128 09:30:33.924349       1 simple_featuregate_reader.go:171] Starting feature-gate-detector
2026-01-28T09:30:33.952353998Z I0128 09:30:33.952314       1 reflector.go:376] Caches populated for *v1.FeatureGate from k8s.io/client-go@v0.32.2/tools/cache/reflector.go:251
2026-01-28T09:30:33.953640922Z I0128 09:30:33.953624       1 reflector.go:376] Caches populated for *v1.ClusterVersion from k8s.io/client-go@v0.32.2/tools/cache/reflector.go:251
2026-01-28T09:30:33.965477168Z I0128 09:30:33.965445       1 starter.go:160] Setting signing certificate lifetime to 18960h0m0s, minimum trust duration to 9480h0m0s
2026-01-28T09:30:33.965724531Z I0128 09:30:33.965709       1 base_controller.go:76] Waiting for caches to sync for resource-sync
2026-01-28T09:30:33.965770503Z I0128 09:30:33.965753       1 event.go:377] Event(v1.ObjectReference{Kind:"Deployment", Namespace:"openshift-service-ca-operator", Name:"service-ca-operator", UID:"99140957-f043-43bf-8f89-66ea37f84018", APIVersion:"apps/v1", ResourceVersion:"", FieldPath:""}): type: 'Normal' reason: 'FeatureGatesInitialized' FeatureGates updated to featuregates.Features{Enabled:[]v1.FeatureGateName{"AdditionalRoutingCapabilities", "AdminNetworkPolicy", "AlibabaPlatform", "AzureWorkloadIdentity", "BuildCSIVolumes", "CPMSMachineNamePrefix", "ConsolePluginContentSecurityPolicy", "ExternalOIDC", "ExternalOIDCWithUIDAndExtraClaimMappings", "GatewayAPI", "GatewayAPIController", "HighlyAvailableArbiter", "ImageVolume", "IngressControllerLBSubnetsAWS", "KMSv1", "MachineConfigNodes", "ManagedBootImages", "ManagedBootImagesAWS", "MetricsCollectionProfiles", "NetworkDiagnosticsConfig", "NetworkLiveMigration", "NetworkSegmentation", "NewOLM", "PinnedImages", "PreconfiguredUDNAddresses", "ProcMountType", "RouteAdvertisements", "RouteExternalCertificate", "ServiceAccountTokenNodeBinding", "SetEIPForNLBIngressController", "SigstoreImageVerification", "StoragePerformantSecurityPolicy", "UpgradeStatus", "UserNamespacesPodSecurityStandards", "UserNamespacesSupport", "VSphereMultiDisk", "VSphereMultiNetworks"}, Disabled:[]v1.FeatureGateName{"AWSClusterHostedDNS", "AWSClusterHostedDNSInstall", "AWSDedicatedHosts", "AWSServiceLBNetworkSecurityGroup", "AutomatedEtcdBackup", "AzureClusterHostedDNSInstall", "AzureDedicatedHosts", "AzureMultiDisk", "BootImageSkewEnforcement", "BootcNodeManagement", "ClusterAPIInstall", "ClusterAPIInstallIBMCloud", "ClusterMonitoringConfig", "ClusterVersionOperatorConfiguration", "DNSNameResolver", "DualReplica", "DyanmicServiceEndpointIBMCloud", "DynamicResourceAllocation", "EtcdBackendQuota", "EventedPLEG", "Example", "Example2", "ExternalSnapshotMetadata", "GCPClusterHostedDNS", "GCPClusterHostedDNSInstall", "GCPCustomAPIEndpoints", "GCPCustomAPIEndpointsInstall", "ImageModeStatusReporting", "ImageStreamImportMode", "IngressControllerDynamicConfigurationManager", "InsightsConfig", "InsightsConfigAPI", "InsightsOnDemandDataGather", "IrreconcilableMachineConfig", "KMSEncryptionProvider", "MachineAPIMigration", "MachineAPIOperatorDisableMachineHealthCheckController", "ManagedBootImagesAzure", "ManagedBootImagesvSphere", "MaxUnavailableStatefulSet", "MinimumKubeletVersion", "MixedCPUsAllocation", "MultiArchInstallAzure", "MultiDiskSetup", "MutatingAdmissionPolicy", "NewOLMCatalogdAPIV1Metas", "NewOLMOwnSingleNamespace", "NewOLMPreflightPermissionChecks", "NewOLMWebhookProviderOpenshiftServiceCA", "NoRegistryClusterOperations", "NodeSwap", "NutanixMultiSubnets", "OVNObservability", "OpenShiftPodSecurityAdmission", "SELinuxMount", "ShortCertRotation", "SignatureStores", "SigstoreImageVerificationPKI", "TranslateStreamCloseWebsocketRequests", "VSphereConfigurableMaxAllowedBlockVolumesPerNode", "VSphereHostVMGroupZonal", "VSphereMixedNodeEnv", "VolumeAttributesClass", "VolumeGroupSnapshot"}}
2026-01-28T09:30:33.998955017Z I0128 09:30:33.998911       1 reflector.go:376] Caches populated for *v1.ServiceAccount from k8s.io/client-go@v0.32.2/tools/cache/reflector.go:251
2026-01-28T09:30:34.046878161Z I0128 09:30:33.999929       1 reflector.go:376] Caches populated for *v1.ServiceCA from k8s.io/client-go@v0.32.2/tools/cache/reflector.go:251
2026-01-28T09:30:34.046982666Z I0128 09:30:34.000801       1 base_controller.go:76] Waiting for caches to sync for ServiceCAOperator
2026-01-28T09:30:34.047013498Z I0128 09:30:34.000858       1 base_controller.go:76] Waiting for caches to sync for LoggingSyncer
2026-01-28T09:30:34.047324103Z I0128 09:30:34.047048       1 base_controller.go:82] Caches are synced for LoggingSyncer 
2026-01-28T09:30:34.047376816Z I0128 09:30:34.047366       1 base_controller.go:119] Starting #1 worker of LoggingSyncer controller ...
2026-01-28T09:30:34.047404277Z I0128 09:30:34.039582       1 base_controller.go:76] Waiting for caches to sync for StatusSyncer_service-ca
2026-01-28T09:30:34.047432278Z I0128 09:30:34.046316       1 shared_informer.go:320] Caches are synced for client-ca::kube-system::extension-apiserver-authentication::client-ca-file
2026-01-28T09:30:34.047480651Z I0128 09:30:34.046357       1 shared_informer.go:320] Caches are synced for RequestHeaderAuthRequestController
2026-01-28T09:30:34.055122379Z I0128 09:30:34.052286       1 shared_informer.go:320] Caches are synced for client-ca::kube-system::extension-apiserver-authentication::requestheader-client-ca-file
2026-01-28T09:30:34.055122379Z I0128 09:30:34.052673       1 tlsconfig.go:181] "Loaded client CA" index=0 certName="client-ca::kube-system::extension-apiserver-authentication::client-ca-file,client-ca::kube-system::extension-apiserver-authentication::requestheader-client-ca-file" certDetail="\"aggregator-signer\" [] issuer=\"<self>\" (2026-01-28 09:13:04 +0000 UTC to 2026-01-29 09:13:04 +0000 UTC (now=2026-01-28 09:30:34.052643517 +0000 UTC))"
2026-01-28T09:30:34.056085017Z I0128 09:30:34.056066       1 reflector.go:376] Caches populated for *v1.ClusterOperator from k8s.io/client-go@v0.32.2/tools/cache/reflector.go:251
2026-01-28T09:30:34.056493077Z I0128 09:30:34.056476       1 reflector.go:376] Caches populated for *v1.Secret from k8s.io/client-go@v0.32.2/tools/cache/reflector.go:251
2026-01-28T09:30:34.056971061Z I0128 09:30:34.056954       1 reflector.go:376] Caches populated for *v1.Deployment from k8s.io/client-go@v0.32.2/tools/cache/reflector.go:251
2026-01-28T09:30:34.057208093Z I0128 09:30:34.057180       1 reflector.go:376] Caches populated for *v1.ConfigMap from k8s.io/client-go@v0.32.2/tools/cache/reflector.go:251
2026-01-28T09:30:34.057485786Z I0128 09:30:34.057468       1 reflector.go:376] Caches populated for *v1.ConfigMap from k8s.io/client-go@v0.32.2/tools/cache/reflector.go:251
2026-01-28T09:30:34.057719928Z I0128 09:30:34.057703       1 reflector.go:376] Caches populated for *v1.Secret from k8s.io/client-go@v0.32.2/tools/cache/reflector.go:251
2026-01-28T09:30:34.058072866Z I0128 09:30:34.058055       1 reflector.go:376] Caches populated for *v1.Secret from k8s.io/client-go@v0.32.2/tools/cache/reflector.go:251
2026-01-28T09:30:34.066835520Z I0128 09:30:34.066798       1 reflector.go:376] Caches populated for *v1.Namespace from k8s.io/client-go@v0.32.2/tools/cache/reflector.go:251
2026-01-28T09:30:34.086951186Z I0128 09:30:34.086905       1 reflector.go:376] Caches populated for *v1.ConfigMap from k8s.io/client-go@v0.32.2/tools/cache/reflector.go:251
2026-01-28T09:30:34.087746046Z I0128 09:30:34.087370       1 reflector.go:376] Caches populated for *v1.Secret from k8s.io/client-go@v0.32.2/tools/cache/reflector.go:251
2026-01-28T09:30:34.097059017Z I0128 09:30:34.097034       1 reflector.go:376] Caches populated for *v1.Infrastructure from k8s.io/client-go@v0.32.2/tools/cache/reflector.go:251
2026-01-28T09:30:34.114043948Z I0128 09:30:34.097782       1 tlsconfig.go:203] "Loaded serving cert" certName="serving-cert::/tmp/serving-cert-2299354447/tls.crt::/tmp/serving-cert-2299354447/tls.key" certDetail="\"localhost\" [serving] validServingFor=[localhost] issuer=\"service-ca-operator-signer@1769592629\" (2026-01-28 09:30:30 +0000 UTC to 2026-01-28 09:30:31 +0000 UTC (now=2026-01-28 09:30:34.097753181 +0000 UTC))"
2026-01-28T09:30:34.114666949Z I0128 09:30:34.114649       1 named_certificates.go:53] "Loaded SNI cert" index=0 certName="self-signed loopback" certDetail="\"apiserver-loopback-client@1769592633\" [serving] validServingFor=[apiserver-loopback-client] issuer=\"apiserver-loopback-client-ca@1769592632\" (2026-01-28 08:30:31 +0000 UTC to 2027-01-28 08:30:31 +0000 UTC (now=2026-01-28 09:30:34.114597756 +0000 UTC))"
2026-01-28T09:30:34.116102570Z I0128 09:30:34.116084       1 tlsconfig.go:181] "Loaded client CA" index=0 certName="client-ca::kube-system::extension-apiserver-authentication::client-ca-file,client-ca::kube-system::extension-apiserver-authentication::requestheader-client-ca-file" certDetail="\"admin-kubeconfig-signer\" [] issuer=\"<self>\" (2026-01-28 09:13:02 +0000 UTC to 2036-01-26 09:13:02 +0000 UTC (now=2026-01-28 09:30:34.116064579 +0000 UTC))"
2026-01-28T09:30:34.116636297Z I0128 09:30:34.116619       1 tlsconfig.go:181] "Loaded client CA" index=1 certName="client-ca::kube-system::extension-apiserver-authentication::client-ca-file,client-ca::kube-system::extension-apiserver-authentication::requestheader-client-ca-file" certDetail="\"kubelet-signer\" [] issuer=\"<self>\" (2026-01-28 09:13:06 +0000 UTC to 2026-01-29 09:13:06 +0000 UTC (now=2026-01-28 09:30:34.116161844 +0000 UTC))"
2026-01-28T09:30:34.116704220Z I0128 09:30:34.116692       1 tlsconfig.go:181] "Loaded client CA" index=2 certName="client-ca::kube-system::extension-apiserver-authentication::client-ca-file,client-ca::kube-system::extension-apiserver-authentication::requestheader-client-ca-file" certDetail="\"kube-control-plane-signer\" [] issuer=\"<self>\" (2026-01-28 09:13:06 +0000 UTC to 2027-01-28 09:13:06 +0000 UTC (now=2026-01-28 09:30:34.116659518 +0000 UTC))"
2026-01-28T09:30:34.116803035Z I0128 09:30:34.116790       1 tlsconfig.go:181] "Loaded client CA" index=3 certName="client-ca::kube-system::extension-apiserver-authentication::client-ca-file,client-ca::kube-system::extension-apiserver-authentication::requestheader-client-ca-file" certDetail="\"kube-apiserver-to-kubelet-signer\" [] issuer=\"<self>\" (2026-01-28 09:13:07 +0000 UTC to 2027-01-28 09:13:07 +0000 UTC (now=2026-01-28 09:30:34.116753153 +0000 UTC))"
2026-01-28T09:30:34.116863168Z I0128 09:30:34.116836       1 tlsconfig.go:181] "Loaded client CA" index=4 certName="client-ca::kube-system::extension-apiserver-authentication::client-ca-file,client-ca::kube-system::extension-apiserver-authentication::requestheader-client-ca-file" certDetail="\"kubelet-bootstrap-kubeconfig-signer\" [] issuer=\"<self>\" (2026-01-28 09:13:03 +0000 UTC to 2036-01-26 09:13:03 +0000 UTC (now=2026-01-28 09:30:34.116821736 +0000 UTC))"
2026-01-28T09:30:34.116908490Z I0128 09:30:34.116894       1 tlsconfig.go:181] "Loaded client CA" index=5 certName="client-ca::kube-system::extension-apiserver-authentication::client-ca-file,client-ca::kube-system::extension-apiserver-authentication::requestheader-client-ca-file" certDetail="\"aggregator-signer\" [] issuer=\"<self>\" (2026-01-28 09:13:04 +0000 UTC to 2026-01-29 09:13:04 +0000 UTC (now=2026-01-28 09:30:34.116880539 +0000 UTC))"
2026-01-28T09:30:34.117219176Z I0128 09:30:34.117203       1 tlsconfig.go:203] "Loaded serving cert" certName="serving-cert::/tmp/serving-cert-2299354447/tls.crt::/tmp/serving-cert-2299354447/tls.key" certDetail="\"localhost\" [serving] validServingFor=[localhost] issuer=\"service-ca-operator-signer@1769592629\" (2026-01-28 09:30:30 +0000 UTC to 2026-01-28 09:30:31 +0000 UTC (now=2026-01-28 09:30:34.117163743 +0000 UTC))"
2026-01-28T09:30:34.118383343Z I0128 09:30:34.118366       1 named_certificates.go:53] "Loaded SNI cert" index=0 certName="self-signed loopback" certDetail="\"apiserver-loopback-client@1769592633\" [serving] validServingFor=[apiserver-loopback-client] issuer=\"apiserver-loopback-client-ca@1769592632\" (2026-01-28 08:30:31 +0000 UTC to 2027-01-28 08:30:31 +0000 UTC (now=2026-01-28 09:30:34.118347752 +0000 UTC))"
2026-01-28T09:30:34.130421840Z I0128 09:30:34.130364       1 reflector.go:376] Caches populated for *v1.ConfigMap from k8s.io/client-go@v0.32.2/tools/cache/reflector.go:251
2026-01-28T09:30:34.150544947Z I0128 09:30:34.150509       1 base_controller.go:82] Caches are synced for ServiceCAOperator 
2026-01-28T09:30:34.150635981Z I0128 09:30:34.150624       1 base_controller.go:119] Starting #1 worker of ServiceCAOperator controller ...
2026-01-28T09:30:34.150780348Z I0128 09:30:34.150765       1 base_controller.go:82] Caches are synced for StatusSyncer_service-ca 
2026-01-28T09:30:34.150808200Z I0128 09:30:34.150799       1 base_controller.go:119] Starting #1 worker of StatusSyncer_service-ca controller ...
2026-01-28T09:30:34.151589568Z I0128 09:30:34.151570       1 status_controller.go:229] clusteroperator/service-ca diff {"status":{"conditions":[{"lastTransitionTime":"2026-01-28T09:30:34Z","reason":"NoData","status":"Unknown","type":"Degraded"},{"lastTransitionTime":"2026-01-28T09:30:34Z","reason":"NoData","status":"Unknown","type":"Progressing"},{"lastTransitionTime":"2026-01-28T09:30:34Z","reason":"NoData","status":"Unknown","type":"Available"},{"lastTransitionTime":"2026-01-28T09:30:34Z","reason":"NoData","status":"Unknown","type":"Upgradeable"},{"lastTransitionTime":"2026-01-28T09:30:34Z","reason":"NoData","status":"Unknown","type":"EvaluationConditionsDetected"}],"relatedObjects":[{"group":"operator.openshift.io","name":"cluster","resource":"servicecas"},{"group":"","name":"openshift-config","resource":"namespaces"},{"group":"","name":"openshift-config-managed","resource":"namespaces"},{"group":"","name":"openshift-service-ca-operator","resource":"namespaces"},{"group":"","name":"openshift-service-ca","resource":"namespaces"}]}}
2026-01-28T09:30:34.158272060Z I0128 09:30:34.158247       1 status_controller.go:229] clusteroperator/service-ca diff {"status":{"conditions":[{"lastTransitionTime":"2026-01-28T09:30:34Z","reason":"NoData","status":"Unknown","type":"Degraded"},{"lastTransitionTime":"2026-01-28T09:30:34Z","reason":"NoData","status":"Unknown","type":"Progressing"},{"lastTransitionTime":"2026-01-28T09:30:34Z","reason":"NoData","status":"Unknown","type":"Available"},{"lastTransitionTime":"2026-01-28T09:30:34Z","reason":"NoData","status":"Unknown","type":"Upgradeable"},{"lastTransitionTime":"2026-01-28T09:30:34Z","reason":"NoData","status":"Unknown","type":"EvaluationConditionsDetected"}],"relatedObjects":[{"group":"operator.openshift.io","name":"cluster","resource":"servicecas"},{"group":"","name":"openshift-config","resource":"namespaces"},{"group":"","name":"openshift-config-managed","resource":"namespaces"},{"group":"","name":"openshift-service-ca-operator","resource":"namespaces"},{"group":"","name":"openshift-service-ca","resource":"namespaces"}]}}
2026-01-28T09:30:34.159260859Z I0128 09:30:34.159238       1 event.go:377] Event(v1.ObjectReference{Kind:"Deployment", Namespace:"openshift-service-ca-operator", Name:"service-ca-operator", UID:"99140957-f043-43bf-8f89-66ea37f84018", APIVersion:"apps/v1", ResourceVersion:"", FieldPath:""}): type: 'Normal' reason: 'OperatorStatusChanged' Status for clusteroperator/service-ca changed: Degraded set to Unknown (""),Progressing set to Unknown (""),Available set to Unknown (""),Upgradeable set to Unknown (""),EvaluationConditionsDetected set to Unknown (""),status.relatedObjects changed from [] to [{"operator.openshift.io" "servicecas" "" "cluster"} {"" "namespaces" "" "openshift-config"} {"" "namespaces" "" "openshift-config-managed"} {"" "namespaces" "" "openshift-service-ca-operator"} {"" "namespaces" "" "openshift-service-ca"}]
2026-01-28T09:30:34.166727478Z E0128 09:30:34.166700       1 base_controller.go:279] "Unhandled Error" err="StatusSyncer_service-ca reconciliation failed: Operation cannot be fulfilled on clusteroperators.config.openshift.io \"service-ca\": the object has been modified; please apply your changes to the latest version and try again"
2026-01-28T09:30:34.169674164Z I0128 09:30:34.169645       1 reflector.go:376] Caches populated for *v1.Secret from k8s.io/client-go@v0.32.2/tools/cache/reflector.go:251
2026-01-28T09:30:34.376344493Z I0128 09:30:34.376307       1 reflector.go:376] Caches populated for *v1.ConfigMap from k8s.io/client-go@v0.32.2/tools/cache/reflector.go:251
2026-01-28T09:30:34.466004495Z I0128 09:30:34.465953       1 base_controller.go:82] Caches are synced for resource-sync 
2026-01-28T09:30:34.466087980Z I0128 09:30:34.466073       1 base_controller.go:119] Starting #1 worker of resource-sync controller ...
2026-01-28T09:30:34.571639079Z I0128 09:30:34.571601       1 status_controller.go:229] clusteroperator/service-ca diff {"status":{"conditions":[{"lastTransitionTime":"2026-01-28T09:30:34Z","message":"All is well","reason":"AsExpected","status":"False","type":"Degraded"},{"lastTransitionTime":"2026-01-28T09:30:34Z","reason":"NoData","status":"Unknown","type":"Progressing"},{"lastTransitionTime":"2026-01-28T09:30:34Z","reason":"NoData","status":"Unknown","type":"Available"},{"lastTransitionTime":"2026-01-28T09:30:34Z","reason":"NoData","status":"Unknown","type":"Upgradeable"},{"lastTransitionTime":"2026-01-28T09:30:34Z","reason":"NoData","status":"Unknown","type":"EvaluationConditionsDetected"}]}}
2026-01-28T09:30:34.587877383Z I0128 09:30:34.587838       1 event.go:377] Event(v1.ObjectReference{Kind:"Deployment", Namespace:"openshift-service-ca-operator", Name:"service-ca-operator", UID:"99140957-f043-43bf-8f89-66ea37f84018", APIVersion:"apps/v1", ResourceVersion:"", FieldPath:""}): type: 'Normal' reason: 'OperatorStatusChanged' Status for clusteroperator/service-ca changed: Degraded changed from Unknown to False ("All is well")
2026-01-28T09:30:34.792122602Z I0128 09:30:34.783824       1 event.go:377] Event(v1.ObjectReference{Kind:"Deployment", Namespace:"openshift-service-ca-operator", Name:"service-ca-operator", UID:"99140957-f043-43bf-8f89-66ea37f84018", APIVersion:"apps/v1", ResourceVersion:"", FieldPath:""}): type: 'Normal' reason: 'NamespaceCreated' Created Namespace/openshift-service-ca because it was missing
2026-01-28T09:30:34.805051753Z I0128 09:30:34.794191       1 event.go:377] Event(v1.ObjectReference{Kind:"Deployment", Namespace:"openshift-service-ca-operator", Name:"service-ca-operator", UID:"99140957-f043-43bf-8f89-66ea37f84018", APIVersion:"apps/v1", ResourceVersion:"", FieldPath:""}): type: 'Normal' reason: 'ClusterRoleCreated' Created ClusterRole.rbac.authorization.k8s.io/system:openshift:controller:service-ca because it was missing
2026-01-28T09:30:34.805051753Z I0128 09:30:34.801651       1 event.go:377] Event(v1.ObjectReference{Kind:"Deployment", Namespace:"openshift-service-ca-operator", Name:"service-ca-operator", UID:"99140957-f043-43bf-8f89-66ea37f84018", APIVersion:"apps/v1", ResourceVersion:"", FieldPath:""}): type: 'Normal' reason: 'ClusterRoleBindingCreated' Created ClusterRoleBinding.rbac.authorization.k8s.io/system:openshift:controller:service-ca because it was missing
2026-01-28T09:30:34.817155132Z I0128 09:30:34.816392       1 event.go:377] Event(v1.ObjectReference{Kind:"Deployment", Namespace:"openshift-service-ca-operator", Name:"service-ca-operator", UID:"99140957-f043-43bf-8f89-66ea37f84018", APIVersion:"apps/v1", ResourceVersion:"", FieldPath:""}): type: 'Normal' reason: 'RoleCreated' Created Role.rbac.authorization.k8s.io/system:openshift:controller:service-ca -n openshift-service-ca because it was missing
2026-01-28T09:30:34.831200508Z I0128 09:30:34.831160       1 event.go:377] Event(v1.ObjectReference{Kind:"Deployment", Namespace:"openshift-service-ca-operator", Name:"service-ca-operator", UID:"99140957-f043-43bf-8f89-66ea37f84018", APIVersion:"apps/v1", ResourceVersion:"", FieldPath:""}): type: 'Normal' reason: 'RoleBindingCreated' Created RoleBinding.rbac.authorization.k8s.io/system:openshift:controller:service-ca -n openshift-service-ca because it was missing
2026-01-28T09:30:35.172833063Z I0128 09:30:35.172792       1 event.go:377] Event(v1.ObjectReference{Kind:"Deployment", Namespace:"openshift-service-ca-operator", Name:"service-ca-operator", UID:"99140957-f043-43bf-8f89-66ea37f84018", APIVersion:"apps/v1", ResourceVersion:"", FieldPath:""}): type: 'Normal' reason: 'ServiceAccountCreated' Created ServiceAccount/service-ca -n openshift-service-ca because it was missing
2026-01-28T09:30:35.778531241Z I0128 09:30:35.778469       1 event.go:377] Event(v1.ObjectReference{Kind:"Deployment", Namespace:"openshift-service-ca-operator", Name:"service-ca-operator", UID:"99140957-f043-43bf-8f89-66ea37f84018", APIVersion:"apps/v1", ResourceVersion:"", FieldPath:""}): type: 'Normal' reason: 'SecretCreated' Created Secret/signing-key -n openshift-service-ca because it was missing
2026-01-28T09:30:36.371183652Z I0128 09:30:36.371142       1 event.go:377] Event(v1.ObjectReference{Kind:"Deployment", Namespace:"openshift-service-ca-operator", Name:"service-ca-operator", UID:"99140957-f043-43bf-8f89-66ea37f84018", APIVersion:"apps/v1", ResourceVersion:"", FieldPath:""}): type: 'Normal' reason: 'ConfigMapCreated' Created ConfigMap/signing-cabundle -n openshift-service-ca because it was missing
2026-01-28T09:30:36.380642151Z W0128 09:30:36.380603       1 warnings.go:70] spec.template.spec.nodeSelector[node-role.kubernetes.io/master]: use "node-role.kubernetes.io/control-plane" instead
2026-01-28T09:30:36.381273552Z I0128 09:30:36.381016       1 event.go:377] Event(v1.ObjectReference{Kind:"Deployment", Namespace:"openshift-service-ca-operator", Name:"service-ca-operator", UID:"99140957-f043-43bf-8f89-66ea37f84018", APIVersion:"apps/v1", ResourceVersion:"", FieldPath:""}): type: 'Normal' reason: 'DeploymentCreated' Created Deployment.apps/service-ca -n openshift-service-ca because it was missing
2026-01-28T09:30:36.389550412Z I0128 09:30:36.389522       1 status_controller.go:229] clusteroperator/service-ca diff {"status":{"conditions":[{"lastTransitionTime":"2026-01-28T09:30:34Z","message":"All is well","reason":"AsExpected","status":"False","type":"Degraded"},{"lastTransitionTime":"2026-01-28T09:30:36Z","message":"Progressing: \nProgressing: service-ca does not have available replicas","reason":"_ManagedDeploymentsAvailable","status":"True","type":"Progressing"},{"lastTransitionTime":"2026-01-28T09:30:36Z","message":"All is well","reason":"AsExpected","status":"True","type":"Available"},{"lastTransitionTime":"2026-01-28T09:30:36Z","message":"All is well","reason":"AsExpected","status":"True","type":"Upgradeable"},{"lastTransitionTime":"2026-01-28T09:30:34Z","reason":"NoData","status":"Unknown","type":"EvaluationConditionsDetected"}]}}
2026-01-28T09:30:36.400514005Z I0128 09:30:36.400443       1 event.go:377] Event(v1.ObjectReference{Kind:"Deployment", Namespace:"openshift-service-ca-operator", Name:"service-ca-operator", UID:"99140957-f043-43bf-8f89-66ea37f84018", APIVersion:"apps/v1", ResourceVersion:"", FieldPath:""}): type: 'Normal' reason: 'OperatorStatusChanged' Status for clusteroperator/service-ca changed: Progressing changed from Unknown to True ("Progressing: \nProgressing: service-ca does not have available replicas"),Available changed from Unknown to True ("All is well"),Upgradeable changed from Unknown to True ("All is well")
2026-01-28T09:30:36.570697696Z I0128 09:30:36.570647       1 event.go:377] Event(v1.ObjectReference{Kind:"Deployment", Namespace:"openshift-service-ca-operator", Name:"service-ca-operator", UID:"99140957-f043-43bf-8f89-66ea37f84018", APIVersion:"apps/v1", ResourceVersion:"", FieldPath:""}): type: 'Normal' reason: 'ConfigMapCreated' Created ConfigMap/service-ca -n openshift-config-managed because it was missing
2026-01-28T09:30:37.371758592Z I0128 09:30:37.371720       1 apps.go:155] Deployment "openshift-service-ca/service-ca" changes: {"spec":{"progressDeadlineSeconds":null,"replicas":null,"revisionHistoryLimit":null,"template":{"spec":{"containers":[{"args":["-v=2"],"command":["service-ca-operator","controller"],"image":"registry.build11.ci.openshift.org/ci-ln-vjb5l1t/stable@sha256:c38fdb4e629c6abe3ec3202c84381d0d383cb706b82d485867e518bf96d2ae1e","imagePullPolicy":"IfNotPresent","name":"service-ca-controller","ports":[{"containerPort":8443}],"resources":{"requests":{"cpu":"10m","memory":"120Mi"}},"securityContext":{"runAsNonRoot":true},"terminationMessagePolicy":"FallbackToLogsOnError","volumeMounts":[{"mountPath":"/var/run/secrets/signing-key","name":"signing-key"},{"mountPath":"/var/run/configmaps/signing-cabundle","name":"signing-cabundle"}]}],"dnsPolicy":null,"restartPolicy":null,"schedulerName":null,"securityContext":null,"serviceAccount":null,"terminationGracePeriodSeconds":null,"volumes":[{"name":"signing-key","secret":{"secretName":"signing-key"}},{"configMap":{"name":"signing-cabundle"},"name":"signing-cabundle"}]}}}}
2026-01-28T09:30:37.376614903Z I0128 09:30:37.376572       1 event.go:377] Event(v1.ObjectReference{Kind:"Deployment", Namespace:"openshift-service-ca-operator", Name:"service-ca-operator", UID:"99140957-f043-43bf-8f89-66ea37f84018", APIVersion:"apps/v1", ResourceVersion:"", FieldPath:""}): type: 'Normal' reason: 'DeploymentUpdated' Updated Deployment.apps/service-ca -n openshift-service-ca because it changed
2026-01-28T09:30:39.775518740Z I0128 09:30:39.775467       1 status_controller.go:229] clusteroperator/service-ca diff {"status":{"versions":[{"name":"operator","version":"4.20.0-0-2026-01-28-090915-test-ci-ln-vjb5l1t-latest"}]}}
2026-01-28T09:30:39.775870407Z I0128 09:30:39.775788       1 event.go:377] Event(v1.ObjectReference{Kind:"Deployment", Namespace:"openshift-service-ca-operator", Name:"service-ca-operator", UID:"99140957-f043-43bf-8f89-66ea37f84018", APIVersion:"apps/v1", ResourceVersion:"", FieldPath:""}): type: 'Normal' reason: 'OperatorVersionChanged' clusteroperator/service-ca version "operator" changed from "" to "4.20.0-0-2026-01-28-090915-test-ci-ln-vjb5l1t-latest"
2026-01-28T09:30:39.788116974Z I0128 09:30:39.784638       1 event.go:377] Event(v1.ObjectReference{Kind:"Deployment", Namespace:"openshift-service-ca-operator", Name:"service-ca-operator", UID:"99140957-f043-43bf-8f89-66ea37f84018", APIVersion:"apps/v1", ResourceVersion:"", FieldPath:""}): type: 'Normal' reason: 'OperatorStatusChanged' Status for clusteroperator/service-ca changed: status.versions changed from [] to [{"operator" "4.20.0-0-2026-01-28-090915-test-ci-ln-vjb5l1t-latest"}]
2026-01-28T09:30:39.788116974Z I0128 09:30:39.785443       1 status_controller.go:229] clusteroperator/service-ca diff {"status":{"conditions":[{"lastTransitionTime":"2026-01-28T09:30:34Z","message":"All is well","reason":"AsExpected","status":"False","type":"Degraded"},{"lastTransitionTime":"2026-01-28T09:30:39Z","message":"Progressing: All service-ca-operator deployments updated","reason":"AsExpected","status":"False","type":"Progressing"},{"lastTransitionTime":"2026-01-28T09:30:36Z","message":"All is well","reason":"AsExpected","status":"True","type":"Available"},{"lastTransitionTime":"2026-01-28T09:30:36Z","message":"All is well","reason":"AsExpected","status":"True","type":"Upgradeable"},{"lastTransitionTime":"2026-01-28T09:30:34Z","reason":"NoData","status":"Unknown","type":"EvaluationConditionsDetected"}]}}
2026-01-28T09:30:39.793892840Z I0128 09:30:39.792379       1 event.go:377] Event(v1.ObjectReference{Kind:"Deployment", Namespace:"openshift-service-ca-operator", Name:"service-ca-operator", UID:"99140957-f043-43bf-8f89-66ea37f84018", APIVersion:"apps/v1", ResourceVersion:"", FieldPath:""}): type: 'Normal' reason: 'OperatorStatusChanged' Status for clusteroperator/service-ca changed: Progressing changed from True to False ("Progressing: All service-ca-operator deployments updated")
2026-01-28T09:31:46.934313533Z I0128 09:31:46.933897       1 observer_polling.go:111] Observed file "/var/run/secrets/serving-cert/tls.key" has been created (hash="f8a0d21d407e182f561fd374b1f201e897c452a91cb450315de0f775a087897e")
2026-01-28T09:31:46.934313533Z W0128 09:31:46.934298       1 builder.go:160] Restart triggered because of file /var/run/secrets/serving-cert/tls.key was created
2026-01-28T09:31:46.934430499Z I0128 09:31:46.934410       1 observer_polling.go:111] Observed file "/var/run/secrets/serving-cert/tls.crt" has been created (hash="3b4af18aa27c88635283c7787e1398f366b2475749ea24150bb98d4bf203f3f9")
2026-01-28T09:31:46.934487652Z I0128 09:31:46.934472       1 genericapiserver.go:693] "[graceful-termination] pre-shutdown hooks completed" name="PreShutdownHooksStopped"
2026-01-28T09:31:46.934537564Z I0128 09:31:46.934516       1 base_controller.go:181] Shutting down LoggingSyncer ...
2026-01-28T09:31:46.934537564Z I0128 09:31:46.934518       1 genericapiserver.go:548] "[graceful-termination] shutdown event" name="ShutdownInitiated"
2026-01-28T09:31:46.934564375Z I0128 09:31:46.934545       1 genericapiserver.go:551] "[graceful-termination] shutdown event" name="AfterShutdownDelayDuration"
2026-01-28T09:31:46.934589657Z I0128 09:31:46.934572       1 genericapiserver.go:617] "[graceful-termination] shutdown event" name="NotAcceptingNewRequest"
2026-01-28T09:31:46.934614048Z I0128 09:31:46.934598       1 object_count_tracker.go:151] "StorageObjectCountTracker pruner is exiting"
2026-01-28T09:31:46.934669970Z I0128 09:31:46.934651       1 base_controller.go:123] Shutting down worker of LoggingSyncer controller ...
2026-01-28T09:31:46.934669970Z I0128 09:31:46.934665       1 base_controller.go:113] All LoggingSyncer workers have been terminated
2026-01-28T09:31:46.934724343Z I0128 09:31:46.934683       1 genericapiserver.go:651] "[graceful-termination] not going to wait for active watch request(s) to drain"
2026-01-28T09:31:46.934724343Z I0128 09:31:46.934701       1 genericapiserver.go:642] [graceful-termination] in-flight non long-running request(s) have drained
2026-01-28T09:31:46.934724343Z I0128 09:31:46.934713       1 simple_featuregate_reader.go:177] Shutting down feature-gate-detector
2026-01-28T09:31:46.934759275Z I0128 09:31:46.934741       1 tlsconfig.go:258] "Shutting down DynamicServingCertificateController"
2026-01-28T09:31:46.934821498Z I0128 09:31:46.934799       1 secure_serving.go:258] Stopped listening on [::]:8443
2026-01-28T09:31:46.934833729Z I0128 09:31:46.934821       1 genericapiserver.go:600] "[graceful-termination] shutdown event" name="HTTPServerStoppedListening"
2026-01-28T09:31:46.934944304Z I0128 09:31:46.934901       1 configmap_cafile_content.go:226] "Shutting down controller" name="client-ca::kube-system::extension-apiserver-authentication::requestheader-client-ca-file"
2026-01-28T09:31:46.934944304Z I0128 09:31:46.934936       1 requestheader_controller.go:194] Shutting down RequestHeaderAuthRequestController
2026-01-28T09:31:46.934960835Z I0128 09:31:46.934952       1 configmap_cafile_content.go:226] "Shutting down controller" name="client-ca::kube-system::extension-apiserver-authentication::client-ca-file"
2026-01-28T09:31:46.935091571Z I0128 09:31:46.935070       1 dynamic_serving_content.go:149] "Shutting down controller" name="serving-cert::/tmp/serving-cert-2299354447/tls.crt::/tmp/serving-cert-2299354447/tls.key"
2026-01-28T09:31:46.935134633Z I0128 09:31:46.935117       1 genericapiserver.go:713] [graceful-termination] apiserver is exiting
2026-01-28T09:31:46.935152234Z I0128 09:31:46.935143       1 builder.go:335] server exited
2026-01-28T09:31:46.935324293Z I0128 09:31:46.935303       1 base_controller.go:181] Shutting down resource-sync ...
2026-01-28T09:31:46.935337934Z I0128 09:31:46.935327       1 base_controller.go:181] Shutting down StatusSyncer_service-ca ...
2026-01-28T09:31:46.935337934Z I0128 09:31:46.935333       1 base_controller.go:159] All StatusSyncer_service-ca post start hooks have been terminated
2026-01-28T09:31:46.935349104Z I0128 09:31:46.935343       1 base_controller.go:181] Shutting down ServiceCAOperator ...
2026-01-28T09:31:46.935419918Z I0128 09:31:46.935395       1 base_controller.go:123] Shutting down worker of resource-sync controller ...
2026-01-28T09:31:46.935419918Z I0128 09:31:46.935409       1 base_controller.go:113] All resource-sync workers have been terminated
2026-01-28T09:31:46.935445229Z I0128 09:31:46.935418       1 base_controller.go:123] Shutting down worker of StatusSyncer_service-ca controller ...
2026-01-28T09:31:46.935445229Z I0128 09:31:46.935423       1 base_controller.go:113] All StatusSyncer_service-ca workers have been terminated
2026-01-28T09:31:46.935445229Z I0128 09:31:46.935430       1 base_controller.go:123] Shutting down worker of ServiceCAOperator controller ...
2026-01-28T09:31:46.935445229Z I0128 09:31:46.935435       1 base_controller.go:113] All ServiceCAOperator workers have been terminated
2026-01-28T09:31:46.935458720Z I0128 09:31:46.934715       1 genericapiserver.go:683] "[graceful-termination] shutdown event" name="InFlightRequestsDrained"
2026-01-28T09:31:46.940017325Z W0128 09:31:46.939990       1 leaderelection.go:84] leader election lost
