2026-01-28T09:31:43.555147143Z I0128 09:31:43.555024       1 main.go:45] Version:93ae3cda55610c22414b32e87ade429c6fb110ed
2026-01-28T09:31:43.555147143Z I0128 09:31:43.555120       1 main.go:46] Starting with config{  :9091 ip-10-0-3-203.us-west-1.compute.internal}
2026-01-28T09:31:43.555289615Z W0128 09:31:43.555216       1 client_config.go:618] Neither --kubeconfig nor --master was specified.  Using the inClusterConfig.  This might not work.
2026-01-28T09:31:43.555670271Z I0128 09:31:43.555652       1 controller.go:42] Setting up event handlers
2026-01-28T09:31:43.555823754Z I0128 09:31:43.555806       1 podmetrics.go:101] Serving network metrics
2026-01-28T09:31:43.555868984Z I0128 09:31:43.555850       1 controller.go:101] Starting pod controller
2026-01-28T09:31:43.555931375Z I0128 09:31:43.555919       1 controller.go:104] Waiting for informer caches to sync
2026-01-28T09:31:43.656824438Z I0128 09:31:43.656763       1 controller.go:109] Starting workers
2026-01-28T09:31:43.656824438Z I0128 09:31:43.656791       1 controller.go:114] Started workers
2026-01-28T09:31:43.656850719Z I0128 09:31:43.656829       1 controller.go:192] Received pod 'catalogd-controller-manager-67dbc4869c-r2qb5'
2026-01-28T09:31:43.656942360Z I0128 09:31:43.656921       1 controller.go:151] Successfully synced 'openshift-catalogd/catalogd-controller-manager-67dbc4869c-r2qb5'
2026-01-28T09:31:43.656997521Z I0128 09:31:43.656984       1 controller.go:192] Received pod 'aws-ebs-csi-driver-operator-58fb94fb4b-8qj5n'
2026-01-28T09:31:43.657034651Z I0128 09:31:43.656928       1 controller.go:192] Received pod 'aws-ebs-csi-driver-controller-5cbc97cfdb-pct52'
2026-01-28T09:31:43.657158653Z I0128 09:31:43.657121       1 controller.go:151] Successfully synced 'openshift-cluster-csi-drivers/aws-ebs-csi-driver-controller-5cbc97cfdb-pct52'
2026-01-28T09:31:43.657158653Z I0128 09:31:43.657139       1 controller.go:192] Received pod 'cluster-samples-operator-7b5d69f995-jcddc'
2026-01-28T09:31:43.657158653Z I0128 09:31:43.657154       1 controller.go:151] Successfully synced 'openshift-cluster-samples-operator/cluster-samples-operator-7b5d69f995-jcddc'
2026-01-28T09:31:43.657175884Z I0128 09:31:43.657029       1 controller.go:151] Successfully synced 'openshift-cluster-csi-drivers/aws-ebs-csi-driver-operator-58fb94fb4b-8qj5n'
2026-01-28T09:31:43.657188124Z I0128 09:31:43.657181       1 controller.go:192] Received pod 'loki-promtail-qp4ld'
2026-01-28T09:31:43.657188124Z I0128 09:31:43.657159       1 controller.go:192] Received pod 'downloads-5cd4dc6c99-bvlbk'
2026-01-28T09:31:43.657221154Z I0128 09:31:43.657201       1 controller.go:151] Successfully synced 'openshift-console/downloads-5cd4dc6c99-bvlbk'
2026-01-28T09:31:43.657221154Z I0128 09:31:43.657209       1 controller.go:192] Received pod 'migrator-78ddfff78f-78lck'
2026-01-28T09:31:43.657229884Z I0128 09:31:43.657222       1 controller.go:151] Successfully synced 'openshift-kube-storage-version-migrator/migrator-78ddfff78f-78lck'
2026-01-28T09:31:43.657229884Z I0128 09:31:43.657226       1 controller.go:192] Received pod 'network-metrics-daemon-gm8vn'
2026-01-28T09:31:43.657247575Z I0128 09:31:43.657236       1 controller.go:151] Successfully synced 'openshift-multus/network-metrics-daemon-gm8vn'
2026-01-28T09:31:43.657247575Z I0128 09:31:43.657243       1 controller.go:192] Received pod 'network-check-target-tx8wg'
2026-01-28T09:31:43.657278465Z I0128 09:31:43.657264       1 controller.go:151] Successfully synced 'openshift-network-diagnostics/network-check-target-tx8wg'
2026-01-28T09:31:43.657340856Z I0128 09:31:43.657308       1 controller.go:192] Received pod 'apiserver-6b75d77bd5-dqjkl'
2026-01-28T09:31:43.657340856Z I0128 09:31:43.657292       1 controller.go:151] Successfully synced 'openshift-e2e-loki/loki-promtail-qp4ld'
2026-01-28T09:31:43.657389167Z I0128 09:31:43.657339       1 controller.go:192] Received pod 'operator-controller-controller-manager-66b6b87dc7-msqnr'
2026-01-28T09:31:43.657389167Z I0128 09:31:43.657350       1 controller.go:151] Successfully synced 'openshift-oauth-apiserver/apiserver-6b75d77bd5-dqjkl'
2026-01-28T09:31:43.657389167Z I0128 09:31:43.657357       1 controller.go:151] Successfully synced 'openshift-operator-controller/operator-controller-controller-manager-66b6b87dc7-msqnr'
2026-01-28T09:31:57.398296800Z I0128 09:31:57.397807       1 controller.go:192] Received pod 'multus-admission-controller-7d8778c98d-llvc8'
2026-01-28T09:31:57.398296800Z I0128 09:31:57.398290       1 controller.go:151] Successfully synced 'openshift-multus/multus-admission-controller-7d8778c98d-llvc8'
2026-01-28T09:31:58.722537992Z I0128 09:31:58.722141       1 controller.go:192] Received pod 'machine-api-controllers-67dcb4566c-m4pg8'
2026-01-28T09:31:58.722584053Z I0128 09:31:58.722551       1 controller.go:151] Successfully synced 'openshift-machine-api/machine-api-controllers-67dcb4566c-m4pg8'
2026-01-28T09:31:58.743521712Z I0128 09:31:58.743472       1 controller.go:151] Successfully synced 'openshift-apiserver/apiserver-67797656fb-ckghm'
2026-01-28T09:31:59.575040287Z I0128 09:31:59.575007       1 controller.go:192] Received pod 'apiserver-bd64768ff-zrbrf'
2026-01-28T09:31:59.575148720Z I0128 09:31:59.575134       1 controller.go:151] Successfully synced 'openshift-apiserver/apiserver-bd64768ff-zrbrf'
2026-01-28T09:31:59.736187451Z I0128 09:31:59.736017       1 controller.go:192] Received pod 'dns-default-4bqn5'
2026-01-28T09:31:59.736242882Z I0128 09:31:59.736190       1 controller.go:151] Successfully synced 'openshift-dns/dns-default-4bqn5'
2026-01-28T09:32:00.313138814Z I0128 09:32:00.312876       1 controller.go:192] Received pod 'redhat-operators-z8l2c'
2026-01-28T09:32:00.313240047Z I0128 09:32:00.313225       1 controller.go:151] Successfully synced 'openshift-marketplace/redhat-operators-z8l2c'
2026-01-28T09:32:00.319750139Z I0128 09:32:00.319710       1 controller.go:192] Received pod 'certified-operators-wczxg'
2026-01-28T09:32:00.319819491Z I0128 09:32:00.319805       1 controller.go:151] Successfully synced 'openshift-marketplace/certified-operators-wczxg'
2026-01-28T09:32:00.664866638Z I0128 09:32:00.664828       1 controller.go:192] Received pod 'csi-snapshot-controller-5565fccc6c-vhqrv'
2026-01-28T09:32:00.664918109Z I0128 09:32:00.664867       1 controller.go:151] Successfully synced 'openshift-cluster-storage-operator/csi-snapshot-controller-5565fccc6c-vhqrv'
2026-01-28T09:32:01.172340597Z I0128 09:32:01.172016       1 controller.go:192] Received pod 'packageserver-656f88d5c4-sbtzw'
2026-01-28T09:32:01.172481750Z I0128 09:32:01.172452       1 controller.go:151] Successfully synced 'openshift-operator-lifecycle-manager/packageserver-656f88d5c4-sbtzw'
2026-01-28T09:32:21.424426425Z I0128 09:32:21.424035       1 controller.go:192] Received pod 'redhat-marketplace-5tppv'
2026-01-28T09:32:21.424530137Z I0128 09:32:21.424516       1 controller.go:151] Successfully synced 'openshift-marketplace/redhat-marketplace-5tppv'
2026-01-28T09:32:22.102575636Z I0128 09:32:22.102534       1 controller.go:192] Received pod 'community-operators-h5ks4'
2026-01-28T09:32:22.102611837Z I0128 09:32:22.102572       1 controller.go:151] Successfully synced 'openshift-marketplace/community-operators-h5ks4'
2026-01-28T09:32:22.562713197Z I0128 09:32:22.562678       1 controller.go:192] Received pod 'machine-config-controller-684d9b9c86-l4lpq'
2026-01-28T09:32:22.562803389Z I0128 09:32:22.562789       1 controller.go:151] Successfully synced 'openshift-machine-config-operator/machine-config-controller-684d9b9c86-l4lpq'
2026-01-28T09:34:51.410421916Z I0128 09:34:51.410027       1 controller.go:151] Successfully synced 'openshift-oauth-apiserver/apiserver-6b75d77bd5-dqjkl'
2026-01-28T09:34:51.675677580Z I0128 09:34:51.675642       1 controller.go:192] Received pod 'apiserver-7b48d6dccd-ktcrp'
2026-01-28T09:34:51.675755091Z I0128 09:34:51.675724       1 controller.go:151] Successfully synced 'openshift-oauth-apiserver/apiserver-7b48d6dccd-ktcrp'
2026-01-28T09:34:57.408364665Z I0128 09:34:57.408282       1 controller.go:151] Successfully synced 'openshift-apiserver/apiserver-bd64768ff-zrbrf'
2026-01-28T09:34:57.420806091Z I0128 09:34:57.420776       1 controller.go:192] Received pod 'apiserver-7c78d7f689-6xth5'
2026-01-28T09:34:57.420925604Z I0128 09:34:57.420911       1 controller.go:151] Successfully synced 'openshift-apiserver/apiserver-7c78d7f689-6xth5'
2026-01-28T09:35:06.375560295Z I0128 09:35:06.375525       1 controller.go:192] Received pod 'installer-4-ip-10-0-3-203.us-west-1.compute.internal'
2026-01-28T09:35:06.375648567Z I0128 09:35:06.375635       1 controller.go:151] Successfully synced 'openshift-etcd/installer-4-ip-10-0-3-203.us-west-1.compute.internal'
2026-01-28T09:35:14.571592253Z I0128 09:35:14.571558       1 controller.go:192] Received pod 'installer-5-ip-10-0-3-203.us-west-1.compute.internal'
2026-01-28T09:35:14.571677955Z I0128 09:35:14.571663       1 controller.go:151] Successfully synced 'openshift-etcd/installer-5-ip-10-0-3-203.us-west-1.compute.internal'
2026-01-28T09:35:41.553013787Z I0128 09:35:41.552979       1 controller.go:151] Successfully synced 'openshift-etcd/installer-4-ip-10-0-3-203.us-west-1.compute.internal'
2026-01-28T09:36:30.412517533Z I0128 09:36:30.412077       1 controller.go:192] Received pod 'etcd-guard-ip-10-0-3-203.us-west-1.compute.internal'
2026-01-28T09:36:30.412517533Z I0128 09:36:30.412136       1 controller.go:151] Successfully synced 'openshift-etcd/etcd-guard-ip-10-0-3-203.us-west-1.compute.internal'
2026-01-28T09:36:47.215939513Z I0128 09:36:47.215901       1 controller.go:192] Received pod 'installer-5-ip-10-0-3-203.us-west-1.compute.internal'
2026-01-28T09:36:47.215976183Z I0128 09:36:47.215944       1 controller.go:151] Successfully synced 'openshift-kube-scheduler/installer-5-ip-10-0-3-203.us-west-1.compute.internal'
2026-01-28T09:36:52.705407229Z I0128 09:36:52.705372       1 controller.go:192] Received pod 'apiserver-78df49b6c5-kgc2j'
2026-01-28T09:36:52.705486631Z I0128 09:36:52.705473       1 controller.go:151] Successfully synced 'openshift-apiserver/apiserver-78df49b6c5-kgc2j'
2026-01-28T09:36:52.816460917Z I0128 09:36:52.816390       1 controller.go:151] Successfully synced 'openshift-apiserver/apiserver-7c78d7f689-6xth5'
2026-01-28T09:37:04.696460623Z I0128 09:37:04.696398       1 controller.go:192] Received pod 'installer-5-ip-10-0-3-203.us-west-1.compute.internal'
2026-01-28T09:37:04.696575256Z I0128 09:37:04.696554       1 controller.go:151] Successfully synced 'openshift-kube-controller-manager/installer-5-ip-10-0-3-203.us-west-1.compute.internal'
2026-01-28T09:37:28.964140073Z I0128 09:37:28.963110       1 controller.go:192] Received pod 'openshift-kube-scheduler-guard-ip-10-0-3-203.us-west-1.compute.internal'
2026-01-28T09:37:28.964140073Z I0128 09:37:28.963172       1 controller.go:151] Successfully synced 'openshift-kube-scheduler/openshift-kube-scheduler-guard-ip-10-0-3-203.us-west-1.compute.internal'
2026-01-28T09:37:52.931639984Z I0128 09:37:52.931546       1 controller.go:192] Received pod 'kube-controller-manager-guard-ip-10-0-3-203.us-west-1.compute.internal'
2026-01-28T09:37:52.931639984Z I0128 09:37:52.931605       1 controller.go:151] Successfully synced 'openshift-kube-controller-manager/kube-controller-manager-guard-ip-10-0-3-203.us-west-1.compute.internal'
2026-01-28T09:38:47.194270015Z I0128 09:38:47.194222       1 controller.go:151] Successfully synced 'openshift-apiserver/apiserver-78df49b6c5-kgc2j'
2026-01-28T09:38:47.209487039Z I0128 09:38:47.209340       1 controller.go:192] Received pod 'apiserver-7fd9cdccd4-z82lt'
2026-01-28T09:38:47.209487039Z I0128 09:38:47.209439       1 controller.go:151] Successfully synced 'openshift-apiserver/apiserver-7fd9cdccd4-z82lt'
2026-01-28T09:38:54.851742122Z I0128 09:38:54.851704       1 controller.go:192] Received pod 'installer-2-ip-10-0-3-203.us-west-1.compute.internal'
2026-01-28T09:38:54.851836514Z I0128 09:38:54.851821       1 controller.go:151] Successfully synced 'openshift-kube-apiserver/installer-2-ip-10-0-3-203.us-west-1.compute.internal'
2026-01-28T09:39:41.583609071Z I0128 09:39:41.582865       1 controller.go:192] Received pod 'kube-apiserver-guard-ip-10-0-3-203.us-west-1.compute.internal'
2026-01-28T09:39:41.583715223Z I0128 09:39:41.583701       1 controller.go:151] Successfully synced 'openshift-kube-apiserver/kube-apiserver-guard-ip-10-0-3-203.us-west-1.compute.internal'
2026-01-28T09:39:42.424643927Z I0128 09:39:42.424607       1 controller.go:151] Successfully synced 'openshift-oauth-apiserver/apiserver-7b48d6dccd-ktcrp'
2026-01-28T09:39:42.576833797Z I0128 09:39:42.576785       1 controller.go:192] Received pod 'apiserver-775c9c7997-m7k98'
2026-01-28T09:39:42.576960750Z I0128 09:39:42.576935       1 controller.go:151] Successfully synced 'openshift-oauth-apiserver/apiserver-775c9c7997-m7k98'
2026-01-28T09:40:13.183868733Z I0128 09:40:13.183759       1 controller.go:192] Received pod 'pod-identity-webhook-698875dc5b-7x5m5'
2026-01-28T09:40:13.183868733Z I0128 09:40:13.183798       1 controller.go:151] Successfully synced 'openshift-cloud-credential-operator/pod-identity-webhook-698875dc5b-7x5m5'
2026-01-28T09:40:21.946223482Z I0128 09:40:21.946031       1 controller.go:192] Received pod 'oauth-openshift-579b6b5f5-v94fp'
2026-01-28T09:40:21.946223482Z I0128 09:40:21.946092       1 controller.go:151] Successfully synced 'openshift-authentication/oauth-openshift-579b6b5f5-v94fp'
2026-01-28T09:40:52.580707423Z I0128 09:40:52.580660       1 controller.go:192] Received pod 'oauth-openshift-5b776594cb-k7cc7'
2026-01-28T09:40:52.580799085Z I0128 09:40:52.580785       1 controller.go:151] Successfully synced 'openshift-authentication/oauth-openshift-5b776594cb-k7cc7'
2026-01-28T09:40:52.676748711Z I0128 09:40:52.676710       1 controller.go:151] Successfully synced 'openshift-authentication/oauth-openshift-579b6b5f5-v94fp'
2026-01-28T09:41:17.939108336Z I0128 09:41:17.938990       1 controller.go:192] Received pod 'installer-7-ip-10-0-3-203.us-west-1.compute.internal'
2026-01-28T09:41:17.939228268Z I0128 09:41:17.939212       1 controller.go:151] Successfully synced 'openshift-etcd/installer-7-ip-10-0-3-203.us-west-1.compute.internal'
2026-01-28T09:42:27.026114567Z I0128 09:42:27.026073       1 controller.go:151] Successfully synced 'openshift-etcd/etcd-ip-10-0-3-203.us-west-1.compute.internal'
2026-01-28T09:43:10.961092634Z I0128 09:43:10.961044       1 controller.go:192] Received pod 'revision-pruner-7-ip-10-0-3-203.us-west-1.compute.internal'
2026-01-28T09:43:10.961209476Z I0128 09:43:10.961193       1 controller.go:151] Successfully synced 'openshift-etcd/revision-pruner-7-ip-10-0-3-203.us-west-1.compute.internal'
2026-01-28T09:43:33.593731399Z I0128 09:43:33.593695       1 controller.go:192] Received pod 'installer-6-ip-10-0-3-203.us-west-1.compute.internal'
2026-01-28T09:43:33.593879472Z I0128 09:43:33.593847       1 controller.go:151] Successfully synced 'openshift-kube-controller-manager/installer-6-ip-10-0-3-203.us-west-1.compute.internal'
2026-01-28T09:43:34.255108838Z I0128 09:43:34.255074       1 controller.go:192] Received pod 'revision-pruner-8-ip-10-0-3-203.us-west-1.compute.internal'
2026-01-28T09:43:34.255216320Z I0128 09:43:34.255199       1 controller.go:151] Successfully synced 'openshift-etcd/revision-pruner-8-ip-10-0-3-203.us-west-1.compute.internal'
2026-01-28T09:43:37.466601436Z I0128 09:43:37.466449       1 controller.go:192] Received pod 'installer-6-ip-10-0-3-203.us-west-1.compute.internal'
2026-01-28T09:43:37.466601436Z I0128 09:43:37.466510       1 controller.go:151] Successfully synced 'openshift-kube-scheduler/installer-6-ip-10-0-3-203.us-west-1.compute.internal'
2026-01-28T09:43:44.414016057Z I0128 09:43:44.411672       1 controller.go:192] Received pod 'console-7bdcfdb46d-7fnj6'
2026-01-28T09:43:44.414016057Z I0128 09:43:44.411712       1 controller.go:151] Successfully synced 'openshift-console/console-7bdcfdb46d-7fnj6'
2026-01-28T09:44:14.537376845Z I0128 09:44:14.537331       1 controller.go:151] Successfully synced 'openshift-authentication/oauth-openshift-5b776594cb-k7cc7'
2026-01-28T09:44:20.003776445Z I0128 09:44:20.003728       1 controller.go:151] Successfully synced 'openshift-kube-controller-manager/kube-controller-manager-ip-10-0-3-203.us-west-1.compute.internal'
2026-01-28T09:44:20.940139221Z I0128 09:44:20.939593       1 controller.go:192] Received pod 'oauth-openshift-85f8644668-jz4bp'
2026-01-28T09:44:20.940139221Z I0128 09:44:20.939659       1 controller.go:151] Successfully synced 'openshift-authentication/oauth-openshift-85f8644668-jz4bp'
2026-01-28T09:44:23.087240262Z I0128 09:44:23.086173       1 controller.go:151] Successfully synced 'openshift-kube-scheduler/openshift-kube-scheduler-ip-10-0-3-203.us-west-1.compute.internal'
2026-01-28T09:44:48.690217407Z I0128 09:44:48.690179       1 controller.go:151] Successfully synced 'openshift-console/console-7bdcfdb46d-7fnj6'
2026-01-28T09:44:49.001304794Z I0128 09:44:49.001239       1 controller.go:192] Received pod 'console-585b57b9cf-bgvtm'
2026-01-28T09:44:49.001352705Z I0128 09:44:49.001316       1 controller.go:151] Successfully synced 'openshift-console/console-585b57b9cf-bgvtm'
2026-01-28T09:45:54.188301215Z I0128 09:45:54.185602       1 controller.go:192] Received pod 'revision-pruner-6-ip-10-0-3-203.us-west-1.compute.internal'
2026-01-28T09:45:54.188301215Z I0128 09:45:54.185661       1 controller.go:151] Successfully synced 'openshift-kube-scheduler/revision-pruner-6-ip-10-0-3-203.us-west-1.compute.internal'
2026-01-28T09:46:14.023716499Z I0128 09:46:14.023682       1 controller.go:151] Successfully synced 'openshift-oauth-apiserver/apiserver-775c9c7997-m7k98'
2026-01-28T09:46:14.434104636Z I0128 09:46:14.434072       1 controller.go:192] Received pod 'apiserver-f485d7f4c-f7jwv'
2026-01-28T09:46:14.434184888Z I0128 09:46:14.434169       1 controller.go:151] Successfully synced 'openshift-oauth-apiserver/apiserver-f485d7f4c-f7jwv'
2026-01-28T09:47:41.562552440Z I0128 09:47:41.562514       1 controller.go:192] Received pod 'installer-7-ip-10-0-3-203.us-west-1.compute.internal'
2026-01-28T09:47:41.564855799Z I0128 09:47:41.564830       1 controller.go:151] Successfully synced 'openshift-kube-controller-manager/installer-7-ip-10-0-3-203.us-west-1.compute.internal'
2026-01-28T09:47:47.329480036Z I0128 09:47:47.329444       1 controller.go:192] Received pod 'apiserver-846d86c975-bfn5q'
2026-01-28T09:47:47.329567787Z I0128 09:47:47.329553       1 controller.go:151] Successfully synced 'openshift-apiserver/apiserver-846d86c975-bfn5q'
2026-01-28T09:47:47.371056039Z I0128 09:47:47.370118       1 controller.go:151] Successfully synced 'openshift-apiserver/apiserver-7fd9cdccd4-z82lt'
2026-01-28T09:48:20.070876363Z I0128 09:48:20.069545       1 controller.go:192] Received pod 'installer-8-ip-10-0-3-203.us-west-1.compute.internal'
2026-01-28T09:48:20.071036016Z I0128 09:48:20.071020       1 controller.go:151] Successfully synced 'openshift-etcd/installer-8-ip-10-0-3-203.us-west-1.compute.internal'
2026-01-28T09:48:27.004607178Z I0128 09:48:27.003691       1 controller.go:151] Successfully synced 'openshift-kube-controller-manager/kube-controller-manager-ip-10-0-3-203.us-west-1.compute.internal'
2026-01-28T09:49:31.999754631Z I0128 09:49:31.999700       1 controller.go:151] Successfully synced 'openshift-etcd/etcd-ip-10-0-3-203.us-west-1.compute.internal'
2026-01-28T09:51:33.484664647Z I0128 09:51:33.482543       1 controller.go:192] Received pod 'installer-6-ip-10-0-3-203.us-west-1.compute.internal'
2026-01-28T09:51:33.484664647Z I0128 09:51:33.484358       1 controller.go:151] Successfully synced 'openshift-kube-apiserver/installer-6-ip-10-0-3-203.us-west-1.compute.internal'
2026-01-28T09:54:24.994022194Z I0128 09:54:24.993970       1 controller.go:151] Successfully synced 'openshift-kube-apiserver/kube-apiserver-ip-10-0-3-203.us-west-1.compute.internal'
2026-01-28T09:55:19.462581804Z I0128 09:55:19.462543       1 controller.go:192] Received pod 'revision-pruner-6-ip-10-0-3-203.us-west-1.compute.internal'
2026-01-28T09:55:19.462726697Z I0128 09:55:19.462709       1 controller.go:151] Successfully synced 'openshift-kube-apiserver/revision-pruner-6-ip-10-0-3-203.us-west-1.compute.internal'
2026-01-28T10:24:45.687993529Z I0128 10:24:45.687857       1 controller.go:192] Received pod 'perf-node-gather-daemonset-6qhqt'
2026-01-28T10:24:45.687993529Z I0128 10:24:45.687941       1 controller.go:151] Successfully synced 'openshift-must-gather-5xcqk/perf-node-gather-daemonset-6qhqt'
2026-01-28T10:25:04.458239793Z I0128 10:25:04.458199       1 controller.go:151] Successfully synced 'openshift-must-gather-5xcqk/perf-node-gather-daemonset-6qhqt'
