2026-01-28T09:32:55.834822007Z I0128 09:32:55.834687       1 main.go:115] "Version" version="fa1c6f4bf8bed35b8840b5f84495df713a8b88b1"
2026-01-28T09:32:55.835112002Z I0128 09:32:55.835082       1 envvar.go:172] "Feature gate default state" feature="ClientsPreferCBOR" enabled=false
2026-01-28T09:32:55.835132233Z I0128 09:32:55.835119       1 envvar.go:172] "Feature gate default state" feature="InformerResourceVersion" enabled=false
2026-01-28T09:32:55.835132233Z I0128 09:32:55.835127       1 envvar.go:172] "Feature gate default state" feature="InOrderInformers" enabled=true
2026-01-28T09:32:55.835143473Z I0128 09:32:55.835132       1 envvar.go:172] "Feature gate default state" feature="WatchListClient" enabled=false
2026-01-28T09:32:55.835143473Z I0128 09:32:55.835137       1 envvar.go:172] "Feature gate default state" feature="ClientsAllowCBOR" enabled=false
2026-01-28T09:32:55.836394087Z I0128 09:32:55.836363       1 common.go:143] "Probing CSI driver for readiness"
2026-01-28T09:32:55.837646911Z I0128 09:32:55.837617       1 main.go:176] "CSI driver name" driver="ebs.csi.aws.com"
2026-01-28T09:32:55.840634044Z I0128 09:32:55.840613       1 common.go:143] "Probing CSI driver for readiness"
2026-01-28T09:32:55.841126080Z I0128 09:32:55.841096       1 main.go:206] "ServeMux listening" driver="ebs.csi.aws.com" address="localhost:8203" metricsPath="/metrics"
2026-01-28T09:32:55.842119050Z I0128 09:32:55.842093       1 main.go:260] "CSI driver supports ControllerPublishUnpublish, using real CSI handler" driver="ebs.csi.aws.com"
2026-01-28T09:32:55.842713961Z I0128 09:32:55.842694       1 leaderelection.go:257] attempting to acquire leader lease openshift-cluster-csi-drivers/external-attacher-leader-ebs-csi-aws-com...
2026-01-28T09:35:24.130081115Z I0128 09:35:24.130035       1 leaderelection.go:271] successfully acquired lease openshift-cluster-csi-drivers/external-attacher-leader-ebs-csi-aws-com
2026-01-28T09:35:24.130210082Z I0128 09:35:24.130185       1 leader_election.go:194] "became leader, starting"
2026-01-28T09:35:24.130301006Z I0128 09:35:24.130235       1 controller.go:129] "Starting CSI attacher"
2026-01-28T09:35:24.131372550Z I0128 09:35:24.131344       1 reflector.go:430] "Caches populated" type="*v1.PersistentVolume" reflector="k8s.io/client-go/informers/factory.go:160"
2026-01-28T09:35:24.131398392Z I0128 09:35:24.131387       1 reflector.go:430] "Caches populated" type="*v1.VolumeAttachment" reflector="k8s.io/client-go/informers/factory.go:160"
2026-01-28T09:35:24.131830843Z I0128 09:35:24.131807       1 reflector.go:430] "Caches populated" type="*v1.CSINode" reflector="k8s.io/client-go/informers/factory.go:160"
2026-01-28T09:42:52.552329800Z I0128 09:42:52.552272       1 csi_handler.go:261] "Attaching" VolumeAttachment="csi-0865f4c2617408ea3e61ce48c219430f0c783ae5ff2e4eb1babff67fa8b9f409"
2026-01-28T09:42:52.636327146Z I0128 09:42:52.636256       1 csi_handler.go:261] "Attaching" VolumeAttachment="csi-d0c6f10191f0250a6998e4c3a3d25936f9fd51ff01253748129e8892b9251226"
2026-01-28T09:42:54.367808133Z I0128 09:42:54.367769       1 csi_handler.go:273] "Attached" VolumeAttachment="csi-0865f4c2617408ea3e61ce48c219430f0c783ae5ff2e4eb1babff67fa8b9f409"
2026-01-28T09:42:55.976386648Z I0128 09:42:55.976328       1 csi_handler.go:273] "Attached" VolumeAttachment="csi-d0c6f10191f0250a6998e4c3a3d25936f9fd51ff01253748129e8892b9251226"
2026-01-28T09:42:55.981282350Z I0128 09:42:55.981199       1 csi_handler.go:261] "Attaching" VolumeAttachment="csi-d0c6f10191f0250a6998e4c3a3d25936f9fd51ff01253748129e8892b9251226"
2026-01-28T09:42:57.161525874Z I0128 09:42:57.159238       1 csi_handler.go:273] "Attached" VolumeAttachment="csi-d0c6f10191f0250a6998e4c3a3d25936f9fd51ff01253748129e8892b9251226"
