2026-01-28T09:29:59.069765266Z + [[ -f /env/_master ]]
2026-01-28T09:29:59.069765266Z + . /ovnkube-lib/ovnkube-lib.sh
2026-01-28T09:29:59.069926799Z ++ set -x
2026-01-28T09:29:59.069926799Z ++ K8S_NODE=
2026-01-28T09:29:59.069926799Z ++ [[ -n '' ]]
2026-01-28T09:29:59.069926799Z ++ northd_pidfile=/var/run/ovn/ovn-northd.pid
2026-01-28T09:29:59.069926799Z ++ controller_pidfile=/var/run/ovn/ovn-controller.pid
2026-01-28T09:29:59.069926799Z ++ controller_logfile=/var/log/ovn/acl-audit-log.log
2026-01-28T09:29:59.069926799Z ++ vswitch_dbsock=/var/run/openvswitch/db.sock
2026-01-28T09:29:59.069926799Z ++ nbdb_pidfile=/var/run/ovn/ovnnb_db.pid
2026-01-28T09:29:59.069926799Z ++ nbdb_sock=/var/run/ovn/ovnnb_db.sock
2026-01-28T09:29:59.069926799Z ++ nbdb_ctl=/var/run/ovn/ovnnb_db.ctl
2026-01-28T09:29:59.069926799Z ++ sbdb_pidfile=/var/run/ovn/ovnsb_db.pid
2026-01-28T09:29:59.069926799Z ++ sbdb_sock=/var/run/ovn/ovnsb_db.sock
2026-01-28T09:29:59.069926799Z ++ sbdb_ctl=/var/run/ovn/ovnsb_db.ctl
2026-01-28T09:29:59.070988642Z + trap quit-ovn-northd TERM INT
2026-01-28T09:29:59.071003662Z + start-ovn-northd info
2026-01-28T09:29:59.071003662Z + local log_level=info
2026-01-28T09:29:59.071011602Z + [[ 1 -ne 1 ]]
2026-01-28T09:29:59.071284808Z ++ date -Iseconds
2026-01-28T09:29:59.072820320Z + echo '2026-01-28T09:29:59+00:00 - starting ovn-northd'
2026-01-28T09:29:59.072841611Z 2026-01-28T09:29:59+00:00 - starting ovn-northd
2026-01-28T09:29:59.073028425Z + wait 3562
2026-01-28T09:29:59.073077836Z + exec ovn-northd --no-chdir -vconsole:info -vfile:off '-vPATTERN:console:%D{%Y-%m-%dT%H:%M:%S.###Z}|%05N|%c%T|%p|%m' --pidfile /var/run/ovn/ovn-northd.pid --n-threads=1
2026-01-28T09:29:59.076363956Z 2026-01-28T09:29:59.076Z|00001|ovn_northd|INFO|OVN internal version is : [25.03.2-20.41.0-78.8]
2026-01-28T09:29:59.076660412Z 2026-01-28T09:29:59.076Z|00002|reconnect|INFO|unix:/var/run/ovn/ovnnb_db.sock: connecting...
2026-01-28T09:29:59.076676193Z 2026-01-28T09:29:59.076Z|00003|reconnect|INFO|unix:/var/run/ovn/ovnnb_db.sock: connection attempt failed (No such file or directory)
2026-01-28T09:29:59.076686163Z 2026-01-28T09:29:59.076Z|00004|ovn_northd|INFO|OVN NB IDL reconnected, force recompute.
2026-01-28T09:29:59.076723563Z 2026-01-28T09:29:59.076Z|00005|reconnect|INFO|unix:/var/run/ovn/ovnsb_db.sock: connecting...
2026-01-28T09:29:59.076730863Z 2026-01-28T09:29:59.076Z|00006|reconnect|INFO|unix:/var/run/ovn/ovnsb_db.sock: connection attempt failed (No such file or directory)
2026-01-28T09:29:59.076751674Z 2026-01-28T09:29:59.076Z|00007|ovn_northd|INFO|OVN SB IDL reconnected, force recompute.
2026-01-28T09:30:00.077126399Z 2026-01-28T09:30:00.077Z|00008|reconnect|INFO|unix:/var/run/ovn/ovnnb_db.sock: connecting...
2026-01-28T09:30:00.077182840Z 2026-01-28T09:30:00.077Z|00009|reconnect|INFO|unix:/var/run/ovn/ovnnb_db.sock: connected
2026-01-28T09:30:00.077240441Z 2026-01-28T09:30:00.077Z|00010|reconnect|INFO|unix:/var/run/ovn/ovnsb_db.sock: connecting...
2026-01-28T09:30:00.077274082Z 2026-01-28T09:30:00.077Z|00011|reconnect|INFO|unix:/var/run/ovn/ovnsb_db.sock: connection attempt failed (No such file or directory)
2026-01-28T09:30:00.077283752Z 2026-01-28T09:30:00.077Z|00012|reconnect|INFO|unix:/var/run/ovn/ovnsb_db.sock: waiting 2 seconds before reconnect
2026-01-28T09:30:02.077971112Z 2026-01-28T09:30:02.077Z|00013|reconnect|INFO|unix:/var/run/ovn/ovnsb_db.sock: connecting...
2026-01-28T09:30:02.078053924Z 2026-01-28T09:30:02.077Z|00014|reconnect|INFO|unix:/var/run/ovn/ovnsb_db.sock: connected
2026-01-28T09:30:02.078200357Z 2026-01-28T09:30:02.078Z|00015|ovn_northd|INFO|ovn-northd lock acquired. This ovn-northd instance is now active.
2026-01-28T09:30:05.568029244Z 2026-01-28T09:30:05.567Z|00016|northd|WARN|No path for static route 100.64.0.2/32 on router ovn_cluster_router; next hop 100.88.0.2
2026-01-28T09:30:09.075184088Z 2026-01-28T09:30:09.075Z|00017|memory|INFO|14088 kB peak resident set size after 10.0 seconds
2026-01-28T09:30:09.075208779Z 2026-01-28T09:30:09.075Z|00018|memory|INFO|idl-cells-OVN_Northbound:2799 idl-cells-OVN_Southbound:10115
