2026-01-28T09:42:38.029278623Z I0128 09:42:38.029177       1 base_controller.go:76] Waiting for caches to sync for CertSyncController
2026-01-28T09:42:38.029540716Z I0128 09:42:38.029525       1 observer_polling.go:159] Starting file observer
2026-01-28T09:42:38.129916897Z I0128 09:42:38.129843       1 base_controller.go:82] Caches are synced for CertSyncController 
2026-01-28T09:42:38.129916897Z I0128 09:42:38.129906       1 base_controller.go:119] Starting #1 worker of CertSyncController controller ...
2026-01-28T09:42:38.130014112Z I0128 09:42:38.129997       1 certsync_controller.go:74] Syncing configmaps: []
2026-01-28T09:42:38.130866214Z I0128 09:42:38.130012       1 certsync_controller.go:178] Syncing secrets: [{kube-scheduler-client-cert-key false}]
2026-01-28T09:45:54.735007791Z I0128 09:45:54.734968       1 certsync_controller.go:74] Syncing configmaps: []
2026-01-28T09:45:54.735124987Z I0128 09:45:54.735107       1 certsync_controller.go:178] Syncing secrets: [{kube-scheduler-client-cert-key false}]
2026-01-28T09:45:54.763879258Z I0128 09:45:54.763813       1 certsync_controller.go:74] Syncing configmaps: []
2026-01-28T09:45:54.763963902Z I0128 09:45:54.763945       1 certsync_controller.go:178] Syncing secrets: [{kube-scheduler-client-cert-key false}]
2026-01-28T09:45:54.768746420Z I0128 09:45:54.768711       1 certsync_controller.go:74] Syncing configmaps: []
2026-01-28T09:45:54.768810853Z I0128 09:45:54.768793       1 certsync_controller.go:178] Syncing secrets: [{kube-scheduler-client-cert-key false}]
2026-01-28T09:45:54.768994823Z I0128 09:45:54.768977       1 certsync_controller.go:74] Syncing configmaps: []
2026-01-28T09:45:54.769064246Z I0128 09:45:54.769048       1 certsync_controller.go:178] Syncing secrets: [{kube-scheduler-client-cert-key false}]
2026-01-28T09:50:57.134398485Z I0128 09:50:57.134311       1 certsync_controller.go:74] Syncing configmaps: []
2026-01-28T09:50:57.134398485Z I0128 09:50:57.134339       1 certsync_controller.go:178] Syncing secrets: [{kube-scheduler-client-cert-key false}]
2026-01-28T09:50:57.134494610Z I0128 09:50:57.134458       1 certsync_controller.go:74] Syncing configmaps: []
2026-01-28T09:50:57.134494610Z I0128 09:50:57.134470       1 certsync_controller.go:178] Syncing secrets: [{kube-scheduler-client-cert-key false}]
2026-01-28T09:51:01.544630964Z I0128 09:51:01.544571       1 certsync_controller.go:74] Syncing configmaps: []
2026-01-28T09:51:01.544630964Z I0128 09:51:01.544600       1 certsync_controller.go:178] Syncing secrets: [{kube-scheduler-client-cert-key false}]
2026-01-28T09:51:01.544766960Z I0128 09:51:01.544708       1 certsync_controller.go:74] Syncing configmaps: []
2026-01-28T09:51:01.544766960Z I0128 09:51:01.544718       1 certsync_controller.go:178] Syncing secrets: [{kube-scheduler-client-cert-key false}]
2026-01-28T09:51:01.544836744Z I0128 09:51:01.544797       1 certsync_controller.go:74] Syncing configmaps: []
2026-01-28T09:51:01.544836744Z I0128 09:51:01.544826       1 certsync_controller.go:178] Syncing secrets: [{kube-scheduler-client-cert-key false}]
2026-01-28T09:51:01.544926808Z I0128 09:51:01.544906       1 certsync_controller.go:74] Syncing configmaps: []
2026-01-28T09:51:01.544926808Z I0128 09:51:01.544921       1 certsync_controller.go:178] Syncing secrets: [{kube-scheduler-client-cert-key false}]
2026-01-28T10:00:57.135148316Z I0128 10:00:57.135085       1 certsync_controller.go:74] Syncing configmaps: []
2026-01-28T10:00:57.135148316Z I0128 10:00:57.135119       1 certsync_controller.go:178] Syncing secrets: [{kube-scheduler-client-cert-key false}]
2026-01-28T10:00:57.135282532Z I0128 10:00:57.135255       1 certsync_controller.go:74] Syncing configmaps: []
2026-01-28T10:00:57.135282532Z I0128 10:00:57.135274       1 certsync_controller.go:178] Syncing secrets: [{kube-scheduler-client-cert-key false}]
2026-01-28T10:01:01.545009640Z I0128 10:01:01.544955       1 certsync_controller.go:74] Syncing configmaps: []
2026-01-28T10:01:01.545087034Z I0128 10:01:01.545002       1 certsync_controller.go:178] Syncing secrets: [{kube-scheduler-client-cert-key false}]
2026-01-28T10:01:01.545206880Z I0128 10:01:01.545135       1 certsync_controller.go:74] Syncing configmaps: []
2026-01-28T10:01:01.545206880Z I0128 10:01:01.545151       1 certsync_controller.go:178] Syncing secrets: [{kube-scheduler-client-cert-key false}]
2026-01-28T10:01:01.545232931Z I0128 10:01:01.545220       1 certsync_controller.go:74] Syncing configmaps: []
2026-01-28T10:01:01.545248182Z I0128 10:01:01.545228       1 certsync_controller.go:178] Syncing secrets: [{kube-scheduler-client-cert-key false}]
2026-01-28T10:10:57.135585006Z I0128 10:10:57.135534       1 certsync_controller.go:74] Syncing configmaps: []
2026-01-28T10:10:57.135641298Z I0128 10:10:57.135592       1 certsync_controller.go:178] Syncing secrets: [{kube-scheduler-client-cert-key false}]
2026-01-28T10:10:57.135737793Z I0128 10:10:57.135713       1 certsync_controller.go:74] Syncing configmaps: []
2026-01-28T10:10:57.135737793Z I0128 10:10:57.135728       1 certsync_controller.go:178] Syncing secrets: [{kube-scheduler-client-cert-key false}]
2026-01-28T10:11:01.545748603Z I0128 10:11:01.545694       1 certsync_controller.go:74] Syncing configmaps: []
2026-01-28T10:11:01.545843748Z I0128 10:11:01.545795       1 certsync_controller.go:178] Syncing secrets: [{kube-scheduler-client-cert-key false}]
2026-01-28T10:11:01.545991606Z I0128 10:11:01.545968       1 certsync_controller.go:74] Syncing configmaps: []
2026-01-28T10:11:01.545991606Z I0128 10:11:01.545982       1 certsync_controller.go:178] Syncing secrets: [{kube-scheduler-client-cert-key false}]
2026-01-28T10:20:57.135659627Z I0128 10:20:57.135592       1 certsync_controller.go:74] Syncing configmaps: []
2026-01-28T10:20:57.135659627Z I0128 10:20:57.135630       1 certsync_controller.go:178] Syncing secrets: [{kube-scheduler-client-cert-key false}]
2026-01-28T10:20:57.135778163Z I0128 10:20:57.135752       1 certsync_controller.go:74] Syncing configmaps: []
2026-01-28T10:20:57.135778163Z I0128 10:20:57.135767       1 certsync_controller.go:178] Syncing secrets: [{kube-scheduler-client-cert-key false}]
2026-01-28T10:21:01.546314876Z I0128 10:21:01.546267       1 certsync_controller.go:74] Syncing configmaps: []
2026-01-28T10:21:01.546409081Z I0128 10:21:01.546386       1 certsync_controller.go:178] Syncing secrets: [{kube-scheduler-client-cert-key false}]
2026-01-28T10:21:01.546559668Z I0128 10:21:01.546533       1 certsync_controller.go:74] Syncing configmaps: []
2026-01-28T10:21:01.546559668Z I0128 10:21:01.546547       1 certsync_controller.go:178] Syncing secrets: [{kube-scheduler-client-cert-key false}]
2026-01-28T10:21:01.546635302Z I0128 10:21:01.546618       1 certsync_controller.go:74] Syncing configmaps: []
2026-01-28T10:21:01.546668264Z I0128 10:21:01.546653       1 certsync_controller.go:178] Syncing secrets: [{kube-scheduler-client-cert-key false}]
2026-01-28T10:21:01.546747108Z I0128 10:21:01.546724       1 certsync_controller.go:74] Syncing configmaps: []
2026-01-28T10:21:01.546747108Z I0128 10:21:01.546734       1 certsync_controller.go:178] Syncing secrets: [{kube-scheduler-client-cert-key false}]
