2026-01-28T09:47:39.495663226Z I0128 09:47:39.495498       1 cmd.go:95] &{<nil> true {false} installer true map[cert-configmaps:0xc000a10780 cert-dir:0xc000a10960 cert-secrets:0xc000a106e0 configmaps:0xc000a10280 namespace:0xc000a100a0 optional-cert-configmaps:0xc000a108c0 optional-cert-secrets:0xc000a10820 optional-configmaps:0xc000a103c0 optional-secrets:0xc000a10320 pod:0xc000a10140 pod-manifest-dir:0xc000a10500 resource-dir:0xc000a10460 revision:0xc000a10000 secrets:0xc000a101e0 v:0xc000a11d60] [0xc000a11d60 0xc000a10000 0xc000a100a0 0xc000a10140 0xc000a10460 0xc000a10500 0xc000a10280 0xc000a103c0 0xc000a101e0 0xc000a10320 0xc000a10960 0xc000a10780 0xc000a108c0 0xc000a106e0 0xc000a10820] [] map[cert-configmaps:0xc000a10780 cert-dir:0xc000a10960 cert-secrets:0xc000a106e0 configmaps:0xc000a10280 help:0xc000a221e0 kubeconfig:0xc0006cfea0 log-flush-frequency:0xc000a11cc0 namespace:0xc000a100a0 optional-cert-configmaps:0xc000a108c0 optional-cert-secrets:0xc000a10820 optional-configmaps:0xc000a103c0 optional-secrets:0xc000a10320 pod:0xc000a10140 pod-manifest-dir:0xc000a10500 pod-manifests-lock-file:0xc000a10640 resource-dir:0xc000a10460 revision:0xc000a10000 secrets:0xc000a101e0 timeout-duration:0xc000a105a0 v:0xc000a11d60 vmodule:0xc000a11e00] [0xc0006cfea0 0xc000a10000 0xc000a100a0 0xc000a10140 0xc000a101e0 0xc000a10280 0xc000a10320 0xc000a103c0 0xc000a10460 0xc000a10500 0xc000a105a0 0xc000a10640 0xc000a106e0 0xc000a10780 0xc000a10820 0xc000a108c0 0xc000a10960 0xc000a11cc0 0xc000a11d60 0xc000a11e00 0xc000a221e0] [0xc000a10780 0xc000a10960 0xc000a106e0 0xc000a10280 0xc000a221e0 0xc0006cfea0 0xc000a11cc0 0xc000a100a0 0xc000a108c0 0xc000a10820 0xc000a103c0 0xc000a10320 0xc000a10140 0xc000a10500 0xc000a10640 0xc000a10460 0xc000a10000 0xc000a101e0 0xc000a105a0 0xc000a11d60 0xc000a11e00] map[104:0xc000a221e0 118:0xc000a11d60] [] -1 0 0xc000712de0 true 0xae52c0 []}
2026-01-28T09:47:39.495781391Z I0128 09:47:39.495695       1 cmd.go:96] (*installerpod.InstallOptions)(0xc00047f040)({
2026-01-28T09:47:39.495781391Z  KubeConfig: (string) "",
2026-01-28T09:47:39.495781391Z  KubeClient: (kubernetes.Interface) <nil>,
2026-01-28T09:47:39.495781391Z  Revision: (string) (len=1) "6",
2026-01-28T09:47:39.495781391Z  NodeName: (string) "",
2026-01-28T09:47:39.495781391Z  Namespace: (string) (len=24) "openshift-kube-apiserver",
2026-01-28T09:47:39.495781391Z  Clock: (clock.RealClock) {
2026-01-28T09:47:39.495781391Z  },
2026-01-28T09:47:39.495781391Z  PodConfigMapNamePrefix: (string) (len=18) "kube-apiserver-pod",
2026-01-28T09:47:39.495781391Z  SecretNamePrefixes: ([]string) (len=3 cap=4) {
2026-01-28T09:47:39.495781391Z   (string) (len=11) "etcd-client",
2026-01-28T09:47:39.495781391Z   (string) (len=34) "localhost-recovery-serving-certkey",
2026-01-28T09:47:39.495781391Z   (string) (len=31) "localhost-recovery-client-token"
2026-01-28T09:47:39.495781391Z  },
2026-01-28T09:47:39.495781391Z  OptionalSecretNamePrefixes: ([]string) (len=2 cap=2) {
2026-01-28T09:47:39.495781391Z   (string) (len=17) "encryption-config",
2026-01-28T09:47:39.495781391Z   (string) (len=21) "webhook-authenticator"
2026-01-28T09:47:39.495781391Z  },
2026-01-28T09:47:39.495781391Z  ConfigMapNamePrefixes: ([]string) (len=8 cap=8) {
2026-01-28T09:47:39.495781391Z   (string) (len=18) "kube-apiserver-pod",
2026-01-28T09:47:39.495781391Z   (string) (len=6) "config",
2026-01-28T09:47:39.495781391Z   (string) (len=37) "kube-apiserver-cert-syncer-kubeconfig",
2026-01-28T09:47:39.495781391Z   (string) (len=28) "bound-sa-token-signing-certs",
2026-01-28T09:47:39.495781391Z   (string) (len=15) "etcd-serving-ca",
2026-01-28T09:47:39.495781391Z   (string) (len=18) "kubelet-serving-ca",
2026-01-28T09:47:39.495781391Z   (string) (len=22) "sa-token-signing-certs",
2026-01-28T09:47:39.495781391Z   (string) (len=29) "kube-apiserver-audit-policies"
2026-01-28T09:47:39.495781391Z  },
2026-01-28T09:47:39.495781391Z  OptionalConfigMapNamePrefixes: ([]string) (len=4 cap=4) {
2026-01-28T09:47:39.495781391Z   (string) (len=14) "oauth-metadata",
2026-01-28T09:47:39.495781391Z   (string) (len=12) "cloud-config",
2026-01-28T09:47:39.495781391Z   (string) (len=24) "kube-apiserver-server-ca",
2026-01-28T09:47:39.495781391Z   (string) (len=11) "auth-config"
2026-01-28T09:47:39.495781391Z  },
2026-01-28T09:47:39.495781391Z  CertSecretNames: ([]string) (len=10 cap=16) {
2026-01-28T09:47:39.495781391Z   (string) (len=17) "aggregator-client",
2026-01-28T09:47:39.495781391Z   (string) (len=30) "localhost-serving-cert-certkey",
2026-01-28T09:47:39.495781391Z   (string) (len=31) "service-network-serving-certkey",
2026-01-28T09:47:39.495781391Z   (string) (len=37) "external-loadbalancer-serving-certkey",
2026-01-28T09:47:39.495781391Z   (string) (len=37) "internal-loadbalancer-serving-certkey",
2026-01-28T09:47:39.495781391Z   (string) (len=33) "bound-service-account-signing-key",
2026-01-28T09:47:39.495781391Z   (string) (len=40) "control-plane-node-admin-client-cert-key",
2026-01-28T09:47:39.495781391Z   (string) (len=31) "check-endpoints-client-cert-key",
2026-01-28T09:47:39.495781391Z   (string) (len=14) "kubelet-client",
2026-01-28T09:47:39.495781391Z   (string) (len=16) "node-kubeconfigs"
2026-01-28T09:47:39.495781391Z  },
2026-01-28T09:47:39.495781391Z  OptionalCertSecretNamePrefixes: ([]string) (len=11 cap=16) {
2026-01-28T09:47:39.495781391Z   (string) (len=17) "user-serving-cert",
2026-01-28T09:47:39.495781391Z   (string) (len=21) "user-serving-cert-000",
2026-01-28T09:47:39.495781391Z   (string) (len=21) "user-serving-cert-001",
2026-01-28T09:47:39.495781391Z   (string) (len=21) "user-serving-cert-002",
2026-01-28T09:47:39.495781391Z   (string) (len=21) "user-serving-cert-003",
2026-01-28T09:47:39.495781391Z   (string) (len=21) "user-serving-cert-004",
2026-01-28T09:47:39.495781391Z   (string) (len=21) "user-serving-cert-005",
2026-01-28T09:47:39.495781391Z   (string) (len=21) "user-serving-cert-006",
2026-01-28T09:47:39.495781391Z   (string) (len=21) "user-serving-cert-007",
2026-01-28T09:47:39.495781391Z   (string) (len=21) "user-serving-cert-008",
2026-01-28T09:47:39.495781391Z   (string) (len=21) "user-serving-cert-009"
2026-01-28T09:47:39.495781391Z  },
2026-01-28T09:47:39.495781391Z  CertConfigMapNamePrefixes: ([]string) (len=4 cap=4) {
2026-01-28T09:47:39.495781391Z   (string) (len=20) "aggregator-client-ca",
2026-01-28T09:47:39.495781391Z   (string) (len=9) "client-ca",
2026-01-28T09:47:39.495781391Z   (string) (len=29) "control-plane-node-kubeconfig",
2026-01-28T09:47:39.495781391Z   (string) (len=26) "check-endpoints-kubeconfig"
2026-01-28T09:47:39.495781391Z  },
2026-01-28T09:47:39.495781391Z  OptionalCertConfigMapNamePrefixes: ([]string) (len=1 cap=1) {
2026-01-28T09:47:39.495781391Z   (string) (len=17) "trusted-ca-bundle"
2026-01-28T09:47:39.495781391Z  },
2026-01-28T09:47:39.495781391Z  CertDir: (string) (len=57) "/etc/kubernetes/static-pod-resources/kube-apiserver-certs",
2026-01-28T09:47:39.495781391Z  ResourceDir: (string) (len=36) "/etc/kubernetes/static-pod-resources",
2026-01-28T09:47:39.495781391Z  PodManifestDir: (string) (len=25) "/etc/kubernetes/manifests",
2026-01-28T09:47:39.495781391Z  Timeout: (time.Duration) 2m0s,
2026-01-28T09:47:39.495781391Z  StaticPodManifestsLockFile: (string) "",
2026-01-28T09:47:39.495781391Z  PodMutationFns: ([]installerpod.PodMutationFunc) <nil>,
2026-01-28T09:47:39.495781391Z  KubeletVersion: (string) ""
2026-01-28T09:47:39.495781391Z })
2026-01-28T09:47:39.496153540Z I0128 09:47:39.496132       1 envvar.go:172] "Feature gate default state" feature="ClientsAllowCBOR" enabled=false
2026-01-28T09:47:39.496153540Z I0128 09:47:39.496148       1 envvar.go:172] "Feature gate default state" feature="ClientsPreferCBOR" enabled=false
2026-01-28T09:47:39.496167200Z I0128 09:47:39.496153       1 envvar.go:172] "Feature gate default state" feature="InformerResourceVersion" enabled=false
2026-01-28T09:47:39.496167200Z I0128 09:47:39.496157       1 envvar.go:172] "Feature gate default state" feature="InOrderInformers" enabled=true
2026-01-28T09:47:39.496167200Z I0128 09:47:39.496160       1 envvar.go:172] "Feature gate default state" feature="WatchListClient" enabled=false
2026-01-28T09:47:39.496562920Z I0128 09:47:39.496542       1 cmd.go:413] Getting controller reference for node ip-10-0-108-54.us-west-1.compute.internal
2026-01-28T09:47:39.506954228Z I0128 09:47:39.506921       1 cmd.go:426] Waiting for installer revisions to settle for node ip-10-0-108-54.us-west-1.compute.internal
2026-01-28T09:47:39.511613320Z I0128 09:47:39.511583       1 cmd.go:518] Waiting additional period after revisions have settled for node ip-10-0-108-54.us-west-1.compute.internal
2026-01-28T09:48:09.512045821Z I0128 09:48:09.511957       1 cmd.go:524] Getting installer pods for node ip-10-0-108-54.us-west-1.compute.internal
2026-01-28T09:48:09.517645909Z I0128 09:48:09.517616       1 cmd.go:542] Latest installer revision for node ip-10-0-108-54.us-west-1.compute.internal is: 6
2026-01-28T09:48:09.517645909Z I0128 09:48:09.517636       1 cmd.go:431] Querying kubelet version for node ip-10-0-108-54.us-west-1.compute.internal
2026-01-28T09:48:09.520968144Z I0128 09:48:09.520945       1 cmd.go:444] Got kubelet version 1.33.6 on target node ip-10-0-108-54.us-west-1.compute.internal
2026-01-28T09:48:09.520968144Z I0128 09:48:09.520961       1 cmd.go:293] Creating target resource directory "/etc/kubernetes/static-pod-resources/kube-apiserver-pod-6" ...
2026-01-28T09:48:09.521121842Z I0128 09:48:09.521093       1 cmd.go:221] Creating target resource directory "/etc/kubernetes/static-pod-resources/kube-apiserver-pod-6" ...
2026-01-28T09:48:09.521121842Z I0128 09:48:09.521109       1 cmd.go:229] Getting secrets ...
2026-01-28T09:48:09.524384434Z I0128 09:48:09.524344       1 copy.go:32] Got secret openshift-kube-apiserver/etcd-client-6
2026-01-28T09:48:09.527443386Z I0128 09:48:09.527419       1 copy.go:32] Got secret openshift-kube-apiserver/localhost-recovery-client-token-6
2026-01-28T09:48:09.530843155Z I0128 09:48:09.530814       1 copy.go:32] Got secret openshift-kube-apiserver/localhost-recovery-serving-certkey-6
2026-01-28T09:48:09.533954790Z I0128 09:48:09.533916       1 copy.go:24] Failed to get secret openshift-kube-apiserver/encryption-config-6: secrets "encryption-config-6" not found
2026-01-28T09:48:09.537125338Z I0128 09:48:09.537084       1 copy.go:32] Got secret openshift-kube-apiserver/webhook-authenticator-6
2026-01-28T09:48:09.537125338Z I0128 09:48:09.537108       1 cmd.go:242] Getting config maps ...
2026-01-28T09:48:09.540101886Z I0128 09:48:09.540076       1 copy.go:60] Got configMap openshift-kube-apiserver/bound-sa-token-signing-certs-6
2026-01-28T09:48:09.543265783Z I0128 09:48:09.543225       1 copy.go:60] Got configMap openshift-kube-apiserver/config-6
2026-01-28T09:48:09.546381618Z I0128 09:48:09.546357       1 copy.go:60] Got configMap openshift-kube-apiserver/etcd-serving-ca-6
2026-01-28T09:48:09.716222575Z I0128 09:48:09.716177       1 copy.go:60] Got configMap openshift-kube-apiserver/kube-apiserver-audit-policies-6
2026-01-28T09:48:09.917436112Z I0128 09:48:09.917387       1 copy.go:60] Got configMap openshift-kube-apiserver/kube-apiserver-cert-syncer-kubeconfig-6
2026-01-28T09:48:10.116664150Z I0128 09:48:10.116615       1 copy.go:60] Got configMap openshift-kube-apiserver/kube-apiserver-pod-6
2026-01-28T09:48:10.316957831Z I0128 09:48:10.316894       1 copy.go:60] Got configMap openshift-kube-apiserver/kubelet-serving-ca-6
2026-01-28T09:48:10.516052582Z I0128 09:48:10.515984       1 copy.go:60] Got configMap openshift-kube-apiserver/sa-token-signing-certs-6
2026-01-28T09:48:10.715912041Z I0128 09:48:10.715866       1 copy.go:52] Failed to get config map openshift-kube-apiserver/auth-config-6: configmaps "auth-config-6" not found
2026-01-28T09:48:10.916045415Z I0128 09:48:10.915978       1 copy.go:52] Failed to get config map openshift-kube-apiserver/cloud-config-6: configmaps "cloud-config-6" not found
2026-01-28T09:48:11.115985368Z I0128 09:48:11.115946       1 copy.go:60] Got configMap openshift-kube-apiserver/kube-apiserver-server-ca-6
2026-01-28T09:48:11.317424416Z I0128 09:48:11.317378       1 copy.go:60] Got configMap openshift-kube-apiserver/oauth-metadata-6
2026-01-28T09:48:11.317474258Z I0128 09:48:11.317451       1 cmd.go:261] Creating directory "/etc/kubernetes/static-pod-resources/kube-apiserver-pod-6/secrets/etcd-client" ...
2026-01-28T09:48:11.317610615Z I0128 09:48:11.317587       1 cmd.go:639] Writing secret manifest "/etc/kubernetes/static-pod-resources/kube-apiserver-pod-6/secrets/etcd-client/tls.crt" ...
2026-01-28T09:48:11.317746252Z I0128 09:48:11.317721       1 cmd.go:639] Writing secret manifest "/etc/kubernetes/static-pod-resources/kube-apiserver-pod-6/secrets/etcd-client/tls.key" ...
2026-01-28T09:48:11.317853527Z I0128 09:48:11.317835       1 cmd.go:261] Creating directory "/etc/kubernetes/static-pod-resources/kube-apiserver-pod-6/secrets/localhost-recovery-client-token" ...
2026-01-28T09:48:11.317921741Z I0128 09:48:11.317904       1 cmd.go:639] Writing secret manifest "/etc/kubernetes/static-pod-resources/kube-apiserver-pod-6/secrets/localhost-recovery-client-token/ca.crt" ...
2026-01-28T09:48:11.318070528Z I0128 09:48:11.318051       1 cmd.go:639] Writing secret manifest "/etc/kubernetes/static-pod-resources/kube-apiserver-pod-6/secrets/localhost-recovery-client-token/namespace" ...
2026-01-28T09:48:11.318190254Z I0128 09:48:11.318169       1 cmd.go:639] Writing secret manifest "/etc/kubernetes/static-pod-resources/kube-apiserver-pod-6/secrets/localhost-recovery-client-token/service-ca.crt" ...
2026-01-28T09:48:11.318333211Z I0128 09:48:11.318312       1 cmd.go:639] Writing secret manifest "/etc/kubernetes/static-pod-resources/kube-apiserver-pod-6/secrets/localhost-recovery-client-token/token" ...
2026-01-28T09:48:11.318438936Z I0128 09:48:11.318423       1 cmd.go:261] Creating directory "/etc/kubernetes/static-pod-resources/kube-apiserver-pod-6/secrets/localhost-recovery-serving-certkey" ...
2026-01-28T09:48:11.318512350Z I0128 09:48:11.318485       1 cmd.go:639] Writing secret manifest "/etc/kubernetes/static-pod-resources/kube-apiserver-pod-6/secrets/localhost-recovery-serving-certkey/tls.crt" ...
2026-01-28T09:48:11.318617635Z I0128 09:48:11.318593       1 cmd.go:639] Writing secret manifest "/etc/kubernetes/static-pod-resources/kube-apiserver-pod-6/secrets/localhost-recovery-serving-certkey/tls.key" ...
2026-01-28T09:48:11.318720050Z I0128 09:48:11.318698       1 cmd.go:261] Creating directory "/etc/kubernetes/static-pod-resources/kube-apiserver-pod-6/secrets/webhook-authenticator" ...
2026-01-28T09:48:11.318783703Z I0128 09:48:11.318763       1 cmd.go:639] Writing secret manifest "/etc/kubernetes/static-pod-resources/kube-apiserver-pod-6/secrets/webhook-authenticator/kubeConfig" ...
2026-01-28T09:48:11.318877648Z I0128 09:48:11.318862       1 cmd.go:277] Creating directory "/etc/kubernetes/static-pod-resources/kube-apiserver-pod-6/configmaps/bound-sa-token-signing-certs" ...
2026-01-28T09:48:11.318973043Z I0128 09:48:11.318957       1 cmd.go:629] Writing config file "/etc/kubernetes/static-pod-resources/kube-apiserver-pod-6/configmaps/bound-sa-token-signing-certs/service-account-001.pub" ...
2026-01-28T09:48:11.319093269Z I0128 09:48:11.319069       1 cmd.go:277] Creating directory "/etc/kubernetes/static-pod-resources/kube-apiserver-pod-6/configmaps/config" ...
2026-01-28T09:48:11.319153692Z I0128 09:48:11.319132       1 cmd.go:629] Writing config file "/etc/kubernetes/static-pod-resources/kube-apiserver-pod-6/configmaps/config/config.yaml" ...
2026-01-28T09:48:11.319254047Z I0128 09:48:11.319238       1 cmd.go:277] Creating directory "/etc/kubernetes/static-pod-resources/kube-apiserver-pod-6/configmaps/etcd-serving-ca" ...
2026-01-28T09:48:11.319311759Z I0128 09:48:11.319290       1 cmd.go:629] Writing config file "/etc/kubernetes/static-pod-resources/kube-apiserver-pod-6/configmaps/etcd-serving-ca/ca-bundle.crt" ...
2026-01-28T09:48:11.319411775Z I0128 09:48:11.319394       1 cmd.go:277] Creating directory "/etc/kubernetes/static-pod-resources/kube-apiserver-pod-6/configmaps/kube-apiserver-audit-policies" ...
2026-01-28T09:48:11.319488338Z I0128 09:48:11.319460       1 cmd.go:629] Writing config file "/etc/kubernetes/static-pod-resources/kube-apiserver-pod-6/configmaps/kube-apiserver-audit-policies/policy.yaml" ...
2026-01-28T09:48:11.319649546Z I0128 09:48:11.319629       1 cmd.go:277] Creating directory "/etc/kubernetes/static-pod-resources/kube-apiserver-pod-6/configmaps/kube-apiserver-cert-syncer-kubeconfig" ...
2026-01-28T09:48:11.319724430Z I0128 09:48:11.319696       1 cmd.go:629] Writing config file "/etc/kubernetes/static-pod-resources/kube-apiserver-pod-6/configmaps/kube-apiserver-cert-syncer-kubeconfig/kubeconfig" ...
2026-01-28T09:48:11.319828285Z I0128 09:48:11.319804       1 cmd.go:277] Creating directory "/etc/kubernetes/static-pod-resources/kube-apiserver-pod-6/configmaps/kube-apiserver-pod" ...
2026-01-28T09:48:11.319888398Z I0128 09:48:11.319870       1 cmd.go:629] Writing config file "/etc/kubernetes/static-pod-resources/kube-apiserver-pod-6/configmaps/kube-apiserver-pod/pod.yaml" ...
2026-01-28T09:48:11.319985413Z I0128 09:48:11.319970       1 cmd.go:629] Writing config file "/etc/kubernetes/static-pod-resources/kube-apiserver-pod-6/configmaps/kube-apiserver-pod/version" ...
2026-01-28T09:48:11.320131150Z I0128 09:48:11.320109       1 cmd.go:629] Writing config file "/etc/kubernetes/static-pod-resources/kube-apiserver-pod-6/configmaps/kube-apiserver-pod/forceRedeploymentReason" ...
2026-01-28T09:48:11.320223555Z I0128 09:48:11.320205       1 cmd.go:277] Creating directory "/etc/kubernetes/static-pod-resources/kube-apiserver-pod-6/configmaps/kubelet-serving-ca" ...
2026-01-28T09:48:11.320319820Z I0128 09:48:11.320301       1 cmd.go:629] Writing config file "/etc/kubernetes/static-pod-resources/kube-apiserver-pod-6/configmaps/kubelet-serving-ca/ca-bundle.crt" ...
2026-01-28T09:48:11.320414704Z I0128 09:48:11.320399       1 cmd.go:277] Creating directory "/etc/kubernetes/static-pod-resources/kube-apiserver-pod-6/configmaps/sa-token-signing-certs" ...
2026-01-28T09:48:11.320474147Z I0128 09:48:11.320456       1 cmd.go:629] Writing config file "/etc/kubernetes/static-pod-resources/kube-apiserver-pod-6/configmaps/sa-token-signing-certs/service-account-001.pub" ...
2026-01-28T09:48:11.320601644Z I0128 09:48:11.320584       1 cmd.go:629] Writing config file "/etc/kubernetes/static-pod-resources/kube-apiserver-pod-6/configmaps/sa-token-signing-certs/service-account-002.pub" ...
2026-01-28T09:48:11.320697388Z I0128 09:48:11.320681       1 cmd.go:277] Creating directory "/etc/kubernetes/static-pod-resources/kube-apiserver-pod-6/configmaps/kube-apiserver-server-ca" ...
2026-01-28T09:48:11.320765562Z I0128 09:48:11.320748       1 cmd.go:629] Writing config file "/etc/kubernetes/static-pod-resources/kube-apiserver-pod-6/configmaps/kube-apiserver-server-ca/ca-bundle.crt" ...
2026-01-28T09:48:11.320859736Z I0128 09:48:11.320843       1 cmd.go:277] Creating directory "/etc/kubernetes/static-pod-resources/kube-apiserver-pod-6/configmaps/oauth-metadata" ...
2026-01-28T09:48:11.320925270Z I0128 09:48:11.320905       1 cmd.go:629] Writing config file "/etc/kubernetes/static-pod-resources/kube-apiserver-pod-6/configmaps/oauth-metadata/oauthMetadata" ...
2026-01-28T09:48:11.321015974Z I0128 09:48:11.320998       1 cmd.go:221] Creating target resource directory "/etc/kubernetes/static-pod-resources/kube-apiserver-certs" ...
2026-01-28T09:48:11.321069897Z I0128 09:48:11.321015       1 cmd.go:229] Getting secrets ...
2026-01-28T09:48:11.516142648Z I0128 09:48:11.516088       1 copy.go:32] Got secret openshift-kube-apiserver/aggregator-client
2026-01-28T09:48:11.716657100Z I0128 09:48:11.716573       1 copy.go:32] Got secret openshift-kube-apiserver/bound-service-account-signing-key
2026-01-28T09:48:11.916950732Z I0128 09:48:11.916903       1 copy.go:32] Got secret openshift-kube-apiserver/check-endpoints-client-cert-key
2026-01-28T09:48:12.117124327Z I0128 09:48:12.117080       1 copy.go:32] Got secret openshift-kube-apiserver/control-plane-node-admin-client-cert-key
2026-01-28T09:48:12.316840419Z I0128 09:48:12.316781       1 copy.go:32] Got secret openshift-kube-apiserver/external-loadbalancer-serving-certkey
2026-01-28T09:48:12.516973142Z I0128 09:48:12.516934       1 copy.go:32] Got secret openshift-kube-apiserver/internal-loadbalancer-serving-certkey
2026-01-28T09:48:12.716257032Z I0128 09:48:12.716208       1 copy.go:32] Got secret openshift-kube-apiserver/kubelet-client
2026-01-28T09:48:12.916196036Z I0128 09:48:12.916146       1 copy.go:32] Got secret openshift-kube-apiserver/localhost-serving-cert-certkey
2026-01-28T09:48:13.117147930Z I0128 09:48:13.117092       1 copy.go:32] Got secret openshift-kube-apiserver/node-kubeconfigs
2026-01-28T09:48:13.316449791Z I0128 09:48:13.316400       1 copy.go:32] Got secret openshift-kube-apiserver/service-network-serving-certkey
2026-01-28T09:48:13.516506090Z I0128 09:48:13.516463       1 copy.go:24] Failed to get secret openshift-kube-apiserver/user-serving-cert: secrets "user-serving-cert" not found
2026-01-28T09:48:13.716271985Z I0128 09:48:13.716212       1 copy.go:24] Failed to get secret openshift-kube-apiserver/user-serving-cert-000: secrets "user-serving-cert-000" not found
2026-01-28T09:48:13.916742845Z I0128 09:48:13.916690       1 copy.go:24] Failed to get secret openshift-kube-apiserver/user-serving-cert-001: secrets "user-serving-cert-001" not found
2026-01-28T09:48:14.117237956Z I0128 09:48:14.117173       1 copy.go:24] Failed to get secret openshift-kube-apiserver/user-serving-cert-002: secrets "user-serving-cert-002" not found
2026-01-28T09:48:14.316417762Z I0128 09:48:14.316359       1 copy.go:24] Failed to get secret openshift-kube-apiserver/user-serving-cert-003: secrets "user-serving-cert-003" not found
2026-01-28T09:48:14.517922493Z I0128 09:48:14.517864       1 copy.go:24] Failed to get secret openshift-kube-apiserver/user-serving-cert-004: secrets "user-serving-cert-004" not found
2026-01-28T09:48:14.715866597Z I0128 09:48:14.715803       1 copy.go:24] Failed to get secret openshift-kube-apiserver/user-serving-cert-005: secrets "user-serving-cert-005" not found
2026-01-28T09:48:14.916874453Z I0128 09:48:14.916813       1 copy.go:24] Failed to get secret openshift-kube-apiserver/user-serving-cert-006: secrets "user-serving-cert-006" not found
2026-01-28T09:48:15.115715782Z I0128 09:48:15.115653       1 copy.go:24] Failed to get secret openshift-kube-apiserver/user-serving-cert-007: secrets "user-serving-cert-007" not found
2026-01-28T09:48:15.316730079Z I0128 09:48:15.316667       1 copy.go:24] Failed to get secret openshift-kube-apiserver/user-serving-cert-008: secrets "user-serving-cert-008" not found
2026-01-28T09:48:15.516588519Z I0128 09:48:15.516543       1 copy.go:24] Failed to get secret openshift-kube-apiserver/user-serving-cert-009: secrets "user-serving-cert-009" not found
2026-01-28T09:48:15.516588519Z I0128 09:48:15.516567       1 cmd.go:242] Getting config maps ...
2026-01-28T09:48:15.717450298Z I0128 09:48:15.717403       1 copy.go:60] Got configMap openshift-kube-apiserver/aggregator-client-ca
2026-01-28T09:48:15.918081046Z I0128 09:48:15.918007       1 copy.go:60] Got configMap openshift-kube-apiserver/check-endpoints-kubeconfig
2026-01-28T09:48:16.116204419Z I0128 09:48:16.116147       1 copy.go:60] Got configMap openshift-kube-apiserver/client-ca
2026-01-28T09:48:16.316255708Z I0128 09:48:16.316207       1 copy.go:60] Got configMap openshift-kube-apiserver/control-plane-node-kubeconfig
2026-01-28T09:48:16.522354768Z I0128 09:48:16.522312       1 copy.go:60] Got configMap openshift-kube-apiserver/trusted-ca-bundle
2026-01-28T09:48:16.522609680Z I0128 09:48:16.522589       1 cmd.go:261] Creating directory "/etc/kubernetes/static-pod-resources/kube-apiserver-certs/secrets/aggregator-client" ...
2026-01-28T09:48:16.522634771Z I0128 09:48:16.522619       1 cmd.go:639] Writing secret manifest "/etc/kubernetes/static-pod-resources/kube-apiserver-certs/secrets/aggregator-client/tls.crt" ...
2026-01-28T09:48:16.522836552Z I0128 09:48:16.522815       1 cmd.go:639] Writing secret manifest "/etc/kubernetes/static-pod-resources/kube-apiserver-certs/secrets/aggregator-client/tls.key" ...
2026-01-28T09:48:16.523082614Z I0128 09:48:16.523004       1 cmd.go:261] Creating directory "/etc/kubernetes/static-pod-resources/kube-apiserver-certs/secrets/bound-service-account-signing-key" ...
2026-01-28T09:48:16.523154608Z I0128 09:48:16.523139       1 cmd.go:639] Writing secret manifest "/etc/kubernetes/static-pod-resources/kube-apiserver-certs/secrets/bound-service-account-signing-key/service-account.pub" ...
2026-01-28T09:48:16.523329266Z I0128 09:48:16.523300       1 cmd.go:639] Writing secret manifest "/etc/kubernetes/static-pod-resources/kube-apiserver-certs/secrets/bound-service-account-signing-key/service-account.key" ...
2026-01-28T09:48:16.523439652Z I0128 09:48:16.523413       1 cmd.go:261] Creating directory "/etc/kubernetes/static-pod-resources/kube-apiserver-certs/secrets/check-endpoints-client-cert-key" ...
2026-01-28T09:48:16.523439652Z I0128 09:48:16.523433       1 cmd.go:639] Writing secret manifest "/etc/kubernetes/static-pod-resources/kube-apiserver-certs/secrets/check-endpoints-client-cert-key/tls.crt" ...
2026-01-28T09:48:16.523564748Z I0128 09:48:16.523539       1 cmd.go:639] Writing secret manifest "/etc/kubernetes/static-pod-resources/kube-apiserver-certs/secrets/check-endpoints-client-cert-key/tls.key" ...
2026-01-28T09:48:16.523667253Z I0128 09:48:16.523642       1 cmd.go:261] Creating directory "/etc/kubernetes/static-pod-resources/kube-apiserver-certs/secrets/control-plane-node-admin-client-cert-key" ...
2026-01-28T09:48:16.523667253Z I0128 09:48:16.523661       1 cmd.go:639] Writing secret manifest "/etc/kubernetes/static-pod-resources/kube-apiserver-certs/secrets/control-plane-node-admin-client-cert-key/tls.crt" ...
2026-01-28T09:48:16.523786879Z I0128 09:48:16.523761       1 cmd.go:639] Writing secret manifest "/etc/kubernetes/static-pod-resources/kube-apiserver-certs/secrets/control-plane-node-admin-client-cert-key/tls.key" ...
2026-01-28T09:48:16.523889144Z I0128 09:48:16.523865       1 cmd.go:261] Creating directory "/etc/kubernetes/static-pod-resources/kube-apiserver-certs/secrets/external-loadbalancer-serving-certkey" ...
2026-01-28T09:48:16.523905395Z I0128 09:48:16.523884       1 cmd.go:639] Writing secret manifest "/etc/kubernetes/static-pod-resources/kube-apiserver-certs/secrets/external-loadbalancer-serving-certkey/tls.crt" ...
2026-01-28T09:48:16.524063243Z I0128 09:48:16.524002       1 cmd.go:639] Writing secret manifest "/etc/kubernetes/static-pod-resources/kube-apiserver-certs/secrets/external-loadbalancer-serving-certkey/tls.key" ...
2026-01-28T09:48:16.524213650Z I0128 09:48:16.524139       1 cmd.go:261] Creating directory "/etc/kubernetes/static-pod-resources/kube-apiserver-certs/secrets/internal-loadbalancer-serving-certkey" ...
2026-01-28T09:48:16.524213650Z I0128 09:48:16.524158       1 cmd.go:639] Writing secret manifest "/etc/kubernetes/static-pod-resources/kube-apiserver-certs/secrets/internal-loadbalancer-serving-certkey/tls.crt" ...
2026-01-28T09:48:16.524305775Z I0128 09:48:16.524286       1 cmd.go:639] Writing secret manifest "/etc/kubernetes/static-pod-resources/kube-apiserver-certs/secrets/internal-loadbalancer-serving-certkey/tls.key" ...
2026-01-28T09:48:16.524777798Z I0128 09:48:16.524414       1 cmd.go:261] Creating directory "/etc/kubernetes/static-pod-resources/kube-apiserver-certs/secrets/kubelet-client" ...
2026-01-28T09:48:16.524777798Z I0128 09:48:16.524433       1 cmd.go:639] Writing secret manifest "/etc/kubernetes/static-pod-resources/kube-apiserver-certs/secrets/kubelet-client/tls.crt" ...
2026-01-28T09:48:16.524777798Z I0128 09:48:16.524550       1 cmd.go:639] Writing secret manifest "/etc/kubernetes/static-pod-resources/kube-apiserver-certs/secrets/kubelet-client/tls.key" ...
2026-01-28T09:48:16.524777798Z I0128 09:48:16.524659       1 cmd.go:261] Creating directory "/etc/kubernetes/static-pod-resources/kube-apiserver-certs/secrets/localhost-serving-cert-certkey" ...
2026-01-28T09:48:16.524777798Z I0128 09:48:16.524678       1 cmd.go:639] Writing secret manifest "/etc/kubernetes/static-pod-resources/kube-apiserver-certs/secrets/localhost-serving-cert-certkey/tls.key" ...
2026-01-28T09:48:16.525343156Z I0128 09:48:16.524799       1 cmd.go:639] Writing secret manifest "/etc/kubernetes/static-pod-resources/kube-apiserver-certs/secrets/localhost-serving-cert-certkey/tls.crt" ...
2026-01-28T09:48:16.525343156Z I0128 09:48:16.524936       1 cmd.go:261] Creating directory "/etc/kubernetes/static-pod-resources/kube-apiserver-certs/secrets/node-kubeconfigs" ...
2026-01-28T09:48:16.525343156Z I0128 09:48:16.524955       1 cmd.go:639] Writing secret manifest "/etc/kubernetes/static-pod-resources/kube-apiserver-certs/secrets/node-kubeconfigs/lb-int.kubeconfig" ...
2026-01-28T09:48:16.525343156Z I0128 09:48:16.525143       1 cmd.go:639] Writing secret manifest "/etc/kubernetes/static-pod-resources/kube-apiserver-certs/secrets/node-kubeconfigs/localhost-recovery.kubeconfig" ...
2026-01-28T09:48:16.525343156Z I0128 09:48:16.525255       1 cmd.go:639] Writing secret manifest "/etc/kubernetes/static-pod-resources/kube-apiserver-certs/secrets/node-kubeconfigs/localhost.kubeconfig" ...
2026-01-28T09:48:16.525362387Z I0128 09:48:16.525354       1 cmd.go:639] Writing secret manifest "/etc/kubernetes/static-pod-resources/kube-apiserver-certs/secrets/node-kubeconfigs/lb-ext.kubeconfig" ...
2026-01-28T09:48:16.525503454Z I0128 09:48:16.525482       1 cmd.go:261] Creating directory "/etc/kubernetes/static-pod-resources/kube-apiserver-certs/secrets/service-network-serving-certkey" ...
2026-01-28T09:48:16.525503454Z I0128 09:48:16.525499       1 cmd.go:639] Writing secret manifest "/etc/kubernetes/static-pod-resources/kube-apiserver-certs/secrets/service-network-serving-certkey/tls.key" ...
2026-01-28T09:48:16.525666392Z I0128 09:48:16.525641       1 cmd.go:639] Writing secret manifest "/etc/kubernetes/static-pod-resources/kube-apiserver-certs/secrets/service-network-serving-certkey/tls.crt" ...
2026-01-28T09:48:16.526418220Z I0128 09:48:16.525775       1 cmd.go:277] Creating directory "/etc/kubernetes/static-pod-resources/kube-apiserver-certs/configmaps/aggregator-client-ca" ...
2026-01-28T09:48:16.526418220Z I0128 09:48:16.525796       1 cmd.go:629] Writing config file "/etc/kubernetes/static-pod-resources/kube-apiserver-certs/configmaps/aggregator-client-ca/ca-bundle.crt" ...
2026-01-28T09:48:16.526418220Z I0128 09:48:16.525930       1 cmd.go:277] Creating directory "/etc/kubernetes/static-pod-resources/kube-apiserver-certs/configmaps/check-endpoints-kubeconfig" ...
2026-01-28T09:48:16.526418220Z I0128 09:48:16.525948       1 cmd.go:629] Writing config file "/etc/kubernetes/static-pod-resources/kube-apiserver-certs/configmaps/check-endpoints-kubeconfig/kubeconfig" ...
2026-01-28T09:48:16.526418220Z I0128 09:48:16.526093       1 cmd.go:277] Creating directory "/etc/kubernetes/static-pod-resources/kube-apiserver-certs/configmaps/client-ca" ...
2026-01-28T09:48:16.526418220Z I0128 09:48:16.526110       1 cmd.go:629] Writing config file "/etc/kubernetes/static-pod-resources/kube-apiserver-certs/configmaps/client-ca/ca-bundle.crt" ...
2026-01-28T09:48:16.526600489Z I0128 09:48:16.526568       1 cmd.go:277] Creating directory "/etc/kubernetes/static-pod-resources/kube-apiserver-certs/configmaps/control-plane-node-kubeconfig" ...
2026-01-28T09:48:16.526627180Z I0128 09:48:16.526595       1 cmd.go:629] Writing config file "/etc/kubernetes/static-pod-resources/kube-apiserver-certs/configmaps/control-plane-node-kubeconfig/kubeconfig" ...
2026-01-28T09:48:16.526751116Z I0128 09:48:16.526730       1 cmd.go:277] Creating directory "/etc/kubernetes/static-pod-resources/kube-apiserver-certs/configmaps/trusted-ca-bundle" ...
2026-01-28T09:48:16.526954686Z I0128 09:48:16.526937       1 cmd.go:629] Writing config file "/etc/kubernetes/static-pod-resources/kube-apiserver-certs/configmaps/trusted-ca-bundle/ca-bundle.crt" ...
2026-01-28T09:48:16.527238020Z I0128 09:48:16.527208       1 cmd.go:335] Getting pod configmaps/kube-apiserver-pod-6 -n openshift-kube-apiserver
2026-01-28T09:48:16.716783987Z I0128 09:48:16.716738       1 cmd.go:351] Creating directory for static pod manifest "/etc/kubernetes/manifests" ...
2026-01-28T09:48:16.716834229Z I0128 09:48:16.716775       1 cmd.go:379] Writing a pod under "kube-apiserver-pod.yaml" key 
2026-01-28T09:48:16.716834229Z {"kind":"Pod","apiVersion":"v1","metadata":{"name":"kube-apiserver","namespace":"openshift-kube-apiserver","creationTimestamp":null,"labels":{"apiserver":"true","app":"openshift-kube-apiserver","revision":"6"},"annotations":{"kubectl.kubernetes.io/default-container":"kube-apiserver","target.workload.openshift.io/management":"{\"effect\": \"PreferredDuringScheduling\"}"}},"spec":{"volumes":[{"name":"resource-dir","hostPath":{"path":"/etc/kubernetes/static-pod-resources/kube-apiserver-pod-6"}},{"name":"cert-dir","hostPath":{"path":"/etc/kubernetes/static-pod-resources/kube-apiserver-certs"}},{"name":"audit-dir","hostPath":{"path":"/var/log/kube-apiserver"}},{"name":"tmp-dir","emptyDir":{}},{"name":"ca-bundle-dir","emptyDir":{}}],"initContainers":[{"name":"setup","image":"registry.build11.ci.openshift.org/ci-ln-vjb5l1t/stable@sha256:fb1529a27e685fb1b5b13a5d1e935a27c9b9591e884ec8f6c22025208ec02596","command":["/usr/bin/timeout","279","/bin/bash","-ec"],"args":["echo \"Fixing audit permissions ...\"\nchmod 0700 /var/log/kube-apiserver \u0026\u0026 touch /var/log/kube-apiserver/audit.log \u0026\u0026 chmod 0600 /var/log/kube-apiserver/*\n\nLOCK=/var/log/kube-apiserver/.lock\necho \"Acquiring exclusive lock ${LOCK} ...\"\n\n# Waiting for 194s max for old kube-apiserver's watch-termination process to exit and remove the lock.\n# Two cases:\n# 1. if kubelet does not start the old and new in parallel (i.e. works as expected), the flock will always succeed without any time.\n# 2. if kubelet does overlap old and new pods for up to 130s, the flock will wait and immediate return when the old finishes.\n#\n# NOTE: We can increase 194s for a bigger expected overlap. But a higher value means less noise about the broken kubelet behaviour, i.e. we hide a bug.\n# NOTE: Do not tweak these timings without considering the livenessProbe initialDelaySeconds\nexec {LOCK_FD}\u003e${LOCK} \u0026\u0026 flock --verbose -w 194 \"${LOCK_FD}\" || {\n  echo \"$(date -Iseconds -u) kubelet did not terminate old kube-apiserver before new one\" \u003e\u003e /var/log/kube-apiserver/lock.log\n  echo -n \": WARNING: kubelet did not terminate old kube-apiserver before new one.\"\n\n  # We failed to acquire exclusive lock, which means there is old kube-apiserver running in system.\n  # Since we utilize SO_REUSEPORT, we need to make sure the old kube-apiserver stopped listening.\n  #\n  # NOTE: This is a fallback for broken kubelet, if you observe this please report a bug.\n  echo -n \"Waiting for port 6443 to be released due to likely bug in kubelet or CRI-O \"\n  while [ -n \"$(ss -Htan state listening '( sport = 6443 or sport = 6080 )')\" ]; do\n    echo -n \".\"\n    sleep 1\n    (( tries += 1 ))\n    if [[ \"${tries}\" -gt 10 ]]; then\n      echo \"Timed out waiting for port :6443 and :6080 to be released, this is likely a bug in kubelet or CRI-O\"\n      exit 1\n    fi\n  done\n  #  This is to make sure the server has terminated independently from the lock.\n  #  After the port has been freed (requests can be pending and need 60s max).\n  sleep 65\n}\n# We cannot hold the lock from the init container to the main container. We release it here. There is no risk, at this point we know we are safe.\nflock -u \"${LOCK_FD}\"\n"],"resources":{"requests":{"cpu":"5m","memory":"50Mi"}},"volumeMounts":[{"name":"audit-dir","mountPath":"/var/log/kube-apiserver"},{"name":"tmp-dir","mountPath":"/tmp"}],"terminationMessagePolicy":"FallbackToLogsOnError","imagePullPolicy":"IfNotPresent","securityContext":{"privileged":true,"readOnlyRootFilesystem":true}}],"containers":[{"name":"kube-apiserver","image":"registry.build11.ci.openshift.org/ci-ln-vjb5l1t/stable@sha256:fb1529a27e685fb1b5b13a5d1e935a27c9b9591e884ec8f6c22025208ec02596","command":["/bin/bash","-ec"],"args":["LOCK=/var/log/kube-apiserver/.lock\n# We should be able to acquire the lock immediatelly. If not, it means the init container has not released it yet and kubelet or CRI-O started container prematurely.\nexec {LOCK_FD}\u003e${LOCK} \u0026\u0026 flock --verbose -w 30 \"${LOCK_FD}\" || {\n  echo \"Failed to acquire lock for kube-apiserver. Please check setup container for details. This is likely kubelet or CRI-O bug.\"\n  exit 1\n}\nif [ -f /etc/kubernetes/static-pod-certs/configmaps/trusted-ca-bundle/ca-bundle.crt ]; then\n  echo \"Copying system trust bundle ...\"\n  cp -f /etc/kubernetes/static-pod-certs/configmaps/trusted-ca-bundle/ca-bundle.crt /etc/pki/ca-trust/extracted/pem/tls-ca-bundle.pem\nfi\n\nexec watch-termination --termination-touch-file=/var/log/kube-apiserver/.terminating --termination-log-file=/var/log/kube-apiserver/termination.log --graceful-termination-duration=194s --kubeconfig=/etc/kubernetes/static-pod-resources/configmaps/kube-apiserver-cert-syncer-kubeconfig/kubeconfig -- hyperkube kube-apiserver --openshift-config=/etc/kubernetes/static-pod-resources/configmaps/config/config.yaml --advertise-address=${HOST_IP}  -v=2 --permit-address-sharing\n"],"ports":[{"containerPort":6443}],"env":[{"name":"POD_NAME","valueFrom":{"fieldRef":{"fieldPath":"metadata.name"}}},{"name":"POD_NAMESPACE","valueFrom":{"fieldRef":{"fieldPath":"metadata.namespace"}}},{"name":"STATIC_POD_VERSION","value":"6"},{"name":"HOST_IP","valueFrom":{"fieldRef":{"fieldPath":"status.hostIP"}}},{"name":"GOGC","value":"100"}],"resources":{"requests":{"cpu":"265m","memory":"1Gi"}},"volumeMounts":[{"name":"resource-dir","mountPath":"/etc/kubernetes/static-pod-resources"},{"name":"cert-dir","mountPath":"/etc/kubernetes/static-pod-certs"},{"name":"audit-dir","mountPath":"/var/log/kube-apiserver"},{"name":"tmp-dir","mountPath":"/tmp"},{"name":"ca-bundle-dir","mountPath":"/etc/pki/ca-trust/extracted/pem"}],"livenessProbe":{"httpGet":{"path":"livez?exclude=etcd","port":6443,"scheme":"HTTPS"},"timeoutSeconds":10,"periodSeconds":10,"successThreshold":1,"failureThreshold":3},"readinessProbe":{"httpGet":{"path":"readyz","port":6443,"scheme":"HTTPS"},"timeoutSeconds":10,"periodSeconds":5,"successThreshold":1,"failureThreshold":3},"startupProbe":{"httpGet":{"path":"livez","port":6443,"scheme":"HTTPS"},"timeoutSeconds":10,"periodSeconds":5,"successThreshold":1,"failureThreshold":30},"terminationMessagePolicy":"FallbackToLogsOnError","imagePullPolicy":"IfNotPresent","securityContext":{"privileged":true,"readOnlyRootFilesystem":true}},{"name":"kube-apiserver-cert-syncer","image":"registry.build11.ci.openshift.org/ci-ln-vjb5l1t/stable@sha256:0554bda0a96d190367ed63955b942dd3552e1d90e8586dfd9f8879c964bf245d","command":["cluster-kube-apiserver-operator","cert-syncer"],"args":["--kubeconfig=/etc/kubernetes/static-pod-resources/configmaps/kube-apiserver-cert-syncer-kubeconfig/kubeconfig","--namespace=$(POD_NAMESPACE)","--destination-dir=/etc/kubernetes/static-pod-certs"],"env":[{"name":"POD_NAME","valueFrom":{"fieldRef":{"fieldPath":"metadata.name"}}},{"name":"POD_NAMESPACE","valueFrom":{"fieldRef":{"fieldPath":"metadata.namespace"}}}],"resources":{"requests":{"cpu":"5m","memory":"50Mi"}},"volumeMounts":[{"name":"resource-dir","mountPath":"/etc/kubernetes/static-pod-resources"},{"name":"cert-dir","mountPath":"/etc/kubernetes/static-pod-certs"},{"name":"tmp-dir","mountPath":"/tmp"}],"terminationMessagePolicy":"FallbackToLogsOnError","imagePullPolicy":"IfNotPresent","securityContext":{"readOnlyRootFilesystem":true}},{"name":"kube-apiserver-cert-regeneration-controller","image":"registry.build11.ci.openshift.org/ci-ln-vjb5l1t/stable@sha256:0554bda0a96d190367ed63955b942dd3552e1d90e8586dfd9f8879c964bf245d","command":["cluster-kube-apiserver-operator","cert-regeneration-controller"],"args":["--kubeconfig=/etc/kubernetes/static-pod-resources/configmaps/kube-apiserver-cert-syncer-kubeconfig/kubeconfig","--namespace=$(POD_NAMESPACE)","-v=2"],"env":[{"name":"POD_NAMESPACE","valueFrom":{"fieldRef":{"fieldPath":"metadata.namespace"}}},{"name":"OPERATOR_IMAGE_VERSION","value":"4.20.0-0-2026-01-28-090915-test-ci-ln-vjb5l1t-latest"}],"resources":{"requests":{"cpu":"5m","memory":"50Mi"}},"volumeMounts":[{"name":"resource-dir","mountPath":"/etc/kubernetes/static-pod-resources"},{"name":"tmp-dir","mountPath":"/tmp"}],"terminationMessagePolicy":"FallbackToLogsOnError","imagePullPolicy":"IfNotPresent","securityContext":{"readOnlyRootFilesystem":true}},{"name":"kube-apiserver-insecure-readyz","image":"registry.build11.ci.openshift.org/ci-ln-vjb5l1t/stable@sha256:0554bda0a96d190367ed63955b942dd3552e1d90e8586dfd9f8879c964bf245d","command":["cluster-kube-apiserver-operator","insecure-readyz"],"args":["--insecure-port=6080","--delegate-url=https://localhost:6443/readyz"],"ports":[{"containerPort":6080}],"resources":{"requests":{"cpu":"5m","memory":"50Mi"}},"terminationMessagePolicy":"FallbackToLogsOnError","imagePullPolicy":"IfNotPresent","securityContext":{"readOnlyRootFilesystem":true}},{"name":"kube-apiserver-check-endpoints","image":"registry.build11.ci.openshift.org/ci-ln-vjb5l1t/stable@sha256:0554bda0a96d190367ed63955b942dd3552e1d90e8586dfd9f8879c964bf245d","command":["cluster-kube-apiserver-operator","check-endpoints"],"args":["--kubeconfig","/etc/kubernetes/static-pod-certs/configmaps/check-endpoints-kubeconfig/kubeconfig","--listen","0.0.0.0:17697","--namespace","$(POD_NAMESPACE)","--v","2"],"ports":[{"name":"check-endpoints","hostPort":17697,"containerPort":17697,"protocol":"TCP"}],"env":[{"name":"POD_NAME","valueFrom":{"fieldRef":{"fieldPath":"metadata.name"}}},{"name":"POD_NAMESPACE","valueFrom":{"fieldRef":{"fieldPath":"metadata.namespace"}}}],"resources":{"requests":{"cpu":"10m","memory":"50Mi"}},"volumeMounts":[{"name":"resource-dir","mountPath":"/etc/kubernetes/static-pod-resources"},{"name":"cert-dir","mountPath":"/etc/kubernetes/static-pod-certs"},{"name":"tmp-dir","mountPath":"/tmp"}],"livenessProbe":{"httpGet":{"path":"healthz","port":17697,"scheme":"HTTPS"},"initialDelaySeconds":10,"timeoutSeconds":10},"readinessProbe":{"httpGet":{"path":"healthz","port":17697,"scheme":"HTTPS"},"initialDelaySeconds":10,"timeoutSeconds":10},"terminationMessagePolicy":"FallbackToLogsOnError","imagePullPolicy":"IfNotPresent","securityContext":{"readOnlyRootFilesystem":true}}],"terminationGracePeriodSeconds":194,"hostNetwork":true,"tolerations":[{"operator":"Exists"}],"priorityClassName":"system-node-critical","priority":2000001000},"status":{}}
2026-01-28T09:48:16.719124243Z I0128 09:48:16.719093       1 cmd.go:610] Writing pod manifest "/etc/kubernetes/static-pod-resources/kube-apiserver-pod-6/kube-apiserver-pod.yaml" ...
2026-01-28T09:48:16.719328594Z I0128 09:48:16.719309       1 cmd.go:617] Removed existing static pod manifest "/etc/kubernetes/manifests/kube-apiserver-pod.yaml" ...
2026-01-28T09:48:16.719501162Z I0128 09:48:16.719389       1 cmd.go:621] Writing static pod manifest "/etc/kubernetes/manifests/kube-apiserver-pod.yaml" ...
2026-01-28T09:48:16.719501162Z {"kind":"Pod","apiVersion":"v1","metadata":{"name":"kube-apiserver","namespace":"openshift-kube-apiserver","creationTimestamp":null,"labels":{"apiserver":"true","app":"openshift-kube-apiserver","revision":"6"},"annotations":{"kubectl.kubernetes.io/default-container":"kube-apiserver","target.workload.openshift.io/management":"{\"effect\": \"PreferredDuringScheduling\"}"}},"spec":{"volumes":[{"name":"resource-dir","hostPath":{"path":"/etc/kubernetes/static-pod-resources/kube-apiserver-pod-6"}},{"name":"cert-dir","hostPath":{"path":"/etc/kubernetes/static-pod-resources/kube-apiserver-certs"}},{"name":"audit-dir","hostPath":{"path":"/var/log/kube-apiserver"}},{"name":"tmp-dir","emptyDir":{}},{"name":"ca-bundle-dir","emptyDir":{}}],"initContainers":[{"name":"setup","image":"registry.build11.ci.openshift.org/ci-ln-vjb5l1t/stable@sha256:fb1529a27e685fb1b5b13a5d1e935a27c9b9591e884ec8f6c22025208ec02596","command":["/usr/bin/timeout","279","/bin/bash","-ec"],"args":["echo \"Fixing audit permissions ...\"\nchmod 0700 /var/log/kube-apiserver \u0026\u0026 touch /var/log/kube-apiserver/audit.log \u0026\u0026 chmod 0600 /var/log/kube-apiserver/*\n\nLOCK=/var/log/kube-apiserver/.lock\necho \"Acquiring exclusive lock ${LOCK} ...\"\n\n# Waiting for 194s max for old kube-apiserver's watch-termination process to exit and remove the lock.\n# Two cases:\n# 1. if kubelet does not start the old and new in parallel (i.e. works as expected), the flock will always succeed without any time.\n# 2. if kubelet does overlap old and new pods for up to 130s, the flock will wait and immediate return when the old finishes.\n#\n# NOTE: We can increase 194s for a bigger expected overlap. But a higher value means less noise about the broken kubelet behaviour, i.e. we hide a bug.\n# NOTE: Do not tweak these timings without considering the livenessProbe initialDelaySeconds\nexec {LOCK_FD}\u003e${LOCK} \u0026\u0026 flock --verbose -w 194 \"${LOCK_FD}\" || {\n  echo \"$(date -Iseconds -u) kubelet did not terminate old kube-apiserver before new one\" \u003e\u003e /var/log/kube-apiserver/lock.log\n  echo -n \": WARNING: kubelet did not terminate old kube-apiserver before new one.\"\n\n  # We failed to acquire exclusive lock, which means there is old kube-apiserver running in system.\n  # Since we utilize SO_REUSEPORT, we need to make sure the old kube-apiserver stopped listening.\n  #\n  # NOTE: This is a fallback for broken kubelet, if you observe this please report a bug.\n  echo -n \"Waiting for port 6443 to be released due to likely bug in kubelet or CRI-O \"\n  while [ -n \"$(ss -Htan state listening '( sport = 6443 or sport = 6080 )')\" ]; do\n    echo -n \".\"\n    sleep 1\n    (( tries += 1 ))\n    if [[ \"${tries}\" -gt 10 ]]; then\n      echo \"Timed out waiting for port :6443 and :6080 to be released, this is likely a bug in kubelet or CRI-O\"\n      exit 1\n    fi\n  done\n  #  This is to make sure the server has terminated independently from the lock.\n  #  After the port has been freed (requests can be pending and need 60s max).\n  sleep 65\n}\n# We cannot hold the lock from the init container to the main container. We release it here. There is no risk, at this point we know we are safe.\nflock -u \"${LOCK_FD}\"\n"],"resources":{"requests":{"cpu":"5m","memory":"50Mi"}},"volumeMounts":[{"name":"audit-dir","mountPath":"/var/log/kube-apiserver"},{"name":"tmp-dir","mountPath":"/tmp"}],"terminationMessagePolicy":"FallbackToLogsOnError","imagePullPolicy":"IfNotPresent","securityContext":{"privileged":true,"readOnlyRootFilesystem":true}}],"containers":[{"name":"kube-apiserver","image":"registry.build11.ci.openshift.org/ci-ln-vjb5l1t/stable@sha256:fb1529a27e685fb1b5b13a5d1e935a27c9b9591e884ec8f6c22025208ec02596","command":["/bin/bash","-ec"],"args":["LOCK=/var/log/kube-apiserver/.lock\n# We should be able to acquire the lock immediatelly. If not, it means the init container has not released it yet and kubelet or CRI-O started container prematurely.\nexec {LOCK_FD}\u003e${LOCK} \u0026\u0026 flock --verbose -w 30 \"${LOCK_FD}\" || {\n  echo \"Failed to acquire lock for kube-apiserver. Please check setup container for details. This is likely kubelet or CRI-O bug.\"\n  exit 1\n}\nif [ -f /etc/kubernetes/static-pod-certs/configmaps/trusted-ca-bundle/ca-bundle.crt ]; then\n  echo \"Copying system trust bundle ...\"\n  cp -f /etc/kubernetes/static-pod-certs/configmaps/trusted-ca-bundle/ca-bundle.crt /etc/pki/ca-trust/extracted/pem/tls-ca-bundle.pem\nfi\n\nexec watch-termination --termination-touch-file=/var/log/kube-apiserver/.terminating --termination-log-file=/var/log/kube-apiserver/termination.log --graceful-termination-duration=194s --kubeconfig=/etc/kubernetes/static-pod-resources/configmaps/kube-apiserver-cert-syncer-kubeconfig/kubeconfig -- hyperkube kube-apiserver --openshift-config=/etc/kubernetes/static-pod-resources/configmaps/config/config.yaml --advertise-address=${HOST_IP}  -v=2 --permit-address-sharing\n"],"ports":[{"containerPort":6443}],"env":[{"name":"POD_NAME","valueFrom":{"fieldRef":{"fieldPath":"metadata.name"}}},{"name":"POD_NAMESPACE","valueFrom":{"fieldRef":{"fieldPath":"metadata.namespace"}}},{"name":"STATIC_POD_VERSION","value":"6"},{"name":"HOST_IP","valueFrom":{"fieldRef":{"fieldPath":"status.hostIP"}}},{"name":"GOGC","value":"100"}],"resources":{"requests":{"cpu":"265m","memory":"1Gi"}},"volumeMounts":[{"name":"resource-dir","mountPath":"/etc/kubernetes/static-pod-resources"},{"name":"cert-dir","mountPath":"/etc/kubernetes/static-pod-certs"},{"name":"audit-dir","mountPath":"/var/log/kube-apiserver"},{"name":"tmp-dir","mountPath":"/tmp"},{"name":"ca-bundle-dir","mountPath":"/etc/pki/ca-trust/extracted/pem"}],"livenessProbe":{"httpGet":{"path":"livez?exclude=etcd","port":6443,"scheme":"HTTPS"},"timeoutSeconds":10,"periodSeconds":10,"successThreshold":1,"failureThreshold":3},"readinessProbe":{"httpGet":{"path":"readyz","port":6443,"scheme":"HTTPS"},"timeoutSeconds":10,"periodSeconds":5,"successThreshold":1,"failureThreshold":3},"startupProbe":{"httpGet":{"path":"livez","port":6443,"scheme":"HTTPS"},"timeoutSeconds":10,"periodSeconds":5,"successThreshold":1,"failureThreshold":30},"terminationMessagePolicy":"FallbackToLogsOnError","imagePullPolicy":"IfNotPresent","securityContext":{"privileged":true,"readOnlyRootFilesystem":true}},{"name":"kube-apiserver-cert-syncer","image":"registry.build11.ci.openshift.org/ci-ln-vjb5l1t/stable@sha256:0554bda0a96d190367ed63955b942dd3552e1d90e8586dfd9f8879c964bf245d","command":["cluster-kube-apiserver-operator","cert-syncer"],"args":["--kubeconfig=/etc/kubernetes/static-pod-resources/configmaps/kube-apiserver-cert-syncer-kubeconfig/kubeconfig","--namespace=$(POD_NAMESPACE)","--destination-dir=/etc/kubernetes/static-pod-certs"],"env":[{"name":"POD_NAME","valueFrom":{"fieldRef":{"fieldPath":"metadata.name"}}},{"name":"POD_NAMESPACE","valueFrom":{"fieldRef":{"fieldPath":"metadata.namespace"}}}],"resources":{"requests":{"cpu":"5m","memory":"50Mi"}},"volumeMounts":[{"name":"resource-dir","mountPath":"/etc/kubernetes/static-pod-resources"},{"name":"cert-dir","mountPath":"/etc/kubernetes/static-pod-certs"},{"name":"tmp-dir","mountPath":"/tmp"}],"terminationMessagePolicy":"FallbackToLogsOnError","imagePullPolicy":"IfNotPresent","securityContext":{"readOnlyRootFilesystem":true}},{"name":"kube-apiserver-cert-regeneration-controller","image":"registry.build11.ci.openshift.org/ci-ln-vjb5l1t/stable@sha256:0554bda0a96d190367ed63955b942dd3552e1d90e8586dfd9f8879c964bf245d","command":["cluster-kube-apiserver-operator","cert-regeneration-controller"],"args":["--kubeconfig=/etc/kubernetes/static-pod-resources/configmaps/kube-apiserver-cert-syncer-kubeconfig/kubeconfig","--namespace=$(POD_NAMESPACE)","-v=2"],"env":[{"name":"POD_NAMESPACE","valueFrom":{"fieldRef":{"fieldPath":"metadata.namespace"}}},{"name":"OPERATOR_IMAGE_VERSION","value":"4.20.0-0-2026-01-28-090915-test-ci-ln-vjb5l1t-latest"}],"resources":{"requests":{"cpu":"5m","memory":"50Mi"}},"volumeMounts":[{"name":"resource-dir","mountPath":"/etc/kubernetes/static-pod-resources"},{"name":"tmp-dir","mountPath":"/tmp"}],"terminationMessagePolicy":"FallbackToLogsOnError","imagePullPolicy":"IfNotPresent","securityContext":{"readOnlyRootFilesystem":true}},{"name":"kube-apiserver-insecure-readyz","image":"registry.build11.ci.openshift.org/ci-ln-vjb5l1t/stable@sha256:0554bda0a96d190367ed63955b942dd3552e1d90e8586dfd9f8879c964bf245d","command":["cluster-kube-apiserver-operator","insecure-readyz"],"args":["--insecure-port=6080","--delegate-url=https://localhost:6443/readyz"],"ports":[{"containerPort":6080}],"resources":{"requests":{"cpu":"5m","memory":"50Mi"}},"terminationMessagePolicy":"FallbackToLogsOnError","imagePullPolicy":"IfNotPresent","securityContext":{"readOnlyRootFilesystem":true}},{"name":"kube-apiserver-check-endpoints","image":"registry.build11.ci.openshift.org/ci-ln-vjb5l1t/stable@sha256:0554bda0a96d190367ed63955b942dd3552e1d90e8586dfd9f8879c964bf245d","command":["cluster-kube-apiserver-operator","check-endpoints"],"args":["--kubeconfig","/etc/kubernetes/static-pod-certs/configmaps/check-endpoints-kubeconfig/kubeconfig","--listen","0.0.0.0:17697","--namespace","$(POD_NAMESPACE)","--v","2"],"ports":[{"name":"check-endpoints","hostPort":17697,"containerPort":17697,"protocol":"TCP"}],"env":[{"name":"POD_NAME","valueFrom":{"fieldRef":{"fieldPath":"metadata.name"}}},{"name":"POD_NAMESPACE","valueFrom":{"fieldRef":{"fieldPath":"metadata.namespace"}}}],"resources":{"requests":{"cpu":"10m","memory":"50Mi"}},"volumeMounts":[{"name":"resource-dir","mountPath":"/etc/kubernetes/static-pod-resources"},{"name":"cert-dir","mountPath":"/etc/kubernetes/static-pod-certs"},{"name":"tmp-dir","mountPath":"/tmp"}],"livenessProbe":{"httpGet":{"path":"healthz","port":17697,"scheme":"HTTPS"},"initialDelaySeconds":10,"timeoutSeconds":10},"readinessProbe":{"httpGet":{"path":"healthz","port":17697,"scheme":"HTTPS"},"initialDelaySeconds":10,"timeoutSeconds":10},"terminationMessagePolicy":"FallbackToLogsOnError","imagePullPolicy":"IfNotPresent","securityContext":{"readOnlyRootFilesystem":true}}],"terminationGracePeriodSeconds":194,"hostNetwork":true,"tolerations":[{"operator":"Exists"}],"priorityClassName":"system-node-critical","priority":2000001000},"status":{}}
