2026-01-28T09:37:19.711308852Z I0128 09:37:19.711226       1 main.go:45] Version:93ae3cda55610c22414b32e87ade429c6fb110ed
2026-01-28T09:37:19.711308852Z I0128 09:37:19.711284       1 main.go:46] Starting with config{  :9091 ip-10-0-78-215.us-west-1.compute.internal}
2026-01-28T09:37:19.711546137Z W0128 09:37:19.711520       1 client_config.go:618] Neither --kubeconfig nor --master was specified.  Using the inClusterConfig.  This might not work.
2026-01-28T09:37:19.714507741Z I0128 09:37:19.714482       1 controller.go:42] Setting up event handlers
2026-01-28T09:37:19.714646464Z I0128 09:37:19.714627       1 podmetrics.go:101] Serving network metrics
2026-01-28T09:37:19.714646464Z I0128 09:37:19.714640       1 controller.go:101] Starting pod controller
2026-01-28T09:37:19.714660975Z I0128 09:37:19.714644       1 controller.go:104] Waiting for informer caches to sync
2026-01-28T09:37:19.814878061Z I0128 09:37:19.814823       1 controller.go:109] Starting workers
2026-01-28T09:37:19.814972353Z I0128 09:37:19.814958       1 controller.go:114] Started workers
2026-01-28T09:37:19.815106246Z I0128 09:37:19.815038       1 controller.go:192] Received pod 'volume-data-source-validator-59d66bc9fd-wgkdh'
2026-01-28T09:37:19.815222648Z I0128 09:37:19.815205       1 controller.go:151] Successfully synced 'openshift-cluster-storage-operator/volume-data-source-validator-59d66bc9fd-wgkdh'
2026-01-28T09:37:19.815280159Z I0128 09:37:19.815269       1 controller.go:192] Received pod 'loki-promtail-xwcmq'
2026-01-28T09:37:19.815342571Z I0128 09:37:19.815330       1 controller.go:151] Successfully synced 'openshift-e2e-loki/loki-promtail-xwcmq'
2026-01-28T09:37:19.815393012Z I0128 09:37:19.815381       1 controller.go:192] Received pod 'router-default-69d986749c-f2gwp'
2026-01-28T09:37:19.815454053Z I0128 09:37:19.815442       1 controller.go:151] Successfully synced 'openshift-ingress/router-default-69d986749c-f2gwp'
2026-01-28T09:37:19.815505514Z I0128 09:37:19.815493       1 controller.go:192] Received pod 'insights-runtime-extractor-g8b77'
2026-01-28T09:37:19.815568896Z I0128 09:37:19.815556       1 controller.go:151] Successfully synced 'openshift-insights/insights-runtime-extractor-g8b77'
2026-01-28T09:37:19.815619357Z I0128 09:37:19.815608       1 controller.go:192] Received pod 'prometheus-operator-admission-webhook-77b4b78b99-2sssv'
2026-01-28T09:37:19.815692978Z I0128 09:37:19.815666       1 controller.go:151] Successfully synced 'openshift-monitoring/prometheus-operator-admission-webhook-77b4b78b99-2sssv'
2026-01-28T09:37:19.815774330Z I0128 09:37:19.815743       1 controller.go:192] Received pod 'network-metrics-daemon-zbldf'
2026-01-28T09:37:19.815842951Z I0128 09:37:19.815830       1 controller.go:151] Successfully synced 'openshift-multus/network-metrics-daemon-zbldf'
2026-01-28T09:37:19.815892423Z I0128 09:37:19.815881       1 controller.go:192] Received pod 'networking-console-plugin-5d69f676c4-8svvn'
2026-01-28T09:37:19.815954644Z I0128 09:37:19.815941       1 controller.go:151] Successfully synced 'openshift-network-console/networking-console-plugin-5d69f676c4-8svvn'
2026-01-28T09:37:19.816015745Z I0128 09:37:19.816004       1 controller.go:192] Received pod 'networking-console-plugin-5d69f676c4-fgz9n'
2026-01-28T09:37:19.816069367Z I0128 09:37:19.816044       1 controller.go:151] Successfully synced 'openshift-network-console/networking-console-plugin-5d69f676c4-fgz9n'
2026-01-28T09:37:19.816124198Z I0128 09:37:19.815078       1 controller.go:192] Received pod 'dns-default-6hffk'
2026-01-28T09:37:19.816202349Z I0128 09:37:19.816190       1 controller.go:192] Received pod 'network-check-source-7577c494d6-pf4wt'
2026-01-28T09:37:19.816253931Z I0128 09:37:19.816241       1 controller.go:151] Successfully synced 'openshift-network-diagnostics/network-check-source-7577c494d6-pf4wt'
2026-01-28T09:37:19.816296721Z I0128 09:37:19.816286       1 controller.go:192] Received pod 'network-check-target-gsfwx'
2026-01-28T09:37:19.816335592Z I0128 09:37:19.816324       1 controller.go:151] Successfully synced 'openshift-network-diagnostics/network-check-target-gsfwx'
2026-01-28T09:37:19.816363863Z I0128 09:37:19.816353       1 controller.go:192] Received pod 'collect-profiles-29493210-26g5d'
2026-01-28T09:37:19.816400414Z I0128 09:37:19.816389       1 controller.go:151] Successfully synced 'openshift-operator-lifecycle-manager/collect-profiles-29493210-26g5d'
2026-01-28T09:37:19.816439924Z I0128 09:37:19.816428       1 controller.go:151] Successfully synced 'openshift-dns/dns-default-6hffk'
2026-01-28T09:38:15.578060205Z I0128 09:38:15.577683       1 controller.go:192] Received pod 'ingress-canary-npfwq'
2026-01-28T09:38:15.578060205Z I0128 09:38:15.577721       1 controller.go:151] Successfully synced 'openshift-ingress-canary/ingress-canary-npfwq'
2026-01-28T09:41:57.976373999Z I0128 09:41:57.976331       1 controller.go:192] Received pod 'image-registry-6656b74847-8mjmp'
2026-01-28T09:41:57.976474521Z I0128 09:41:57.976415       1 controller.go:151] Successfully synced 'openshift-image-registry/image-registry-6656b74847-8mjmp'
2026-01-28T09:42:48.092894133Z I0128 09:42:48.092788       1 controller.go:192] Received pod 'metrics-server-64d4ffb7b6-vzr6w'
2026-01-28T09:42:48.092894133Z I0128 09:42:48.092879       1 controller.go:151] Successfully synced 'openshift-monitoring/metrics-server-64d4ffb7b6-vzr6w'
2026-01-28T09:42:48.302377297Z I0128 09:42:48.302234       1 controller.go:192] Received pod 'monitoring-plugin-5648d58565-hgdt8'
2026-01-28T09:42:48.302377297Z I0128 09:42:48.302277       1 controller.go:151] Successfully synced 'openshift-monitoring/monitoring-plugin-5648d58565-hgdt8'
2026-01-28T09:43:18.324146882Z I0128 09:43:18.324107       1 controller.go:151] Successfully synced 'openshift-image-registry/image-registry-6656b74847-8mjmp'
2026-01-28T09:45:00.821647243Z I0128 09:45:00.821610       1 controller.go:192] Received pod 'collect-profiles-29493225-stldg'
2026-01-28T09:45:00.821779336Z I0128 09:45:00.821743       1 controller.go:151] Successfully synced 'openshift-operator-lifecycle-manager/collect-profiles-29493225-stldg'
2026-01-28T10:00:00.806622473Z I0128 10:00:00.806584       1 controller.go:192] Received pod 'collect-profiles-29493240-kf29s'
2026-01-28T10:00:00.806740695Z I0128 10:00:00.806726       1 controller.go:151] Successfully synced 'openshift-operator-lifecycle-manager/collect-profiles-29493240-kf29s'
2026-01-28T10:15:00.771430045Z I0128 10:15:00.771374       1 controller.go:192] Received pod 'collect-profiles-29493255-7xfwd'
2026-01-28T10:15:00.771563717Z I0128 10:15:00.771536       1 controller.go:151] Successfully synced 'openshift-operator-lifecycle-manager/collect-profiles-29493255-7xfwd'
2026-01-28T10:15:03.865734501Z I0128 10:15:03.865692       1 controller.go:151] Successfully synced 'openshift-operator-lifecycle-manager/collect-profiles-29493210-26g5d'
2026-01-28T10:24:45.600988995Z I0128 10:24:45.600952       1 controller.go:192] Received pod 'perf-node-gather-daemonset-89jxz'
2026-01-28T10:24:45.601098127Z I0128 10:24:45.601082       1 controller.go:151] Successfully synced 'openshift-must-gather-5xcqk/perf-node-gather-daemonset-89jxz'
2026-01-28T10:25:04.455457493Z I0128 10:25:04.455413       1 controller.go:151] Successfully synced 'openshift-must-gather-5xcqk/perf-node-gather-daemonset-89jxz'
