2026-01-28T09:30:39.050606459Z W0128 09:30:39.050372       1 cmd.go:257] Using insecure, self-signed certificates
2026-01-28T09:30:39.050788353Z I0128 09:30:39.050762       1 crypto.go:601] Generating new CA for service-ca-controller-signer@1769592639 cert, and key in /tmp/serving-cert-3221151693/serving-signer.crt, /tmp/serving-cert-3221151693/serving-signer.key
2026-01-28T09:30:39.050788353Z Validity period of the certificate for "service-ca-controller-signer@1769592639" is unset, resetting to 157680000000000000 years!
2026-01-28T09:30:39.590781427Z I0128 09:30:39.590715       1 leaderelection.go:121] The leader election gives 4 retries and allows for 30s of clock skew. The kube-apiserver downtime tolerance is 78s. Worst non-graceful lease acquisition is 2m43s. Worst graceful lease acquisition is {26s}.
2026-01-28T09:30:39.591053924Z I0128 09:30:39.591023       1 observer_polling.go:159] Starting file observer
2026-01-28T09:30:39.591107835Z I0128 09:30:39.591069       1 envvar.go:172] "Feature gate default state" feature="ClientsAllowCBOR" enabled=false
2026-01-28T09:30:39.591107835Z I0128 09:30:39.591100       1 envvar.go:172] "Feature gate default state" feature="ClientsPreferCBOR" enabled=false
2026-01-28T09:30:39.591123965Z I0128 09:30:39.591108       1 envvar.go:172] "Feature gate default state" feature="InformerResourceVersion" enabled=false
2026-01-28T09:30:39.591123965Z I0128 09:30:39.591114       1 envvar.go:172] "Feature gate default state" feature="WatchListClient" enabled=false
2026-01-28T09:30:39.604373867Z I0128 09:30:39.604347       1 builder.go:304] service-ca-controller version -
2026-01-28T09:30:39.605155995Z I0128 09:30:39.605130       1 dynamic_serving_content.go:116] "Loaded a new cert/key pair" name="serving-cert::/tmp/serving-cert-3221151693/tls.crt::/tmp/serving-cert-3221151693/tls.key"
2026-01-28T09:30:39.994681552Z I0128 09:30:39.994502       1 requestheader_controller.go:255] Loaded a new request header values for RequestHeaderAuthRequestController
2026-01-28T09:30:39.996943152Z I0128 09:30:39.996911       1 maxinflight.go:139] "Initialized nonMutatingChan" len=400
2026-01-28T09:30:39.996943152Z I0128 09:30:39.996924       1 maxinflight.go:145] "Initialized mutatingChan" len=200
2026-01-28T09:30:39.996965832Z I0128 09:30:39.996948       1 maxinflight.go:116] "Set denominator for readonly requests" limit=400
2026-01-28T09:30:39.996965832Z I0128 09:30:39.996955       1 maxinflight.go:120] "Set denominator for mutating requests" limit=200
2026-01-28T09:30:39.999417456Z I0128 09:30:39.999397       1 secure_serving.go:57] Forcing use of http/1.1 only
2026-01-28T09:30:39.999444987Z I0128 09:30:39.999414       1 genericapiserver.go:535] MuxAndDiscoveryComplete has all endpoints registered and discovery information is complete
2026-01-28T09:30:39.999444987Z W0128 09:30:39.999417       1 secure_serving.go:69] Use of insecure cipher 'TLS_ECDHE_ECDSA_WITH_AES_128_CBC_SHA256' detected.
2026-01-28T09:30:39.999444987Z W0128 09:30:39.999423       1 secure_serving.go:69] Use of insecure cipher 'TLS_ECDHE_RSA_WITH_AES_128_CBC_SHA256' detected.
2026-01-28T09:30:39.999444987Z W0128 09:30:39.999429       1 secure_serving.go:69] Use of insecure cipher 'TLS_RSA_WITH_AES_128_GCM_SHA256' detected.
2026-01-28T09:30:39.999444987Z W0128 09:30:39.999433       1 secure_serving.go:69] Use of insecure cipher 'TLS_RSA_WITH_AES_256_GCM_SHA384' detected.
2026-01-28T09:30:39.999444987Z W0128 09:30:39.999437       1 secure_serving.go:69] Use of insecure cipher 'TLS_RSA_WITH_AES_128_CBC_SHA' detected.
2026-01-28T09:30:39.999444987Z W0128 09:30:39.999441       1 secure_serving.go:69] Use of insecure cipher 'TLS_RSA_WITH_AES_256_CBC_SHA' detected.
2026-01-28T09:30:40.001486962Z I0128 09:30:40.001469       1 requestheader_controller.go:180] Starting RequestHeaderAuthRequestController
2026-01-28T09:30:40.001569104Z I0128 09:30:40.001558       1 shared_informer.go:313] Waiting for caches to sync for RequestHeaderAuthRequestController
2026-01-28T09:30:40.001642705Z I0128 09:30:40.001627       1 configmap_cafile_content.go:205] "Starting controller" name="client-ca::kube-system::extension-apiserver-authentication::client-ca-file"
2026-01-28T09:30:40.001674556Z I0128 09:30:40.001663       1 shared_informer.go:313] Waiting for caches to sync for client-ca::kube-system::extension-apiserver-authentication::client-ca-file
2026-01-28T09:30:40.001741118Z I0128 09:30:40.001727       1 configmap_cafile_content.go:205] "Starting controller" name="client-ca::kube-system::extension-apiserver-authentication::requestheader-client-ca-file"
2026-01-28T09:30:40.001770678Z I0128 09:30:40.001760       1 shared_informer.go:313] Waiting for caches to sync for client-ca::kube-system::extension-apiserver-authentication::requestheader-client-ca-file
2026-01-28T09:30:40.002130806Z I0128 09:30:40.002082       1 tlsconfig.go:203] "Loaded serving cert" certName="serving-cert::/tmp/serving-cert-3221151693/tls.crt::/tmp/serving-cert-3221151693/tls.key" certDetail="\"localhost\" [serving] validServingFor=[localhost] issuer=\"service-ca-controller-signer@1769592639\" (2026-01-28 09:30:38 +0000 UTC to 2026-01-28 09:30:39 +0000 UTC (now=2026-01-28 09:30:40.002054214 +0000 UTC))"
2026-01-28T09:30:40.002386442Z I0128 09:30:40.002370       1 named_certificates.go:53] "Loaded SNI cert" index=0 certName="self-signed loopback" certDetail="\"apiserver-loopback-client@1769592639\" [serving] validServingFor=[apiserver-loopback-client] issuer=\"apiserver-loopback-client-ca@1769592639\" (2026-01-28 08:30:39 +0000 UTC to 2027-01-28 08:30:39 +0000 UTC (now=2026-01-28 09:30:40.002343891 +0000 UTC))"
2026-01-28T09:30:40.002424673Z I0128 09:30:40.002413       1 secure_serving.go:213] Serving securely on [::]:8443
2026-01-28T09:30:40.002462323Z I0128 09:30:40.002453       1 genericapiserver.go:685] [graceful-termination] waiting for shutdown to be initiated
2026-01-28T09:30:40.002505374Z I0128 09:30:40.002492       1 dynamic_serving_content.go:135] "Starting controller" name="serving-cert::/tmp/serving-cert-3221151693/tls.crt::/tmp/serving-cert-3221151693/tls.key"
2026-01-28T09:30:40.002788110Z I0128 09:30:40.002765       1 tlsconfig.go:243] "Starting DynamicServingCertificateController"
2026-01-28T09:30:40.002996855Z I0128 09:30:40.002977       1 leaderelection.go:257] attempting to acquire leader lease openshift-service-ca/service-ca-controller-lock...
2026-01-28T09:30:40.003247491Z I0128 09:30:40.003228       1 reflector.go:376] Caches populated for *v1.ConfigMap from k8s.io/client-go@v0.32.2/tools/cache/reflector.go:251
2026-01-28T09:30:40.003423235Z I0128 09:30:40.003405       1 reflector.go:376] Caches populated for *v1.ConfigMap from k8s.io/client-go@v0.32.2/tools/cache/reflector.go:251
2026-01-28T09:30:40.003612659Z I0128 09:30:40.003584       1 reflector.go:376] Caches populated for *v1.ConfigMap from k8s.io/client-go@v0.32.2/tools/cache/reflector.go:251
2026-01-28T09:30:40.008417955Z I0128 09:30:40.008397       1 leaderelection.go:271] successfully acquired lease openshift-service-ca/service-ca-controller-lock
2026-01-28T09:30:40.008553468Z I0128 09:30:40.008467       1 event.go:377] Event(v1.ObjectReference{Kind:"Lease", Namespace:"openshift-service-ca", Name:"service-ca-controller-lock", UID:"29c96c46-1159-4369-89f2-1aac3934b439", APIVersion:"coordination.k8s.io/v1", ResourceVersion:"6449", FieldPath:""}): type: 'Normal' reason: 'LeaderElection' service-ca-59d858b8c5-jkhh8_f3b13465-ec18-42f3-8f8b-10af91b19bd7 became leader
2026-01-28T09:30:40.009466218Z I0128 09:30:40.009448       1 base_controller.go:76] Waiting for caches to sync for ConfigMapCABundleInjector
2026-01-28T09:30:40.009608521Z I0128 09:30:40.009591       1 base_controller.go:76] Waiting for caches to sync for APIServiceCABundleInjector
2026-01-28T09:30:40.009648962Z I0128 09:30:40.009612       1 base_controller.go:76] Waiting for caches to sync for MutatingWebhookCABundleInjector
2026-01-28T09:30:40.009698693Z I0128 09:30:40.009621       1 base_controller.go:76] Waiting for caches to sync for CRDCABundleInjector
2026-01-28T09:30:40.009698693Z I0128 09:30:40.009633       1 base_controller.go:76] Waiting for caches to sync for ValidatingWebhookCABundleInjector
2026-01-28T09:30:40.009713743Z I0128 09:30:40.009662       1 base_controller.go:76] Waiting for caches to sync for LegacyVulnerableConfigMapCABundleInjector
2026-01-28T09:30:40.009924198Z I0128 09:30:40.009905       1 starter.go:62] Setting certificate lifetime to 17520h0m0s, refresh certificate at 1h0m0s
2026-01-28T09:30:40.010130642Z I0128 09:30:40.010112       1 base_controller.go:76] Waiting for caches to sync for ServiceServingCertUpdateController
2026-01-28T09:30:40.010205304Z I0128 09:30:40.010192       1 base_controller.go:76] Waiting for caches to sync for ServiceServingCertController
2026-01-28T09:30:40.010554872Z I0128 09:30:40.010532       1 reflector.go:376] Caches populated for *v1.APIService from k8s.io/client-go@v0.32.2/tools/cache/reflector.go:251
2026-01-28T09:30:40.010791807Z I0128 09:30:40.010772       1 reflector.go:376] Caches populated for *v1.ValidatingWebhookConfiguration from k8s.io/client-go@v0.32.2/tools/cache/reflector.go:251
2026-01-28T09:30:40.012798601Z I0128 09:30:40.012778       1 reflector.go:376] Caches populated for *v1.MutatingWebhookConfiguration from k8s.io/client-go@v0.32.2/tools/cache/reflector.go:251
2026-01-28T09:30:40.013068587Z I0128 09:30:40.013040       1 reflector.go:376] Caches populated for *v1.Service from k8s.io/client-go@v0.32.2/tools/cache/reflector.go:251
2026-01-28T09:30:40.016392741Z I0128 09:30:40.016371       1 reflector.go:376] Caches populated for *v1.Secret from k8s.io/client-go@v0.32.2/tools/cache/reflector.go:251
2026-01-28T09:30:40.084604224Z I0128 09:30:40.084553       1 reflector.go:376] Caches populated for *v1.ConfigMap from k8s.io/client-go@v0.32.2/tools/cache/reflector.go:251
2026-01-28T09:30:40.101730232Z I0128 09:30:40.101694       1 shared_informer.go:320] Caches are synced for RequestHeaderAuthRequestController
2026-01-28T09:30:40.101776863Z I0128 09:30:40.101769       1 shared_informer.go:320] Caches are synced for client-ca::kube-system::extension-apiserver-authentication::client-ca-file
2026-01-28T09:30:40.101932346Z I0128 09:30:40.101909       1 shared_informer.go:320] Caches are synced for client-ca::kube-system::extension-apiserver-authentication::requestheader-client-ca-file
2026-01-28T09:30:40.102136161Z I0128 09:30:40.102107       1 tlsconfig.go:181] "Loaded client CA" index=0 certName="client-ca::kube-system::extension-apiserver-authentication::client-ca-file,client-ca::kube-system::extension-apiserver-authentication::requestheader-client-ca-file" certDetail="\"admin-kubeconfig-signer\" [] issuer=\"<self>\" (2026-01-28 09:13:02 +0000 UTC to 2036-01-26 09:13:02 +0000 UTC (now=2026-01-28 09:30:40.102056829 +0000 UTC))"
2026-01-28T09:30:40.102182242Z I0128 09:30:40.102158       1 tlsconfig.go:181] "Loaded client CA" index=1 certName="client-ca::kube-system::extension-apiserver-authentication::client-ca-file,client-ca::kube-system::extension-apiserver-authentication::requestheader-client-ca-file" certDetail="\"kubelet-signer\" [] issuer=\"<self>\" (2026-01-28 09:13:06 +0000 UTC to 2026-01-29 09:13:06 +0000 UTC (now=2026-01-28 09:30:40.102134861 +0000 UTC))"
2026-01-28T09:30:40.102195332Z I0128 09:30:40.102182       1 tlsconfig.go:181] "Loaded client CA" index=2 certName="client-ca::kube-system::extension-apiserver-authentication::client-ca-file,client-ca::kube-system::extension-apiserver-authentication::requestheader-client-ca-file" certDetail="\"kube-control-plane-signer\" [] issuer=\"<self>\" (2026-01-28 09:13:06 +0000 UTC to 2027-01-28 09:13:06 +0000 UTC (now=2026-01-28 09:30:40.102170052 +0000 UTC))"
2026-01-28T09:30:40.102215613Z I0128 09:30:40.102200       1 tlsconfig.go:181] "Loaded client CA" index=3 certName="client-ca::kube-system::extension-apiserver-authentication::client-ca-file,client-ca::kube-system::extension-apiserver-authentication::requestheader-client-ca-file" certDetail="\"kube-apiserver-to-kubelet-signer\" [] issuer=\"<self>\" (2026-01-28 09:13:07 +0000 UTC to 2027-01-28 09:13:07 +0000 UTC (now=2026-01-28 09:30:40.102189162 +0000 UTC))"
2026-01-28T09:30:40.102225533Z I0128 09:30:40.102216       1 tlsconfig.go:181] "Loaded client CA" index=4 certName="client-ca::kube-system::extension-apiserver-authentication::client-ca-file,client-ca::kube-system::extension-apiserver-authentication::requestheader-client-ca-file" certDetail="\"kubelet-bootstrap-kubeconfig-signer\" [] issuer=\"<self>\" (2026-01-28 09:13:03 +0000 UTC to 2036-01-26 09:13:03 +0000 UTC (now=2026-01-28 09:30:40.102205562 +0000 UTC))"
2026-01-28T09:30:40.102419637Z I0128 09:30:40.102395       1 tlsconfig.go:203] "Loaded serving cert" certName="serving-cert::/tmp/serving-cert-3221151693/tls.crt::/tmp/serving-cert-3221151693/tls.key" certDetail="\"localhost\" [serving] validServingFor=[localhost] issuer=\"service-ca-controller-signer@1769592639\" (2026-01-28 09:30:38 +0000 UTC to 2026-01-28 09:30:39 +0000 UTC (now=2026-01-28 09:30:40.102372656 +0000 UTC))"
2026-01-28T09:30:40.102563030Z I0128 09:30:40.102541       1 named_certificates.go:53] "Loaded SNI cert" index=0 certName="self-signed loopback" certDetail="\"apiserver-loopback-client@1769592639\" [serving] validServingFor=[apiserver-loopback-client] issuer=\"apiserver-loopback-client-ca@1769592639\" (2026-01-28 08:30:39 +0000 UTC to 2027-01-28 08:30:39 +0000 UTC (now=2026-01-28 09:30:40.102530309 +0000 UTC))"
2026-01-28T09:30:40.102664422Z I0128 09:30:40.102643       1 tlsconfig.go:181] "Loaded client CA" index=0 certName="client-ca::kube-system::extension-apiserver-authentication::client-ca-file,client-ca::kube-system::extension-apiserver-authentication::requestheader-client-ca-file" certDetail="\"admin-kubeconfig-signer\" [] issuer=\"<self>\" (2026-01-28 09:13:02 +0000 UTC to 2036-01-26 09:13:02 +0000 UTC (now=2026-01-28 09:30:40.102633522 +0000 UTC))"
2026-01-28T09:30:40.102678073Z I0128 09:30:40.102668       1 tlsconfig.go:181] "Loaded client CA" index=1 certName="client-ca::kube-system::extension-apiserver-authentication::client-ca-file,client-ca::kube-system::extension-apiserver-authentication::requestheader-client-ca-file" certDetail="\"kubelet-signer\" [] issuer=\"<self>\" (2026-01-28 09:13:06 +0000 UTC to 2026-01-29 09:13:06 +0000 UTC (now=2026-01-28 09:30:40.102654362 +0000 UTC))"
2026-01-28T09:30:40.102711333Z I0128 09:30:40.102691       1 tlsconfig.go:181] "Loaded client CA" index=2 certName="client-ca::kube-system::extension-apiserver-authentication::client-ca-file,client-ca::kube-system::extension-apiserver-authentication::requestheader-client-ca-file" certDetail="\"kube-control-plane-signer\" [] issuer=\"<self>\" (2026-01-28 09:13:06 +0000 UTC to 2027-01-28 09:13:06 +0000 UTC (now=2026-01-28 09:30:40.102674623 +0000 UTC))"
2026-01-28T09:30:40.102723314Z I0128 09:30:40.102715       1 tlsconfig.go:181] "Loaded client CA" index=3 certName="client-ca::kube-system::extension-apiserver-authentication::client-ca-file,client-ca::kube-system::extension-apiserver-authentication::requestheader-client-ca-file" certDetail="\"kube-apiserver-to-kubelet-signer\" [] issuer=\"<self>\" (2026-01-28 09:13:07 +0000 UTC to 2027-01-28 09:13:07 +0000 UTC (now=2026-01-28 09:30:40.102701673 +0000 UTC))"
2026-01-28T09:30:40.102755654Z I0128 09:30:40.102732       1 tlsconfig.go:181] "Loaded client CA" index=4 certName="client-ca::kube-system::extension-apiserver-authentication::client-ca-file,client-ca::kube-system::extension-apiserver-authentication::requestheader-client-ca-file" certDetail="\"kubelet-bootstrap-kubeconfig-signer\" [] issuer=\"<self>\" (2026-01-28 09:13:03 +0000 UTC to 2036-01-26 09:13:03 +0000 UTC (now=2026-01-28 09:30:40.102720964 +0000 UTC))"
2026-01-28T09:30:40.102773435Z I0128 09:30:40.102757       1 tlsconfig.go:181] "Loaded client CA" index=5 certName="client-ca::kube-system::extension-apiserver-authentication::client-ca-file,client-ca::kube-system::extension-apiserver-authentication::requestheader-client-ca-file" certDetail="\"aggregator-signer\" [] issuer=\"<self>\" (2026-01-28 09:13:04 +0000 UTC to 2026-01-29 09:13:04 +0000 UTC (now=2026-01-28 09:30:40.102745904 +0000 UTC))"
2026-01-28T09:30:40.102909538Z I0128 09:30:40.102887       1 tlsconfig.go:203] "Loaded serving cert" certName="serving-cert::/tmp/serving-cert-3221151693/tls.crt::/tmp/serving-cert-3221151693/tls.key" certDetail="\"localhost\" [serving] validServingFor=[localhost] issuer=\"service-ca-controller-signer@1769592639\" (2026-01-28 09:30:38 +0000 UTC to 2026-01-28 09:30:39 +0000 UTC (now=2026-01-28 09:30:40.102879457 +0000 UTC))"
2026-01-28T09:30:40.103042321Z I0128 09:30:40.103021       1 named_certificates.go:53] "Loaded SNI cert" index=0 certName="self-signed loopback" certDetail="\"apiserver-loopback-client@1769592639\" [serving] validServingFor=[apiserver-loopback-client] issuer=\"apiserver-loopback-client-ca@1769592639\" (2026-01-28 08:30:39 +0000 UTC to 2027-01-28 08:30:39 +0000 UTC (now=2026-01-28 09:30:40.10301239 +0000 UTC))"
2026-01-28T09:30:40.111046757Z I0128 09:30:40.111015       1 base_controller.go:82] Caches are synced for APIServiceCABundleInjector 
2026-01-28T09:30:40.111113949Z I0128 09:30:40.111084       1 base_controller.go:119] Starting #1 worker of APIServiceCABundleInjector controller ...
2026-01-28T09:30:40.111175960Z I0128 09:30:40.111141       1 base_controller.go:82] Caches are synced for ValidatingWebhookCABundleInjector 
2026-01-28T09:30:40.111189170Z I0128 09:30:40.111139       1 base_controller.go:119] Starting #2 worker of APIServiceCABundleInjector controller ...
2026-01-28T09:30:40.111189170Z I0128 09:30:40.111179       1 base_controller.go:119] Starting #1 worker of ValidatingWebhookCABundleInjector controller ...
2026-01-28T09:30:40.111189170Z I0128 09:30:40.111181       1 base_controller.go:119] Starting #3 worker of APIServiceCABundleInjector controller ...
2026-01-28T09:30:40.111189170Z I0128 09:30:40.111184       1 base_controller.go:119] Starting #2 worker of ValidatingWebhookCABundleInjector controller ...
2026-01-28T09:30:40.111189170Z I0128 09:30:40.111186       1 base_controller.go:119] Starting #4 worker of APIServiceCABundleInjector controller ...
2026-01-28T09:30:40.111202421Z I0128 09:30:40.111190       1 base_controller.go:119] Starting #3 worker of ValidatingWebhookCABundleInjector controller ...
2026-01-28T09:30:40.111202421Z I0128 09:30:40.111195       1 base_controller.go:119] Starting #4 worker of ValidatingWebhookCABundleInjector controller ...
2026-01-28T09:30:40.111202421Z I0128 09:30:40.111199       1 base_controller.go:119] Starting #5 worker of ValidatingWebhookCABundleInjector controller ...
2026-01-28T09:30:40.111213571Z I0128 09:30:40.111118       1 base_controller.go:82] Caches are synced for ServiceServingCertController 
2026-01-28T09:30:40.111213571Z I0128 09:30:40.111208       1 base_controller.go:119] Starting #1 worker of ServiceServingCertController controller ...
2026-01-28T09:30:40.111223651Z I0128 09:30:40.111212       1 base_controller.go:119] Starting #2 worker of ServiceServingCertController controller ...
2026-01-28T09:30:40.111223651Z I0128 09:30:40.111217       1 base_controller.go:119] Starting #3 worker of ServiceServingCertController controller ...
2026-01-28T09:30:40.111242581Z I0128 09:30:40.111223       1 admissionwebhook.go:116] updating validatingwebhookconfiguration multus.openshift.io with the service signing CA bundle
2026-01-28T09:30:40.111242581Z I0128 09:30:40.111221       1 base_controller.go:119] Starting #4 worker of ServiceServingCertController controller ...
2026-01-28T09:30:40.111242581Z I0128 09:30:40.111229       1 base_controller.go:119] Starting #5 worker of ServiceServingCertController controller ...
2026-01-28T09:30:40.111366714Z I0128 09:30:40.111123       1 base_controller.go:82] Caches are synced for LegacyVulnerableConfigMapCABundleInjector 
2026-01-28T09:30:40.111403855Z I0128 09:30:40.111392       1 base_controller.go:119] Starting #1 worker of LegacyVulnerableConfigMapCABundleInjector controller ...
2026-01-28T09:30:40.111431986Z I0128 09:30:40.111421       1 base_controller.go:119] Starting #2 worker of LegacyVulnerableConfigMapCABundleInjector controller ...
2026-01-28T09:30:40.111456726Z I0128 09:30:40.111447       1 base_controller.go:119] Starting #3 worker of LegacyVulnerableConfigMapCABundleInjector controller ...
2026-01-28T09:30:40.111481457Z I0128 09:30:40.111472       1 base_controller.go:119] Starting #4 worker of LegacyVulnerableConfigMapCABundleInjector controller ...
2026-01-28T09:30:40.111504527Z I0128 09:30:40.111495       1 base_controller.go:119] Starting #5 worker of LegacyVulnerableConfigMapCABundleInjector controller ...
2026-01-28T09:30:40.111535798Z I0128 09:30:40.111128       1 base_controller.go:82] Caches are synced for ServiceServingCertUpdateController 
2026-01-28T09:30:40.111582269Z I0128 09:30:40.111553       1 base_controller.go:119] Starting #1 worker of ServiceServingCertUpdateController controller ...
2026-01-28T09:30:40.111620810Z I0128 09:30:40.111609       1 base_controller.go:119] Starting #2 worker of ServiceServingCertUpdateController controller ...
2026-01-28T09:30:40.111646050Z I0128 09:30:40.111636       1 base_controller.go:119] Starting #3 worker of ServiceServingCertUpdateController controller ...
2026-01-28T09:30:40.111669291Z I0128 09:30:40.111660       1 base_controller.go:119] Starting #4 worker of ServiceServingCertUpdateController controller ...
2026-01-28T09:30:40.111692531Z I0128 09:30:40.111683       1 base_controller.go:119] Starting #5 worker of ServiceServingCertUpdateController controller ...
2026-01-28T09:30:40.114545344Z I0128 09:30:40.114524       1 reflector.go:376] Caches populated for *v1.CustomResourceDefinition from k8s.io/client-go@v0.32.2/tools/cache/reflector.go:251
2026-01-28T09:30:40.115150558Z I0128 09:30:40.111191       1 base_controller.go:119] Starting #5 worker of APIServiceCABundleInjector controller ...
2026-01-28T09:30:40.124029293Z I0128 09:30:40.111130       1 base_controller.go:82] Caches are synced for MutatingWebhookCABundleInjector 
2026-01-28T09:30:40.124068514Z I0128 09:30:40.124057       1 base_controller.go:119] Starting #1 worker of MutatingWebhookCABundleInjector controller ...
2026-01-28T09:30:40.124108435Z I0128 09:30:40.124084       1 base_controller.go:119] Starting #2 worker of MutatingWebhookCABundleInjector controller ...
2026-01-28T09:30:40.124136746Z I0128 09:30:40.124127       1 base_controller.go:119] Starting #3 worker of MutatingWebhookCABundleInjector controller ...
2026-01-28T09:30:40.124159666Z I0128 09:30:40.124150       1 base_controller.go:119] Starting #4 worker of MutatingWebhookCABundleInjector controller ...
2026-01-28T09:30:40.124182157Z I0128 09:30:40.124173       1 base_controller.go:119] Starting #5 worker of MutatingWebhookCABundleInjector controller ...
2026-01-28T09:30:40.124228548Z I0128 09:30:40.111376       1 base_controller.go:82] Caches are synced for ConfigMapCABundleInjector 
2026-01-28T09:30:40.124260019Z I0128 09:30:40.124250       1 base_controller.go:119] Starting #1 worker of ConfigMapCABundleInjector controller ...
2026-01-28T09:30:40.124282749Z I0128 09:30:40.124274       1 base_controller.go:119] Starting #2 worker of ConfigMapCABundleInjector controller ...
2026-01-28T09:30:40.124304860Z I0128 09:30:40.124296       1 base_controller.go:119] Starting #3 worker of ConfigMapCABundleInjector controller ...
2026-01-28T09:30:40.124328350Z I0128 09:30:40.124319       1 base_controller.go:119] Starting #4 worker of ConfigMapCABundleInjector controller ...
2026-01-28T09:30:40.124350421Z I0128 09:30:40.124341       1 base_controller.go:119] Starting #5 worker of ConfigMapCABundleInjector controller ...
2026-01-28T09:30:40.124388311Z I0128 09:30:40.124378       1 configmap.go:109] updating configmap default/openshift-service-ca.crt with the service signing CA bundle
2026-01-28T09:30:40.124642687Z I0128 09:30:40.124626       1 configmap.go:109] updating configmap kube-node-lease/openshift-service-ca.crt with the service signing CA bundle
2026-01-28T09:30:40.124821721Z I0128 09:30:40.124807       1 configmap.go:109] updating configmap kube-public/openshift-service-ca.crt with the service signing CA bundle
2026-01-28T09:30:40.125004915Z I0128 09:30:40.124990       1 configmap.go:109] updating configmap kube-system/openshift-service-ca.crt with the service signing CA bundle
2026-01-28T09:30:40.125190939Z I0128 09:30:40.125175       1 configmap.go:109] updating configmap openshift-apiserver-operator/openshift-service-ca.crt with the service signing CA bundle
2026-01-28T09:30:40.144466374Z I0128 09:30:40.144444       1 configmap.go:109] updating configmap openshift-apiserver/openshift-service-ca.crt with the service signing CA bundle
2026-01-28T09:30:40.144693279Z I0128 09:30:40.144677       1 configmap.go:109] updating configmap openshift-authentication-operator/openshift-service-ca.crt with the service signing CA bundle
2026-01-28T09:30:40.144907694Z I0128 09:30:40.144891       1 configmap.go:109] updating configmap openshift-authentication-operator/service-ca-bundle with the service signing CA bundle
2026-01-28T09:30:40.145156489Z I0128 09:30:40.145139       1 configmap.go:109] updating configmap openshift-cloud-controller-manager-operator/openshift-service-ca.crt with the service signing CA bundle
2026-01-28T09:30:40.145331423Z I0128 09:30:40.145315       1 configmap.go:109] updating configmap openshift-cloud-controller-manager/openshift-service-ca.crt with the service signing CA bundle
2026-01-28T09:30:40.154204219Z I0128 09:30:40.111354       1 admissionwebhook.go:116] updating validatingwebhookconfiguration performance-addon-operator with the service signing CA bundle
2026-01-28T09:30:40.184828854Z I0128 09:30:40.184809       1 configmap.go:109] updating configmap openshift-cloud-credential-operator/openshift-service-ca.crt with the service signing CA bundle
2026-01-28T09:30:40.184921196Z I0128 09:30:40.184907       1 configmap.go:109] updating configmap openshift-cloud-network-config-controller/openshift-service-ca.crt with the service signing CA bundle
2026-01-28T09:30:40.195003818Z I0128 09:30:40.194979       1 configmap.go:109] updating configmap openshift-cloud-platform-infra/openshift-service-ca.crt with the service signing CA bundle
2026-01-28T09:30:40.195060489Z I0128 09:30:40.195044       1 configmap.go:109] updating configmap openshift-cluster-csi-drivers/openshift-service-ca.crt with the service signing CA bundle
2026-01-28T09:30:40.224892027Z I0128 09:30:40.224857       1 base_controller.go:82] Caches are synced for CRDCABundleInjector 
2026-01-28T09:30:40.224956488Z I0128 09:30:40.224945       1 base_controller.go:119] Starting #1 worker of CRDCABundleInjector controller ...
2026-01-28T09:30:40.225004419Z I0128 09:30:40.224994       1 base_controller.go:119] Starting #2 worker of CRDCABundleInjector controller ...
2026-01-28T09:30:40.225027580Z I0128 09:30:40.225018       1 base_controller.go:119] Starting #3 worker of CRDCABundleInjector controller ...
2026-01-28T09:30:40.225049070Z I0128 09:30:40.225040       1 base_controller.go:119] Starting #4 worker of CRDCABundleInjector controller ...
2026-01-28T09:30:40.225072171Z I0128 09:30:40.225063       1 base_controller.go:119] Starting #5 worker of CRDCABundleInjector controller ...
2026-01-28T09:30:40.225151553Z I0128 09:30:40.225138       1 crd.go:69] updating customresourcedefinition alertmanagerconfigs.monitoring.coreos.com conversion webhook config with the service signing CA bundle
2026-01-28T09:30:40.232458214Z W0128 09:30:40.232413       1 crd.go:61] customresourcedefinition consoleplugins.console.openshift.io is annotated for ca bundle injection but does not use strategy "Webhook"
2026-01-28T09:30:40.232530025Z I0128 09:30:40.232503       1 crd.go:69] updating customresourcedefinition performanceprofiles.performance.openshift.io conversion webhook config with the service signing CA bundle
2026-01-28T09:30:40.247236470Z I0128 09:30:40.247204       1 configmap.go:109] updating configmap openshift-cluster-machine-approver/openshift-service-ca.crt with the service signing CA bundle
2026-01-28T09:30:40.440675394Z I0128 09:30:40.440643       1 configmap.go:109] updating configmap openshift-cluster-node-tuning-operator/openshift-service-ca.crt with the service signing CA bundle
2026-01-28T09:30:40.637642006Z I0128 09:30:40.637603       1 configmap.go:109] updating configmap openshift-cluster-olm-operator/openshift-service-ca.crt with the service signing CA bundle
2026-01-28T09:30:40.841599373Z I0128 09:30:40.841551       1 configmap.go:109] updating configmap openshift-cluster-samples-operator/openshift-service-ca.crt with the service signing CA bundle
2026-01-28T09:30:41.013735188Z I0128 09:30:41.013693       1 configmap.go:109] updating configmap openshift-cluster-storage-operator/openshift-service-ca.crt with the service signing CA bundle
2026-01-28T09:30:41.214718298Z I0128 09:30:41.214668       1 configmap.go:109] updating configmap openshift-cluster-version/openshift-service-ca.crt with the service signing CA bundle
2026-01-28T09:30:41.413810937Z I0128 09:30:41.413759       1 configmap.go:109] updating configmap openshift-config-managed/openshift-service-ca.crt with the service signing CA bundle
2026-01-28T09:30:41.626531797Z I0128 09:30:41.626437       1 configmap.go:109] updating configmap openshift-config-operator/openshift-service-ca.crt with the service signing CA bundle
2026-01-28T09:30:41.816538706Z I0128 09:30:41.816468       1 configmap.go:109] updating configmap openshift-config/openshift-service-ca.crt with the service signing CA bundle
2026-01-28T09:30:42.015175245Z I0128 09:30:42.015086       1 configmap.go:109] updating configmap openshift-console-operator/openshift-service-ca.crt with the service signing CA bundle
2026-01-28T09:30:42.213771663Z I0128 09:30:42.213736       1 configmap.go:109] updating configmap openshift-console-user-settings/openshift-service-ca.crt with the service signing CA bundle
2026-01-28T09:30:42.418422394Z I0128 09:30:42.418394       1 configmap.go:109] updating configmap openshift-console/openshift-service-ca.crt with the service signing CA bundle
2026-01-28T09:30:42.614715942Z I0128 09:30:42.614674       1 configmap.go:109] updating configmap openshift-controller-manager-operator/openshift-service-ca.crt with the service signing CA bundle
2026-01-28T09:30:42.818846332Z I0128 09:30:42.818814       1 configmap.go:109] updating configmap openshift-dns-operator/openshift-service-ca.crt with the service signing CA bundle
2026-01-28T09:30:43.014195338Z I0128 09:30:43.014157       1 configmap.go:109] updating configmap openshift-e2e-loki/openshift-service-ca.crt with the service signing CA bundle
2026-01-28T09:30:43.213407019Z I0128 09:30:43.213364       1 configmap.go:109] updating configmap openshift-etcd-operator/etcd-service-ca-bundle with the service signing CA bundle
2026-01-28T09:30:43.413754167Z I0128 09:30:43.413666       1 configmap.go:109] updating configmap openshift-etcd-operator/openshift-service-ca.crt with the service signing CA bundle
2026-01-28T09:30:43.614307818Z I0128 09:30:43.614270       1 configmap.go:109] updating configmap openshift-etcd/openshift-service-ca.crt with the service signing CA bundle
2026-01-28T09:30:43.814526951Z I0128 09:30:43.814483       1 configmap.go:109] updating configmap openshift-host-network/openshift-service-ca.crt with the service signing CA bundle
2026-01-28T09:30:44.013855936Z I0128 09:30:44.013814       1 configmap.go:109] updating configmap openshift-image-registry/openshift-service-ca.crt with the service signing CA bundle
2026-01-28T09:30:44.214890758Z I0128 09:30:44.214807       1 configmap.go:109] updating configmap openshift-infra/openshift-service-ca.crt with the service signing CA bundle
2026-01-28T09:30:44.415019911Z I0128 09:30:44.414937       1 configmap.go:109] updating configmap openshift-ingress-operator/openshift-service-ca.crt with the service signing CA bundle
2026-01-28T09:30:44.614055549Z I0128 09:30:44.613998       1 configmap.go:109] updating configmap openshift-insights/openshift-service-ca.crt with the service signing CA bundle
2026-01-28T09:30:44.828164529Z I0128 09:30:44.828129       1 configmap.go:109] updating configmap openshift-insights/service-ca-bundle with the service signing CA bundle
2026-01-28T09:30:45.017634376Z I0128 09:30:45.017591       1 configmap.go:109] updating configmap openshift-kni-infra/openshift-service-ca.crt with the service signing CA bundle
2026-01-28T09:30:45.215341424Z I0128 09:30:45.215298       1 configmap.go:109] updating configmap openshift-kube-apiserver-operator/openshift-service-ca.crt with the service signing CA bundle
2026-01-28T09:30:45.413324269Z I0128 09:30:45.413277       1 configmap.go:109] updating configmap openshift-kube-apiserver/openshift-service-ca.crt with the service signing CA bundle
2026-01-28T09:30:45.614258590Z I0128 09:30:45.614157       1 configmap.go:109] updating configmap openshift-kube-controller-manager-operator/openshift-service-ca.crt with the service signing CA bundle
2026-01-28T09:30:45.813744175Z I0128 09:30:45.813698       1 configmap.go:109] updating configmap openshift-kube-controller-manager/openshift-service-ca.crt with the service signing CA bundle
2026-01-28T09:30:46.012802395Z I0128 09:30:46.012759       1 configmap.go:109] updating configmap openshift-kube-scheduler-operator/openshift-service-ca.crt with the service signing CA bundle
2026-01-28T09:30:46.212812613Z I0128 09:30:46.212777       1 configmap.go:109] updating configmap openshift-kube-scheduler/openshift-service-ca.crt with the service signing CA bundle
2026-01-28T09:30:46.412642160Z I0128 09:30:46.412608       1 configmap.go:109] updating configmap openshift-kube-storage-version-migrator-operator/openshift-service-ca.crt with the service signing CA bundle
2026-01-28T09:30:46.618080909Z I0128 09:30:46.618039       1 configmap.go:109] updating configmap openshift-kube-storage-version-migrator/openshift-service-ca.crt with the service signing CA bundle
2026-01-28T09:30:46.813950207Z I0128 09:30:46.813897       1 configmap.go:109] updating configmap openshift-machine-api/openshift-service-ca.crt with the service signing CA bundle
2026-01-28T09:30:47.015372337Z I0128 09:30:47.015325       1 configmap.go:109] updating configmap openshift-machine-config-operator/openshift-service-ca.crt with the service signing CA bundle
2026-01-28T09:30:47.214903756Z I0128 09:30:47.214825       1 configmap.go:109] updating configmap openshift-marketplace/openshift-service-ca.crt with the service signing CA bundle
2026-01-28T09:30:47.413304870Z I0128 09:30:47.413262       1 configmap.go:109] updating configmap openshift-monitoring/openshift-service-ca.crt with the service signing CA bundle
2026-01-28T09:30:47.617250366Z I0128 09:30:47.617213       1 configmap.go:109] updating configmap openshift-multus/openshift-service-ca.crt with the service signing CA bundle
2026-01-28T09:30:47.814476524Z I0128 09:30:47.814446       1 configmap.go:109] updating configmap openshift-network-console/openshift-service-ca.crt with the service signing CA bundle
2026-01-28T09:30:48.013885311Z I0128 09:30:48.013844       1 configmap.go:109] updating configmap openshift-network-diagnostics/openshift-service-ca.crt with the service signing CA bundle
2026-01-28T09:30:48.213871649Z I0128 09:30:48.213832       1 configmap.go:109] updating configmap openshift-network-node-identity/openshift-service-ca.crt with the service signing CA bundle
2026-01-28T09:30:48.415212548Z I0128 09:30:48.415172       1 configmap.go:109] updating configmap openshift-network-operator/openshift-service-ca.crt with the service signing CA bundle
2026-01-28T09:30:48.614254736Z I0128 09:30:48.614219       1 configmap.go:109] updating configmap openshift-nutanix-infra/openshift-service-ca.crt with the service signing CA bundle
2026-01-28T09:30:48.814002910Z I0128 09:30:48.813950       1 configmap.go:109] updating configmap openshift-openstack-infra/openshift-service-ca.crt with the service signing CA bundle
2026-01-28T09:30:49.015396480Z I0128 09:30:49.015345       1 configmap.go:109] updating configmap openshift-operator-lifecycle-manager/openshift-service-ca.crt with the service signing CA bundle
2026-01-28T09:30:49.213923916Z I0128 09:30:49.213870       1 configmap.go:109] updating configmap openshift-operators/openshift-service-ca.crt with the service signing CA bundle
2026-01-28T09:30:49.413494286Z I0128 09:30:49.413409       1 configmap.go:109] updating configmap openshift-ovirt-infra/openshift-service-ca.crt with the service signing CA bundle
2026-01-28T09:30:49.615642312Z I0128 09:30:49.615565       1 configmap.go:109] updating configmap openshift-ovn-kubernetes/openshift-service-ca.crt with the service signing CA bundle
2026-01-28T09:30:49.814279603Z I0128 09:30:49.814218       1 configmap.go:109] updating configmap openshift-service-ca-operator/openshift-service-ca.crt with the service signing CA bundle
2026-01-28T09:30:50.015607980Z I0128 09:30:50.015531       1 configmap.go:109] updating configmap openshift-service-ca/openshift-service-ca.crt with the service signing CA bundle
2026-01-28T09:30:50.216590471Z I0128 09:30:50.216564       1 configmap.go:109] updating configmap openshift-user-workload-monitoring/openshift-service-ca.crt with the service signing CA bundle
2026-01-28T09:30:50.414283389Z I0128 09:30:50.414232       1 configmap.go:109] updating configmap openshift-vsphere-infra/openshift-service-ca.crt with the service signing CA bundle
2026-01-28T09:30:50.613487540Z I0128 09:30:50.613445       1 configmap.go:109] updating configmap openshift-oauth-apiserver/openshift-service-ca.crt with the service signing CA bundle
2026-01-28T09:30:50.816277711Z I0128 09:30:50.816237       1 configmap.go:109] updating configmap openshift-authentication/openshift-service-ca.crt with the service signing CA bundle
2026-01-28T09:31:00.651493574Z I0128 09:31:00.651019       1 configmap.go:109] updating configmap openshift-operator-controller/openshift-service-ca.crt with the service signing CA bundle
2026-01-28T09:31:00.754731089Z I0128 09:31:00.751891       1 configmap.go:109] updating configmap openshift-catalogd/openshift-service-ca.crt with the service signing CA bundle
2026-01-28T09:31:03.579866577Z I0128 09:31:03.579830       1 configmap.go:109] updating configmap openshift-authentication/v4-0-config-system-service-ca with the service signing CA bundle
2026-01-28T09:31:11.124198068Z I0128 09:31:11.123742       1 admissionwebhook.go:116] updating mutatingwebhookconfiguration catalogd-mutating-webhook-configuration with the service signing CA bundle
2026-01-28T09:31:26.879913876Z I0128 09:31:26.879475       1 configmap.go:109] updating configmap openshift/openshift-service-ca.crt with the service signing CA bundle
2026-01-28T09:31:26.898827610Z I0128 09:31:26.898796       1 configmap.go:109] updating configmap openshift-node/openshift-service-ca.crt with the service signing CA bundle
2026-01-28T09:31:55.825621598Z I0128 09:31:55.825320       1 admissionwebhook.go:116] updating validatingwebhookconfiguration cluster-baremetal-validating-webhook-configuration with the service signing CA bundle
2026-01-28T09:31:56.903386933Z I0128 09:31:56.903328       1 configmap.go:109] updating configmap openshift-image-registry/serviceca with the service signing CA bundle
2026-01-28T09:31:57.887468911Z I0128 09:31:57.887429       1 admissionwebhook.go:116] updating validatingwebhookconfiguration machine-api with the service signing CA bundle
2026-01-28T09:31:57.900625304Z I0128 09:31:57.900588       1 admissionwebhook.go:116] updating mutatingwebhookconfiguration machine-api with the service signing CA bundle
2026-01-28T09:31:58.603729012Z I0128 09:31:58.603690       1 configmap.go:109] updating configmap openshift-dns/openshift-service-ca.crt with the service signing CA bundle
2026-01-28T09:31:58.918141016Z I0128 09:31:58.918104       1 configmap.go:109] updating configmap openshift-ingress/openshift-service-ca.crt with the service signing CA bundle
2026-01-28T09:31:59.036704923Z I0128 09:31:59.036666       1 configmap.go:109] updating configmap openshift-ingress/service-ca-bundle with the service signing CA bundle
2026-01-28T09:32:03.286387625Z I0128 09:32:03.285914       1 admissionwebhook.go:116] updating validatingwebhookconfiguration autoscaling.openshift.io with the service signing CA bundle
2026-01-28T09:33:05.042751377Z I0128 09:33:05.042332       1 admissionwebhook.go:116] updating validatingwebhookconfiguration controlplanemachineset.machine.openshift.io with the service signing CA bundle
2026-01-28T09:35:53.600052869Z I0128 09:35:53.600011       1 tlsconfig.go:181] "Loaded client CA" index=0 certName="client-ca::kube-system::extension-apiserver-authentication::client-ca-file,client-ca::kube-system::extension-apiserver-authentication::requestheader-client-ca-file" certDetail="\"admin-kubeconfig-signer\" [] issuer=\"<self>\" (2026-01-28 09:13:02 +0000 UTC to 2036-01-26 09:13:02 +0000 UTC (now=2026-01-28 09:35:53.599976747 +0000 UTC))"
2026-01-28T09:35:53.600199332Z I0128 09:35:53.600183       1 tlsconfig.go:181] "Loaded client CA" index=1 certName="client-ca::kube-system::extension-apiserver-authentication::client-ca-file,client-ca::kube-system::extension-apiserver-authentication::requestheader-client-ca-file" certDetail="\"kubelet-signer\" [] issuer=\"<self>\" (2026-01-28 09:13:06 +0000 UTC to 2026-01-29 09:13:06 +0000 UTC (now=2026-01-28 09:35:53.600166341 +0000 UTC))"
2026-01-28T09:35:53.600265913Z I0128 09:35:53.600253       1 tlsconfig.go:181] "Loaded client CA" index=2 certName="client-ca::kube-system::extension-apiserver-authentication::client-ca-file,client-ca::kube-system::extension-apiserver-authentication::requestheader-client-ca-file" certDetail="\"kube-control-plane-signer\" [] issuer=\"<self>\" (2026-01-28 09:13:06 +0000 UTC to 2027-01-28 09:13:06 +0000 UTC (now=2026-01-28 09:35:53.600240353 +0000 UTC))"
2026-01-28T09:35:53.600334285Z I0128 09:35:53.600322       1 tlsconfig.go:181] "Loaded client CA" index=3 certName="client-ca::kube-system::extension-apiserver-authentication::client-ca-file,client-ca::kube-system::extension-apiserver-authentication::requestheader-client-ca-file" certDetail="\"kube-apiserver-to-kubelet-signer\" [] issuer=\"<self>\" (2026-01-28 09:13:07 +0000 UTC to 2027-01-28 09:13:07 +0000 UTC (now=2026-01-28 09:35:53.600294004 +0000 UTC))"
2026-01-28T09:35:53.600374566Z I0128 09:35:53.600364       1 tlsconfig.go:181] "Loaded client CA" index=4 certName="client-ca::kube-system::extension-apiserver-authentication::client-ca-file,client-ca::kube-system::extension-apiserver-authentication::requestheader-client-ca-file" certDetail="\"kubelet-bootstrap-kubeconfig-signer\" [] issuer=\"<self>\" (2026-01-28 09:13:03 +0000 UTC to 2036-01-26 09:13:03 +0000 UTC (now=2026-01-28 09:35:53.600351855 +0000 UTC))"
2026-01-28T09:35:53.600429387Z I0128 09:35:53.600418       1 tlsconfig.go:181] "Loaded client CA" index=5 certName="client-ca::kube-system::extension-apiserver-authentication::client-ca-file,client-ca::kube-system::extension-apiserver-authentication::requestheader-client-ca-file" certDetail="\"kube-csr-signer_@1769592636\" [] issuer=\"kubelet-signer\" (2026-01-28 09:30:35 +0000 UTC to 2026-01-29 09:13:06 +0000 UTC (now=2026-01-28 09:35:53.600407187 +0000 UTC))"
2026-01-28T09:35:53.600470038Z I0128 09:35:53.600458       1 tlsconfig.go:181] "Loaded client CA" index=6 certName="client-ca::kube-system::extension-apiserver-authentication::client-ca-file,client-ca::kube-system::extension-apiserver-authentication::requestheader-client-ca-file" certDetail="\"openshift-kube-apiserver-operator_node-system-admin-signer@1769592635\" [] issuer=\"<self>\" (2026-01-28 09:30:35 +0000 UTC to 2029-01-27 09:30:36 +0000 UTC (now=2026-01-28 09:35:53.600445937 +0000 UTC))"
2026-01-28T09:35:53.600524849Z I0128 09:35:53.600514       1 tlsconfig.go:181] "Loaded client CA" index=7 certName="client-ca::kube-system::extension-apiserver-authentication::client-ca-file,client-ca::kube-system::extension-apiserver-authentication::requestheader-client-ca-file" certDetail="\"aggregator-signer\" [] issuer=\"<self>\" (2026-01-28 09:13:04 +0000 UTC to 2026-01-29 09:13:04 +0000 UTC (now=2026-01-28 09:35:53.600502189 +0000 UTC))"
2026-01-28T09:35:53.600850636Z I0128 09:35:53.600837       1 tlsconfig.go:203] "Loaded serving cert" certName="serving-cert::/tmp/serving-cert-3221151693/tls.crt::/tmp/serving-cert-3221151693/tls.key" certDetail="\"localhost\" [serving] validServingFor=[localhost] issuer=\"service-ca-controller-signer@1769592639\" (2026-01-28 09:30:38 +0000 UTC to 2026-01-28 09:30:39 +0000 UTC (now=2026-01-28 09:35:53.600804765 +0000 UTC))"
2026-01-28T09:35:53.601138383Z I0128 09:35:53.601124       1 named_certificates.go:53] "Loaded SNI cert" index=0 certName="self-signed loopback" certDetail="\"apiserver-loopback-client@1769592639\" [serving] validServingFor=[apiserver-loopback-client] issuer=\"apiserver-loopback-client-ca@1769592639\" (2026-01-28 08:30:39 +0000 UTC to 2027-01-28 08:30:39 +0000 UTC (now=2026-01-28 09:35:53.601108692 +0000 UTC))"
2026-01-28T09:38:14.906388474Z I0128 09:38:14.906345       1 configmap.go:109] updating configmap openshift-ingress-canary/openshift-service-ca.crt with the service signing CA bundle
2026-01-28T09:39:41.269592111Z I0128 09:39:41.269545       1 apiservice.go:62] updating apiservice v1.oauth.openshift.io with the service signing CA bundle
2026-01-28T09:39:41.270776636Z I0128 09:39:41.270672       1 apiservice.go:62] updating apiservice v1.apps.openshift.io with the service signing CA bundle
2026-01-28T09:39:41.290213501Z I0128 09:39:41.290191       1 apiservice.go:62] updating apiservice v1.authorization.openshift.io with the service signing CA bundle
2026-01-28T09:39:41.295261341Z I0128 09:39:41.295226       1 apiservice.go:62] updating apiservice v1.user.openshift.io with the service signing CA bundle
2026-01-28T09:39:41.309070922Z I0128 09:39:41.309025       1 apiservice.go:62] updating apiservice v1.build.openshift.io with the service signing CA bundle
2026-01-28T09:39:41.337005823Z I0128 09:39:41.336916       1 apiservice.go:62] updating apiservice v1.image.openshift.io with the service signing CA bundle
2026-01-28T09:39:41.362826816Z I0128 09:39:41.360536       1 apiservice.go:62] updating apiservice v1.project.openshift.io with the service signing CA bundle
2026-01-28T09:39:41.662532521Z I0128 09:39:41.662493       1 apiservice.go:62] updating apiservice v1.quota.openshift.io with the service signing CA bundle
2026-01-28T09:39:42.063860334Z I0128 09:39:42.063798       1 apiservice.go:62] updating apiservice v1.route.openshift.io with the service signing CA bundle
2026-01-28T09:39:42.465695899Z I0128 09:39:42.465659       1 apiservice.go:62] updating apiservice v1.security.openshift.io with the service signing CA bundle
2026-01-28T09:39:42.863418583Z I0128 09:39:42.863330       1 apiservice.go:62] updating apiservice v1.template.openshift.io with the service signing CA bundle
2026-01-28T09:40:12.466984547Z I0128 09:40:12.466941       1 admissionwebhook.go:116] updating mutatingwebhookconfiguration pod-identity-webhook with the service signing CA bundle
2026-01-28T09:42:37.334721235Z I0128 09:42:37.334674       1 admissionwebhook.go:116] updating validatingwebhookconfiguration prometheusrules.openshift.io with the service signing CA bundle
2026-01-28T09:42:37.358560326Z I0128 09:42:37.358517       1 admissionwebhook.go:116] updating validatingwebhookconfiguration alertmanagerconfigs.openshift.io with the service signing CA bundle
2026-01-28T09:42:42.561717066Z I0128 09:42:42.561306       1 configmap.go:109] updating configmap openshift-monitoring/serving-certs-ca-bundle with the service signing CA bundle
2026-01-28T09:43:16.416047201Z I0128 09:43:16.415999       1 apiservice.go:62] updating apiservice v1beta1.metrics.k8s.io with the service signing CA bundle
2026-01-28T09:43:42.632486053Z I0128 09:43:42.632438       1 configmap.go:109] updating configmap openshift-console/service-ca with the service signing CA bundle
2026-01-28T09:44:26.337734781Z I0128 09:44:26.337687       1 admissionwebhook.go:116] updating validatingwebhookconfiguration monitoringconfigmaps.openshift.io with the service signing CA bundle
2026-01-28T09:50:40.116018196Z W0128 09:50:40.115950       1 crd.go:61] customresourcedefinition consoleplugins.console.openshift.io is annotated for ca bundle injection but does not use strategy "Webhook"
2026-01-28T10:10:40.116543853Z W0128 10:10:40.116486       1 crd.go:61] customresourcedefinition consoleplugins.console.openshift.io is annotated for ca bundle injection but does not use strategy "Webhook"
2026-01-28T10:24:24.897479572Z I0128 10:24:24.897406       1 configmap.go:109] updating configmap openshift-must-gather-5xcqk/openshift-service-ca.crt with the service signing CA bundle
