2026-01-28T09:29:56.779425573Z ++ K8S_NODE=
2026-01-28T09:29:56.779425573Z ++ [[ -n '' ]]
2026-01-28T09:29:56.779514945Z ++ northd_pidfile=/var/run/ovn/ovn-northd.pid
2026-01-28T09:29:56.779514945Z ++ controller_pidfile=/var/run/ovn/ovn-controller.pid
2026-01-28T09:29:56.779514945Z ++ controller_logfile=/var/log/ovn/acl-audit-log.log
2026-01-28T09:29:56.779514945Z ++ vswitch_dbsock=/var/run/openvswitch/db.sock
2026-01-28T09:29:56.779514945Z ++ nbdb_pidfile=/var/run/ovn/ovnnb_db.pid
2026-01-28T09:29:56.779514945Z ++ nbdb_sock=/var/run/ovn/ovnnb_db.sock
2026-01-28T09:29:56.779514945Z ++ nbdb_ctl=/var/run/ovn/ovnnb_db.ctl
2026-01-28T09:29:56.779514945Z ++ sbdb_pidfile=/var/run/ovn/ovnsb_db.pid
2026-01-28T09:29:56.779514945Z ++ sbdb_sock=/var/run/ovn/ovnsb_db.sock
2026-01-28T09:29:56.779514945Z ++ sbdb_ctl=/var/run/ovn/ovnsb_db.ctl
2026-01-28T09:29:56.780575309Z + start-audit-log-rotation
2026-01-28T09:29:56.780594130Z + MAXFILESIZE=50000000
2026-01-28T09:29:56.780594130Z + MAXLOGFILES=5
2026-01-28T09:29:56.780854976Z ++ dirname /var/log/ovn/acl-audit-log.log
2026-01-28T09:29:56.782367700Z + LOGDIR=/var/log/ovn
2026-01-28T09:29:56.782367700Z + local retries=0
2026-01-28T09:29:56.782384411Z + [[ 30 -gt 0 ]]
2026-01-28T09:29:56.782384411Z + ((  retries += 1  ))
2026-01-28T09:29:56.782645166Z ++ cat /var/run/ovn/ovn-controller.pid
2026-01-28T09:29:56.783967876Z + CONTROLLERPID=3653
2026-01-28T09:29:56.783967876Z + [[ -n 3653 ]]
2026-01-28T09:29:56.783967876Z + break
2026-01-28T09:29:56.783985007Z + [[ -z 3653 ]]
2026-01-28T09:29:56.784181251Z + true
2026-01-28T09:29:56.784181251Z + tail -F /var/log/ovn/acl-audit-log.log
2026-01-28T09:29:56.784199832Z + '[' -f /var/log/ovn/acl-audit-log.log ']'
2026-01-28T09:29:56.784794765Z ++ du -b /var/log/ovn/acl-audit-log.log
2026-01-28T09:29:56.784945478Z ++ tr -s '\t' ' '
2026-01-28T09:29:56.785205835Z ++ cut '-d ' -f1
2026-01-28T09:29:56.786930494Z + file_size=0
2026-01-28T09:29:56.786950634Z + '[' 0 -gt 50000000 ']'
2026-01-28T09:29:56.787462556Z ++ ls -1 /var/log/ovn/acl-audit-log.log
2026-01-28T09:29:56.787518437Z ++ wc -l
2026-01-28T09:29:56.789298677Z + num_files=1
2026-01-28T09:29:56.789318488Z + '[' 1 -gt 5 ']'
2026-01-28T09:29:56.789318488Z + sleep 30
2026-01-28T09:30:26.791169321Z + true
2026-01-28T09:30:26.791218202Z + '[' -f /var/log/ovn/acl-audit-log.log ']'
2026-01-28T09:30:26.791846067Z ++ du -b /var/log/ovn/acl-audit-log.log
2026-01-28T09:30:26.791962429Z ++ tr -s '\t' ' '
2026-01-28T09:30:26.792172714Z ++ cut '-d ' -f1
2026-01-28T09:30:26.793863202Z + file_size=0
2026-01-28T09:30:26.793880162Z + '[' 0 -gt 50000000 ']'
2026-01-28T09:30:26.794429514Z ++ ls -1 /var/log/ovn/acl-audit-log.log
2026-01-28T09:30:26.794538507Z ++ wc -l
2026-01-28T09:30:26.796038850Z + num_files=1
2026-01-28T09:30:26.796059021Z + '[' 1 -gt 5 ']'
2026-01-28T09:30:26.796059021Z + sleep 30
2026-01-28T09:30:56.797618741Z + true
2026-01-28T09:30:56.797661272Z + '[' -f /var/log/ovn/acl-audit-log.log ']'
2026-01-28T09:30:56.798333937Z ++ du -b /var/log/ovn/acl-audit-log.log
2026-01-28T09:30:56.798560222Z ++ tr -s '\t' ' '
2026-01-28T09:30:56.798712205Z ++ cut '-d ' -f1
2026-01-28T09:30:56.800447414Z + file_size=0
2026-01-28T09:30:56.800465594Z + '[' 0 -gt 50000000 ']'
2026-01-28T09:30:56.801007356Z ++ ls -1 /var/log/ovn/acl-audit-log.log
2026-01-28T09:30:56.801058718Z ++ wc -l
2026-01-28T09:30:56.802467349Z + num_files=1
2026-01-28T09:30:56.802484119Z + '[' 1 -gt 5 ']'
2026-01-28T09:30:56.802484119Z + sleep 30
2026-01-28T09:31:26.804187358Z + true
2026-01-28T09:31:26.804224678Z + '[' -f /var/log/ovn/acl-audit-log.log ']'
2026-01-28T09:31:26.804852953Z ++ du -b /var/log/ovn/acl-audit-log.log
2026-01-28T09:31:26.805026656Z ++ tr -s '\t' ' '
2026-01-28T09:31:26.805195130Z ++ cut '-d ' -f1
2026-01-28T09:31:26.807066982Z + file_size=0
2026-01-28T09:31:26.807114813Z + '[' 0 -gt 50000000 ']'
2026-01-28T09:31:26.807598384Z ++ ls -1 /var/log/ovn/acl-audit-log.log
2026-01-28T09:31:26.807684406Z ++ wc -l
2026-01-28T09:31:26.809079877Z + num_files=1
2026-01-28T09:31:26.809129599Z + '[' 1 -gt 5 ']'
2026-01-28T09:31:26.809129599Z + sleep 30
2026-01-28T09:31:56.810632251Z + true
2026-01-28T09:31:56.810690112Z + '[' -f /var/log/ovn/acl-audit-log.log ']'
2026-01-28T09:31:56.811555762Z ++ du -b /var/log/ovn/acl-audit-log.log
2026-01-28T09:31:56.811696116Z ++ tr -s '\t' ' '
2026-01-28T09:31:56.811890180Z ++ cut '-d ' -f1
2026-01-28T09:31:56.813640941Z + file_size=0
2026-01-28T09:31:56.813664602Z + '[' 0 -gt 50000000 ']'
2026-01-28T09:31:56.814199214Z ++ ls -1 /var/log/ovn/acl-audit-log.log
2026-01-28T09:31:56.814268786Z ++ wc -l
2026-01-28T09:31:56.816004586Z + num_files=1
2026-01-28T09:31:56.816022727Z + '[' 1 -gt 5 ']'
2026-01-28T09:31:56.816022727Z + sleep 30
2026-01-28T09:32:26.818271972Z + true
2026-01-28T09:32:26.818354984Z + '[' -f /var/log/ovn/acl-audit-log.log ']'
2026-01-28T09:32:26.818916706Z ++ du -b /var/log/ovn/acl-audit-log.log
2026-01-28T09:32:26.819063670Z ++ tr -s '\t' ' '
2026-01-28T09:32:26.819345126Z ++ cut '-d ' -f1
2026-01-28T09:32:26.821564607Z + file_size=0
2026-01-28T09:32:26.821601528Z + '[' 0 -gt 50000000 ']'
2026-01-28T09:32:26.822213322Z ++ ls -1 /var/log/ovn/acl-audit-log.log
2026-01-28T09:32:26.822315564Z ++ wc -l
2026-01-28T09:32:26.824174777Z + num_files=1
2026-01-28T09:32:26.824196568Z + '[' 1 -gt 5 ']'
2026-01-28T09:32:26.824196568Z + sleep 30
2026-01-28T09:32:56.828723818Z + true
2026-01-28T09:32:56.828817041Z + '[' -f /var/log/ovn/acl-audit-log.log ']'
2026-01-28T09:32:56.832217183Z ++ du -b /var/log/ovn/acl-audit-log.log
2026-01-28T09:32:56.833808892Z ++ tr -s '\t' ' '
2026-01-28T09:32:56.833808892Z ++ cut '-d ' -f1
2026-01-28T09:32:56.837114181Z + file_size=0
2026-01-28T09:32:56.837114181Z + '[' 0 -gt 50000000 ']'
2026-01-28T09:32:56.837114181Z ++ ls -1 /var/log/ovn/acl-audit-log.log
2026-01-28T09:32:56.837114181Z ++ wc -l
2026-01-28T09:32:56.840121944Z + num_files=1
2026-01-28T09:32:56.840121944Z + '[' 1 -gt 5 ']'
2026-01-28T09:32:56.840121944Z + sleep 30
2026-01-28T09:33:26.840839038Z + true
2026-01-28T09:33:26.840883689Z + '[' -f /var/log/ovn/acl-audit-log.log ']'
2026-01-28T09:33:26.841416101Z ++ du -b /var/log/ovn/acl-audit-log.log
2026-01-28T09:33:26.841572215Z ++ tr -s '\t' ' '
2026-01-28T09:33:26.841780179Z ++ cut '-d ' -f1
2026-01-28T09:33:26.843633201Z + file_size=0
2026-01-28T09:33:26.843652281Z + '[' 0 -gt 50000000 ']'
2026-01-28T09:33:26.844157792Z ++ ls -1 /var/log/ovn/acl-audit-log.log
2026-01-28T09:33:26.844231944Z ++ wc -l
2026-01-28T09:33:26.845817449Z + num_files=1
2026-01-28T09:33:26.845844340Z + '[' 1 -gt 5 ']'
2026-01-28T09:33:26.845844340Z + sleep 30
2026-01-28T09:33:56.847748174Z + true
2026-01-28T09:33:56.847937808Z + '[' -f /var/log/ovn/acl-audit-log.log ']'
2026-01-28T09:33:56.848501420Z ++ du -b /var/log/ovn/acl-audit-log.log
2026-01-28T09:33:56.848658994Z ++ tr -s '\t' ' '
2026-01-28T09:33:56.848878599Z ++ cut '-d ' -f1
2026-01-28T09:33:56.851173851Z + file_size=0
2026-01-28T09:33:56.851194331Z + '[' 0 -gt 50000000 ']'
2026-01-28T09:33:56.851704462Z ++ ls -1 /var/log/ovn/acl-audit-log.log
2026-01-28T09:33:56.851769374Z ++ wc -l
2026-01-28T09:33:56.854001064Z + num_files=1
2026-01-28T09:33:56.854032155Z + '[' 1 -gt 5 ']'
2026-01-28T09:33:56.854032155Z + sleep 30
2026-01-28T09:34:26.855681929Z + true
2026-01-28T09:34:26.855681929Z + '[' -f /var/log/ovn/acl-audit-log.log ']'
2026-01-28T09:34:26.856276532Z ++ du -b /var/log/ovn/acl-audit-log.log
2026-01-28T09:34:26.856413524Z ++ tr -s '\t' ' '
2026-01-28T09:34:26.856647669Z ++ cut '-d ' -f1
2026-01-28T09:34:26.858543259Z + file_size=0
2026-01-28T09:34:26.858572949Z + '[' 0 -gt 50000000 ']'
2026-01-28T09:34:26.859052639Z ++ ls -1 /var/log/ovn/acl-audit-log.log
2026-01-28T09:34:26.859160632Z ++ wc -l
2026-01-28T09:34:26.860777915Z + num_files=1
2026-01-28T09:34:26.860777915Z + '[' 1 -gt 5 ']'
2026-01-28T09:34:26.860806496Z + sleep 30
2026-01-28T09:34:56.862515207Z + true
2026-01-28T09:34:56.862582249Z + '[' -f /var/log/ovn/acl-audit-log.log ']'
2026-01-28T09:34:56.863138241Z ++ du -b /var/log/ovn/acl-audit-log.log
2026-01-28T09:34:56.863286194Z ++ tr -s '\t' ' '
2026-01-28T09:34:56.863493559Z ++ cut '-d ' -f1
2026-01-28T09:34:56.865245766Z + file_size=0
2026-01-28T09:34:56.865276747Z + '[' 0 -gt 50000000 ']'
2026-01-28T09:34:56.865812228Z ++ ls -1 /var/log/ovn/acl-audit-log.log
2026-01-28T09:34:56.865904190Z ++ wc -l
2026-01-28T09:34:56.867477024Z + num_files=1
2026-01-28T09:34:56.867503955Z + '[' 1 -gt 5 ']'
2026-01-28T09:34:56.867503955Z + sleep 30
2026-01-28T09:35:26.869057989Z + true
2026-01-28T09:35:26.869057989Z + '[' -f /var/log/ovn/acl-audit-log.log ']'
2026-01-28T09:35:26.869659313Z ++ du -b /var/log/ovn/acl-audit-log.log
2026-01-28T09:35:26.869822636Z ++ tr -s '\t' ' '
2026-01-28T09:35:26.870040911Z ++ cut '-d ' -f1
2026-01-28T09:35:26.871678628Z + file_size=0
2026-01-28T09:35:26.871705308Z + '[' 0 -gt 50000000 ']'
2026-01-28T09:35:26.872223150Z ++ ls -1 /var/log/ovn/acl-audit-log.log
2026-01-28T09:35:26.872313262Z ++ wc -l
2026-01-28T09:35:26.873776814Z + num_files=1
2026-01-28T09:35:26.873803935Z + '[' 1 -gt 5 ']'
2026-01-28T09:35:26.873803935Z + sleep 30
2026-01-28T09:35:56.875406580Z + true
2026-01-28T09:35:56.875406580Z + '[' -f /var/log/ovn/acl-audit-log.log ']'
2026-01-28T09:35:56.876015334Z ++ du -b /var/log/ovn/acl-audit-log.log
2026-01-28T09:35:56.876231669Z ++ tr -s '\t' ' '
2026-01-28T09:35:56.876467214Z ++ cut '-d ' -f1
2026-01-28T09:35:56.878213843Z + file_size=0
2026-01-28T09:35:56.878239994Z + '[' 0 -gt 50000000 ']'
2026-01-28T09:35:56.878718204Z ++ ls -1 /var/log/ovn/acl-audit-log.log
2026-01-28T09:35:56.878806616Z ++ wc -l
2026-01-28T09:35:56.880261929Z + num_files=1
2026-01-28T09:35:56.880286259Z + '[' 1 -gt 5 ']'
2026-01-28T09:35:56.880286259Z + sleep 30
2026-01-28T09:36:26.881845666Z + true
2026-01-28T09:36:26.881845666Z + '[' -f /var/log/ovn/acl-audit-log.log ']'
2026-01-28T09:36:26.882532231Z ++ du -b /var/log/ovn/acl-audit-log.log
2026-01-28T09:36:26.882742116Z ++ tr -s '\t' ' '
2026-01-28T09:36:26.882913020Z ++ cut '-d ' -f1
2026-01-28T09:36:26.884730120Z + file_size=0
2026-01-28T09:36:26.884760501Z + '[' 0 -gt 50000000 ']'
2026-01-28T09:36:26.885344294Z ++ ls -1 /var/log/ovn/acl-audit-log.log
2026-01-28T09:36:26.885416756Z ++ wc -l
2026-01-28T09:36:26.886971800Z + num_files=1
2026-01-28T09:36:26.886996581Z + '[' 1 -gt 5 ']'
2026-01-28T09:36:26.886996581Z + sleep 30
2026-01-28T09:36:56.888472197Z + true
2026-01-28T09:36:56.888472197Z + '[' -f /var/log/ovn/acl-audit-log.log ']'
2026-01-28T09:36:56.889085331Z ++ du -b /var/log/ovn/acl-audit-log.log
2026-01-28T09:36:56.889275705Z ++ tr -s '\t' ' '
2026-01-28T09:36:56.889442349Z ++ cut '-d ' -f1
2026-01-28T09:36:56.891194278Z + file_size=0
2026-01-28T09:36:56.891224979Z + '[' 0 -gt 50000000 ']'
2026-01-28T09:36:56.891745270Z ++ ls -1 /var/log/ovn/acl-audit-log.log
2026-01-28T09:36:56.891833202Z ++ wc -l
2026-01-28T09:36:56.893405737Z + num_files=1
2026-01-28T09:36:56.893435997Z + '[' 1 -gt 5 ']'
2026-01-28T09:36:56.893435997Z + sleep 30
2026-01-28T09:37:26.895400523Z + true
2026-01-28T09:37:26.895400523Z + '[' -f /var/log/ovn/acl-audit-log.log ']'
2026-01-28T09:37:26.896164480Z ++ du -b /var/log/ovn/acl-audit-log.log
2026-01-28T09:37:26.896405985Z ++ tr -s '\t' ' '
2026-01-28T09:37:26.896513798Z ++ cut '-d ' -f1
2026-01-28T09:37:26.898241356Z + file_size=0
2026-01-28T09:37:26.898270917Z + '[' 0 -gt 50000000 ']'
2026-01-28T09:37:26.898748957Z ++ ls -1 /var/log/ovn/acl-audit-log.log
2026-01-28T09:37:26.898848890Z ++ wc -l
2026-01-28T09:37:26.900299522Z + num_files=1
2026-01-28T09:37:26.900329293Z + '[' 1 -gt 5 ']'
2026-01-28T09:37:26.900329293Z + sleep 30
2026-01-28T09:37:56.902259753Z + true
2026-01-28T09:37:56.902328835Z + '[' -f /var/log/ovn/acl-audit-log.log ']'
2026-01-28T09:37:56.903060761Z ++ du -b /var/log/ovn/acl-audit-log.log
2026-01-28T09:37:56.903233725Z ++ tr -s '\t' ' '
2026-01-28T09:37:56.903457100Z ++ cut '-d ' -f1
2026-01-28T09:37:56.905174798Z + file_size=0
2026-01-28T09:37:56.905232690Z + '[' 0 -gt 50000000 ']'
2026-01-28T09:37:56.905915565Z ++ ls -1 /var/log/ovn/acl-audit-log.log
2026-01-28T09:37:56.905915565Z ++ wc -l
2026-01-28T09:37:56.907658274Z + num_files=1
2026-01-28T09:37:56.907685194Z + '[' 1 -gt 5 ']'
2026-01-28T09:37:56.907685194Z + sleep 30
2026-01-28T09:38:26.909336743Z + true
2026-01-28T09:38:26.909388104Z + '[' -f /var/log/ovn/acl-audit-log.log ']'
2026-01-28T09:38:26.909959577Z ++ du -b /var/log/ovn/acl-audit-log.log
2026-01-28T09:38:26.910217752Z ++ tr -s '\t' ' '
2026-01-28T09:38:26.910383546Z ++ cut '-d ' -f1
2026-01-28T09:38:26.912331250Z + file_size=0
2026-01-28T09:38:26.912374880Z + '[' 0 -gt 50000000 ']'
2026-01-28T09:38:26.912879742Z ++ ls -1 /var/log/ovn/acl-audit-log.log
2026-01-28T09:38:26.912966724Z ++ wc -l
2026-01-28T09:38:26.914672211Z + num_files=1
2026-01-28T09:38:26.914698832Z + '[' 1 -gt 5 ']'
2026-01-28T09:38:26.914698832Z + sleep 30
2026-01-28T09:38:56.916252662Z + true
2026-01-28T09:38:56.916290833Z + '[' -f /var/log/ovn/acl-audit-log.log ']'
2026-01-28T09:38:56.916816255Z ++ du -b /var/log/ovn/acl-audit-log.log
2026-01-28T09:38:56.916976828Z ++ tr -s '\t' ' '
2026-01-28T09:38:56.917167012Z ++ cut '-d ' -f1
2026-01-28T09:38:56.918967062Z + file_size=0
2026-01-28T09:38:56.918991253Z + '[' 0 -gt 50000000 ']'
2026-01-28T09:38:56.919560316Z ++ ls -1 /var/log/ovn/acl-audit-log.log
2026-01-28T09:38:56.919653278Z ++ wc -l
2026-01-28T09:38:56.921502989Z + num_files=1
2026-01-28T09:38:56.921530279Z + '[' 1 -gt 5 ']'
2026-01-28T09:38:56.921530279Z + sleep 30
2026-01-28T09:39:26.923439370Z + true
2026-01-28T09:39:26.923439370Z + '[' -f /var/log/ovn/acl-audit-log.log ']'
2026-01-28T09:39:26.924086474Z ++ du -b /var/log/ovn/acl-audit-log.log
2026-01-28T09:39:26.924282459Z ++ tr -s '\t' ' '
2026-01-28T09:39:26.924539044Z ++ cut '-d ' -f1
2026-01-28T09:39:26.926221151Z + file_size=0
2026-01-28T09:39:26.926249362Z + '[' 0 -gt 50000000 ']'
2026-01-28T09:39:26.926750343Z ++ ls -1 /var/log/ovn/acl-audit-log.log
2026-01-28T09:39:26.926850755Z ++ wc -l
2026-01-28T09:39:26.928357658Z + num_files=1
2026-01-28T09:39:26.928381859Z + '[' 1 -gt 5 ']'
2026-01-28T09:39:26.928381859Z + sleep 30
2026-01-28T09:39:56.929923876Z + true
2026-01-28T09:39:56.929923876Z + '[' -f /var/log/ovn/acl-audit-log.log ']'
2026-01-28T09:39:56.930675741Z ++ du -b /var/log/ovn/acl-audit-log.log
2026-01-28T09:39:56.930749122Z ++ tr -s '\t' ' '
2026-01-28T09:39:56.930953606Z ++ cut '-d ' -f1
2026-01-28T09:39:56.933570786Z + file_size=0
2026-01-28T09:39:56.933598816Z + '[' 0 -gt 50000000 ']'
2026-01-28T09:39:56.934180418Z ++ ls -1 /var/log/ovn/acl-audit-log.log
2026-01-28T09:39:56.934242539Z ++ wc -l
2026-01-28T09:39:56.936363879Z + num_files=1
2026-01-28T09:39:56.936391390Z + '[' 1 -gt 5 ']'
2026-01-28T09:39:56.936391390Z + sleep 30
2026-01-28T09:40:26.938207952Z + true
2026-01-28T09:40:26.938259433Z + '[' -f /var/log/ovn/acl-audit-log.log ']'
2026-01-28T09:40:26.938900837Z ++ du -b /var/log/ovn/acl-audit-log.log
2026-01-28T09:40:26.939044781Z ++ tr -s '\t' ' '
2026-01-28T09:40:26.939213254Z ++ cut '-d ' -f1
2026-01-28T09:40:26.941154157Z + file_size=0
2026-01-28T09:40:26.941183728Z + '[' 0 -gt 50000000 ']'
2026-01-28T09:40:26.941865243Z ++ ls -1 /var/log/ovn/acl-audit-log.log
2026-01-28T09:40:26.942035126Z ++ wc -l
2026-01-28T09:40:26.944013530Z + num_files=1
2026-01-28T09:40:26.944036880Z + '[' 1 -gt 5 ']'
2026-01-28T09:40:26.944036880Z + sleep 30
2026-01-28T09:40:56.945686205Z + true
2026-01-28T09:40:56.945731886Z + '[' -f /var/log/ovn/acl-audit-log.log ']'
2026-01-28T09:40:56.946268528Z ++ du -b /var/log/ovn/acl-audit-log.log
2026-01-28T09:40:56.946436682Z ++ tr -s '\t' ' '
2026-01-28T09:40:56.946626576Z ++ cut '-d ' -f1
2026-01-28T09:40:56.948456496Z + file_size=0
2026-01-28T09:40:56.948493937Z + '[' 0 -gt 50000000 ']'
2026-01-28T09:40:56.948985968Z ++ ls -1 /var/log/ovn/acl-audit-log.log
2026-01-28T09:40:56.949062600Z ++ wc -l
2026-01-28T09:40:56.950640075Z + num_files=1
2026-01-28T09:40:56.950640075Z + '[' 1 -gt 5 ']'
2026-01-28T09:40:56.950671316Z + sleep 30
2026-01-28T09:41:26.952305522Z + true
2026-01-28T09:41:26.952358733Z + '[' -f /var/log/ovn/acl-audit-log.log ']'
2026-01-28T09:41:26.952953717Z ++ du -b /var/log/ovn/acl-audit-log.log
2026-01-28T09:41:26.953172262Z ++ tr -s '\t' ' '
2026-01-28T09:41:26.953392796Z ++ cut '-d ' -f1
2026-01-28T09:41:26.955039643Z + file_size=0
2026-01-28T09:41:26.955064974Z + '[' 0 -gt 50000000 ']'
2026-01-28T09:41:26.955658787Z ++ ls -1 /var/log/ovn/acl-audit-log.log
2026-01-28T09:41:26.955710848Z ++ wc -l
2026-01-28T09:41:26.957512658Z + num_files=1
2026-01-28T09:41:26.957581549Z + '[' 1 -gt 5 ']'
2026-01-28T09:41:26.957628441Z + sleep 30
2026-01-28T09:41:56.961528986Z + true
2026-01-28T09:41:56.961614178Z + '[' -f /var/log/ovn/acl-audit-log.log ']'
2026-01-28T09:41:56.963102288Z ++ du -b /var/log/ovn/acl-audit-log.log
2026-01-28T09:41:56.963777002Z ++ tr -s '\t' ' '
2026-01-28T09:41:56.965860424Z ++ cut '-d ' -f1
2026-01-28T09:41:56.967493198Z + file_size=0
2026-01-28T09:41:56.967586880Z + '[' 0 -gt 50000000 ']'
2026-01-28T09:41:56.968348075Z ++ ls -1 /var/log/ovn/acl-audit-log.log
2026-01-28T09:41:56.968548399Z ++ wc -l
2026-01-28T09:41:56.971127831Z + num_files=1
2026-01-28T09:41:56.971191573Z + '[' 1 -gt 5 ']'
2026-01-28T09:41:56.971226613Z + sleep 30
2026-01-28T09:42:26.974493613Z + true
2026-01-28T09:42:26.974493613Z + '[' -f /var/log/ovn/acl-audit-log.log ']'
2026-01-28T09:42:26.975058285Z ++ du -b /var/log/ovn/acl-audit-log.log
2026-01-28T09:42:26.975219429Z ++ tr -s '\t' ' '
2026-01-28T09:42:26.975372753Z ++ cut '-d ' -f1
2026-01-28T09:42:26.977259325Z + file_size=0
2026-01-28T09:42:26.977359857Z + '[' 0 -gt 50000000 ']'
2026-01-28T09:42:26.978035113Z ++ ls -1 /var/log/ovn/acl-audit-log.log
2026-01-28T09:42:26.978084644Z ++ wc -l
2026-01-28T09:42:26.979785573Z + num_files=1
2026-01-28T09:42:26.979813703Z + '[' 1 -gt 5 ']'
2026-01-28T09:42:26.979813703Z + sleep 30
2026-01-28T09:42:56.981832875Z + true
2026-01-28T09:42:56.981903107Z + '[' -f /var/log/ovn/acl-audit-log.log ']'
2026-01-28T09:42:56.982501161Z ++ du -b /var/log/ovn/acl-audit-log.log
2026-01-28T09:42:56.982645784Z ++ tr -s '\t' ' '
2026-01-28T09:42:56.982807028Z ++ cut '-d ' -f1
2026-01-28T09:42:56.984724352Z + file_size=0
2026-01-28T09:42:56.984755842Z + '[' 0 -gt 50000000 ']'
2026-01-28T09:42:56.985271804Z ++ ls -1 /var/log/ovn/acl-audit-log.log
2026-01-28T09:42:56.985337536Z ++ wc -l
2026-01-28T09:42:56.987014054Z + num_files=1
2026-01-28T09:42:56.987038685Z + '[' 1 -gt 5 ']'
2026-01-28T09:42:56.987038685Z + sleep 30
2026-01-28T09:43:26.988606550Z + true
2026-01-28T09:43:26.988671382Z + '[' -f /var/log/ovn/acl-audit-log.log ']'
2026-01-28T09:43:26.989270415Z ++ du -b /var/log/ovn/acl-audit-log.log
2026-01-28T09:43:26.989390508Z ++ tr -s '\t' ' '
2026-01-28T09:43:26.989557022Z ++ cut '-d ' -f1
2026-01-28T09:43:26.991394333Z + file_size=0
2026-01-28T09:43:26.991419934Z + '[' 0 -gt 50000000 ']'
2026-01-28T09:43:26.991940425Z ++ ls -1 /var/log/ovn/acl-audit-log.log
2026-01-28T09:43:26.992022487Z ++ wc -l
2026-01-28T09:43:26.993522641Z + num_files=1
2026-01-28T09:43:26.993546512Z + '[' 1 -gt 5 ']'
2026-01-28T09:43:26.993546512Z + sleep 30
2026-01-28T09:43:56.995249032Z + true
2026-01-28T09:43:56.995361045Z + '[' -f /var/log/ovn/acl-audit-log.log ']'
2026-01-28T09:43:56.995974578Z ++ du -b /var/log/ovn/acl-audit-log.log
2026-01-28T09:43:56.996171133Z ++ tr -s '\t' ' '
2026-01-28T09:43:56.996366557Z ++ cut '-d ' -f1
2026-01-28T09:43:56.998282180Z + file_size=0
2026-01-28T09:43:56.998307951Z + '[' 0 -gt 50000000 ']'
2026-01-28T09:43:56.998891634Z ++ ls -1 /var/log/ovn/acl-audit-log.log
2026-01-28T09:43:56.998960746Z ++ wc -l
2026-01-28T09:43:57.000847618Z + num_files=1
2026-01-28T09:43:57.000847618Z + '[' 1 -gt 5 ']'
2026-01-28T09:43:57.000847618Z + sleep 30
2026-01-28T09:44:27.002897678Z + true
2026-01-28T09:44:27.002949650Z + '[' -f /var/log/ovn/acl-audit-log.log ']'
2026-01-28T09:44:27.003529050Z ++ du -b /var/log/ovn/acl-audit-log.log
2026-01-28T09:44:27.003734914Z ++ tr -s '\t' ' '
2026-01-28T09:44:27.003905357Z ++ cut '-d ' -f1
2026-01-28T09:44:27.005786410Z + file_size=0
2026-01-28T09:44:27.005817651Z + '[' 0 -gt 50000000 ']'
2026-01-28T09:44:27.006413192Z ++ ls -1 /var/log/ovn/acl-audit-log.log
2026-01-28T09:44:27.006510094Z ++ wc -l
2026-01-28T09:44:27.008064991Z + num_files=1
2026-01-28T09:44:27.008150653Z + '[' 1 -gt 5 ']'
2026-01-28T09:44:27.008150653Z + sleep 30
2026-01-28T09:44:57.009966586Z + true
2026-01-28T09:44:57.010018607Z + '[' -f /var/log/ovn/acl-audit-log.log ']'
2026-01-28T09:44:57.010676852Z ++ du -b /var/log/ovn/acl-audit-log.log
2026-01-28T09:44:57.010847516Z ++ tr -s '\t' ' '
2026-01-28T09:44:57.011027590Z ++ cut '-d ' -f1
2026-01-28T09:44:57.013150516Z + file_size=0
2026-01-28T09:44:57.013181517Z + '[' 0 -gt 50000000 ']'
2026-01-28T09:44:57.013809931Z ++ ls -1 /var/log/ovn/acl-audit-log.log
2026-01-28T09:44:57.013929433Z ++ wc -l
2026-01-28T09:44:57.015526409Z + num_files=1
2026-01-28T09:44:57.015555660Z + '[' 1 -gt 5 ']'
2026-01-28T09:44:57.015555660Z + sleep 30
2026-01-28T09:45:27.017409640Z + true
2026-01-28T09:45:27.017409640Z + '[' -f /var/log/ovn/acl-audit-log.log ']'
2026-01-28T09:45:27.018032344Z ++ du -b /var/log/ovn/acl-audit-log.log
2026-01-28T09:45:27.018212078Z ++ tr -s '\t' ' '
2026-01-28T09:45:27.018412912Z ++ cut '-d ' -f1
2026-01-28T09:45:27.021748996Z + file_size=0
2026-01-28T09:45:27.021775567Z + '[' 0 -gt 50000000 ']'
2026-01-28T09:45:27.022366210Z ++ ls -1 /var/log/ovn/acl-audit-log.log
2026-01-28T09:45:27.022456212Z ++ wc -l
2026-01-28T09:45:27.024208511Z + num_files=1
2026-01-28T09:45:27.024235871Z + '[' 1 -gt 5 ']'
2026-01-28T09:45:27.024235871Z + sleep 30
2026-01-28T09:45:57.025880297Z + true
2026-01-28T09:45:57.025938258Z + '[' -f /var/log/ovn/acl-audit-log.log ']'
2026-01-28T09:45:57.026587983Z ++ du -b /var/log/ovn/acl-audit-log.log
2026-01-28T09:45:57.026766537Z ++ tr -s '\t' ' '
2026-01-28T09:45:57.026957221Z ++ cut '-d ' -f1
2026-01-28T09:45:57.028903735Z + file_size=0
2026-01-28T09:45:57.028934536Z + '[' 0 -gt 50000000 ']'
2026-01-28T09:45:57.029458068Z ++ ls -1 /var/log/ovn/acl-audit-log.log
2026-01-28T09:45:57.029533979Z ++ wc -l
2026-01-28T09:45:57.031028903Z + num_files=1
2026-01-28T09:45:57.031057293Z + '[' 1 -gt 5 ']'
2026-01-28T09:45:57.031057293Z + sleep 30
2026-01-28T09:46:27.033128492Z + true
2026-01-28T09:46:27.033128492Z + '[' -f /var/log/ovn/acl-audit-log.log ']'
2026-01-28T09:46:27.034696199Z ++ du -b /var/log/ovn/acl-audit-log.log
2026-01-28T09:46:27.034880923Z ++ cut '-d ' -f1
2026-01-28T09:46:27.034902373Z ++ tr -s '\t' ' '
2026-01-28T09:46:27.036881210Z + file_size=0
2026-01-28T09:46:27.036914030Z + '[' 0 -gt 50000000 ']'
2026-01-28T09:46:27.037444163Z ++ ls -1 /var/log/ovn/acl-audit-log.log
2026-01-28T09:46:27.037534945Z ++ wc -l
2026-01-28T09:46:27.039028149Z + num_files=1
2026-01-28T09:46:27.039051700Z + '[' 1 -gt 5 ']'
2026-01-28T09:46:27.039051700Z + sleep 30
2026-01-28T09:46:57.040809011Z + true
2026-01-28T09:46:57.040809011Z + '[' -f /var/log/ovn/acl-audit-log.log ']'
2026-01-28T09:46:57.041435904Z ++ du -b /var/log/ovn/acl-audit-log.log
2026-01-28T09:46:57.041588288Z ++ tr -s '\t' ' '
2026-01-28T09:46:57.041793332Z ++ cut '-d ' -f1
2026-01-28T09:46:57.043593693Z + file_size=0
2026-01-28T09:46:57.043625483Z + '[' 0 -gt 50000000 ']'
2026-01-28T09:46:57.044157495Z ++ ls -1 /var/log/ovn/acl-audit-log.log
2026-01-28T09:46:57.044215726Z ++ wc -l
2026-01-28T09:46:57.045748370Z + num_files=1
2026-01-28T09:46:57.045775531Z + '[' 1 -gt 5 ']'
2026-01-28T09:46:57.045775531Z + sleep 30
2026-01-28T09:47:27.047385736Z + true
2026-01-28T09:47:27.047435327Z + '[' -f /var/log/ovn/acl-audit-log.log ']'
2026-01-28T09:47:27.048276966Z ++ du -b /var/log/ovn/acl-audit-log.log
2026-01-28T09:47:27.048508301Z ++ tr -s '\t' ' '
2026-01-28T09:47:27.048531902Z ++ cut '-d ' -f1
2026-01-28T09:47:27.050777602Z + file_size=0
2026-01-28T09:47:27.050833993Z + '[' 0 -gt 50000000 ']'
2026-01-28T09:47:27.051532469Z ++ ls -1 /var/log/ovn/acl-audit-log.log
2026-01-28T09:47:27.051560570Z ++ wc -l
2026-01-28T09:47:27.053416091Z + num_files=1
2026-01-28T09:47:27.053446702Z + '[' 1 -gt 5 ']'
2026-01-28T09:47:27.053446702Z + sleep 30
2026-01-28T09:47:57.055434594Z + true
2026-01-28T09:47:57.055434594Z + '[' -f /var/log/ovn/acl-audit-log.log ']'
2026-01-28T09:47:57.056187340Z ++ du -b /var/log/ovn/acl-audit-log.log
2026-01-28T09:47:57.056282722Z ++ tr -s '\t' ' '
2026-01-28T09:47:57.056474347Z ++ cut '-d ' -f1
2026-01-28T09:47:57.058548513Z + file_size=0
2026-01-28T09:47:57.058548513Z + '[' 0 -gt 50000000 ']'
2026-01-28T09:47:57.059126186Z ++ ls -1 /var/log/ovn/acl-audit-log.log
2026-01-28T09:47:57.059222478Z ++ wc -l
2026-01-28T09:47:57.060748382Z + num_files=1
2026-01-28T09:47:57.060776153Z + '[' 1 -gt 5 ']'
2026-01-28T09:47:57.060776153Z + sleep 30
2026-01-28T09:48:27.062468674Z + true
2026-01-28T09:48:27.062543716Z + '[' -f /var/log/ovn/acl-audit-log.log ']'
2026-01-28T09:48:27.063274583Z ++ du -b /var/log/ovn/acl-audit-log.log
2026-01-28T09:48:27.063463157Z ++ tr -s '\t' ' '
2026-01-28T09:48:27.063756084Z ++ cut '-d ' -f1
2026-01-28T09:48:27.066287392Z + file_size=0
2026-01-28T09:48:27.066316032Z + '[' 0 -gt 50000000 ']'
2026-01-28T09:48:27.066868725Z ++ ls -1 /var/log/ovn/acl-audit-log.log
2026-01-28T09:48:27.066934786Z ++ wc -l
2026-01-28T09:48:27.068796309Z + num_files=1
2026-01-28T09:48:27.068826899Z + '[' 1 -gt 5 ']'
2026-01-28T09:48:27.068826899Z + sleep 30
2026-01-28T09:48:57.071030815Z + true
2026-01-28T09:48:57.071126207Z + '[' -f /var/log/ovn/acl-audit-log.log ']'
2026-01-28T09:48:57.071785602Z ++ du -b /var/log/ovn/acl-audit-log.log
2026-01-28T09:48:57.072021257Z ++ tr -s '\t' ' '
2026-01-28T09:48:57.072166760Z ++ cut '-d ' -f1
2026-01-28T09:48:57.073957080Z + file_size=0
2026-01-28T09:48:57.073991410Z + '[' 0 -gt 50000000 ']'
2026-01-28T09:48:57.074627205Z ++ ls -1 /var/log/ovn/acl-audit-log.log
2026-01-28T09:48:57.074722387Z ++ wc -l
2026-01-28T09:48:57.076382154Z + num_files=1
2026-01-28T09:48:57.076410774Z + '[' 1 -gt 5 ']'
2026-01-28T09:48:57.076410774Z + sleep 30
2026-01-28T09:49:27.078027361Z + true
2026-01-28T09:49:27.078027361Z + '[' -f /var/log/ovn/acl-audit-log.log ']'
2026-01-28T09:49:27.078747297Z ++ du -b /var/log/ovn/acl-audit-log.log
2026-01-28T09:49:27.079257649Z ++ tr -s '\t' ' '
2026-01-28T09:49:27.079257649Z ++ cut '-d ' -f1
2026-01-28T09:49:27.080939007Z + file_size=0
2026-01-28T09:49:27.080970138Z + '[' 0 -gt 50000000 ']'
2026-01-28T09:49:27.081471990Z ++ ls -1 /var/log/ovn/acl-audit-log.log
2026-01-28T09:49:27.081564862Z ++ wc -l
2026-01-28T09:49:27.083046555Z + num_files=1
2026-01-28T09:49:27.083074486Z + '[' 1 -gt 5 ']'
2026-01-28T09:49:27.083074486Z + sleep 30
2026-01-28T09:49:57.084827449Z + true
2026-01-28T09:49:57.084887950Z + '[' -f /var/log/ovn/acl-audit-log.log ']'
2026-01-28T09:49:57.085517184Z ++ du -b /var/log/ovn/acl-audit-log.log
2026-01-28T09:49:57.085651807Z ++ tr -s '\t' ' '
2026-01-28T09:49:57.085827521Z ++ cut '-d ' -f1
2026-01-28T09:49:57.087637421Z + file_size=0
2026-01-28T09:49:57.087665042Z + '[' 0 -gt 50000000 ']'
2026-01-28T09:49:57.088195644Z ++ ls -1 /var/log/ovn/acl-audit-log.log
2026-01-28T09:49:57.088272086Z ++ wc -l
2026-01-28T09:49:57.089813340Z + num_files=1
2026-01-28T09:49:57.089838900Z + '[' 1 -gt 5 ']'
2026-01-28T09:49:57.089838900Z + sleep 30
2026-01-28T09:50:27.091479974Z + true
2026-01-28T09:50:27.091479974Z + '[' -f /var/log/ovn/acl-audit-log.log ']'
2026-01-28T09:50:27.092118969Z ++ du -b /var/log/ovn/acl-audit-log.log
2026-01-28T09:50:27.092255312Z ++ tr -s '\t' ' '
2026-01-28T09:50:27.092488717Z ++ cut '-d ' -f1
2026-01-28T09:50:27.094357868Z + file_size=0
2026-01-28T09:50:27.094389469Z + '[' 0 -gt 50000000 ']'
2026-01-28T09:50:27.095118465Z ++ ls -1 /var/log/ovn/acl-audit-log.log
2026-01-28T09:50:27.095229998Z ++ wc -l
2026-01-28T09:50:27.097176511Z + num_files=1
2026-01-28T09:50:27.097176511Z + '[' 1 -gt 5 ']'
2026-01-28T09:50:27.097202911Z + sleep 30
2026-01-28T09:50:57.098817319Z + true
2026-01-28T09:50:57.098817319Z + '[' -f /var/log/ovn/acl-audit-log.log ']'
2026-01-28T09:50:57.099488285Z ++ du -b /var/log/ovn/acl-audit-log.log
2026-01-28T09:50:57.099697339Z ++ tr -s '\t' ' '
2026-01-28T09:50:57.099822332Z ++ cut '-d ' -f1
2026-01-28T09:50:57.101898898Z + file_size=0
2026-01-28T09:50:57.101925328Z + '[' 0 -gt 50000000 ']'
2026-01-28T09:50:57.102462870Z ++ ls -1 /var/log/ovn/acl-audit-log.log
2026-01-28T09:50:57.102623884Z ++ wc -l
2026-01-28T09:50:57.104249870Z + num_files=1
2026-01-28T09:50:57.104276230Z + '[' 1 -gt 5 ']'
2026-01-28T09:50:57.104276230Z + sleep 30
2026-01-28T09:51:27.105982111Z + true
2026-01-28T09:51:27.105982111Z + '[' -f /var/log/ovn/acl-audit-log.log ']'
2026-01-28T09:51:27.106700477Z ++ du -b /var/log/ovn/acl-audit-log.log
2026-01-28T09:51:27.106853521Z ++ tr -s '\t' ' '
2026-01-28T09:51:27.107042365Z ++ cut '-d ' -f1
2026-01-28T09:51:27.108905106Z + file_size=0
2026-01-28T09:51:27.108929677Z + '[' 0 -gt 50000000 ']'
2026-01-28T09:51:27.109495969Z ++ ls -1 /var/log/ovn/acl-audit-log.log
2026-01-28T09:51:27.109567641Z ++ wc -l
2026-01-28T09:51:27.111248888Z + num_files=1
2026-01-28T09:51:27.111284389Z + '[' 1 -gt 5 ']'
2026-01-28T09:51:27.111284389Z + sleep 30
2026-01-28T09:51:57.112907959Z + true
2026-01-28T09:51:57.112907959Z + '[' -f /var/log/ovn/acl-audit-log.log ']'
2026-01-28T09:51:57.113589434Z ++ du -b /var/log/ovn/acl-audit-log.log
2026-01-28T09:51:57.113743058Z ++ tr -s '\t' ' '
2026-01-28T09:51:57.113902311Z ++ cut '-d ' -f1
2026-01-28T09:51:57.115703583Z + file_size=0
2026-01-28T09:51:57.115727553Z + '[' 0 -gt 50000000 ']'
2026-01-28T09:51:57.116259966Z ++ ls -1 /var/log/ovn/acl-audit-log.log
2026-01-28T09:51:57.116353508Z ++ wc -l
2026-01-28T09:51:57.118203281Z + num_files=1
2026-01-28T09:51:57.118229941Z + '[' 1 -gt 5 ']'
2026-01-28T09:51:57.118229941Z + sleep 30
2026-01-28T09:52:27.119918353Z + true
2026-01-28T09:52:27.119918353Z + '[' -f /var/log/ovn/acl-audit-log.log ']'
2026-01-28T09:52:27.120550437Z ++ du -b /var/log/ovn/acl-audit-log.log
2026-01-28T09:52:27.120666270Z ++ tr -s '\t' ' '
2026-01-28T09:52:27.120854694Z ++ cut '-d ' -f1
2026-01-28T09:52:27.122632984Z + file_size=0
2026-01-28T09:52:27.122656894Z + '[' 0 -gt 50000000 ']'
2026-01-28T09:52:27.123174346Z ++ ls -1 /var/log/ovn/acl-audit-log.log
2026-01-28T09:52:27.123268898Z ++ wc -l
2026-01-28T09:52:27.124760651Z + num_files=1
2026-01-28T09:52:27.124788022Z + '[' 1 -gt 5 ']'
2026-01-28T09:52:27.124788022Z + sleep 30
2026-01-28T09:52:57.126432659Z + true
2026-01-28T09:52:57.126495150Z + '[' -f /var/log/ovn/acl-audit-log.log ']'
2026-01-28T09:52:57.127131124Z ++ du -b /var/log/ovn/acl-audit-log.log
2026-01-28T09:52:57.127305988Z ++ tr -s '\t' ' '
2026-01-28T09:52:57.127497772Z ++ cut '-d ' -f1
2026-01-28T09:52:57.129379474Z + file_size=0
2026-01-28T09:52:57.129410705Z + '[' 0 -gt 50000000 ']'
2026-01-28T09:52:57.129894545Z ++ ls -1 /var/log/ovn/acl-audit-log.log
2026-01-28T09:52:57.129987478Z ++ wc -l
2026-01-28T09:52:57.131520502Z + num_files=1
2026-01-28T09:52:57.131547282Z + '[' 1 -gt 5 ']'
2026-01-28T09:52:57.131547282Z + sleep 30
2026-01-28T09:53:27.133292371Z + true
2026-01-28T09:53:27.133367562Z + '[' -f /var/log/ovn/acl-audit-log.log ']'
2026-01-28T09:53:27.133937486Z ++ du -b /var/log/ovn/acl-audit-log.log
2026-01-28T09:53:27.134197402Z ++ tr -s '\t' ' '
2026-01-28T09:53:27.134312155Z ++ cut '-d ' -f1
2026-01-28T09:53:27.136216599Z + file_size=0
2026-01-28T09:53:27.136247320Z + '[' 0 -gt 50000000 ']'
2026-01-28T09:53:27.136744121Z ++ ls -1 /var/log/ovn/acl-audit-log.log
2026-01-28T09:53:27.136842113Z ++ wc -l
2026-01-28T09:53:27.138315397Z + num_files=1
2026-01-28T09:53:27.138343548Z + '[' 1 -gt 5 ']'
2026-01-28T09:53:27.138343548Z + sleep 30
2026-01-28T09:53:57.140029361Z + true
2026-01-28T09:53:57.140029361Z + '[' -f /var/log/ovn/acl-audit-log.log ']'
2026-01-28T09:53:57.140683456Z ++ du -b /var/log/ovn/acl-audit-log.log
2026-01-28T09:53:57.140801488Z ++ tr -s '\t' ' '
2026-01-28T09:53:57.141004273Z ++ cut '-d ' -f1
2026-01-28T09:53:57.142781563Z + file_size=0
2026-01-28T09:53:57.142809903Z + '[' 0 -gt 50000000 ']'
2026-01-28T09:53:57.143317905Z ++ ls -1 /var/log/ovn/acl-audit-log.log
2026-01-28T09:53:57.143401037Z ++ wc -l
2026-01-28T09:53:57.144939231Z + num_files=1
2026-01-28T09:53:57.144967242Z + '[' 1 -gt 5 ']'
2026-01-28T09:53:57.144967242Z + sleep 30
2026-01-28T09:54:27.146668624Z + true
2026-01-28T09:54:27.146668624Z + '[' -f /var/log/ovn/acl-audit-log.log ']'
2026-01-28T09:54:27.147275248Z ++ du -b /var/log/ovn/acl-audit-log.log
2026-01-28T09:54:27.147432221Z ++ tr -s '\t' ' '
2026-01-28T09:54:27.147614295Z ++ cut '-d ' -f1
2026-01-28T09:54:27.149677711Z + file_size=0
2026-01-28T09:54:27.149707852Z + '[' 0 -gt 50000000 ']'
2026-01-28T09:54:27.150338236Z ++ ls -1 /var/log/ovn/acl-audit-log.log
2026-01-28T09:54:27.150434258Z ++ wc -l
2026-01-28T09:54:27.152267359Z + num_files=1
2026-01-28T09:54:27.152316630Z + '[' 1 -gt 5 ']'
2026-01-28T09:54:27.152316630Z + sleep 30
2026-01-28T09:54:57.154045063Z + true
2026-01-28T09:54:57.154045063Z + '[' -f /var/log/ovn/acl-audit-log.log ']'
2026-01-28T09:54:57.154735488Z ++ du -b /var/log/ovn/acl-audit-log.log
2026-01-28T09:54:57.154887522Z ++ tr -s '\t' ' '
2026-01-28T09:54:57.155066426Z ++ cut '-d ' -f1
2026-01-28T09:54:57.156927107Z + file_size=0
2026-01-28T09:54:57.156960288Z + '[' 0 -gt 50000000 ']'
2026-01-28T09:54:57.157529551Z ++ ls -1 /var/log/ovn/acl-audit-log.log
2026-01-28T09:54:57.157615053Z ++ wc -l
2026-01-28T09:54:57.159775031Z + num_files=1
2026-01-28T09:54:57.159814262Z + '[' 1 -gt 5 ']'
2026-01-28T09:54:57.159814262Z + sleep 30
2026-01-28T09:55:27.161532033Z + true
2026-01-28T09:55:27.161532033Z + '[' -f /var/log/ovn/acl-audit-log.log ']'
2026-01-28T09:55:27.162159847Z ++ du -b /var/log/ovn/acl-audit-log.log
2026-01-28T09:55:27.162375152Z ++ tr -s '\t' ' '
2026-01-28T09:55:27.162524646Z ++ cut '-d ' -f1
2026-01-28T09:55:27.164269845Z + file_size=0
2026-01-28T09:55:27.164297746Z + '[' 0 -gt 50000000 ']'
2026-01-28T09:55:27.164810457Z ++ ls -1 /var/log/ovn/acl-audit-log.log
2026-01-28T09:55:27.164885939Z ++ wc -l
2026-01-28T09:55:27.166878124Z + num_files=1
2026-01-28T09:55:27.166917845Z + '[' 1 -gt 5 ']'
2026-01-28T09:55:27.166917845Z + sleep 30
2026-01-28T09:55:57.168773952Z + true
2026-01-28T09:55:57.168849994Z + '[' -f /var/log/ovn/acl-audit-log.log ']'
2026-01-28T09:55:57.169531140Z ++ du -b /var/log/ovn/acl-audit-log.log
2026-01-28T09:55:57.169654502Z ++ tr -s '\t' ' '
2026-01-28T09:55:57.169885168Z ++ cut '-d ' -f1
2026-01-28T09:55:57.171745600Z + file_size=0
2026-01-28T09:55:57.171776390Z + '[' 0 -gt 50000000 ']'
2026-01-28T09:55:57.172366024Z ++ ls -1 /var/log/ovn/acl-audit-log.log
2026-01-28T09:55:57.172427995Z ++ wc -l
2026-01-28T09:55:57.174271407Z + num_files=1
2026-01-28T09:55:57.174299427Z + '[' 1 -gt 5 ']'
2026-01-28T09:55:57.174299427Z + sleep 30
2026-01-28T09:56:27.175851308Z + true
2026-01-28T09:56:27.175851308Z + '[' -f /var/log/ovn/acl-audit-log.log ']'
2026-01-28T09:56:27.176519243Z ++ du -b /var/log/ovn/acl-audit-log.log
2026-01-28T09:56:27.176690477Z ++ tr -s '\t' ' '
2026-01-28T09:56:27.176821300Z ++ cut '-d ' -f1
2026-01-28T09:56:27.178701402Z + file_size=0
2026-01-28T09:56:27.178729303Z + '[' 0 -gt 50000000 ']'
2026-01-28T09:56:27.179297525Z ++ ls -1 /var/log/ovn/acl-audit-log.log
2026-01-28T09:56:27.179330616Z ++ wc -l
2026-01-28T09:56:27.180935233Z + num_files=1
2026-01-28T09:56:27.180963133Z + '[' 1 -gt 5 ']'
2026-01-28T09:56:27.180963133Z + sleep 30
2026-01-28T09:56:57.182513193Z + true
2026-01-28T09:56:57.182513193Z + '[' -f /var/log/ovn/acl-audit-log.log ']'
2026-01-28T09:56:57.183124076Z ++ du -b /var/log/ovn/acl-audit-log.log
2026-01-28T09:56:57.183258830Z ++ tr -s '\t' ' '
2026-01-28T09:56:57.183431094Z ++ cut '-d ' -f1
2026-01-28T09:56:57.185307245Z + file_size=0
2026-01-28T09:56:57.185333576Z + '[' 0 -gt 50000000 ']'
2026-01-28T09:56:57.185811257Z ++ ls -1 /var/log/ovn/acl-audit-log.log
2026-01-28T09:56:57.185920259Z ++ wc -l
2026-01-28T09:56:57.187514795Z + num_files=1
2026-01-28T09:56:57.187543246Z + '[' 1 -gt 5 ']'
2026-01-28T09:56:57.187543246Z + sleep 30
2026-01-28T09:57:27.189146021Z + true
2026-01-28T09:57:27.189195112Z + '[' -f /var/log/ovn/acl-audit-log.log ']'
2026-01-28T09:57:27.189709906Z ++ du -b /var/log/ovn/acl-audit-log.log
2026-01-28T09:57:27.189849520Z ++ tr -s '\t' ' '
2026-01-28T09:57:27.190009594Z ++ cut '-d ' -f1
2026-01-28T09:57:27.191804253Z + file_size=0
2026-01-28T09:57:27.191829093Z + '[' 0 -gt 50000000 ']'
2026-01-28T09:57:27.192367348Z ++ ls -1 /var/log/ovn/acl-audit-log.log
2026-01-28T09:57:27.192436970Z ++ wc -l
2026-01-28T09:57:27.193916469Z + num_files=1
2026-01-28T09:57:27.193940550Z + '[' 1 -gt 5 ']'
2026-01-28T09:57:27.193940550Z + sleep 30
2026-01-28T09:57:57.195696376Z + true
2026-01-28T09:57:57.195754007Z + '[' -f /var/log/ovn/acl-audit-log.log ']'
2026-01-28T09:57:57.196339341Z ++ du -b /var/log/ovn/acl-audit-log.log
2026-01-28T09:57:57.196448543Z ++ tr -s '\t' ' '
2026-01-28T09:57:57.196664918Z ++ cut '-d ' -f1
2026-01-28T09:57:57.198668174Z + file_size=0
2026-01-28T09:57:57.198697124Z + '[' 0 -gt 50000000 ']'
2026-01-28T09:57:57.199257947Z ++ ls -1 /var/log/ovn/acl-audit-log.log
2026-01-28T09:57:57.199356229Z ++ wc -l
2026-01-28T09:57:57.200956486Z + num_files=1
2026-01-28T09:57:57.200984067Z + '[' 1 -gt 5 ']'
2026-01-28T09:57:57.200984067Z + sleep 30
2026-01-28T09:58:27.202782623Z + true
2026-01-28T09:58:27.202782623Z + '[' -f /var/log/ovn/acl-audit-log.log ']'
2026-01-28T09:58:27.203686550Z ++ du -b /var/log/ovn/acl-audit-log.log
2026-01-28T09:58:27.203820533Z ++ tr -s '\t' ' '
2026-01-28T09:58:27.203998686Z ++ cut '-d ' -f1
2026-01-28T09:58:27.205800279Z + file_size=0
2026-01-28T09:58:27.205832509Z + '[' 0 -gt 50000000 ']'
2026-01-28T09:58:27.206365819Z ++ ls -1 /var/log/ovn/acl-audit-log.log
2026-01-28T09:58:27.206445001Z ++ wc -l
2026-01-28T09:58:27.207985349Z + num_files=1
2026-01-28T09:58:27.208012369Z + '[' 1 -gt 5 ']'
2026-01-28T09:58:27.208012369Z + sleep 30
2026-01-28T09:58:57.209690068Z + true
2026-01-28T09:58:57.209753889Z + '[' -f /var/log/ovn/acl-audit-log.log ']'
2026-01-28T09:58:57.210300383Z ++ du -b /var/log/ovn/acl-audit-log.log
2026-01-28T09:58:57.210493167Z ++ tr -s '\t' ' '
2026-01-28T09:58:57.210662251Z ++ cut '-d ' -f1
2026-01-28T09:58:57.212456965Z + file_size=0
2026-01-28T09:58:57.212481085Z + '[' 0 -gt 50000000 ']'
2026-01-28T09:58:57.212967067Z ++ ls -1 /var/log/ovn/acl-audit-log.log
2026-01-28T09:58:57.213115361Z ++ wc -l
2026-01-28T09:58:57.214710870Z + num_files=1
2026-01-28T09:58:57.214739810Z + '[' 1 -gt 5 ']'
2026-01-28T09:58:57.214739810Z + sleep 30
2026-01-28T09:59:27.216359762Z + true
2026-01-28T09:59:27.216427083Z + '[' -f /var/log/ovn/acl-audit-log.log ']'
2026-01-28T09:59:27.217011517Z ++ du -b /var/log/ovn/acl-audit-log.log
2026-01-28T09:59:27.217145440Z ++ tr -s '\t' ' '
2026-01-28T09:59:27.217359015Z ++ cut '-d ' -f1
2026-01-28T09:59:27.219343082Z + file_size=0
2026-01-28T09:59:27.219409163Z + '[' 0 -gt 50000000 ']'
2026-01-28T09:59:27.219931375Z ++ ls -1 /var/log/ovn/acl-audit-log.log
2026-01-28T09:59:27.220015797Z ++ wc -l
2026-01-28T09:59:27.221670496Z + num_files=1
2026-01-28T09:59:27.221695227Z + '[' 1 -gt 5 ']'
2026-01-28T09:59:27.221695227Z + sleep 30
2026-01-28T09:59:57.223423426Z + true
2026-01-28T09:59:57.223423426Z + '[' -f /var/log/ovn/acl-audit-log.log ']'
2026-01-28T09:59:57.224050871Z ++ du -b /var/log/ovn/acl-audit-log.log
2026-01-28T09:59:57.224190024Z ++ tr -s '\t' ' '
2026-01-28T09:59:57.224397328Z ++ cut '-d ' -f1
2026-01-28T09:59:57.226166440Z + file_size=0
2026-01-28T09:59:57.226198490Z + '[' 0 -gt 50000000 ']'
2026-01-28T09:59:57.226701202Z ++ ls -1 /var/log/ovn/acl-audit-log.log
2026-01-28T09:59:57.226819235Z ++ wc -l
2026-01-28T09:59:57.228727719Z + num_files=1
2026-01-28T09:59:57.228758609Z + '[' 1 -gt 5 ']'
2026-01-28T09:59:57.228758609Z + sleep 30
2026-01-28T10:00:27.230337052Z + true
2026-01-28T10:00:27.230414554Z + '[' -f /var/log/ovn/acl-audit-log.log ']'
2026-01-28T10:00:27.230978187Z ++ du -b /var/log/ovn/acl-audit-log.log
2026-01-28T10:00:27.231084009Z ++ tr -s '\t' ' '
2026-01-28T10:00:27.231325355Z ++ cut '-d ' -f1
2026-01-28T10:00:27.233199799Z + file_size=0
2026-01-28T10:00:27.233231949Z + '[' 0 -gt 50000000 ']'
2026-01-28T10:00:27.233729191Z ++ ls -1 /var/log/ovn/acl-audit-log.log
2026-01-28T10:00:27.233807543Z ++ wc -l
2026-01-28T10:00:27.235420091Z + num_files=1
2026-01-28T10:00:27.235452401Z + '[' 1 -gt 5 ']'
2026-01-28T10:00:27.235476742Z + sleep 30
2026-01-28T10:00:57.237199112Z + true
2026-01-28T10:00:57.237255203Z + '[' -f /var/log/ovn/acl-audit-log.log ']'
2026-01-28T10:00:57.246664531Z ++ cut '-d ' -f1
2026-01-28T10:00:57.246664531Z ++ tr -s '\t' ' '
2026-01-28T10:00:57.246664531Z ++ du -b /var/log/ovn/acl-audit-log.log
2026-01-28T10:00:57.248415791Z + file_size=0
2026-01-28T10:00:57.248442122Z + '[' 0 -gt 50000000 ']'
2026-01-28T10:00:57.248995395Z ++ ls -1 /var/log/ovn/acl-audit-log.log
2026-01-28T10:00:57.249061116Z ++ wc -l
2026-01-28T10:00:57.250723944Z + num_files=1
2026-01-28T10:00:57.250752705Z + '[' 1 -gt 5 ']'
2026-01-28T10:00:57.250752705Z + sleep 30
2026-01-28T10:01:27.252427976Z + true
2026-01-28T10:01:27.252484637Z + '[' -f /var/log/ovn/acl-audit-log.log ']'
2026-01-28T10:01:27.253077501Z ++ du -b /var/log/ovn/acl-audit-log.log
2026-01-28T10:01:27.253215924Z ++ tr -s '\t' ' '
2026-01-28T10:01:27.253452459Z ++ cut '-d ' -f1
2026-01-28T10:01:27.255260391Z + file_size=0
2026-01-28T10:01:27.255287301Z + '[' 0 -gt 50000000 ']'
2026-01-28T10:01:27.255775353Z ++ ls -1 /var/log/ovn/acl-audit-log.log
2026-01-28T10:01:27.255866655Z ++ wc -l
2026-01-28T10:01:27.257629995Z + num_files=1
2026-01-28T10:01:27.257658046Z + '[' 1 -gt 5 ']'
2026-01-28T10:01:27.257658046Z + sleep 30
2026-01-28T10:01:57.259320206Z + true
2026-01-28T10:01:57.259320206Z + '[' -f /var/log/ovn/acl-audit-log.log ']'
2026-01-28T10:01:57.260013542Z ++ du -b /var/log/ovn/acl-audit-log.log
2026-01-28T10:01:57.260253428Z ++ tr -s '\t' ' '
2026-01-28T10:01:57.260397451Z ++ cut '-d ' -f1
2026-01-28T10:01:57.262248163Z + file_size=0
2026-01-28T10:01:57.262273313Z + '[' 0 -gt 50000000 ']'
2026-01-28T10:01:57.262808676Z ++ ls -1 /var/log/ovn/acl-audit-log.log
2026-01-28T10:01:57.262882418Z ++ wc -l
2026-01-28T10:01:57.264688698Z + num_files=1
2026-01-28T10:01:57.264714109Z + '[' 1 -gt 5 ']'
2026-01-28T10:01:57.264714109Z + sleep 30
2026-01-28T10:02:27.266373009Z + true
2026-01-28T10:02:27.266437210Z + '[' -f /var/log/ovn/acl-audit-log.log ']'
2026-01-28T10:02:27.266932902Z ++ du -b /var/log/ovn/acl-audit-log.log
2026-01-28T10:02:27.267118477Z ++ tr -s '\t' ' '
2026-01-28T10:02:27.267272740Z ++ cut '-d ' -f1
2026-01-28T10:02:27.269154735Z + file_size=0
2026-01-28T10:02:27.269181595Z + '[' 0 -gt 50000000 ']'
2026-01-28T10:02:27.269681118Z ++ ls -1 /var/log/ovn/acl-audit-log.log
2026-01-28T10:02:27.269775660Z ++ wc -l
2026-01-28T10:02:27.271302716Z + num_files=1
2026-01-28T10:02:27.271331537Z + '[' 1 -gt 5 ']'
2026-01-28T10:02:27.271331537Z + sleep 30
2026-01-28T10:02:57.272915783Z + true
2026-01-28T10:02:57.272992995Z + '[' -f /var/log/ovn/acl-audit-log.log ']'
2026-01-28T10:02:57.273564438Z ++ du -b /var/log/ovn/acl-audit-log.log
2026-01-28T10:02:57.273720141Z ++ tr -s '\t' ' '
2026-01-28T10:02:57.273899816Z ++ cut '-d ' -f1
2026-01-28T10:02:57.275868661Z + file_size=0
2026-01-28T10:02:57.275936262Z + '[' 0 -gt 50000000 ']'
2026-01-28T10:02:57.276622158Z ++ ls -1 /var/log/ovn/acl-audit-log.log
2026-01-28T10:02:57.276701480Z ++ wc -l
2026-01-28T10:02:57.278484890Z + num_files=1
2026-01-28T10:02:57.278513071Z + '[' 1 -gt 5 ']'
2026-01-28T10:02:57.278513071Z + sleep 30
2026-01-28T10:03:27.280286664Z + true
2026-01-28T10:03:27.280345825Z + '[' -f /var/log/ovn/acl-audit-log.log ']'
2026-01-28T10:03:27.280879636Z ++ du -b /var/log/ovn/acl-audit-log.log
2026-01-28T10:03:27.281023399Z ++ tr -s '\t' ' '
2026-01-28T10:03:27.281253893Z ++ cut '-d ' -f1
2026-01-28T10:03:27.283162321Z + file_size=0
2026-01-28T10:03:27.283204112Z + '[' 0 -gt 50000000 ']'
2026-01-28T10:03:27.283727173Z ++ ls -1 /var/log/ovn/acl-audit-log.log
2026-01-28T10:03:27.283833495Z ++ wc -l
2026-01-28T10:03:27.285748353Z + num_files=1
2026-01-28T10:03:27.285776024Z + '[' 1 -gt 5 ']'
2026-01-28T10:03:27.285776024Z + sleep 30
2026-01-28T10:03:57.287587857Z + true
2026-01-28T10:03:57.287587857Z + '[' -f /var/log/ovn/acl-audit-log.log ']'
2026-01-28T10:03:57.288226790Z ++ du -b /var/log/ovn/acl-audit-log.log
2026-01-28T10:03:57.288439865Z ++ tr -s '\t' ' '
2026-01-28T10:03:57.288612718Z ++ cut '-d ' -f1
2026-01-28T10:03:57.290431246Z + file_size=0
2026-01-28T10:03:57.290462776Z + '[' 0 -gt 50000000 ']'
2026-01-28T10:03:57.290957297Z ++ ls -1 /var/log/ovn/acl-audit-log.log
2026-01-28T10:03:57.291050848Z ++ wc -l
2026-01-28T10:03:57.292554909Z + num_files=1
2026-01-28T10:03:57.292582950Z + '[' 1 -gt 5 ']'
2026-01-28T10:03:57.292582950Z + sleep 30
2026-01-28T10:04:27.294272184Z + true
2026-01-28T10:04:27.294272184Z + '[' -f /var/log/ovn/acl-audit-log.log ']'
2026-01-28T10:04:27.295139224Z ++ tr -s '\t' ' '
2026-01-28T10:04:27.295139224Z ++ du -b /var/log/ovn/acl-audit-log.log
2026-01-28T10:04:27.295303078Z ++ cut '-d ' -f1
2026-01-28T10:04:27.297309984Z + file_size=0
2026-01-28T10:04:27.297353135Z + '[' 0 -gt 50000000 ']'
2026-01-28T10:04:27.297858667Z ++ ls -1 /var/log/ovn/acl-audit-log.log
2026-01-28T10:04:27.297953340Z ++ wc -l
2026-01-28T10:04:27.299466605Z + num_files=1
2026-01-28T10:04:27.299497215Z + '[' 1 -gt 5 ']'
2026-01-28T10:04:27.299497215Z + sleep 30
2026-01-28T10:04:57.301128847Z + true
2026-01-28T10:04:57.301193378Z + '[' -f /var/log/ovn/acl-audit-log.log ']'
2026-01-28T10:04:57.301781132Z ++ du -b /var/log/ovn/acl-audit-log.log
2026-01-28T10:04:57.301917965Z ++ tr -s '\t' ' '
2026-01-28T10:04:57.302126590Z ++ cut '-d ' -f1
2026-01-28T10:04:57.304012113Z + file_size=0
2026-01-28T10:04:57.304039754Z + '[' 0 -gt 50000000 ']'
2026-01-28T10:04:57.304568206Z ++ ls -1 /var/log/ovn/acl-audit-log.log
2026-01-28T10:04:57.304671888Z ++ wc -l
2026-01-28T10:04:57.306167112Z + num_files=1
2026-01-28T10:04:57.306191583Z + '[' 1 -gt 5 ']'
2026-01-28T10:04:57.306191583Z + sleep 30
2026-01-28T10:05:27.307867849Z + true
2026-01-28T10:05:27.307933090Z + '[' -f /var/log/ovn/acl-audit-log.log ']'
2026-01-28T10:05:27.308507433Z ++ du -b /var/log/ovn/acl-audit-log.log
2026-01-28T10:05:27.308666957Z ++ tr -s '\t' ' '
2026-01-28T10:05:27.308881742Z ++ cut '-d ' -f1
2026-01-28T10:05:27.311066642Z + file_size=0
2026-01-28T10:05:27.311117793Z + '[' 0 -gt 50000000 ']'
2026-01-28T10:05:27.311701596Z ++ ls -1 /var/log/ovn/acl-audit-log.log
2026-01-28T10:05:27.311790218Z ++ wc -l
2026-01-28T10:05:27.313729992Z + num_files=1
2026-01-28T10:05:27.313729992Z + '[' 1 -gt 5 ']'
2026-01-28T10:05:27.313759633Z + sleep 30
2026-01-28T10:05:57.315682220Z + true
2026-01-28T10:05:57.315750402Z + '[' -f /var/log/ovn/acl-audit-log.log ']'
2026-01-28T10:05:57.316429637Z ++ du -b /var/log/ovn/acl-audit-log.log
2026-01-28T10:05:57.316578201Z ++ tr -s '\t' ' '
2026-01-28T10:05:57.316766165Z ++ cut '-d ' -f1
2026-01-28T10:05:57.318542486Z + file_size=0
2026-01-28T10:05:57.318568846Z + '[' 0 -gt 50000000 ']'
2026-01-28T10:05:57.319228092Z ++ ls -1 /var/log/ovn/acl-audit-log.log
2026-01-28T10:05:57.319255192Z ++ wc -l
2026-01-28T10:05:57.321247168Z + num_files=1
2026-01-28T10:05:57.321320609Z + '[' 1 -gt 5 ']'
2026-01-28T10:05:57.321320609Z + sleep 30
2026-01-28T10:06:27.323299329Z + true
2026-01-28T10:06:27.323299329Z + '[' -f /var/log/ovn/acl-audit-log.log ']'
2026-01-28T10:06:27.323906083Z ++ du -b /var/log/ovn/acl-audit-log.log
2026-01-28T10:06:27.324177099Z ++ tr -s '\t' ' '
2026-01-28T10:06:27.324307532Z ++ cut '-d ' -f1
2026-01-28T10:06:27.326165784Z + file_size=0
2026-01-28T10:06:27.326192165Z + '[' 0 -gt 50000000 ']'
2026-01-28T10:06:27.326704326Z ++ ls -1 /var/log/ovn/acl-audit-log.log
2026-01-28T10:06:27.326810389Z ++ wc -l
2026-01-28T10:06:27.328452536Z + num_files=1
2026-01-28T10:06:27.328490977Z + '[' 1 -gt 5 ']'
2026-01-28T10:06:27.328490977Z + sleep 30
2026-01-28T10:06:57.330218374Z + true
2026-01-28T10:06:57.330275245Z + '[' -f /var/log/ovn/acl-audit-log.log ']'
2026-01-28T10:06:57.330941470Z ++ du -b /var/log/ovn/acl-audit-log.log
2026-01-28T10:06:57.331070583Z ++ tr -s '\t' ' '
2026-01-28T10:06:57.331282308Z ++ cut '-d ' -f1
2026-01-28T10:06:57.333148231Z + file_size=0
2026-01-28T10:06:57.333178791Z + '[' 0 -gt 50000000 ']'
2026-01-28T10:06:57.333746515Z ++ ls -1 /var/log/ovn/acl-audit-log.log
2026-01-28T10:06:57.333818776Z ++ wc -l
2026-01-28T10:06:57.335458604Z + num_files=1
2026-01-28T10:06:57.335548916Z + '[' 1 -gt 5 ']'
2026-01-28T10:06:57.335548916Z + sleep 30
2026-01-28T10:07:27.337191484Z + true
2026-01-28T10:07:27.337191484Z + '[' -f /var/log/ovn/acl-audit-log.log ']'
2026-01-28T10:07:27.337879748Z ++ du -b /var/log/ovn/acl-audit-log.log
2026-01-28T10:07:27.338030751Z ++ tr -s '\t' ' '
2026-01-28T10:07:27.338274556Z ++ cut '-d ' -f1
2026-01-28T10:07:27.340221916Z + file_size=0
2026-01-28T10:07:27.340251557Z + '[' 0 -gt 50000000 ']'
2026-01-28T10:07:27.340744837Z ++ ls -1 /var/log/ovn/acl-audit-log.log
2026-01-28T10:07:27.340833039Z ++ wc -l
2026-01-28T10:07:27.342343360Z + num_files=1
2026-01-28T10:07:27.342371891Z + '[' 1 -gt 5 ']'
2026-01-28T10:07:27.342371891Z + sleep 30
2026-01-28T10:07:57.343949391Z + true
2026-01-28T10:07:57.344024123Z + '[' -f /var/log/ovn/acl-audit-log.log ']'
2026-01-28T10:07:57.344662107Z ++ du -b /var/log/ovn/acl-audit-log.log
2026-01-28T10:07:57.344839721Z ++ tr -s '\t' ' '
2026-01-28T10:07:57.345015055Z ++ cut '-d ' -f1
2026-01-28T10:07:57.346910108Z + file_size=0
2026-01-28T10:07:57.346940329Z + '[' 0 -gt 50000000 ']'
2026-01-28T10:07:57.347473411Z ++ ls -1 /var/log/ovn/acl-audit-log.log
2026-01-28T10:07:57.347560093Z ++ wc -l
2026-01-28T10:07:57.349207740Z + num_files=1
2026-01-28T10:07:57.349236081Z + '[' 1 -gt 5 ']'
2026-01-28T10:07:57.349236081Z + sleep 30
2026-01-28T10:08:27.350827673Z + true
2026-01-28T10:08:27.350827673Z + '[' -f /var/log/ovn/acl-audit-log.log ']'
2026-01-28T10:08:27.351450747Z ++ du -b /var/log/ovn/acl-audit-log.log
2026-01-28T10:08:27.351597291Z ++ tr -s '\t' ' '
2026-01-28T10:08:27.351811306Z ++ cut '-d ' -f1
2026-01-28T10:08:27.353591616Z + file_size=0
2026-01-28T10:08:27.353623277Z + '[' 0 -gt 50000000 ']'
2026-01-28T10:08:27.354135448Z ++ ls -1 /var/log/ovn/acl-audit-log.log
2026-01-28T10:08:27.354241981Z ++ wc -l
2026-01-28T10:08:27.356249327Z + num_files=1
2026-01-28T10:08:27.356277027Z + '[' 1 -gt 5 ']'
2026-01-28T10:08:27.356277027Z + sleep 30
2026-01-28T10:08:57.357970248Z + true
2026-01-28T10:08:57.358021600Z + '[' -f /var/log/ovn/acl-audit-log.log ']'
2026-01-28T10:08:57.358575472Z ++ du -b /var/log/ovn/acl-audit-log.log
2026-01-28T10:08:57.358691915Z ++ tr -s '\t' ' '
2026-01-28T10:08:57.358903730Z ++ cut '-d ' -f1
2026-01-28T10:08:57.360675690Z + file_size=0
2026-01-28T10:08:57.360701010Z + '[' 0 -gt 50000000 ']'
2026-01-28T10:08:57.361265983Z ++ ls -1 /var/log/ovn/acl-audit-log.log
2026-01-28T10:08:57.361361655Z ++ wc -l
2026-01-28T10:08:57.362862329Z + num_files=1
2026-01-28T10:08:57.362888670Z + '[' 1 -gt 5 ']'
2026-01-28T10:08:57.362888670Z + sleep 30
2026-01-28T10:09:27.364493316Z + true
2026-01-28T10:09:27.364553117Z + '[' -f /var/log/ovn/acl-audit-log.log ']'
2026-01-28T10:09:27.365105689Z ++ du -b /var/log/ovn/acl-audit-log.log
2026-01-28T10:09:27.365240293Z ++ tr -s '\t' ' '
2026-01-28T10:09:27.365419667Z ++ cut '-d ' -f1
2026-01-28T10:09:27.367345861Z + file_size=0
2026-01-28T10:09:27.367376141Z + '[' 0 -gt 50000000 ']'
2026-01-28T10:09:27.367890083Z ++ ls -1 /var/log/ovn/acl-audit-log.log
2026-01-28T10:09:27.367978545Z ++ wc -l
2026-01-28T10:09:27.369561401Z + num_files=1
2026-01-28T10:09:27.369587102Z + '[' 1 -gt 5 ']'
2026-01-28T10:09:27.369587102Z + sleep 30
2026-01-28T10:09:57.371300236Z + true
2026-01-28T10:09:57.371347417Z + '[' -f /var/log/ovn/acl-audit-log.log ']'
2026-01-28T10:09:57.371977392Z ++ du -b /var/log/ovn/acl-audit-log.log
2026-01-28T10:09:57.372183167Z ++ tr -s '\t' ' '
2026-01-28T10:09:57.372398572Z ++ cut '-d ' -f1
2026-01-28T10:09:57.374174254Z + file_size=0
2026-01-28T10:09:57.374210585Z + '[' 0 -gt 50000000 ']'
2026-01-28T10:09:57.374725357Z ++ ls -1 /var/log/ovn/acl-audit-log.log
2026-01-28T10:09:57.374820979Z ++ wc -l
2026-01-28T10:09:57.376663602Z + num_files=1
2026-01-28T10:09:57.376689793Z + '[' 1 -gt 5 ']'
2026-01-28T10:09:57.376689793Z + sleep 30
2026-01-28T10:10:27.378384036Z + true
2026-01-28T10:10:27.378384036Z + '[' -f /var/log/ovn/acl-audit-log.log ']'
2026-01-28T10:10:27.379128123Z ++ du -b /var/log/ovn/acl-audit-log.log
2026-01-28T10:10:27.379400249Z ++ tr -s '\t' ' '
2026-01-28T10:10:27.379469541Z ++ cut '-d ' -f1
2026-01-28T10:10:27.381314903Z + file_size=0
2026-01-28T10:10:27.381341474Z + '[' 0 -gt 50000000 ']'
2026-01-28T10:10:27.381843025Z ++ ls -1 /var/log/ovn/acl-audit-log.log
2026-01-28T10:10:27.381946178Z ++ wc -l
2026-01-28T10:10:27.383501593Z + num_files=1
2026-01-28T10:10:27.383527794Z + '[' 1 -gt 5 ']'
2026-01-28T10:10:27.383527794Z + sleep 30
2026-01-28T10:10:57.385142849Z + true
2026-01-28T10:10:57.385142849Z + '[' -f /var/log/ovn/acl-audit-log.log ']'
2026-01-28T10:10:57.385754142Z ++ du -b /var/log/ovn/acl-audit-log.log
2026-01-28T10:10:57.385935457Z ++ tr -s '\t' ' '
2026-01-28T10:10:57.386120821Z ++ cut '-d ' -f1
2026-01-28T10:10:57.387938332Z + file_size=0
2026-01-28T10:10:57.387961523Z + '[' 0 -gt 50000000 ']'
2026-01-28T10:10:57.388487725Z ++ ls -1 /var/log/ovn/acl-audit-log.log
2026-01-28T10:10:57.388569447Z ++ wc -l
2026-01-28T10:10:57.390058651Z + num_files=1
2026-01-28T10:10:57.390084481Z + '[' 1 -gt 5 ']'
2026-01-28T10:10:57.390084481Z + sleep 30
2026-01-28T10:11:27.391672729Z + true
2026-01-28T10:11:27.391727800Z + '[' -f /var/log/ovn/acl-audit-log.log ']'
2026-01-28T10:11:27.392310874Z ++ du -b /var/log/ovn/acl-audit-log.log
2026-01-28T10:11:27.392449007Z ++ tr -s '\t' ' '
2026-01-28T10:11:27.392667382Z ++ cut '-d ' -f1
2026-01-28T10:11:27.394534765Z + file_size=0
2026-01-28T10:11:27.394565776Z + '[' 0 -gt 50000000 ']'
2026-01-28T10:11:27.395124649Z ++ ls -1 /var/log/ovn/acl-audit-log.log
2026-01-28T10:11:27.395248422Z ++ wc -l
2026-01-28T10:11:27.397186526Z + num_files=1
2026-01-28T10:11:27.397217277Z + '[' 1 -gt 5 ']'
2026-01-28T10:11:27.397217277Z + sleep 30
2026-01-28T10:11:57.398822280Z + true
2026-01-28T10:11:57.398822280Z + '[' -f /var/log/ovn/acl-audit-log.log ']'
2026-01-28T10:11:57.399482685Z ++ du -b /var/log/ovn/acl-audit-log.log
2026-01-28T10:11:57.399630648Z ++ tr -s '\t' ' '
2026-01-28T10:11:57.399866314Z ++ cut '-d ' -f1
2026-01-28T10:11:57.401688566Z + file_size=0
2026-01-28T10:11:57.401714597Z + '[' 0 -gt 50000000 ']'
2026-01-28T10:11:57.402229209Z ++ ls -1 /var/log/ovn/acl-audit-log.log
2026-01-28T10:11:57.402321171Z ++ wc -l
2026-01-28T10:11:57.403813365Z + num_files=1
2026-01-28T10:11:57.403841216Z + '[' 1 -gt 5 ']'
2026-01-28T10:11:57.403841216Z + sleep 30
2026-01-28T10:12:27.405403162Z + true
2026-01-28T10:12:27.405403162Z + '[' -f /var/log/ovn/acl-audit-log.log ']'
2026-01-28T10:12:27.406023977Z ++ du -b /var/log/ovn/acl-audit-log.log
2026-01-28T10:12:27.406224081Z ++ tr -s '\t' ' '
2026-01-28T10:12:27.406389505Z ++ cut '-d ' -f1
2026-01-28T10:12:27.408180846Z + file_size=0
2026-01-28T10:12:27.408208117Z + '[' 0 -gt 50000000 ']'
2026-01-28T10:12:27.408714508Z ++ ls -1 /var/log/ovn/acl-audit-log.log
2026-01-28T10:12:27.408804910Z ++ wc -l
2026-01-28T10:12:27.410492749Z + num_files=1
2026-01-28T10:12:27.410521309Z + '[' 1 -gt 5 ']'
2026-01-28T10:12:27.410521309Z + sleep 30
2026-01-28T10:12:57.412366098Z + true
2026-01-28T10:12:57.412366098Z + '[' -f /var/log/ovn/acl-audit-log.log ']'
2026-01-28T10:12:57.412996283Z ++ du -b /var/log/ovn/acl-audit-log.log
2026-01-28T10:12:57.413131786Z ++ tr -s '\t' ' '
2026-01-28T10:12:57.413323260Z ++ cut '-d ' -f1
2026-01-28T10:12:57.415116581Z + file_size=0
2026-01-28T10:12:57.415143882Z + '[' 0 -gt 50000000 ']'
2026-01-28T10:12:57.415647783Z ++ ls -1 /var/log/ovn/acl-audit-log.log
2026-01-28T10:12:57.415737205Z ++ wc -l
2026-01-28T10:12:57.417206209Z + num_files=1
2026-01-28T10:12:57.417234669Z + '[' 1 -gt 5 ']'
2026-01-28T10:12:57.417234669Z + sleep 30
2026-01-28T10:13:27.418821218Z + true
2026-01-28T10:13:27.418821218Z + '[' -f /var/log/ovn/acl-audit-log.log ']'
2026-01-28T10:13:27.419444582Z ++ du -b /var/log/ovn/acl-audit-log.log
2026-01-28T10:13:27.419599586Z ++ tr -s '\t' ' '
2026-01-28T10:13:27.419794900Z ++ cut '-d ' -f1
2026-01-28T10:13:27.421602501Z + file_size=0
2026-01-28T10:13:27.421633402Z + '[' 0 -gt 50000000 ']'
2026-01-28T10:13:27.422218426Z ++ ls -1 /var/log/ovn/acl-audit-log.log
2026-01-28T10:13:27.422335618Z ++ wc -l
2026-01-28T10:13:27.423856183Z + num_files=1
2026-01-28T10:13:27.423885693Z + '[' 1 -gt 5 ']'
2026-01-28T10:13:27.423885693Z + sleep 30
2026-01-28T10:13:57.425485119Z + true
2026-01-28T10:13:57.425485119Z + '[' -f /var/log/ovn/acl-audit-log.log ']'
2026-01-28T10:13:57.426153325Z ++ du -b /var/log/ovn/acl-audit-log.log
2026-01-28T10:13:57.426331859Z ++ tr -s '\t' ' '
2026-01-28T10:13:57.426506133Z ++ cut '-d ' -f1
2026-01-28T10:13:57.428567420Z + file_size=0
2026-01-28T10:13:57.428593050Z + '[' 0 -gt 50000000 ']'
2026-01-28T10:13:57.429145453Z ++ ls -1 /var/log/ovn/acl-audit-log.log
2026-01-28T10:13:57.429219335Z ++ wc -l
2026-01-28T10:13:57.430967824Z + num_files=1
2026-01-28T10:13:57.430990795Z + '[' 1 -gt 5 ']'
2026-01-28T10:13:57.430990795Z + sleep 30
2026-01-28T10:14:27.432647736Z + true
2026-01-28T10:14:27.432647736Z + '[' -f /var/log/ovn/acl-audit-log.log ']'
2026-01-28T10:14:27.433333292Z ++ du -b /var/log/ovn/acl-audit-log.log
2026-01-28T10:14:27.433456794Z ++ tr -s '\t' ' '
2026-01-28T10:14:27.433603538Z ++ cut '-d ' -f1
2026-01-28T10:14:27.435440199Z + file_size=0
2026-01-28T10:14:27.435486010Z + '[' 0 -gt 50000000 ']'
2026-01-28T10:14:27.435999432Z ++ ls -1 /var/log/ovn/acl-audit-log.log
2026-01-28T10:14:27.436148625Z ++ wc -l
2026-01-28T10:14:27.437711730Z + num_files=1
2026-01-28T10:14:27.437741231Z + '[' 1 -gt 5 ']'
2026-01-28T10:14:27.437741231Z + sleep 30
2026-01-28T10:14:57.439347103Z + true
2026-01-28T10:14:57.439414125Z + '[' -f /var/log/ovn/acl-audit-log.log ']'
2026-01-28T10:14:57.440017638Z ++ du -b /var/log/ovn/acl-audit-log.log
2026-01-28T10:14:57.440231043Z ++ tr -s '\t' ' '
2026-01-28T10:14:57.440410167Z ++ cut '-d ' -f1
2026-01-28T10:14:57.442297820Z + file_size=0
2026-01-28T10:14:57.442323261Z + '[' 0 -gt 50000000 ']'
2026-01-28T10:14:57.442819572Z ++ ls -1 /var/log/ovn/acl-audit-log.log
2026-01-28T10:14:57.442904174Z ++ wc -l
2026-01-28T10:14:57.444387237Z + num_files=1
2026-01-28T10:14:57.444414718Z + '[' 1 -gt 5 ']'
2026-01-28T10:14:57.444414718Z + sleep 30
2026-01-28T10:15:27.445947498Z + true
2026-01-28T10:15:27.446010419Z + '[' -f /var/log/ovn/acl-audit-log.log ']'
2026-01-28T10:15:27.446640133Z ++ du -b /var/log/ovn/acl-audit-log.log
2026-01-28T10:15:27.446967630Z ++ cut '-d ' -f1
2026-01-28T10:15:27.447540153Z ++ tr -s '\t' ' '
2026-01-28T10:15:27.449245701Z + file_size=0
2026-01-28T10:15:27.449272622Z + '[' 0 -gt 50000000 ']'
2026-01-28T10:15:27.449759403Z ++ ls -1 /var/log/ovn/acl-audit-log.log
2026-01-28T10:15:27.449832764Z ++ wc -l
2026-01-28T10:15:27.451360668Z + num_files=1
2026-01-28T10:15:27.451389259Z + '[' 1 -gt 5 ']'
2026-01-28T10:15:27.451389259Z + sleep 30
2026-01-28T10:15:57.452971057Z + true
2026-01-28T10:15:57.452971057Z + '[' -f /var/log/ovn/acl-audit-log.log ']'
2026-01-28T10:15:57.453649572Z ++ du -b /var/log/ovn/acl-audit-log.log
2026-01-28T10:15:57.453767615Z ++ tr -s '\t' ' '
2026-01-28T10:15:57.453960629Z ++ cut '-d ' -f1
2026-01-28T10:15:57.455715859Z + file_size=0
2026-01-28T10:15:57.455747619Z + '[' 0 -gt 50000000 ']'
2026-01-28T10:15:57.456264551Z ++ ls -1 /var/log/ovn/acl-audit-log.log
2026-01-28T10:15:57.456341253Z ++ wc -l
2026-01-28T10:15:57.457921428Z + num_files=1
2026-01-28T10:15:57.457945899Z + '[' 1 -gt 5 ']'
2026-01-28T10:15:57.457945899Z + sleep 30
2026-01-28T10:16:27.459869382Z + true
2026-01-28T10:16:27.459869382Z + '[' -f /var/log/ovn/acl-audit-log.log ']'
2026-01-28T10:16:27.460501966Z ++ du -b /var/log/ovn/acl-audit-log.log
2026-01-28T10:16:27.460608618Z ++ tr -s '\t' ' '
2026-01-28T10:16:27.460829893Z ++ cut '-d ' -f1
2026-01-28T10:16:27.462622024Z + file_size=0
2026-01-28T10:16:27.462659134Z + '[' 0 -gt 50000000 ']'
2026-01-28T10:16:27.463174866Z ++ ls -1 /var/log/ovn/acl-audit-log.log
2026-01-28T10:16:27.463272478Z ++ wc -l
2026-01-28T10:16:27.464787522Z + num_files=1
2026-01-28T10:16:27.464825973Z + '[' 1 -gt 5 ']'
2026-01-28T10:16:27.464825973Z + sleep 30
2026-01-28T10:16:57.466497475Z + true
2026-01-28T10:16:57.466570177Z + '[' -f /var/log/ovn/acl-audit-log.log ']'
2026-01-28T10:16:57.467106919Z ++ du -b /var/log/ovn/acl-audit-log.log
2026-01-28T10:16:57.467269843Z ++ tr -s '\t' ' '
2026-01-28T10:16:57.467485388Z ++ cut '-d ' -f1
2026-01-28T10:16:57.469315669Z + file_size=0
2026-01-28T10:16:57.469348070Z + '[' 0 -gt 50000000 ']'
2026-01-28T10:16:57.469864981Z ++ ls -1 /var/log/ovn/acl-audit-log.log
2026-01-28T10:16:57.469940383Z ++ wc -l
2026-01-28T10:16:57.471651891Z + num_files=1
2026-01-28T10:16:57.471676102Z + '[' 1 -gt 5 ']'
2026-01-28T10:16:57.471676102Z + sleep 30
2026-01-28T10:17:27.473312739Z + true
2026-01-28T10:17:27.473312739Z + '[' -f /var/log/ovn/acl-audit-log.log ']'
2026-01-28T10:17:27.473928482Z ++ du -b /var/log/ovn/acl-audit-log.log
2026-01-28T10:17:27.474034205Z ++ tr -s '\t' ' '
2026-01-28T10:17:27.474258840Z ++ cut '-d ' -f1
2026-01-28T10:17:27.476032359Z + file_size=0
2026-01-28T10:17:27.476075730Z + '[' 0 -gt 50000000 ']'
2026-01-28T10:17:27.476580771Z ++ ls -1 /var/log/ovn/acl-audit-log.log
2026-01-28T10:17:27.476733395Z ++ wc -l
2026-01-28T10:17:27.478436813Z + num_files=1
2026-01-28T10:17:27.478538975Z + '[' 1 -gt 5 ']'
2026-01-28T10:17:27.478538975Z + sleep 30
2026-01-28T10:17:57.480122552Z + true
2026-01-28T10:17:57.480188813Z + '[' -f /var/log/ovn/acl-audit-log.log ']'
2026-01-28T10:17:57.480775536Z ++ du -b /var/log/ovn/acl-audit-log.log
2026-01-28T10:17:57.480918260Z ++ tr -s '\t' ' '
2026-01-28T10:17:57.481181286Z ++ cut '-d ' -f1
2026-01-28T10:17:57.483066078Z + file_size=0
2026-01-28T10:17:57.483178200Z + '[' 0 -gt 50000000 ']'
2026-01-28T10:17:57.483700062Z ++ ls -1 /var/log/ovn/acl-audit-log.log
2026-01-28T10:17:57.483772993Z ++ wc -l
2026-01-28T10:17:57.485345069Z + num_files=1
2026-01-28T10:17:57.485368859Z + '[' 1 -gt 5 ']'
2026-01-28T10:17:57.485368859Z + sleep 30
2026-01-28T10:18:27.486962840Z + true
2026-01-28T10:18:27.486962840Z + '[' -f /var/log/ovn/acl-audit-log.log ']'
2026-01-28T10:18:27.487607754Z ++ du -b /var/log/ovn/acl-audit-log.log
2026-01-28T10:18:27.487715227Z ++ tr -s '\t' ' '
2026-01-28T10:18:27.487907481Z ++ cut '-d ' -f1
2026-01-28T10:18:27.489739192Z + file_size=0
2026-01-28T10:18:27.489769813Z + '[' 0 -gt 50000000 ']'
2026-01-28T10:18:27.490297914Z ++ ls -1 /var/log/ovn/acl-audit-log.log
2026-01-28T10:18:27.490438818Z ++ wc -l
2026-01-28T10:18:27.492012253Z + num_files=1
2026-01-28T10:18:27.492040944Z + '[' 1 -gt 5 ']'
2026-01-28T10:18:27.492040944Z + sleep 30
2026-01-28T10:18:57.493729696Z + true
2026-01-28T10:18:57.493729696Z + '[' -f /var/log/ovn/acl-audit-log.log ']'
2026-01-28T10:18:57.494479933Z ++ du -b /var/log/ovn/acl-audit-log.log
2026-01-28T10:18:57.494640326Z ++ tr -s '\t' ' '
2026-01-28T10:18:57.494858491Z ++ cut '-d ' -f1
2026-01-28T10:18:57.497126411Z + file_size=0
2026-01-28T10:18:57.497126411Z + '[' 0 -gt 50000000 ']'
2026-01-28T10:18:57.497756095Z ++ ls -1 /var/log/ovn/acl-audit-log.log
2026-01-28T10:18:57.497829477Z ++ wc -l
2026-01-28T10:18:57.499386191Z + num_files=1
2026-01-28T10:18:57.499414532Z + '[' 1 -gt 5 ']'
2026-01-28T10:18:57.499414532Z + sleep 30
2026-01-28T10:19:27.501045914Z + true
2026-01-28T10:19:27.501045914Z + '[' -f /var/log/ovn/acl-audit-log.log ']'
2026-01-28T10:19:27.501742508Z ++ du -b /var/log/ovn/acl-audit-log.log
2026-01-28T10:19:27.501849260Z ++ tr -s '\t' ' '
2026-01-28T10:19:27.502057505Z ++ cut '-d ' -f1
2026-01-28T10:19:27.503866231Z + file_size=0
2026-01-28T10:19:27.503900092Z + '[' 0 -gt 50000000 ']'
2026-01-28T10:19:27.504451793Z ++ ls -1 /var/log/ovn/acl-audit-log.log
2026-01-28T10:19:27.504527655Z ++ wc -l
2026-01-28T10:19:27.506185808Z + num_files=1
2026-01-28T10:19:27.506214059Z + '[' 1 -gt 5 ']'
2026-01-28T10:19:27.506214059Z + sleep 30
2026-01-28T10:19:57.507793626Z + true
2026-01-28T10:19:57.507793626Z + '[' -f /var/log/ovn/acl-audit-log.log ']'
2026-01-28T10:19:57.508384569Z ++ du -b /var/log/ovn/acl-audit-log.log
2026-01-28T10:19:57.508622125Z ++ tr -s '\t' ' '
2026-01-28T10:19:57.508733837Z ++ cut '-d ' -f1
2026-01-28T10:19:57.510781693Z + file_size=0
2026-01-28T10:19:57.510822545Z + '[' 0 -gt 50000000 ']'
2026-01-28T10:19:57.511414688Z ++ ls -1 /var/log/ovn/acl-audit-log.log
2026-01-28T10:19:57.511491800Z ++ wc -l
2026-01-28T10:19:57.513347422Z + num_files=1
2026-01-28T10:19:57.513376822Z + '[' 1 -gt 5 ']'
2026-01-28T10:19:57.513376822Z + sleep 30
2026-01-28T10:20:27.515189214Z + true
2026-01-28T10:20:27.515189214Z + '[' -f /var/log/ovn/acl-audit-log.log ']'
2026-01-28T10:20:27.515807078Z ++ du -b /var/log/ovn/acl-audit-log.log
2026-01-28T10:20:27.515938861Z ++ tr -s '\t' ' '
2026-01-28T10:20:27.516126385Z ++ cut '-d ' -f1
2026-01-28T10:20:27.517926394Z + file_size=0
2026-01-28T10:20:27.517957115Z + '[' 0 -gt 50000000 ']'
2026-01-28T10:20:27.518454886Z ++ ls -1 /var/log/ovn/acl-audit-log.log
2026-01-28T10:20:27.518522498Z ++ wc -l
2026-01-28T10:20:27.520150574Z + num_files=1
2026-01-28T10:20:27.520179075Z + '[' 1 -gt 5 ']'
2026-01-28T10:20:27.520179075Z + sleep 30
2026-01-28T10:20:57.521790105Z + true
2026-01-28T10:20:57.521845586Z + '[' -f /var/log/ovn/acl-audit-log.log ']'
2026-01-28T10:20:57.522408728Z ++ du -b /var/log/ovn/acl-audit-log.log
2026-01-28T10:20:57.522523051Z ++ tr -s '\t' ' '
2026-01-28T10:20:57.522694595Z ++ cut '-d ' -f1
2026-01-28T10:20:57.524505305Z + file_size=0
2026-01-28T10:20:57.524536686Z + '[' 0 -gt 50000000 ']'
2026-01-28T10:20:57.525084018Z ++ ls -1 /var/log/ovn/acl-audit-log.log
2026-01-28T10:20:57.525230281Z ++ wc -l
2026-01-28T10:20:57.526894278Z + num_files=1
2026-01-28T10:20:57.526918989Z + '[' 1 -gt 5 ']'
2026-01-28T10:20:57.526918989Z + sleep 30
2026-01-28T10:21:27.528748268Z + true
2026-01-28T10:21:27.528808719Z + '[' -f /var/log/ovn/acl-audit-log.log ']'
2026-01-28T10:21:27.529368601Z ++ du -b /var/log/ovn/acl-audit-log.log
2026-01-28T10:21:27.529506104Z ++ tr -s '\t' ' '
2026-01-28T10:21:27.529724399Z ++ cut '-d ' -f1
2026-01-28T10:21:27.531555260Z + file_size=0
2026-01-28T10:21:27.531598631Z + '[' 0 -gt 50000000 ']'
2026-01-28T10:21:27.532085212Z ++ ls -1 /var/log/ovn/acl-audit-log.log
2026-01-28T10:21:27.532211395Z ++ wc -l
2026-01-28T10:21:27.533880392Z + num_files=1
2026-01-28T10:21:27.533911482Z + '[' 1 -gt 5 ']'
2026-01-28T10:21:27.533911482Z + sleep 30
2026-01-28T10:21:57.535637781Z + true
2026-01-28T10:21:57.535697182Z + '[' -f /var/log/ovn/acl-audit-log.log ']'
2026-01-28T10:21:57.536290875Z ++ du -b /var/log/ovn/acl-audit-log.log
2026-01-28T10:21:57.536452769Z ++ tr -s '\t' ' '
2026-01-28T10:21:57.536670684Z ++ cut '-d ' -f1
2026-01-28T10:21:57.538469474Z + file_size=0
2026-01-28T10:21:57.538500175Z + '[' 0 -gt 50000000 ']'
2026-01-28T10:21:57.538986166Z ++ ls -1 /var/log/ovn/acl-audit-log.log
2026-01-28T10:21:57.539078588Z ++ wc -l
2026-01-28T10:21:57.540974840Z + num_files=1
2026-01-28T10:21:57.541006741Z + '[' 1 -gt 5 ']'
2026-01-28T10:21:57.541006741Z + sleep 30
2026-01-28T10:22:27.542631367Z + true
2026-01-28T10:22:27.542690598Z + '[' -f /var/log/ovn/acl-audit-log.log ']'
2026-01-28T10:22:27.543278402Z ++ du -b /var/log/ovn/acl-audit-log.log
2026-01-28T10:22:27.543415375Z ++ tr -s '\t' ' '
2026-01-28T10:22:27.543589049Z ++ cut '-d ' -f1
2026-01-28T10:22:27.545404539Z + file_size=0
2026-01-28T10:22:27.545439540Z + '[' 0 -gt 50000000 ']'
2026-01-28T10:22:27.545925991Z ++ ls -1 /var/log/ovn/acl-audit-log.log
2026-01-28T10:22:27.546024213Z ++ wc -l
2026-01-28T10:22:27.547509986Z + num_files=1
2026-01-28T10:22:27.547537997Z + '[' 1 -gt 5 ']'
2026-01-28T10:22:27.547537997Z + sleep 30
2026-01-28T10:22:57.549134246Z + true
2026-01-28T10:22:57.549186318Z + '[' -f /var/log/ovn/acl-audit-log.log ']'
2026-01-28T10:22:57.549711329Z ++ du -b /var/log/ovn/acl-audit-log.log
2026-01-28T10:22:57.549872842Z ++ tr -s '\t' ' '
2026-01-28T10:22:57.550007305Z ++ cut '-d ' -f1
2026-01-28T10:22:57.551906377Z + file_size=0
2026-01-28T10:22:57.551936967Z + '[' 0 -gt 50000000 ']'
2026-01-28T10:22:57.552459189Z ++ ls -1 /var/log/ovn/acl-audit-log.log
2026-01-28T10:22:57.552551631Z ++ wc -l
2026-01-28T10:22:57.554041773Z + num_files=1
2026-01-28T10:22:57.554069504Z + '[' 1 -gt 5 ']'
2026-01-28T10:22:57.554069504Z + sleep 30
2026-01-28T10:23:27.555659290Z + true
2026-01-28T10:23:27.555659290Z + '[' -f /var/log/ovn/acl-audit-log.log ']'
2026-01-28T10:23:27.556346936Z ++ du -b /var/log/ovn/acl-audit-log.log
2026-01-28T10:23:27.556881268Z ++ tr -s '\t' ' '
2026-01-28T10:23:27.556881268Z ++ cut '-d ' -f1
2026-01-28T10:23:27.558661717Z + file_size=0
2026-01-28T10:23:27.558692177Z + '[' 0 -gt 50000000 ']'
2026-01-28T10:23:27.559285321Z ++ ls -1 /var/log/ovn/acl-audit-log.log
2026-01-28T10:23:27.559357802Z ++ wc -l
2026-01-28T10:23:27.561229404Z + num_files=1
2026-01-28T10:23:27.561255914Z + '[' 1 -gt 5 ']'
2026-01-28T10:23:27.561255914Z + sleep 30
2026-01-28T10:23:57.563058523Z + true
2026-01-28T10:23:57.563058523Z + '[' -f /var/log/ovn/acl-audit-log.log ']'
2026-01-28T10:23:57.563678587Z ++ du -b /var/log/ovn/acl-audit-log.log
2026-01-28T10:23:57.563883292Z ++ tr -s '\t' ' '
2026-01-28T10:23:57.564034595Z ++ cut '-d ' -f1
2026-01-28T10:23:57.565881306Z + file_size=0
2026-01-28T10:23:57.565913647Z + '[' 0 -gt 50000000 ']'
2026-01-28T10:23:57.566451969Z ++ ls -1 /var/log/ovn/acl-audit-log.log
2026-01-28T10:23:57.566520230Z ++ wc -l
2026-01-28T10:23:57.568137856Z + num_files=1
2026-01-28T10:23:57.568166267Z + '[' 1 -gt 5 ']'
2026-01-28T10:23:57.568166267Z + sleep 30
2026-01-28T10:24:27.570295144Z + true
2026-01-28T10:24:27.570295144Z + '[' -f /var/log/ovn/acl-audit-log.log ']'
2026-01-28T10:24:27.570901647Z ++ du -b /var/log/ovn/acl-audit-log.log
2026-01-28T10:24:27.571241235Z ++ cut '-d ' -f1
2026-01-28T10:24:27.571291576Z ++ tr -s '\t' ' '
2026-01-28T10:24:27.573742730Z + file_size=0
2026-01-28T10:24:27.573769231Z + '[' 0 -gt 50000000 ']'
2026-01-28T10:24:27.574446726Z ++ ls -1 /var/log/ovn/acl-audit-log.log
2026-01-28T10:24:27.574446726Z ++ wc -l
2026-01-28T10:24:27.576476200Z + num_files=1
2026-01-28T10:24:27.576560022Z + '[' 1 -gt 5 ']'
2026-01-28T10:24:27.576560022Z + sleep 30
2026-01-28T10:24:57.579670890Z + true
2026-01-28T10:24:57.579670890Z + '[' -f /var/log/ovn/acl-audit-log.log ']'
2026-01-28T10:24:57.580021888Z ++ du -b /var/log/ovn/acl-audit-log.log
2026-01-28T10:24:57.580196422Z ++ tr -s '\t' ' '
2026-01-28T10:24:57.580909238Z ++ cut '-d ' -f1
2026-01-28T10:24:57.583355753Z + file_size=0
2026-01-28T10:24:57.583355753Z + '[' 0 -gt 50000000 ']'
2026-01-28T10:24:57.585265535Z ++ wc -l
2026-01-28T10:24:57.585508611Z ++ ls -1 /var/log/ovn/acl-audit-log.log
2026-01-28T10:24:57.588786414Z + num_files=1
2026-01-28T10:24:57.588786414Z + '[' 1 -gt 5 ']'
2026-01-28T10:24:57.588786414Z + sleep 30
