2026-01-28T09:46:08.935608451Z I0128 09:46:08.935502       1 base_controller.go:76] Waiting for caches to sync for CertSyncController
2026-01-28T09:46:08.935810616Z I0128 09:46:08.935794       1 observer_polling.go:159] Starting file observer
2026-01-28T09:46:09.035997547Z I0128 09:46:09.035908       1 base_controller.go:82] Caches are synced for CertSyncController 
2026-01-28T09:46:09.035997547Z I0128 09:46:09.035978       1 base_controller.go:119] Starting #1 worker of CertSyncController controller ...
2026-01-28T09:46:09.036109299Z I0128 09:46:09.036048       1 certsync_controller.go:74] Syncing configmaps: [{aggregator-client-ca false} {client-ca false} {trusted-ca-bundle true}]
2026-01-28T09:46:09.036321094Z I0128 09:46:09.036297       1 certsync_controller.go:178] Syncing secrets: [{kube-controller-manager-client-cert-key false} {csr-signer false}]
2026-01-28T09:47:00.523476342Z I0128 09:47:00.523411       1 certsync_controller.go:74] Syncing configmaps: [{aggregator-client-ca false} {client-ca false} {trusted-ca-bundle true}]
2026-01-28T09:47:00.523685016Z I0128 09:47:00.523651       1 certsync_controller.go:178] Syncing secrets: [{kube-controller-manager-client-cert-key false} {csr-signer false}]
2026-01-28T09:47:00.524351851Z I0128 09:47:00.523853       1 certsync_controller.go:74] Syncing configmaps: [{aggregator-client-ca false} {client-ca false} {trusted-ca-bundle true}]
2026-01-28T09:47:00.524351851Z I0128 09:47:00.524202       1 certsync_controller.go:178] Syncing secrets: [{kube-controller-manager-client-cert-key false} {csr-signer false}]
2026-01-28T09:47:07.136232321Z I0128 09:47:07.136174       1 certsync_controller.go:74] Syncing configmaps: [{aggregator-client-ca false} {client-ca false} {trusted-ca-bundle true}]
2026-01-28T09:47:07.136501817Z I0128 09:47:07.136467       1 certsync_controller.go:178] Syncing secrets: [{kube-controller-manager-client-cert-key false} {csr-signer false}]
2026-01-28T09:47:07.136647460Z I0128 09:47:07.136604       1 certsync_controller.go:74] Syncing configmaps: [{aggregator-client-ca false} {client-ca false} {trusted-ca-bundle true}]
2026-01-28T09:47:07.136781563Z I0128 09:47:07.136760       1 certsync_controller.go:178] Syncing secrets: [{kube-controller-manager-client-cert-key false} {csr-signer false}]
2026-01-28T09:57:00.524358469Z I0128 09:57:00.524279       1 certsync_controller.go:74] Syncing configmaps: [{aggregator-client-ca false} {client-ca false} {trusted-ca-bundle true}]
2026-01-28T09:57:00.526991838Z I0128 09:57:00.526933       1 certsync_controller.go:178] Syncing secrets: [{kube-controller-manager-client-cert-key false} {csr-signer false}]
2026-01-28T09:57:00.527847677Z I0128 09:57:00.527817       1 certsync_controller.go:74] Syncing configmaps: [{aggregator-client-ca false} {client-ca false} {trusted-ca-bundle true}]
2026-01-28T09:57:00.528021591Z I0128 09:57:00.527995       1 certsync_controller.go:178] Syncing secrets: [{kube-controller-manager-client-cert-key false} {csr-signer false}]
2026-01-28T09:57:07.136866275Z I0128 09:57:07.136795       1 certsync_controller.go:74] Syncing configmaps: [{aggregator-client-ca false} {client-ca false} {trusted-ca-bundle true}]
2026-01-28T09:57:07.137119891Z I0128 09:57:07.137063       1 certsync_controller.go:178] Syncing secrets: [{kube-controller-manager-client-cert-key false} {csr-signer false}]
2026-01-28T10:07:00.524315521Z I0128 10:07:00.524249       1 certsync_controller.go:74] Syncing configmaps: [{aggregator-client-ca false} {client-ca false} {trusted-ca-bundle true}]
2026-01-28T10:07:00.525892587Z I0128 10:07:00.525850       1 certsync_controller.go:178] Syncing secrets: [{kube-controller-manager-client-cert-key false} {csr-signer false}]
2026-01-28T10:07:00.526191224Z I0128 10:07:00.526159       1 certsync_controller.go:74] Syncing configmaps: [{aggregator-client-ca false} {client-ca false} {trusted-ca-bundle true}]
2026-01-28T10:07:00.526351567Z I0128 10:07:00.526327       1 certsync_controller.go:178] Syncing secrets: [{kube-controller-manager-client-cert-key false} {csr-signer false}]
2026-01-28T10:07:07.137733328Z I0128 10:07:07.137652       1 certsync_controller.go:74] Syncing configmaps: [{aggregator-client-ca false} {client-ca false} {trusted-ca-bundle true}]
2026-01-28T10:07:07.137988514Z I0128 10:07:07.137955       1 certsync_controller.go:178] Syncing secrets: [{kube-controller-manager-client-cert-key false} {csr-signer false}]
2026-01-28T10:07:07.138175868Z I0128 10:07:07.138143       1 certsync_controller.go:74] Syncing configmaps: [{aggregator-client-ca false} {client-ca false} {trusted-ca-bundle true}]
2026-01-28T10:07:07.138393263Z I0128 10:07:07.138364       1 certsync_controller.go:178] Syncing secrets: [{kube-controller-manager-client-cert-key false} {csr-signer false}]
2026-01-28T10:17:00.524712459Z I0128 10:17:00.524610       1 certsync_controller.go:74] Syncing configmaps: [{aggregator-client-ca false} {client-ca false} {trusted-ca-bundle true}]
2026-01-28T10:17:00.524941764Z I0128 10:17:00.524913       1 certsync_controller.go:178] Syncing secrets: [{kube-controller-manager-client-cert-key false} {csr-signer false}]
2026-01-28T10:17:00.525122428Z I0128 10:17:00.525077       1 certsync_controller.go:74] Syncing configmaps: [{aggregator-client-ca false} {client-ca false} {trusted-ca-bundle true}]
2026-01-28T10:17:00.525310162Z I0128 10:17:00.525288       1 certsync_controller.go:178] Syncing secrets: [{kube-controller-manager-client-cert-key false} {csr-signer false}]
2026-01-28T10:17:07.138762610Z I0128 10:17:07.138694       1 certsync_controller.go:74] Syncing configmaps: [{aggregator-client-ca false} {client-ca false} {trusted-ca-bundle true}]
2026-01-28T10:17:07.138999245Z I0128 10:17:07.138974       1 certsync_controller.go:178] Syncing secrets: [{kube-controller-manager-client-cert-key false} {csr-signer false}]
2026-01-28T10:17:07.139146908Z I0128 10:17:07.139122       1 certsync_controller.go:74] Syncing configmaps: [{aggregator-client-ca false} {client-ca false} {trusted-ca-bundle true}]
2026-01-28T10:17:07.140220331Z I0128 10:17:07.140190       1 certsync_controller.go:178] Syncing secrets: [{kube-controller-manager-client-cert-key false} {csr-signer false}]
