2026-01-28T09:29:58.702598422Z + [[ -f /env/_master ]]
2026-01-28T09:29:58.702598422Z + . /ovnkube-lib/ovnkube-lib.sh
2026-01-28T09:29:58.702669735Z ++ set -x
2026-01-28T09:29:58.702669735Z ++ K8S_NODE=ip-10-0-108-54.us-west-1.compute.internal
2026-01-28T09:29:58.702703397Z ++ [[ -n ip-10-0-108-54.us-west-1.compute.internal ]]
2026-01-28T09:29:58.702703397Z ++ [[ -f /env/ip-10-0-108-54.us-west-1.compute.internal ]]
2026-01-28T09:29:58.702715517Z ++ northd_pidfile=/var/run/ovn/ovn-northd.pid
2026-01-28T09:29:58.702715517Z ++ controller_pidfile=/var/run/ovn/ovn-controller.pid
2026-01-28T09:29:58.702725618Z ++ controller_logfile=/var/log/ovn/acl-audit-log.log
2026-01-28T09:29:58.702735388Z ++ vswitch_dbsock=/var/run/openvswitch/db.sock
2026-01-28T09:29:58.702735388Z ++ nbdb_pidfile=/var/run/ovn/ovnnb_db.pid
2026-01-28T09:29:58.702745479Z ++ nbdb_sock=/var/run/ovn/ovnnb_db.sock
2026-01-28T09:29:58.702745479Z ++ nbdb_ctl=/var/run/ovn/ovnnb_db.ctl
2026-01-28T09:29:58.702755359Z ++ sbdb_pidfile=/var/run/ovn/ovnsb_db.pid
2026-01-28T09:29:58.702764940Z ++ sbdb_sock=/var/run/ovn/ovnsb_db.sock
2026-01-28T09:29:58.702764940Z ++ sbdb_ctl=/var/run/ovn/ovnsb_db.ctl
2026-01-28T09:29:58.703889525Z + trap quit-nbdb TERM INT
2026-01-28T09:29:58.703908306Z + start-nbdb info
2026-01-28T09:29:58.703908306Z + local log_level=info
2026-01-28T09:29:58.703919197Z + [[ 1 -ne 1 ]]
2026-01-28T09:29:58.704166089Z + wait 3758
2026-01-28T09:29:58.704231342Z + exec /usr/share/ovn/scripts/ovn-ctl --no-monitor --db-nb-sock=/var/run/ovn/ovnnb_db.sock '--ovn-nb-log=-vconsole:info -vfile:off -vPATTERN:console:%D{%Y-%m-%dT%H:%M:%S.###Z}|%05N|%c%T|%p|%m' run_nb_ovsdb
2026-01-28T09:29:58.774991076Z 2026-01-28T09:29:58.774Z|00001|vlog|INFO|opened log file /var/log/ovn/ovsdb-server-nb.log
2026-01-28T09:29:58.782299506Z 2026-01-28T09:29:58.782Z|00002|ovsdb_server|INFO|ovsdb-server (Open vSwitch) 3.5.2-51.el9fdp
2026-01-28T09:30:08.786165862Z 2026-01-28T09:30:08.786Z|00003|memory|INFO|13312 kB peak resident set size after 10.0 seconds
2026-01-28T09:30:08.786462377Z 2026-01-28T09:30:08.786Z|00004|memory|INFO|atoms:6007 cells:3603 json-caches:2 monitors:4 n-weak-refs:55 sessions:2
