2026-01-28T09:42:55.427473023Z I0128 09:42:55.427388       1 main.go:45] Version:93ae3cda55610c22414b32e87ade429c6fb110ed
2026-01-28T09:42:55.427473023Z I0128 09:42:55.427447       1 main.go:46] Starting with config{  :9091 ip-10-0-101-165.us-west-1.compute.internal}
2026-01-28T09:42:55.427645214Z W0128 09:42:55.427620       1 client_config.go:618] Neither --kubeconfig nor --master was specified.  Using the inClusterConfig.  This might not work.
2026-01-28T09:42:55.428614924Z I0128 09:42:55.428592       1 controller.go:42] Setting up event handlers
2026-01-28T09:42:55.428806216Z I0128 09:42:55.428759       1 podmetrics.go:101] Serving network metrics
2026-01-28T09:42:55.428806216Z I0128 09:42:55.428775       1 controller.go:101] Starting pod controller
2026-01-28T09:42:55.428806216Z I0128 09:42:55.428780       1 controller.go:104] Waiting for informer caches to sync
2026-01-28T09:42:55.529607493Z I0128 09:42:55.529569       1 controller.go:109] Starting workers
2026-01-28T09:42:55.529607493Z I0128 09:42:55.529594       1 controller.go:114] Started workers
2026-01-28T09:42:55.529644085Z I0128 09:42:55.529635       1 controller.go:192] Received pod 'dns-default-ntdzj'
2026-01-28T09:42:55.529769173Z I0128 09:42:55.529747       1 controller.go:151] Successfully synced 'openshift-dns/dns-default-ntdzj'
2026-01-28T09:42:55.529769173Z I0128 09:42:55.529761       1 controller.go:192] Received pod 'loki-promtail-fvkx2'
2026-01-28T09:42:55.529785374Z I0128 09:42:55.529777       1 controller.go:151] Successfully synced 'openshift-e2e-loki/loki-promtail-fvkx2'
2026-01-28T09:42:55.529785374Z I0128 09:42:55.529782       1 controller.go:192] Received pod 'image-registry-68cdbcc958-rntrp'
2026-01-28T09:42:55.529812146Z I0128 09:42:55.529793       1 controller.go:151] Successfully synced 'openshift-image-registry/image-registry-68cdbcc958-rntrp'
2026-01-28T09:42:55.529812146Z I0128 09:42:55.529805       1 controller.go:192] Received pod 'ingress-canary-qwsvn'
2026-01-28T09:42:55.529822577Z I0128 09:42:55.529815       1 controller.go:151] Successfully synced 'openshift-ingress-canary/ingress-canary-qwsvn'
2026-01-28T09:42:55.529822577Z I0128 09:42:55.529818       1 controller.go:192] Received pod 'insights-runtime-extractor-vvvkj'
2026-01-28T09:42:55.529832867Z I0128 09:42:55.529826       1 controller.go:151] Successfully synced 'openshift-insights/insights-runtime-extractor-vvvkj'
2026-01-28T09:42:55.529832867Z I0128 09:42:55.529828       1 controller.go:192] Received pod 'alertmanager-main-1'
2026-01-28T09:42:55.529843128Z I0128 09:42:55.529836       1 controller.go:151] Successfully synced 'openshift-monitoring/alertmanager-main-1'
2026-01-28T09:42:55.529843128Z I0128 09:42:55.529839       1 controller.go:192] Received pod 'kube-state-metrics-5868c768c4-vs9tq'
2026-01-28T09:42:55.529853029Z I0128 09:42:55.529846       1 controller.go:151] Successfully synced 'openshift-monitoring/kube-state-metrics-5868c768c4-vs9tq'
2026-01-28T09:42:55.529853029Z I0128 09:42:55.529849       1 controller.go:192] Received pod 'openshift-state-metrics-746f47bf44-fz7sn'
2026-01-28T09:42:55.529862759Z I0128 09:42:55.529855       1 controller.go:151] Successfully synced 'openshift-monitoring/openshift-state-metrics-746f47bf44-fz7sn'
2026-01-28T09:42:55.529862759Z I0128 09:42:55.529860       1 controller.go:192] Received pod 'thanos-querier-64548646df-bq4jf'
2026-01-28T09:42:55.529874900Z I0128 09:42:55.529870       1 controller.go:151] Successfully synced 'openshift-monitoring/thanos-querier-64548646df-bq4jf'
2026-01-28T09:42:55.529884801Z I0128 09:42:55.529873       1 controller.go:192] Received pod 'network-metrics-daemon-rxmjs'
2026-01-28T09:42:55.529884801Z I0128 09:42:55.529880       1 controller.go:151] Successfully synced 'openshift-multus/network-metrics-daemon-rxmjs'
2026-01-28T09:42:55.529904902Z I0128 09:42:55.529883       1 controller.go:192] Received pod 'network-check-target-kchx6'
2026-01-28T09:42:55.529904902Z I0128 09:42:55.529890       1 controller.go:151] Successfully synced 'openshift-network-diagnostics/network-check-target-kchx6'
2026-01-28T09:43:01.218476240Z I0128 09:43:01.218433       1 controller.go:192] Received pod 'prometheus-k8s-0'
2026-01-28T09:43:01.218534324Z I0128 09:43:01.218500       1 controller.go:151] Successfully synced 'openshift-monitoring/prometheus-k8s-0'
2026-01-28T09:44:25.071568604Z I0128 09:44:25.068296       1 controller.go:151] Successfully synced 'openshift-monitoring/alertmanager-main-1'
2026-01-28T09:44:25.772048680Z I0128 09:44:25.771994       1 controller.go:192] Received pod 'alertmanager-main-1'
2026-01-28T09:44:25.772087122Z I0128 09:44:25.772059       1 controller.go:151] Successfully synced 'openshift-monitoring/alertmanager-main-1'
2026-01-28T09:45:36.300776281Z I0128 09:45:36.300733       1 controller.go:151] Successfully synced 'openshift-monitoring/prometheus-k8s-0'
2026-01-28T09:45:41.775209596Z I0128 09:45:41.775057       1 controller.go:192] Received pod 'prometheus-k8s-0'
2026-01-28T09:45:41.775209596Z I0128 09:45:41.775117       1 controller.go:151] Successfully synced 'openshift-monitoring/prometheus-k8s-0'
2026-01-28T10:24:45.628061377Z I0128 10:24:45.627615       1 controller.go:192] Received pod 'perf-node-gather-daemonset-lgzgt'
2026-01-28T10:24:45.628061377Z I0128 10:24:45.627744       1 controller.go:151] Successfully synced 'openshift-must-gather-5xcqk/perf-node-gather-daemonset-lgzgt'
2026-01-28T10:25:04.439454761Z I0128 10:25:04.437204       1 controller.go:151] Successfully synced 'openshift-must-gather-5xcqk/perf-node-gather-daemonset-lgzgt'
