2026-01-28T09:42:23.435944293Z ++ K8S_NODE=
2026-01-28T09:42:23.436173388Z ++ [[ -n '' ]]
2026-01-28T09:42:23.436210399Z ++ northd_pidfile=/var/run/ovn/ovn-northd.pid
2026-01-28T09:42:23.436242430Z ++ controller_pidfile=/var/run/ovn/ovn-controller.pid
2026-01-28T09:42:23.436272930Z ++ controller_logfile=/var/log/ovn/acl-audit-log.log
2026-01-28T09:42:23.436302841Z ++ vswitch_dbsock=/var/run/openvswitch/db.sock
2026-01-28T09:42:23.436332652Z ++ nbdb_pidfile=/var/run/ovn/ovnnb_db.pid
2026-01-28T09:42:23.436361023Z ++ nbdb_sock=/var/run/ovn/ovnnb_db.sock
2026-01-28T09:42:23.436391623Z ++ nbdb_ctl=/var/run/ovn/ovnnb_db.ctl
2026-01-28T09:42:23.436420124Z ++ sbdb_pidfile=/var/run/ovn/ovnsb_db.pid
2026-01-28T09:42:23.436447874Z ++ sbdb_sock=/var/run/ovn/ovnsb_db.sock
2026-01-28T09:42:23.436475105Z ++ sbdb_ctl=/var/run/ovn/ovnsb_db.ctl
2026-01-28T09:42:23.438049740Z + start-audit-log-rotation
2026-01-28T09:42:23.438049740Z + MAXFILESIZE=50000000
2026-01-28T09:42:23.438071141Z + MAXLOGFILES=5
2026-01-28T09:42:23.438646203Z ++ dirname /var/log/ovn/acl-audit-log.log
2026-01-28T09:42:23.440712660Z + LOGDIR=/var/log/ovn
2026-01-28T09:42:23.440763761Z + local retries=0
2026-01-28T09:42:23.440803942Z + [[ 30 -gt 0 ]]
2026-01-28T09:42:23.440836502Z + ((  retries += 1  ))
2026-01-28T09:42:23.441216221Z ++ cat /var/run/ovn/ovn-controller.pid
2026-01-28T09:42:23.442991830Z + CONTROLLERPID=3004
2026-01-28T09:42:23.443023171Z + [[ -n 3004 ]]
2026-01-28T09:42:23.443023171Z + break
2026-01-28T09:42:23.443023171Z + [[ -z 3004 ]]
2026-01-28T09:42:23.443201705Z + true
2026-01-28T09:42:23.443262706Z + tail -F /var/log/ovn/acl-audit-log.log
2026-01-28T09:42:23.443262706Z + '[' -f /var/log/ovn/acl-audit-log.log ']'
2026-01-28T09:42:23.443906191Z ++ du -b /var/log/ovn/acl-audit-log.log
2026-01-28T09:42:23.444261729Z ++ tr -s '\t' ' '
2026-01-28T09:42:23.445134448Z ++ cut '-d ' -f1
2026-01-28T09:42:23.448613576Z + file_size=0
2026-01-28T09:42:23.448707348Z + '[' 0 -gt 50000000 ']'
2026-01-28T09:42:23.449339462Z ++ ls -1 /var/log/ovn/acl-audit-log.log
2026-01-28T09:42:23.449790962Z ++ wc -l
2026-01-28T09:42:23.455850347Z + num_files=1
2026-01-28T09:42:23.455939889Z + '[' 1 -gt 5 ']'
2026-01-28T09:42:23.455980110Z + sleep 30
2026-01-28T09:42:53.458014767Z + true
2026-01-28T09:42:53.458014767Z + '[' -f /var/log/ovn/acl-audit-log.log ']'
2026-01-28T09:42:53.458819378Z ++ du -b /var/log/ovn/acl-audit-log.log
2026-01-28T09:42:53.458976532Z ++ tr -s '\t' ' '
2026-01-28T09:42:53.459189807Z ++ cut '-d ' -f1
2026-01-28T09:42:53.460916472Z + file_size=0
2026-01-28T09:42:53.460956023Z + '[' 0 -gt 50000000 ']'
2026-01-28T09:42:53.461434226Z ++ ls -1 /var/log/ovn/acl-audit-log.log
2026-01-28T09:42:53.461512428Z ++ wc -l
2026-01-28T09:42:53.462966076Z + num_files=1
2026-01-28T09:42:53.462982666Z + '[' 1 -gt 5 ']'
2026-01-28T09:42:53.462982666Z + sleep 30
2026-01-28T09:43:23.464555907Z + true
2026-01-28T09:43:23.464555907Z + '[' -f /var/log/ovn/acl-audit-log.log ']'
2026-01-28T09:43:23.465200273Z ++ du -b /var/log/ovn/acl-audit-log.log
2026-01-28T09:43:23.465338106Z ++ tr -s '\t' ' '
2026-01-28T09:43:23.465528931Z ++ cut '-d ' -f1
2026-01-28T09:43:23.467275105Z + file_size=0
2026-01-28T09:43:23.467303166Z + '[' 0 -gt 50000000 ']'
2026-01-28T09:43:23.467779238Z ++ ls -1 /var/log/ovn/acl-audit-log.log
2026-01-28T09:43:23.467862700Z ++ wc -l
2026-01-28T09:43:23.469342227Z + num_files=1
2026-01-28T09:43:23.469369318Z + '[' 1 -gt 5 ']'
2026-01-28T09:43:23.469369318Z + sleep 30
2026-01-28T09:43:53.471229544Z + true
2026-01-28T09:43:53.471320436Z + '[' -f /var/log/ovn/acl-audit-log.log ']'
2026-01-28T09:43:53.472067175Z ++ du -b /var/log/ovn/acl-audit-log.log
2026-01-28T09:43:53.472224209Z ++ tr -s '\t' ' '
2026-01-28T09:43:53.472433404Z ++ cut '-d ' -f1
2026-01-28T09:43:53.474209038Z + file_size=0
2026-01-28T09:43:53.474247049Z + '[' 0 -gt 50000000 ']'
2026-01-28T09:43:53.474844424Z ++ ls -1 /var/log/ovn/acl-audit-log.log
2026-01-28T09:43:53.474878454Z ++ wc -l
2026-01-28T09:43:53.476957176Z + num_files=1
2026-01-28T09:43:53.477036458Z + '[' 1 -gt 5 ']'
2026-01-28T09:43:53.477036458Z + sleep 30
2026-01-28T09:44:23.478845049Z + true
2026-01-28T09:44:23.478845049Z + '[' -f /var/log/ovn/acl-audit-log.log ']'
2026-01-28T09:44:23.479485994Z ++ du -b /var/log/ovn/acl-audit-log.log
2026-01-28T09:44:23.479636248Z ++ tr -s '\t' ' '
2026-01-28T09:44:23.479817992Z ++ cut '-d ' -f1
2026-01-28T09:44:23.481577933Z + file_size=0
2026-01-28T09:44:23.481577933Z + '[' 0 -gt 50000000 ']'
2026-01-28T09:44:23.482106855Z ++ ls -1 /var/log/ovn/acl-audit-log.log
2026-01-28T09:44:23.482172157Z ++ wc -l
2026-01-28T09:44:23.483796394Z + num_files=1
2026-01-28T09:44:23.483825665Z + '[' 1 -gt 5 ']'
2026-01-28T09:44:23.483825665Z + sleep 30
2026-01-28T09:44:53.485366753Z + true
2026-01-28T09:44:53.485366753Z + '[' -f /var/log/ovn/acl-audit-log.log ']'
2026-01-28T09:44:53.485987457Z ++ du -b /var/log/ovn/acl-audit-log.log
2026-01-28T09:44:53.486104660Z ++ tr -s '\t' ' '
2026-01-28T09:44:53.486338185Z ++ cut '-d ' -f1
2026-01-28T09:44:53.488091954Z + file_size=0
2026-01-28T09:44:53.488118384Z + '[' 0 -gt 50000000 ']'
2026-01-28T09:44:53.488614435Z ++ ls -1 /var/log/ovn/acl-audit-log.log
2026-01-28T09:44:53.488710327Z ++ wc -l
2026-01-28T09:44:53.490157680Z + num_files=1
2026-01-28T09:44:53.490183450Z + '[' 1 -gt 5 ']'
2026-01-28T09:44:53.490183450Z + sleep 30
2026-01-28T09:45:23.491908351Z + true
2026-01-28T09:45:23.491908351Z + '[' -f /var/log/ovn/acl-audit-log.log ']'
2026-01-28T09:45:23.492689639Z ++ du -b /var/log/ovn/acl-audit-log.log
2026-01-28T09:45:23.492804082Z ++ tr -s '\t' ' '
2026-01-28T09:45:23.493010017Z ++ cut '-d ' -f1
2026-01-28T09:45:23.494709156Z + file_size=0
2026-01-28T09:45:23.494734167Z + '[' 0 -gt 50000000 ']'
2026-01-28T09:45:23.495253049Z ++ ls -1 /var/log/ovn/acl-audit-log.log
2026-01-28T09:45:23.495332731Z ++ wc -l
2026-01-28T09:45:23.496838496Z + num_files=1
2026-01-28T09:45:23.496866536Z + '[' 1 -gt 5 ']'
2026-01-28T09:45:23.496866536Z + sleep 30
2026-01-28T09:45:53.498406137Z + true
2026-01-28T09:45:53.498406137Z + '[' -f /var/log/ovn/acl-audit-log.log ']'
2026-01-28T09:45:53.499029204Z ++ du -b /var/log/ovn/acl-audit-log.log
2026-01-28T09:45:53.499165268Z ++ tr -s '\t' ' '
2026-01-28T09:45:53.499325053Z ++ cut '-d ' -f1
2026-01-28T09:45:53.501108005Z + file_size=0
2026-01-28T09:45:53.501137576Z + '[' 0 -gt 50000000 ']'
2026-01-28T09:45:53.501655001Z ++ ls -1 /var/log/ovn/acl-audit-log.log
2026-01-28T09:45:53.501754774Z ++ wc -l
2026-01-28T09:45:53.503320439Z + num_files=1
2026-01-28T09:45:53.503353260Z + '[' 1 -gt 5 ']'
2026-01-28T09:45:53.503353260Z + sleep 30
2026-01-28T09:46:23.505152177Z + true
2026-01-28T09:46:23.505241689Z + '[' -f /var/log/ovn/acl-audit-log.log ']'
2026-01-28T09:46:23.505967664Z ++ du -b /var/log/ovn/acl-audit-log.log
2026-01-28T09:46:23.506100007Z ++ tr -s '\t' ' '
2026-01-28T09:46:23.506323091Z ++ cut '-d ' -f1
2026-01-28T09:46:23.508157530Z + file_size=0
2026-01-28T09:46:23.508188701Z + '[' 0 -gt 50000000 ']'
2026-01-28T09:46:23.508797043Z ++ ls -1 /var/log/ovn/acl-audit-log.log
2026-01-28T09:46:23.508957227Z ++ wc -l
2026-01-28T09:46:23.510743114Z + num_files=1
2026-01-28T09:46:23.510772795Z + '[' 1 -gt 5 ']'
2026-01-28T09:46:23.510772795Z + sleep 30
2026-01-28T09:46:53.512460274Z + true
2026-01-28T09:46:53.512517136Z + '[' -f /var/log/ovn/acl-audit-log.log ']'
2026-01-28T09:46:53.513182071Z ++ du -b /var/log/ovn/acl-audit-log.log
2026-01-28T09:46:53.513325054Z ++ tr -s '\t' ' '
2026-01-28T09:46:53.513591300Z ++ cut '-d ' -f1
2026-01-28T09:46:53.515390912Z + file_size=0
2026-01-28T09:46:53.515418013Z + '[' 0 -gt 50000000 ']'
2026-01-28T09:46:53.516056047Z ++ ls -1 /var/log/ovn/acl-audit-log.log
2026-01-28T09:46:53.516135949Z ++ wc -l
2026-01-28T09:46:53.517966581Z + num_files=1
2026-01-28T09:46:53.517998092Z + '[' 1 -gt 5 ']'
2026-01-28T09:46:53.517998092Z + sleep 30
2026-01-28T09:47:23.519454158Z + true
2026-01-28T09:47:23.519506740Z + '[' -f /var/log/ovn/acl-audit-log.log ']'
2026-01-28T09:47:23.520013331Z ++ du -b /var/log/ovn/acl-audit-log.log
2026-01-28T09:47:23.520165525Z ++ tr -s '\t' ' '
2026-01-28T09:47:23.520347529Z ++ cut '-d ' -f1
2026-01-28T09:47:23.522542340Z + file_size=0
2026-01-28T09:47:23.522571780Z + '[' 0 -gt 50000000 ']'
2026-01-28T09:47:23.523138443Z ++ ls -1 /var/log/ovn/acl-audit-log.log
2026-01-28T09:47:23.523203395Z ++ wc -l
2026-01-28T09:47:23.524829592Z + num_files=1
2026-01-28T09:47:23.524859983Z + '[' 1 -gt 5 ']'
2026-01-28T09:47:23.524859983Z + sleep 30
2026-01-28T09:47:53.526655664Z + true
2026-01-28T09:47:53.526655664Z + '[' -f /var/log/ovn/acl-audit-log.log ']'
2026-01-28T09:47:53.527183846Z ++ du -b /var/log/ovn/acl-audit-log.log
2026-01-28T09:47:53.527325780Z ++ tr -s '\t' ' '
2026-01-28T09:47:53.527486224Z ++ cut '-d ' -f1
2026-01-28T09:47:53.529311976Z + file_size=0
2026-01-28T09:47:53.529339907Z + '[' 0 -gt 50000000 ']'
2026-01-28T09:47:53.529808967Z ++ ls -1 /var/log/ovn/acl-audit-log.log
2026-01-28T09:47:53.529910240Z ++ wc -l
2026-01-28T09:47:53.531361083Z + num_files=1
2026-01-28T09:47:53.531388874Z + '[' 1 -gt 5 ']'
2026-01-28T09:47:53.531388874Z + sleep 30
2026-01-28T09:48:23.532882227Z + true
2026-01-28T09:48:23.532882227Z + '[' -f /var/log/ovn/acl-audit-log.log ']'
2026-01-28T09:48:23.533508212Z ++ du -b /var/log/ovn/acl-audit-log.log
2026-01-28T09:48:23.533718987Z ++ tr -s '\t' ' '
2026-01-28T09:48:23.533850420Z ++ cut '-d ' -f1
2026-01-28T09:48:23.535695514Z + file_size=0
2026-01-28T09:48:23.535724665Z + '[' 0 -gt 50000000 ']'
2026-01-28T09:48:23.536237727Z ++ ls -1 /var/log/ovn/acl-audit-log.log
2026-01-28T09:48:23.536302599Z ++ wc -l
2026-01-28T09:48:23.537954438Z + num_files=1
2026-01-28T09:48:23.538029190Z + '[' 1 -gt 5 ']'
2026-01-28T09:48:23.538067391Z + sleep 30
2026-01-28T09:48:53.539684134Z + true
2026-01-28T09:48:53.539684134Z + '[' -f /var/log/ovn/acl-audit-log.log ']'
2026-01-28T09:48:53.540260618Z ++ du -b /var/log/ovn/acl-audit-log.log
2026-01-28T09:48:53.540610186Z ++ cut '-d ' -f1
2026-01-28T09:48:53.540610186Z ++ tr -s '\t' ' '
2026-01-28T09:48:53.542378467Z + file_size=0
2026-01-28T09:48:53.542409218Z + '[' 0 -gt 50000000 ']'
2026-01-28T09:48:53.542908780Z ++ ls -1 /var/log/ovn/acl-audit-log.log
2026-01-28T09:48:53.543031663Z ++ wc -l
2026-01-28T09:48:53.544541688Z + num_files=1
2026-01-28T09:48:53.544570368Z + '[' 1 -gt 5 ']'
2026-01-28T09:48:53.544570368Z + sleep 30
2026-01-28T09:49:23.546064803Z + true
2026-01-28T09:49:23.546120435Z + '[' -f /var/log/ovn/acl-audit-log.log ']'
2026-01-28T09:49:23.546623126Z ++ du -b /var/log/ovn/acl-audit-log.log
2026-01-28T09:49:23.546747438Z ++ tr -s '\t' ' '
2026-01-28T09:49:23.546984074Z ++ cut '-d ' -f1
2026-01-28T09:49:23.548864746Z + file_size=0
2026-01-28T09:49:23.548897616Z + '[' 0 -gt 50000000 ']'
2026-01-28T09:49:23.550559594Z ++ ls -1 /var/log/ovn/acl-audit-log.log
2026-01-28T09:49:23.550559594Z ++ wc -l
2026-01-28T09:49:23.551486634Z + num_files=1
2026-01-28T09:49:23.551516235Z + '[' 1 -gt 5 ']'
2026-01-28T09:49:23.551516235Z + sleep 30
2026-01-28T09:49:53.553286575Z + true
2026-01-28T09:49:53.553286575Z + '[' -f /var/log/ovn/acl-audit-log.log ']'
2026-01-28T09:49:53.553875509Z ++ du -b /var/log/ovn/acl-audit-log.log
2026-01-28T09:49:53.554084764Z ++ tr -s '\t' ' '
2026-01-28T09:49:53.554244838Z ++ cut '-d ' -f1
2026-01-28T09:49:53.556033540Z + file_size=0
2026-01-28T09:49:53.556059810Z + '[' 0 -gt 50000000 ']'
2026-01-28T09:49:53.556717486Z ++ ls -1 /var/log/ovn/acl-audit-log.log
2026-01-28T09:49:53.556836098Z ++ wc -l
2026-01-28T09:49:53.558501517Z + num_files=1
2026-01-28T09:49:53.558530368Z + '[' 1 -gt 5 ']'
2026-01-28T09:49:53.558530368Z + sleep 30
2026-01-28T09:50:23.560113747Z + true
2026-01-28T09:50:23.560176609Z + '[' -f /var/log/ovn/acl-audit-log.log ']'
2026-01-28T09:50:23.560705211Z ++ du -b /var/log/ovn/acl-audit-log.log
2026-01-28T09:50:23.560862674Z ++ tr -s '\t' ' '
2026-01-28T09:50:23.561042089Z ++ cut '-d ' -f1
2026-01-28T09:50:23.562800750Z + file_size=0
2026-01-28T09:50:23.562832420Z + '[' 0 -gt 50000000 ']'
2026-01-28T09:50:23.563347152Z ++ ls -1 /var/log/ovn/acl-audit-log.log
2026-01-28T09:50:23.563428594Z ++ wc -l
2026-01-28T09:50:23.564907338Z + num_files=1
2026-01-28T09:50:23.564957120Z + '[' 1 -gt 5 ']'
2026-01-28T09:50:23.564957120Z + sleep 30
2026-01-28T09:50:53.566473430Z + true
2026-01-28T09:50:53.566541372Z + '[' -f /var/log/ovn/acl-audit-log.log ']'
2026-01-28T09:50:53.567133576Z ++ du -b /var/log/ovn/acl-audit-log.log
2026-01-28T09:50:53.567342100Z ++ tr -s '\t' ' '
2026-01-28T09:50:53.567564855Z ++ cut '-d ' -f1
2026-01-28T09:50:53.569194483Z + file_size=0
2026-01-28T09:50:53.569220044Z + '[' 0 -gt 50000000 ']'
2026-01-28T09:50:53.569706675Z ++ ls -1 /var/log/ovn/acl-audit-log.log
2026-01-28T09:50:53.569799307Z ++ wc -l
2026-01-28T09:50:53.571337762Z + num_files=1
2026-01-28T09:50:53.571362803Z + '[' 1 -gt 5 ']'
2026-01-28T09:50:53.571362803Z + sleep 30
2026-01-28T09:51:23.572985317Z + true
2026-01-28T09:51:23.573040798Z + '[' -f /var/log/ovn/acl-audit-log.log ']'
2026-01-28T09:51:23.573673843Z ++ du -b /var/log/ovn/acl-audit-log.log
2026-01-28T09:51:23.573803546Z ++ tr -s '\t' ' '
2026-01-28T09:51:23.574040422Z ++ cut '-d ' -f1
2026-01-28T09:51:23.575842634Z + file_size=0
2026-01-28T09:51:23.575868354Z + '[' 0 -gt 50000000 ']'
2026-01-28T09:51:23.576388397Z ++ ls -1 /var/log/ovn/acl-audit-log.log
2026-01-28T09:51:23.576476948Z ++ wc -l
2026-01-28T09:51:23.578096686Z + num_files=1
2026-01-28T09:51:23.578121427Z + '[' 1 -gt 5 ']'
2026-01-28T09:51:23.578121427Z + sleep 30
2026-01-28T09:51:53.579718135Z + true
2026-01-28T09:51:53.579718135Z + '[' -f /var/log/ovn/acl-audit-log.log ']'
2026-01-28T09:51:53.580422421Z ++ du -b /var/log/ovn/acl-audit-log.log
2026-01-28T09:51:53.580594035Z ++ tr -s '\t' ' '
2026-01-28T09:51:53.580783629Z ++ cut '-d ' -f1
2026-01-28T09:51:53.582505400Z + file_size=0
2026-01-28T09:51:53.582532680Z + '[' 0 -gt 50000000 ']'
2026-01-28T09:51:53.583058522Z ++ ls -1 /var/log/ovn/acl-audit-log.log
2026-01-28T09:51:53.583152015Z ++ wc -l
2026-01-28T09:51:53.584612658Z + num_files=1
2026-01-28T09:51:53.584640989Z + '[' 1 -gt 5 ']'
2026-01-28T09:51:53.584640989Z + sleep 30
2026-01-28T09:52:23.586220709Z + true
2026-01-28T09:52:23.586220709Z + '[' -f /var/log/ovn/acl-audit-log.log ']'
2026-01-28T09:52:23.586803173Z ++ du -b /var/log/ovn/acl-audit-log.log
2026-01-28T09:52:23.586985357Z ++ tr -s '\t' ' '
2026-01-28T09:52:23.587187682Z ++ cut '-d ' -f1
2026-01-28T09:52:23.588858881Z + file_size=0
2026-01-28T09:52:23.588884341Z + '[' 0 -gt 50000000 ']'
2026-01-28T09:52:23.589387953Z ++ ls -1 /var/log/ovn/acl-audit-log.log
2026-01-28T09:52:23.589515036Z ++ wc -l
2026-01-28T09:52:23.591002640Z + num_files=1
2026-01-28T09:52:23.591030611Z + '[' 1 -gt 5 ']'
2026-01-28T09:52:23.591030611Z + sleep 30
2026-01-28T09:52:53.592620038Z + true
2026-01-28T09:52:53.592620038Z + '[' -f /var/log/ovn/acl-audit-log.log ']'
2026-01-28T09:52:53.593267623Z ++ du -b /var/log/ovn/acl-audit-log.log
2026-01-28T09:52:53.593751154Z ++ tr -s '\t' ' '
2026-01-28T09:52:53.593751154Z ++ cut '-d ' -f1
2026-01-28T09:52:53.595350361Z + file_size=0
2026-01-28T09:52:53.595380222Z + '[' 0 -gt 50000000 ']'
2026-01-28T09:52:53.595870343Z ++ ls -1 /var/log/ovn/acl-audit-log.log
2026-01-28T09:52:53.595965845Z ++ wc -l
2026-01-28T09:52:53.597473980Z + num_files=1
2026-01-28T09:52:53.597502391Z + '[' 1 -gt 5 ']'
2026-01-28T09:52:53.597502391Z + sleep 30
2026-01-28T09:53:23.599096078Z + true
2026-01-28T09:53:23.599096078Z + '[' -f /var/log/ovn/acl-audit-log.log ']'
2026-01-28T09:53:23.599695242Z ++ du -b /var/log/ovn/acl-audit-log.log
2026-01-28T09:53:23.599848316Z ++ tr -s '\t' ' '
2026-01-28T09:53:23.600039770Z ++ cut '-d ' -f1
2026-01-28T09:53:23.601757140Z + file_size=0
2026-01-28T09:53:23.601781901Z + '[' 0 -gt 50000000 ']'
2026-01-28T09:53:23.602302913Z ++ ls -1 /var/log/ovn/acl-audit-log.log
2026-01-28T09:53:23.602368084Z ++ wc -l
2026-01-28T09:53:23.603840889Z + num_files=1
2026-01-28T09:53:23.603870359Z + '[' 1 -gt 5 ']'
2026-01-28T09:53:23.603870359Z + sleep 30
2026-01-28T09:53:53.605478596Z + true
2026-01-28T09:53:53.605478596Z + '[' -f /var/log/ovn/acl-audit-log.log ']'
2026-01-28T09:53:53.606114411Z ++ du -b /var/log/ovn/acl-audit-log.log
2026-01-28T09:53:53.606225753Z ++ tr -s '\t' ' '
2026-01-28T09:53:53.606421588Z ++ cut '-d ' -f1
2026-01-28T09:53:53.608179199Z + file_size=0
2026-01-28T09:53:53.608205729Z + '[' 0 -gt 50000000 ']'
2026-01-28T09:53:53.608703311Z ++ ls -1 /var/log/ovn/acl-audit-log.log
2026-01-28T09:53:53.608784353Z ++ wc -l
2026-01-28T09:53:53.610243466Z + num_files=1
2026-01-28T09:53:53.610268037Z + '[' 1 -gt 5 ']'
2026-01-28T09:53:53.610268037Z + sleep 30
2026-01-28T09:54:23.611798232Z + true
2026-01-28T09:54:23.611798232Z + '[' -f /var/log/ovn/acl-audit-log.log ']'
2026-01-28T09:54:23.612371145Z ++ du -b /var/log/ovn/acl-audit-log.log
2026-01-28T09:54:23.612551379Z ++ tr -s '\t' ' '
2026-01-28T09:54:23.612736944Z ++ cut '-d ' -f1
2026-01-28T09:54:23.614381902Z + file_size=0
2026-01-28T09:54:23.614408823Z + '[' 0 -gt 50000000 ']'
2026-01-28T09:54:23.614901274Z ++ ls -1 /var/log/ovn/acl-audit-log.log
2026-01-28T09:54:23.614984326Z ++ wc -l
2026-01-28T09:54:23.616592403Z + num_files=1
2026-01-28T09:54:23.616620164Z + '[' 1 -gt 5 ']'
2026-01-28T09:54:23.616620164Z + sleep 30
2026-01-28T09:54:53.618227502Z + true
2026-01-28T09:54:53.618302104Z + '[' -f /var/log/ovn/acl-audit-log.log ']'
2026-01-28T09:54:53.618834787Z ++ du -b /var/log/ovn/acl-audit-log.log
2026-01-28T09:54:53.619001720Z ++ tr -s '\t' ' '
2026-01-28T09:54:53.619153334Z ++ cut '-d ' -f1
2026-01-28T09:54:53.620998647Z + file_size=0
2026-01-28T09:54:53.621025437Z + '[' 0 -gt 50000000 ']'
2026-01-28T09:54:53.621508609Z ++ ls -1 /var/log/ovn/acl-audit-log.log
2026-01-28T09:54:53.621593240Z ++ wc -l
2026-01-28T09:54:53.623155377Z + num_files=1
2026-01-28T09:54:53.623183948Z + '[' 1 -gt 5 ']'
2026-01-28T09:54:53.623183948Z + sleep 30
2026-01-28T09:55:23.624780077Z + true
2026-01-28T09:55:23.624780077Z + '[' -f /var/log/ovn/acl-audit-log.log ']'
2026-01-28T09:55:23.625483974Z ++ du -b /var/log/ovn/acl-audit-log.log
2026-01-28T09:55:23.625613166Z ++ tr -s '\t' ' '
2026-01-28T09:55:23.625815081Z ++ cut '-d ' -f1
2026-01-28T09:55:23.627730986Z + file_size=0
2026-01-28T09:55:23.627762357Z + '[' 0 -gt 50000000 ']'
2026-01-28T09:55:23.628335800Z ++ ls -1 /var/log/ovn/acl-audit-log.log
2026-01-28T09:55:23.628483044Z ++ wc -l
2026-01-28T09:55:23.629984808Z + num_files=1
2026-01-28T09:55:23.630011639Z + '[' 1 -gt 5 ']'
2026-01-28T09:55:23.630011639Z + sleep 30
2026-01-28T09:55:53.631599053Z + true
2026-01-28T09:55:53.631599053Z + '[' -f /var/log/ovn/acl-audit-log.log ']'
2026-01-28T09:55:53.632256368Z ++ du -b /var/log/ovn/acl-audit-log.log
2026-01-28T09:55:53.632391891Z ++ tr -s '\t' ' '
2026-01-28T09:55:53.632585296Z ++ cut '-d ' -f1
2026-01-28T09:55:53.634323606Z + file_size=0
2026-01-28T09:55:53.634358037Z + '[' 0 -gt 50000000 ']'
2026-01-28T09:55:53.634849108Z ++ ls -1 /var/log/ovn/acl-audit-log.log
2026-01-28T09:55:53.634947530Z ++ wc -l
2026-01-28T09:55:53.636411974Z + num_files=1
2026-01-28T09:55:53.636439295Z + '[' 1 -gt 5 ']'
2026-01-28T09:55:53.636439295Z + sleep 30
2026-01-28T09:56:23.638012289Z + true
2026-01-28T09:56:23.638012289Z + '[' -f /var/log/ovn/acl-audit-log.log ']'
2026-01-28T09:56:23.638641043Z ++ du -b /var/log/ovn/acl-audit-log.log
2026-01-28T09:56:23.638745066Z ++ tr -s '\t' ' '
2026-01-28T09:56:23.638993311Z ++ cut '-d ' -f1
2026-01-28T09:56:23.640718221Z + file_size=0
2026-01-28T09:56:23.640746352Z + '[' 0 -gt 50000000 ']'
2026-01-28T09:56:23.641252124Z ++ ls -1 /var/log/ovn/acl-audit-log.log
2026-01-28T09:56:23.641339066Z ++ wc -l
2026-01-28T09:56:23.642846421Z + num_files=1
2026-01-28T09:56:23.642874091Z + '[' 1 -gt 5 ']'
2026-01-28T09:56:23.642874091Z + sleep 30
2026-01-28T09:56:53.644501029Z + true
2026-01-28T09:56:53.644501029Z + '[' -f /var/log/ovn/acl-audit-log.log ']'
2026-01-28T09:56:53.645124063Z ++ du -b /var/log/ovn/acl-audit-log.log
2026-01-28T09:56:53.645231446Z ++ tr -s '\t' ' '
2026-01-28T09:56:53.645446640Z ++ cut '-d ' -f1
2026-01-28T09:56:53.647163840Z + file_size=0
2026-01-28T09:56:53.647194851Z + '[' 0 -gt 50000000 ']'
2026-01-28T09:56:53.647674792Z ++ ls -1 /var/log/ovn/acl-audit-log.log
2026-01-28T09:56:53.647818606Z ++ wc -l
2026-01-28T09:56:53.649406492Z + num_files=1
2026-01-28T09:56:53.649435913Z + '[' 1 -gt 5 ']'
2026-01-28T09:56:53.649435913Z + sleep 30
2026-01-28T09:57:23.651217556Z + true
2026-01-28T09:57:23.651217556Z + '[' -f /var/log/ovn/acl-audit-log.log ']'
2026-01-28T09:57:23.651788049Z ++ du -b /var/log/ovn/acl-audit-log.log
2026-01-28T09:57:23.651956823Z ++ tr -s '\t' ' '
2026-01-28T09:57:23.652104286Z ++ cut '-d ' -f1
2026-01-28T09:57:23.653865547Z + file_size=0
2026-01-28T09:57:23.653891908Z + '[' 0 -gt 50000000 ']'
2026-01-28T09:57:23.654396020Z ++ ls -1 /var/log/ovn/acl-audit-log.log
2026-01-28T09:57:23.654485131Z ++ wc -l
2026-01-28T09:57:23.655986546Z + num_files=1
2026-01-28T09:57:23.656012027Z + '[' 1 -gt 5 ']'
2026-01-28T09:57:23.656012027Z + sleep 30
2026-01-28T09:57:53.657604694Z + true
2026-01-28T09:57:53.657604694Z + '[' -f /var/log/ovn/acl-audit-log.log ']'
2026-01-28T09:57:53.658214078Z ++ du -b /var/log/ovn/acl-audit-log.log
2026-01-28T09:57:53.658351061Z ++ tr -s '\t' ' '
2026-01-28T09:57:53.658562596Z ++ cut '-d ' -f1
2026-01-28T09:57:53.660309666Z + file_size=0
2026-01-28T09:57:53.660342507Z + '[' 0 -gt 50000000 ']'
2026-01-28T09:57:53.660864219Z ++ ls -1 /var/log/ovn/acl-audit-log.log
2026-01-28T09:57:53.660962292Z ++ wc -l
2026-01-28T09:57:53.662443726Z + num_files=1
2026-01-28T09:57:53.662469707Z + '[' 1 -gt 5 ']'
2026-01-28T09:57:53.662469707Z + sleep 30
2026-01-28T09:58:23.664083829Z + true
2026-01-28T09:58:23.664083829Z + '[' -f /var/log/ovn/acl-audit-log.log ']'
2026-01-28T09:58:23.664690633Z ++ du -b /var/log/ovn/acl-audit-log.log
2026-01-28T09:58:23.664874887Z ++ tr -s '\t' ' '
2026-01-28T09:58:23.665071502Z ++ cut '-d ' -f1
2026-01-28T09:58:23.666831942Z + file_size=0
2026-01-28T09:58:23.666857183Z + '[' 0 -gt 50000000 ']'
2026-01-28T09:58:23.667366995Z ++ ls -1 /var/log/ovn/acl-audit-log.log
2026-01-28T09:58:23.667445787Z ++ wc -l
2026-01-28T09:58:23.668937041Z + num_files=1
2026-01-28T09:58:23.668965872Z + '[' 1 -gt 5 ']'
2026-01-28T09:58:23.668965872Z + sleep 30
2026-01-28T09:58:53.672359152Z + true
2026-01-28T09:58:53.672359152Z + '[' -f /var/log/ovn/acl-audit-log.log ']'
2026-01-28T09:58:53.673767343Z ++ cut '-d ' -f1
2026-01-28T09:58:53.674957570Z ++ du -b /var/log/ovn/acl-audit-log.log
2026-01-28T09:58:53.674957570Z ++ tr -s '\t' ' '
2026-01-28T09:58:53.678250784Z + file_size=0
2026-01-28T09:58:53.678325406Z + '[' 0 -gt 50000000 ']'
2026-01-28T09:58:53.684113276Z ++ wc -l
2026-01-28T09:58:53.686163682Z ++ ls -1 /var/log/ovn/acl-audit-log.log
2026-01-28T09:58:53.689012426Z + num_files=1
2026-01-28T09:58:53.689076928Z + '[' 1 -gt 5 ']'
2026-01-28T09:58:53.689107279Z + sleep 30
2026-01-28T09:59:23.692878349Z + true
2026-01-28T09:59:23.692878349Z + '[' -f /var/log/ovn/acl-audit-log.log ']'
2026-01-28T09:59:23.693595086Z ++ du -b /var/log/ovn/acl-audit-log.log
2026-01-28T09:59:23.693871972Z ++ tr -s '\t' ' '
2026-01-28T09:59:23.694009845Z ++ cut '-d ' -f1
2026-01-28T09:59:23.695987841Z + file_size=0
2026-01-28T09:59:23.696014102Z + '[' 0 -gt 50000000 ']'
2026-01-28T09:59:23.696640136Z ++ ls -1 /var/log/ovn/acl-audit-log.log
2026-01-28T09:59:23.696742399Z ++ wc -l
2026-01-28T09:59:23.698569421Z + num_files=1
2026-01-28T09:59:23.698596531Z + '[' 1 -gt 5 ']'
2026-01-28T09:59:23.698596531Z + sleep 30
2026-01-28T09:59:53.700312401Z + true
2026-01-28T09:59:53.700312401Z + '[' -f /var/log/ovn/acl-audit-log.log ']'
2026-01-28T09:59:53.700808032Z ++ du -b /var/log/ovn/acl-audit-log.log
2026-01-28T09:59:53.700983207Z ++ tr -s '\t' ' '
2026-01-28T09:59:53.701118410Z ++ cut '-d ' -f1
2026-01-28T09:59:53.702831399Z + file_size=0
2026-01-28T09:59:53.702856400Z + '[' 0 -gt 50000000 ']'
2026-01-28T09:59:53.703358542Z ++ ls -1 /var/log/ovn/acl-audit-log.log
2026-01-28T09:59:53.703433013Z ++ wc -l
2026-01-28T09:59:53.704907887Z + num_files=1
2026-01-28T09:59:53.704953188Z + '[' 1 -gt 5 ']'
2026-01-28T09:59:53.704953188Z + sleep 30
2026-01-28T10:00:23.706633705Z + true
2026-01-28T10:00:23.706633705Z + '[' -f /var/log/ovn/acl-audit-log.log ']'
2026-01-28T10:00:23.707268010Z ++ du -b /var/log/ovn/acl-audit-log.log
2026-01-28T10:00:23.707377642Z ++ tr -s '\t' ' '
2026-01-28T10:00:23.707577157Z ++ cut '-d ' -f1
2026-01-28T10:00:23.709310877Z + file_size=0
2026-01-28T10:00:23.709341028Z + '[' 0 -gt 50000000 ']'
2026-01-28T10:00:23.709872100Z ++ ls -1 /var/log/ovn/acl-audit-log.log
2026-01-28T10:00:23.710040234Z ++ wc -l
2026-01-28T10:00:23.711531679Z + num_files=1
2026-01-28T10:00:23.711558980Z + '[' 1 -gt 5 ']'
2026-01-28T10:00:23.711558980Z + sleep 30
2026-01-28T10:00:53.713171302Z + true
2026-01-28T10:00:53.713235063Z + '[' -f /var/log/ovn/acl-audit-log.log ']'
2026-01-28T10:00:53.713777676Z ++ du -b /var/log/ovn/acl-audit-log.log
2026-01-28T10:00:53.714018061Z ++ tr -s '\t' ' '
2026-01-28T10:00:53.714178135Z ++ cut '-d ' -f1
2026-01-28T10:00:53.715986367Z + file_size=0
2026-01-28T10:00:53.716024407Z + '[' 0 -gt 50000000 ']'
2026-01-28T10:00:53.716505708Z ++ ls -1 /var/log/ovn/acl-audit-log.log
2026-01-28T10:00:53.716637042Z ++ wc -l
2026-01-28T10:00:53.718270899Z + num_files=1
2026-01-28T10:00:53.718298520Z + '[' 1 -gt 5 ']'
2026-01-28T10:00:53.718298520Z + sleep 30
2026-01-28T10:01:23.719890554Z + true
2026-01-28T10:01:23.719890554Z + '[' -f /var/log/ovn/acl-audit-log.log ']'
2026-01-28T10:01:23.720531949Z ++ du -b /var/log/ovn/acl-audit-log.log
2026-01-28T10:01:23.720668232Z ++ tr -s '\t' ' '
2026-01-28T10:01:23.720860326Z ++ cut '-d ' -f1
2026-01-28T10:01:23.722609887Z + file_size=0
2026-01-28T10:01:23.722634047Z + '[' 0 -gt 50000000 ']'
2026-01-28T10:01:23.723137679Z ++ ls -1 /var/log/ovn/acl-audit-log.log
2026-01-28T10:01:23.723217591Z ++ wc -l
2026-01-28T10:01:23.724713056Z + num_files=1
2026-01-28T10:01:23.724740496Z + '[' 1 -gt 5 ']'
2026-01-28T10:01:23.724740496Z + sleep 30
2026-01-28T10:01:53.726320797Z + true
2026-01-28T10:01:53.726320797Z + '[' -f /var/log/ovn/acl-audit-log.log ']'
2026-01-28T10:01:53.726874520Z ++ du -b /var/log/ovn/acl-audit-log.log
2026-01-28T10:01:53.727077284Z ++ tr -s '\t' ' '
2026-01-28T10:01:53.727266838Z ++ cut '-d ' -f1
2026-01-28T10:01:53.728912596Z + file_size=0
2026-01-28T10:01:53.728956078Z + '[' 0 -gt 50000000 ']'
2026-01-28T10:01:53.729456379Z ++ ls -1 /var/log/ovn/acl-audit-log.log
2026-01-28T10:01:53.729542761Z ++ wc -l
2026-01-28T10:01:53.731150418Z + num_files=1
2026-01-28T10:01:53.731174599Z + '[' 1 -gt 5 ']'
2026-01-28T10:01:53.731174599Z + sleep 30
2026-01-28T10:02:23.732805048Z + true
2026-01-28T10:02:23.733001923Z + '[' -f /var/log/ovn/acl-audit-log.log ']'
2026-01-28T10:02:23.733556606Z ++ du -b /var/log/ovn/acl-audit-log.log
2026-01-28T10:02:23.733967875Z ++ cut '-d ' -f1
2026-01-28T10:02:23.735024089Z ++ tr -s '\t' ' '
2026-01-28T10:02:23.736635437Z + file_size=0
2026-01-28T10:02:23.736660917Z + '[' 0 -gt 50000000 ']'
2026-01-28T10:02:23.737184209Z ++ ls -1 /var/log/ovn/acl-audit-log.log
2026-01-28T10:02:23.737273731Z ++ wc -l
2026-01-28T10:02:23.738722525Z + num_files=1
2026-01-28T10:02:23.738749175Z + '[' 1 -gt 5 ']'
2026-01-28T10:02:23.738749175Z + sleep 30
2026-01-28T10:02:53.740361629Z + true
2026-01-28T10:02:53.740424871Z + '[' -f /var/log/ovn/acl-audit-log.log ']'
2026-01-28T10:02:53.740950983Z ++ du -b /var/log/ovn/acl-audit-log.log
2026-01-28T10:02:53.741091436Z ++ tr -s '\t' ' '
2026-01-28T10:02:53.741310981Z ++ cut '-d ' -f1
2026-01-28T10:02:53.743012790Z + file_size=0
2026-01-28T10:02:53.743054501Z + '[' 0 -gt 50000000 ']'
2026-01-28T10:02:53.743521512Z ++ ls -1 /var/log/ovn/acl-audit-log.log
2026-01-28T10:02:53.743594934Z ++ wc -l
2026-01-28T10:02:53.745094518Z + num_files=1
2026-01-28T10:02:53.745119809Z + '[' 1 -gt 5 ']'
2026-01-28T10:02:53.745119809Z + sleep 30
2026-01-28T10:03:23.746695689Z + true
2026-01-28T10:03:23.746695689Z + '[' -f /var/log/ovn/acl-audit-log.log ']'
2026-01-28T10:03:23.747618341Z ++ du -b /var/log/ovn/acl-audit-log.log
2026-01-28T10:03:23.747618341Z ++ tr -s '\t' ' '
2026-01-28T10:03:23.747715693Z ++ cut '-d ' -f1
2026-01-28T10:03:23.749587326Z + file_size=0
2026-01-28T10:03:23.749618977Z + '[' 0 -gt 50000000 ']'
2026-01-28T10:03:23.750134589Z ++ ls -1 /var/log/ovn/acl-audit-log.log
2026-01-28T10:03:23.750214261Z ++ wc -l
2026-01-28T10:03:23.751669114Z + num_files=1
2026-01-28T10:03:23.751701145Z + '[' 1 -gt 5 ']'
2026-01-28T10:03:23.751701145Z + sleep 30
2026-01-28T10:03:53.753283874Z + true
2026-01-28T10:03:53.753346786Z + '[' -f /var/log/ovn/acl-audit-log.log ']'
2026-01-28T10:03:53.753860358Z ++ du -b /var/log/ovn/acl-audit-log.log
2026-01-28T10:03:53.754050322Z ++ tr -s '\t' ' '
2026-01-28T10:03:53.754195755Z ++ cut '-d ' -f1
2026-01-28T10:03:53.755973597Z + file_size=0
2026-01-28T10:03:53.756000847Z + '[' 0 -gt 50000000 ']'
2026-01-28T10:03:53.756488449Z ++ ls -1 /var/log/ovn/acl-audit-log.log
2026-01-28T10:03:53.756560510Z ++ wc -l
2026-01-28T10:03:53.758093316Z + num_files=1
2026-01-28T10:03:53.758131837Z + '[' 1 -gt 5 ']'
2026-01-28T10:03:53.758131837Z + sleep 30
2026-01-28T10:04:23.759825345Z + true
2026-01-28T10:04:23.759825345Z + '[' -f /var/log/ovn/acl-audit-log.log ']'
2026-01-28T10:04:23.760499530Z ++ du -b /var/log/ovn/acl-audit-log.log
2026-01-28T10:04:23.760639273Z ++ tr -s '\t' ' '
2026-01-28T10:04:23.760844588Z ++ cut '-d ' -f1
2026-01-28T10:04:23.762607609Z + file_size=0
2026-01-28T10:04:23.762634099Z + '[' 0 -gt 50000000 ']'
2026-01-28T10:04:23.763145911Z ++ ls -1 /var/log/ovn/acl-audit-log.log
2026-01-28T10:04:23.763239273Z ++ wc -l
2026-01-28T10:04:23.764672177Z + num_files=1
2026-01-28T10:04:23.764707267Z + '[' 1 -gt 5 ']'
2026-01-28T10:04:23.764707267Z + sleep 30
2026-01-28T10:04:53.766280805Z + true
2026-01-28T10:04:53.766280805Z + '[' -f /var/log/ovn/acl-audit-log.log ']'
2026-01-28T10:04:53.766889369Z ++ du -b /var/log/ovn/acl-audit-log.log
2026-01-28T10:04:53.767039112Z ++ tr -s '\t' ' '
2026-01-28T10:04:53.767271548Z ++ cut '-d ' -f1
2026-01-28T10:04:53.769220523Z + file_size=0
2026-01-28T10:04:53.769251394Z + '[' 0 -gt 50000000 ']'
2026-01-28T10:04:53.769753265Z ++ ls -1 /var/log/ovn/acl-audit-log.log
2026-01-28T10:04:53.769848418Z ++ wc -l
2026-01-28T10:04:53.771315101Z + num_files=1
2026-01-28T10:04:53.771344352Z + '[' 1 -gt 5 ']'
2026-01-28T10:04:53.771344352Z + sleep 30
2026-01-28T10:05:23.773240376Z + true
2026-01-28T10:05:23.773240376Z + '[' -f /var/log/ovn/acl-audit-log.log ']'
2026-01-28T10:05:23.773893451Z ++ du -b /var/log/ovn/acl-audit-log.log
2026-01-28T10:05:23.774151757Z ++ tr -s '\t' ' '
2026-01-28T10:05:23.774412784Z ++ cut '-d ' -f1
2026-01-28T10:05:23.776020611Z + file_size=0
2026-01-28T10:05:23.776044832Z + '[' 0 -gt 50000000 ']'
2026-01-28T10:05:23.776530473Z ++ ls -1 /var/log/ovn/acl-audit-log.log
2026-01-28T10:05:23.776620805Z ++ wc -l
2026-01-28T10:05:23.778071639Z + num_files=1
2026-01-28T10:05:23.778099810Z + '[' 1 -gt 5 ']'
2026-01-28T10:05:23.778099810Z + sleep 30
2026-01-28T10:05:53.779627348Z + true
2026-01-28T10:05:53.779677309Z + '[' -f /var/log/ovn/acl-audit-log.log ']'
2026-01-28T10:05:53.780254823Z ++ du -b /var/log/ovn/acl-audit-log.log
2026-01-28T10:05:53.780366576Z ++ tr -s '\t' ' '
2026-01-28T10:05:53.780574861Z ++ cut '-d ' -f1
2026-01-28T10:05:53.782299470Z + file_size=0
2026-01-28T10:05:53.782330001Z + '[' 0 -gt 50000000 ']'
2026-01-28T10:05:53.782812193Z ++ ls -1 /var/log/ovn/acl-audit-log.log
2026-01-28T10:05:53.782891634Z ++ wc -l
2026-01-28T10:05:53.784336288Z + num_files=1
2026-01-28T10:05:53.784364478Z + '[' 1 -gt 5 ']'
2026-01-28T10:05:53.784364478Z + sleep 30
2026-01-28T10:06:23.785869428Z + true
2026-01-28T10:06:23.785869428Z + '[' -f /var/log/ovn/acl-audit-log.log ']'
2026-01-28T10:06:23.786464252Z ++ du -b /var/log/ovn/acl-audit-log.log
2026-01-28T10:06:23.786603395Z ++ tr -s '\t' ' '
2026-01-28T10:06:23.786788519Z ++ cut '-d ' -f1
2026-01-28T10:06:23.788492549Z + file_size=0
2026-01-28T10:06:23.788523209Z + '[' 0 -gt 50000000 ']'
2026-01-28T10:06:23.789043531Z ++ ls -1 /var/log/ovn/acl-audit-log.log
2026-01-28T10:06:23.789125763Z ++ wc -l
2026-01-28T10:06:23.790583347Z + num_files=1
2026-01-28T10:06:23.790611247Z + '[' 1 -gt 5 ']'
2026-01-28T10:06:23.790611247Z + sleep 30
2026-01-28T10:06:53.792456985Z + true
2026-01-28T10:06:53.792456985Z + '[' -f /var/log/ovn/acl-audit-log.log ']'
2026-01-28T10:06:53.793104367Z ++ du -b /var/log/ovn/acl-audit-log.log
2026-01-28T10:06:53.793223280Z ++ tr -s '\t' ' '
2026-01-28T10:06:53.793427293Z ++ cut '-d ' -f1
2026-01-28T10:06:53.795174837Z + file_size=0
2026-01-28T10:06:53.795200567Z + '[' 0 -gt 50000000 ']'
2026-01-28T10:06:53.795689147Z ++ ls -1 /var/log/ovn/acl-audit-log.log
2026-01-28T10:06:53.795773268Z ++ wc -l
2026-01-28T10:06:53.797244987Z + num_files=1
2026-01-28T10:06:53.797273137Z + '[' 1 -gt 5 ']'
2026-01-28T10:06:53.797273137Z + sleep 30
2026-01-28T10:07:23.798846472Z + true
2026-01-28T10:07:23.798846472Z + '[' -f /var/log/ovn/acl-audit-log.log ']'
2026-01-28T10:07:23.799487296Z ++ du -b /var/log/ovn/acl-audit-log.log
2026-01-28T10:07:23.799656060Z ++ tr -s '\t' ' '
2026-01-28T10:07:23.799837315Z ++ cut '-d ' -f1
2026-01-28T10:07:23.801853401Z + file_size=0
2026-01-28T10:07:23.801879722Z + '[' 0 -gt 50000000 ']'
2026-01-28T10:07:23.802400094Z ++ ls -1 /var/log/ovn/acl-audit-log.log
2026-01-28T10:07:23.802458255Z ++ wc -l
2026-01-28T10:07:23.804081133Z + num_files=1
2026-01-28T10:07:23.804104563Z + '[' 1 -gt 5 ']'
2026-01-28T10:07:23.804104563Z + sleep 30
2026-01-28T10:07:53.805681403Z + true
2026-01-28T10:07:53.805746444Z + '[' -f /var/log/ovn/acl-audit-log.log ']'
2026-01-28T10:07:53.806339518Z ++ du -b /var/log/ovn/acl-audit-log.log
2026-01-28T10:07:53.806482641Z ++ tr -s '\t' ' '
2026-01-28T10:07:53.806689306Z ++ cut '-d ' -f1
2026-01-28T10:07:53.808416286Z + file_size=0
2026-01-28T10:07:53.808441567Z + '[' 0 -gt 50000000 ']'
2026-01-28T10:07:53.808948988Z ++ ls -1 /var/log/ovn/acl-audit-log.log
2026-01-28T10:07:53.809044901Z ++ wc -l
2026-01-28T10:07:53.810481434Z + num_files=1
2026-01-28T10:07:53.810508754Z + '[' 1 -gt 5 ']'
2026-01-28T10:07:53.810508754Z + sleep 30
2026-01-28T10:08:23.812096990Z + true
2026-01-28T10:08:23.812096990Z + '[' -f /var/log/ovn/acl-audit-log.log ']'
2026-01-28T10:08:23.812681553Z ++ du -b /var/log/ovn/acl-audit-log.log
2026-01-28T10:08:23.812824047Z ++ tr -s '\t' ' '
2026-01-28T10:08:23.812993651Z ++ cut '-d ' -f1
2026-01-28T10:08:23.814722271Z + file_size=0
2026-01-28T10:08:23.814746501Z + '[' 0 -gt 50000000 ']'
2026-01-28T10:08:23.815254623Z ++ ls -1 /var/log/ovn/acl-audit-log.log
2026-01-28T10:08:23.815340205Z ++ wc -l
2026-01-28T10:08:23.816789948Z + num_files=1
2026-01-28T10:08:23.816817129Z + '[' 1 -gt 5 ']'
2026-01-28T10:08:23.816817129Z + sleep 30
2026-01-28T10:08:53.818506774Z + true
2026-01-28T10:08:53.818506774Z + '[' -f /var/log/ovn/acl-audit-log.log ']'
2026-01-28T10:08:53.819217430Z ++ du -b /var/log/ovn/acl-audit-log.log
2026-01-28T10:08:53.819382024Z ++ tr -s '\t' ' '
2026-01-28T10:08:53.819546908Z ++ cut '-d ' -f1
2026-01-28T10:08:53.821342849Z + file_size=0
2026-01-28T10:08:53.821371270Z + '[' 0 -gt 50000000 ']'
2026-01-28T10:08:53.821860961Z ++ ls -1 /var/log/ovn/acl-audit-log.log
2026-01-28T10:08:53.821953723Z ++ wc -l
2026-01-28T10:08:53.823459198Z + num_files=1
2026-01-28T10:08:53.823499649Z + '[' 1 -gt 5 ']'
2026-01-28T10:08:53.823499649Z + sleep 30
2026-01-28T10:09:23.825084911Z + true
2026-01-28T10:09:23.825134872Z + '[' -f /var/log/ovn/acl-audit-log.log ']'
2026-01-28T10:09:23.825661725Z ++ du -b /var/log/ovn/acl-audit-log.log
2026-01-28T10:09:23.826126866Z ++ tr -s '\t' ' '
2026-01-28T10:09:23.826126866Z ++ cut '-d ' -f1
2026-01-28T10:09:23.827721043Z + file_size=0
2026-01-28T10:09:23.827743813Z + '[' 0 -gt 50000000 ']'
2026-01-28T10:09:23.828260765Z ++ ls -1 /var/log/ovn/acl-audit-log.log
2026-01-28T10:09:23.828351727Z ++ wc -l
2026-01-28T10:09:23.829824121Z + num_files=1
2026-01-28T10:09:23.829847852Z + '[' 1 -gt 5 ']'
2026-01-28T10:09:23.829847852Z + sleep 30
2026-01-28T10:09:53.831509343Z + true
2026-01-28T10:09:53.831509343Z + '[' -f /var/log/ovn/acl-audit-log.log ']'
2026-01-28T10:09:53.832090966Z ++ du -b /var/log/ovn/acl-audit-log.log
2026-01-28T10:09:53.832245059Z ++ tr -s '\t' ' '
2026-01-28T10:09:53.832413033Z ++ cut '-d ' -f1
2026-01-28T10:09:53.834160562Z + file_size=0
2026-01-28T10:09:53.834186243Z + '[' 0 -gt 50000000 ']'
2026-01-28T10:09:53.834677374Z ++ ls -1 /var/log/ovn/acl-audit-log.log
2026-01-28T10:09:53.834753526Z ++ wc -l
2026-01-28T10:09:53.836218459Z + num_files=1
2026-01-28T10:09:53.836246369Z + '[' 1 -gt 5 ']'
2026-01-28T10:09:53.836246369Z + sleep 30
2026-01-28T10:10:23.837857694Z + true
2026-01-28T10:10:23.837857694Z + '[' -f /var/log/ovn/acl-audit-log.log ']'
2026-01-28T10:10:23.838446138Z ++ du -b /var/log/ovn/acl-audit-log.log
2026-01-28T10:10:23.838662203Z ++ tr -s '\t' ' '
2026-01-28T10:10:23.838794306Z ++ cut '-d ' -f1
2026-01-28T10:10:23.840656679Z + file_size=0
2026-01-28T10:10:23.840695810Z + '[' 0 -gt 50000000 ']'
2026-01-28T10:10:23.841219072Z ++ ls -1 /var/log/ovn/acl-audit-log.log
2026-01-28T10:10:23.841325565Z ++ wc -l
2026-01-28T10:10:23.842865670Z + num_files=1
2026-01-28T10:10:23.842890361Z + '[' 1 -gt 5 ']'
2026-01-28T10:10:23.842890361Z + sleep 30
2026-01-28T10:10:53.844430055Z + true
2026-01-28T10:10:53.844430055Z + '[' -f /var/log/ovn/acl-audit-log.log ']'
2026-01-28T10:10:53.845079550Z ++ du -b /var/log/ovn/acl-audit-log.log
2026-01-28T10:10:53.845176302Z ++ tr -s '\t' ' '
2026-01-28T10:10:53.845397427Z ++ cut '-d ' -f1
2026-01-28T10:10:53.847151768Z + file_size=0
2026-01-28T10:10:53.847176688Z + '[' 0 -gt 50000000 ']'
2026-01-28T10:10:53.847667840Z ++ ls -1 /var/log/ovn/acl-audit-log.log
2026-01-28T10:10:53.847764832Z ++ wc -l
2026-01-28T10:10:53.849231066Z + num_files=1
2026-01-28T10:10:53.849255696Z + '[' 1 -gt 5 ']'
2026-01-28T10:10:53.849255696Z + sleep 30
2026-01-28T10:11:23.850819736Z + true
2026-01-28T10:11:23.850819736Z + '[' -f /var/log/ovn/acl-audit-log.log ']'
2026-01-28T10:11:23.851459891Z ++ du -b /var/log/ovn/acl-audit-log.log
2026-01-28T10:11:23.851570683Z ++ tr -s '\t' ' '
2026-01-28T10:11:23.851796219Z ++ cut '-d ' -f1
2026-01-28T10:11:23.853608950Z + file_size=0
2026-01-28T10:11:23.853635551Z + '[' 0 -gt 50000000 ']'
2026-01-28T10:11:23.854156303Z ++ ls -1 /var/log/ovn/acl-audit-log.log
2026-01-28T10:11:23.854245245Z ++ wc -l
2026-01-28T10:11:23.855702719Z + num_files=1
2026-01-28T10:11:23.855727879Z + '[' 1 -gt 5 ']'
2026-01-28T10:11:23.855727879Z + sleep 30
2026-01-28T10:11:53.857290678Z + true
2026-01-28T10:11:53.857290678Z + '[' -f /var/log/ovn/acl-audit-log.log ']'
2026-01-28T10:11:53.857904943Z ++ du -b /var/log/ovn/acl-audit-log.log
2026-01-28T10:11:53.858140518Z ++ tr -s '\t' ' '
2026-01-28T10:11:53.858289911Z ++ cut '-d ' -f1
2026-01-28T10:11:53.860144254Z + file_size=0
2026-01-28T10:11:53.860170345Z + '[' 0 -gt 50000000 ']'
2026-01-28T10:11:53.860664306Z ++ ls -1 /var/log/ovn/acl-audit-log.log
2026-01-28T10:11:53.860757498Z ++ wc -l
2026-01-28T10:11:53.862203612Z + num_files=1
2026-01-28T10:11:53.862230463Z + '[' 1 -gt 5 ']'
2026-01-28T10:11:53.862230463Z + sleep 30
2026-01-28T10:12:23.863875296Z + true
2026-01-28T10:12:23.863875296Z + '[' -f /var/log/ovn/acl-audit-log.log ']'
2026-01-28T10:12:23.864458890Z ++ du -b /var/log/ovn/acl-audit-log.log
2026-01-28T10:12:23.864603673Z ++ tr -s '\t' ' '
2026-01-28T10:12:23.864790227Z ++ cut '-d ' -f1
2026-01-28T10:12:23.866523997Z + file_size=0
2026-01-28T10:12:23.866550188Z + '[' 0 -gt 50000000 ']'
2026-01-28T10:12:23.867062390Z ++ ls -1 /var/log/ovn/acl-audit-log.log
2026-01-28T10:12:23.867144962Z ++ wc -l
2026-01-28T10:12:23.868597565Z + num_files=1
2026-01-28T10:12:23.868624876Z + '[' 1 -gt 5 ']'
2026-01-28T10:12:23.868624876Z + sleep 30
2026-01-28T10:12:53.870197428Z + true
2026-01-28T10:12:53.870197428Z + '[' -f /var/log/ovn/acl-audit-log.log ']'
2026-01-28T10:12:53.870859874Z ++ du -b /var/log/ovn/acl-audit-log.log
2026-01-28T10:12:53.871009987Z ++ tr -s '\t' ' '
2026-01-28T10:12:53.871156291Z ++ cut '-d ' -f1
2026-01-28T10:12:53.873058735Z + file_size=0
2026-01-28T10:12:53.873084955Z + '[' 0 -gt 50000000 ']'
2026-01-28T10:12:53.873583287Z ++ ls -1 /var/log/ovn/acl-audit-log.log
2026-01-28T10:12:53.873647718Z ++ wc -l
2026-01-28T10:12:53.875136163Z + num_files=1
2026-01-28T10:12:53.875163843Z + '[' 1 -gt 5 ']'
2026-01-28T10:12:53.875163843Z + sleep 30
2026-01-28T10:13:23.876741452Z + true
2026-01-28T10:13:23.876741452Z + '[' -f /var/log/ovn/acl-audit-log.log ']'
2026-01-28T10:13:23.877395758Z ++ du -b /var/log/ovn/acl-audit-log.log
2026-01-28T10:13:23.877869458Z ++ tr -s '\t' ' '
2026-01-28T10:13:23.877869458Z ++ cut '-d ' -f1
2026-01-28T10:13:23.879601219Z + file_size=0
2026-01-28T10:13:23.879627649Z + '[' 0 -gt 50000000 ']'
2026-01-28T10:13:23.880176132Z ++ ls -1 /var/log/ovn/acl-audit-log.log
2026-01-28T10:13:23.880273524Z ++ wc -l
2026-01-28T10:13:23.881756379Z + num_files=1
2026-01-28T10:13:23.881783960Z + '[' 1 -gt 5 ']'
2026-01-28T10:13:23.881783960Z + sleep 30
2026-01-28T10:13:53.883502525Z + true
2026-01-28T10:13:53.883502525Z + '[' -f /var/log/ovn/acl-audit-log.log ']'
2026-01-28T10:13:53.884165830Z ++ du -b /var/log/ovn/acl-audit-log.log
2026-01-28T10:13:53.884643452Z ++ tr -s '\t' ' '
2026-01-28T10:13:53.884643452Z ++ cut '-d ' -f1
2026-01-28T10:13:53.886309110Z + file_size=0
2026-01-28T10:13:53.886340681Z + '[' 0 -gt 50000000 ']'
2026-01-28T10:13:53.886841573Z ++ ls -1 /var/log/ovn/acl-audit-log.log
2026-01-28T10:13:53.886916644Z ++ wc -l
2026-01-28T10:13:53.888525571Z + num_files=1
2026-01-28T10:13:53.888551042Z + '[' 1 -gt 5 ']'
2026-01-28T10:13:53.888551042Z + sleep 30
2026-01-28T10:14:23.890385416Z + true
2026-01-28T10:14:23.890385416Z + '[' -f /var/log/ovn/acl-audit-log.log ']'
2026-01-28T10:14:23.891054752Z ++ du -b /var/log/ovn/acl-audit-log.log
2026-01-28T10:14:23.891262227Z ++ tr -s '\t' ' '
2026-01-28T10:14:23.891427780Z ++ cut '-d ' -f1
2026-01-28T10:14:23.893225162Z + file_size=0
2026-01-28T10:14:23.893250633Z + '[' 0 -gt 50000000 ']'
2026-01-28T10:14:23.893742844Z ++ ls -1 /var/log/ovn/acl-audit-log.log
2026-01-28T10:14:23.893826916Z ++ wc -l
2026-01-28T10:14:23.895301690Z + num_files=1
2026-01-28T10:14:23.895325991Z + '[' 1 -gt 5 ']'
2026-01-28T10:14:23.895325991Z + sleep 30
2026-01-28T10:14:53.896871234Z + true
2026-01-28T10:14:53.896871234Z + '[' -f /var/log/ovn/acl-audit-log.log ']'
2026-01-28T10:14:53.897444497Z ++ du -b /var/log/ovn/acl-audit-log.log
2026-01-28T10:14:53.897582050Z ++ tr -s '\t' ' '
2026-01-28T10:14:53.897744614Z ++ cut '-d ' -f1
2026-01-28T10:14:53.899475104Z + file_size=0
2026-01-28T10:14:53.899501685Z + '[' 0 -gt 50000000 ']'
2026-01-28T10:14:53.899994326Z ++ ls -1 /var/log/ovn/acl-audit-log.log
2026-01-28T10:14:53.900084988Z ++ wc -l
2026-01-28T10:14:53.901546172Z + num_files=1
2026-01-28T10:14:53.901570423Z + '[' 1 -gt 5 ']'
2026-01-28T10:14:53.901570423Z + sleep 30
2026-01-28T10:15:23.903213259Z + true
2026-01-28T10:15:23.903213259Z + '[' -f /var/log/ovn/acl-audit-log.log ']'
2026-01-28T10:15:23.903835123Z ++ du -b /var/log/ovn/acl-audit-log.log
2026-01-28T10:15:23.904055279Z ++ tr -s '\t' ' '
2026-01-28T10:15:23.904278644Z ++ cut '-d ' -f1
2026-01-28T10:15:23.905895981Z + file_size=0
2026-01-28T10:15:23.905940412Z + '[' 0 -gt 50000000 ']'
2026-01-28T10:15:23.906439683Z ++ ls -1 /var/log/ovn/acl-audit-log.log
2026-01-28T10:15:23.906531386Z ++ wc -l
2026-01-28T10:15:23.908029520Z + num_files=1
2026-01-28T10:15:23.908058061Z + '[' 1 -gt 5 ']'
2026-01-28T10:15:23.908058061Z + sleep 30
2026-01-28T10:15:53.909658106Z + true
2026-01-28T10:15:53.909658106Z + '[' -f /var/log/ovn/acl-audit-log.log ']'
2026-01-28T10:15:53.910329992Z ++ du -b /var/log/ovn/acl-audit-log.log
2026-01-28T10:15:53.910430604Z ++ tr -s '\t' ' '
2026-01-28T10:15:53.910639189Z ++ cut '-d ' -f1
2026-01-28T10:15:53.912387720Z + file_size=0
2026-01-28T10:15:53.912417300Z + '[' 0 -gt 50000000 ']'
2026-01-28T10:15:53.912946693Z ++ ls -1 /var/log/ovn/acl-audit-log.log
2026-01-28T10:15:53.913039944Z ++ wc -l
2026-01-28T10:15:53.914596991Z + num_files=1
2026-01-28T10:15:53.914623951Z + '[' 1 -gt 5 ']'
2026-01-28T10:15:53.914623951Z + sleep 30
2026-01-28T10:16:23.916294819Z + true
2026-01-28T10:16:23.916294819Z + '[' -f /var/log/ovn/acl-audit-log.log ']'
2026-01-28T10:16:23.916961425Z ++ du -b /var/log/ovn/acl-audit-log.log
2026-01-28T10:16:23.917077388Z ++ tr -s '\t' ' '
2026-01-28T10:16:23.917231631Z ++ cut '-d ' -f1
2026-01-28T10:16:23.919030713Z + file_size=0
2026-01-28T10:16:23.919061543Z + '[' 0 -gt 50000000 ']'
2026-01-28T10:16:23.919559795Z ++ ls -1 /var/log/ovn/acl-audit-log.log
2026-01-28T10:16:23.919628487Z ++ wc -l
2026-01-28T10:16:23.921125201Z + num_files=1
2026-01-28T10:16:23.921152512Z + '[' 1 -gt 5 ']'
2026-01-28T10:16:23.921152512Z + sleep 30
2026-01-28T10:16:53.922737866Z + true
2026-01-28T10:16:53.922737866Z + '[' -f /var/log/ovn/acl-audit-log.log ']'
2026-01-28T10:16:53.923368140Z ++ du -b /var/log/ovn/acl-audit-log.log
2026-01-28T10:16:53.923512493Z ++ tr -s '\t' ' '
2026-01-28T10:16:53.923678907Z ++ cut '-d ' -f1
2026-01-28T10:16:53.926282908Z + file_size=0
2026-01-28T10:16:53.926323869Z + '[' 0 -gt 50000000 ']'
2026-01-28T10:16:53.926885662Z ++ ls -1 /var/log/ovn/acl-audit-log.log
2026-01-28T10:16:53.926990924Z ++ wc -l
2026-01-28T10:16:53.928822726Z + num_files=1
2026-01-28T10:16:53.928852797Z + '[' 1 -gt 5 ']'
2026-01-28T10:16:53.928852797Z + sleep 30
2026-01-28T10:17:23.930465723Z + true
2026-01-28T10:17:23.930526634Z + '[' -f /var/log/ovn/acl-audit-log.log ']'
2026-01-28T10:17:23.931207420Z ++ du -b /var/log/ovn/acl-audit-log.log
2026-01-28T10:17:23.931358634Z ++ tr -s '\t' ' '
2026-01-28T10:17:23.931532518Z ++ cut '-d ' -f1
2026-01-28T10:17:23.933480163Z + file_size=0
2026-01-28T10:17:23.933511313Z + '[' 0 -gt 50000000 ']'
2026-01-28T10:17:23.934051396Z ++ ls -1 /var/log/ovn/acl-audit-log.log
2026-01-28T10:17:23.934118547Z ++ wc -l
2026-01-28T10:17:23.935955660Z + num_files=1
2026-01-28T10:17:23.935986901Z + '[' 1 -gt 5 ']'
2026-01-28T10:17:23.935986901Z + sleep 30
2026-01-28T10:17:53.937749698Z + true
2026-01-28T10:17:53.937749698Z + '[' -f /var/log/ovn/acl-audit-log.log ']'
2026-01-28T10:17:53.938321641Z ++ du -b /var/log/ovn/acl-audit-log.log
2026-01-28T10:17:53.938492155Z ++ tr -s '\t' ' '
2026-01-28T10:17:53.938664799Z ++ cut '-d ' -f1
2026-01-28T10:17:53.940601454Z + file_size=0
2026-01-28T10:17:53.940632665Z + '[' 0 -gt 50000000 ']'
2026-01-28T10:17:53.941238248Z ++ ls -1 /var/log/ovn/acl-audit-log.log
2026-01-28T10:17:53.941362141Z ++ wc -l
2026-01-28T10:17:53.943066401Z + num_files=1
2026-01-28T10:17:53.943097122Z + '[' 1 -gt 5 ']'
2026-01-28T10:17:53.943097122Z + sleep 30
2026-01-28T10:18:23.944695277Z + true
2026-01-28T10:18:23.944745808Z + '[' -f /var/log/ovn/acl-audit-log.log ']'
2026-01-28T10:18:23.945309461Z ++ du -b /var/log/ovn/acl-audit-log.log
2026-01-28T10:18:23.945439734Z ++ tr -s '\t' ' '
2026-01-28T10:18:23.945647508Z ++ cut '-d ' -f1
2026-01-28T10:18:23.947425120Z + file_size=0
2026-01-28T10:18:23.947462030Z + '[' 0 -gt 50000000 ']'
2026-01-28T10:18:23.948035024Z ++ ls -1 /var/log/ovn/acl-audit-log.log
2026-01-28T10:18:23.948035024Z ++ wc -l
2026-01-28T10:18:23.949571989Z + num_files=1
2026-01-28T10:18:23.949602460Z + '[' 1 -gt 5 ']'
2026-01-28T10:18:23.949602460Z + sleep 30
2026-01-28T10:18:53.951115478Z + true
2026-01-28T10:18:53.951115478Z + '[' -f /var/log/ovn/acl-audit-log.log ']'
2026-01-28T10:18:53.951664610Z ++ du -b /var/log/ovn/acl-audit-log.log
2026-01-28T10:18:53.951781083Z ++ tr -s '\t' ' '
2026-01-28T10:18:53.951984238Z ++ cut '-d ' -f1
2026-01-28T10:18:53.953753669Z + file_size=0
2026-01-28T10:18:53.953778370Z + '[' 0 -gt 50000000 ']'
2026-01-28T10:18:53.954305442Z ++ ls -1 /var/log/ovn/acl-audit-log.log
2026-01-28T10:18:53.954368593Z ++ wc -l
2026-01-28T10:18:53.955972180Z + num_files=1
2026-01-28T10:18:53.955999881Z + '[' 1 -gt 5 ']'
2026-01-28T10:18:53.955999881Z + sleep 30
2026-01-28T10:19:23.957516635Z + true
2026-01-28T10:19:23.957516635Z + '[' -f /var/log/ovn/acl-audit-log.log ']'
2026-01-28T10:19:23.958163440Z ++ du -b /var/log/ovn/acl-audit-log.log
2026-01-28T10:19:23.958302873Z ++ tr -s '\t' ' '
2026-01-28T10:19:23.958479087Z ++ cut '-d ' -f1
2026-01-28T10:19:23.960245568Z + file_size=0
2026-01-28T10:19:23.960283269Z + '[' 0 -gt 50000000 ']'
2026-01-28T10:19:23.960820651Z ++ ls -1 /var/log/ovn/acl-audit-log.log
2026-01-28T10:19:23.960893563Z ++ wc -l
2026-01-28T10:19:23.962447709Z + num_files=1
2026-01-28T10:19:23.962488610Z + '[' 1 -gt 5 ']'
2026-01-28T10:19:23.962488610Z + sleep 30
2026-01-28T10:19:53.964071116Z + true
2026-01-28T10:19:53.964146668Z + '[' -f /var/log/ovn/acl-audit-log.log ']'
2026-01-28T10:19:53.964644309Z ++ du -b /var/log/ovn/acl-audit-log.log
2026-01-28T10:19:53.964813613Z ++ tr -s '\t' ' '
2026-01-28T10:19:53.965012358Z ++ cut '-d ' -f1
2026-01-28T10:19:53.966727258Z + file_size=0
2026-01-28T10:19:53.966751958Z + '[' 0 -gt 50000000 ']'
2026-01-28T10:19:53.967259370Z ++ ls -1 /var/log/ovn/acl-audit-log.log
2026-01-28T10:19:53.967339312Z ++ wc -l
2026-01-28T10:19:53.968852107Z + num_files=1
2026-01-28T10:19:53.968877047Z + '[' 1 -gt 5 ']'
2026-01-28T10:19:53.968877047Z + sleep 30
2026-01-28T10:20:23.970557619Z + true
2026-01-28T10:20:23.970557619Z + '[' -f /var/log/ovn/acl-audit-log.log ']'
2026-01-28T10:20:23.971205324Z ++ du -b /var/log/ovn/acl-audit-log.log
2026-01-28T10:20:23.971351227Z ++ tr -s '\t' ' '
2026-01-28T10:20:23.971534392Z ++ cut '-d ' -f1
2026-01-28T10:20:23.973347884Z + file_size=0
2026-01-28T10:20:23.973379484Z + '[' 0 -gt 50000000 ']'
2026-01-28T10:20:23.973870256Z ++ ls -1 /var/log/ovn/acl-audit-log.log
2026-01-28T10:20:23.973971658Z ++ wc -l
2026-01-28T10:20:23.975463022Z + num_files=1
2026-01-28T10:20:23.975490733Z + '[' 1 -gt 5 ']'
2026-01-28T10:20:23.975490733Z + sleep 30
2026-01-28T10:20:53.977139556Z + true
2026-01-28T10:20:53.977139556Z + '[' -f /var/log/ovn/acl-audit-log.log ']'
2026-01-28T10:20:53.977742400Z ++ du -b /var/log/ovn/acl-audit-log.log
2026-01-28T10:20:53.977871323Z ++ tr -s '\t' ' '
2026-01-28T10:20:53.978112828Z ++ cut '-d ' -f1
2026-01-28T10:20:53.979873199Z + file_size=0
2026-01-28T10:20:53.979900710Z + '[' 0 -gt 50000000 ']'
2026-01-28T10:20:53.980435822Z ++ ls -1 /var/log/ovn/acl-audit-log.log
2026-01-28T10:20:53.980543885Z ++ wc -l
2026-01-28T10:20:53.982036069Z + num_files=1
2026-01-28T10:20:53.982063280Z + '[' 1 -gt 5 ']'
2026-01-28T10:20:53.982063280Z + sleep 30
2026-01-28T10:21:23.983564509Z + true
2026-01-28T10:21:23.983564509Z + '[' -f /var/log/ovn/acl-audit-log.log ']'
2026-01-28T10:21:23.984110252Z ++ du -b /var/log/ovn/acl-audit-log.log
2026-01-28T10:21:23.984253345Z ++ tr -s '\t' ' '
2026-01-28T10:21:23.984414499Z ++ cut '-d ' -f1
2026-01-28T10:21:23.986197940Z + file_size=0
2026-01-28T10:21:23.986226821Z + '[' 0 -gt 50000000 ']'
2026-01-28T10:21:23.986709222Z ++ ls -1 /var/log/ovn/acl-audit-log.log
2026-01-28T10:21:23.986796604Z ++ wc -l
2026-01-28T10:21:23.988249478Z + num_files=1
2026-01-28T10:21:23.988277418Z + '[' 1 -gt 5 ']'
2026-01-28T10:21:23.988277418Z + sleep 30
2026-01-28T10:21:53.989882123Z + true
2026-01-28T10:21:53.989882123Z + '[' -f /var/log/ovn/acl-audit-log.log ']'
2026-01-28T10:21:53.990483947Z ++ du -b /var/log/ovn/acl-audit-log.log
2026-01-28T10:21:53.990627860Z ++ tr -s '\t' ' '
2026-01-28T10:21:53.990810024Z ++ cut '-d ' -f1
2026-01-28T10:21:53.992573146Z + file_size=0
2026-01-28T10:21:53.992599356Z + '[' 0 -gt 50000000 ']'
2026-01-28T10:21:53.993123679Z ++ ls -1 /var/log/ovn/acl-audit-log.log
2026-01-28T10:21:53.993191810Z ++ wc -l
2026-01-28T10:21:53.994680105Z + num_files=1
2026-01-28T10:21:53.994704826Z + '[' 1 -gt 5 ']'
2026-01-28T10:21:53.994704826Z + sleep 30
2026-01-28T10:22:23.996266563Z + true
2026-01-28T10:22:23.996266563Z + '[' -f /var/log/ovn/acl-audit-log.log ']'
2026-01-28T10:22:23.996895908Z ++ du -b /var/log/ovn/acl-audit-log.log
2026-01-28T10:22:23.997053932Z ++ tr -s '\t' ' '
2026-01-28T10:22:23.997229846Z ++ cut '-d ' -f1
2026-01-28T10:22:23.998973686Z + file_size=0
2026-01-28T10:22:23.999000977Z + '[' 0 -gt 50000000 ']'
2026-01-28T10:22:23.999466088Z ++ ls -1 /var/log/ovn/acl-audit-log.log
2026-01-28T10:22:23.999553479Z ++ wc -l
2026-01-28T10:22:24.001427683Z + num_files=1
2026-01-28T10:22:24.001459123Z + '[' 1 -gt 5 ']'
2026-01-28T10:22:24.001459123Z + sleep 30
2026-01-28T10:22:54.003295357Z + true
2026-01-28T10:22:54.003360868Z + '[' -f /var/log/ovn/acl-audit-log.log ']'
2026-01-28T10:22:54.004020534Z ++ du -b /var/log/ovn/acl-audit-log.log
2026-01-28T10:22:54.004178408Z ++ tr -s '\t' ' '
2026-01-28T10:22:54.004372142Z ++ cut '-d ' -f1
2026-01-28T10:22:54.006394140Z + file_size=0
2026-01-28T10:22:54.006426101Z + '[' 0 -gt 50000000 ']'
2026-01-28T10:22:54.007026935Z ++ ls -1 /var/log/ovn/acl-audit-log.log
2026-01-28T10:22:54.007091586Z ++ wc -l
2026-01-28T10:22:54.009011032Z + num_files=1
2026-01-28T10:22:54.009041772Z + '[' 1 -gt 5 ']'
2026-01-28T10:22:54.009041772Z + sleep 30
2026-01-28T10:23:24.010693322Z + true
2026-01-28T10:23:24.010781284Z + '[' -f /var/log/ovn/acl-audit-log.log ']'
2026-01-28T10:23:24.011424039Z ++ du -b /var/log/ovn/acl-audit-log.log
2026-01-28T10:23:24.011759157Z ++ tr -s '\t' ' '
2026-01-28T10:23:24.011778637Z ++ cut '-d ' -f1
2026-01-28T10:23:24.013784114Z + file_size=0
2026-01-28T10:23:24.013816775Z + '[' 0 -gt 50000000 ']'
2026-01-28T10:23:24.014389178Z ++ ls -1 /var/log/ovn/acl-audit-log.log
2026-01-28T10:23:24.014480580Z ++ wc -l
2026-01-28T10:23:24.016354773Z + num_files=1
2026-01-28T10:23:24.016382614Z + '[' 1 -gt 5 ']'
2026-01-28T10:23:24.016382614Z + sleep 30
2026-01-28T10:23:54.018062485Z + true
2026-01-28T10:23:54.018121707Z + '[' -f /var/log/ovn/acl-audit-log.log ']'
2026-01-28T10:23:54.018690669Z ++ du -b /var/log/ovn/acl-audit-log.log
2026-01-28T10:23:54.019048748Z ++ cut '-d ' -f1
2026-01-28T10:23:54.019777345Z ++ tr -s '\t' ' '
2026-01-28T10:23:54.021726270Z + file_size=0
2026-01-28T10:23:54.021756361Z + '[' 0 -gt 50000000 ']'
2026-01-28T10:23:54.022314213Z ++ ls -1 /var/log/ovn/acl-audit-log.log
2026-01-28T10:23:54.022414396Z ++ wc -l
2026-01-28T10:23:54.024281739Z + num_files=1
2026-01-28T10:23:54.024312030Z + '[' 1 -gt 5 ']'
2026-01-28T10:23:54.024312030Z + sleep 30
2026-01-28T10:24:24.026026523Z + true
2026-01-28T10:24:24.026082925Z + '[' -f /var/log/ovn/acl-audit-log.log ']'
2026-01-28T10:24:24.026654908Z ++ du -b /var/log/ovn/acl-audit-log.log
2026-01-28T10:24:24.026837492Z ++ tr -s '\t' ' '
2026-01-28T10:24:24.027019466Z ++ cut '-d ' -f1
2026-01-28T10:24:24.029328560Z + file_size=0
2026-01-28T10:24:24.029385231Z + '[' 0 -gt 50000000 ']'
2026-01-28T10:24:24.030006215Z ++ ls -1 /var/log/ovn/acl-audit-log.log
2026-01-28T10:24:24.030079837Z ++ wc -l
2026-01-28T10:24:24.031897619Z + num_files=1
2026-01-28T10:24:24.031944371Z + '[' 1 -gt 5 ']'
2026-01-28T10:24:24.031944371Z + sleep 30
2026-01-28T10:24:54.033867430Z + true
2026-01-28T10:24:54.034050474Z + '[' -f /var/log/ovn/acl-audit-log.log ']'
2026-01-28T10:24:54.034752361Z ++ du -b /var/log/ovn/acl-audit-log.log
2026-01-28T10:24:54.034876763Z ++ tr -s '\t' ' '
2026-01-28T10:24:54.035080058Z ++ cut '-d ' -f1
2026-01-28T10:24:54.037086535Z + file_size=0
2026-01-28T10:24:54.037126326Z + '[' 0 -gt 50000000 ']'
2026-01-28T10:24:54.037646398Z ++ ls -1 /var/log/ovn/acl-audit-log.log
2026-01-28T10:24:54.037756950Z ++ wc -l
2026-01-28T10:24:54.039608973Z + num_files=1
2026-01-28T10:24:54.039652664Z + '[' 1 -gt 5 ']'
2026-01-28T10:24:54.039652664Z + sleep 30
