2026-01-28T09:42:15.493868829Z ++ K8S_NODE=
2026-01-28T09:42:15.494034533Z ++ [[ -n '' ]]
2026-01-28T09:42:15.494067814Z ++ northd_pidfile=/var/run/ovn/ovn-northd.pid
2026-01-28T09:42:15.494094535Z ++ controller_pidfile=/var/run/ovn/ovn-controller.pid
2026-01-28T09:42:15.494119135Z ++ controller_logfile=/var/log/ovn/acl-audit-log.log
2026-01-28T09:42:15.494143206Z ++ vswitch_dbsock=/var/run/openvswitch/db.sock
2026-01-28T09:42:15.494168006Z ++ nbdb_pidfile=/var/run/ovn/ovnnb_db.pid
2026-01-28T09:42:15.494192047Z ++ nbdb_sock=/var/run/ovn/ovnnb_db.sock
2026-01-28T09:42:15.494215967Z ++ nbdb_ctl=/var/run/ovn/ovnnb_db.ctl
2026-01-28T09:42:15.494239408Z ++ sbdb_pidfile=/var/run/ovn/ovnsb_db.pid
2026-01-28T09:42:15.494264889Z ++ sbdb_sock=/var/run/ovn/ovnsb_db.sock
2026-01-28T09:42:15.494289099Z ++ sbdb_ctl=/var/run/ovn/ovnsb_db.ctl
2026-01-28T09:42:15.495726602Z + start-audit-log-rotation
2026-01-28T09:42:15.495779113Z + MAXFILESIZE=50000000
2026-01-28T09:42:15.495803104Z + MAXLOGFILES=5
2026-01-28T09:42:15.496230263Z ++ dirname /var/log/ovn/acl-audit-log.log
2026-01-28T09:42:15.501910233Z + LOGDIR=/var/log/ovn
2026-01-28T09:42:15.501996565Z + local retries=0
2026-01-28T09:42:15.502048447Z + [[ 30 -gt 0 ]]
2026-01-28T09:42:15.502083317Z + ((  retries += 1  ))
2026-01-28T09:42:15.502557128Z ++ cat /var/run/ovn/ovn-controller.pid
2026-01-28T09:42:15.504142824Z cat: /var/run/ovn/ovn-controller.pid: No such file or directory
2026-01-28T09:42:15.504387950Z + CONTROLLERPID=
