2026-01-28T09:46:09.063123114Z + timeout 3m /bin/bash -exuo pipefail -c 'while [ -n "$(ss -Htanop \( sport = 9443 \))" ]; do sleep 1; done'
2026-01-28T09:46:09.066668543Z ++ ss -Htanop '(' sport = 9443 ')'
2026-01-28T09:46:09.073561477Z + '[' -n '' ']'
2026-01-28T09:46:09.073989777Z + exec cluster-kube-controller-manager-operator cert-recovery-controller --kubeconfig=/etc/kubernetes/static-pod-resources/configmaps/kube-controller-cert-syncer-kubeconfig/kubeconfig --namespace=openshift-kube-controller-manager --listen=0.0.0.0:9443 -v=2
2026-01-28T09:46:09.127191267Z W0128 09:46:09.127059       1 cmd.go:257] Using insecure, self-signed certificates
2026-01-28T09:46:09.127402551Z I0128 09:46:09.127345       1 crypto.go:594] Generating new CA for cert-recovery-controller-signer@1769593569 cert, and key in /tmp/serving-cert-1550003946/serving-signer.crt, /tmp/serving-cert-1550003946/serving-signer.key
2026-01-28T09:46:09.127420832Z Validity period of the certificate for "cert-recovery-controller-signer@1769593569" is unset, resetting to 43800h0m0s!
2026-01-28T09:46:09.505032997Z I0128 09:46:09.504971       1 leaderelection.go:121] The leader election gives 4 retries and allows for 30s of clock skew. The kube-apiserver downtime tolerance is 78s. Worst non-graceful lease acquisition is 2m43s. Worst graceful lease acquisition is {26s}.
2026-01-28T09:46:09.505527208Z I0128 09:46:09.505484       1 observer_polling.go:159] Starting file observer
2026-01-28T09:46:09.505636791Z I0128 09:46:09.505610       1 envvar.go:172] "Feature gate default state" feature="ClientsAllowCBOR" enabled=false
2026-01-28T09:46:09.505636791Z I0128 09:46:09.505628       1 envvar.go:172] "Feature gate default state" feature="ClientsPreferCBOR" enabled=false
2026-01-28T09:46:09.505636791Z I0128 09:46:09.505632       1 envvar.go:172] "Feature gate default state" feature="InformerResourceVersion" enabled=false
2026-01-28T09:46:09.505650951Z I0128 09:46:09.505636       1 envvar.go:172] "Feature gate default state" feature="InOrderInformers" enabled=true
2026-01-28T09:46:09.505650951Z I0128 09:46:09.505639       1 envvar.go:172] "Feature gate default state" feature="WatchListClient" enabled=false
2026-01-28T09:46:09.516277469Z I0128 09:46:09.516233       1 builder.go:304] cert-recovery-controller version 4.20.0-202601161812.p2.g438c9db.assembly.stream.el9-438c9db-438c9dba80ddadeabe9efe4a654297a7b550b2b8
2026-01-28T09:46:09.521555607Z I0128 09:46:09.521525       1 leaderelection.go:257] attempting to acquire leader lease openshift-kube-controller-manager/cert-recovery-controller-lock...
2026-01-28T09:47:06.432005638Z I0128 09:47:06.431949       1 leaderelection.go:271] successfully acquired lease openshift-kube-controller-manager/cert-recovery-controller-lock
2026-01-28T09:47:06.432069369Z I0128 09:47:06.431988       1 event.go:377] Event(v1.ObjectReference{Kind:"Lease", Namespace:"openshift-kube-controller-manager", Name:"cert-recovery-controller-lock", UID:"dd734c97-e789-4a49-bba4-ec59e4bbd454", APIVersion:"coordination.k8s.io/v1", ResourceVersion:"25743", FieldPath:""}): type: 'Normal' reason: 'LeaderElection' ip-10-0-102-200_64ffdf57-ebb7-4d04-9927-503e00a117ab became leader
2026-01-28T09:47:06.432771375Z I0128 09:47:06.432748       1 simple_featuregate_reader.go:171] Starting feature-gate-detector
2026-01-28T09:47:06.457354664Z I0128 09:47:06.457315       1 reflector.go:430] "Caches populated" type="*v1.ClusterVersion" reflector="k8s.io/client-go@v0.33.2/tools/cache/reflector.go:285"
2026-01-28T09:47:06.465657799Z I0128 09:47:06.465630       1 reflector.go:430] "Caches populated" type="*v1.FeatureGate" reflector="k8s.io/client-go@v0.33.2/tools/cache/reflector.go:285"
2026-01-28T09:47:06.465980706Z I0128 09:47:06.465930       1 cmd.go:122] FeatureGates initialized: knownFeatureGates=[AdditionalRoutingCapabilities AdminNetworkPolicy AlibabaPlatform AzureWorkloadIdentity BuildCSIVolumes CPMSMachineNamePrefix ConsolePluginContentSecurityPolicy ExternalOIDC ExternalOIDCWithUIDAndExtraClaimMappings GatewayAPI GatewayAPIController HighlyAvailableArbiter ImageVolume IngressControllerLBSubnetsAWS KMSv1 MachineConfigNodes ManagedBootImages ManagedBootImagesAWS MetricsCollectionProfiles NetworkDiagnosticsConfig NetworkLiveMigration NetworkSegmentation NewOLM PinnedImages PreconfiguredUDNAddresses ProcMountType RouteAdvertisements RouteExternalCertificate ServiceAccountTokenNodeBinding SetEIPForNLBIngressController SigstoreImageVerification StoragePerformantSecurityPolicy UpgradeStatus UserNamespacesPodSecurityStandards UserNamespacesSupport VSphereMultiDisk VSphereMultiNetworks AWSClusterHostedDNS AWSClusterHostedDNSInstall AWSDedicatedHosts AWSServiceLBNetworkSecurityGroup AutomatedEtcdBackup AzureClusterHostedDNSInstall AzureDedicatedHosts AzureMultiDisk BootImageSkewEnforcement BootcNodeManagement ClusterAPIInstall ClusterAPIInstallIBMCloud ClusterMonitoringConfig ClusterVersionOperatorConfiguration DNSNameResolver DualReplica DyanmicServiceEndpointIBMCloud DynamicResourceAllocation EtcdBackendQuota EventedPLEG Example Example2 ExternalSnapshotMetadata GCPClusterHostedDNS GCPClusterHostedDNSInstall GCPCustomAPIEndpoints GCPCustomAPIEndpointsInstall ImageModeStatusReporting ImageStreamImportMode IngressControllerDynamicConfigurationManager InsightsConfig InsightsConfigAPI InsightsOnDemandDataGather IrreconcilableMachineConfig KMSEncryptionProvider MachineAPIMigration MachineAPIOperatorDisableMachineHealthCheckController ManagedBootImagesAzure ManagedBootImagesvSphere MaxUnavailableStatefulSet MinimumKubeletVersion MixedCPUsAllocation MultiArchInstallAzure MultiDiskSetup MutatingAdmissionPolicy NewOLMCatalogdAPIV1Metas NewOLMOwnSingleNamespace NewOLMPreflightPermissionChecks NewOLMWebhookProviderOpenshiftServiceCA NoRegistryClusterOperations NodeSwap NutanixMultiSubnets OVNObservability OpenShiftPodSecurityAdmission SELinuxMount ShortCertRotation SignatureStores SigstoreImageVerificationPKI TranslateStreamCloseWebsocketRequests VSphereConfigurableMaxAllowedBlockVolumesPerNode VSphereHostVMGroupZonal VSphereMixedNodeEnv VolumeAttributesClass VolumeGroupSnapshot]
2026-01-28T09:47:06.466507678Z I0128 09:47:06.466484       1 csrcontroller.go:103] Starting CSR controller
2026-01-28T09:47:06.466564739Z I0128 09:47:06.466549       1 shared_informer.go:350] "Waiting for caches to sync" controller="CSRController"
2026-01-28T09:47:06.466900877Z I0128 09:47:06.466882       1 base_controller.go:76] Waiting for caches to sync for CertRotationController
2026-01-28T09:47:06.466944538Z I0128 09:47:06.466493       1 event.go:377] Event(v1.ObjectReference{Kind:"Node", Namespace:"openshift-kube-controller-manager", Name:"ip-10-0-102-200.us-west-1.compute.internal", UID:"64bba62c-c331-4f4e-9112-9298c88bdae0", APIVersion:"v1", ResourceVersion:"", FieldPath:""}): type: 'Normal' reason: 'FeatureGatesInitialized' FeatureGates updated to featuregates.Features{Enabled:[]v1.FeatureGateName{"AdditionalRoutingCapabilities", "AdminNetworkPolicy", "AlibabaPlatform", "AzureWorkloadIdentity", "BuildCSIVolumes", "CPMSMachineNamePrefix", "ConsolePluginContentSecurityPolicy", "ExternalOIDC", "ExternalOIDCWithUIDAndExtraClaimMappings", "GatewayAPI", "GatewayAPIController", "HighlyAvailableArbiter", "ImageVolume", "IngressControllerLBSubnetsAWS", "KMSv1", "MachineConfigNodes", "ManagedBootImages", "ManagedBootImagesAWS", "MetricsCollectionProfiles", "NetworkDiagnosticsConfig", "NetworkLiveMigration", "NetworkSegmentation", "NewOLM", "PinnedImages", "PreconfiguredUDNAddresses", "ProcMountType", "RouteAdvertisements", "RouteExternalCertificate", "ServiceAccountTokenNodeBinding", "SetEIPForNLBIngressController", "SigstoreImageVerification", "StoragePerformantSecurityPolicy", "UpgradeStatus", "UserNamespacesPodSecurityStandards", "UserNamespacesSupport", "VSphereMultiDisk", "VSphereMultiNetworks"}, Disabled:[]v1.FeatureGateName{"AWSClusterHostedDNS", "AWSClusterHostedDNSInstall", "AWSDedicatedHosts", "AWSServiceLBNetworkSecurityGroup", "AutomatedEtcdBackup", "AzureClusterHostedDNSInstall", "AzureDedicatedHosts", "AzureMultiDisk", "BootImageSkewEnforcement", "BootcNodeManagement", "ClusterAPIInstall", "ClusterAPIInstallIBMCloud", "ClusterMonitoringConfig", "ClusterVersionOperatorConfiguration", "DNSNameResolver", "DualReplica", "DyanmicServiceEndpointIBMCloud", "DynamicResourceAllocation", "EtcdBackendQuota", "EventedPLEG", "Example", "Example2", "ExternalSnapshotMetadata", "GCPClusterHostedDNS", "GCPClusterHostedDNSInstall", "GCPCustomAPIEndpoints", "GCPCustomAPIEndpointsInstall", "ImageModeStatusReporting", "ImageStreamImportMode", "IngressControllerDynamicConfigurationManager", "InsightsConfig", "InsightsConfigAPI", "InsightsOnDemandDataGather", "IrreconcilableMachineConfig", "KMSEncryptionProvider", "MachineAPIMigration", "MachineAPIOperatorDisableMachineHealthCheckController", "ManagedBootImagesAzure", "ManagedBootImagesvSphere", "MaxUnavailableStatefulSet", "MinimumKubeletVersion", "MixedCPUsAllocation", "MultiArchInstallAzure", "MultiDiskSetup", "MutatingAdmissionPolicy", "NewOLMCatalogdAPIV1Metas", "NewOLMOwnSingleNamespace", "NewOLMPreflightPermissionChecks", "NewOLMWebhookProviderOpenshiftServiceCA", "NoRegistryClusterOperations", "NodeSwap", "NutanixMultiSubnets", "OVNObservability", "OpenShiftPodSecurityAdmission", "SELinuxMount", "ShortCertRotation", "SignatureStores", "SigstoreImageVerificationPKI", "TranslateStreamCloseWebsocketRequests", "VSphereConfigurableMaxAllowedBlockVolumesPerNode", "VSphereHostVMGroupZonal", "VSphereMixedNodeEnv", "VolumeAttributesClass", "VolumeGroupSnapshot"}}
2026-01-28T09:47:06.470577349Z I0128 09:47:06.470553       1 reflector.go:430] "Caches populated" type="*v1.Secret" reflector="k8s.io/client-go@v0.33.2/tools/cache/reflector.go:285"
2026-01-28T09:47:06.470950637Z I0128 09:47:06.470663       1 reflector.go:430] "Caches populated" type="*v1.Secret" reflector="k8s.io/client-go@v0.33.2/tools/cache/reflector.go:285"
2026-01-28T09:47:06.479790245Z I0128 09:47:06.477785       1 reflector.go:430] "Caches populated" type="*v1.Secret" reflector="k8s.io/client-go@v0.33.2/tools/cache/reflector.go:285"
2026-01-28T09:47:06.479790245Z I0128 09:47:06.478253       1 reflector.go:430] "Caches populated" type="*v1.ConfigMap" reflector="k8s.io/client-go@v0.33.2/tools/cache/reflector.go:285"
2026-01-28T09:47:06.480225754Z I0128 09:47:06.480173       1 reflector.go:430] "Caches populated" type="*v1.ConfigMap" reflector="k8s.io/client-go@v0.33.2/tools/cache/reflector.go:285"
2026-01-28T09:47:06.486119116Z I0128 09:47:06.482957       1 reflector.go:430] "Caches populated" type="*v1.Secret" reflector="k8s.io/client-go@v0.33.2/tools/cache/reflector.go:285"
2026-01-28T09:47:06.487360634Z I0128 09:47:06.486643       1 reflector.go:430] "Caches populated" type="*v1.ConfigMap" reflector="k8s.io/client-go@v0.33.2/tools/cache/reflector.go:285"
2026-01-28T09:47:06.494426461Z I0128 09:47:06.494389       1 reflector.go:430] "Caches populated" type="*v1.ConfigMap" reflector="k8s.io/client-go@v0.33.2/tools/cache/reflector.go:285"
2026-01-28T09:47:06.496458957Z I0128 09:47:06.496430       1 reflector.go:430] "Caches populated" type="operator.openshift.io/v1, Resource=kubecontrollermanagers" reflector="k8s.io/client-go@v0.33.2/tools/cache/reflector.go:285"
2026-01-28T09:47:06.567368530Z I0128 09:47:06.567274       1 base_controller.go:82] Caches are synced for CertRotationController 
2026-01-28T09:47:06.567368530Z I0128 09:47:06.567321       1 base_controller.go:119] Starting #1 worker of CertRotationController controller ...
2026-01-28T09:47:06.567368530Z I0128 09:47:06.567314       1 shared_informer.go:357] "Caches are synced" controller="CSRController"
2026-01-28T09:47:06.567460132Z I0128 09:47:06.567377       1 base_controller.go:76] Waiting for caches to sync for kube-controller-manager
2026-01-28T09:47:06.567460132Z I0128 09:47:06.567392       1 base_controller.go:82] Caches are synced for kube-controller-manager 
2026-01-28T09:47:06.567460132Z I0128 09:47:06.567403       1 base_controller.go:119] Starting #1 worker of kube-controller-manager controller ...
