2026-01-28T09:44:51.508716675Z I0128 09:44:51.508597       1 readyz.go:175] Listening on 0.0.0.0:9980
2026-01-28T09:44:52.011824825Z I0128 09:44:52.011777       1 etcdcli_pool.go:70] creating a new cached client
2026-01-28T09:44:52.013553863Z 2026/01/28 09:44:52 WARNING: [core] [Channel #1 SubChannel #2]grpc: addrConn.createTransport failed to connect to {Addr: "localhost:2379", ServerName: "localhost:2379", }. Err: connection error: desc = "transport: Error while dialing: dial tcp [::1]:2379: connect: connection refused"
2026-01-28T09:44:53.015317458Z 2026/01/28 09:44:53 WARNING: [core] [Channel #1 SubChannel #2]grpc: addrConn.createTransport failed to connect to {Addr: "localhost:2379", ServerName: "localhost:2379", }. Err: connection error: desc = "transport: Error while dialing: dial tcp [::1]:2379: connect: connection refused"
2026-01-28T09:44:54.013336549Z W0128 09:44:54.013265       1 etcdcli_pool.go:73] could not create a new cached client after 0 tries, trying again. Err: context deadline exceeded
2026-01-28T09:44:56.014207021Z I0128 09:44:56.014156       1 etcdcli_pool.go:70] creating a new cached client
2026-01-28T09:44:56.015343356Z 2026/01/28 09:44:56 WARNING: [core] [Channel #3 SubChannel #4]grpc: addrConn.createTransport failed to connect to {Addr: "localhost:2379", ServerName: "localhost:2379", }. Err: connection error: desc = "transport: Error while dialing: dial tcp [::1]:2379: connect: connection refused"
2026-01-28T09:44:57.012677216Z I0128 09:44:57.012629       1 etcdcli_pool.go:70] creating a new cached client
2026-01-28T09:44:57.013812321Z 2026/01/28 09:44:57 WARNING: [core] [Channel #5 SubChannel #6]grpc: addrConn.createTransport failed to connect to {Addr: "localhost:2379", ServerName: "localhost:2379", }. Err: connection error: desc = "transport: Error while dialing: dial tcp [::1]:2379: connect: connection refused"
2026-01-28T09:44:57.016491670Z 2026/01/28 09:44:57 WARNING: [core] [Channel #3 SubChannel #4]grpc: addrConn.createTransport failed to connect to {Addr: "localhost:2379", ServerName: "localhost:2379", }. Err: connection error: desc = "transport: Error while dialing: dial tcp [::1]:2379: connect: connection refused"
2026-01-28T09:44:58.014877844Z W0128 09:44:58.014793       1 etcdcli_pool.go:73] could not create a new cached client after 1 tries, trying again. Err: context deadline exceeded
2026-01-28T09:44:58.014963106Z 2026/01/28 09:44:58 WARNING: [core] [Channel #5 SubChannel #6]grpc: addrConn.createTransport failed to connect to {Addr: "localhost:2379", ServerName: "localhost:2379", }. Err: connection error: desc = "transport: Error while dialing: dial tcp [::1]:2379: connect: connection refused"
2026-01-28T09:44:59.014145408Z W0128 09:44:59.014056       1 etcdcli_pool.go:73] could not create a new cached client after 0 tries, trying again. Err: context deadline exceeded
2026-01-28T09:45:01.014206329Z I0128 09:45:01.014159       1 etcdcli_pool.go:70] creating a new cached client
2026-01-28T09:45:01.015167740Z 2026/01/28 09:45:01 WARNING: [core] [Channel #7 SubChannel #8]grpc: addrConn.createTransport failed to connect to {Addr: "localhost:2379", ServerName: "localhost:2379", }. Err: connection error: desc = "transport: Error while dialing: dial tcp [::1]:2379: connect: connection refused"
2026-01-28T09:45:02.012709166Z I0128 09:45:02.012661       1 etcdcli_pool.go:70] creating a new cached client
2026-01-28T09:45:02.015936537Z 2026/01/28 09:45:02 WARNING: [core] [Channel #9 SubChannel #10]grpc: addrConn.createTransport failed to connect to {Addr: "localhost:2379", ServerName: "localhost:2379", }. Err: connection error: desc = "transport: Error while dialing: dial tcp [::1]:2379: connect: connection refused"
2026-01-28T09:45:02.017868790Z I0128 09:45:02.017833       1 etcdcli_pool.go:70] creating a new cached client
2026-01-28T09:45:02.019152979Z 2026/01/28 09:45:02 WARNING: [core] [Channel #7 SubChannel #8]grpc: addrConn.createTransport failed to connect to {Addr: "localhost:2379", ServerName: "localhost:2379", }. Err: connection error: desc = "transport: Error while dialing: dial tcp [::1]:2379: connect: connection refused"
2026-01-28T09:45:02.019295342Z 2026/01/28 09:45:02 WARNING: [core] [Channel #11 SubChannel #12]grpc: addrConn.createTransport failed to connect to {Addr: "localhost:2379", ServerName: "localhost:2379", }. Err: connection error: desc = "transport: Error while dialing: dial tcp [::1]:2379: connect: connection refused"
2026-01-28T09:45:03.015582190Z W0128 09:45:03.015532       1 etcdcli_pool.go:73] could not create a new cached client after 1 tries, trying again. Err: context deadline exceeded
2026-01-28T09:45:03.017112634Z 2026/01/28 09:45:03 WARNING: [core] [Channel #9 SubChannel #10]grpc: addrConn.createTransport failed to connect to {Addr: "localhost:2379", ServerName: "localhost:2379", }. Err: connection error: desc = "transport: Error while dialing: dial tcp [::1]:2379: connect: connection refused"
2026-01-28T09:45:03.020611051Z 2026/01/28 09:45:03 WARNING: [core] [Channel #11 SubChannel #12]grpc: addrConn.createTransport failed to connect to {Addr: "localhost:2379", ServerName: "localhost:2379", }. Err: connection error: desc = "transport: Error while dialing: dial tcp [::1]:2379: connect: connection refused"
2026-01-28T09:45:04.014402414Z W0128 09:45:04.014355       1 etcdcli_pool.go:73] could not create a new cached client after 0 tries, trying again. Err: context deadline exceeded
2026-01-28T09:45:04.019485276Z W0128 09:45:04.019455       1 etcdcli_pool.go:73] could not create a new cached client after 2 tries, trying again. Err: context deadline exceeded
2026-01-28T09:45:06.015190781Z I0128 09:45:06.015150       1 etcdcli_pool.go:70] creating a new cached client
2026-01-28T09:45:06.016281136Z 2026/01/28 09:45:06 WARNING: [core] [Channel #13 SubChannel #14]grpc: addrConn.createTransport failed to connect to {Addr: "localhost:2379", ServerName: "localhost:2379", }. Err: connection error: desc = "transport: Error while dialing: dial tcp [::1]:2379: connect: connection refused"
2026-01-28T09:45:07.013142927Z I0128 09:45:07.013067       1 etcdcli_pool.go:70] creating a new cached client
2026-01-28T09:45:07.014175590Z 2026/01/28 09:45:07 WARNING: [core] [Channel #15 SubChannel #16]grpc: addrConn.createTransport failed to connect to {Addr: "localhost:2379", ServerName: "localhost:2379", }. Err: connection error: desc = "transport: Error while dialing: dial tcp [::1]:2379: connect: connection refused"
2026-01-28T09:45:07.016287876Z I0128 09:45:07.016263       1 etcdcli_pool.go:70] creating a new cached client
2026-01-28T09:45:07.017164076Z 2026/01/28 09:45:07 WARNING: [core] [Channel #13 SubChannel #14]grpc: addrConn.createTransport failed to connect to {Addr: "localhost:2379", ServerName: "localhost:2379", }. Err: connection error: desc = "transport: Error while dialing: dial tcp [::1]:2379: connect: connection refused"
2026-01-28T09:45:07.017194366Z 2026/01/28 09:45:07 WARNING: [core] [Channel #17 SubChannel #18]grpc: addrConn.createTransport failed to connect to {Addr: "localhost:2379", ServerName: "localhost:2379", }. Err: connection error: desc = "transport: Error while dialing: dial tcp [::1]:2379: connect: connection refused"
2026-01-28T09:45:08.015717644Z W0128 09:45:08.015666       1 etcdcli_pool.go:73] could not create a new cached client after 1 tries, trying again. Err: context deadline exceeded
2026-01-28T09:45:08.015764195Z 2026/01/28 09:45:08 WARNING: [core] [Channel #15 SubChannel #16]grpc: addrConn.createTransport failed to connect to {Addr: "localhost:2379", ServerName: "localhost:2379", }. Err: connection error: desc = "transport: Error while dialing: dial tcp [::1]:2379: connect: connection refused"
2026-01-28T09:45:08.018411093Z 2026/01/28 09:45:08 WARNING: [core] [Channel #17 SubChannel #18]grpc: addrConn.createTransport failed to connect to {Addr: "localhost:2379", ServerName: "localhost:2379", }. Err: connection error: desc = "transport: Error while dialing: dial tcp [::1]:2379: connect: connection refused"
2026-01-28T09:45:08.410307828Z I0128 09:45:08.410245       1 etcdcli_pool.go:70] creating a new cached client
2026-01-28T09:45:09.014381914Z W0128 09:45:09.014329       1 etcdcli_pool.go:73] could not create a new cached client after 0 tries, trying again. Err: context deadline exceeded
2026-01-28T09:45:09.017384860Z W0128 09:45:09.017356       1 etcdcli_pool.go:73] could not create a new cached client after 2 tries, trying again. Err: context deadline exceeded
2026-01-28T09:45:10.411718329Z W0128 09:45:10.411662       1 etcdcli_pool.go:73] could not create a new cached client after 0 tries, trying again. Err: context deadline exceeded
2026-01-28T09:45:10.411812891Z 2026/01/28 09:45:10 WARNING: [core] [Channel #19 SubChannel #20]grpc: addrConn.createTransport failed to connect to {Addr: "localhost:2379", ServerName: "localhost:2379", }. Err: connection error: desc = "transport: authentication handshake failed: context canceled"
2026-01-28T09:45:11.015275732Z I0128 09:45:11.015220       1 etcdcli_pool.go:70] creating a new cached client
2026-01-28T09:45:12.015522323Z I0128 09:45:12.015306       1 etcdcli_pool.go:70] creating a new cached client
2026-01-28T09:45:12.015833010Z I0128 09:45:12.015810       1 etcdcli_pool.go:70] creating a new cached client
2026-01-28T09:45:12.412453138Z I0128 09:45:12.412407       1 etcdcli_pool.go:70] creating a new cached client
2026-01-28T09:45:13.016082832Z W0128 09:45:13.015979       1 etcdcli_pool.go:73] could not create a new cached client after 1 tries, trying again. Err: context deadline exceeded
2026-01-28T09:45:13.016173404Z 2026/01/28 09:45:13 WARNING: [core] [Channel #21 SubChannel #22]grpc: addrConn.createTransport failed to connect to {Addr: "localhost:2379", ServerName: "localhost:2379", }. Err: connection error: desc = "transport: authentication handshake failed: context canceled"
2026-01-28T09:45:14.016321613Z W0128 09:45:14.016272       1 etcdcli_pool.go:73] could not create a new cached client after 0 tries, trying again. Err: context deadline exceeded
2026-01-28T09:45:14.016385865Z W0128 09:45:14.016291       1 etcdcli_pool.go:73] could not create a new cached client after 2 tries, trying again. Err: context deadline exceeded
2026-01-28T09:45:14.016385865Z 2026/01/28 09:45:14 WARNING: [core] [Channel #24 SubChannel #25]grpc: addrConn.createTransport failed to connect to {Addr: "localhost:2379", ServerName: "localhost:2379", }. Err: connection error: desc = "transport: authentication handshake failed: context canceled"
2026-01-28T09:45:14.016385865Z 2026/01/28 09:45:14 WARNING: [core] [Channel #23 SubChannel #26]grpc: addrConn.createTransport failed to connect to {Addr: "localhost:2379", ServerName: "localhost:2379", }. Err: connection error: desc = "transport: authentication handshake failed: context canceled"
2026-01-28T09:45:14.413875742Z W0128 09:45:14.413826       1 etcdcli_pool.go:73] could not create a new cached client after 1 tries, trying again. Err: context deadline exceeded
2026-01-28T09:45:14.413938833Z 2026/01/28 09:45:14 WARNING: [core] [Channel #27 SubChannel #28]grpc: addrConn.createTransport failed to connect to {Addr: "localhost:2379", ServerName: "localhost:2379", }. Err: connection error: desc = "transport: authentication handshake failed: context canceled"
2026-01-28T09:45:16.017191945Z I0128 09:45:16.017137       1 etcdcli_pool.go:70] creating a new cached client
2026-01-28T09:45:17.015238739Z I0128 09:45:17.015166       1 etcdcli_pool.go:70] creating a new cached client
2026-01-28T09:45:17.016173909Z I0128 09:45:17.016144       1 etcdcli_pool.go:70] creating a new cached client
2026-01-28T09:45:18.018657450Z W0128 09:45:18.018603       1 etcdcli_pool.go:73] could not create a new cached client after 1 tries, trying again. Err: context deadline exceeded
2026-01-28T09:45:18.018722571Z 2026/01/28 09:45:18 WARNING: [core] [Channel #29 SubChannel #30]grpc: addrConn.createTransport failed to connect to {Addr: "localhost:2379", ServerName: "localhost:2379", }. Err: connection error: desc = "transport: authentication handshake failed: context canceled"
2026-01-28T09:45:18.409370418Z I0128 09:45:18.409325       1 etcdcli_pool.go:70] creating a new cached client
2026-01-28T09:45:18.414502261Z I0128 09:45:18.414462       1 etcdcli_pool.go:70] creating a new cached client
2026-01-28T09:45:19.016086209Z W0128 09:45:19.016030       1 etcdcli_pool.go:73] could not create a new cached client after 0 tries, trying again. Err: context deadline exceeded
2026-01-28T09:45:19.016206182Z 2026/01/28 09:45:19 WARNING: [core] [Channel #31 SubChannel #32]grpc: addrConn.createTransport failed to connect to {Addr: "localhost:2379", ServerName: "localhost:2379", }. Err: connection error: desc = "transport: authentication handshake failed: context canceled"
2026-01-28T09:45:19.017127162Z W0128 09:45:19.017076       1 etcdcli_pool.go:73] could not create a new cached client after 2 tries, trying again. Err: context deadline exceeded
2026-01-28T09:45:19.017192104Z 2026/01/28 09:45:19 WARNING: [core] [Channel #33 SubChannel #34]grpc: addrConn.createTransport failed to connect to {Addr: "localhost:2379", ServerName: "localhost:2379", }. Err: connection error: desc = "transport: authentication handshake failed: context canceled"
2026-01-28T09:45:20.410424783Z W0128 09:45:20.410327       1 etcdcli_pool.go:73] could not create a new cached client after 0 tries, trying again. Err: context deadline exceeded
2026-01-28T09:45:20.410484574Z 2026/01/28 09:45:20 WARNING: [core] [Channel #35 SubChannel #36]grpc: addrConn.createTransport failed to connect to {Addr: "localhost:2379", ServerName: "localhost:2379", }. Err: connection error: desc = "transport: authentication handshake failed: context canceled"
2026-01-28T09:45:20.415476214Z W0128 09:45:20.415438       1 etcdcli_pool.go:73] could not create a new cached client after 2 tries, trying again. Err: context deadline exceeded
2026-01-28T09:45:20.415547746Z 2026/01/28 09:45:20 WARNING: [core] [Channel #37 SubChannel #38]grpc: addrConn.createTransport failed to connect to {Addr: "localhost:2379", ServerName: "localhost:2379", }. Err: connection error: desc = "transport: authentication handshake failed: context canceled"
2026-01-28T09:45:21.017067593Z I0128 09:45:21.017012       1 etcdcli_pool.go:70] creating a new cached client
2026-01-28T09:45:22.016324014Z I0128 09:45:22.016271       1 etcdcli_pool.go:70] creating a new cached client
2026-01-28T09:45:22.019414642Z I0128 09:45:22.019382       1 etcdcli_pool.go:70] creating a new cached client
2026-01-28T09:45:22.410828175Z I0128 09:45:22.410773       1 etcdcli_pool.go:70] creating a new cached client
2026-01-28T09:45:23.018703222Z W0128 09:45:23.018645       1 etcdcli_pool.go:73] could not create a new cached client after 1 tries, trying again. Err: context deadline exceeded
2026-01-28T09:45:23.018772714Z 2026/01/28 09:45:23 WARNING: [core] [Channel #39 SubChannel #40]grpc: addrConn.createTransport failed to connect to {Addr: "localhost:2379", ServerName: "localhost:2379", }. Err: connection error: desc = "transport: authentication handshake failed: context canceled"
2026-01-28T09:45:24.017316168Z W0128 09:45:24.017254       1 etcdcli_pool.go:73] could not create a new cached client after 0 tries, trying again. Err: context deadline exceeded
2026-01-28T09:45:24.017381930Z 2026/01/28 09:45:24 WARNING: [core] [Channel #41 SubChannel #42]grpc: addrConn.createTransport failed to connect to {Addr: "localhost:2379", ServerName: "localhost:2379", }. Err: connection error: desc = "transport: authentication handshake failed: context canceled"
2026-01-28T09:45:24.020381056Z W0128 09:45:24.020357       1 etcdcli_pool.go:73] could not create a new cached client after 2 tries, trying again. Err: context deadline exceeded
2026-01-28T09:45:24.020444677Z 2026/01/28 09:45:24 WARNING: [core] [Channel #43 SubChannel #44]grpc: addrConn.createTransport failed to connect to {Addr: "localhost:2379", ServerName: "localhost:2379", }. Err: connection error: desc = "transport: authentication handshake failed: context canceled"
2026-01-28T09:45:24.412077855Z W0128 09:45:24.412025       1 etcdcli_pool.go:73] could not create a new cached client after 1 tries, trying again. Err: context deadline exceeded
2026-01-28T09:45:24.412163437Z 2026/01/28 09:45:24 WARNING: [core] [Channel #45 SubChannel #46]grpc: addrConn.createTransport failed to connect to {Addr: "localhost:2379", ServerName: "localhost:2379", }. Err: connection error: desc = "transport: authentication handshake failed: context canceled"
2026-01-28T09:45:26.018215181Z I0128 09:45:26.018141       1 etcdcli_pool.go:70] creating a new cached client
2026-01-28T09:45:27.016740226Z I0128 09:45:27.016694       1 etcdcli_pool.go:70] creating a new cached client
2026-01-28T09:45:27.018796891Z I0128 09:45:27.018769       1 etcdcli_pool.go:70] creating a new cached client
2026-01-28T09:45:28.018831413Z W0128 09:45:28.018765       1 etcdcli_pool.go:73] could not create a new cached client after 1 tries, trying again. Err: context deadline exceeded
2026-01-28T09:45:28.018933375Z 2026/01/28 09:45:28 WARNING: [core] [Channel #47 SubChannel #48]grpc: addrConn.createTransport failed to connect to {Addr: "localhost:2379", ServerName: "localhost:2379", }. Err: connection error: desc = "transport: authentication handshake failed: context canceled"
2026-01-28T09:45:28.408925726Z I0128 09:45:28.408855       1 etcdcli_pool.go:70] creating a new cached client
2026-01-28T09:45:28.413033237Z I0128 09:45:28.413003       1 etcdcli_pool.go:70] creating a new cached client
2026-01-28T09:45:29.017780831Z W0128 09:45:29.017718       1 etcdcli_pool.go:73] could not create a new cached client after 0 tries, trying again. Err: context deadline exceeded
2026-01-28T09:45:29.017847253Z 2026/01/28 09:45:29 WARNING: [core] [Channel #49 SubChannel #50]grpc: addrConn.createTransport failed to connect to {Addr: "localhost:2379", ServerName: "localhost:2379", }. Err: connection error: desc = "transport: authentication handshake failed: context canceled"
2026-01-28T09:45:29.019826516Z W0128 09:45:29.019799       1 etcdcli_pool.go:73] could not create a new cached client after 2 tries, trying again. Err: context deadline exceeded
2026-01-28T09:45:29.019927959Z 2026/01/28 09:45:29 WARNING: [core] [Channel #51 SubChannel #52]grpc: addrConn.createTransport failed to connect to {Addr: "localhost:2379", ServerName: "localhost:2379", }. Err: connection error: desc = "transport: authentication handshake failed: context canceled"
2026-01-28T09:45:30.410396001Z W0128 09:45:30.410343       1 etcdcli_pool.go:73] could not create a new cached client after 0 tries, trying again. Err: context deadline exceeded
2026-01-28T09:45:30.410450202Z 2026/01/28 09:45:30 WARNING: [core] [Channel #53 SubChannel #54]grpc: addrConn.createTransport failed to connect to {Addr: "localhost:2379", ServerName: "localhost:2379", }. Err: connection error: desc = "transport: authentication handshake failed: context canceled"
2026-01-28T09:45:30.414422700Z W0128 09:45:30.414391       1 etcdcli_pool.go:73] could not create a new cached client after 2 tries, trying again. Err: context deadline exceeded
2026-01-28T09:45:30.414502422Z 2026/01/28 09:45:30 WARNING: [core] [Channel #55 SubChannel #56]grpc: addrConn.createTransport failed to connect to {Addr: "localhost:2379", ServerName: "localhost:2379", }. Err: connection error: desc = "transport: authentication handshake failed: context canceled"
2026-01-28T09:45:31.017914907Z I0128 09:45:31.017863       1 etcdcli_pool.go:70] creating a new cached client
2026-01-28T09:45:32.018262696Z I0128 09:45:32.018219       1 etcdcli_pool.go:70] creating a new cached client
2026-01-28T09:45:32.019685477Z I0128 09:45:32.019659       1 etcdcli_pool.go:70] creating a new cached client
2026-01-28T09:45:32.411530709Z I0128 09:45:32.411476       1 etcdcli_pool.go:70] creating a new cached client
2026-01-28T09:45:33.019464323Z W0128 09:45:33.019409       1 etcdcli_pool.go:73] could not create a new cached client after 1 tries, trying again. Err: context deadline exceeded
2026-01-28T09:45:33.019518355Z 2026/01/28 09:45:33 WARNING: [core] [Channel #57 SubChannel #58]grpc: addrConn.createTransport failed to connect to {Addr: "localhost:2379", ServerName: "localhost:2379", }. Err: connection error: desc = "transport: authentication handshake failed: context canceled"
2026-01-28T09:45:34.019292801Z W0128 09:45:34.019246       1 etcdcli_pool.go:73] could not create a new cached client after 0 tries, trying again. Err: context deadline exceeded
2026-01-28T09:45:34.019340032Z 2026/01/28 09:45:34 WARNING: [core] [Channel #59 SubChannel #60]grpc: addrConn.createTransport failed to connect to {Addr: "localhost:2379", ServerName: "localhost:2379", }. Err: connection error: desc = "transport: authentication handshake failed: context canceled"
2026-01-28T09:45:34.020322134Z W0128 09:45:34.020302       1 etcdcli_pool.go:73] could not create a new cached client after 2 tries, trying again. Err: context deadline exceeded
2026-01-28T09:45:34.020386875Z 2026/01/28 09:45:34 WARNING: [core] [Channel #61 SubChannel #62]grpc: addrConn.createTransport failed to connect to {Addr: "localhost:2379", ServerName: "localhost:2379", }. Err: connection error: desc = "transport: authentication handshake failed: context canceled"
2026-01-28T09:45:34.412912102Z W0128 09:45:34.412861       1 etcdcli_pool.go:73] could not create a new cached client after 1 tries, trying again. Err: context deadline exceeded
2026-01-28T09:45:34.412971734Z 2026/01/28 09:45:34 WARNING: [core] [Channel #63 SubChannel #64]grpc: addrConn.createTransport failed to connect to {Addr: "localhost:2379", ServerName: "localhost:2379", }. Err: connection error: desc = "transport: authentication handshake failed: context canceled"
2026-01-28T09:45:36.020202193Z I0128 09:45:36.020152       1 etcdcli_pool.go:70] creating a new cached client
2026-01-28T09:45:37.018015126Z I0128 09:45:37.017971       1 etcdcli_pool.go:70] creating a new cached client
2026-01-28T09:45:37.020221465Z I0128 09:45:37.020192       1 etcdcli_pool.go:70] creating a new cached client
2026-01-28T09:45:38.023965249Z W0128 09:45:38.023917       1 etcdcli_pool.go:73] could not create a new cached client after 1 tries, trying again. Err: context deadline exceeded
2026-01-28T09:45:38.024037871Z 2026/01/28 09:45:38 WARNING: [core] [Channel #65 SubChannel #66]grpc: addrConn.createTransport failed to connect to {Addr: "localhost:2379", ServerName: "localhost:2379", }. Err: connection error: desc = "transport: authentication handshake failed: context canceled"
