2026-01-28T09:43:56.283194633Z W0128 09:43:56.283058       1 cmd.go:257] Using insecure, self-signed certificates
2026-01-28T09:43:56.283552250Z I0128 09:43:56.283525       1 crypto.go:594] Generating new CA for check-endpoints-signer@1769593436 cert, and key in /tmp/serving-cert-4008146879/serving-signer.crt, /tmp/serving-cert-4008146879/serving-signer.key
2026-01-28T09:43:56.283552250Z Validity period of the certificate for "check-endpoints-signer@1769593436" is unset, resetting to 43800h0m0s!
2026-01-28T09:43:56.914651441Z I0128 09:43:56.914602       1 observer_polling.go:159] Starting file observer
2026-01-28T09:43:56.914689312Z I0128 09:43:56.914674       1 envvar.go:172] "Feature gate default state" feature="WatchListClient" enabled=false
2026-01-28T09:43:56.914702703Z I0128 09:43:56.914687       1 envvar.go:172] "Feature gate default state" feature="ClientsAllowCBOR" enabled=false
2026-01-28T09:43:56.914702703Z I0128 09:43:56.914694       1 envvar.go:172] "Feature gate default state" feature="ClientsPreferCBOR" enabled=false
2026-01-28T09:43:56.914702703Z I0128 09:43:56.914700       1 envvar.go:172] "Feature gate default state" feature="InformerResourceVersion" enabled=false
2026-01-28T09:43:56.914715214Z I0128 09:43:56.914705       1 envvar.go:172] "Feature gate default state" feature="InOrderInformers" enabled=true
2026-01-28T09:43:56.966194520Z I0128 09:43:56.966151       1 builder.go:304] check-endpoints version 4.20.0-202601161812.p2.g974542a.assembly.stream.el9-974542a-974542ae2ef86a631546b3a48fd0da3c2e3b74dd
2026-01-28T09:43:56.977143516Z I0128 09:43:56.977099       1 dynamic_serving_content.go:116] "Loaded a new cert/key pair" name="serving-cert::/tmp/serving-cert-4008146879/tls.crt::/tmp/serving-cert-4008146879/tls.key"
2026-01-28T09:43:57.458792626Z I0128 09:43:57.458756       1 requestheader_controller.go:255] Loaded a new request header values for RequestHeaderAuthRequestController
2026-01-28T09:43:57.460476100Z I0128 09:43:57.460447       1 maxinflight.go:139] "Initialized nonMutatingChan" len=400
2026-01-28T09:43:57.460476100Z I0128 09:43:57.460467       1 maxinflight.go:145] "Initialized mutatingChan" len=200
2026-01-28T09:43:57.460512292Z I0128 09:43:57.460505       1 maxinflight.go:116] "Set denominator for readonly requests" limit=400
2026-01-28T09:43:57.460539453Z I0128 09:43:57.460513       1 maxinflight.go:120] "Set denominator for mutating requests" limit=200
2026-01-28T09:43:57.463265279Z I0128 09:43:57.463239       1 secure_serving.go:57] Forcing use of http/1.1 only
2026-01-28T09:43:57.463265279Z I0128 09:43:57.463255       1 genericapiserver.go:546] MuxAndDiscoveryComplete has all endpoints registered and discovery information is complete
2026-01-28T09:43:57.463265279Z W0128 09:43:57.463261       1 secure_serving.go:69] Use of insecure cipher 'TLS_ECDHE_ECDSA_WITH_AES_128_CBC_SHA256' detected.
2026-01-28T09:43:57.463294480Z W0128 09:43:57.463266       1 secure_serving.go:69] Use of insecure cipher 'TLS_ECDHE_RSA_WITH_AES_128_CBC_SHA256' detected.
2026-01-28T09:43:57.463294480Z W0128 09:43:57.463270       1 secure_serving.go:69] Use of insecure cipher 'TLS_RSA_WITH_AES_128_GCM_SHA256' detected.
2026-01-28T09:43:57.463294480Z W0128 09:43:57.463274       1 secure_serving.go:69] Use of insecure cipher 'TLS_RSA_WITH_AES_256_GCM_SHA384' detected.
2026-01-28T09:43:57.463294480Z W0128 09:43:57.463277       1 secure_serving.go:69] Use of insecure cipher 'TLS_RSA_WITH_AES_128_CBC_SHA' detected.
2026-01-28T09:43:57.463294480Z W0128 09:43:57.463280       1 secure_serving.go:69] Use of insecure cipher 'TLS_RSA_WITH_AES_256_CBC_SHA' detected.
2026-01-28T09:43:57.466725011Z I0128 09:43:57.466705       1 requestheader_controller.go:180] Starting RequestHeaderAuthRequestController
2026-01-28T09:43:57.466831577Z I0128 09:43:57.466815       1 shared_informer.go:350] "Waiting for caches to sync" controller="RequestHeaderAuthRequestController"
2026-01-28T09:43:57.466891470Z I0128 09:43:57.466718       1 configmap_cafile_content.go:205] "Starting controller" name="client-ca::kube-system::extension-apiserver-authentication::client-ca-file"
2026-01-28T09:43:57.466946393Z I0128 09:43:57.466923       1 shared_informer.go:350] "Waiting for caches to sync" controller="client-ca::kube-system::extension-apiserver-authentication::client-ca-file"
2026-01-28T09:43:57.466946393Z I0128 09:43:57.466718       1 configmap_cafile_content.go:205] "Starting controller" name="client-ca::kube-system::extension-apiserver-authentication::requestheader-client-ca-file"
2026-01-28T09:43:57.466962533Z I0128 09:43:57.466945       1 shared_informer.go:350] "Waiting for caches to sync" controller="client-ca::kube-system::extension-apiserver-authentication::requestheader-client-ca-file"
2026-01-28T09:43:57.467007306Z I0128 09:43:57.466992       1 dynamic_serving_content.go:135] "Starting controller" name="serving-cert::/tmp/serving-cert-4008146879/tls.crt::/tmp/serving-cert-4008146879/tls.key"
2026-01-28T09:43:57.467109181Z I0128 09:43:57.467087       1 tlsconfig.go:203] "Loaded serving cert" certName="serving-cert::/tmp/serving-cert-4008146879/tls.crt::/tmp/serving-cert-4008146879/tls.key" certDetail="\"localhost\" [serving] validServingFor=[localhost] issuer=\"check-endpoints-signer@1769593436\" (2026-01-28 09:43:55 +0000 UTC to 2026-01-28 09:43:56 +0000 UTC (now=2026-01-28 09:43:57.467053908 +0000 UTC))"
2026-01-28T09:43:57.467369734Z I0128 09:43:57.467353       1 named_certificates.go:53] "Loaded SNI cert" index=0 certName="self-signed loopback" certDetail="\"apiserver-loopback-client@1769593437\" [serving] validServingFor=[apiserver-loopback-client] issuer=\"apiserver-loopback-client-ca@1769593437\" (2026-01-28 08:43:56 +0000 UTC to 2029-01-28 08:43:56 +0000 UTC (now=2026-01-28 09:43:57.467335382 +0000 UTC))"
2026-01-28T09:43:57.467427817Z I0128 09:43:57.467414       1 secure_serving.go:211] Serving securely on [::]:17698
2026-01-28T09:43:57.467484669Z I0128 09:43:57.467459       1 genericapiserver.go:696] [graceful-termination] waiting for shutdown to be initiated
2026-01-28T09:43:57.467484669Z I0128 09:43:57.467434       1 tlsconfig.go:243] "Starting DynamicServingCertificateController"
2026-01-28T09:43:57.468934402Z I0128 09:43:57.468912       1 reflector.go:430] "Caches populated" type="*v1.ConfigMap" reflector="k8s.io/client-go@v0.33.2/tools/cache/reflector.go:285"
2026-01-28T09:43:57.469002715Z I0128 09:43:57.468913       1 reflector.go:430] "Caches populated" type="*v1.ConfigMap" reflector="k8s.io/client-go@v0.33.2/tools/cache/reflector.go:285"
2026-01-28T09:43:57.469062978Z I0128 09:43:57.468937       1 reflector.go:430] "Caches populated" type="*v1.ConfigMap" reflector="k8s.io/client-go@v0.33.2/tools/cache/reflector.go:285"
2026-01-28T09:43:57.469902400Z I0128 09:43:57.469884       1 base_controller.go:76] Waiting for caches to sync for CheckEndpointsTimeToStart
2026-01-28T09:43:57.566951538Z I0128 09:43:57.566904       1 shared_informer.go:357] "Caches are synced" controller="RequestHeaderAuthRequestController"
2026-01-28T09:43:57.567139357Z I0128 09:43:57.567119       1 shared_informer.go:357] "Caches are synced" controller="client-ca::kube-system::extension-apiserver-authentication::requestheader-client-ca-file"
2026-01-28T09:43:57.567216941Z I0128 09:43:57.567201       1 shared_informer.go:357] "Caches are synced" controller="client-ca::kube-system::extension-apiserver-authentication::client-ca-file"
2026-01-28T09:43:57.567362948Z I0128 09:43:57.567342       1 tlsconfig.go:181] "Loaded client CA" index=0 certName="client-ca::kube-system::extension-apiserver-authentication::client-ca-file,client-ca::kube-system::extension-apiserver-authentication::requestheader-client-ca-file" certDetail="\"aggregator-signer\" [] issuer=\"<self>\" (2026-01-28 09:13:04 +0000 UTC to 2026-01-29 09:13:04 +0000 UTC (now=2026-01-28 09:43:57.567316456 +0000 UTC))"
2026-01-28T09:43:57.567635942Z I0128 09:43:57.567618       1 tlsconfig.go:203] "Loaded serving cert" certName="serving-cert::/tmp/serving-cert-4008146879/tls.crt::/tmp/serving-cert-4008146879/tls.key" certDetail="\"localhost\" [serving] validServingFor=[localhost] issuer=\"check-endpoints-signer@1769593436\" (2026-01-28 09:43:55 +0000 UTC to 2026-01-28 09:43:56 +0000 UTC (now=2026-01-28 09:43:57.56759854 +0000 UTC))"
2026-01-28T09:43:57.567841622Z I0128 09:43:57.567815       1 named_certificates.go:53] "Loaded SNI cert" index=0 certName="self-signed loopback" certDetail="\"apiserver-loopback-client@1769593437\" [serving] validServingFor=[apiserver-loopback-client] issuer=\"apiserver-loopback-client-ca@1769593437\" (2026-01-28 08:43:56 +0000 UTC to 2029-01-28 08:43:56 +0000 UTC (now=2026-01-28 09:43:57.56780164 +0000 UTC))"
2026-01-28T09:43:57.567991290Z I0128 09:43:57.567970       1 tlsconfig.go:181] "Loaded client CA" index=0 certName="client-ca::kube-system::extension-apiserver-authentication::client-ca-file,client-ca::kube-system::extension-apiserver-authentication::requestheader-client-ca-file" certDetail="\"admin-kubeconfig-signer\" [] issuer=\"<self>\" (2026-01-28 09:13:02 +0000 UTC to 2036-01-26 09:13:02 +0000 UTC (now=2026-01-28 09:43:57.567948937 +0000 UTC))"
2026-01-28T09:43:57.568086244Z I0128 09:43:57.568067       1 tlsconfig.go:181] "Loaded client CA" index=1 certName="client-ca::kube-system::extension-apiserver-authentication::client-ca-file,client-ca::kube-system::extension-apiserver-authentication::requestheader-client-ca-file" certDetail="\"kubelet-signer\" [] issuer=\"<self>\" (2026-01-28 09:13:06 +0000 UTC to 2026-01-29 09:13:06 +0000 UTC (now=2026-01-28 09:43:57.56800418 +0000 UTC))"
2026-01-28T09:43:57.568130557Z I0128 09:43:57.568116       1 tlsconfig.go:181] "Loaded client CA" index=2 certName="client-ca::kube-system::extension-apiserver-authentication::client-ca-file,client-ca::kube-system::extension-apiserver-authentication::requestheader-client-ca-file" certDetail="\"kube-control-plane-signer\" [] issuer=\"<self>\" (2026-01-28 09:13:06 +0000 UTC to 2027-01-28 09:13:06 +0000 UTC (now=2026-01-28 09:43:57.568098425 +0000 UTC))"
2026-01-28T09:43:57.568178839Z I0128 09:43:57.568167       1 tlsconfig.go:181] "Loaded client CA" index=3 certName="client-ca::kube-system::extension-apiserver-authentication::client-ca-file,client-ca::kube-system::extension-apiserver-authentication::requestheader-client-ca-file" certDetail="\"kube-apiserver-to-kubelet-signer\" [] issuer=\"<self>\" (2026-01-28 09:13:07 +0000 UTC to 2027-01-28 09:13:07 +0000 UTC (now=2026-01-28 09:43:57.568152638 +0000 UTC))"
2026-01-28T09:43:57.568225711Z I0128 09:43:57.568211       1 tlsconfig.go:181] "Loaded client CA" index=4 certName="client-ca::kube-system::extension-apiserver-authentication::client-ca-file,client-ca::kube-system::extension-apiserver-authentication::requestheader-client-ca-file" certDetail="\"kubelet-bootstrap-kubeconfig-signer\" [] issuer=\"<self>\" (2026-01-28 09:13:03 +0000 UTC to 2036-01-26 09:13:03 +0000 UTC (now=2026-01-28 09:43:57.568185569 +0000 UTC))"
2026-01-28T09:43:57.568284984Z I0128 09:43:57.568270       1 tlsconfig.go:181] "Loaded client CA" index=5 certName="client-ca::kube-system::extension-apiserver-authentication::client-ca-file,client-ca::kube-system::extension-apiserver-authentication::requestheader-client-ca-file" certDetail="\"kube-csr-signer_@1769592636\" [] issuer=\"kubelet-signer\" (2026-01-28 09:30:35 +0000 UTC to 2026-01-29 09:13:06 +0000 UTC (now=2026-01-28 09:43:57.568256103 +0000 UTC))"
2026-01-28T09:43:57.568369418Z I0128 09:43:57.568347       1 tlsconfig.go:181] "Loaded client CA" index=6 certName="client-ca::kube-system::extension-apiserver-authentication::client-ca-file,client-ca::kube-system::extension-apiserver-authentication::requestheader-client-ca-file" certDetail="\"openshift-kube-apiserver-operator_node-system-admin-signer@1769592635\" [] issuer=\"<self>\" (2026-01-28 09:30:35 +0000 UTC to 2029-01-27 09:30:36 +0000 UTC (now=2026-01-28 09:43:57.568306025 +0000 UTC))"
2026-01-28T09:43:57.568416891Z I0128 09:43:57.568402       1 tlsconfig.go:181] "Loaded client CA" index=7 certName="client-ca::kube-system::extension-apiserver-authentication::client-ca-file,client-ca::kube-system::extension-apiserver-authentication::requestheader-client-ca-file" certDetail="\"aggregator-signer\" [] issuer=\"<self>\" (2026-01-28 09:13:04 +0000 UTC to 2026-01-29 09:13:04 +0000 UTC (now=2026-01-28 09:43:57.568384689 +0000 UTC))"
2026-01-28T09:43:57.568613170Z I0128 09:43:57.568589       1 tlsconfig.go:203] "Loaded serving cert" certName="serving-cert::/tmp/serving-cert-4008146879/tls.crt::/tmp/serving-cert-4008146879/tls.key" certDetail="\"localhost\" [serving] validServingFor=[localhost] issuer=\"check-endpoints-signer@1769593436\" (2026-01-28 09:43:55 +0000 UTC to 2026-01-28 09:43:56 +0000 UTC (now=2026-01-28 09:43:57.568576679 +0000 UTC))"
2026-01-28T09:43:57.568788029Z I0128 09:43:57.568766       1 named_certificates.go:53] "Loaded SNI cert" index=0 certName="self-signed loopback" certDetail="\"apiserver-loopback-client@1769593437\" [serving] validServingFor=[apiserver-loopback-client] issuer=\"apiserver-loopback-client-ca@1769593437\" (2026-01-28 08:43:56 +0000 UTC to 2029-01-28 08:43:56 +0000 UTC (now=2026-01-28 09:43:57.568755078 +0000 UTC))"
2026-01-28T09:43:57.579876232Z I0128 09:43:57.579831       1 reflector.go:430] "Caches populated" type="*v1.CustomResourceDefinition" reflector="k8s.io/client-go@v0.33.2/tools/cache/reflector.go:285"
2026-01-28T09:43:57.671076058Z I0128 09:43:57.671002       1 base_controller.go:82] Caches are synced for CheckEndpointsTimeToStart 
2026-01-28T09:43:57.671076058Z I0128 09:43:57.671045       1 base_controller.go:119] Starting #1 worker of CheckEndpointsTimeToStart controller ...
