2026-01-28T09:29:59.275488136Z + [[ -f /env/_master ]]
2026-01-28T09:29:59.275488136Z + . /ovnkube-lib/ovnkube-lib.sh
2026-01-28T09:29:59.275591639Z ++ set -x
2026-01-28T09:29:59.275591639Z ++ K8S_NODE=ip-10-0-3-203.us-west-1.compute.internal
2026-01-28T09:29:59.275591639Z ++ [[ -n ip-10-0-3-203.us-west-1.compute.internal ]]
2026-01-28T09:29:59.275591639Z ++ [[ -f /env/ip-10-0-3-203.us-west-1.compute.internal ]]
2026-01-28T09:29:59.275591639Z ++ northd_pidfile=/var/run/ovn/ovn-northd.pid
2026-01-28T09:29:59.275591639Z ++ controller_pidfile=/var/run/ovn/ovn-controller.pid
2026-01-28T09:29:59.275591639Z ++ controller_logfile=/var/log/ovn/acl-audit-log.log
2026-01-28T09:29:59.275591639Z ++ vswitch_dbsock=/var/run/openvswitch/db.sock
2026-01-28T09:29:59.275591639Z ++ nbdb_pidfile=/var/run/ovn/ovnnb_db.pid
2026-01-28T09:29:59.275605369Z ++ nbdb_sock=/var/run/ovn/ovnnb_db.sock
2026-01-28T09:29:59.275605369Z ++ nbdb_ctl=/var/run/ovn/ovnnb_db.ctl
2026-01-28T09:29:59.275605369Z ++ sbdb_pidfile=/var/run/ovn/ovnsb_db.pid
2026-01-28T09:29:59.275605369Z ++ sbdb_sock=/var/run/ovn/ovnsb_db.sock
2026-01-28T09:29:59.275616229Z ++ sbdb_ctl=/var/run/ovn/ovnsb_db.ctl
2026-01-28T09:29:59.276699842Z + trap quit-nbdb TERM INT
2026-01-28T09:29:59.276717543Z + start-nbdb info
2026-01-28T09:29:59.276717543Z + local log_level=info
2026-01-28T09:29:59.276717543Z + [[ 1 -ne 1 ]]
2026-01-28T09:29:59.276947637Z + wait 3573
2026-01-28T09:29:59.276999989Z + exec /usr/share/ovn/scripts/ovn-ctl --no-monitor --db-nb-sock=/var/run/ovn/ovnnb_db.sock '--ovn-nb-log=-vconsole:info -vfile:off -vPATTERN:console:%D{%Y-%m-%dT%H:%M:%S.###Z}|%05N|%c%T|%p|%m' run_nb_ovsdb
2026-01-28T09:29:59.345705388Z 2026-01-28T09:29:59.345Z|00001|vlog|INFO|opened log file /var/log/ovn/ovsdb-server-nb.log
2026-01-28T09:29:59.349072470Z 2026-01-28T09:29:59.349Z|00002|ovsdb_server|INFO|ovsdb-server (Open vSwitch) 3.5.2-51.el9fdp
2026-01-28T09:30:09.354778769Z 2026-01-28T09:30:09.354Z|00003|memory|INFO|12544 kB peak resident set size after 10.0 seconds
2026-01-28T09:30:09.354916052Z 2026-01-28T09:30:09.354Z|00004|memory|INFO|atoms:5995 cells:3559 json-caches:2 monitors:4 n-weak-refs:54 sessions:2
