2026-01-28T09:46:43.829532452Z W0128 09:46:43.829398       1 cmd.go:257] Using insecure, self-signed certificates
2026-01-28T09:46:43.829770947Z I0128 09:46:43.829754       1 crypto.go:594] Generating new CA for cert-regeneration-controller-signer@1769593603 cert, and key in /tmp/serving-cert-2226532580/serving-signer.crt, /tmp/serving-cert-2226532580/serving-signer.key
2026-01-28T09:46:43.829801847Z Validity period of the certificate for "cert-regeneration-controller-signer@1769593603" is unset, resetting to 43800h0m0s!
2026-01-28T09:46:44.427974639Z I0128 09:46:44.427914       1 leaderelection.go:121] The leader election gives 4 retries and allows for 30s of clock skew. The kube-apiserver downtime tolerance is 78s. Worst non-graceful lease acquisition is 2m43s. Worst graceful lease acquisition is {26s}.
2026-01-28T09:46:44.428729036Z I0128 09:46:44.428701       1 envvar.go:172] "Feature gate default state" feature="InOrderInformers" enabled=true
2026-01-28T09:46:44.428729036Z I0128 09:46:44.428722       1 envvar.go:172] "Feature gate default state" feature="WatchListClient" enabled=false
2026-01-28T09:46:44.428749756Z I0128 09:46:44.428730       1 envvar.go:172] "Feature gate default state" feature="ClientsAllowCBOR" enabled=false
2026-01-28T09:46:44.428749756Z I0128 09:46:44.428736       1 envvar.go:172] "Feature gate default state" feature="ClientsPreferCBOR" enabled=false
2026-01-28T09:46:44.428749756Z I0128 09:46:44.428742       1 envvar.go:172] "Feature gate default state" feature="InformerResourceVersion" enabled=false
2026-01-28T09:46:44.429846701Z I0128 09:46:44.429809       1 observer_polling.go:159] Starting file observer
2026-01-28T09:46:45.300977955Z W0128 09:46:45.300933       1 builder.go:272] unable to get owner reference (falling back to namespace): pods is forbidden: User "system:serviceaccount:openshift-kube-apiserver:localhost-recovery-client" cannot list resource "pods" in API group "" in the namespace "openshift-kube-apiserver"
2026-01-28T09:46:45.301051877Z I0128 09:46:45.301032       1 builder.go:304] cert-regeneration-controller version 4.20.0-202601161812.p2.g974542a.assembly.stream.el9-974542a-974542ae2ef86a631546b3a48fd0da3c2e3b74dd
2026-01-28T09:46:45.359114163Z W0128 09:46:45.359045       1 builder.go:364] unable to get control plane topology, using HA cluster values for leader election: infrastructures.config.openshift.io "cluster" is forbidden: User "system:serviceaccount:openshift-kube-apiserver:localhost-recovery-client" cannot get resource "infrastructures" in API group "config.openshift.io" at the cluster scope
2026-01-28T09:46:45.386202297Z I0128 09:46:45.386140       1 event.go:377] Event(v1.ObjectReference{Kind:"Namespace", Namespace:"openshift-kube-apiserver", Name:"openshift-kube-apiserver", UID:"", APIVersion:"v1", ResourceVersion:"", FieldPath:""}): type: 'Warning' reason: 'ControlPlaneTopology' unable to get control plane topology, using HA cluster values for leader election: infrastructures.config.openshift.io "cluster" is forbidden: User "system:serviceaccount:openshift-kube-apiserver:localhost-recovery-client" cannot get resource "infrastructures" in API group "config.openshift.io" at the cluster scope
2026-01-28T09:46:45.389178144Z I0128 09:46:45.389152       1 leaderelection.go:257] attempting to acquire leader lease openshift-kube-apiserver/cert-regeneration-controller-lock...
2026-01-28T09:46:45.405996459Z E0128 09:46:45.405949       1 leaderelection.go:436] error retrieving resource lock openshift-kube-apiserver/cert-regeneration-controller-lock: leases.coordination.k8s.io "cert-regeneration-controller-lock" is forbidden: User "system:serviceaccount:openshift-kube-apiserver:localhost-recovery-client" cannot get resource "leases" in API group "coordination.k8s.io" in the namespace "openshift-kube-apiserver"
2026-01-28T09:46:45.406249955Z E0128 09:46:45.406221       1 event.go:359] "Server rejected event (will not retry!)" err="events is forbidden: User \"system:serviceaccount:openshift-kube-apiserver:localhost-recovery-client\" cannot create resource \"events\" in API group \"\" in the namespace \"openshift-kube-apiserver\"" event="&Event{ObjectMeta:{openshift-kube-apiserver.188edc02243a06d4  openshift-kube-apiserver    0 0001-01-01 00:00:00 +0000 UTC <nil> <nil> map[] map[] [] [] []},InvolvedObject:ObjectReference{Kind:Namespace,Namespace:openshift-kube-apiserver,Name:openshift-kube-apiserver,UID:,APIVersion:v1,ResourceVersion:,FieldPath:,},Reason:ControlPlaneTopology,Message:unable to get control plane topology, using HA cluster values for leader election: infrastructures.config.openshift.io \"cluster\" is forbidden: User \"system:serviceaccount:openshift-kube-apiserver:localhost-recovery-client\" cannot get resource \"infrastructures\" in API group \"config.openshift.io\" at the cluster scope,Source:EventSource{Component:cert-regeneration-controller,Host:,},FirstTimestamp:2026-01-28 09:46:45.35901154 +0000 UTC m=+1.579135708,LastTimestamp:2026-01-28 09:46:45.35901154 +0000 UTC m=+1.579135708,Count:1,Type:Warning,EventTime:0001-01-01 00:00:00 +0000 UTC,Series:nil,Action:,Related:nil,ReportingController:cert-regeneration-controller,ReportingInstance:,}"
2026-01-28T09:52:37.244976248Z I0128 09:52:37.244903       1 leaderelection.go:271] successfully acquired lease openshift-kube-apiserver/cert-regeneration-controller-lock
2026-01-28T09:52:37.245079260Z I0128 09:52:37.245045       1 event.go:377] Event(v1.ObjectReference{Kind:"Lease", Namespace:"openshift-kube-apiserver", Name:"cert-regeneration-controller-lock", UID:"16757d11-e7d9-4a9a-871c-28782bc10e52", APIVersion:"coordination.k8s.io/v1", ResourceVersion:"27633", FieldPath:""}): type: 'Normal' reason: 'LeaderElection' ip-10-0-102-200_dcfd93cb-a47b-431c-b2b1-09165e6c0f89 became leader
2026-01-28T09:52:37.246172584Z I0128 09:52:37.246149       1 simple_featuregate_reader.go:171] Starting feature-gate-detector
2026-01-28T09:52:37.247919042Z I0128 09:52:37.247889       1 reflector.go:430] "Caches populated" type="*v1.FeatureGate" reflector="k8s.io/client-go@v0.33.2/tools/cache/reflector.go:285"
2026-01-28T09:52:37.248143867Z I0128 09:52:37.248123       1 reflector.go:430] "Caches populated" type="*v1.ClusterVersion" reflector="k8s.io/client-go@v0.33.2/tools/cache/reflector.go:285"
2026-01-28T09:52:37.248208598Z I0128 09:52:37.248166       1 event.go:377] Event(v1.ObjectReference{Kind:"Namespace", Namespace:"openshift-kube-apiserver", Name:"openshift-kube-apiserver", UID:"", APIVersion:"v1", ResourceVersion:"", FieldPath:""}): type: 'Normal' reason: 'FeatureGatesInitialized' FeatureGates updated to featuregates.Features{Enabled:[]v1.FeatureGateName{"AdditionalRoutingCapabilities", "AdminNetworkPolicy", "AlibabaPlatform", "AzureWorkloadIdentity", "BuildCSIVolumes", "CPMSMachineNamePrefix", "ConsolePluginContentSecurityPolicy", "ExternalOIDC", "ExternalOIDCWithUIDAndExtraClaimMappings", "GatewayAPI", "GatewayAPIController", "HighlyAvailableArbiter", "ImageVolume", "IngressControllerLBSubnetsAWS", "KMSv1", "MachineConfigNodes", "ManagedBootImages", "ManagedBootImagesAWS", "MetricsCollectionProfiles", "NetworkDiagnosticsConfig", "NetworkLiveMigration", "NetworkSegmentation", "NewOLM", "PinnedImages", "PreconfiguredUDNAddresses", "ProcMountType", "RouteAdvertisements", "RouteExternalCertificate", "ServiceAccountTokenNodeBinding", "SetEIPForNLBIngressController", "SigstoreImageVerification", "StoragePerformantSecurityPolicy", "UpgradeStatus", "UserNamespacesPodSecurityStandards", "UserNamespacesSupport", "VSphereMultiDisk", "VSphereMultiNetworks"}, Disabled:[]v1.FeatureGateName{"AWSClusterHostedDNS", "AWSClusterHostedDNSInstall", "AWSDedicatedHosts", "AWSServiceLBNetworkSecurityGroup", "AutomatedEtcdBackup", "AzureClusterHostedDNSInstall", "AzureDedicatedHosts", "AzureMultiDisk", "BootImageSkewEnforcement", "BootcNodeManagement", "ClusterAPIInstall", "ClusterAPIInstallIBMCloud", "ClusterMonitoringConfig", "ClusterVersionOperatorConfiguration", "DNSNameResolver", "DualReplica", "DyanmicServiceEndpointIBMCloud", "DynamicResourceAllocation", "EtcdBackendQuota", "EventedPLEG", "Example", "Example2", "ExternalSnapshotMetadata", "GCPClusterHostedDNS", "GCPClusterHostedDNSInstall", "GCPCustomAPIEndpoints", "GCPCustomAPIEndpointsInstall", "ImageModeStatusReporting", "ImageStreamImportMode", "IngressControllerDynamicConfigurationManager", "InsightsConfig", "InsightsConfigAPI", "InsightsOnDemandDataGather", "IrreconcilableMachineConfig", "KMSEncryptionProvider", "MachineAPIMigration", "MachineAPIOperatorDisableMachineHealthCheckController", "ManagedBootImagesAzure", "ManagedBootImagesvSphere", "MaxUnavailableStatefulSet", "MinimumKubeletVersion", "MixedCPUsAllocation", "MultiArchInstallAzure", "MultiDiskSetup", "MutatingAdmissionPolicy", "NewOLMCatalogdAPIV1Metas", "NewOLMOwnSingleNamespace", "NewOLMPreflightPermissionChecks", "NewOLMWebhookProviderOpenshiftServiceCA", "NoRegistryClusterOperations", "NodeSwap", "NutanixMultiSubnets", "OVNObservability", "OpenShiftPodSecurityAdmission", "SELinuxMount", "ShortCertRotation", "SignatureStores", "SigstoreImageVerificationPKI", "TranslateStreamCloseWebsocketRequests", "VSphereConfigurableMaxAllowedBlockVolumesPerNode", "VSphereHostVMGroupZonal", "VSphereMixedNodeEnv", "VolumeAttributesClass", "VolumeGroupSnapshot"}}
2026-01-28T09:52:37.248330791Z I0128 09:52:37.248134       1 cmd.go:126] FeatureGates initialized: knownFeatureGates=[AdditionalRoutingCapabilities AdminNetworkPolicy AlibabaPlatform AzureWorkloadIdentity BuildCSIVolumes CPMSMachineNamePrefix ConsolePluginContentSecurityPolicy ExternalOIDC ExternalOIDCWithUIDAndExtraClaimMappings GatewayAPI GatewayAPIController HighlyAvailableArbiter ImageVolume IngressControllerLBSubnetsAWS KMSv1 MachineConfigNodes ManagedBootImages ManagedBootImagesAWS MetricsCollectionProfiles NetworkDiagnosticsConfig NetworkLiveMigration NetworkSegmentation NewOLM PinnedImages PreconfiguredUDNAddresses ProcMountType RouteAdvertisements RouteExternalCertificate ServiceAccountTokenNodeBinding SetEIPForNLBIngressController SigstoreImageVerification StoragePerformantSecurityPolicy UpgradeStatus UserNamespacesPodSecurityStandards UserNamespacesSupport VSphereMultiDisk VSphereMultiNetworks AWSClusterHostedDNS AWSClusterHostedDNSInstall AWSDedicatedHosts AWSServiceLBNetworkSecurityGroup AutomatedEtcdBackup AzureClusterHostedDNSInstall AzureDedicatedHosts AzureMultiDisk BootImageSkewEnforcement BootcNodeManagement ClusterAPIInstall ClusterAPIInstallIBMCloud ClusterMonitoringConfig ClusterVersionOperatorConfiguration DNSNameResolver DualReplica DyanmicServiceEndpointIBMCloud DynamicResourceAllocation EtcdBackendQuota EventedPLEG Example Example2 ExternalSnapshotMetadata GCPClusterHostedDNS GCPClusterHostedDNSInstall GCPCustomAPIEndpoints GCPCustomAPIEndpointsInstall ImageModeStatusReporting ImageStreamImportMode IngressControllerDynamicConfigurationManager InsightsConfig InsightsConfigAPI InsightsOnDemandDataGather IrreconcilableMachineConfig KMSEncryptionProvider MachineAPIMigration MachineAPIOperatorDisableMachineHealthCheckController ManagedBootImagesAzure ManagedBootImagesvSphere MaxUnavailableStatefulSet MinimumKubeletVersion MixedCPUsAllocation MultiArchInstallAzure MultiDiskSetup MutatingAdmissionPolicy NewOLMCatalogdAPIV1Metas NewOLMOwnSingleNamespace NewOLMPreflightPermissionChecks NewOLMWebhookProviderOpenshiftServiceCA NoRegistryClusterOperations NodeSwap NutanixMultiSubnets OVNObservability OpenShiftPodSecurityAdmission SELinuxMount ShortCertRotation SignatureStores SigstoreImageVerificationPKI TranslateStreamCloseWebsocketRequests VSphereConfigurableMaxAllowedBlockVolumesPerNode VSphereHostVMGroupZonal VSphereMixedNodeEnv VolumeAttributesClass VolumeGroupSnapshot]
2026-01-28T09:52:37.248515135Z I0128 09:52:37.248468       1 certrotationcontroller.go:148] Setting monthPeriod to 720h0m0s, yearPeriod to 8760h0m0s, tenMonthPeriod to 7008h0m0s
2026-01-28T09:52:37.252326648Z I0128 09:52:37.252295       1 cabundlesyncer.go:82] Starting CA bundle controller
2026-01-28T09:52:37.252359468Z I0128 09:52:37.252321       1 shared_informer.go:350] "Waiting for caches to sync" controller="CABundleController"
2026-01-28T09:52:37.253456692Z I0128 09:52:37.252923       1 certrotationcontroller.go:919] Starting CertRotation
2026-01-28T09:52:37.253456692Z I0128 09:52:37.253075       1 certrotationcontroller.go:884] Waiting for CertRotation
2026-01-28T09:52:37.260111257Z I0128 09:52:37.260061       1 reflector.go:430] "Caches populated" type="*v1.Secret" reflector="k8s.io/client-go@v0.33.2/tools/cache/reflector.go:285"
2026-01-28T09:52:37.260570927Z I0128 09:52:37.260545       1 reflector.go:430] "Caches populated" type="*v1.ConfigMap" reflector="k8s.io/client-go@v0.33.2/tools/cache/reflector.go:285"
2026-01-28T09:52:37.261604849Z I0128 09:52:37.261577       1 reflector.go:430] "Caches populated" type="*v1.Infrastructure" reflector="k8s.io/client-go@v0.33.2/tools/cache/reflector.go:285"
2026-01-28T09:52:37.262707983Z I0128 09:52:37.262677       1 reflector.go:430] "Caches populated" type="operator.openshift.io/v1, Resource=kubeapiservers" reflector="k8s.io/client-go@v0.33.2/tools/cache/reflector.go:285"
2026-01-28T09:52:37.263120772Z I0128 09:52:37.263072       1 reflector.go:430] "Caches populated" type="*v1.ConfigMap" reflector="k8s.io/client-go@v0.33.2/tools/cache/reflector.go:285"
2026-01-28T09:52:37.268074280Z I0128 09:52:37.266211       1 reflector.go:430] "Caches populated" type="*v1.Network" reflector="k8s.io/client-go@v0.33.2/tools/cache/reflector.go:285"
2026-01-28T09:52:37.269573392Z I0128 09:52:37.269546       1 reflector.go:430] "Caches populated" type="*v1.Secret" reflector="k8s.io/client-go@v0.33.2/tools/cache/reflector.go:285"
2026-01-28T09:52:37.272075917Z I0128 09:52:37.272046       1 reflector.go:430] "Caches populated" type="*v1.Secret" reflector="k8s.io/client-go@v0.33.2/tools/cache/reflector.go:285"
2026-01-28T09:52:37.275907480Z I0128 09:52:37.275883       1 reflector.go:430] "Caches populated" type="*v1.ConfigMap" reflector="k8s.io/client-go@v0.33.2/tools/cache/reflector.go:285"
2026-01-28T09:52:37.279437887Z I0128 09:52:37.279416       1 reflector.go:430] "Caches populated" type="*v1.ConfigMap" reflector="k8s.io/client-go@v0.33.2/tools/cache/reflector.go:285"
2026-01-28T09:52:37.353244690Z I0128 09:52:37.353178       1 shared_informer.go:357] "Caches are synced" controller="CABundleController"
2026-01-28T09:52:37.353244690Z I0128 09:52:37.353179       1 servicehostname.go:46] syncing servicenetwork hostnames: [172.30.0.1 kubernetes kubernetes.default kubernetes.default.svc kubernetes.default.svc.cluster.local openshift openshift.default openshift.default.svc openshift.default.svc.cluster.local]
2026-01-28T09:52:37.353295211Z I0128 09:52:37.353275       1 externalloadbalancer.go:27] syncing external loadbalancer hostnames: api.ci-ln-vjb5l1t-76ef8.XXXXXXXXXXXXXXXXXXXXXX
2026-01-28T09:52:37.353295211Z I0128 09:52:37.353285       1 internalloadbalancer.go:27] syncing internal loadbalancer hostnames: api-int.ci-ln-vjb5l1t-76ef8.XXXXXXXXXXXXXXXXXXXXXX
2026-01-28T09:52:37.353310691Z I0128 09:52:37.353294       1 certrotationcontroller.go:902] Finished waiting for CertRotation
2026-01-28T09:52:37.353365282Z I0128 09:52:37.353346       1 base_controller.go:76] Waiting for caches to sync for CertRotationController
2026-01-28T09:52:37.353365282Z I0128 09:52:37.353360       1 base_controller.go:82] Caches are synced for CertRotationController 
2026-01-28T09:52:37.353388493Z I0128 09:52:37.353369       1 base_controller.go:119] Starting #1 worker of CertRotationController controller ...
2026-01-28T09:52:37.353449844Z I0128 09:52:37.353387       1 servicehostname.go:46] syncing servicenetwork hostnames: [172.30.0.1 kubernetes kubernetes.default kubernetes.default.svc kubernetes.default.svc.cluster.local openshift openshift.default openshift.default.svc openshift.default.svc.cluster.local]
2026-01-28T09:52:37.353449844Z I0128 09:52:37.353420       1 base_controller.go:76] Waiting for caches to sync for CertRotationController
2026-01-28T09:52:37.353479495Z I0128 09:52:37.353445       1 externalloadbalancer.go:27] syncing external loadbalancer hostnames: api.ci-ln-vjb5l1t-76ef8.XXXXXXXXXXXXXXXXXXXXXX
2026-01-28T09:52:37.353479495Z I0128 09:52:37.353450       1 base_controller.go:82] Caches are synced for CertRotationController 
2026-01-28T09:52:37.353479495Z I0128 09:52:37.353463       1 base_controller.go:76] Waiting for caches to sync for CertRotationController
2026-01-28T09:52:37.353479495Z I0128 09:52:37.353471       1 base_controller.go:82] Caches are synced for CertRotationController 
2026-01-28T09:52:37.353495995Z I0128 09:52:37.353478       1 base_controller.go:119] Starting #1 worker of CertRotationController controller ...
2026-01-28T09:52:37.353495995Z I0128 09:52:37.353482       1 base_controller.go:76] Waiting for caches to sync for CertRotationController
2026-01-28T09:52:37.353495995Z I0128 09:52:37.353490       1 base_controller.go:82] Caches are synced for CertRotationController 
2026-01-28T09:52:37.353510456Z I0128 09:52:37.353496       1 base_controller.go:119] Starting #1 worker of CertRotationController controller ...
2026-01-28T09:52:37.353510456Z I0128 09:52:37.353502       1 base_controller.go:76] Waiting for caches to sync for CertRotationController
2026-01-28T09:52:37.353524366Z I0128 09:52:37.353511       1 base_controller.go:82] Caches are synced for CertRotationController 
2026-01-28T09:52:37.353524366Z I0128 09:52:37.353517       1 base_controller.go:119] Starting #1 worker of CertRotationController controller ...
2026-01-28T09:52:37.353557057Z I0128 09:52:37.353464       1 base_controller.go:119] Starting #1 worker of CertRotationController controller ...
2026-01-28T09:52:37.353597618Z I0128 09:52:37.353581       1 base_controller.go:76] Waiting for caches to sync for CertRotationController
2026-01-28T09:52:37.353634088Z I0128 09:52:37.353621       1 base_controller.go:82] Caches are synced for CertRotationController 
2026-01-28T09:52:37.353668759Z I0128 09:52:37.353655       1 base_controller.go:119] Starting #1 worker of CertRotationController controller ...
2026-01-28T09:52:37.353738561Z I0128 09:52:37.353723       1 base_controller.go:76] Waiting for caches to sync for CertRotationController
2026-01-28T09:52:37.353774071Z I0128 09:52:37.353762       1 base_controller.go:82] Caches are synced for CertRotationController 
2026-01-28T09:52:37.353805972Z I0128 09:52:37.353794       1 base_controller.go:119] Starting #1 worker of CertRotationController controller ...
2026-01-28T09:52:37.353859793Z I0128 09:52:37.353845       1 base_controller.go:76] Waiting for caches to sync for CertRotationController
2026-01-28T09:52:37.353900784Z I0128 09:52:37.353886       1 base_controller.go:82] Caches are synced for CertRotationController 
2026-01-28T09:52:37.353937195Z I0128 09:52:37.353925       1 base_controller.go:119] Starting #1 worker of CertRotationController controller ...
2026-01-28T09:52:37.354611210Z I0128 09:52:37.353425       1 base_controller.go:76] Waiting for caches to sync for CertRotationController
2026-01-28T09:52:37.354660621Z I0128 09:52:37.354647       1 base_controller.go:82] Caches are synced for CertRotationController 
2026-01-28T09:52:37.354695091Z I0128 09:52:37.354683       1 base_controller.go:119] Starting #1 worker of CertRotationController controller ...
2026-01-28T09:52:37.354735702Z I0128 09:52:37.353418       1 base_controller.go:76] Waiting for caches to sync for CertRotationController
2026-01-28T09:52:37.354773513Z I0128 09:52:37.354762       1 base_controller.go:82] Caches are synced for CertRotationController 
2026-01-28T09:52:37.354803504Z I0128 09:52:37.354792       1 base_controller.go:119] Starting #1 worker of CertRotationController controller ...
2026-01-28T09:52:37.356064551Z I0128 09:52:37.353349       1 base_controller.go:76] Waiting for caches to sync for CertRotationController
2026-01-28T09:52:37.356127473Z I0128 09:52:37.356113       1 base_controller.go:82] Caches are synced for CertRotationController 
2026-01-28T09:52:37.356166233Z I0128 09:52:37.356153       1 base_controller.go:119] Starting #1 worker of CertRotationController controller ...
2026-01-28T09:52:37.356218224Z I0128 09:52:37.353546       1 base_controller.go:76] Waiting for caches to sync for CertRotationController
2026-01-28T09:52:37.356249985Z I0128 09:52:37.356239       1 base_controller.go:82] Caches are synced for CertRotationController 
2026-01-28T09:52:37.356276756Z I0128 09:52:37.356267       1 base_controller.go:119] Starting #1 worker of CertRotationController controller ...
2026-01-28T10:02:37.262994950Z I0128 10:02:37.262937       1 externalloadbalancer.go:27] syncing external loadbalancer hostnames: api.ci-ln-vjb5l1t-76ef8.XXXXXXXXXXXXXXXXXXXXXX
2026-01-28T10:02:37.270328563Z I0128 10:02:37.270259       1 servicehostname.go:46] syncing servicenetwork hostnames: [172.30.0.1 kubernetes kubernetes.default kubernetes.default.svc kubernetes.default.svc.cluster.local openshift openshift.default openshift.default.svc openshift.default.svc.cluster.local]
2026-01-28T10:12:37.263181824Z I0128 10:12:37.263133       1 externalloadbalancer.go:27] syncing external loadbalancer hostnames: api.ci-ln-vjb5l1t-76ef8.XXXXXXXXXXXXXXXXXXXXXX
2026-01-28T10:12:37.270522242Z I0128 10:12:37.270461       1 servicehostname.go:46] syncing servicenetwork hostnames: [172.30.0.1 kubernetes kubernetes.default kubernetes.default.svc kubernetes.default.svc.cluster.local openshift openshift.default openshift.default.svc openshift.default.svc.cluster.local]
2026-01-28T10:22:37.264049509Z I0128 10:22:37.263995       1 externalloadbalancer.go:27] syncing external loadbalancer hostnames: api.ci-ln-vjb5l1t-76ef8.XXXXXXXXXXXXXXXXXXXXXX
2026-01-28T10:22:37.271382993Z I0128 10:22:37.271312       1 servicehostname.go:46] syncing servicenetwork hostnames: [172.30.0.1 kubernetes kubernetes.default kubernetes.default.svc kubernetes.default.svc.cluster.local openshift openshift.default openshift.default.svc openshift.default.svc.cluster.local]
