2026-01-28T09:41:00.321072412Z I0128 09:41:00.320878       1 cmd.go:95] &{<nil> true {false} installer true map[cert-configmaps:0xc000b0e140 cert-dir:0xc000b0e320 cert-secrets:0xc000b0e0a0 configmaps:0xc000829b80 namespace:0xc0008299a0 optional-cert-configmaps:0xc000b0e280 optional-cert-secrets:0xc000b0e1e0 optional-configmaps:0xc000829cc0 optional-secrets:0xc000829c20 pod:0xc000829a40 pod-manifest-dir:0xc000829e00 resource-dir:0xc000829d60 revision:0xc000829900 secrets:0xc000829ae0 v:0xc00072a280] [0xc00072a280 0xc000829900 0xc0008299a0 0xc000829a40 0xc000829d60 0xc000829e00 0xc000829b80 0xc000829cc0 0xc000829ae0 0xc000829c20 0xc000b0e320 0xc000b0e140 0xc000b0e280 0xc000b0e0a0 0xc000b0e1e0] [] map[cert-configmaps:0xc000b0e140 cert-dir:0xc000b0e320 cert-secrets:0xc000b0e0a0 configmaps:0xc000829b80 help:0xc00072be00 kubeconfig:0xc000829860 log-flush-frequency:0xc00072a1e0 namespace:0xc0008299a0 optional-cert-configmaps:0xc000b0e280 optional-cert-secrets:0xc000b0e1e0 optional-configmaps:0xc000829cc0 optional-secrets:0xc000829c20 pod:0xc000829a40 pod-manifest-dir:0xc000829e00 pod-manifests-lock-file:0xc000b0e000 resource-dir:0xc000829d60 revision:0xc000829900 secrets:0xc000829ae0 timeout-duration:0xc000829ea0 v:0xc00072a280 vmodule:0xc00072bae0] [0xc000829860 0xc000829900 0xc0008299a0 0xc000829a40 0xc000829ae0 0xc000829b80 0xc000829c20 0xc000829cc0 0xc000829d60 0xc000829e00 0xc000829ea0 0xc000b0e000 0xc000b0e0a0 0xc000b0e140 0xc000b0e1e0 0xc000b0e280 0xc000b0e320 0xc00072a1e0 0xc00072a280 0xc00072bae0 0xc00072be00] [0xc000b0e140 0xc000b0e320 0xc000b0e0a0 0xc000829b80 0xc00072be00 0xc000829860 0xc00072a1e0 0xc0008299a0 0xc000b0e280 0xc000b0e1e0 0xc000829cc0 0xc000829c20 0xc000829a40 0xc000829e00 0xc000b0e000 0xc000829d60 0xc000829900 0xc000829ae0 0xc000829ea0 0xc00072a280 0xc00072bae0] map[104:0xc00072be00 118:0xc00072a280] [] -1 0 0xc000832b10 true 0xae52c0 []}
2026-01-28T09:41:00.321215695Z I0128 09:41:00.321135       1 cmd.go:96] (*installerpod.InstallOptions)(0xc000347ba0)({
2026-01-28T09:41:00.321215695Z  KubeConfig: (string) "",
2026-01-28T09:41:00.321215695Z  KubeClient: (kubernetes.Interface) <nil>,
2026-01-28T09:41:00.321215695Z  Revision: (string) (len=1) "4",
2026-01-28T09:41:00.321215695Z  NodeName: (string) "",
2026-01-28T09:41:00.321215695Z  Namespace: (string) (len=24) "openshift-kube-apiserver",
2026-01-28T09:41:00.321215695Z  Clock: (clock.RealClock) {
2026-01-28T09:41:00.321215695Z  },
2026-01-28T09:41:00.321215695Z  PodConfigMapNamePrefix: (string) (len=18) "kube-apiserver-pod",
2026-01-28T09:41:00.321215695Z  SecretNamePrefixes: ([]string) (len=3 cap=4) {
2026-01-28T09:41:00.321215695Z   (string) (len=11) "etcd-client",
2026-01-28T09:41:00.321215695Z   (string) (len=34) "localhost-recovery-serving-certkey",
2026-01-28T09:41:00.321215695Z   (string) (len=31) "localhost-recovery-client-token"
2026-01-28T09:41:00.321215695Z  },
2026-01-28T09:41:00.321215695Z  OptionalSecretNamePrefixes: ([]string) (len=2 cap=2) {
2026-01-28T09:41:00.321215695Z   (string) (len=17) "encryption-config",
2026-01-28T09:41:00.321215695Z   (string) (len=21) "webhook-authenticator"
2026-01-28T09:41:00.321215695Z  },
2026-01-28T09:41:00.321215695Z  ConfigMapNamePrefixes: ([]string) (len=8 cap=8) {
2026-01-28T09:41:00.321215695Z   (string) (len=18) "kube-apiserver-pod",
2026-01-28T09:41:00.321215695Z   (string) (len=6) "config",
2026-01-28T09:41:00.321215695Z   (string) (len=37) "kube-apiserver-cert-syncer-kubeconfig",
2026-01-28T09:41:00.321215695Z   (string) (len=28) "bound-sa-token-signing-certs",
2026-01-28T09:41:00.321215695Z   (string) (len=15) "etcd-serving-ca",
2026-01-28T09:41:00.321215695Z   (string) (len=18) "kubelet-serving-ca",
2026-01-28T09:41:00.321215695Z   (string) (len=22) "sa-token-signing-certs",
2026-01-28T09:41:00.321215695Z   (string) (len=29) "kube-apiserver-audit-policies"
2026-01-28T09:41:00.321215695Z  },
2026-01-28T09:41:00.321215695Z  OptionalConfigMapNamePrefixes: ([]string) (len=4 cap=4) {
2026-01-28T09:41:00.321215695Z   (string) (len=14) "oauth-metadata",
2026-01-28T09:41:00.321215695Z   (string) (len=12) "cloud-config",
2026-01-28T09:41:00.321215695Z   (string) (len=24) "kube-apiserver-server-ca",
2026-01-28T09:41:00.321215695Z   (string) (len=11) "auth-config"
2026-01-28T09:41:00.321215695Z  },
2026-01-28T09:41:00.321215695Z  CertSecretNames: ([]string) (len=10 cap=16) {
2026-01-28T09:41:00.321215695Z   (string) (len=17) "aggregator-client",
2026-01-28T09:41:00.321215695Z   (string) (len=30) "localhost-serving-cert-certkey",
2026-01-28T09:41:00.321215695Z   (string) (len=31) "service-network-serving-certkey",
2026-01-28T09:41:00.321215695Z   (string) (len=37) "external-loadbalancer-serving-certkey",
2026-01-28T09:41:00.321215695Z   (string) (len=37) "internal-loadbalancer-serving-certkey",
2026-01-28T09:41:00.321215695Z   (string) (len=33) "bound-service-account-signing-key",
2026-01-28T09:41:00.321215695Z   (string) (len=40) "control-plane-node-admin-client-cert-key",
2026-01-28T09:41:00.321215695Z   (string) (len=31) "check-endpoints-client-cert-key",
2026-01-28T09:41:00.321215695Z   (string) (len=14) "kubelet-client",
2026-01-28T09:41:00.321215695Z   (string) (len=16) "node-kubeconfigs"
2026-01-28T09:41:00.321215695Z  },
2026-01-28T09:41:00.321215695Z  OptionalCertSecretNamePrefixes: ([]string) (len=11 cap=16) {
2026-01-28T09:41:00.321215695Z   (string) (len=17) "user-serving-cert",
2026-01-28T09:41:00.321215695Z   (string) (len=21) "user-serving-cert-000",
2026-01-28T09:41:00.321215695Z   (string) (len=21) "user-serving-cert-001",
2026-01-28T09:41:00.321215695Z   (string) (len=21) "user-serving-cert-002",
2026-01-28T09:41:00.321215695Z   (string) (len=21) "user-serving-cert-003",
2026-01-28T09:41:00.321215695Z   (string) (len=21) "user-serving-cert-004",
2026-01-28T09:41:00.321215695Z   (string) (len=21) "user-serving-cert-005",
2026-01-28T09:41:00.321215695Z   (string) (len=21) "user-serving-cert-006",
2026-01-28T09:41:00.321215695Z   (string) (len=21) "user-serving-cert-007",
2026-01-28T09:41:00.321215695Z   (string) (len=21) "user-serving-cert-008",
2026-01-28T09:41:00.321215695Z   (string) (len=21) "user-serving-cert-009"
2026-01-28T09:41:00.321215695Z  },
2026-01-28T09:41:00.321215695Z  CertConfigMapNamePrefixes: ([]string) (len=4 cap=4) {
2026-01-28T09:41:00.321215695Z   (string) (len=20) "aggregator-client-ca",
2026-01-28T09:41:00.321215695Z   (string) (len=9) "client-ca",
2026-01-28T09:41:00.321215695Z   (string) (len=29) "control-plane-node-kubeconfig",
2026-01-28T09:41:00.321215695Z   (string) (len=26) "check-endpoints-kubeconfig"
2026-01-28T09:41:00.321215695Z  },
2026-01-28T09:41:00.321215695Z  OptionalCertConfigMapNamePrefixes: ([]string) (len=1 cap=1) {
2026-01-28T09:41:00.321215695Z   (string) (len=17) "trusted-ca-bundle"
2026-01-28T09:41:00.321215695Z  },
2026-01-28T09:41:00.321215695Z  CertDir: (string) (len=57) "/etc/kubernetes/static-pod-resources/kube-apiserver-certs",
2026-01-28T09:41:00.321215695Z  ResourceDir: (string) (len=36) "/etc/kubernetes/static-pod-resources",
2026-01-28T09:41:00.321215695Z  PodManifestDir: (string) (len=25) "/etc/kubernetes/manifests",
2026-01-28T09:41:00.321215695Z  Timeout: (time.Duration) 2m0s,
2026-01-28T09:41:00.321215695Z  StaticPodManifestsLockFile: (string) "",
2026-01-28T09:41:00.321215695Z  PodMutationFns: ([]installerpod.PodMutationFunc) <nil>,
2026-01-28T09:41:00.321215695Z  KubeletVersion: (string) ""
2026-01-28T09:41:00.321215695Z })
2026-01-28T09:41:00.321468321Z I0128 09:41:00.321448       1 envvar.go:172] "Feature gate default state" feature="WatchListClient" enabled=false
2026-01-28T09:41:00.321468321Z I0128 09:41:00.321463       1 envvar.go:172] "Feature gate default state" feature="ClientsAllowCBOR" enabled=false
2026-01-28T09:41:00.321477991Z I0128 09:41:00.321468       1 envvar.go:172] "Feature gate default state" feature="ClientsPreferCBOR" enabled=false
2026-01-28T09:41:00.321477991Z I0128 09:41:00.321472       1 envvar.go:172] "Feature gate default state" feature="InformerResourceVersion" enabled=false
2026-01-28T09:41:00.321477991Z I0128 09:41:00.321475       1 envvar.go:172] "Feature gate default state" feature="InOrderInformers" enabled=true
2026-01-28T09:41:00.321862799Z I0128 09:41:00.321839       1 cmd.go:413] Getting controller reference for node ip-10-0-102-200.us-west-1.compute.internal
2026-01-28T09:41:00.332369192Z I0128 09:41:00.332337       1 cmd.go:426] Waiting for installer revisions to settle for node ip-10-0-102-200.us-west-1.compute.internal
2026-01-28T09:41:00.336447312Z I0128 09:41:00.336419       1 cmd.go:506] Pod container: installer state for node ip-10-0-102-200.us-west-1.compute.internal is not terminated, waiting
2026-01-28T09:41:10.347386039Z I0128 09:41:10.347341       1 cmd.go:518] Waiting additional period after revisions have settled for node ip-10-0-102-200.us-west-1.compute.internal
2026-01-28T09:41:40.347448115Z I0128 09:41:40.347387       1 cmd.go:524] Getting installer pods for node ip-10-0-102-200.us-west-1.compute.internal
2026-01-28T09:41:40.351585236Z I0128 09:41:40.351558       1 cmd.go:542] Latest installer revision for node ip-10-0-102-200.us-west-1.compute.internal is: 4
2026-01-28T09:41:40.351585236Z I0128 09:41:40.351576       1 cmd.go:431] Querying kubelet version for node ip-10-0-102-200.us-west-1.compute.internal
2026-01-28T09:41:40.353760170Z I0128 09:41:40.353732       1 cmd.go:444] Got kubelet version 1.33.6 on target node ip-10-0-102-200.us-west-1.compute.internal
2026-01-28T09:41:40.353760170Z I0128 09:41:40.353750       1 cmd.go:293] Creating target resource directory "/etc/kubernetes/static-pod-resources/kube-apiserver-pod-4" ...
2026-01-28T09:41:40.353883673Z I0128 09:41:40.353862       1 cmd.go:221] Creating target resource directory "/etc/kubernetes/static-pod-resources/kube-apiserver-pod-4" ...
2026-01-28T09:41:40.353883673Z I0128 09:41:40.353878       1 cmd.go:229] Getting secrets ...
2026-01-28T09:41:40.357255162Z I0128 09:41:40.357228       1 copy.go:32] Got secret openshift-kube-apiserver/etcd-client-4
2026-01-28T09:41:40.359014503Z I0128 09:41:40.358992       1 copy.go:32] Got secret openshift-kube-apiserver/localhost-recovery-client-token-4
2026-01-28T09:41:40.361288510Z I0128 09:41:40.361261       1 copy.go:32] Got secret openshift-kube-apiserver/localhost-recovery-serving-certkey-4
2026-01-28T09:41:40.362840766Z I0128 09:41:40.362794       1 copy.go:24] Failed to get secret openshift-kube-apiserver/encryption-config-4: secrets "encryption-config-4" not found
2026-01-28T09:41:40.365889575Z I0128 09:41:40.365866       1 copy.go:32] Got secret openshift-kube-apiserver/webhook-authenticator-4
2026-01-28T09:41:40.365930856Z I0128 09:41:40.365893       1 cmd.go:242] Getting config maps ...
2026-01-28T09:41:40.367924975Z I0128 09:41:40.367905       1 copy.go:60] Got configMap openshift-kube-apiserver/bound-sa-token-signing-certs-4
2026-01-28T09:41:40.371037296Z I0128 09:41:40.371017       1 copy.go:60] Got configMap openshift-kube-apiserver/config-4
2026-01-28T09:41:40.372707464Z I0128 09:41:40.372688       1 copy.go:60] Got configMap openshift-kube-apiserver/etcd-serving-ca-4
2026-01-28T09:41:40.550613344Z I0128 09:41:40.550572       1 copy.go:60] Got configMap openshift-kube-apiserver/kube-apiserver-audit-policies-4
2026-01-28T09:41:40.750235019Z I0128 09:41:40.750197       1 copy.go:60] Got configMap openshift-kube-apiserver/kube-apiserver-cert-syncer-kubeconfig-4
2026-01-28T09:41:40.954666115Z I0128 09:41:40.954572       1 copy.go:60] Got configMap openshift-kube-apiserver/kube-apiserver-pod-4
2026-01-28T09:41:41.150887721Z I0128 09:41:41.150799       1 copy.go:60] Got configMap openshift-kube-apiserver/kubelet-serving-ca-4
2026-01-28T09:41:41.351306290Z I0128 09:41:41.351268       1 copy.go:60] Got configMap openshift-kube-apiserver/sa-token-signing-certs-4
2026-01-28T09:41:41.550035689Z I0128 09:41:41.549997       1 copy.go:52] Failed to get config map openshift-kube-apiserver/auth-config-4: configmaps "auth-config-4" not found
2026-01-28T09:41:41.752471037Z I0128 09:41:41.752372       1 copy.go:52] Failed to get config map openshift-kube-apiserver/cloud-config-4: configmaps "cloud-config-4" not found
2026-01-28T09:41:41.950635469Z I0128 09:41:41.950586       1 copy.go:60] Got configMap openshift-kube-apiserver/kube-apiserver-server-ca-4
2026-01-28T09:41:42.151021658Z I0128 09:41:42.150972       1 copy.go:60] Got configMap openshift-kube-apiserver/oauth-metadata-4
2026-01-28T09:41:42.151021658Z I0128 09:41:42.150997       1 cmd.go:261] Creating directory "/etc/kubernetes/static-pod-resources/kube-apiserver-pod-4/secrets/etcd-client" ...
2026-01-28T09:41:42.151182453Z I0128 09:41:42.151163       1 cmd.go:639] Writing secret manifest "/etc/kubernetes/static-pod-resources/kube-apiserver-pod-4/secrets/etcd-client/tls.crt" ...
2026-01-28T09:41:42.151312296Z I0128 09:41:42.151293       1 cmd.go:639] Writing secret manifest "/etc/kubernetes/static-pod-resources/kube-apiserver-pod-4/secrets/etcd-client/tls.key" ...
2026-01-28T09:41:42.151413249Z I0128 09:41:42.151396       1 cmd.go:261] Creating directory "/etc/kubernetes/static-pod-resources/kube-apiserver-pod-4/secrets/localhost-recovery-client-token" ...
2026-01-28T09:41:42.151472671Z I0128 09:41:42.151455       1 cmd.go:639] Writing secret manifest "/etc/kubernetes/static-pod-resources/kube-apiserver-pod-4/secrets/localhost-recovery-client-token/namespace" ...
2026-01-28T09:41:42.151572684Z I0128 09:41:42.151556       1 cmd.go:639] Writing secret manifest "/etc/kubernetes/static-pod-resources/kube-apiserver-pod-4/secrets/localhost-recovery-client-token/service-ca.crt" ...
2026-01-28T09:41:42.151692708Z I0128 09:41:42.151674       1 cmd.go:639] Writing secret manifest "/etc/kubernetes/static-pod-resources/kube-apiserver-pod-4/secrets/localhost-recovery-client-token/token" ...
2026-01-28T09:41:42.151795680Z I0128 09:41:42.151777       1 cmd.go:639] Writing secret manifest "/etc/kubernetes/static-pod-resources/kube-apiserver-pod-4/secrets/localhost-recovery-client-token/ca.crt" ...
2026-01-28T09:41:42.151901794Z I0128 09:41:42.151883       1 cmd.go:261] Creating directory "/etc/kubernetes/static-pod-resources/kube-apiserver-pod-4/secrets/localhost-recovery-serving-certkey" ...
2026-01-28T09:41:42.151959965Z I0128 09:41:42.151940       1 cmd.go:639] Writing secret manifest "/etc/kubernetes/static-pod-resources/kube-apiserver-pod-4/secrets/localhost-recovery-serving-certkey/tls.crt" ...
2026-01-28T09:41:42.152060758Z I0128 09:41:42.152043       1 cmd.go:639] Writing secret manifest "/etc/kubernetes/static-pod-resources/kube-apiserver-pod-4/secrets/localhost-recovery-serving-certkey/tls.key" ...
2026-01-28T09:41:42.152176111Z I0128 09:41:42.152157       1 cmd.go:261] Creating directory "/etc/kubernetes/static-pod-resources/kube-apiserver-pod-4/secrets/webhook-authenticator" ...
2026-01-28T09:41:42.152235233Z I0128 09:41:42.152214       1 cmd.go:639] Writing secret manifest "/etc/kubernetes/static-pod-resources/kube-apiserver-pod-4/secrets/webhook-authenticator/kubeConfig" ...
2026-01-28T09:41:42.152340026Z I0128 09:41:42.152323       1 cmd.go:277] Creating directory "/etc/kubernetes/static-pod-resources/kube-apiserver-pod-4/configmaps/bound-sa-token-signing-certs" ...
2026-01-28T09:41:42.152437899Z I0128 09:41:42.152421       1 cmd.go:629] Writing config file "/etc/kubernetes/static-pod-resources/kube-apiserver-pod-4/configmaps/bound-sa-token-signing-certs/service-account-001.pub" ...
2026-01-28T09:41:42.152559133Z I0128 09:41:42.152525       1 cmd.go:277] Creating directory "/etc/kubernetes/static-pod-resources/kube-apiserver-pod-4/configmaps/config" ...
2026-01-28T09:41:42.152609684Z I0128 09:41:42.152583       1 cmd.go:629] Writing config file "/etc/kubernetes/static-pod-resources/kube-apiserver-pod-4/configmaps/config/config.yaml" ...
2026-01-28T09:41:42.152730838Z I0128 09:41:42.152703       1 cmd.go:277] Creating directory "/etc/kubernetes/static-pod-resources/kube-apiserver-pod-4/configmaps/etcd-serving-ca" ...
2026-01-28T09:41:42.152784009Z I0128 09:41:42.152762       1 cmd.go:629] Writing config file "/etc/kubernetes/static-pod-resources/kube-apiserver-pod-4/configmaps/etcd-serving-ca/ca-bundle.crt" ...
2026-01-28T09:41:42.152945814Z I0128 09:41:42.152924       1 cmd.go:277] Creating directory "/etc/kubernetes/static-pod-resources/kube-apiserver-pod-4/configmaps/kube-apiserver-audit-policies" ...
2026-01-28T09:41:42.153004406Z I0128 09:41:42.152985       1 cmd.go:629] Writing config file "/etc/kubernetes/static-pod-resources/kube-apiserver-pod-4/configmaps/kube-apiserver-audit-policies/policy.yaml" ...
2026-01-28T09:41:42.153132179Z I0128 09:41:42.153085       1 cmd.go:277] Creating directory "/etc/kubernetes/static-pod-resources/kube-apiserver-pod-4/configmaps/kube-apiserver-cert-syncer-kubeconfig" ...
2026-01-28T09:41:42.153194771Z I0128 09:41:42.153176       1 cmd.go:629] Writing config file "/etc/kubernetes/static-pod-resources/kube-apiserver-pod-4/configmaps/kube-apiserver-cert-syncer-kubeconfig/kubeconfig" ...
2026-01-28T09:41:42.153294574Z I0128 09:41:42.153279       1 cmd.go:277] Creating directory "/etc/kubernetes/static-pod-resources/kube-apiserver-pod-4/configmaps/kube-apiserver-pod" ...
2026-01-28T09:41:42.153352446Z I0128 09:41:42.153333       1 cmd.go:629] Writing config file "/etc/kubernetes/static-pod-resources/kube-apiserver-pod-4/configmaps/kube-apiserver-pod/forceRedeploymentReason" ...
2026-01-28T09:41:42.153440929Z I0128 09:41:42.153422       1 cmd.go:629] Writing config file "/etc/kubernetes/static-pod-resources/kube-apiserver-pod-4/configmaps/kube-apiserver-pod/pod.yaml" ...
2026-01-28T09:41:42.153554822Z I0128 09:41:42.153529       1 cmd.go:629] Writing config file "/etc/kubernetes/static-pod-resources/kube-apiserver-pod-4/configmaps/kube-apiserver-pod/version" ...
2026-01-28T09:41:42.153663705Z I0128 09:41:42.153645       1 cmd.go:277] Creating directory "/etc/kubernetes/static-pod-resources/kube-apiserver-pod-4/configmaps/kubelet-serving-ca" ...
2026-01-28T09:41:42.153803689Z I0128 09:41:42.153787       1 cmd.go:629] Writing config file "/etc/kubernetes/static-pod-resources/kube-apiserver-pod-4/configmaps/kubelet-serving-ca/ca-bundle.crt" ...
2026-01-28T09:41:42.153913382Z I0128 09:41:42.153892       1 cmd.go:277] Creating directory "/etc/kubernetes/static-pod-resources/kube-apiserver-pod-4/configmaps/sa-token-signing-certs" ...
2026-01-28T09:41:42.153977484Z I0128 09:41:42.153958       1 cmd.go:629] Writing config file "/etc/kubernetes/static-pod-resources/kube-apiserver-pod-4/configmaps/sa-token-signing-certs/service-account-001.pub" ...
2026-01-28T09:41:42.154151800Z I0128 09:41:42.154133       1 cmd.go:629] Writing config file "/etc/kubernetes/static-pod-resources/kube-apiserver-pod-4/configmaps/sa-token-signing-certs/service-account-002.pub" ...
2026-01-28T09:41:42.154250692Z I0128 09:41:42.154235       1 cmd.go:277] Creating directory "/etc/kubernetes/static-pod-resources/kube-apiserver-pod-4/configmaps/kube-apiserver-server-ca" ...
2026-01-28T09:41:42.154318614Z I0128 09:41:42.154297       1 cmd.go:629] Writing config file "/etc/kubernetes/static-pod-resources/kube-apiserver-pod-4/configmaps/kube-apiserver-server-ca/ca-bundle.crt" ...
2026-01-28T09:41:42.154410507Z I0128 09:41:42.154395       1 cmd.go:277] Creating directory "/etc/kubernetes/static-pod-resources/kube-apiserver-pod-4/configmaps/oauth-metadata" ...
2026-01-28T09:41:42.154468259Z I0128 09:41:42.154450       1 cmd.go:629] Writing config file "/etc/kubernetes/static-pod-resources/kube-apiserver-pod-4/configmaps/oauth-metadata/oauthMetadata" ...
2026-01-28T09:41:42.154609953Z I0128 09:41:42.154585       1 cmd.go:221] Creating target resource directory "/etc/kubernetes/static-pod-resources/kube-apiserver-certs" ...
2026-01-28T09:41:42.154609953Z I0128 09:41:42.154603       1 cmd.go:229] Getting secrets ...
2026-01-28T09:41:42.350537770Z I0128 09:41:42.350499       1 copy.go:32] Got secret openshift-kube-apiserver/aggregator-client
2026-01-28T09:41:42.550586698Z I0128 09:41:42.550538       1 copy.go:32] Got secret openshift-kube-apiserver/bound-service-account-signing-key
2026-01-28T09:41:42.750518303Z I0128 09:41:42.750475       1 copy.go:32] Got secret openshift-kube-apiserver/check-endpoints-client-cert-key
2026-01-28T09:41:42.951546259Z I0128 09:41:42.951499       1 copy.go:32] Got secret openshift-kube-apiserver/control-plane-node-admin-client-cert-key
2026-01-28T09:41:43.150876576Z I0128 09:41:43.150800       1 copy.go:32] Got secret openshift-kube-apiserver/external-loadbalancer-serving-certkey
2026-01-28T09:41:43.350976155Z I0128 09:41:43.350931       1 copy.go:32] Got secret openshift-kube-apiserver/internal-loadbalancer-serving-certkey
2026-01-28T09:41:43.550623342Z I0128 09:41:43.550581       1 copy.go:32] Got secret openshift-kube-apiserver/kubelet-client
2026-01-28T09:41:43.751661948Z I0128 09:41:43.751609       1 copy.go:32] Got secret openshift-kube-apiserver/localhost-serving-cert-certkey
2026-01-28T09:41:43.951546081Z I0128 09:41:43.951495       1 copy.go:32] Got secret openshift-kube-apiserver/node-kubeconfigs
2026-01-28T09:41:44.151208318Z I0128 09:41:44.151148       1 copy.go:32] Got secret openshift-kube-apiserver/service-network-serving-certkey
2026-01-28T09:41:44.351039469Z I0128 09:41:44.350991       1 copy.go:24] Failed to get secret openshift-kube-apiserver/user-serving-cert: secrets "user-serving-cert" not found
2026-01-28T09:41:44.552493618Z I0128 09:41:44.552433       1 copy.go:24] Failed to get secret openshift-kube-apiserver/user-serving-cert-000: secrets "user-serving-cert-000" not found
2026-01-28T09:41:44.750399043Z I0128 09:41:44.750343       1 copy.go:24] Failed to get secret openshift-kube-apiserver/user-serving-cert-001: secrets "user-serving-cert-001" not found
2026-01-28T09:41:44.950507973Z I0128 09:41:44.950469       1 copy.go:24] Failed to get secret openshift-kube-apiserver/user-serving-cert-002: secrets "user-serving-cert-002" not found
2026-01-28T09:41:45.150534100Z I0128 09:41:45.150469       1 copy.go:24] Failed to get secret openshift-kube-apiserver/user-serving-cert-003: secrets "user-serving-cert-003" not found
2026-01-28T09:41:45.351759302Z I0128 09:41:45.351715       1 copy.go:24] Failed to get secret openshift-kube-apiserver/user-serving-cert-004: secrets "user-serving-cert-004" not found
2026-01-28T09:41:45.550345837Z I0128 09:41:45.550285       1 copy.go:24] Failed to get secret openshift-kube-apiserver/user-serving-cert-005: secrets "user-serving-cert-005" not found
2026-01-28T09:41:45.751001573Z I0128 09:41:45.750949       1 copy.go:24] Failed to get secret openshift-kube-apiserver/user-serving-cert-006: secrets "user-serving-cert-006" not found
2026-01-28T09:41:45.950774213Z I0128 09:41:45.950725       1 copy.go:24] Failed to get secret openshift-kube-apiserver/user-serving-cert-007: secrets "user-serving-cert-007" not found
2026-01-28T09:41:46.152758437Z I0128 09:41:46.152713       1 copy.go:24] Failed to get secret openshift-kube-apiserver/user-serving-cert-008: secrets "user-serving-cert-008" not found
2026-01-28T09:41:46.350065195Z I0128 09:41:46.350027       1 copy.go:24] Failed to get secret openshift-kube-apiserver/user-serving-cert-009: secrets "user-serving-cert-009" not found
2026-01-28T09:41:46.350065195Z I0128 09:41:46.350050       1 cmd.go:242] Getting config maps ...
2026-01-28T09:41:46.567861003Z I0128 09:41:46.567819       1 copy.go:60] Got configMap openshift-kube-apiserver/aggregator-client-ca
2026-01-28T09:41:46.760673818Z I0128 09:41:46.760627       1 copy.go:60] Got configMap openshift-kube-apiserver/check-endpoints-kubeconfig
2026-01-28T09:41:46.967871756Z I0128 09:41:46.967752       1 copy.go:60] Got configMap openshift-kube-apiserver/client-ca
2026-01-28T09:41:47.156598432Z I0128 09:41:47.156559       1 copy.go:60] Got configMap openshift-kube-apiserver/control-plane-node-kubeconfig
2026-01-28T09:41:47.357928887Z I0128 09:41:47.357884       1 copy.go:60] Got configMap openshift-kube-apiserver/trusted-ca-bundle
2026-01-28T09:41:47.358700020Z I0128 09:41:47.358670       1 cmd.go:261] Creating directory "/etc/kubernetes/static-pod-resources/kube-apiserver-certs/secrets/aggregator-client" ...
2026-01-28T09:41:47.358731031Z I0128 09:41:47.358720       1 cmd.go:639] Writing secret manifest "/etc/kubernetes/static-pod-resources/kube-apiserver-certs/secrets/aggregator-client/tls.crt" ...
2026-01-28T09:41:47.359344729Z I0128 09:41:47.359321       1 cmd.go:639] Writing secret manifest "/etc/kubernetes/static-pod-resources/kube-apiserver-certs/secrets/aggregator-client/tls.key" ...
2026-01-28T09:41:47.359542394Z I0128 09:41:47.359523       1 cmd.go:261] Creating directory "/etc/kubernetes/static-pod-resources/kube-apiserver-certs/secrets/bound-service-account-signing-key" ...
2026-01-28T09:41:47.359598276Z I0128 09:41:47.359583       1 cmd.go:639] Writing secret manifest "/etc/kubernetes/static-pod-resources/kube-apiserver-certs/secrets/bound-service-account-signing-key/service-account.key" ...
2026-01-28T09:41:47.420140419Z I0128 09:41:47.359782       1 cmd.go:639] Writing secret manifest "/etc/kubernetes/static-pod-resources/kube-apiserver-certs/secrets/bound-service-account-signing-key/service-account.pub" ...
2026-01-28T09:41:47.420140419Z I0128 09:41:47.359894       1 cmd.go:261] Creating directory "/etc/kubernetes/static-pod-resources/kube-apiserver-certs/secrets/check-endpoints-client-cert-key" ...
2026-01-28T09:41:47.420140419Z I0128 09:41:47.359915       1 cmd.go:639] Writing secret manifest "/etc/kubernetes/static-pod-resources/kube-apiserver-certs/secrets/check-endpoints-client-cert-key/tls.crt" ...
2026-01-28T09:41:47.420140419Z I0128 09:41:47.360029       1 cmd.go:639] Writing secret manifest "/etc/kubernetes/static-pod-resources/kube-apiserver-certs/secrets/check-endpoints-client-cert-key/tls.key" ...
2026-01-28T09:41:47.420140419Z I0128 09:41:47.360168       1 cmd.go:261] Creating directory "/etc/kubernetes/static-pod-resources/kube-apiserver-certs/secrets/control-plane-node-admin-client-cert-key" ...
2026-01-28T09:41:47.420140419Z I0128 09:41:47.360187       1 cmd.go:639] Writing secret manifest "/etc/kubernetes/static-pod-resources/kube-apiserver-certs/secrets/control-plane-node-admin-client-cert-key/tls.crt" ...
2026-01-28T09:41:47.420140419Z I0128 09:41:47.360332       1 cmd.go:639] Writing secret manifest "/etc/kubernetes/static-pod-resources/kube-apiserver-certs/secrets/control-plane-node-admin-client-cert-key/tls.key" ...
2026-01-28T09:41:47.420140419Z I0128 09:41:47.360465       1 cmd.go:261] Creating directory "/etc/kubernetes/static-pod-resources/kube-apiserver-certs/secrets/external-loadbalancer-serving-certkey" ...
2026-01-28T09:41:47.420140419Z I0128 09:41:47.360482       1 cmd.go:639] Writing secret manifest "/etc/kubernetes/static-pod-resources/kube-apiserver-certs/secrets/external-loadbalancer-serving-certkey/tls.crt" ...
2026-01-28T09:41:47.420140419Z I0128 09:41:47.360659       1 cmd.go:639] Writing secret manifest "/etc/kubernetes/static-pod-resources/kube-apiserver-certs/secrets/external-loadbalancer-serving-certkey/tls.key" ...
2026-01-28T09:41:47.420140419Z I0128 09:41:47.360793       1 cmd.go:261] Creating directory "/etc/kubernetes/static-pod-resources/kube-apiserver-certs/secrets/internal-loadbalancer-serving-certkey" ...
2026-01-28T09:41:47.420140419Z I0128 09:41:47.360809       1 cmd.go:639] Writing secret manifest "/etc/kubernetes/static-pod-resources/kube-apiserver-certs/secrets/internal-loadbalancer-serving-certkey/tls.crt" ...
2026-01-28T09:41:47.420140419Z I0128 09:41:47.360944       1 cmd.go:639] Writing secret manifest "/etc/kubernetes/static-pod-resources/kube-apiserver-certs/secrets/internal-loadbalancer-serving-certkey/tls.key" ...
2026-01-28T09:41:47.420140419Z I0128 09:41:47.361079       1 cmd.go:261] Creating directory "/etc/kubernetes/static-pod-resources/kube-apiserver-certs/secrets/kubelet-client" ...
2026-01-28T09:41:47.420140419Z I0128 09:41:47.361110       1 cmd.go:639] Writing secret manifest "/etc/kubernetes/static-pod-resources/kube-apiserver-certs/secrets/kubelet-client/tls.crt" ...
2026-01-28T09:41:47.420140419Z I0128 09:41:47.361238       1 cmd.go:639] Writing secret manifest "/etc/kubernetes/static-pod-resources/kube-apiserver-certs/secrets/kubelet-client/tls.key" ...
2026-01-28T09:41:47.420140419Z I0128 09:41:47.361356       1 cmd.go:261] Creating directory "/etc/kubernetes/static-pod-resources/kube-apiserver-certs/secrets/localhost-serving-cert-certkey" ...
2026-01-28T09:41:47.420140419Z I0128 09:41:47.361373       1 cmd.go:639] Writing secret manifest "/etc/kubernetes/static-pod-resources/kube-apiserver-certs/secrets/localhost-serving-cert-certkey/tls.crt" ...
2026-01-28T09:41:47.420140419Z I0128 09:41:47.361512       1 cmd.go:639] Writing secret manifest "/etc/kubernetes/static-pod-resources/kube-apiserver-certs/secrets/localhost-serving-cert-certkey/tls.key" ...
2026-01-28T09:41:47.420140419Z I0128 09:41:47.361641       1 cmd.go:261] Creating directory "/etc/kubernetes/static-pod-resources/kube-apiserver-certs/secrets/node-kubeconfigs" ...
2026-01-28T09:41:47.420140419Z I0128 09:41:47.361658       1 cmd.go:639] Writing secret manifest "/etc/kubernetes/static-pod-resources/kube-apiserver-certs/secrets/node-kubeconfigs/lb-ext.kubeconfig" ...
2026-01-28T09:41:47.420140419Z I0128 09:41:47.361802       1 cmd.go:639] Writing secret manifest "/etc/kubernetes/static-pod-resources/kube-apiserver-certs/secrets/node-kubeconfigs/lb-int.kubeconfig" ...
2026-01-28T09:41:47.420140419Z I0128 09:41:47.361924       1 cmd.go:639] Writing secret manifest "/etc/kubernetes/static-pod-resources/kube-apiserver-certs/secrets/node-kubeconfigs/localhost-recovery.kubeconfig" ...
2026-01-28T09:41:47.420140419Z I0128 09:41:47.362038       1 cmd.go:639] Writing secret manifest "/etc/kubernetes/static-pod-resources/kube-apiserver-certs/secrets/node-kubeconfigs/localhost.kubeconfig" ...
2026-01-28T09:41:47.420140419Z I0128 09:41:47.362226       1 cmd.go:261] Creating directory "/etc/kubernetes/static-pod-resources/kube-apiserver-certs/secrets/service-network-serving-certkey" ...
2026-01-28T09:41:47.420140419Z I0128 09:41:47.362245       1 cmd.go:639] Writing secret manifest "/etc/kubernetes/static-pod-resources/kube-apiserver-certs/secrets/service-network-serving-certkey/tls.crt" ...
2026-01-28T09:41:47.420140419Z I0128 09:41:47.362379       1 cmd.go:639] Writing secret manifest "/etc/kubernetes/static-pod-resources/kube-apiserver-certs/secrets/service-network-serving-certkey/tls.key" ...
2026-01-28T09:41:47.420140419Z I0128 09:41:47.362522       1 cmd.go:277] Creating directory "/etc/kubernetes/static-pod-resources/kube-apiserver-certs/configmaps/aggregator-client-ca" ...
2026-01-28T09:41:47.420140419Z I0128 09:41:47.362541       1 cmd.go:629] Writing config file "/etc/kubernetes/static-pod-resources/kube-apiserver-certs/configmaps/aggregator-client-ca/ca-bundle.crt" ...
2026-01-28T09:41:47.420140419Z I0128 09:41:47.362677       1 cmd.go:277] Creating directory "/etc/kubernetes/static-pod-resources/kube-apiserver-certs/configmaps/check-endpoints-kubeconfig" ...
2026-01-28T09:41:47.420140419Z I0128 09:41:47.362695       1 cmd.go:629] Writing config file "/etc/kubernetes/static-pod-resources/kube-apiserver-certs/configmaps/check-endpoints-kubeconfig/kubeconfig" ...
2026-01-28T09:41:47.420140419Z I0128 09:41:47.362960       1 cmd.go:277] Creating directory "/etc/kubernetes/static-pod-resources/kube-apiserver-certs/configmaps/client-ca" ...
2026-01-28T09:41:47.420140419Z I0128 09:41:47.362986       1 cmd.go:629] Writing config file "/etc/kubernetes/static-pod-resources/kube-apiserver-certs/configmaps/client-ca/ca-bundle.crt" ...
2026-01-28T09:41:47.420140419Z I0128 09:41:47.363427       1 cmd.go:277] Creating directory "/etc/kubernetes/static-pod-resources/kube-apiserver-certs/configmaps/control-plane-node-kubeconfig" ...
2026-01-28T09:41:47.420140419Z I0128 09:41:47.363447       1 cmd.go:629] Writing config file "/etc/kubernetes/static-pod-resources/kube-apiserver-certs/configmaps/control-plane-node-kubeconfig/kubeconfig" ...
2026-01-28T09:41:47.420140419Z I0128 09:41:47.363596       1 cmd.go:277] Creating directory "/etc/kubernetes/static-pod-resources/kube-apiserver-certs/configmaps/trusted-ca-bundle" ...
2026-01-28T09:41:47.420140419Z I0128 09:41:47.363631       1 cmd.go:629] Writing config file "/etc/kubernetes/static-pod-resources/kube-apiserver-certs/configmaps/trusted-ca-bundle/ca-bundle.crt" ...
2026-01-28T09:41:47.420140419Z I0128 09:41:47.363953       1 cmd.go:335] Getting pod configmaps/kube-apiserver-pod-4 -n openshift-kube-apiserver
2026-01-28T09:41:47.557866372Z I0128 09:41:47.557830       1 cmd.go:351] Creating directory for static pod manifest "/etc/kubernetes/manifests" ...
2026-01-28T09:41:47.557905163Z I0128 09:41:47.557865       1 cmd.go:379] Writing a pod under "kube-apiserver-pod.yaml" key 
2026-01-28T09:41:47.557905163Z {"kind":"Pod","apiVersion":"v1","metadata":{"name":"kube-apiserver","namespace":"openshift-kube-apiserver","creationTimestamp":null,"labels":{"apiserver":"true","app":"openshift-kube-apiserver","revision":"4"},"annotations":{"kubectl.kubernetes.io/default-container":"kube-apiserver","target.workload.openshift.io/management":"{\"effect\": \"PreferredDuringScheduling\"}"}},"spec":{"volumes":[{"name":"resource-dir","hostPath":{"path":"/etc/kubernetes/static-pod-resources/kube-apiserver-pod-4"}},{"name":"cert-dir","hostPath":{"path":"/etc/kubernetes/static-pod-resources/kube-apiserver-certs"}},{"name":"audit-dir","hostPath":{"path":"/var/log/kube-apiserver"}},{"name":"tmp-dir","emptyDir":{}},{"name":"ca-bundle-dir","emptyDir":{}}],"initContainers":[{"name":"setup","image":"registry.build11.ci.openshift.org/ci-ln-vjb5l1t/stable@sha256:fb1529a27e685fb1b5b13a5d1e935a27c9b9591e884ec8f6c22025208ec02596","command":["/usr/bin/timeout","279","/bin/bash","-ec"],"args":["echo \"Fixing audit permissions ...\"\nchmod 0700 /var/log/kube-apiserver \u0026\u0026 touch /var/log/kube-apiserver/audit.log \u0026\u0026 chmod 0600 /var/log/kube-apiserver/*\n\nLOCK=/var/log/kube-apiserver/.lock\necho \"Acquiring exclusive lock ${LOCK} ...\"\n\n# Waiting for 194s max for old kube-apiserver's watch-termination process to exit and remove the lock.\n# Two cases:\n# 1. if kubelet does not start the old and new in parallel (i.e. works as expected), the flock will always succeed without any time.\n# 2. if kubelet does overlap old and new pods for up to 130s, the flock will wait and immediate return when the old finishes.\n#\n# NOTE: We can increase 194s for a bigger expected overlap. But a higher value means less noise about the broken kubelet behaviour, i.e. we hide a bug.\n# NOTE: Do not tweak these timings without considering the livenessProbe initialDelaySeconds\nexec {LOCK_FD}\u003e${LOCK} \u0026\u0026 flock --verbose -w 194 \"${LOCK_FD}\" || {\n  echo \"$(date -Iseconds -u) kubelet did not terminate old kube-apiserver before new one\" \u003e\u003e /var/log/kube-apiserver/lock.log\n  echo -n \": WARNING: kubelet did not terminate old kube-apiserver before new one.\"\n\n  # We failed to acquire exclusive lock, which means there is old kube-apiserver running in system.\n  # Since we utilize SO_REUSEPORT, we need to make sure the old kube-apiserver stopped listening.\n  #\n  # NOTE: This is a fallback for broken kubelet, if you observe this please report a bug.\n  echo -n \"Waiting for port 6443 to be released due to likely bug in kubelet or CRI-O \"\n  while [ -n \"$(ss -Htan state listening '( sport = 6443 or sport = 6080 )')\" ]; do\n    echo -n \".\"\n    sleep 1\n    (( tries += 1 ))\n    if [[ \"${tries}\" -gt 10 ]]; then\n      echo \"Timed out waiting for port :6443 and :6080 to be released, this is likely a bug in kubelet or CRI-O\"\n      exit 1\n    fi\n  done\n  #  This is to make sure the server has terminated independently from the lock.\n  #  After the port has been freed (requests can be pending and need 60s max).\n  sleep 65\n}\n# We cannot hold the lock from the init container to the main container. We release it here. There is no risk, at this point we know we are safe.\nflock -u \"${LOCK_FD}\"\n"],"resources":{"requests":{"cpu":"5m","memory":"50Mi"}},"volumeMounts":[{"name":"audit-dir","mountPath":"/var/log/kube-apiserver"},{"name":"tmp-dir","mountPath":"/tmp"}],"terminationMessagePolicy":"FallbackToLogsOnError","imagePullPolicy":"IfNotPresent","securityContext":{"privileged":true,"readOnlyRootFilesystem":true}}],"containers":[{"name":"kube-apiserver","image":"registry.build11.ci.openshift.org/ci-ln-vjb5l1t/stable@sha256:fb1529a27e685fb1b5b13a5d1e935a27c9b9591e884ec8f6c22025208ec02596","command":["/bin/bash","-ec"],"args":["LOCK=/var/log/kube-apiserver/.lock\n# We should be able to acquire the lock immediatelly. If not, it means the init container has not released it yet and kubelet or CRI-O started container prematurely.\nexec {LOCK_FD}\u003e${LOCK} \u0026\u0026 flock --verbose -w 30 \"${LOCK_FD}\" || {\n  echo \"Failed to acquire lock for kube-apiserver. Please check setup container for details. This is likely kubelet or CRI-O bug.\"\n  exit 1\n}\nif [ -f /etc/kubernetes/static-pod-certs/configmaps/trusted-ca-bundle/ca-bundle.crt ]; then\n  echo \"Copying system trust bundle ...\"\n  cp -f /etc/kubernetes/static-pod-certs/configmaps/trusted-ca-bundle/ca-bundle.crt /etc/pki/ca-trust/extracted/pem/tls-ca-bundle.pem\nfi\n\nexec watch-termination --termination-touch-file=/var/log/kube-apiserver/.terminating --termination-log-file=/var/log/kube-apiserver/termination.log --graceful-termination-duration=194s --kubeconfig=/etc/kubernetes/static-pod-resources/configmaps/kube-apiserver-cert-syncer-kubeconfig/kubeconfig -- hyperkube kube-apiserver --openshift-config=/etc/kubernetes/static-pod-resources/configmaps/config/config.yaml --advertise-address=${HOST_IP}  -v=2 --permit-address-sharing\n"],"ports":[{"containerPort":6443}],"env":[{"name":"POD_NAME","valueFrom":{"fieldRef":{"fieldPath":"metadata.name"}}},{"name":"POD_NAMESPACE","valueFrom":{"fieldRef":{"fieldPath":"metadata.namespace"}}},{"name":"STATIC_POD_VERSION","value":"4"},{"name":"HOST_IP","valueFrom":{"fieldRef":{"fieldPath":"status.hostIP"}}},{"name":"GOGC","value":"100"}],"resources":{"requests":{"cpu":"265m","memory":"1Gi"}},"volumeMounts":[{"name":"resource-dir","mountPath":"/etc/kubernetes/static-pod-resources"},{"name":"cert-dir","mountPath":"/etc/kubernetes/static-pod-certs"},{"name":"audit-dir","mountPath":"/var/log/kube-apiserver"},{"name":"tmp-dir","mountPath":"/tmp"},{"name":"ca-bundle-dir","mountPath":"/etc/pki/ca-trust/extracted/pem"}],"livenessProbe":{"httpGet":{"path":"livez?exclude=etcd","port":6443,"scheme":"HTTPS"},"timeoutSeconds":10,"periodSeconds":10,"successThreshold":1,"failureThreshold":3},"readinessProbe":{"httpGet":{"path":"readyz","port":6443,"scheme":"HTTPS"},"timeoutSeconds":10,"periodSeconds":5,"successThreshold":1,"failureThreshold":3},"startupProbe":{"httpGet":{"path":"livez","port":6443,"scheme":"HTTPS"},"timeoutSeconds":10,"periodSeconds":5,"successThreshold":1,"failureThreshold":30},"terminationMessagePolicy":"FallbackToLogsOnError","imagePullPolicy":"IfNotPresent","securityContext":{"privileged":true,"readOnlyRootFilesystem":true}},{"name":"kube-apiserver-cert-syncer","image":"registry.build11.ci.openshift.org/ci-ln-vjb5l1t/stable@sha256:0554bda0a96d190367ed63955b942dd3552e1d90e8586dfd9f8879c964bf245d","command":["cluster-kube-apiserver-operator","cert-syncer"],"args":["--kubeconfig=/etc/kubernetes/static-pod-resources/configmaps/kube-apiserver-cert-syncer-kubeconfig/kubeconfig","--namespace=$(POD_NAMESPACE)","--destination-dir=/etc/kubernetes/static-pod-certs"],"env":[{"name":"POD_NAME","valueFrom":{"fieldRef":{"fieldPath":"metadata.name"}}},{"name":"POD_NAMESPACE","valueFrom":{"fieldRef":{"fieldPath":"metadata.namespace"}}}],"resources":{"requests":{"cpu":"5m","memory":"50Mi"}},"volumeMounts":[{"name":"resource-dir","mountPath":"/etc/kubernetes/static-pod-resources"},{"name":"cert-dir","mountPath":"/etc/kubernetes/static-pod-certs"},{"name":"tmp-dir","mountPath":"/tmp"}],"terminationMessagePolicy":"FallbackToLogsOnError","imagePullPolicy":"IfNotPresent","securityContext":{"readOnlyRootFilesystem":true}},{"name":"kube-apiserver-cert-regeneration-controller","image":"registry.build11.ci.openshift.org/ci-ln-vjb5l1t/stable@sha256:0554bda0a96d190367ed63955b942dd3552e1d90e8586dfd9f8879c964bf245d","command":["cluster-kube-apiserver-operator","cert-regeneration-controller"],"args":["--kubeconfig=/etc/kubernetes/static-pod-resources/configmaps/kube-apiserver-cert-syncer-kubeconfig/kubeconfig","--namespace=$(POD_NAMESPACE)","-v=2"],"env":[{"name":"POD_NAMESPACE","valueFrom":{"fieldRef":{"fieldPath":"metadata.namespace"}}},{"name":"OPERATOR_IMAGE_VERSION","value":"4.20.0-0-2026-01-28-090915-test-ci-ln-vjb5l1t-latest"}],"resources":{"requests":{"cpu":"5m","memory":"50Mi"}},"volumeMounts":[{"name":"resource-dir","mountPath":"/etc/kubernetes/static-pod-resources"},{"name":"tmp-dir","mountPath":"/tmp"}],"terminationMessagePolicy":"FallbackToLogsOnError","imagePullPolicy":"IfNotPresent","securityContext":{"readOnlyRootFilesystem":true}},{"name":"kube-apiserver-insecure-readyz","image":"registry.build11.ci.openshift.org/ci-ln-vjb5l1t/stable@sha256:0554bda0a96d190367ed63955b942dd3552e1d90e8586dfd9f8879c964bf245d","command":["cluster-kube-apiserver-operator","insecure-readyz"],"args":["--insecure-port=6080","--delegate-url=https://localhost:6443/readyz"],"ports":[{"containerPort":6080}],"resources":{"requests":{"cpu":"5m","memory":"50Mi"}},"terminationMessagePolicy":"FallbackToLogsOnError","imagePullPolicy":"IfNotPresent","securityContext":{"readOnlyRootFilesystem":true}},{"name":"kube-apiserver-check-endpoints","image":"registry.build11.ci.openshift.org/ci-ln-vjb5l1t/stable@sha256:0554bda0a96d190367ed63955b942dd3552e1d90e8586dfd9f8879c964bf245d","command":["cluster-kube-apiserver-operator","check-endpoints"],"args":["--kubeconfig","/etc/kubernetes/static-pod-certs/configmaps/check-endpoints-kubeconfig/kubeconfig","--listen","0.0.0.0:17697","--namespace","$(POD_NAMESPACE)","--v","2"],"ports":[{"name":"check-endpoints","hostPort":17697,"containerPort":17697,"protocol":"TCP"}],"env":[{"name":"POD_NAME","valueFrom":{"fieldRef":{"fieldPath":"metadata.name"}}},{"name":"POD_NAMESPACE","valueFrom":{"fieldRef":{"fieldPath":"metadata.namespace"}}}],"resources":{"requests":{"cpu":"10m","memory":"50Mi"}},"volumeMounts":[{"name":"resource-dir","mountPath":"/etc/kubernetes/static-pod-resources"},{"name":"cert-dir","mountPath":"/etc/kubernetes/static-pod-certs"},{"name":"tmp-dir","mountPath":"/tmp"}],"livenessProbe":{"httpGet":{"path":"healthz","port":17697,"scheme":"HTTPS"},"initialDelaySeconds":10,"timeoutSeconds":10},"readinessProbe":{"httpGet":{"path":"healthz","port":17697,"scheme":"HTTPS"},"initialDelaySeconds":10,"timeoutSeconds":10},"terminationMessagePolicy":"FallbackToLogsOnError","imagePullPolicy":"IfNotPresent","securityContext":{"readOnlyRootFilesystem":true}}],"terminationGracePeriodSeconds":194,"hostNetwork":true,"tolerations":[{"operator":"Exists"}],"priorityClassName":"system-node-critical","priority":2000001000},"status":{}}
2026-01-28T09:41:47.560968283Z I0128 09:41:47.560941       1 cmd.go:610] Writing pod manifest "/etc/kubernetes/static-pod-resources/kube-apiserver-pod-4/kube-apiserver-pod.yaml" ...
2026-01-28T09:41:47.561226460Z I0128 09:41:47.561209       1 cmd.go:617] Removed existing static pod manifest "/etc/kubernetes/manifests/kube-apiserver-pod.yaml" ...
2026-01-28T09:41:47.561278902Z I0128 09:41:47.561258       1 cmd.go:621] Writing static pod manifest "/etc/kubernetes/manifests/kube-apiserver-pod.yaml" ...
2026-01-28T09:41:47.561278902Z {"kind":"Pod","apiVersion":"v1","metadata":{"name":"kube-apiserver","namespace":"openshift-kube-apiserver","creationTimestamp":null,"labels":{"apiserver":"true","app":"openshift-kube-apiserver","revision":"4"},"annotations":{"kubectl.kubernetes.io/default-container":"kube-apiserver","target.workload.openshift.io/management":"{\"effect\": \"PreferredDuringScheduling\"}"}},"spec":{"volumes":[{"name":"resource-dir","hostPath":{"path":"/etc/kubernetes/static-pod-resources/kube-apiserver-pod-4"}},{"name":"cert-dir","hostPath":{"path":"/etc/kubernetes/static-pod-resources/kube-apiserver-certs"}},{"name":"audit-dir","hostPath":{"path":"/var/log/kube-apiserver"}},{"name":"tmp-dir","emptyDir":{}},{"name":"ca-bundle-dir","emptyDir":{}}],"initContainers":[{"name":"setup","image":"registry.build11.ci.openshift.org/ci-ln-vjb5l1t/stable@sha256:fb1529a27e685fb1b5b13a5d1e935a27c9b9591e884ec8f6c22025208ec02596","command":["/usr/bin/timeout","279","/bin/bash","-ec"],"args":["echo \"Fixing audit permissions ...\"\nchmod 0700 /var/log/kube-apiserver \u0026\u0026 touch /var/log/kube-apiserver/audit.log \u0026\u0026 chmod 0600 /var/log/kube-apiserver/*\n\nLOCK=/var/log/kube-apiserver/.lock\necho \"Acquiring exclusive lock ${LOCK} ...\"\n\n# Waiting for 194s max for old kube-apiserver's watch-termination process to exit and remove the lock.\n# Two cases:\n# 1. if kubelet does not start the old and new in parallel (i.e. works as expected), the flock will always succeed without any time.\n# 2. if kubelet does overlap old and new pods for up to 130s, the flock will wait and immediate return when the old finishes.\n#\n# NOTE: We can increase 194s for a bigger expected overlap. But a higher value means less noise about the broken kubelet behaviour, i.e. we hide a bug.\n# NOTE: Do not tweak these timings without considering the livenessProbe initialDelaySeconds\nexec {LOCK_FD}\u003e${LOCK} \u0026\u0026 flock --verbose -w 194 \"${LOCK_FD}\" || {\n  echo \"$(date -Iseconds -u) kubelet did not terminate old kube-apiserver before new one\" \u003e\u003e /var/log/kube-apiserver/lock.log\n  echo -n \": WARNING: kubelet did not terminate old kube-apiserver before new one.\"\n\n  # We failed to acquire exclusive lock, which means there is old kube-apiserver running in system.\n  # Since we utilize SO_REUSEPORT, we need to make sure the old kube-apiserver stopped listening.\n  #\n  # NOTE: This is a fallback for broken kubelet, if you observe this please report a bug.\n  echo -n \"Waiting for port 6443 to be released due to likely bug in kubelet or CRI-O \"\n  while [ -n \"$(ss -Htan state listening '( sport = 6443 or sport = 6080 )')\" ]; do\n    echo -n \".\"\n    sleep 1\n    (( tries += 1 ))\n    if [[ \"${tries}\" -gt 10 ]]; then\n      echo \"Timed out waiting for port :6443 and :6080 to be released, this is likely a bug in kubelet or CRI-O\"\n      exit 1\n    fi\n  done\n  #  This is to make sure the server has terminated independently from the lock.\n  #  After the port has been freed (requests can be pending and need 60s max).\n  sleep 65\n}\n# We cannot hold the lock from the init container to the main container. We release it here. There is no risk, at this point we know we are safe.\nflock -u \"${LOCK_FD}\"\n"],"resources":{"requests":{"cpu":"5m","memory":"50Mi"}},"volumeMounts":[{"name":"audit-dir","mountPath":"/var/log/kube-apiserver"},{"name":"tmp-dir","mountPath":"/tmp"}],"terminationMessagePolicy":"FallbackToLogsOnError","imagePullPolicy":"IfNotPresent","securityContext":{"privileged":true,"readOnlyRootFilesystem":true}}],"containers":[{"name":"kube-apiserver","image":"registry.build11.ci.openshift.org/ci-ln-vjb5l1t/stable@sha256:fb1529a27e685fb1b5b13a5d1e935a27c9b9591e884ec8f6c22025208ec02596","command":["/bin/bash","-ec"],"args":["LOCK=/var/log/kube-apiserver/.lock\n# We should be able to acquire the lock immediatelly. If not, it means the init container has not released it yet and kubelet or CRI-O started container prematurely.\nexec {LOCK_FD}\u003e${LOCK} \u0026\u0026 flock --verbose -w 30 \"${LOCK_FD}\" || {\n  echo \"Failed to acquire lock for kube-apiserver. Please check setup container for details. This is likely kubelet or CRI-O bug.\"\n  exit 1\n}\nif [ -f /etc/kubernetes/static-pod-certs/configmaps/trusted-ca-bundle/ca-bundle.crt ]; then\n  echo \"Copying system trust bundle ...\"\n  cp -f /etc/kubernetes/static-pod-certs/configmaps/trusted-ca-bundle/ca-bundle.crt /etc/pki/ca-trust/extracted/pem/tls-ca-bundle.pem\nfi\n\nexec watch-termination --termination-touch-file=/var/log/kube-apiserver/.terminating --termination-log-file=/var/log/kube-apiserver/termination.log --graceful-termination-duration=194s --kubeconfig=/etc/kubernetes/static-pod-resources/configmaps/kube-apiserver-cert-syncer-kubeconfig/kubeconfig -- hyperkube kube-apiserver --openshift-config=/etc/kubernetes/static-pod-resources/configmaps/config/config.yaml --advertise-address=${HOST_IP}  -v=2 --permit-address-sharing\n"],"ports":[{"containerPort":6443}],"env":[{"name":"POD_NAME","valueFrom":{"fieldRef":{"fieldPath":"metadata.name"}}},{"name":"POD_NAMESPACE","valueFrom":{"fieldRef":{"fieldPath":"metadata.namespace"}}},{"name":"STATIC_POD_VERSION","value":"4"},{"name":"HOST_IP","valueFrom":{"fieldRef":{"fieldPath":"status.hostIP"}}},{"name":"GOGC","value":"100"}],"resources":{"requests":{"cpu":"265m","memory":"1Gi"}},"volumeMounts":[{"name":"resource-dir","mountPath":"/etc/kubernetes/static-pod-resources"},{"name":"cert-dir","mountPath":"/etc/kubernetes/static-pod-certs"},{"name":"audit-dir","mountPath":"/var/log/kube-apiserver"},{"name":"tmp-dir","mountPath":"/tmp"},{"name":"ca-bundle-dir","mountPath":"/etc/pki/ca-trust/extracted/pem"}],"livenessProbe":{"httpGet":{"path":"livez?exclude=etcd","port":6443,"scheme":"HTTPS"},"timeoutSeconds":10,"periodSeconds":10,"successThreshold":1,"failureThreshold":3},"readinessProbe":{"httpGet":{"path":"readyz","port":6443,"scheme":"HTTPS"},"timeoutSeconds":10,"periodSeconds":5,"successThreshold":1,"failureThreshold":3},"startupProbe":{"httpGet":{"path":"livez","port":6443,"scheme":"HTTPS"},"timeoutSeconds":10,"periodSeconds":5,"successThreshold":1,"failureThreshold":30},"terminationMessagePolicy":"FallbackToLogsOnError","imagePullPolicy":"IfNotPresent","securityContext":{"privileged":true,"readOnlyRootFilesystem":true}},{"name":"kube-apiserver-cert-syncer","image":"registry.build11.ci.openshift.org/ci-ln-vjb5l1t/stable@sha256:0554bda0a96d190367ed63955b942dd3552e1d90e8586dfd9f8879c964bf245d","command":["cluster-kube-apiserver-operator","cert-syncer"],"args":["--kubeconfig=/etc/kubernetes/static-pod-resources/configmaps/kube-apiserver-cert-syncer-kubeconfig/kubeconfig","--namespace=$(POD_NAMESPACE)","--destination-dir=/etc/kubernetes/static-pod-certs"],"env":[{"name":"POD_NAME","valueFrom":{"fieldRef":{"fieldPath":"metadata.name"}}},{"name":"POD_NAMESPACE","valueFrom":{"fieldRef":{"fieldPath":"metadata.namespace"}}}],"resources":{"requests":{"cpu":"5m","memory":"50Mi"}},"volumeMounts":[{"name":"resource-dir","mountPath":"/etc/kubernetes/static-pod-resources"},{"name":"cert-dir","mountPath":"/etc/kubernetes/static-pod-certs"},{"name":"tmp-dir","mountPath":"/tmp"}],"terminationMessagePolicy":"FallbackToLogsOnError","imagePullPolicy":"IfNotPresent","securityContext":{"readOnlyRootFilesystem":true}},{"name":"kube-apiserver-cert-regeneration-controller","image":"registry.build11.ci.openshift.org/ci-ln-vjb5l1t/stable@sha256:0554bda0a96d190367ed63955b942dd3552e1d90e8586dfd9f8879c964bf245d","command":["cluster-kube-apiserver-operator","cert-regeneration-controller"],"args":["--kubeconfig=/etc/kubernetes/static-pod-resources/configmaps/kube-apiserver-cert-syncer-kubeconfig/kubeconfig","--namespace=$(POD_NAMESPACE)","-v=2"],"env":[{"name":"POD_NAMESPACE","valueFrom":{"fieldRef":{"fieldPath":"metadata.namespace"}}},{"name":"OPERATOR_IMAGE_VERSION","value":"4.20.0-0-2026-01-28-090915-test-ci-ln-vjb5l1t-latest"}],"resources":{"requests":{"cpu":"5m","memory":"50Mi"}},"volumeMounts":[{"name":"resource-dir","mountPath":"/etc/kubernetes/static-pod-resources"},{"name":"tmp-dir","mountPath":"/tmp"}],"terminationMessagePolicy":"FallbackToLogsOnError","imagePullPolicy":"IfNotPresent","securityContext":{"readOnlyRootFilesystem":true}},{"name":"kube-apiserver-insecure-readyz","image":"registry.build11.ci.openshift.org/ci-ln-vjb5l1t/stable@sha256:0554bda0a96d190367ed63955b942dd3552e1d90e8586dfd9f8879c964bf245d","command":["cluster-kube-apiserver-operator","insecure-readyz"],"args":["--insecure-port=6080","--delegate-url=https://localhost:6443/readyz"],"ports":[{"containerPort":6080}],"resources":{"requests":{"cpu":"5m","memory":"50Mi"}},"terminationMessagePolicy":"FallbackToLogsOnError","imagePullPolicy":"IfNotPresent","securityContext":{"readOnlyRootFilesystem":true}},{"name":"kube-apiserver-check-endpoints","image":"registry.build11.ci.openshift.org/ci-ln-vjb5l1t/stable@sha256:0554bda0a96d190367ed63955b942dd3552e1d90e8586dfd9f8879c964bf245d","command":["cluster-kube-apiserver-operator","check-endpoints"],"args":["--kubeconfig","/etc/kubernetes/static-pod-certs/configmaps/check-endpoints-kubeconfig/kubeconfig","--listen","0.0.0.0:17697","--namespace","$(POD_NAMESPACE)","--v","2"],"ports":[{"name":"check-endpoints","hostPort":17697,"containerPort":17697,"protocol":"TCP"}],"env":[{"name":"POD_NAME","valueFrom":{"fieldRef":{"fieldPath":"metadata.name"}}},{"name":"POD_NAMESPACE","valueFrom":{"fieldRef":{"fieldPath":"metadata.namespace"}}}],"resources":{"requests":{"cpu":"10m","memory":"50Mi"}},"volumeMounts":[{"name":"resource-dir","mountPath":"/etc/kubernetes/static-pod-resources"},{"name":"cert-dir","mountPath":"/etc/kubernetes/static-pod-certs"},{"name":"tmp-dir","mountPath":"/tmp"}],"livenessProbe":{"httpGet":{"path":"healthz","port":17697,"scheme":"HTTPS"},"initialDelaySeconds":10,"timeoutSeconds":10},"readinessProbe":{"httpGet":{"path":"healthz","port":17697,"scheme":"HTTPS"},"initialDelaySeconds":10,"timeoutSeconds":10},"terminationMessagePolicy":"FallbackToLogsOnError","imagePullPolicy":"IfNotPresent","securityContext":{"readOnlyRootFilesystem":true}}],"terminationGracePeriodSeconds":194,"hostNetwork":true,"tolerations":[{"operator":"Exists"}],"priorityClassName":"system-node-critical","priority":2000001000},"status":{}}
