2026-01-28T09:32:24.232177909Z I0128 09:32:24.231865       1 start.go:61] Version: 3ce6221a (4593e456f3b51f4c6c458c00752e38f2687baedc)
2026-01-28T09:32:24.234767905Z I0128 09:32:24.234725       1 leaderelection.go:121] The leader election gives 4 retries and allows for 30s of clock skew. The kube-apiserver downtime tolerance is 78s. Worst non-graceful lease acquisition is 2m43s. Worst graceful lease acquisition is {26s}.
2026-01-28T09:32:24.234931159Z I0128 09:32:24.234878       1 envvar.go:172] "Feature gate default state" feature="ClientsPreferCBOR" enabled=false
2026-01-28T09:32:24.234970680Z I0128 09:32:24.234959       1 envvar.go:172] "Feature gate default state" feature="InformerResourceVersion" enabled=false
2026-01-28T09:32:24.234996880Z I0128 09:32:24.234987       1 envvar.go:172] "Feature gate default state" feature="InOrderInformers" enabled=true
2026-01-28T09:32:24.235022271Z I0128 09:32:24.235012       1 envvar.go:172] "Feature gate default state" feature="WatchListClient" enabled=false
2026-01-28T09:32:24.235066402Z I0128 09:32:24.235041       1 envvar.go:172] "Feature gate default state" feature="ClientsAllowCBOR" enabled=false
2026-01-28T09:32:24.304145067Z I0128 09:32:24.304091       1 leaderelection.go:257] attempting to acquire leader lease openshift-machine-config-operator/machine-config-controller...
2026-01-28T09:32:24.318999362Z I0128 09:32:24.318954       1 leaderelection.go:271] successfully acquired lease openshift-machine-config-operator/machine-config-controller
2026-01-28T09:32:24.358695203Z I0128 09:32:24.358648       1 simple_featuregate_reader.go:171] Starting feature-gate-detector
2026-01-28T09:32:24.358809306Z I0128 09:32:24.358755       1 metrics.go:92] Registering Prometheus metrics
2026-01-28T09:32:24.358925288Z I0128 09:32:24.358910       1 metrics.go:99] Starting metrics listener on 127.0.0.1:8797
2026-01-28T09:32:24.370700676Z I0128 09:32:24.370664       1 certrotation_controller.go:170] Adding MCS CA/TLS cert rotator
2026-01-28T09:32:24.381286699Z I0128 09:32:24.381249       1 reflector.go:430] "Caches populated" type="*v1.Node" reflector="k8s.io/client-go/informers/factory.go:160"
2026-01-28T09:32:24.382219249Z E0128 09:32:24.382106       1 node_controller.go:606] getting scheduler config failed: cluster scheduler couldn't be found
2026-01-28T09:32:24.382269560Z E0128 09:32:24.382257       1 node_controller.go:606] getting scheduler config failed: cluster scheduler couldn't be found
2026-01-28T09:32:24.382296801Z I0128 09:32:24.382258       1 reflector.go:430] "Caches populated" type="*v1alpha1.ImageContentSourcePolicy" reflector="github.com/openshift/client-go/operator/informers/externalversions/factory.go:125"
2026-01-28T09:32:24.382363672Z I0128 09:32:24.382344       1 reflector.go:430] "Caches populated" type="*v1.KubeletConfig" reflector="github.com/openshift/client-go/machineconfiguration/informers/externalversions/factory.go:125"
2026-01-28T09:32:24.382460344Z E0128 09:32:24.382435       1 node_controller.go:606] getting scheduler config failed: cluster scheduler couldn't be found
2026-01-28T09:32:24.382460344Z I0128 09:32:24.382376       1 reflector.go:430] "Caches populated" type="*v1.ContainerRuntimeConfig" reflector="github.com/openshift/client-go/machineconfiguration/informers/externalversions/factory.go:125"
2026-01-28T09:32:24.383372134Z I0128 09:32:24.383345       1 reflector.go:430] "Caches populated" type="*v1.MachineOSBuild" reflector="github.com/openshift/client-go/machineconfiguration/informers/externalversions/factory.go:125"
2026-01-28T09:32:24.385862549Z I0128 09:32:24.385843       1 reflector.go:430] "Caches populated" type="*v1.ControllerConfig" reflector="github.com/openshift/client-go/machineconfiguration/informers/externalversions/factory.go:125"
2026-01-28T09:32:24.386462602Z I0128 09:32:24.386166       1 reflector.go:430] "Caches populated" type="*v1.MachineConfigPool" reflector="github.com/openshift/client-go/machineconfiguration/informers/externalversions/factory.go:125"
2026-01-28T09:32:24.387274710Z I0128 09:32:24.387254       1 reflector.go:430] "Caches populated" type="*v1.Scheduler" reflector="github.com/openshift/client-go/config/informers/externalversions/factory.go:125"
2026-01-28T09:32:24.389388916Z I0128 09:32:24.389368       1 reflector.go:430] "Caches populated" type="*v1.ImageTagMirrorSet" reflector="github.com/openshift/client-go/config/informers/externalversions/factory.go:125"
2026-01-28T09:32:24.389651632Z I0128 09:32:24.389631       1 reflector.go:430] "Caches populated" type="*v1.MachineConfig" reflector="github.com/openshift/client-go/machineconfiguration/informers/externalversions/factory.go:125"
2026-01-28T09:32:24.390396378Z I0128 09:32:24.390375       1 reflector.go:430] "Caches populated" type="*v1.MachineOSConfig" reflector="github.com/openshift/client-go/machineconfiguration/informers/externalversions/factory.go:125"
2026-01-28T09:32:24.390805247Z I0128 09:32:24.390786       1 reflector.go:430] "Caches populated" type="*v1.Secret" reflector="k8s.io/client-go/informers/factory.go:160"
2026-01-28T09:32:24.391066083Z I0128 09:32:24.391048       1 template_controller.go:146] Re-syncing ControllerConfig due to secret pull-secret change
2026-01-28T09:32:24.392100886Z I0128 09:32:24.392076       1 reflector.go:430] "Caches populated" type="*v1.ImageDigestMirrorSet" reflector="github.com/openshift/client-go/config/informers/externalversions/factory.go:125"
2026-01-28T09:32:24.392152927Z I0128 09:32:24.392128       1 reflector.go:430] "Caches populated" type="*v1.Infrastructure" reflector="github.com/openshift/client-go/config/informers/externalversions/factory.go:125"
2026-01-28T09:32:24.392197078Z I0128 09:32:24.392172       1 reflector.go:430] "Caches populated" type="*v1.ConfigMap" reflector="k8s.io/client-go/informers/factory.go:160"
2026-01-28T09:32:24.392777891Z I0128 09:32:24.392758       1 reflector.go:430] "Caches populated" type="*v1.Image" reflector="github.com/openshift/client-go/config/informers/externalversions/factory.go:125"
2026-01-28T09:32:24.395225324Z I0128 09:32:24.393519       1 reflector.go:430] "Caches populated" type="*v1.MachineConfiguration" reflector="github.com/openshift/client-go/operator/informers/externalversions/factory.go:125"
2026-01-28T09:32:24.395747366Z I0128 09:32:24.393755       1 reflector.go:430] "Caches populated" type="*v1.FeatureGate" reflector="github.com/openshift/client-go/config/informers/externalversions/factory.go:125"
2026-01-28T09:32:24.395817887Z I0128 09:32:24.394982       1 featuregates.go:112] FeatureGates initialized: enabled=[AdditionalRoutingCapabilities AdminNetworkPolicy AlibabaPlatform AzureWorkloadIdentity BuildCSIVolumes CPMSMachineNamePrefix ConsolePluginContentSecurityPolicy ExternalOIDC ExternalOIDCWithUIDAndExtraClaimMappings GatewayAPI GatewayAPIController HighlyAvailableArbiter ImageVolume IngressControllerLBSubnetsAWS KMSv1 MachineConfigNodes ManagedBootImages ManagedBootImagesAWS MetricsCollectionProfiles NetworkDiagnosticsConfig NetworkLiveMigration NetworkSegmentation NewOLM PinnedImages PreconfiguredUDNAddresses ProcMountType RouteAdvertisements RouteExternalCertificate ServiceAccountTokenNodeBinding SetEIPForNLBIngressController SigstoreImageVerification StoragePerformantSecurityPolicy UpgradeStatus UserNamespacesPodSecurityStandards UserNamespacesSupport VSphereMultiDisk VSphereMultiNetworks], disabled=[AWSClusterHostedDNS AWSClusterHostedDNSInstall AWSDedicatedHosts AWSServiceLBNetworkSecurityGroup AutomatedEtcdBackup AzureClusterHostedDNSInstall AzureDedicatedHosts AzureMultiDisk BootImageSkewEnforcement BootcNodeManagement ClusterAPIInstall ClusterAPIInstallIBMCloud ClusterMonitoringConfig ClusterVersionOperatorConfiguration DNSNameResolver DualReplica DyanmicServiceEndpointIBMCloud DynamicResourceAllocation EtcdBackendQuota EventedPLEG Example Example2 ExternalSnapshotMetadata GCPClusterHostedDNS GCPClusterHostedDNSInstall GCPCustomAPIEndpoints GCPCustomAPIEndpointsInstall ImageModeStatusReporting ImageStreamImportMode IngressControllerDynamicConfigurationManager InsightsConfig InsightsConfigAPI InsightsOnDemandDataGather IrreconcilableMachineConfig KMSEncryptionProvider MachineAPIMigration MachineAPIOperatorDisableMachineHealthCheckController ManagedBootImagesAzure ManagedBootImagesvSphere MaxUnavailableStatefulSet MinimumKubeletVersion MixedCPUsAllocation MultiArchInstallAzure MultiDiskSetup MutatingAdmissionPolicy NewOLMCatalogdAPIV1Metas NewOLMOwnSingleNamespace NewOLMPreflightPermissionChecks NewOLMWebhookProviderOpenshiftServiceCA NoRegistryClusterOperations NodeSwap NutanixMultiSubnets OVNObservability OpenShiftPodSecurityAdmission SELinuxMount ShortCertRotation SignatureStores SigstoreImageVerificationPKI TranslateStreamCloseWebsocketRequests VSphereConfigurableMaxAllowedBlockVolumesPerNode VSphereHostVMGroupZonal VSphereMixedNodeEnv VolumeAttributesClass VolumeGroupSnapshot]
2026-01-28T09:32:24.396271567Z I0128 09:32:24.396252       1 reflector.go:430] "Caches populated" type="*v1.Node" reflector="github.com/openshift/client-go/config/informers/externalversions/factory.go:125"
2026-01-28T09:32:24.396467031Z I0128 09:32:24.395132       1 template_controller.go:198] Re-syncing ControllerConfig due to apiServer cluster change
2026-01-28T09:32:24.396500782Z I0128 09:32:24.395151       1 kubelet_config_controller.go:227] Re-syncing all kubelet config controller generated MachineConfigs due to apiServer cluster change
2026-01-28T09:32:24.396525893Z I0128 09:32:24.395029       1 reflector.go:430] "Caches populated" type="*v1.APIServer" reflector="github.com/openshift/client-go/config/informers/externalversions/factory.go:125"
2026-01-28T09:32:24.396550103Z I0128 09:32:24.395238       1 event.go:377] Event(v1.ObjectReference{Kind:"Node", Namespace:"openshift-machine-config-operator", Name:"ip-10-0-102-200.us-west-1.compute.internal", UID:"64bba62c-c331-4f4e-9112-9298c88bdae0", APIVersion:"v1", ResourceVersion:"", FieldPath:""}): type: 'Normal' reason: 'FeatureGatesInitialized' FeatureGates updated to featuregates.Features{Enabled:[]v1.FeatureGateName{"AdditionalRoutingCapabilities", "AdminNetworkPolicy", "AlibabaPlatform", "AzureWorkloadIdentity", "BuildCSIVolumes", "CPMSMachineNamePrefix", "ConsolePluginContentSecurityPolicy", "ExternalOIDC", "ExternalOIDCWithUIDAndExtraClaimMappings", "GatewayAPI", "GatewayAPIController", "HighlyAvailableArbiter", "ImageVolume", "IngressControllerLBSubnetsAWS", "KMSv1", "MachineConfigNodes", "ManagedBootImages", "ManagedBootImagesAWS", "MetricsCollectionProfiles", "NetworkDiagnosticsConfig", "NetworkLiveMigration", "NetworkSegmentation", "NewOLM", "PinnedImages", "PreconfiguredUDNAddresses", "ProcMountType", "RouteAdvertisements", "RouteExternalCertificate", "ServiceAccountTokenNodeBinding", "SetEIPForNLBIngressController", "SigstoreImageVerification", "StoragePerformantSecurityPolicy", "UpgradeStatus", "UserNamespacesPodSecurityStandards", "UserNamespacesSupport", "VSphereMultiDisk", "VSphereMultiNetworks"}, Disabled:[]v1.FeatureGateName{"AWSClusterHostedDNS", "AWSClusterHostedDNSInstall", "AWSDedicatedHosts", "AWSServiceLBNetworkSecurityGroup", "AutomatedEtcdBackup", "AzureClusterHostedDNSInstall", "AzureDedicatedHosts", "AzureMultiDisk", "BootImageSkewEnforcement", "BootcNodeManagement", "ClusterAPIInstall", "ClusterAPIInstallIBMCloud", "ClusterMonitoringConfig", "ClusterVersionOperatorConfiguration", "DNSNameResolver", "DualReplica", "DyanmicServiceEndpointIBMCloud", "DynamicResourceAllocation", "EtcdBackendQuota", "EventedPLEG", "Example", "Example2", "ExternalSnapshotMetadata", "GCPClusterHostedDNS", "GCPClusterHostedDNSInstall", "GCPCustomAPIEndpoints", "GCPCustomAPIEndpointsInstall", "ImageModeStatusReporting", "ImageStreamImportMode", "IngressControllerDynamicConfigurationManager", "InsightsConfig", "InsightsConfigAPI", "InsightsOnDemandDataGather", "IrreconcilableMachineConfig", "KMSEncryptionProvider", "MachineAPIMigration", "MachineAPIOperatorDisableMachineHealthCheckController", "ManagedBootImagesAzure", "ManagedBootImagesvSphere", "MaxUnavailableStatefulSet", "MinimumKubeletVersion", "MixedCPUsAllocation", "MultiArchInstallAzure", "MultiDiskSetup", "MutatingAdmissionPolicy", "NewOLMCatalogdAPIV1Metas", "NewOLMOwnSingleNamespace", "NewOLMPreflightPermissionChecks", "NewOLMWebhookProviderOpenshiftServiceCA", "NoRegistryClusterOperations", "NodeSwap", "NutanixMultiSubnets", "OVNObservability", "OpenShiftPodSecurityAdmission", "SELinuxMount", "ShortCertRotation", "SignatureStores", "SigstoreImageVerificationPKI", "TranslateStreamCloseWebsocketRequests", "VSphereConfigurableMaxAllowedBlockVolumesPerNode", "VSphereHostVMGroupZonal", "VSphereMixedNodeEnv", "VolumeAttributesClass", "VolumeGroupSnapshot"}}
2026-01-28T09:32:24.397024704Z I0128 09:32:24.397008       1 reflector.go:430] "Caches populated" type="*v1.Secret" reflector="k8s.io/client-go/informers/factory.go:160"
2026-01-28T09:32:24.397349481Z I0128 09:32:24.397334       1 reflector.go:430] "Caches populated" type="*v1.Secret" reflector="k8s.io/client-go/informers/factory.go:160"
2026-01-28T09:32:24.397679318Z I0128 09:32:24.397649       1 reflector.go:430] "Caches populated" type="*v1.ClusterVersion" reflector="github.com/openshift/client-go/config/informers/externalversions/factory.go:125"
2026-01-28T09:32:24.401118953Z I0128 09:32:24.401090       1 reflector.go:430] "Caches populated" type="*v1.PinnedImageSet" reflector="github.com/openshift/client-go/machineconfiguration/informers/externalversions/factory.go:125"
2026-01-28T09:32:24.412985294Z I0128 09:32:24.412960       1 certrotation_controller.go:192] Starting machineconfigcontroller-certrotationcontroller
2026-01-28T09:32:24.413027044Z I0128 09:32:24.413016       1 certrotation_controller.go:180] Waiting for machineconfigcontroller-certrotationcontroller
2026-01-28T09:32:24.413054175Z I0128 09:32:24.413045       1 certrotation_controller.go:188] Finished waiting for machineconfigcontroller-certrotationcontroller
2026-01-28T09:32:24.413268610Z I0128 09:32:24.413252       1 boot_image_controller.go:349] Bootimages management configuration has been added, reconciling enrolled machine resources
2026-01-28T09:32:24.413373422Z I0128 09:32:24.413359       1 template_controller.go:294] Starting MachineConfigController-TemplateController
2026-01-28T09:32:24.413767761Z I0128 09:32:24.413748       1 boot_image_controller.go:297] configMap coreos-bootimages added, reconciling enrolled machine resources
2026-01-28T09:32:24.413822482Z I0128 09:32:24.413811       1 node_controller.go:265] Starting MachineConfigController-NodeController
2026-01-28T09:32:24.413865673Z I0128 09:32:24.413856       1 kubelet_config_controller.go:200] Starting MachineConfigController-KubeletConfigController
2026-01-28T09:32:24.414099738Z I0128 09:32:24.414083       1 container_runtime_config_controller.go:243] addded image policy observers with sigstore featuregate enabled
2026-01-28T09:32:24.414158239Z I0128 09:32:24.414147       1 render_controller.go:155] Starting MachineConfigController-RenderController
2026-01-28T09:32:24.414466756Z I0128 09:32:24.414449       1 drain_controller.go:178] Starting MachineConfigController-DrainController
2026-01-28T09:32:24.417014382Z I0128 09:32:24.416417       1 reflector.go:430] "Caches populated" type="*v1beta1.MachineSet" reflector="github.com/openshift/client-go/machine/informers/externalversions/factory.go:125"
2026-01-28T09:32:24.417014382Z I0128 09:32:24.416564       1 boot_image_controller.go:245] MAPI MachineSet ci-ln-vjb5l1t-76ef8-snmcd-worker-us-west-1a added, reconciling enrolled machine resources
2026-01-28T09:32:24.417014382Z I0128 09:32:24.416571       1 boot_image_controller.go:245] MAPI MachineSet ci-ln-vjb5l1t-76ef8-snmcd-worker-us-west-1c added, reconciling enrolled machine resources
2026-01-28T09:32:24.417014382Z I0128 09:32:24.416874       1 reflector.go:430] "Caches populated" type="*v1.ClusterImagePolicy" reflector="github.com/openshift/client-go/config/informers/externalversions/factory.go:125"
2026-01-28T09:32:24.418639088Z I0128 09:32:24.418617       1 reflector.go:430] "Caches populated" type="*v1.Pod" reflector="k8s.io/client-go/informers/factory.go:160"
2026-01-28T09:32:24.425642101Z I0128 09:32:24.425609       1 hostnames.go:43] syncing hostnames: [api-int.ci-ln-vjb5l1t-76ef8.XXXXXXXXXXXXXXXXXXXXXX]
2026-01-28T09:32:24.425838565Z I0128 09:32:24.425820       1 hostnames.go:43] syncing hostnames: [api-int.ci-ln-vjb5l1t-76ef8.XXXXXXXXXXXXXXXXXXXXXX]
2026-01-28T09:32:24.425869466Z I0128 09:32:24.425850       1 certrotation_controller.go:334] configMap machine-config-server-ca added, reconciling all user data secrets
2026-01-28T09:32:24.426857608Z I0128 09:32:24.426409       1 base_controller.go:76] Waiting for caches to sync for CertRotationController
2026-01-28T09:32:24.426857608Z I0128 09:32:24.426425       1 base_controller.go:82] Caches are synced for CertRotationController 
2026-01-28T09:32:24.426857608Z I0128 09:32:24.426441       1 base_controller.go:119] Starting #1 worker of CertRotationController controller ...
2026-01-28T09:32:24.426857608Z I0128 09:32:24.426586       1 certrotation_controller.go:373] secret master-user-data added, ensuring CA is up to date
2026-01-28T09:32:24.426857608Z I0128 09:32:24.426620       1 certrotation_controller.go:373] secret worker-user-data added, ensuring CA is up to date
2026-01-28T09:32:24.449930854Z I0128 09:32:24.449873       1 kubelet_config_autosizing.go:72] Created auto-sizing configuration 50-master-auto-sizing-disabled on MachineConfigPool master
2026-01-28T09:32:24.483353447Z I0128 09:32:24.483320       1 kubelet_config_autosizing.go:72] Created auto-sizing configuration 50-worker-auto-sizing-disabled on MachineConfigPool worker
2026-01-28T09:32:24.496503865Z I0128 09:32:24.496468       1 pinned_image_set.go:115] Starting MachineConfigController-PinnedImageSetController
2026-01-28T09:32:24.513862596Z I0128 09:32:24.513811       1 boot_image_controller.go:184] Starting MachineConfigController-MachineSetBootImageController
2026-01-28T09:32:24.514069791Z E0128 09:32:24.514054       1 helpers.go:148] MachineConfiguration.Status is not up to date.
2026-01-28T09:32:24.581948459Z I0128 09:32:24.580639       1 reflector.go:430] "Caches populated" type="*v1.ImagePolicy" reflector="github.com/openshift/client-go/config/informers/externalversions/factory.go:125"
2026-01-28T09:32:24.616011926Z I0128 09:32:24.615982       1 container_runtime_config_controller.go:253] Starting MachineConfigController-ContainerRuntimeConfigController
2026-01-28T09:32:24.637166290Z I0128 09:32:24.637135       1 container_runtime_config_controller.go:1182] updating default_ulimits for pool master
2026-01-28T09:32:24.648992649Z I0128 09:32:24.648968       1 container_runtime_config_controller.go:1201] Applied default runtime MC 00-override-master-generated-crio-default-ulimits on MachineConfigPool master
2026-01-28T09:32:24.665112363Z I0128 09:32:24.665088       1 container_runtime_config_controller.go:1182] updating default_ulimits for pool worker
2026-01-28T09:32:24.678666650Z I0128 09:32:24.678638       1 container_runtime_config_controller.go:1201] Applied default runtime MC 00-override-worker-generated-crio-default-ulimits on MachineConfigPool worker
2026-01-28T09:32:24.955502471Z I0128 09:32:24.955469       1 kubelet_config_features.go:125] Applied FeatureSet cluster on MachineConfigPool master
2026-01-28T09:32:25.131630303Z I0128 09:32:25.131591       1 container_runtime_config_controller.go:1032] Applied ImageConfig cluster on MachineConfigPool master
2026-01-28T09:32:25.226476403Z I0128 09:32:25.226432       1 kubelet_config_nodes.go:162] Applied Node configuration 97-master-generated-kubelet on MachineConfigPool master
2026-01-28T09:32:25.552756679Z I0128 09:32:25.552713       1 container_runtime_config_controller.go:1032] Applied ImageConfig cluster on MachineConfigPool worker
2026-01-28T09:32:26.044711907Z I0128 09:32:26.044673       1 node_controller.go:677] Pool master[zone=us-west-1c]: node ip-10-0-108-54.us-west-1.compute.internal: changed annotation machineconfiguration.openshift.io/currentConfig = rendered-master-a75705d1cc7ffedd49f44241de5868d7
2026-01-28T09:32:26.044711907Z I0128 09:32:26.044705       1 node_controller.go:677] Pool master[zone=us-west-1c]: node ip-10-0-108-54.us-west-1.compute.internal: changed annotation machineconfiguration.openshift.io/desiredConfig = rendered-master-a75705d1cc7ffedd49f44241de5868d7
2026-01-28T09:32:26.044738738Z I0128 09:32:26.044715       1 node_controller.go:677] Pool master[zone=us-west-1c]: node ip-10-0-108-54.us-west-1.compute.internal: changed annotation machineconfiguration.openshift.io/state = Done
2026-01-28T09:32:26.045156667Z I0128 09:32:26.045112       1 event.go:377] Event(v1.ObjectReference{Kind:"MachineConfigPool", Namespace:"openshift-machine-config-operator", Name:"master", UID:"a9993797-6b47-474c-a02e-6d9fd7fe3d02", APIVersion:"machineconfiguration.openshift.io/v1", ResourceVersion:"10207", FieldPath:""}): type: 'Normal' reason: 'AnnotationChange' Node ip-10-0-108-54.us-west-1.compute.internal now has machineconfiguration.openshift.io/currentConfig=rendered-master-a75705d1cc7ffedd49f44241de5868d7
2026-01-28T09:32:26.045179198Z I0128 09:32:26.045158       1 event.go:377] Event(v1.ObjectReference{Kind:"MachineConfigPool", Namespace:"openshift-machine-config-operator", Name:"master", UID:"a9993797-6b47-474c-a02e-6d9fd7fe3d02", APIVersion:"machineconfiguration.openshift.io/v1", ResourceVersion:"10207", FieldPath:""}): type: 'Normal' reason: 'AnnotationChange' Node ip-10-0-108-54.us-west-1.compute.internal now has machineconfiguration.openshift.io/desiredConfig=rendered-master-a75705d1cc7ffedd49f44241de5868d7
2026-01-28T09:32:26.045179198Z I0128 09:32:26.045170       1 event.go:377] Event(v1.ObjectReference{Kind:"MachineConfigPool", Namespace:"openshift-machine-config-operator", Name:"master", UID:"a9993797-6b47-474c-a02e-6d9fd7fe3d02", APIVersion:"machineconfiguration.openshift.io/v1", ResourceVersion:"10207", FieldPath:""}): type: 'Normal' reason: 'AnnotationChange' Node ip-10-0-108-54.us-west-1.compute.internal now has machineconfiguration.openshift.io/state=Done
2026-01-28T09:32:26.060523364Z I0128 09:32:26.060500       1 node_controller.go:677] Pool master[zone=us-west-1c]: node ip-10-0-108-54.us-west-1.compute.internal: changed annotation machineconfiguration.openshift.io/state = Degraded
2026-01-28T09:32:26.060596486Z I0128 09:32:26.060584       1 node_controller.go:677] Pool master[zone=us-west-1c]: node ip-10-0-108-54.us-west-1.compute.internal: changed annotation machineconfiguration.openshift.io/reason = bootstrap generated MC rendered-master-a75705d1cc7ffedd49f44241de5868d7 does not match in-cluster MC generated by the controller
2026-01-28T09:32:26.060700338Z I0128 09:32:26.060652       1 event.go:377] Event(v1.ObjectReference{Kind:"MachineConfigPool", Namespace:"openshift-machine-config-operator", Name:"master", UID:"a9993797-6b47-474c-a02e-6d9fd7fe3d02", APIVersion:"machineconfiguration.openshift.io/v1", ResourceVersion:"10207", FieldPath:""}): type: 'Normal' reason: 'AnnotationChange' Node ip-10-0-108-54.us-west-1.compute.internal now has machineconfiguration.openshift.io/state=Degraded
2026-01-28T09:32:26.060788940Z I0128 09:32:26.060770       1 event.go:377] Event(v1.ObjectReference{Kind:"MachineConfigPool", Namespace:"openshift-machine-config-operator", Name:"master", UID:"a9993797-6b47-474c-a02e-6d9fd7fe3d02", APIVersion:"machineconfiguration.openshift.io/v1", ResourceVersion:"10207", FieldPath:""}): type: 'Normal' reason: 'AnnotationChange' Node ip-10-0-108-54.us-west-1.compute.internal now has machineconfiguration.openshift.io/reason=bootstrap generated MC rendered-master-a75705d1cc7ffedd49f44241de5868d7 does not match in-cluster MC generated by the controller
2026-01-28T09:32:26.221948744Z I0128 09:32:26.221910       1 kubelet_config_features.go:125] Applied FeatureSet cluster on MachineConfigPool worker
2026-01-28T09:32:26.822649568Z I0128 09:32:26.822609       1 kubelet_config_nodes.go:162] Applied Node configuration 97-worker-generated-kubelet on MachineConfigPool worker
2026-01-28T09:32:27.820570702Z I0128 09:32:27.820521       1 kubelet_config_features.go:125] Applied FeatureSet cluster on MachineConfigPool master
2026-01-28T09:32:28.419425305Z I0128 09:32:28.419376       1 kubelet_config_features.go:125] Applied FeatureSet cluster on MachineConfigPool worker
2026-01-28T09:32:28.797069047Z I0128 09:32:28.797026       1 node_controller.go:677] Pool master[zone=us-west-1c]: node ip-10-0-102-200.us-west-1.compute.internal: changed annotation machineconfiguration.openshift.io/currentConfig = rendered-master-a75705d1cc7ffedd49f44241de5868d7
2026-01-28T09:32:28.797069047Z I0128 09:32:28.797059       1 node_controller.go:677] Pool master[zone=us-west-1c]: node ip-10-0-102-200.us-west-1.compute.internal: changed annotation machineconfiguration.openshift.io/desiredConfig = rendered-master-a75705d1cc7ffedd49f44241de5868d7
2026-01-28T09:32:28.797102927Z I0128 09:32:28.797069       1 node_controller.go:677] Pool master[zone=us-west-1c]: node ip-10-0-102-200.us-west-1.compute.internal: changed annotation machineconfiguration.openshift.io/state = Done
2026-01-28T09:32:28.798007447Z I0128 09:32:28.797804       1 event.go:377] Event(v1.ObjectReference{Kind:"MachineConfigPool", Namespace:"openshift-machine-config-operator", Name:"master", UID:"a9993797-6b47-474c-a02e-6d9fd7fe3d02", APIVersion:"machineconfiguration.openshift.io/v1", ResourceVersion:"10207", FieldPath:""}): type: 'Normal' reason: 'AnnotationChange' Node ip-10-0-102-200.us-west-1.compute.internal now has machineconfiguration.openshift.io/currentConfig=rendered-master-a75705d1cc7ffedd49f44241de5868d7
2026-01-28T09:32:28.798007447Z I0128 09:32:28.797826       1 event.go:377] Event(v1.ObjectReference{Kind:"MachineConfigPool", Namespace:"openshift-machine-config-operator", Name:"master", UID:"a9993797-6b47-474c-a02e-6d9fd7fe3d02", APIVersion:"machineconfiguration.openshift.io/v1", ResourceVersion:"10207", FieldPath:""}): type: 'Normal' reason: 'AnnotationChange' Node ip-10-0-102-200.us-west-1.compute.internal now has machineconfiguration.openshift.io/desiredConfig=rendered-master-a75705d1cc7ffedd49f44241de5868d7
2026-01-28T09:32:28.798007447Z I0128 09:32:28.797856       1 event.go:377] Event(v1.ObjectReference{Kind:"MachineConfigPool", Namespace:"openshift-machine-config-operator", Name:"master", UID:"a9993797-6b47-474c-a02e-6d9fd7fe3d02", APIVersion:"machineconfiguration.openshift.io/v1", ResourceVersion:"10207", FieldPath:""}): type: 'Normal' reason: 'AnnotationChange' Node ip-10-0-102-200.us-west-1.compute.internal now has machineconfiguration.openshift.io/state=Done
2026-01-28T09:32:28.810546062Z I0128 09:32:28.809807       1 node_controller.go:677] Pool master[zone=us-west-1c]: node ip-10-0-102-200.us-west-1.compute.internal: changed annotation machineconfiguration.openshift.io/state = Degraded
2026-01-28T09:32:28.810546062Z I0128 09:32:28.809855       1 node_controller.go:677] Pool master[zone=us-west-1c]: node ip-10-0-102-200.us-west-1.compute.internal: changed annotation machineconfiguration.openshift.io/reason = bootstrap generated MC rendered-master-a75705d1cc7ffedd49f44241de5868d7 does not match in-cluster MC generated by the controller
2026-01-28T09:32:28.810546062Z I0128 09:32:28.809924       1 event.go:377] Event(v1.ObjectReference{Kind:"MachineConfigPool", Namespace:"openshift-machine-config-operator", Name:"master", UID:"a9993797-6b47-474c-a02e-6d9fd7fe3d02", APIVersion:"machineconfiguration.openshift.io/v1", ResourceVersion:"10207", FieldPath:""}): type: 'Normal' reason: 'AnnotationChange' Node ip-10-0-102-200.us-west-1.compute.internal now has machineconfiguration.openshift.io/state=Degraded
2026-01-28T09:32:28.810546062Z I0128 09:32:28.809939       1 event.go:377] Event(v1.ObjectReference{Kind:"MachineConfigPool", Namespace:"openshift-machine-config-operator", Name:"master", UID:"a9993797-6b47-474c-a02e-6d9fd7fe3d02", APIVersion:"machineconfiguration.openshift.io/v1", ResourceVersion:"10207", FieldPath:""}): type: 'Normal' reason: 'AnnotationChange' Node ip-10-0-102-200.us-west-1.compute.internal now has machineconfiguration.openshift.io/reason=bootstrap generated MC rendered-master-a75705d1cc7ffedd49f44241de5868d7 does not match in-cluster MC generated by the controller
2026-01-28T09:32:28.862218846Z I0128 09:32:28.861963       1 boot_image_controller.go:371] Bootimages management configuration has been updated, reconciling enrolled machine resources
2026-01-28T09:32:29.387291710Z I0128 09:32:29.387219       1 node_controller.go:1100] Pool master is unconfigured, pausing 5s for renderer to initialize
2026-01-28T09:32:29.387291710Z I0128 09:32:29.387273       1 node_controller.go:1100] Pool worker is unconfigured, pausing 5s for renderer to initialize
2026-01-28T09:32:29.512667140Z I0128 09:32:29.512591       1 render_controller.go:584] Generated machineconfig rendered-master-a75705d1cc7ffedd49f44241de5868d7 from 9 configs: [{MachineConfig  00-master  machineconfiguration.openshift.io/v1  } {MachineConfig  00-override-master-generated-crio-default-ulimits  machineconfiguration.openshift.io/v1  } {MachineConfig  01-master-container-runtime  machineconfiguration.openshift.io/v1  } {MachineConfig  01-master-kubelet  machineconfiguration.openshift.io/v1  } {MachineConfig  50-master-auto-sizing-disabled  machineconfiguration.openshift.io/v1  } {MachineConfig  97-master-generated-kubelet  machineconfiguration.openshift.io/v1  } {MachineConfig  98-master-generated-kubelet  machineconfiguration.openshift.io/v1  } {MachineConfig  99-master-generated-registries  machineconfiguration.openshift.io/v1  } {MachineConfig  99-master-ssh  machineconfiguration.openshift.io/v1  }]
2026-01-28T09:32:29.517193189Z I0128 09:32:29.517161       1 event.go:377] Event(v1.ObjectReference{Kind:"MachineConfigPool", Namespace:"openshift-machine-config-operator", Name:"master", UID:"a9993797-6b47-474c-a02e-6d9fd7fe3d02", APIVersion:"machineconfiguration.openshift.io/v1", ResourceVersion:"10207", FieldPath:""}): type: 'Normal' reason: 'RenderedConfigGenerated' rendered-master-a75705d1cc7ffedd49f44241de5868d7 successfully generated (release version: 4.20.0-0-2026-01-28-090915-test-ci-ln-vjb5l1t-latest, controller version: 4593e456f3b51f4c6c458c00752e38f2687baedc)
2026-01-28T09:32:29.517354153Z E0128 09:32:29.517337       1 render_controller.go:475] Error syncing Generated MCFG: Operation cannot be fulfilled on machineconfigpools.machineconfiguration.openshift.io "master": the object has been modified; please apply your changes to the latest version and try again
2026-01-28T09:32:29.523122539Z E0128 09:32:29.522203       1 render_controller.go:497] Error updating MachineConfigPool master: Operation cannot be fulfilled on machineconfigpools.machineconfiguration.openshift.io "master": the object has been modified; please apply your changes to the latest version and try again
2026-01-28T09:32:29.523122539Z I0128 09:32:29.522235       1 render_controller.go:408] Error syncing machineconfigpool master: Operation cannot be fulfilled on machineconfigpools.machineconfiguration.openshift.io "master": the object has been modified; please apply your changes to the latest version and try again
2026-01-28T09:32:29.545340166Z I0128 09:32:29.545289       1 ms_helpers.go:252] No architecture annotation found on machineset ci-ln-vjb5l1t-76ef8-snmcd-worker-us-west-1a, defaulting to control plane architecture
2026-01-28T09:32:29.545420998Z I0128 09:32:29.545408       1 ms_helpers.go:149] failed to find mco version hash in coreos-bootimages configmap, sync will exit to wait for the MCO upgrade to complete
2026-01-28T09:32:29.558804662Z I0128 09:32:29.558477       1 render_controller.go:584] Generated machineconfig rendered-worker-a2bb68b0b8221b5a131f2617a7ee033e from 9 configs: [{MachineConfig  00-override-worker-generated-crio-default-ulimits  machineconfiguration.openshift.io/v1  } {MachineConfig  00-worker  machineconfiguration.openshift.io/v1  } {MachineConfig  01-worker-container-runtime  machineconfiguration.openshift.io/v1  } {MachineConfig  01-worker-kubelet  machineconfiguration.openshift.io/v1  } {MachineConfig  50-worker-auto-sizing-disabled  machineconfiguration.openshift.io/v1  } {MachineConfig  97-worker-generated-kubelet  machineconfiguration.openshift.io/v1  } {MachineConfig  98-worker-generated-kubelet  machineconfiguration.openshift.io/v1  } {MachineConfig  99-worker-generated-registries  machineconfiguration.openshift.io/v1  } {MachineConfig  99-worker-ssh  machineconfiguration.openshift.io/v1  }]
2026-01-28T09:32:29.560821386Z I0128 09:32:29.560781       1 event.go:377] Event(v1.ObjectReference{Kind:"MachineConfigPool", Namespace:"openshift-machine-config-operator", Name:"worker", UID:"9dfc36b3-638d-4a57-8319-1bfa93296d25", APIVersion:"machineconfiguration.openshift.io/v1", ResourceVersion:"10256", FieldPath:""}): type: 'Normal' reason: 'RenderedConfigGenerated' rendered-worker-a2bb68b0b8221b5a131f2617a7ee033e successfully generated (release version: 4.20.0-0-2026-01-28-090915-test-ci-ln-vjb5l1t-latest, controller version: 4593e456f3b51f4c6c458c00752e38f2687baedc)
2026-01-28T09:32:29.562459142Z E0128 09:32:29.562416       1 render_controller.go:475] Error syncing Generated MCFG: Operation cannot be fulfilled on machineconfigpools.machineconfiguration.openshift.io "worker": the object has been modified; please apply your changes to the latest version and try again
2026-01-28T09:32:29.574319572Z E0128 09:32:29.574283       1 render_controller.go:497] Error updating MachineConfigPool worker: Operation cannot be fulfilled on machineconfigpools.machineconfiguration.openshift.io "worker": the object has been modified; please apply your changes to the latest version and try again
2026-01-28T09:32:29.574319572Z I0128 09:32:29.574307       1 render_controller.go:408] Error syncing machineconfigpool worker: Operation cannot be fulfilled on machineconfigpools.machineconfiguration.openshift.io "worker": the object has been modified; please apply your changes to the latest version and try again
2026-01-28T09:32:29.574620238Z I0128 09:32:29.574576       1 ms_helpers.go:252] No architecture annotation found on machineset ci-ln-vjb5l1t-76ef8-snmcd-worker-us-west-1c, defaulting to control plane architecture
2026-01-28T09:32:29.574620238Z I0128 09:32:29.574599       1 ms_helpers.go:149] failed to find mco version hash in coreos-bootimages configmap, sync will exit to wait for the MCO upgrade to complete
2026-01-28T09:32:29.665359418Z I0128 09:32:29.665299       1 render_controller.go:610] Pool master: now targeting: rendered-master-a75705d1cc7ffedd49f44241de5868d7
2026-01-28T09:32:29.678196320Z I0128 09:32:29.678165       1 render_controller.go:408] Error syncing machineconfigpool master: Operation cannot be fulfilled on machineconfigpools.machineconfiguration.openshift.io "master": the object has been modified; please apply your changes to the latest version and try again
2026-01-28T09:32:29.708946294Z I0128 09:32:29.708880       1 render_controller.go:610] Pool worker: now targeting: rendered-worker-a2bb68b0b8221b5a131f2617a7ee033e
2026-01-28T09:32:29.720302553Z I0128 09:32:29.719547       1 render_controller.go:408] Error syncing machineconfigpool worker: Operation cannot be fulfilled on machineconfigpools.machineconfiguration.openshift.io "worker": the object has been modified; please apply your changes to the latest version and try again
2026-01-28T09:32:30.528106928Z I0128 09:32:30.528048       1 ms_helpers.go:252] No architecture annotation found on machineset ci-ln-vjb5l1t-76ef8-snmcd-worker-us-west-1a, defaulting to control plane architecture
2026-01-28T09:32:30.528190320Z I0128 09:32:30.528177       1 ms_helpers.go:149] failed to find mco version hash in coreos-bootimages configmap, sync will exit to wait for the MCO upgrade to complete
2026-01-28T09:32:31.128230969Z I0128 09:32:31.128188       1 ms_helpers.go:252] No architecture annotation found on machineset ci-ln-vjb5l1t-76ef8-snmcd-worker-us-west-1c, defaulting to control plane architecture
2026-01-28T09:32:31.128302851Z I0128 09:32:31.128291       1 ms_helpers.go:149] failed to find mco version hash in coreos-bootimages configmap, sync will exit to wait for the MCO upgrade to complete
2026-01-28T09:32:32.928301485Z I0128 09:32:32.928213       1 ms_helpers.go:252] No architecture annotation found on machineset ci-ln-vjb5l1t-76ef8-snmcd-worker-us-west-1a, defaulting to control plane architecture
2026-01-28T09:32:32.928301485Z I0128 09:32:32.928246       1 ms_helpers.go:149] failed to find mco version hash in coreos-bootimages configmap, sync will exit to wait for the MCO upgrade to complete
2026-01-28T09:32:33.528107178Z I0128 09:32:33.528047       1 ms_helpers.go:252] No architecture annotation found on machineset ci-ln-vjb5l1t-76ef8-snmcd-worker-us-west-1c, defaulting to control plane architecture
2026-01-28T09:32:33.528107178Z I0128 09:32:33.528096       1 ms_helpers.go:149] failed to find mco version hash in coreos-bootimages configmap, sync will exit to wait for the MCO upgrade to complete
2026-01-28T09:32:34.428691918Z I0128 09:32:34.428645       1 status.go:273] Pool worker: All nodes are updated with MachineConfig rendered-worker-a2bb68b0b8221b5a131f2617a7ee033e
2026-01-28T09:32:34.438265158Z I0128 09:32:34.438209       1 event.go:377] Event(v1.ObjectReference{Kind:"MachineConfigPool", Namespace:"openshift-machine-config-operator", Name:"worker", UID:"9dfc36b3-638d-4a57-8319-1bfa93296d25", APIVersion:"machineconfiguration.openshift.io/v1", ResourceVersion:"11914", FieldPath:""}): type: 'Normal' reason: 'Completed' Pool worker has completed update to MachineConfig rendered-worker-a2bb68b0b8221b5a131f2617a7ee033e
2026-01-28T09:32:34.442284166Z I0128 09:32:34.442257       1 node_controller.go:1272] Updated controlPlaneTopology annotation of node ip-10-0-102-200.us-west-1.compute.internal from  to 
2026-01-28T09:32:34.450933646Z I0128 09:32:34.450910       1 node_controller.go:1272] Updated controlPlaneTopology annotation of node ip-10-0-108-54.us-west-1.compute.internal from  to 
2026-01-28T09:32:34.460499586Z I0128 09:32:34.460464       1 node_controller.go:1272] Updated controlPlaneTopology annotation of node ip-10-0-3-203.us-west-1.compute.internal from  to 
2026-01-28T09:32:34.483751096Z I0128 09:32:34.483708       1 status.go:325] Degraded Machine: ip-10-0-102-200.us-west-1.compute.internal and Degraded Reason: bootstrap generated MC rendered-master-a75705d1cc7ffedd49f44241de5868d7 does not match in-cluster MC generated by the controller
2026-01-28T09:32:34.483815717Z I0128 09:32:34.483801       1 status.go:325] Degraded Machine: ip-10-0-108-54.us-west-1.compute.internal and Degraded Reason: bootstrap generated MC rendered-master-a75705d1cc7ffedd49f44241de5868d7 does not match in-cluster MC generated by the controller
2026-01-28T09:32:34.509737276Z I0128 09:32:34.509702       1 node_controller.go:677] Pool master[zone=us-west-1a]: node ip-10-0-3-203.us-west-1.compute.internal: changed annotation machineconfiguration.openshift.io/currentConfig = rendered-master-a75705d1cc7ffedd49f44241de5868d7
2026-01-28T09:32:34.509861448Z I0128 09:32:34.509846       1 node_controller.go:677] Pool master[zone=us-west-1a]: node ip-10-0-3-203.us-west-1.compute.internal: changed annotation machineconfiguration.openshift.io/desiredConfig = rendered-master-a75705d1cc7ffedd49f44241de5868d7
2026-01-28T09:32:34.510267377Z I0128 09:32:34.510251       1 node_controller.go:677] Pool master[zone=us-west-1a]: node ip-10-0-3-203.us-west-1.compute.internal: changed annotation machineconfiguration.openshift.io/state = Done
2026-01-28T09:32:34.510388770Z I0128 09:32:34.510194       1 event.go:377] Event(v1.ObjectReference{Kind:"MachineConfigPool", Namespace:"openshift-machine-config-operator", Name:"master", UID:"a9993797-6b47-474c-a02e-6d9fd7fe3d02", APIVersion:"machineconfiguration.openshift.io/v1", ResourceVersion:"11953", FieldPath:""}): type: 'Normal' reason: 'AnnotationChange' Node ip-10-0-3-203.us-west-1.compute.internal now has machineconfiguration.openshift.io/currentConfig=rendered-master-a75705d1cc7ffedd49f44241de5868d7
2026-01-28T09:32:34.510445211Z I0128 09:32:34.510427       1 event.go:377] Event(v1.ObjectReference{Kind:"MachineConfigPool", Namespace:"openshift-machine-config-operator", Name:"master", UID:"a9993797-6b47-474c-a02e-6d9fd7fe3d02", APIVersion:"machineconfiguration.openshift.io/v1", ResourceVersion:"11953", FieldPath:""}): type: 'Normal' reason: 'AnnotationChange' Node ip-10-0-3-203.us-west-1.compute.internal now has machineconfiguration.openshift.io/desiredConfig=rendered-master-a75705d1cc7ffedd49f44241de5868d7
2026-01-28T09:32:34.510481442Z I0128 09:32:34.510464       1 event.go:377] Event(v1.ObjectReference{Kind:"MachineConfigPool", Namespace:"openshift-machine-config-operator", Name:"master", UID:"a9993797-6b47-474c-a02e-6d9fd7fe3d02", APIVersion:"machineconfiguration.openshift.io/v1", ResourceVersion:"11953", FieldPath:""}): type: 'Normal' reason: 'AnnotationChange' Node ip-10-0-3-203.us-west-1.compute.internal now has machineconfiguration.openshift.io/state=Done
2026-01-28T09:32:35.327306065Z I0128 09:32:35.327270       1 ms_helpers.go:252] No architecture annotation found on machineset ci-ln-vjb5l1t-76ef8-snmcd-worker-us-west-1c, defaulting to control plane architecture
2026-01-28T09:32:35.327369136Z I0128 09:32:35.327357       1 ms_helpers.go:149] failed to find mco version hash in coreos-bootimages configmap, sync will exit to wait for the MCO upgrade to complete
2026-01-28T09:32:35.928036059Z I0128 09:32:35.927992       1 ms_helpers.go:252] No architecture annotation found on machineset ci-ln-vjb5l1t-76ef8-snmcd-worker-us-west-1a, defaulting to control plane architecture
2026-01-28T09:32:35.928104361Z I0128 09:32:35.928089       1 ms_helpers.go:149] failed to find mco version hash in coreos-bootimages configmap, sync will exit to wait for the MCO upgrade to complete
2026-01-28T09:32:39.506424843Z I0128 09:32:39.506385       1 node_controller.go:677] Pool master[zone=us-west-1a]: node ip-10-0-3-203.us-west-1.compute.internal: changed taints
2026-01-28T09:32:39.514191144Z I0128 09:32:39.514161       1 status.go:325] Degraded Machine: ip-10-0-102-200.us-west-1.compute.internal and Degraded Reason: bootstrap generated MC rendered-master-a75705d1cc7ffedd49f44241de5868d7 does not match in-cluster MC generated by the controller
2026-01-28T09:32:39.514191144Z I0128 09:32:39.514176       1 status.go:325] Degraded Machine: ip-10-0-108-54.us-west-1.compute.internal and Degraded Reason: bootstrap generated MC rendered-master-a75705d1cc7ffedd49f44241de5868d7 does not match in-cluster MC generated by the controller
2026-01-28T09:32:40.291417958Z I0128 09:32:40.291378       1 boot_image_controller.go:318] configMap coreos-bootimages updated, reconciling enrolled machine resources
2026-01-28T09:32:40.308674596Z I0128 09:32:40.308645       1 ms_helpers.go:252] No architecture annotation found on machineset ci-ln-vjb5l1t-76ef8-snmcd-worker-us-west-1a, defaulting to control plane architecture
2026-01-28T09:32:40.308674596Z I0128 09:32:40.308664       1 platform_helpers.go:44] Reconciling MAPI machineset ci-ln-vjb5l1t-76ef8-snmcd-worker-us-west-1a on AWS, with arch x86_64
2026-01-28T09:32:40.309991496Z I0128 09:32:40.309971       1 ms_helpers.go:181] No patching required for MAPI machineset ci-ln-vjb5l1t-76ef8-snmcd-worker-us-west-1a
2026-01-28T09:32:40.325211699Z I0128 09:32:40.325184       1 ms_helpers.go:252] No architecture annotation found on machineset ci-ln-vjb5l1t-76ef8-snmcd-worker-us-west-1c, defaulting to control plane architecture
2026-01-28T09:32:40.325211699Z I0128 09:32:40.325202       1 platform_helpers.go:44] Reconciling MAPI machineset ci-ln-vjb5l1t-76ef8-snmcd-worker-us-west-1c on AWS, with arch x86_64
2026-01-28T09:32:40.325972036Z I0128 09:32:40.325952       1 ms_helpers.go:181] No patching required for MAPI machineset ci-ln-vjb5l1t-76ef8-snmcd-worker-us-west-1c
2026-01-28T09:32:44.517689024Z I0128 09:32:44.517651       1 status.go:325] Degraded Machine: ip-10-0-102-200.us-west-1.compute.internal and Degraded Reason: bootstrap generated MC rendered-master-a75705d1cc7ffedd49f44241de5868d7 does not match in-cluster MC generated by the controller
2026-01-28T09:32:44.517746795Z I0128 09:32:44.517732       1 status.go:325] Degraded Machine: ip-10-0-108-54.us-west-1.compute.internal and Degraded Reason: bootstrap generated MC rendered-master-a75705d1cc7ffedd49f44241de5868d7 does not match in-cluster MC generated by the controller
2026-01-28T09:32:50.023359689Z I0128 09:32:50.023319       1 boot_image_controller.go:266] MachineSet ci-ln-vjb5l1t-76ef8-snmcd-worker-us-west-1a updated, reconciling enrolled machineset resources
2026-01-28T09:32:50.044082262Z I0128 09:32:50.044040       1 boot_image_controller.go:266] MachineSet ci-ln-vjb5l1t-76ef8-snmcd-worker-us-west-1c updated, reconciling enrolled machineset resources
2026-01-28T09:32:50.063432521Z I0128 09:32:50.063376       1 platform_helpers.go:44] Reconciling MAPI machineset ci-ln-vjb5l1t-76ef8-snmcd-worker-us-west-1a on AWS, with arch x86_64
2026-01-28T09:32:50.066093336Z I0128 09:32:50.064283       1 ms_helpers.go:181] No patching required for MAPI machineset ci-ln-vjb5l1t-76ef8-snmcd-worker-us-west-1a
2026-01-28T09:32:50.098772793Z I0128 09:32:50.098740       1 ms_helpers.go:252] No architecture annotation found on machineset ci-ln-vjb5l1t-76ef8-snmcd-worker-us-west-1c, defaulting to control plane architecture
2026-01-28T09:32:50.098819583Z I0128 09:32:50.098789       1 platform_helpers.go:44] Reconciling MAPI machineset ci-ln-vjb5l1t-76ef8-snmcd-worker-us-west-1c on AWS, with arch x86_64
2026-01-28T09:32:50.099665948Z I0128 09:32:50.099643       1 ms_helpers.go:181] No patching required for MAPI machineset ci-ln-vjb5l1t-76ef8-snmcd-worker-us-west-1c
2026-01-28T09:32:51.034150071Z I0128 09:32:51.034108       1 platform_helpers.go:44] Reconciling MAPI machineset ci-ln-vjb5l1t-76ef8-snmcd-worker-us-west-1a on AWS, with arch x86_64
2026-01-28T09:32:51.035011346Z I0128 09:32:51.034987       1 ms_helpers.go:181] No patching required for MAPI machineset ci-ln-vjb5l1t-76ef8-snmcd-worker-us-west-1a
2026-01-28T09:32:51.635848651Z I0128 09:32:51.635779       1 platform_helpers.go:44] Reconciling MAPI machineset ci-ln-vjb5l1t-76ef8-snmcd-worker-us-west-1c on AWS, with arch x86_64
2026-01-28T09:32:51.637334446Z I0128 09:32:51.637315       1 ms_helpers.go:181] No patching required for MAPI machineset ci-ln-vjb5l1t-76ef8-snmcd-worker-us-west-1c
2026-01-28T09:33:29.816190354Z I0128 09:33:29.816132       1 drain_controller.go:192] node ip-10-0-3-203.us-west-1.compute.internal: uncordoning
2026-01-28T09:33:29.816246836Z I0128 09:33:29.816190       1 drain_controller.go:192] node ip-10-0-3-203.us-west-1.compute.internal: initiating uncordon (currently schedulable: true)
2026-01-28T09:33:29.819318760Z I0128 09:33:29.819295       1 drain_controller.go:192] node ip-10-0-3-203.us-west-1.compute.internal: uncordon succeeded (currently schedulable: true)
2026-01-28T09:33:29.852405140Z I0128 09:33:29.852373       1 drain_controller.go:192] node ip-10-0-3-203.us-west-1.compute.internal: operation successful; applying completion annotation
2026-01-28T09:33:34.832946190Z I0128 09:33:34.832909       1 node_controller.go:677] Pool master[zone=us-west-1a]: node ip-10-0-3-203.us-west-1.compute.internal: changed annotation machineconfiguration.openshift.io/reason = 
2026-01-28T09:33:34.833124204Z I0128 09:33:34.833098       1 event.go:377] Event(v1.ObjectReference{Kind:"MachineConfigPool", Namespace:"openshift-machine-config-operator", Name:"master", UID:"a9993797-6b47-474c-a02e-6d9fd7fe3d02", APIVersion:"machineconfiguration.openshift.io/v1", ResourceVersion:"12019", FieldPath:""}): type: 'Normal' reason: 'AnnotationChange' Node ip-10-0-3-203.us-west-1.compute.internal now has machineconfiguration.openshift.io/reason=
2026-01-28T09:33:36.261069452Z I0128 09:33:36.261023       1 drain_controller.go:192] node ip-10-0-108-54.us-west-1.compute.internal: uncordoning
2026-01-28T09:33:36.261119013Z I0128 09:33:36.261076       1 drain_controller.go:192] node ip-10-0-108-54.us-west-1.compute.internal: initiating uncordon (currently schedulable: true)
2026-01-28T09:33:36.263675546Z I0128 09:33:36.263650       1 drain_controller.go:192] node ip-10-0-108-54.us-west-1.compute.internal: uncordon succeeded (currently schedulable: true)
2026-01-28T09:33:36.275440340Z I0128 09:33:36.275416       1 drain_controller.go:192] node ip-10-0-108-54.us-west-1.compute.internal: operation successful; applying completion annotation
2026-01-28T09:33:38.498062588Z I0128 09:33:38.498028       1 drain_controller.go:192] node ip-10-0-102-200.us-west-1.compute.internal: uncordoning
2026-01-28T09:33:38.498107319Z I0128 09:33:38.498075       1 drain_controller.go:192] node ip-10-0-102-200.us-west-1.compute.internal: initiating uncordon (currently schedulable: true)
2026-01-28T09:33:38.500552909Z I0128 09:33:38.500506       1 drain_controller.go:192] node ip-10-0-102-200.us-west-1.compute.internal: uncordon succeeded (currently schedulable: true)
2026-01-28T09:33:38.513854645Z I0128 09:33:38.513814       1 drain_controller.go:192] node ip-10-0-102-200.us-west-1.compute.internal: operation successful; applying completion annotation
2026-01-28T09:33:39.845240436Z I0128 09:33:39.845189       1 status.go:325] Degraded Machine: ip-10-0-102-200.us-west-1.compute.internal and Degraded Reason: bootstrap generated MC rendered-master-a75705d1cc7ffedd49f44241de5868d7 does not match in-cluster MC generated by the controller
2026-01-28T09:33:39.845240436Z I0128 09:33:39.845206       1 status.go:325] Degraded Machine: ip-10-0-108-54.us-west-1.compute.internal and Degraded Reason: bootstrap generated MC rendered-master-a75705d1cc7ffedd49f44241de5868d7 does not match in-cluster MC generated by the controller
2026-01-28T09:33:41.305715796Z I0128 09:33:41.305681       1 node_controller.go:677] Pool master[zone=us-west-1c]: node ip-10-0-108-54.us-west-1.compute.internal: changed annotation machineconfiguration.openshift.io/state = Done
2026-01-28T09:33:41.305792268Z I0128 09:33:41.305780       1 node_controller.go:677] Pool master[zone=us-west-1c]: node ip-10-0-108-54.us-west-1.compute.internal: changed annotation machineconfiguration.openshift.io/reason = 
2026-01-28T09:33:41.305971822Z I0128 09:33:41.305856       1 event.go:377] Event(v1.ObjectReference{Kind:"MachineConfigPool", Namespace:"openshift-machine-config-operator", Name:"master", UID:"a9993797-6b47-474c-a02e-6d9fd7fe3d02", APIVersion:"machineconfiguration.openshift.io/v1", ResourceVersion:"12019", FieldPath:""}): type: 'Normal' reason: 'AnnotationChange' Node ip-10-0-108-54.us-west-1.compute.internal now has machineconfiguration.openshift.io/state=Done
2026-01-28T09:33:41.306038013Z I0128 09:33:41.306019       1 event.go:377] Event(v1.ObjectReference{Kind:"MachineConfigPool", Namespace:"openshift-machine-config-operator", Name:"master", UID:"a9993797-6b47-474c-a02e-6d9fd7fe3d02", APIVersion:"machineconfiguration.openshift.io/v1", ResourceVersion:"12019", FieldPath:""}): type: 'Normal' reason: 'AnnotationChange' Node ip-10-0-108-54.us-west-1.compute.internal now has machineconfiguration.openshift.io/reason=
2026-01-28T09:33:43.523192197Z I0128 09:33:43.523143       1 node_controller.go:677] Pool master[zone=us-west-1c]: node ip-10-0-102-200.us-west-1.compute.internal: changed annotation machineconfiguration.openshift.io/state = Done
2026-01-28T09:33:43.523227418Z I0128 09:33:43.523200       1 node_controller.go:677] Pool master[zone=us-west-1c]: node ip-10-0-102-200.us-west-1.compute.internal: changed annotation machineconfiguration.openshift.io/reason = 
2026-01-28T09:33:43.523314650Z I0128 09:33:43.523282       1 event.go:377] Event(v1.ObjectReference{Kind:"MachineConfigPool", Namespace:"openshift-machine-config-operator", Name:"master", UID:"a9993797-6b47-474c-a02e-6d9fd7fe3d02", APIVersion:"machineconfiguration.openshift.io/v1", ResourceVersion:"12019", FieldPath:""}): type: 'Normal' reason: 'AnnotationChange' Node ip-10-0-102-200.us-west-1.compute.internal now has machineconfiguration.openshift.io/state=Done
2026-01-28T09:33:43.523332271Z I0128 09:33:43.523307       1 event.go:377] Event(v1.ObjectReference{Kind:"MachineConfigPool", Namespace:"openshift-machine-config-operator", Name:"master", UID:"a9993797-6b47-474c-a02e-6d9fd7fe3d02", APIVersion:"machineconfiguration.openshift.io/v1", ResourceVersion:"12019", FieldPath:""}): type: 'Normal' reason: 'AnnotationChange' Node ip-10-0-102-200.us-west-1.compute.internal now has machineconfiguration.openshift.io/reason=
2026-01-28T09:33:46.317269887Z I0128 09:33:46.317208       1 status.go:273] Pool master: All nodes are updated with MachineConfig rendered-master-a75705d1cc7ffedd49f44241de5868d7
2026-01-28T09:33:46.325592090Z I0128 09:33:46.325553       1 event.go:377] Event(v1.ObjectReference{Kind:"MachineConfigPool", Namespace:"openshift-machine-config-operator", Name:"master", UID:"a9993797-6b47-474c-a02e-6d9fd7fe3d02", APIVersion:"machineconfiguration.openshift.io/v1", ResourceVersion:"12019", FieldPath:""}): type: 'Normal' reason: 'Completed' Pool master has completed update to MachineConfig rendered-master-a75705d1cc7ffedd49f44241de5868d7
2026-01-28T09:36:15.631111507Z I0128 09:36:15.630339       1 node_controller.go:677] Pool worker[zone=us-west-1c]: node ip-10-0-78-215.us-west-1.compute.internal: changed annotation machineconfiguration.openshift.io/currentConfig = rendered-worker-a2bb68b0b8221b5a131f2617a7ee033e
2026-01-28T09:36:15.631111507Z I0128 09:36:15.630359       1 node_controller.go:677] Pool worker[zone=us-west-1c]: node ip-10-0-78-215.us-west-1.compute.internal: changed annotation machineconfiguration.openshift.io/desiredConfig = rendered-worker-a2bb68b0b8221b5a131f2617a7ee033e
2026-01-28T09:36:15.631111507Z I0128 09:36:15.630365       1 node_controller.go:677] Pool worker[zone=us-west-1c]: node ip-10-0-78-215.us-west-1.compute.internal: changed annotation machineconfiguration.openshift.io/state = Done
2026-01-28T09:36:15.883921458Z I0128 09:36:15.883846       1 node_controller.go:1272] Updated controlPlaneTopology annotation of node ip-10-0-78-215.us-west-1.compute.internal from  to 
2026-01-28T09:36:37.796774254Z I0128 09:36:37.796735       1 node_controller.go:677] Pool worker[zone=us-west-1c]: node ip-10-0-78-215.us-west-1.compute.internal: changed labels
2026-01-28T09:36:47.623033674Z I0128 09:36:47.622687       1 node_controller.go:677] Pool worker[zone=us-west-1c]: node ip-10-0-78-215.us-west-1.compute.internal: Reporting ready
2026-01-28T09:36:47.637371995Z I0128 09:36:47.636659       1 node_controller.go:677] Pool worker[zone=us-west-1c]: node ip-10-0-78-215.us-west-1.compute.internal: changed taints
2026-01-28T09:36:48.511519589Z I0128 09:36:48.511486       1 node_controller.go:677] Pool worker[zone=us-west-1c]: node ip-10-0-78-215.us-west-1.compute.internal: changed taints
2026-01-28T09:37:05.280140360Z I0128 09:37:05.280093       1 drain_controller.go:192] node ip-10-0-78-215.us-west-1.compute.internal: uncordoning
2026-01-28T09:37:05.280203422Z I0128 09:37:05.280136       1 drain_controller.go:192] node ip-10-0-78-215.us-west-1.compute.internal: initiating uncordon (currently schedulable: true)
2026-01-28T09:37:05.282579686Z I0128 09:37:05.282552       1 drain_controller.go:192] node ip-10-0-78-215.us-west-1.compute.internal: uncordon succeeded (currently schedulable: true)
2026-01-28T09:37:05.294131589Z I0128 09:37:05.294102       1 drain_controller.go:192] node ip-10-0-78-215.us-west-1.compute.internal: operation successful; applying completion annotation
2026-01-28T09:37:10.297585791Z I0128 09:37:10.297533       1 node_controller.go:677] Pool worker[zone=us-west-1c]: node ip-10-0-78-215.us-west-1.compute.internal: changed annotation machineconfiguration.openshift.io/reason = 
2026-01-28T09:41:00.265206702Z I0128 09:41:00.265159       1 reflector.go:430] "Caches populated" type="*v1alpha1.ImageContentSourcePolicy" reflector="github.com/openshift/client-go/operator/informers/externalversions/factory.go:125"
2026-01-28T09:41:05.890073554Z I0128 09:41:05.890034       1 reflector.go:430] "Caches populated" type="*v1.ContainerRuntimeConfig" reflector="github.com/openshift/client-go/machineconfiguration/informers/externalversions/factory.go:125"
2026-01-28T09:41:05.967268587Z I0128 09:41:05.967219       1 reflector.go:430] "Caches populated" type="*v1.APIServer" reflector="github.com/openshift/client-go/config/informers/externalversions/factory.go:125"
2026-01-28T09:41:06.034512386Z I0128 09:41:06.034464       1 reflector.go:430] "Caches populated" type="*v1.Image" reflector="github.com/openshift/client-go/config/informers/externalversions/factory.go:125"
2026-01-28T09:41:06.337560224Z I0128 09:41:06.337508       1 reflector.go:430] "Caches populated" type="*v1beta1.MachineSet" reflector="github.com/openshift/client-go/machine/informers/externalversions/factory.go:125"
2026-01-28T09:41:06.618504025Z I0128 09:41:06.618460       1 reflector.go:430] "Caches populated" type="*v1.MachineOSConfig" reflector="github.com/openshift/client-go/machineconfiguration/informers/externalversions/factory.go:125"
2026-01-28T09:41:06.692698024Z I0128 09:41:06.692625       1 reflector.go:430] "Caches populated" type="*v1.ImagePolicy" reflector="github.com/openshift/client-go/config/informers/externalversions/factory.go:125"
2026-01-28T09:41:06.836055652Z I0128 09:41:06.836007       1 reflector.go:430] "Caches populated" type="*v1.ImageDigestMirrorSet" reflector="github.com/openshift/client-go/config/informers/externalversions/factory.go:125"
2026-01-28T09:41:06.884082566Z I0128 09:41:06.884044       1 reflector.go:430] "Caches populated" type="*v1.ImageTagMirrorSet" reflector="github.com/openshift/client-go/config/informers/externalversions/factory.go:125"
2026-01-28T09:41:07.014104197Z I0128 09:41:07.014062       1 reflector.go:430] "Caches populated" type="*v1.MachineOSBuild" reflector="github.com/openshift/client-go/machineconfiguration/informers/externalversions/factory.go:125"
2026-01-28T09:41:51.512636348Z I0128 09:41:51.512445       1 node_controller.go:1272] Updated controlPlaneTopology annotation of node ip-10-0-22-208.us-west-1.compute.internal from  to 
2026-01-28T09:41:51.524350819Z I0128 09:41:51.524312       1 node_controller.go:1272] Updated controlPlaneTopology annotation of node ip-10-0-101-165.us-west-1.compute.internal from  to 
2026-01-28T09:41:51.535154080Z I0128 09:41:51.535121       1 node_controller.go:677] Pool worker[zone=us-west-1c]: node ip-10-0-101-165.us-west-1.compute.internal: changed annotation machineconfiguration.openshift.io/currentConfig = rendered-worker-a2bb68b0b8221b5a131f2617a7ee033e
2026-01-28T09:41:51.535154080Z I0128 09:41:51.535141       1 node_controller.go:677] Pool worker[zone=us-west-1c]: node ip-10-0-101-165.us-west-1.compute.internal: changed annotation machineconfiguration.openshift.io/desiredConfig = rendered-worker-a2bb68b0b8221b5a131f2617a7ee033e
2026-01-28T09:41:51.535154080Z I0128 09:41:51.535147       1 node_controller.go:677] Pool worker[zone=us-west-1c]: node ip-10-0-101-165.us-west-1.compute.internal: changed annotation machineconfiguration.openshift.io/state = Done
2026-01-28T09:41:51.552833039Z I0128 09:41:51.552385       1 node_controller.go:677] Pool worker[zone=us-west-1c]: node ip-10-0-101-165.us-west-1.compute.internal: changed taints
2026-01-28T09:41:54.156551367Z I0128 09:41:54.155838       1 node_controller.go:677] Pool worker[zone=us-west-1a]: node ip-10-0-22-208.us-west-1.compute.internal: changed annotation machineconfiguration.openshift.io/currentConfig = rendered-worker-a2bb68b0b8221b5a131f2617a7ee033e
2026-01-28T09:41:54.156551367Z I0128 09:41:54.155856       1 node_controller.go:677] Pool worker[zone=us-west-1a]: node ip-10-0-22-208.us-west-1.compute.internal: changed annotation machineconfiguration.openshift.io/desiredConfig = rendered-worker-a2bb68b0b8221b5a131f2617a7ee033e
2026-01-28T09:41:54.156551367Z I0128 09:41:54.155864       1 node_controller.go:677] Pool worker[zone=us-west-1a]: node ip-10-0-22-208.us-west-1.compute.internal: changed annotation machineconfiguration.openshift.io/state = Done
2026-01-28T09:41:56.555351892Z I0128 09:41:56.555313       1 node_controller.go:677] Pool worker[zone=us-west-1c]: node ip-10-0-101-165.us-west-1.compute.internal: changed taints
2026-01-28T09:41:56.589060266Z I0128 09:41:56.589025       1 node_controller.go:677] Pool worker[zone=us-west-1a]: node ip-10-0-22-208.us-west-1.compute.internal: changed taints
2026-01-28T09:41:56.822987036Z E0128 09:41:56.822938       1 render_controller.go:475] Error syncing Generated MCFG: Operation cannot be fulfilled on machineconfigpools.machineconfiguration.openshift.io "worker": the object has been modified; please apply your changes to the latest version and try again
2026-01-28T09:41:56.832830868Z E0128 09:41:56.831677       1 render_controller.go:497] Error updating MachineConfigPool worker: Operation cannot be fulfilled on machineconfigpools.machineconfiguration.openshift.io "worker": the object has been modified; please apply your changes to the latest version and try again
2026-01-28T09:41:56.832830868Z I0128 09:41:56.831695       1 render_controller.go:408] Error syncing machineconfigpool worker: Operation cannot be fulfilled on machineconfigpools.machineconfiguration.openshift.io "worker": the object has been modified; please apply your changes to the latest version and try again
2026-01-28T09:42:14.427223463Z I0128 09:42:14.427183       1 node_controller.go:677] Pool worker[zone=us-west-1c]: node ip-10-0-101-165.us-west-1.compute.internal: changed labels
2026-01-28T09:42:18.137446406Z I0128 09:42:18.137411       1 node_controller.go:677] Pool worker[zone=us-west-1a]: node ip-10-0-22-208.us-west-1.compute.internal: changed labels
2026-01-28T09:42:29.598677193Z I0128 09:42:29.598500       1 node_controller.go:677] Pool worker[zone=us-west-1c]: node ip-10-0-101-165.us-west-1.compute.internal: Reporting ready
2026-01-28T09:42:29.617820857Z I0128 09:42:29.617569       1 node_controller.go:677] Pool worker[zone=us-west-1c]: node ip-10-0-101-165.us-west-1.compute.internal: changed taints
2026-01-28T09:42:29.864315807Z I0128 09:42:29.864121       1 node_controller.go:677] Pool worker[zone=us-west-1a]: node ip-10-0-22-208.us-west-1.compute.internal: Reporting ready
2026-01-28T09:42:29.881717723Z I0128 09:42:29.881679       1 node_controller.go:677] Pool worker[zone=us-west-1a]: node ip-10-0-22-208.us-west-1.compute.internal: changed taints
2026-01-28T09:42:32.132562043Z I0128 09:42:32.132525       1 node_controller.go:677] Pool worker[zone=us-west-1c]: node ip-10-0-101-165.us-west-1.compute.internal: changed taints
2026-01-28T09:42:32.136928298Z I0128 09:42:32.136663       1 node_controller.go:677] Pool worker[zone=us-west-1a]: node ip-10-0-22-208.us-west-1.compute.internal: changed taints
2026-01-28T09:42:39.792052595Z I0128 09:42:39.792010       1 drain_controller.go:192] node ip-10-0-101-165.us-west-1.compute.internal: uncordoning
2026-01-28T09:42:39.792093486Z I0128 09:42:39.792066       1 drain_controller.go:192] node ip-10-0-101-165.us-west-1.compute.internal: initiating uncordon (currently schedulable: true)
2026-01-28T09:42:39.795186833Z I0128 09:42:39.795110       1 drain_controller.go:192] node ip-10-0-101-165.us-west-1.compute.internal: uncordon succeeded (currently schedulable: true)
2026-01-28T09:42:39.810114706Z I0128 09:42:39.810068       1 drain_controller.go:192] node ip-10-0-101-165.us-west-1.compute.internal: operation successful; applying completion annotation
2026-01-28T09:42:44.236022127Z I0128 09:42:44.235963       1 drain_controller.go:192] node ip-10-0-22-208.us-west-1.compute.internal: uncordoning
2026-01-28T09:42:44.236068838Z I0128 09:42:44.236018       1 drain_controller.go:192] node ip-10-0-22-208.us-west-1.compute.internal: initiating uncordon (currently schedulable: true)
2026-01-28T09:42:44.238775297Z I0128 09:42:44.238740       1 drain_controller.go:192] node ip-10-0-22-208.us-west-1.compute.internal: uncordon succeeded (currently schedulable: true)
2026-01-28T09:42:44.255909477Z I0128 09:42:44.255856       1 drain_controller.go:192] node ip-10-0-22-208.us-west-1.compute.internal: operation successful; applying completion annotation
2026-01-28T09:42:44.834427787Z I0128 09:42:44.834282       1 node_controller.go:677] Pool worker[zone=us-west-1c]: node ip-10-0-101-165.us-west-1.compute.internal: changed annotation machineconfiguration.openshift.io/reason = 
2026-01-28T09:42:49.257944381Z I0128 09:42:49.257863       1 node_controller.go:677] Pool worker[zone=us-west-1a]: node ip-10-0-22-208.us-west-1.compute.internal: changed annotation machineconfiguration.openshift.io/reason = 
2026-01-28T09:54:17.032095132Z I0128 09:54:17.032042       1 template_controller.go:146] Re-syncing ControllerConfig due to secret pull-secret change
2026-01-28T10:02:08.805178351Z E0128 10:02:08.805133       1 render_controller.go:475] Error syncing Generated MCFG: Operation cannot be fulfilled on machineconfigpools.machineconfiguration.openshift.io "master": the object has been modified; please apply your changes to the latest version and try again
2026-01-28T10:02:08.817153107Z E0128 10:02:08.817122       1 render_controller.go:497] Error updating MachineConfigPool master: Operation cannot be fulfilled on machineconfigpools.machineconfiguration.openshift.io "master": the object has been modified; please apply your changes to the latest version and try again
2026-01-28T10:02:08.817212588Z I0128 10:02:08.817196       1 render_controller.go:408] Error syncing machineconfigpool master: Operation cannot be fulfilled on machineconfigpools.machineconfiguration.openshift.io "master": the object has been modified; please apply your changes to the latest version and try again
2026-01-28T10:14:35.203821936Z I0128 10:14:35.203757       1 hostnames.go:43] syncing hostnames: [api-int.ci-ln-vjb5l1t-76ef8.XXXXXXXXXXXXXXXXXXXXXX]
2026-01-28T10:16:09.673279546Z I0128 10:16:09.673222       1 template_controller.go:146] Re-syncing ControllerConfig due to secret pull-secret change
