2026-01-28T09:42:40.854419800Z ts=2026-01-28T09:42:40.854332628Z level=info caller=/go/src/github.com/coreos/prometheus-operator/cmd/operator/main.go:218 msg="Starting Prometheus Operator" version="(version=0.85.0, branch=HEAD, revision=2d844c16)" build_context="(go=go1.24.11 (Red Hat 1.24.11-1.el9_6) X:strictfipsruntime, platform=linux/amd64, user=root, date=20260116-20:20:31, tags=strictfipsruntime)" feature_gates="PrometheusAgentDaemonSet=false,PrometheusShardRetentionPolicy=false,PrometheusTopologySharding=false,StatusForConfigurationResources=false"
2026-01-28T09:42:40.854571703Z ts=2026-01-28T09:42:40.854543333Z level=info caller=/go/src/github.com/coreos/prometheus-operator/cmd/operator/main.go:219 msg="Operator's configuration" watch_referenced_objects_in_all_namespaces=true controller_id=openshift-monitoring/prometheus-operator enable_config_reloader_probes=false
2026-01-28T09:42:40.855520015Z ts=2026-01-28T09:42:40.855440103Z level=info caller=/go/src/github.com/coreos/prometheus-operator/internal/goruntime/cpu.go:27 msg="Leaving GOMAXPROCS=4: CPU quota undefined"
2026-01-28T09:42:40.855543955Z ts=2026-01-28T09:42:40.855510965Z level=info caller=/go/src/github.com/coreos/prometheus-operator/cmd/operator/main.go:233 msg="Namespaces filtering configuration " config="{allow_list=\"\",deny_list=\"\",prometheus_allow_list=\"openshift-monitoring\",alertmanager_allow_list=\"openshift-monitoring\",alertmanagerconfig_allow_list=\"\",thanosruler_allow_list=\"openshift-monitoring\"}"
2026-01-28T09:42:40.864329655Z ts=2026-01-28T09:42:40.864228402Z level=info caller=/go/src/github.com/coreos/prometheus-operator/cmd/operator/main.go:274 msg="connection established" kubernetes_version=1.33.6
2026-01-28T09:42:40.870652668Z ts=2026-01-28T09:42:40.870612627Z level=warn caller=/go/src/github.com/coreos/prometheus-operator/cmd/operator/main.go:81 msg="resource \"scrapeconfigs\" (group: \"monitoring.coreos.com/v1alpha1\") not installed in the cluster"
2026-01-28T09:42:40.870652668Z ts=2026-01-28T09:42:40.870636028Z level=info caller=/go/src/github.com/coreos/prometheus-operator/cmd/operator/main.go:359 msg="Kubernetes API capabilities" endpointslices=true
2026-01-28T09:42:40.884989133Z ts=2026-01-28T09:42:40.884929392Z level=warn caller=/go/src/github.com/coreos/prometheus-operator/cmd/operator/main.go:81 msg="resource \"prometheusagents\" (group: \"monitoring.coreos.com/v1alpha1\") not installed in the cluster"
2026-01-28T09:42:40.912417495Z ts=2026-01-28T09:42:40.912301642Z level=info caller=/go/src/github.com/coreos/prometheus-operator/pkg/server/server.go:293 msg="starting insecure server" address=127.0.0.1:8080
2026-01-28T09:42:40.912505967Z ts=2026-01-28T09:42:40.912349653Z level=info caller=/go/src/github.com/coreos/prometheus-operator/vendor/k8s.io/client-go/tools/cache/shared_informer.go:350 msg="Waiting for caches to sync" controller=thanos
2026-01-28T09:42:40.912596799Z ts=2026-01-28T09:42:40.912535798Z level=info caller=/go/src/github.com/coreos/prometheus-operator/pkg/kubelet/controller.go:214 msg="Starting controller" component=kubelet_endpoints kubelet_object=kube-system/kubelet
2026-01-28T09:42:40.913685964Z ts=2026-01-28T09:42:40.912890086Z level=info caller=/go/src/github.com/coreos/prometheus-operator/vendor/k8s.io/client-go/tools/cache/shared_informer.go:350 msg="Waiting for caches to sync" controller=alertmanager
2026-01-28T09:42:40.914212365Z ts=2026-01-28T09:42:40.914003861Z level=info caller=/go/src/github.com/coreos/prometheus-operator/vendor/k8s.io/client-go/tools/cache/shared_informer.go:350 msg="Waiting for caches to sync" controller=prometheus
2026-01-28T09:42:40.966718346Z ts=2026-01-28T09:42:40.966654764Z level=info caller=/go/src/github.com/coreos/prometheus-operator/vendor/k8s.io/client-go/rest/warnings.go:110 msg="Warning: v1 Endpoints is deprecated in v1.33+; use discovery.k8s.io/v1 EndpointSlice"
2026-01-28T09:42:40.971682868Z ts=2026-01-28T09:42:40.971639547Z level=info caller=/go/src/github.com/coreos/prometheus-operator/vendor/k8s.io/client-go/rest/warnings.go:110 msg="Warning: v1 Endpoints is deprecated in v1.33+; use discovery.k8s.io/v1 EndpointSlice"
2026-01-28T09:42:41.012918763Z ts=2026-01-28T09:42:41.012826991Z level=info caller=/go/src/github.com/coreos/prometheus-operator/vendor/k8s.io/client-go/tools/cache/shared_informer.go:357 msg="Caches are synced" controller=thanos
2026-01-28T09:42:41.013022016Z ts=2026-01-28T09:42:41.012993085Z level=info caller=/go/src/github.com/coreos/prometheus-operator/vendor/k8s.io/client-go/tools/cache/shared_informer.go:350 msg="Waiting for caches to sync" controller=thanos
2026-01-28T09:42:41.013022016Z ts=2026-01-28T09:42:41.013008975Z level=info caller=/go/src/github.com/coreos/prometheus-operator/vendor/k8s.io/client-go/tools/cache/shared_informer.go:357 msg="Caches are synced" controller=thanos
2026-01-28T09:42:41.013040776Z ts=2026-01-28T09:42:41.013020745Z level=info caller=/go/src/github.com/coreos/prometheus-operator/vendor/k8s.io/client-go/tools/cache/shared_informer.go:350 msg="Waiting for caches to sync" controller=thanos
2026-01-28T09:42:41.013040776Z ts=2026-01-28T09:42:41.013026236Z level=info caller=/go/src/github.com/coreos/prometheus-operator/vendor/k8s.io/client-go/tools/cache/shared_informer.go:357 msg="Caches are synced" controller=thanos
2026-01-28T09:42:41.013050846Z ts=2026-01-28T09:42:41.013037506Z level=info caller=/go/src/github.com/coreos/prometheus-operator/vendor/k8s.io/client-go/tools/cache/shared_informer.go:350 msg="Waiting for caches to sync" controller=thanos
2026-01-28T09:42:41.013063226Z ts=2026-01-28T09:42:41.013046686Z level=info caller=/go/src/github.com/coreos/prometheus-operator/vendor/k8s.io/client-go/tools/cache/shared_informer.go:357 msg="Caches are synced" controller=thanos
2026-01-28T09:42:41.013076227Z ts=2026-01-28T09:42:41.013059986Z level=info caller=/go/src/github.com/coreos/prometheus-operator/vendor/k8s.io/client-go/tools/cache/shared_informer.go:350 msg="Waiting for caches to sync" controller=thanos
2026-01-28T09:42:41.013076227Z ts=2026-01-28T09:42:41.013068287Z level=info caller=/go/src/github.com/coreos/prometheus-operator/vendor/k8s.io/client-go/tools/cache/shared_informer.go:357 msg="Caches are synced" controller=thanos
2026-01-28T09:42:41.013142608Z ts=2026-01-28T09:42:41.013077697Z level=info caller=/go/src/github.com/coreos/prometheus-operator/vendor/k8s.io/client-go/tools/cache/shared_informer.go:350 msg="Waiting for caches to sync" controller=thanos
2026-01-28T09:42:41.013142608Z ts=2026-01-28T09:42:41.013082517Z level=info caller=/go/src/github.com/coreos/prometheus-operator/vendor/k8s.io/client-go/tools/cache/shared_informer.go:357 msg="Caches are synced" controller=thanos
2026-01-28T09:42:41.013142608Z ts=2026-01-28T09:42:41.013108007Z level=info caller=/go/src/github.com/coreos/prometheus-operator/pkg/thanos/operator.go:318 msg="successfully synced all caches" component=thanos-controller
2026-01-28T09:42:41.014028658Z ts=2026-01-28T09:42:41.013994318Z level=info caller=/go/src/github.com/coreos/prometheus-operator/vendor/k8s.io/client-go/tools/cache/shared_informer.go:357 msg="Caches are synced" controller=alertmanager
2026-01-28T09:42:41.014028658Z ts=2026-01-28T09:42:41.014021628Z level=info caller=/go/src/github.com/coreos/prometheus-operator/vendor/k8s.io/client-go/tools/cache/shared_informer.go:350 msg="Waiting for caches to sync" controller=alertmanager
2026-01-28T09:42:41.014045569Z ts=2026-01-28T09:42:41.014027838Z level=info caller=/go/src/github.com/coreos/prometheus-operator/vendor/k8s.io/client-go/tools/cache/shared_informer.go:357 msg="Caches are synced" controller=alertmanager
2026-01-28T09:42:41.014045569Z ts=2026-01-28T09:42:41.014035428Z level=info caller=/go/src/github.com/coreos/prometheus-operator/vendor/k8s.io/client-go/tools/cache/shared_informer.go:350 msg="Waiting for caches to sync" controller=alertmanager
2026-01-28T09:42:41.014045569Z ts=2026-01-28T09:42:41.014040349Z level=info caller=/go/src/github.com/coreos/prometheus-operator/vendor/k8s.io/client-go/tools/cache/shared_informer.go:357 msg="Caches are synced" controller=alertmanager
2026-01-28T09:42:41.014077260Z ts=2026-01-28T09:42:41.014047129Z level=info caller=/go/src/github.com/coreos/prometheus-operator/vendor/k8s.io/client-go/tools/cache/shared_informer.go:350 msg="Waiting for caches to sync" controller=alertmanager
2026-01-28T09:42:41.014077260Z ts=2026-01-28T09:42:41.014052919Z level=info caller=/go/src/github.com/coreos/prometheus-operator/vendor/k8s.io/client-go/tools/cache/shared_informer.go:357 msg="Caches are synced" controller=alertmanager
2026-01-28T09:42:41.014077260Z ts=2026-01-28T09:42:41.014066729Z level=info caller=/go/src/github.com/coreos/prometheus-operator/vendor/k8s.io/client-go/tools/cache/shared_informer.go:350 msg="Waiting for caches to sync" controller=alertmanager
2026-01-28T09:42:41.014100740Z ts=2026-01-28T09:42:41.01407636Z level=info caller=/go/src/github.com/coreos/prometheus-operator/vendor/k8s.io/client-go/tools/cache/shared_informer.go:357 msg="Caches are synced" controller=alertmanager
2026-01-28T09:42:41.014149031Z ts=2026-01-28T09:42:41.01412537Z level=info caller=/go/src/github.com/coreos/prometheus-operator/vendor/k8s.io/client-go/tools/cache/shared_informer.go:350 msg="Waiting for caches to sync" controller=alertmanager
2026-01-28T09:42:41.014250993Z ts=2026-01-28T09:42:41.014192232Z level=info caller=/go/src/github.com/coreos/prometheus-operator/vendor/k8s.io/client-go/tools/cache/shared_informer.go:357 msg="Caches are synced" controller=alertmanager
2026-01-28T09:42:41.014250993Z ts=2026-01-28T09:42:41.014225073Z level=info caller=/go/src/github.com/coreos/prometheus-operator/vendor/k8s.io/client-go/tools/cache/shared_informer.go:350 msg="Waiting for caches to sync" controller=alertmanager
2026-01-28T09:42:41.014250993Z ts=2026-01-28T09:42:41.014235623Z level=info caller=/go/src/github.com/coreos/prometheus-operator/vendor/k8s.io/client-go/tools/cache/shared_informer.go:357 msg="Caches are synced" controller=alertmanager
2026-01-28T09:42:41.014296465Z ts=2026-01-28T09:42:41.014260874Z level=info caller=/go/src/github.com/coreos/prometheus-operator/pkg/alertmanager/operator.go:367 msg="successfully synced all caches" component=alertmanager-controller
2026-01-28T09:42:41.014352496Z ts=2026-01-28T09:42:41.014321425Z level=info caller=/go/src/github.com/coreos/prometheus-operator/vendor/k8s.io/client-go/tools/cache/shared_informer.go:357 msg="Caches are synced" controller=prometheus
2026-01-28T09:42:41.014432197Z ts=2026-01-28T09:42:41.014410167Z level=info caller=/go/src/github.com/coreos/prometheus-operator/vendor/k8s.io/client-go/tools/cache/shared_informer.go:350 msg="Waiting for caches to sync" controller=prometheus
2026-01-28T09:42:41.014492829Z ts=2026-01-28T09:42:41.014452558Z level=info caller=/go/src/github.com/coreos/prometheus-operator/vendor/k8s.io/client-go/tools/cache/shared_informer.go:357 msg="Caches are synced" controller=prometheus
2026-01-28T09:42:41.014544640Z ts=2026-01-28T09:42:41.014519579Z level=info caller=/go/src/github.com/coreos/prometheus-operator/vendor/k8s.io/client-go/tools/cache/shared_informer.go:350 msg="Waiting for caches to sync" controller=prometheus
2026-01-28T09:42:41.014600781Z ts=2026-01-28T09:42:41.014583671Z level=info caller=/go/src/github.com/coreos/prometheus-operator/vendor/k8s.io/client-go/tools/cache/shared_informer.go:357 msg="Caches are synced" controller=prometheus
2026-01-28T09:42:41.014660383Z ts=2026-01-28T09:42:41.014623862Z level=info caller=/go/src/github.com/coreos/prometheus-operator/vendor/k8s.io/client-go/tools/cache/shared_informer.go:350 msg="Waiting for caches to sync" controller=prometheus
2026-01-28T09:42:41.014699694Z ts=2026-01-28T09:42:41.014683543Z level=info caller=/go/src/github.com/coreos/prometheus-operator/vendor/k8s.io/client-go/tools/cache/shared_informer.go:357 msg="Caches are synced" controller=prometheus
2026-01-28T09:42:41.014761655Z ts=2026-01-28T09:42:41.014742164Z level=info caller=/go/src/github.com/coreos/prometheus-operator/vendor/k8s.io/client-go/tools/cache/shared_informer.go:350 msg="Waiting for caches to sync" controller=prometheus
2026-01-28T09:42:41.014798376Z ts=2026-01-28T09:42:41.014781635Z level=info caller=/go/src/github.com/coreos/prometheus-operator/vendor/k8s.io/client-go/tools/cache/shared_informer.go:357 msg="Caches are synced" controller=prometheus
2026-01-28T09:42:41.015228075Z ts=2026-01-28T09:42:41.014856867Z level=info caller=/go/src/github.com/coreos/prometheus-operator/vendor/k8s.io/client-go/tools/cache/shared_informer.go:350 msg="Waiting for caches to sync" controller=prometheus
2026-01-28T09:42:41.015228075Z ts=2026-01-28T09:42:41.014880058Z level=info caller=/go/src/github.com/coreos/prometheus-operator/vendor/k8s.io/client-go/tools/cache/shared_informer.go:357 msg="Caches are synced" controller=prometheus
2026-01-28T09:42:41.015228075Z ts=2026-01-28T09:42:41.014912218Z level=info caller=/go/src/github.com/coreos/prometheus-operator/vendor/k8s.io/client-go/tools/cache/shared_informer.go:350 msg="Waiting for caches to sync" controller=prometheus
2026-01-28T09:42:41.015228075Z ts=2026-01-28T09:42:41.014922259Z level=info caller=/go/src/github.com/coreos/prometheus-operator/vendor/k8s.io/client-go/tools/cache/shared_informer.go:357 msg="Caches are synced" controller=prometheus
2026-01-28T09:42:41.015228075Z ts=2026-01-28T09:42:41.014934999Z level=info caller=/go/src/github.com/coreos/prometheus-operator/vendor/k8s.io/client-go/tools/cache/shared_informer.go:350 msg="Waiting for caches to sync" controller=prometheus
2026-01-28T09:42:41.015228075Z ts=2026-01-28T09:42:41.014942619Z level=info caller=/go/src/github.com/coreos/prometheus-operator/vendor/k8s.io/client-go/tools/cache/shared_informer.go:357 msg="Caches are synced" controller=prometheus
2026-01-28T09:42:41.015228075Z ts=2026-01-28T09:42:41.014953699Z level=info caller=/go/src/github.com/coreos/prometheus-operator/vendor/k8s.io/client-go/tools/cache/shared_informer.go:350 msg="Waiting for caches to sync" controller=prometheus
2026-01-28T09:42:41.015228075Z ts=2026-01-28T09:42:41.014961729Z level=info caller=/go/src/github.com/coreos/prometheus-operator/vendor/k8s.io/client-go/tools/cache/shared_informer.go:357 msg="Caches are synced" controller=prometheus
2026-01-28T09:42:41.015228075Z ts=2026-01-28T09:42:41.01496973Z level=info caller=/go/src/github.com/coreos/prometheus-operator/vendor/k8s.io/client-go/tools/cache/shared_informer.go:350 msg="Waiting for caches to sync" controller=prometheus
2026-01-28T09:42:41.015228075Z ts=2026-01-28T09:42:41.01497497Z level=info caller=/go/src/github.com/coreos/prometheus-operator/vendor/k8s.io/client-go/tools/cache/shared_informer.go:357 msg="Caches are synced" controller=prometheus
2026-01-28T09:42:41.015228075Z ts=2026-01-28T09:42:41.01499805Z level=info caller=/go/src/github.com/coreos/prometheus-operator/pkg/prometheus/server/operator.go:439 msg="successfully synced all caches" component=prometheus-controller
2026-01-28T09:42:43.882153961Z ts=2026-01-28T09:42:43.881297502Z level=info caller=/go/src/github.com/coreos/prometheus-operator/pkg/alertmanager/operator.go:603 msg="sync alertmanager" component=alertmanager-controller key=openshift-monitoring/main
2026-01-28T09:42:43.958731447Z ts=2026-01-28T09:42:43.958662256Z level=info caller=/go/src/github.com/coreos/prometheus-operator/pkg/alertmanager/operator.go:722 msg="StatefulSet not found" component=alertmanager-controller key=openshift-monitoring/alertmanager-main
2026-01-28T09:42:43.970223728Z ts=2026-01-28T09:42:43.970170117Z level=info caller=/go/src/github.com/coreos/prometheus-operator/pkg/alertmanager/operator.go:603 msg="sync alertmanager" component=alertmanager-controller key=openshift-monitoring/main
2026-01-28T09:42:43.970402672Z ts=2026-01-28T09:42:43.97033688Z level=info caller=/go/src/github.com/coreos/prometheus-operator/pkg/alertmanager/operator.go:722 msg="StatefulSet not found" component=alertmanager-controller key=openshift-monitoring/alertmanager-main
2026-01-28T09:42:44.049535656Z ts=2026-01-28T09:42:44.048928602Z level=info caller=/go/src/github.com/coreos/prometheus-operator/pkg/alertmanager/operator.go:603 msg="sync alertmanager" component=alertmanager-controller key=openshift-monitoring/main
2026-01-28T09:42:44.132183730Z ts=2026-01-28T09:42:44.132127338Z level=info caller=/go/src/github.com/coreos/prometheus-operator/pkg/alertmanager/operator.go:603 msg="sync alertmanager" component=alertmanager-controller key=openshift-monitoring/main
2026-01-28T09:42:44.716738282Z ts=2026-01-28T09:42:44.716637949Z level=info caller=/go/src/github.com/coreos/prometheus-operator/pkg/alertmanager/operator.go:603 msg="sync alertmanager" component=alertmanager-controller key=openshift-monitoring/main
2026-01-28T09:42:44.834814503Z ts=2026-01-28T09:42:44.834567438Z level=info caller=/go/src/github.com/coreos/prometheus-operator/pkg/alertmanager/operator.go:603 msg="sync alertmanager" component=alertmanager-controller key=openshift-monitoring/main
2026-01-28T09:42:45.571607460Z ts=2026-01-28T09:42:45.571549049Z level=info caller=/go/src/github.com/coreos/prometheus-operator/pkg/alertmanager/operator.go:603 msg="sync alertmanager" component=alertmanager-controller key=openshift-monitoring/main
2026-01-28T09:42:45.962530043Z ts=2026-01-28T09:42:45.962462412Z level=info caller=/go/src/github.com/coreos/prometheus-operator/pkg/alertmanager/operator.go:603 msg="sync alertmanager" component=alertmanager-controller key=openshift-monitoring/main
2026-01-28T09:42:46.213033578Z ts=2026-01-28T09:42:46.212959056Z level=info caller=/go/src/github.com/coreos/prometheus-operator/pkg/alertmanager/operator.go:603 msg="sync alertmanager" component=alertmanager-controller key=openshift-monitoring/main
2026-01-28T09:42:46.306784450Z ts=2026-01-28T09:42:46.306725619Z level=info caller=/go/src/github.com/coreos/prometheus-operator/pkg/alertmanager/operator.go:603 msg="sync alertmanager" component=alertmanager-controller key=openshift-monitoring/main
2026-01-28T09:42:46.349467176Z ts=2026-01-28T09:42:46.349412375Z level=info caller=/go/src/github.com/coreos/prometheus-operator/pkg/alertmanager/operator.go:603 msg="sync alertmanager" component=alertmanager-controller key=openshift-monitoring/main
2026-01-28T09:42:47.363599461Z ts=2026-01-28T09:42:47.36353155Z level=info caller=/go/src/github.com/coreos/prometheus-operator/pkg/alertmanager/operator.go:603 msg="sync alertmanager" component=alertmanager-controller key=openshift-monitoring/main
2026-01-28T09:42:47.758985606Z ts=2026-01-28T09:42:47.758913265Z level=info caller=/go/src/github.com/coreos/prometheus-operator/pkg/alertmanager/operator.go:603 msg="sync alertmanager" component=alertmanager-controller key=openshift-monitoring/main
2026-01-28T09:42:49.148463508Z ts=2026-01-28T09:42:49.148403887Z level=info caller=/go/src/github.com/coreos/prometheus-operator/pkg/alertmanager/operator.go:603 msg="sync alertmanager" component=alertmanager-controller key=openshift-monitoring/main
2026-01-28T09:42:49.195358560Z ts=2026-01-28T09:42:49.195308299Z level=info caller=/go/src/github.com/coreos/prometheus-operator/pkg/prometheus/server/operator.go:832 msg="sync prometheus" component=prometheus-controller key=openshift-monitoring/k8s
2026-01-28T09:42:49.208588662Z ts=2026-01-28T09:42:49.208541851Z level=info caller=/go/src/github.com/coreos/prometheus-operator/pkg/alertmanager/operator.go:603 msg="sync alertmanager" component=alertmanager-controller key=openshift-monitoring/main
2026-01-28T09:42:49.342369910Z ts=2026-01-28T09:42:49.342243267Z level=info caller=/go/src/github.com/coreos/prometheus-operator/pkg/alertmanager/operator.go:603 msg="sync alertmanager" component=alertmanager-controller key=openshift-monitoring/main
2026-01-28T09:42:49.398785889Z ts=2026-01-28T09:42:49.398731887Z level=info caller=/go/src/github.com/coreos/prometheus-operator/pkg/alertmanager/operator.go:603 msg="sync alertmanager" component=alertmanager-controller key=openshift-monitoring/main
2026-01-28T09:42:49.453190172Z ts=2026-01-28T09:42:49.448527396Z level=info caller=/go/src/github.com/coreos/prometheus-operator/pkg/alertmanager/operator.go:603 msg="sync alertmanager" component=alertmanager-controller key=openshift-monitoring/main
2026-01-28T09:42:49.461790319Z ts=2026-01-28T09:42:49.461734077Z level=info caller=/go/src/github.com/coreos/prometheus-operator/pkg/prometheus/server/operator.go:832 msg="sync prometheus" component=prometheus-controller key=openshift-monitoring/k8s
2026-01-28T09:42:49.719617950Z ts=2026-01-28T09:42:49.719556149Z level=info caller=/go/src/github.com/coreos/prometheus-operator/pkg/prometheus/server/operator.go:832 msg="sync prometheus" component=prometheus-controller key=openshift-monitoring/k8s
2026-01-28T09:43:00.023809910Z ts=2026-01-28T09:43:00.023754689Z level=info caller=/go/src/github.com/coreos/prometheus-operator/pkg/prometheus/server/operator.go:832 msg="sync prometheus" component=prometheus-controller key=openshift-monitoring/k8s
2026-01-28T09:43:00.192026654Z ts=2026-01-28T09:43:00.191974763Z level=info caller=/go/src/github.com/coreos/prometheus-operator/pkg/alertmanager/operator.go:603 msg="sync alertmanager" component=alertmanager-controller key=openshift-monitoring/main
2026-01-28T09:43:00.225479199Z ts=2026-01-28T09:43:00.225438938Z level=info caller=/go/src/github.com/coreos/prometheus-operator/pkg/prometheus/server/operator.go:832 msg="sync prometheus" component=prometheus-controller key=openshift-monitoring/k8s
2026-01-28T09:43:00.368467106Z ts=2026-01-28T09:43:00.368379254Z level=info caller=/go/src/github.com/coreos/prometheus-operator/pkg/alertmanager/operator.go:603 msg="sync alertmanager" component=alertmanager-controller key=openshift-monitoring/main
2026-01-28T09:43:00.443262446Z ts=2026-01-28T09:43:00.443212554Z level=info caller=/go/src/github.com/coreos/prometheus-operator/pkg/alertmanager/operator.go:603 msg="sync alertmanager" component=alertmanager-controller key=openshift-monitoring/main
2026-01-28T09:43:00.493768960Z ts=2026-01-28T09:43:00.493704208Z level=info caller=/go/src/github.com/coreos/prometheus-operator/pkg/prometheus/server/operator.go:832 msg="sync prometheus" component=prometheus-controller key=openshift-monitoring/k8s
2026-01-28T09:43:16.397913807Z ts=2026-01-28T09:43:16.397842425Z level=info caller=/go/src/github.com/coreos/prometheus-operator/pkg/prometheus/server/operator.go:832 msg="sync prometheus" component=prometheus-controller key=openshift-monitoring/k8s
2026-01-28T09:43:16.620376461Z ts=2026-01-28T09:43:16.62031834Z level=info caller=/go/src/github.com/coreos/prometheus-operator/pkg/alertmanager/operator.go:603 msg="sync alertmanager" component=alertmanager-controller key=openshift-monitoring/main
2026-01-28T09:43:16.653309683Z ts=2026-01-28T09:43:16.653269693Z level=info caller=/go/src/github.com/coreos/prometheus-operator/pkg/prometheus/server/operator.go:832 msg="sync prometheus" component=prometheus-controller key=openshift-monitoring/k8s
2026-01-28T09:43:23.901269107Z ts=2026-01-28T09:43:23.901214236Z level=info caller=/go/src/github.com/coreos/prometheus-operator/pkg/prometheus/server/operator.go:832 msg="sync prometheus" component=prometheus-controller key=openshift-monitoring/k8s
2026-01-28T09:43:24.107560924Z ts=2026-01-28T09:43:24.107407001Z level=info caller=/go/src/github.com/coreos/prometheus-operator/pkg/alertmanager/operator.go:603 msg="sync alertmanager" component=alertmanager-controller key=openshift-monitoring/main
2026-01-28T09:43:24.271556236Z ts=2026-01-28T09:43:24.271503685Z level=info caller=/go/src/github.com/coreos/prometheus-operator/pkg/alertmanager/operator.go:603 msg="sync alertmanager" component=alertmanager-controller key=openshift-monitoring/main
2026-01-28T09:43:24.310368182Z ts=2026-01-28T09:43:24.310311901Z level=info caller=/go/src/github.com/coreos/prometheus-operator/pkg/prometheus/server/operator.go:832 msg="sync prometheus" component=prometheus-controller key=openshift-monitoring/k8s
2026-01-28T09:43:24.316943410Z ts=2026-01-28T09:43:24.316878229Z level=info caller=/go/src/github.com/coreos/prometheus-operator/pkg/alertmanager/operator.go:603 msg="sync alertmanager" component=alertmanager-controller key=openshift-monitoring/main
2026-01-28T09:44:13.841906533Z ts=2026-01-28T09:44:13.841831441Z level=info caller=/go/src/github.com/coreos/prometheus-operator/pkg/alertmanager/operator.go:603 msg="sync alertmanager" component=alertmanager-controller key=openshift-monitoring/main
2026-01-28T09:44:14.078323909Z ts=2026-01-28T09:44:14.078275188Z level=info caller=/go/src/github.com/coreos/prometheus-operator/pkg/alertmanager/operator.go:603 msg="sync alertmanager" component=alertmanager-controller key=openshift-monitoring/main
2026-01-28T09:44:14.181313575Z ts=2026-01-28T09:44:14.181259064Z level=info caller=/go/src/github.com/coreos/prometheus-operator/pkg/alertmanager/operator.go:603 msg="sync alertmanager" component=alertmanager-controller key=openshift-monitoring/main
2026-01-28T09:44:17.959597615Z ts=2026-01-28T09:44:17.959549534Z level=info caller=/go/src/github.com/coreos/prometheus-operator/pkg/prometheus/server/operator.go:832 msg="sync prometheus" component=prometheus-controller key=openshift-monitoring/k8s
2026-01-28T09:44:18.180314749Z ts=2026-01-28T09:44:18.180233727Z level=info caller=/go/src/github.com/coreos/prometheus-operator/pkg/prometheus/server/operator.go:832 msg="sync prometheus" component=prometheus-controller key=openshift-monitoring/k8s
2026-01-28T09:44:18.430553505Z ts=2026-01-28T09:44:18.430503004Z level=info caller=/go/src/github.com/coreos/prometheus-operator/pkg/prometheus/server/operator.go:832 msg="sync prometheus" component=prometheus-controller key=openshift-monitoring/k8s
2026-01-28T09:45:40.929264317Z ts=2026-01-28T09:45:40.929205446Z level=info caller=/go/src/github.com/coreos/prometheus-operator/vendor/k8s.io/client-go/rest/warnings.go:110 msg="Warning: v1 Endpoints is deprecated in v1.33+; use discovery.k8s.io/v1 EndpointSlice"
2026-01-28T09:45:40.933118752Z ts=2026-01-28T09:45:40.933057391Z level=info caller=/go/src/github.com/coreos/prometheus-operator/vendor/k8s.io/client-go/rest/warnings.go:110 msg="Warning: v1 Endpoints is deprecated in v1.33+; use discovery.k8s.io/v1 EndpointSlice"
2026-01-28T09:47:16.023079364Z ts=2026-01-28T09:47:16.022945861Z level=info caller=/go/src/github.com/coreos/prometheus-operator/pkg/prometheus/server/operator.go:832 msg="sync prometheus" component=prometheus-controller key=openshift-monitoring/k8s
2026-01-28T09:47:16.158560029Z ts=2026-01-28T09:47:16.158488338Z level=info caller=/go/src/github.com/coreos/prometheus-operator/pkg/alertmanager/operator.go:603 msg="sync alertmanager" component=alertmanager-controller key=openshift-monitoring/main
2026-01-28T09:47:16.217863293Z ts=2026-01-28T09:47:16.217805522Z level=info caller=/go/src/github.com/coreos/prometheus-operator/pkg/alertmanager/operator.go:603 msg="sync alertmanager" component=alertmanager-controller key=openshift-monitoring/main
2026-01-28T09:47:16.284323957Z ts=2026-01-28T09:47:16.284268706Z level=info caller=/go/src/github.com/coreos/prometheus-operator/pkg/prometheus/server/operator.go:832 msg="sync prometheus" component=prometheus-controller key=openshift-monitoring/k8s
2026-01-28T09:48:40.936731835Z ts=2026-01-28T09:48:40.936648513Z level=info caller=/go/src/github.com/coreos/prometheus-operator/vendor/k8s.io/client-go/rest/warnings.go:110 msg="Warning: v1 Endpoints is deprecated in v1.33+; use discovery.k8s.io/v1 EndpointSlice"
2026-01-28T09:48:40.941940894Z ts=2026-01-28T09:48:40.941903053Z level=info caller=/go/src/github.com/coreos/prometheus-operator/vendor/k8s.io/client-go/rest/warnings.go:110 msg="Warning: v1 Endpoints is deprecated in v1.33+; use discovery.k8s.io/v1 EndpointSlice"
2026-01-28T09:51:40.933155614Z ts=2026-01-28T09:51:40.933063922Z level=info caller=/go/src/github.com/coreos/prometheus-operator/vendor/k8s.io/client-go/rest/warnings.go:110 msg="Warning: v1 Endpoints is deprecated in v1.33+; use discovery.k8s.io/v1 EndpointSlice"
2026-01-28T09:51:40.937294635Z ts=2026-01-28T09:51:40.937254505Z level=info caller=/go/src/github.com/coreos/prometheus-operator/vendor/k8s.io/client-go/rest/warnings.go:110 msg="Warning: v1 Endpoints is deprecated in v1.33+; use discovery.k8s.io/v1 EndpointSlice"
2026-01-28T09:54:40.931282214Z ts=2026-01-28T09:54:40.931215733Z level=info caller=/go/src/github.com/coreos/prometheus-operator/vendor/k8s.io/client-go/rest/warnings.go:110 msg="Warning: v1 Endpoints is deprecated in v1.33+; use discovery.k8s.io/v1 EndpointSlice"
2026-01-28T09:54:40.934049876Z ts=2026-01-28T09:54:40.934015515Z level=info caller=/go/src/github.com/coreos/prometheus-operator/vendor/k8s.io/client-go/rest/warnings.go:110 msg="Warning: v1 Endpoints is deprecated in v1.33+; use discovery.k8s.io/v1 EndpointSlice"
2026-01-28T09:57:40.928777961Z ts=2026-01-28T09:57:40.928718839Z level=info caller=/go/src/github.com/coreos/prometheus-operator/vendor/k8s.io/client-go/rest/warnings.go:110 msg="Warning: v1 Endpoints is deprecated in v1.33+; use discovery.k8s.io/v1 EndpointSlice"
2026-01-28T09:57:40.932496506Z ts=2026-01-28T09:57:40.932457935Z level=info caller=/go/src/github.com/coreos/prometheus-operator/vendor/k8s.io/client-go/rest/warnings.go:110 msg="Warning: v1 Endpoints is deprecated in v1.33+; use discovery.k8s.io/v1 EndpointSlice"
2026-01-28T10:00:40.925627116Z ts=2026-01-28T10:00:40.925557574Z level=info caller=/go/src/github.com/coreos/prometheus-operator/vendor/k8s.io/client-go/rest/warnings.go:110 msg="Warning: v1 Endpoints is deprecated in v1.33+; use discovery.k8s.io/v1 EndpointSlice"
2026-01-28T10:00:40.928491153Z ts=2026-01-28T10:00:40.928446902Z level=info caller=/go/src/github.com/coreos/prometheus-operator/vendor/k8s.io/client-go/rest/warnings.go:110 msg="Warning: v1 Endpoints is deprecated in v1.33+; use discovery.k8s.io/v1 EndpointSlice"
2026-01-28T10:03:40.923268574Z ts=2026-01-28T10:03:40.923205612Z level=info caller=/go/src/github.com/coreos/prometheus-operator/vendor/k8s.io/client-go/rest/warnings.go:110 msg="Warning: v1 Endpoints is deprecated in v1.33+; use discovery.k8s.io/v1 EndpointSlice"
2026-01-28T10:03:40.927407492Z ts=2026-01-28T10:03:40.927353861Z level=info caller=/go/src/github.com/coreos/prometheus-operator/vendor/k8s.io/client-go/rest/warnings.go:110 msg="Warning: v1 Endpoints is deprecated in v1.33+; use discovery.k8s.io/v1 EndpointSlice"
2026-01-28T10:06:40.928584984Z ts=2026-01-28T10:06:40.928520253Z level=info caller=/go/src/github.com/coreos/prometheus-operator/vendor/k8s.io/client-go/rest/warnings.go:110 msg="Warning: v1 Endpoints is deprecated in v1.33+; use discovery.k8s.io/v1 EndpointSlice"
2026-01-28T10:06:40.931078131Z ts=2026-01-28T10:06:40.93103325Z level=info caller=/go/src/github.com/coreos/prometheus-operator/vendor/k8s.io/client-go/rest/warnings.go:110 msg="Warning: v1 Endpoints is deprecated in v1.33+; use discovery.k8s.io/v1 EndpointSlice"
2026-01-28T10:09:40.928703033Z ts=2026-01-28T10:09:40.928648772Z level=info caller=/go/src/github.com/coreos/prometheus-operator/vendor/k8s.io/client-go/rest/warnings.go:110 msg="Warning: v1 Endpoints is deprecated in v1.33+; use discovery.k8s.io/v1 EndpointSlice"
2026-01-28T10:09:40.932513022Z ts=2026-01-28T10:09:40.932466601Z level=info caller=/go/src/github.com/coreos/prometheus-operator/vendor/k8s.io/client-go/rest/warnings.go:110 msg="Warning: v1 Endpoints is deprecated in v1.33+; use discovery.k8s.io/v1 EndpointSlice"
2026-01-28T10:12:40.928866218Z ts=2026-01-28T10:12:40.928775926Z level=info caller=/go/src/github.com/coreos/prometheus-operator/vendor/k8s.io/client-go/rest/warnings.go:110 msg="Warning: v1 Endpoints is deprecated in v1.33+; use discovery.k8s.io/v1 EndpointSlice"
2026-01-28T10:12:40.931168071Z ts=2026-01-28T10:12:40.931121459Z level=info caller=/go/src/github.com/coreos/prometheus-operator/vendor/k8s.io/client-go/rest/warnings.go:110 msg="Warning: v1 Endpoints is deprecated in v1.33+; use discovery.k8s.io/v1 EndpointSlice"
2026-01-28T10:15:40.970769847Z ts=2026-01-28T10:15:40.970709606Z level=info caller=/go/src/github.com/coreos/prometheus-operator/vendor/k8s.io/client-go/rest/warnings.go:110 msg="Warning: v1 Endpoints is deprecated in v1.33+; use discovery.k8s.io/v1 EndpointSlice"
2026-01-28T10:15:40.976827864Z ts=2026-01-28T10:15:40.976778853Z level=info caller=/go/src/github.com/coreos/prometheus-operator/vendor/k8s.io/client-go/rest/warnings.go:110 msg="Warning: v1 Endpoints is deprecated in v1.33+; use discovery.k8s.io/v1 EndpointSlice"
2026-01-28T10:18:40.924775019Z ts=2026-01-28T10:18:40.924698257Z level=info caller=/go/src/github.com/coreos/prometheus-operator/vendor/k8s.io/client-go/rest/warnings.go:110 msg="Warning: v1 Endpoints is deprecated in v1.33+; use discovery.k8s.io/v1 EndpointSlice"
2026-01-28T10:18:40.928465671Z ts=2026-01-28T10:18:40.92842684Z level=info caller=/go/src/github.com/coreos/prometheus-operator/vendor/k8s.io/client-go/rest/warnings.go:110 msg="Warning: v1 Endpoints is deprecated in v1.33+; use discovery.k8s.io/v1 EndpointSlice"
2026-01-28T10:21:40.928326497Z ts=2026-01-28T10:21:40.928254435Z level=info caller=/go/src/github.com/coreos/prometheus-operator/vendor/k8s.io/client-go/rest/warnings.go:110 msg="Warning: v1 Endpoints is deprecated in v1.33+; use discovery.k8s.io/v1 EndpointSlice"
2026-01-28T10:21:40.930945795Z ts=2026-01-28T10:21:40.930911484Z level=info caller=/go/src/github.com/coreos/prometheus-operator/vendor/k8s.io/client-go/rest/warnings.go:110 msg="Warning: v1 Endpoints is deprecated in v1.33+; use discovery.k8s.io/v1 EndpointSlice"
2026-01-28T10:24:40.934024579Z ts=2026-01-28T10:24:40.933950898Z level=info caller=/go/src/github.com/coreos/prometheus-operator/vendor/k8s.io/client-go/rest/warnings.go:110 msg="Warning: v1 Endpoints is deprecated in v1.33+; use discovery.k8s.io/v1 EndpointSlice"
2026-01-28T10:24:40.939876669Z ts=2026-01-28T10:24:40.939836428Z level=info caller=/go/src/github.com/coreos/prometheus-operator/vendor/k8s.io/client-go/rest/warnings.go:110 msg="Warning: v1 Endpoints is deprecated in v1.33+; use discovery.k8s.io/v1 EndpointSlice"
