2026-01-28T09:33:00.185859706Z I0128 09:33:00.184421       1 feature_gate.go:385] feature gates: {map[]}
2026-01-28T09:33:00.185859706Z I0128 09:33:00.184533       1 main.go:134] "Version" version="774fa1b07c7b967af8ddd2c75af518fe5015d9f1"
2026-01-28T09:33:00.185859706Z I0128 09:33:00.184856       1 envvar.go:172] "Feature gate default state" feature="InOrderInformers" enabled=true
2026-01-28T09:33:00.185859706Z I0128 09:33:00.184870       1 envvar.go:172] "Feature gate default state" feature="WatchListClient" enabled=false
2026-01-28T09:33:00.185859706Z I0128 09:33:00.184876       1 envvar.go:172] "Feature gate default state" feature="ClientsAllowCBOR" enabled=false
2026-01-28T09:33:00.185859706Z I0128 09:33:00.184881       1 envvar.go:172] "Feature gate default state" feature="ClientsPreferCBOR" enabled=false
2026-01-28T09:33:00.185859706Z I0128 09:33:00.184886       1 envvar.go:172] "Feature gate default state" feature="InformerResourceVersion" enabled=false
2026-01-28T09:33:00.190822050Z I0128 09:33:00.190441       1 main.go:218] CSI driver name: "ebs.csi.aws.com"
2026-01-28T09:33:00.190822050Z I0128 09:33:00.190485       1 common.go:143] "Probing CSI driver for readiness"
2026-01-28T09:33:00.190822050Z I0128 09:33:00.190540       1 main.go:230] ServeMux listening at "localhost:8205"
2026-01-28T09:33:00.192320877Z I0128 09:33:00.192265       1 main.go:262] Start NewCSISnapshotSideCarController with snapshotter [ebs.csi.aws.com] kubeconfig [] csiTimeout [1m0s] csiAddress [/var/lib/csi/sockets/pluginproxy/csi.sock] resyncPeriod [15m0s] snapshotNamePrefix [snapshot] snapshotNameUUIDLength [824636262888]
2026-01-28T09:33:00.192796341Z I0128 09:33:00.192773       1 leaderelection.go:257] attempting to acquire leader lease openshift-cluster-csi-drivers/external-snapshotter-leader-ebs-csi-aws-com...
2026-01-28T09:35:38.658671556Z I0128 09:35:38.658628       1 leaderelection.go:271] successfully acquired lease openshift-cluster-csi-drivers/external-snapshotter-leader-ebs-csi-aws-com
2026-01-28T09:35:38.658836194Z I0128 09:35:38.658789       1 leader_election.go:194] "became leader, starting"
2026-01-28T09:35:38.658905948Z I0128 09:35:38.658871       1 snapshot_controller_base.go:173] Starting CSI snapshotter
2026-01-28T09:35:38.660225034Z I0128 09:35:38.660200       1 reflector.go:430] "Caches populated" type="*v1.VolumeSnapshotClass" reflector="github.com/kubernetes-csi/external-snapshotter/client/v8/informers/externalversions/factory.go:142"
2026-01-28T09:35:38.660566601Z I0128 09:35:38.660544       1 reflector.go:430] "Caches populated" type="*v1.VolumeSnapshotContent" reflector="github.com/kubernetes-csi/external-snapshotter/client/v8/informers/externalversions/factory.go:142"
2026-01-28T09:41:05.409666503Z I0128 09:41:05.409604       1 reflector.go:430] "Caches populated" type="*v1.VolumeSnapshotClass" reflector="github.com/kubernetes-csi/external-snapshotter/client/v8/informers/externalversions/factory.go:142"
2026-01-28T09:41:06.111354238Z I0128 09:41:06.111292       1 reflector.go:430] "Caches populated" type="*v1.VolumeSnapshotContent" reflector="github.com/kubernetes-csi/external-snapshotter/client/v8/informers/externalversions/factory.go:142"
2026-01-28T09:50:29.237472098Z I0128 09:50:29.237420       1 reflector.go:430] "Caches populated" type="*v1.VolumeSnapshotClass" reflector="github.com/kubernetes-csi/external-snapshotter/client/v8/informers/externalversions/factory.go:142"
2026-01-28T09:50:29.400495014Z I0128 09:50:29.400447       1 reflector.go:430] "Caches populated" type="*v1.VolumeSnapshotContent" reflector="github.com/kubernetes-csi/external-snapshotter/client/v8/informers/externalversions/factory.go:142"
