2026-01-28T09:43:34.183058866Z I0128 09:43:34.182879       1 cmd.go:95] &{<nil> true {false} installer true map[cert-configmaps:0xc000710640 cert-dir:0xc000710a00 cert-secrets:0xc0007103c0 configmaps:0xc00065f360 namespace:0xc00065f180 optional-cert-configmaps:0xc0007108c0 optional-configmaps:0xc00065fc20 optional-secrets:0xc00065fb80 pod:0xc00065f220 pod-manifest-dir:0xc00065fe00 resource-dir:0xc00065fcc0 revision:0xc00065f0e0 secrets:0xc00065f2c0 v:0xc000758460] [0xc000758460 0xc00065f0e0 0xc00065f180 0xc00065f220 0xc00065fcc0 0xc00065fe00 0xc00065f360 0xc00065fc20 0xc00065f2c0 0xc00065fb80 0xc000710a00 0xc000710640 0xc0007108c0 0xc0007103c0] [] map[cert-configmaps:0xc000710640 cert-dir:0xc000710a00 cert-secrets:0xc0007103c0 configmaps:0xc00065f360 help:0xc000758a00 kubeconfig:0xc00065f040 log-flush-frequency:0xc000758320 namespace:0xc00065f180 optional-cert-configmaps:0xc0007108c0 optional-cert-secrets:0xc0007106e0 optional-configmaps:0xc00065fc20 optional-secrets:0xc00065fb80 pod:0xc00065f220 pod-manifest-dir:0xc00065fe00 pod-manifests-lock-file:0xc000710320 resource-dir:0xc00065fcc0 revision:0xc00065f0e0 secrets:0xc00065f2c0 timeout-duration:0xc000710000 v:0xc000758460 vmodule:0xc000758500] [0xc00065f040 0xc00065f0e0 0xc00065f180 0xc00065f220 0xc00065f2c0 0xc00065f360 0xc00065fb80 0xc00065fc20 0xc00065fcc0 0xc00065fe00 0xc000710000 0xc000710320 0xc0007103c0 0xc000710640 0xc0007106e0 0xc0007108c0 0xc000710a00 0xc000758320 0xc000758460 0xc000758500 0xc000758a00] [0xc000710640 0xc000710a00 0xc0007103c0 0xc00065f360 0xc000758a00 0xc00065f040 0xc000758320 0xc00065f180 0xc0007108c0 0xc0007106e0 0xc00065fc20 0xc00065fb80 0xc00065f220 0xc00065fe00 0xc000710320 0xc00065fcc0 0xc00065f0e0 0xc00065f2c0 0xc000710000 0xc000758460 0xc000758500] map[104:0xc000758a00 118:0xc000758460] [] -1 0 0xc0003ff080 true 0x77f6c0 []}
2026-01-28T09:43:34.183197829Z I0128 09:43:34.183059       1 cmd.go:96] (*installerpod.InstallOptions)(0xc00071b6c0)({
2026-01-28T09:43:34.183197829Z  KubeConfig: (string) "",
2026-01-28T09:43:34.183197829Z  KubeClient: (kubernetes.Interface) <nil>,
2026-01-28T09:43:34.183197829Z  Revision: (string) (len=1) "6",
2026-01-28T09:43:34.183197829Z  NodeName: (string) "",
2026-01-28T09:43:34.183197829Z  Namespace: (string) (len=33) "openshift-kube-controller-manager",
2026-01-28T09:43:34.183197829Z  Clock: (clock.RealClock) {
2026-01-28T09:43:34.183197829Z  },
2026-01-28T09:43:34.183197829Z  PodConfigMapNamePrefix: (string) (len=27) "kube-controller-manager-pod",
2026-01-28T09:43:34.183197829Z  SecretNamePrefixes: ([]string) (len=2 cap=2) {
2026-01-28T09:43:34.183197829Z   (string) (len=27) "service-account-private-key",
2026-01-28T09:43:34.183197829Z   (string) (len=31) "localhost-recovery-client-token"
2026-01-28T09:43:34.183197829Z  },
2026-01-28T09:43:34.183197829Z  OptionalSecretNamePrefixes: ([]string) (len=1 cap=1) {
2026-01-28T09:43:34.183197829Z   (string) (len=12) "serving-cert"
2026-01-28T09:43:34.183197829Z  },
2026-01-28T09:43:34.183197829Z  ConfigMapNamePrefixes: ([]string) (len=8 cap=8) {
2026-01-28T09:43:34.183197829Z   (string) (len=27) "kube-controller-manager-pod",
2026-01-28T09:43:34.183197829Z   (string) (len=6) "config",
2026-01-28T09:43:34.183197829Z   (string) (len=32) "cluster-policy-controller-config",
2026-01-28T09:43:34.183197829Z   (string) (len=29) "controller-manager-kubeconfig",
2026-01-28T09:43:34.183197829Z   (string) (len=38) "kube-controller-cert-syncer-kubeconfig",
2026-01-28T09:43:34.183197829Z   (string) (len=17) "serviceaccount-ca",
2026-01-28T09:43:34.183197829Z   (string) (len=10) "service-ca",
2026-01-28T09:43:34.183197829Z   (string) (len=15) "recycler-config"
2026-01-28T09:43:34.183197829Z  },
2026-01-28T09:43:34.183197829Z  OptionalConfigMapNamePrefixes: ([]string) (len=1 cap=1) {
2026-01-28T09:43:34.183197829Z   (string) (len=12) "cloud-config"
2026-01-28T09:43:34.183197829Z  },
2026-01-28T09:43:34.183197829Z  CertSecretNames: ([]string) (len=2 cap=2) {
2026-01-28T09:43:34.183197829Z   (string) (len=39) "kube-controller-manager-client-cert-key",
2026-01-28T09:43:34.183197829Z   (string) (len=10) "csr-signer"
2026-01-28T09:43:34.183197829Z  },
2026-01-28T09:43:34.183197829Z  OptionalCertSecretNamePrefixes: ([]string) <nil>,
2026-01-28T09:43:34.183197829Z  CertConfigMapNamePrefixes: ([]string) (len=2 cap=2) {
2026-01-28T09:43:34.183197829Z   (string) (len=20) "aggregator-client-ca",
2026-01-28T09:43:34.183197829Z   (string) (len=9) "client-ca"
2026-01-28T09:43:34.183197829Z  },
2026-01-28T09:43:34.183197829Z  OptionalCertConfigMapNamePrefixes: ([]string) (len=1 cap=1) {
2026-01-28T09:43:34.183197829Z   (string) (len=17) "trusted-ca-bundle"
2026-01-28T09:43:34.183197829Z  },
2026-01-28T09:43:34.183197829Z  CertDir: (string) (len=66) "/etc/kubernetes/static-pod-resources/kube-controller-manager-certs",
2026-01-28T09:43:34.183197829Z  ResourceDir: (string) (len=36) "/etc/kubernetes/static-pod-resources",
2026-01-28T09:43:34.183197829Z  PodManifestDir: (string) (len=25) "/etc/kubernetes/manifests",
2026-01-28T09:43:34.183197829Z  Timeout: (time.Duration) 2m0s,
2026-01-28T09:43:34.183197829Z  StaticPodManifestsLockFile: (string) "",
2026-01-28T09:43:34.183197829Z  PodMutationFns: ([]installerpod.PodMutationFunc) <nil>,
2026-01-28T09:43:34.183197829Z  KubeletVersion: (string) ""
2026-01-28T09:43:34.183197829Z })
2026-01-28T09:43:34.183386953Z I0128 09:43:34.183361       1 envvar.go:172] "Feature gate default state" feature="InOrderInformers" enabled=true
2026-01-28T09:43:34.183386953Z I0128 09:43:34.183376       1 envvar.go:172] "Feature gate default state" feature="WatchListClient" enabled=false
2026-01-28T09:43:34.183386953Z I0128 09:43:34.183380       1 envvar.go:172] "Feature gate default state" feature="ClientsAllowCBOR" enabled=false
2026-01-28T09:43:34.183386953Z I0128 09:43:34.183384       1 envvar.go:172] "Feature gate default state" feature="ClientsPreferCBOR" enabled=false
2026-01-28T09:43:34.183399383Z I0128 09:43:34.183388       1 envvar.go:172] "Feature gate default state" feature="InformerResourceVersion" enabled=false
2026-01-28T09:43:34.183781482Z I0128 09:43:34.183754       1 cmd.go:413] Getting controller reference for node ip-10-0-3-203.us-west-1.compute.internal
2026-01-28T09:43:34.194348899Z I0128 09:43:34.194318       1 cmd.go:426] Waiting for installer revisions to settle for node ip-10-0-3-203.us-west-1.compute.internal
2026-01-28T09:43:34.202322661Z I0128 09:43:34.202283       1 cmd.go:518] Waiting additional period after revisions have settled for node ip-10-0-3-203.us-west-1.compute.internal
2026-01-28T09:44:04.202646280Z I0128 09:44:04.202595       1 cmd.go:524] Getting installer pods for node ip-10-0-3-203.us-west-1.compute.internal
2026-01-28T09:44:04.209856424Z I0128 09:44:04.209829       1 cmd.go:542] Latest installer revision for node ip-10-0-3-203.us-west-1.compute.internal is: 6
2026-01-28T09:44:04.209856424Z I0128 09:44:04.209844       1 cmd.go:431] Querying kubelet version for node ip-10-0-3-203.us-west-1.compute.internal
2026-01-28T09:44:04.212396949Z I0128 09:44:04.212370       1 cmd.go:444] Got kubelet version 1.33.6 on target node ip-10-0-3-203.us-west-1.compute.internal
2026-01-28T09:44:04.212423229Z I0128 09:44:04.212394       1 cmd.go:293] Creating target resource directory "/etc/kubernetes/static-pod-resources/kube-controller-manager-pod-6" ...
2026-01-28T09:44:04.212526752Z I0128 09:44:04.212507       1 cmd.go:221] Creating target resource directory "/etc/kubernetes/static-pod-resources/kube-controller-manager-pod-6" ...
2026-01-28T09:44:04.212526752Z I0128 09:44:04.212523       1 cmd.go:229] Getting secrets ...
2026-01-28T09:44:04.214774060Z I0128 09:44:04.214750       1 copy.go:32] Got secret openshift-kube-controller-manager/localhost-recovery-client-token-6
2026-01-28T09:44:04.217489758Z I0128 09:44:04.217466       1 copy.go:32] Got secret openshift-kube-controller-manager/service-account-private-key-6
2026-01-28T09:44:04.219764227Z I0128 09:44:04.219716       1 copy.go:32] Got secret openshift-kube-controller-manager/serving-cert-6
2026-01-28T09:44:04.219764227Z I0128 09:44:04.219748       1 cmd.go:242] Getting config maps ...
2026-01-28T09:44:04.223412325Z I0128 09:44:04.223393       1 copy.go:60] Got configMap openshift-kube-controller-manager/cluster-policy-controller-config-6
2026-01-28T09:44:04.225680254Z I0128 09:44:04.225653       1 copy.go:60] Got configMap openshift-kube-controller-manager/config-6
2026-01-28T09:44:04.228245878Z I0128 09:44:04.228221       1 copy.go:60] Got configMap openshift-kube-controller-manager/controller-manager-kubeconfig-6
2026-01-28T09:44:04.230483506Z I0128 09:44:04.230439       1 copy.go:60] Got configMap openshift-kube-controller-manager/kube-controller-cert-syncer-kubeconfig-6
2026-01-28T09:44:04.234445502Z I0128 09:44:04.234420       1 copy.go:60] Got configMap openshift-kube-controller-manager/kube-controller-manager-pod-6
2026-01-28T09:44:04.406504482Z I0128 09:44:04.406446       1 copy.go:60] Got configMap openshift-kube-controller-manager/recycler-config-6
2026-01-28T09:44:04.606615583Z I0128 09:44:04.606560       1 copy.go:60] Got configMap openshift-kube-controller-manager/service-ca-6
2026-01-28T09:44:04.806024980Z I0128 09:44:04.805961       1 copy.go:60] Got configMap openshift-kube-controller-manager/serviceaccount-ca-6
2026-01-28T09:44:05.006000479Z I0128 09:44:05.005947       1 copy.go:52] Failed to get config map openshift-kube-controller-manager/cloud-config-6: configmaps "cloud-config-6" not found
2026-01-28T09:44:05.006070920Z I0128 09:44:05.006051       1 cmd.go:261] Creating directory "/etc/kubernetes/static-pod-resources/kube-controller-manager-pod-6/secrets/localhost-recovery-client-token" ...
2026-01-28T09:44:05.006274255Z I0128 09:44:05.006248       1 cmd.go:639] Writing secret manifest "/etc/kubernetes/static-pod-resources/kube-controller-manager-pod-6/secrets/localhost-recovery-client-token/namespace" ...
2026-01-28T09:44:05.006405848Z I0128 09:44:05.006380       1 cmd.go:639] Writing secret manifest "/etc/kubernetes/static-pod-resources/kube-controller-manager-pod-6/secrets/localhost-recovery-client-token/service-ca.crt" ...
2026-01-28T09:44:05.006551031Z I0128 09:44:05.006507       1 cmd.go:639] Writing secret manifest "/etc/kubernetes/static-pod-resources/kube-controller-manager-pod-6/secrets/localhost-recovery-client-token/token" ...
2026-01-28T09:44:05.006642453Z I0128 09:44:05.006614       1 cmd.go:639] Writing secret manifest "/etc/kubernetes/static-pod-resources/kube-controller-manager-pod-6/secrets/localhost-recovery-client-token/ca.crt" ...
2026-01-28T09:44:05.006745915Z I0128 09:44:05.006729       1 cmd.go:261] Creating directory "/etc/kubernetes/static-pod-resources/kube-controller-manager-pod-6/secrets/service-account-private-key" ...
2026-01-28T09:44:05.006818916Z I0128 09:44:05.006801       1 cmd.go:639] Writing secret manifest "/etc/kubernetes/static-pod-resources/kube-controller-manager-pod-6/secrets/service-account-private-key/service-account.key" ...
2026-01-28T09:44:05.007016771Z I0128 09:44:05.006981       1 cmd.go:261] Creating directory "/etc/kubernetes/static-pod-resources/kube-controller-manager-pod-6/secrets/serving-cert" ...
2026-01-28T09:44:05.007055572Z I0128 09:44:05.007041       1 cmd.go:639] Writing secret manifest "/etc/kubernetes/static-pod-resources/kube-controller-manager-pod-6/secrets/serving-cert/tls.crt" ...
2026-01-28T09:44:05.007172144Z I0128 09:44:05.007145       1 cmd.go:639] Writing secret manifest "/etc/kubernetes/static-pod-resources/kube-controller-manager-pod-6/secrets/serving-cert/tls.key" ...
2026-01-28T09:44:05.007281637Z I0128 09:44:05.007263       1 cmd.go:277] Creating directory "/etc/kubernetes/static-pod-resources/kube-controller-manager-pod-6/configmaps/cluster-policy-controller-config" ...
2026-01-28T09:44:05.007416149Z I0128 09:44:05.007391       1 cmd.go:629] Writing config file "/etc/kubernetes/static-pod-resources/kube-controller-manager-pod-6/configmaps/cluster-policy-controller-config/config.yaml" ...
2026-01-28T09:44:05.007518822Z I0128 09:44:05.007501       1 cmd.go:277] Creating directory "/etc/kubernetes/static-pod-resources/kube-controller-manager-pod-6/configmaps/config" ...
2026-01-28T09:44:05.007579273Z I0128 09:44:05.007562       1 cmd.go:629] Writing config file "/etc/kubernetes/static-pod-resources/kube-controller-manager-pod-6/configmaps/config/config.yaml" ...
2026-01-28T09:44:05.007689735Z I0128 09:44:05.007671       1 cmd.go:277] Creating directory "/etc/kubernetes/static-pod-resources/kube-controller-manager-pod-6/configmaps/controller-manager-kubeconfig" ...
2026-01-28T09:44:05.007749657Z I0128 09:44:05.007729       1 cmd.go:629] Writing config file "/etc/kubernetes/static-pod-resources/kube-controller-manager-pod-6/configmaps/controller-manager-kubeconfig/kubeconfig" ...
2026-01-28T09:44:05.007848879Z I0128 09:44:05.007833       1 cmd.go:277] Creating directory "/etc/kubernetes/static-pod-resources/kube-controller-manager-pod-6/configmaps/kube-controller-cert-syncer-kubeconfig" ...
2026-01-28T09:44:05.007929420Z I0128 09:44:05.007910       1 cmd.go:629] Writing config file "/etc/kubernetes/static-pod-resources/kube-controller-manager-pod-6/configmaps/kube-controller-cert-syncer-kubeconfig/kubeconfig" ...
2026-01-28T09:44:05.008041473Z I0128 09:44:05.008021       1 cmd.go:277] Creating directory "/etc/kubernetes/static-pod-resources/kube-controller-manager-pod-6/configmaps/kube-controller-manager-pod" ...
2026-01-28T09:44:05.008112364Z I0128 09:44:05.008089       1 cmd.go:629] Writing config file "/etc/kubernetes/static-pod-resources/kube-controller-manager-pod-6/configmaps/kube-controller-manager-pod/forceRedeploymentReason" ...
2026-01-28T09:44:05.008196996Z I0128 09:44:05.008178       1 cmd.go:629] Writing config file "/etc/kubernetes/static-pod-resources/kube-controller-manager-pod-6/configmaps/kube-controller-manager-pod/pod.yaml" ...
2026-01-28T09:44:05.008292588Z I0128 09:44:05.008276       1 cmd.go:629] Writing config file "/etc/kubernetes/static-pod-resources/kube-controller-manager-pod-6/configmaps/kube-controller-manager-pod/version" ...
2026-01-28T09:44:05.008392140Z I0128 09:44:05.008365       1 cmd.go:277] Creating directory "/etc/kubernetes/static-pod-resources/kube-controller-manager-pod-6/configmaps/recycler-config" ...
2026-01-28T09:44:05.008486282Z I0128 09:44:05.008457       1 cmd.go:629] Writing config file "/etc/kubernetes/static-pod-resources/kube-controller-manager-pod-6/configmaps/recycler-config/recycler-pod.yaml" ...
2026-01-28T09:44:05.008596225Z I0128 09:44:05.008570       1 cmd.go:277] Creating directory "/etc/kubernetes/static-pod-resources/kube-controller-manager-pod-6/configmaps/service-ca" ...
2026-01-28T09:44:05.008662016Z I0128 09:44:05.008642       1 cmd.go:629] Writing config file "/etc/kubernetes/static-pod-resources/kube-controller-manager-pod-6/configmaps/service-ca/ca-bundle.crt" ...
2026-01-28T09:44:05.008824090Z I0128 09:44:05.008807       1 cmd.go:277] Creating directory "/etc/kubernetes/static-pod-resources/kube-controller-manager-pod-6/configmaps/serviceaccount-ca" ...
2026-01-28T09:44:05.008952222Z I0128 09:44:05.008925       1 cmd.go:629] Writing config file "/etc/kubernetes/static-pod-resources/kube-controller-manager-pod-6/configmaps/serviceaccount-ca/ca-bundle.crt" ...
2026-01-28T09:44:05.009071125Z I0128 09:44:05.009039       1 cmd.go:221] Creating target resource directory "/etc/kubernetes/static-pod-resources/kube-controller-manager-certs" ...
2026-01-28T09:44:05.009071125Z I0128 09:44:05.009058       1 cmd.go:229] Getting secrets ...
2026-01-28T09:44:05.206156691Z I0128 09:44:05.206109       1 copy.go:32] Got secret openshift-kube-controller-manager/csr-signer
2026-01-28T09:44:05.406762524Z I0128 09:44:05.406680       1 copy.go:32] Got secret openshift-kube-controller-manager/kube-controller-manager-client-cert-key
2026-01-28T09:44:05.406808565Z I0128 09:44:05.406764       1 cmd.go:242] Getting config maps ...
2026-01-28T09:44:05.605725251Z I0128 09:44:05.605676       1 copy.go:60] Got configMap openshift-kube-controller-manager/aggregator-client-ca
2026-01-28T09:44:05.805732691Z I0128 09:44:05.805694       1 copy.go:60] Got configMap openshift-kube-controller-manager/client-ca
2026-01-28T09:44:06.012863932Z I0128 09:44:06.012825       1 copy.go:60] Got configMap openshift-kube-controller-manager/trusted-ca-bundle
2026-01-28T09:44:06.013328192Z I0128 09:44:06.013279       1 cmd.go:261] Creating directory "/etc/kubernetes/static-pod-resources/kube-controller-manager-certs/secrets/csr-signer" ...
2026-01-28T09:44:06.018554384Z I0128 09:44:06.018513       1 cmd.go:639] Writing secret manifest "/etc/kubernetes/static-pod-resources/kube-controller-manager-certs/secrets/csr-signer/tls.crt" ...
2026-01-28T09:44:06.018766119Z I0128 09:44:06.018746       1 cmd.go:639] Writing secret manifest "/etc/kubernetes/static-pod-resources/kube-controller-manager-certs/secrets/csr-signer/tls.key" ...
2026-01-28T09:44:06.018973013Z I0128 09:44:06.018951       1 cmd.go:261] Creating directory "/etc/kubernetes/static-pod-resources/kube-controller-manager-certs/secrets/kube-controller-manager-client-cert-key" ...
2026-01-28T09:44:06.018998734Z I0128 09:44:06.018983       1 cmd.go:639] Writing secret manifest "/etc/kubernetes/static-pod-resources/kube-controller-manager-certs/secrets/kube-controller-manager-client-cert-key/tls.crt" ...
2026-01-28T09:44:06.019147977Z I0128 09:44:06.019127       1 cmd.go:639] Writing secret manifest "/etc/kubernetes/static-pod-resources/kube-controller-manager-certs/secrets/kube-controller-manager-client-cert-key/tls.key" ...
2026-01-28T09:44:06.019308901Z I0128 09:44:06.019291       1 cmd.go:277] Creating directory "/etc/kubernetes/static-pod-resources/kube-controller-manager-certs/configmaps/aggregator-client-ca" ...
2026-01-28T09:44:06.019357182Z I0128 09:44:06.019343       1 cmd.go:629] Writing config file "/etc/kubernetes/static-pod-resources/kube-controller-manager-certs/configmaps/aggregator-client-ca/ca-bundle.crt" ...
2026-01-28T09:44:06.019516065Z I0128 09:44:06.019499       1 cmd.go:277] Creating directory "/etc/kubernetes/static-pod-resources/kube-controller-manager-certs/configmaps/client-ca" ...
2026-01-28T09:44:06.019563816Z I0128 09:44:06.019551       1 cmd.go:629] Writing config file "/etc/kubernetes/static-pod-resources/kube-controller-manager-certs/configmaps/client-ca/ca-bundle.crt" ...
2026-01-28T09:44:06.019793471Z I0128 09:44:06.019774       1 cmd.go:277] Creating directory "/etc/kubernetes/static-pod-resources/kube-controller-manager-certs/configmaps/trusted-ca-bundle" ...
2026-01-28T09:44:06.020613258Z I0128 09:44:06.020221       1 cmd.go:629] Writing config file "/etc/kubernetes/static-pod-resources/kube-controller-manager-certs/configmaps/trusted-ca-bundle/ca-bundle.crt" ...
2026-01-28T09:44:06.020773402Z I0128 09:44:06.020740       1 cmd.go:335] Getting pod configmaps/kube-controller-manager-pod-6 -n openshift-kube-controller-manager
2026-01-28T09:44:06.206012101Z I0128 09:44:06.205957       1 cmd.go:351] Creating directory for static pod manifest "/etc/kubernetes/manifests" ...
2026-01-28T09:44:06.206051162Z I0128 09:44:06.205996       1 cmd.go:379] Writing a pod under "kube-controller-manager-pod.yaml" key 
2026-01-28T09:44:06.206051162Z {"kind":"Pod","apiVersion":"v1","metadata":{"name":"kube-controller-manager","namespace":"openshift-kube-controller-manager","creationTimestamp":null,"labels":{"app":"kube-controller-manager","kube-controller-manager":"true","revision":"6"},"annotations":{"kubectl.kubernetes.io/default-container":"kube-controller-manager","target.workload.openshift.io/management":"{\"effect\": \"PreferredDuringScheduling\"}"}},"spec":{"volumes":[{"name":"resource-dir","hostPath":{"path":"/etc/kubernetes/static-pod-resources/kube-controller-manager-pod-6"}},{"name":"cert-dir","hostPath":{"path":"/etc/kubernetes/static-pod-resources/kube-controller-manager-certs"}},{"name":"tmp-dir","emptyDir":{}},{"name":"ca-trust-dir","emptyDir":{}},{"name":"var-run-kubernetes","emptyDir":{}},{"name":"kubelet-plugins","emptyDir":{}}],"containers":[{"name":"kube-controller-manager","image":"registry.build11.ci.openshift.org/ci-ln-vjb5l1t/stable@sha256:fb1529a27e685fb1b5b13a5d1e935a27c9b9591e884ec8f6c22025208ec02596","command":["/bin/bash","-euxo","pipefail","-c"],"args":["timeout 3m /bin/bash -exuo pipefail -c 'while [ -n \"$(ss -Htanop \\( sport = 10257 \\))\" ]; do sleep 1; done'\n\nif [ -f /etc/kubernetes/static-pod-certs/configmaps/trusted-ca-bundle/ca-bundle.crt ]; then\n  echo \"Copying system trust bundle\"\n  cp -f /etc/kubernetes/static-pod-certs/configmaps/trusted-ca-bundle/ca-bundle.crt /etc/pki/ca-trust/extracted/pem/tls-ca-bundle.pem\nfi\n\nif [ -f /etc/kubernetes/static-pod-resources/configmaps/cloud-config/ca-bundle.pem ]; then\n  echo \"Setting custom CA bundle for cloud provider\"\n  export AWS_CA_BUNDLE=/etc/kubernetes/static-pod-resources/configmaps/cloud-config/ca-bundle.pem\nfi\n\nexec hyperkube kube-controller-manager --openshift-config=/etc/kubernetes/static-pod-resources/configmaps/config/config.yaml \\\n  --kubeconfig=/etc/kubernetes/static-pod-resources/configmaps/controller-manager-kubeconfig/kubeconfig \\\n  --authentication-kubeconfig=/etc/kubernetes/static-pod-resources/configmaps/controller-manager-kubeconfig/kubeconfig \\\n  --authorization-kubeconfig=/etc/kubernetes/static-pod-resources/configmaps/controller-manager-kubeconfig/kubeconfig \\\n  --client-ca-file=/etc/kubernetes/static-pod-certs/configmaps/client-ca/ca-bundle.crt \\\n  --requestheader-client-ca-file=/etc/kubernetes/static-pod-certs/configmaps/aggregator-client-ca/ca-bundle.crt -v=2 --tls-cert-file=/etc/kubernetes/static-pod-resources/secrets/serving-cert/tls.crt --tls-private-key-file=/etc/kubernetes/static-pod-resources/secrets/serving-cert/tls.key --allocate-node-cidrs=false --cert-dir=/var/run/kubernetes --cloud-provider=external --cluster-cidr=10.128.0.0/14 --cluster-name=ci-ln-vjb5l1t-76ef8-snmcd --cluster-signing-cert-file=/etc/kubernetes/static-pod-certs/secrets/csr-signer/tls.crt --cluster-signing-duration=720h --cluster-signing-key-file=/etc/kubernetes/static-pod-certs/secrets/csr-signer/tls.key --controllers=* --controllers=-bootstrapsigner --controllers=-tokencleaner --controllers=-ttl --controllers=selinux-warning-controller --enable-dynamic-provisioning=true --feature-gates=AWSClusterHostedDNS=false --feature-gates=AWSClusterHostedDNSInstall=false --feature-gates=AWSDedicatedHosts=false --feature-gates=AWSServiceLBNetworkSecurityGroup=false --feature-gates=AdditionalRoutingCapabilities=true --feature-gates=AdminNetworkPolicy=true --feature-gates=AlibabaPlatform=true --feature-gates=AutomatedEtcdBackup=false --feature-gates=AzureClusterHostedDNSInstall=false --feature-gates=AzureDedicatedHosts=false --feature-gates=AzureMultiDisk=false --feature-gates=AzureWorkloadIdentity=true --feature-gates=BootImageSkewEnforcement=false --feature-gates=BootcNodeManagement=false --feature-gates=BuildCSIVolumes=true --feature-gates=CPMSMachineNamePrefix=true --feature-gates=ClusterAPIInstall=false --feature-gates=ClusterAPIInstallIBMCloud=false --feature-gates=ClusterMonitoringConfig=false --feature-gates=ClusterVersionOperatorConfiguration=false --feature-gates=ConsolePluginContentSecurityPolicy=true --feature-gates=DNSNameResolver=false --feature-gates=DualReplica=false --feature-gates=DyanmicServiceEndpointIBMCloud=false --feature-gates=DynamicResourceAllocation=false --feature-gates=EtcdBackendQuota=false --feature-gates=EventedPLEG=false --feature-gates=Example2=false --feature-gates=Example=false --feature-gates=ExternalOIDC=true --feature-gates=ExternalOIDCWithUIDAndExtraClaimMappings=true --feature-gates=ExternalSnapshotMetadata=false --feature-gates=GCPClusterHostedDNS=false --feature-gates=GCPClusterHostedDNSInstall=false --feature-gates=GCPCustomAPIEndpoints=false --feature-gates=GCPCustomAPIEndpointsInstall=false --feature-gates=GatewayAPI=true --feature-gates=GatewayAPIController=true --feature-gates=HighlyAvailableArbiter=true --feature-gates=ImageModeStatusReporting=false --feature-gates=ImageStreamImportMode=false --feature-gates=ImageVolume=true --feature-gates=IngressControllerDynamicConfigurationManager=false --feature-gates=IngressControllerLBSubnetsAWS=true --feature-gates=InsightsConfig=false --feature-gates=InsightsConfigAPI=false --feature-gates=InsightsOnDemandDataGather=false --feature-gates=IrreconcilableMachineConfig=false --feature-gates=KMSEncryptionProvider=false --feature-gates=KMSv1=true --feature-gates=MachineAPIMigration=false --feature-gates=MachineAPIOperatorDisableMachineHealthCheckController=false --feature-gates=MachineConfigNodes=true --feature-gates=ManagedBootImages=true --feature-gates=ManagedBootImagesAWS=true --feature-gates=ManagedBootImagesAzure=false --feature-gates=ManagedBootImagesvSphere=false --feature-gates=MaxUnavailableStatefulSet=false --feature-gates=MetricsCollectionProfiles=true --feature-gates=MinimumKubeletVersion=false --feature-gates=MixedCPUsAllocation=false --feature-gates=MultiArchInstallAzure=false --feature-gates=MultiDiskSetup=false --feature-gates=MutatingAdmissionPolicy=false --feature-gates=NetworkDiagnosticsConfig=true --feature-gates=NetworkLiveMigration=true --feature-gates=NetworkSegmentation=true --feature-gates=NewOLM=true --feature-gates=NewOLMCatalogdAPIV1Metas=false --feature-gates=NewOLMOwnSingleNamespace=false --feature-gates=NewOLMPreflightPermissionChecks=false --feature-gates=NewOLMWebhookProviderOpenshiftServiceCA=false --feature-gates=NoRegistryClusterOperations=false --feature-gates=NodeSwap=false --feature-gates=NutanixMultiSubnets=false --feature-gates=OVNObservability=false --feature-gates=OpenShiftPodSecurityAdmission=false --feature-gates=PinnedImages=true --feature-gates=PreconfiguredUDNAddresses=true --feature-gates=ProcMountType=true --feature-gates=RouteAdvertisements=true --feature-gates=RouteExternalCertificate=true --feature-gates=SELinuxMount=false --feature-gates=ServiceAccountTokenNodeBinding=true --feature-gates=SetEIPForNLBIngressController=true --feature-gates=ShortCertRotation=false --feature-gates=SignatureStores=false --feature-gates=SigstoreImageVerification=true --feature-gates=SigstoreImageVerificationPKI=false --feature-gates=StoragePerformantSecurityPolicy=true --feature-gates=TranslateStreamCloseWebsocketRequests=false --feature-gates=UpgradeStatus=true --feature-gates=UserNamespacesPodSecurityStandards=true --feature-gates=UserNamespacesSupport=true --feature-gates=VSphereConfigurableMaxAllowedBlockVolumesPerNode=false --feature-gates=VSphereHostVMGroupZonal=false --feature-gates=VSphereMixedNodeEnv=false --feature-gates=VSphereMultiDisk=true --feature-gates=VSphereMultiNetworks=true --feature-gates=VolumeAttributesClass=false --feature-gates=VolumeGroupSnapshot=false --flex-volume-plugin-dir=/etc/kubernetes/kubelet-plugins/volume/exec --kube-api-burst=300 --kube-api-qps=150 --leader-elect-renew-deadline=12s --leader-elect-resource-lock=leases --leader-elect-retry-period=3s --leader-elect=true --pv-recycler-pod-template-filepath-hostpath=/etc/kubernetes/static-pod-resources/configmaps/recycler-config/recycler-pod.yaml --pv-recycler-pod-template-filepath-nfs=/etc/kubernetes/static-pod-resources/configmaps/recycler-config/recycler-pod.yaml --root-ca-file=/etc/kubernetes/static-pod-resources/configmaps/serviceaccount-ca/ca-bundle.crt --secure-port=10257 --service-account-private-key-file=/etc/kubernetes/static-pod-resources/secrets/service-account-private-key/service-account.key --service-cluster-ip-range=172.30.0.0/16 --use-service-account-credentials=true --tls-cipher-suites=TLS_AES_128_GCM_SHA256,TLS_AES_256_GCM_SHA384,TLS_CHACHA20_POLY1305_SHA256,TLS_ECDHE_ECDSA_WITH_AES_128_GCM_SHA256,TLS_ECDHE_RSA_WITH_AES_128_GCM_SHA256,TLS_ECDHE_ECDSA_WITH_AES_256_GCM_SHA384,TLS_ECDHE_RSA_WITH_AES_256_GCM_SHA384,TLS_ECDHE_ECDSA_WITH_CHACHA20_POLY1305_SHA256,TLS_ECDHE_RSA_WITH_CHACHA20_POLY1305_SHA256 --tls-min-version=VersionTLS12"],"ports":[{"containerPort":10257}],"resources":{"requests":{"cpu":"60m","memory":"200Mi"}},"volumeMounts":[{"name":"resource-dir","mountPath":"/etc/kubernetes/static-pod-resources"},{"name":"cert-dir","mountPath":"/etc/kubernetes/static-pod-certs"}],"livenessProbe":{"httpGet":{"path":"healthz","port":10257,"scheme":"HTTPS"},"initialDelaySeconds":45,"timeoutSeconds":10},"readinessProbe":{"httpGet":{"path":"healthz","port":10257,"scheme":"HTTPS"},"initialDelaySeconds":10,"timeoutSeconds":10},"startupProbe":{"httpGet":{"path":"healthz","port":10257,"scheme":"HTTPS"},"timeoutSeconds":3},"terminationMessagePolicy":"FallbackToLogsOnError","imagePullPolicy":"IfNotPresent"},{"name":"cluster-policy-controller","image":"registry.build11.ci.openshift.org/ci-ln-vjb5l1t/stable@sha256:845aa0726919c6280d01d1aa488a139444bf86198082e33f1da3ddb9d91aa3b7","command":["/bin/bash","-euxo","pipefail","-c"],"args":["timeout 3m /bin/bash -exuo pipefail -c 'while [ -n \"$(ss -Htanop \\( sport = 10357 \\))\" ]; do sleep 1; done'\n\nexec cluster-policy-controller start --config=/etc/kubernetes/static-pod-resources/configmaps/cluster-policy-controller-config/config.yaml \\\n  --kubeconfig=/etc/kubernetes/static-pod-resources/configmaps/controller-manager-kubeconfig/kubeconfig \\\n  --namespace=${POD_NAMESPACE} -v=2"],"ports":[{"containerPort":10357}],"env":[{"name":"POD_NAME","valueFrom":{"fieldRef":{"fieldPath":"metadata.name"}}},{"name":"POD_NAMESPACE","valueFrom":{"fieldRef":{"fieldPath":"metadata.namespace"}}}],"resources":{"requests":{"cpu":"10m","memory":"200Mi"}},"volumeMounts":[{"name":"resource-dir","mountPath":"/etc/kubernetes/static-pod-resources"},{"name":"cert-dir","mountPath":"/etc/kubernetes/static-pod-certs"},{"name":"tmp-dir","mountPath":"/tmp"},{"name":"ca-trust-dir","mountPath":"/etc/pki/ca-trust/extracted/pem"},{"name":"var-run-kubernetes","mountPath":"/var/run/kubernetes"}],"livenessProbe":{"httpGet":{"path":"healthz","port":10357,"host":"localhost","scheme":"HTTPS"},"initialDelaySeconds":45,"timeoutSeconds":10},"readinessProbe":{"httpGet":{"path":"healthz","port":10357,"host":"localhost","scheme":"HTTPS"},"initialDelaySeconds":10,"timeoutSeconds":10},"startupProbe":{"httpGet":{"path":"healthz","port":10357,"host":"localhost","scheme":"HTTPS"},"timeoutSeconds":3},"terminationMessagePolicy":"FallbackToLogsOnError","imagePullPolicy":"IfNotPresent","securityContext":{"readOnlyRootFilesystem":true}},{"name":"kube-controller-manager-cert-syncer","image":"registry.build11.ci.openshift.org/ci-ln-vjb5l1t/stable@sha256:f96b1808afd9f4668b6ac008696616690a796ace4bdf46e4f2d2c3b46eaafc5e","command":["cluster-kube-controller-manager-operator","cert-syncer"],"args":["--kubeconfig=/etc/kubernetes/static-pod-resources/configmaps/kube-controller-cert-syncer-kubeconfig/kubeconfig","--namespace=$(POD_NAMESPACE)","--destination-dir=/etc/kubernetes/static-pod-certs"],"env":[{"name":"POD_NAME","valueFrom":{"fieldRef":{"fieldPath":"metadata.name"}}},{"name":"POD_NAMESPACE","valueFrom":{"fieldRef":{"fieldPath":"metadata.namespace"}}}],"resources":{"requests":{"cpu":"5m","memory":"50Mi"}},"volumeMounts":[{"name":"resource-dir","mountPath":"/etc/kubernetes/static-pod-resources"},{"name":"cert-dir","mountPath":"/etc/kubernetes/static-pod-certs"},{"name":"tmp-dir","mountPath":"/tmp"},{"name":"ca-trust-dir","mountPath":"/etc/pki/ca-trust/extracted/pem"},{"name":"var-run-kubernetes","mountPath":"/var/run/kubernetes"}],"terminationMessagePolicy":"FallbackToLogsOnError","imagePullPolicy":"IfNotPresent","securityContext":{"readOnlyRootFilesystem":true}},{"name":"kube-controller-manager-recovery-controller","image":"registry.build11.ci.openshift.org/ci-ln-vjb5l1t/stable@sha256:f96b1808afd9f4668b6ac008696616690a796ace4bdf46e4f2d2c3b46eaafc5e","command":["/bin/bash","-euxo","pipefail","-c"],"args":["timeout 3m /bin/bash -exuo pipefail -c 'while [ -n \"$(ss -Htanop \\( sport = 9443 \\))\" ]; do sleep 1; done'\n\nexec cluster-kube-controller-manager-operator cert-recovery-controller --kubeconfig=/etc/kubernetes/static-pod-resources/configmaps/kube-controller-cert-syncer-kubeconfig/kubeconfig --namespace=${POD_NAMESPACE} --listen=0.0.0.0:9443 -v=2"],"env":[{"name":"POD_NAMESPACE","valueFrom":{"fieldRef":{"fieldPath":"metadata.namespace"}}},{"name":"OPERATOR_IMAGE_VERSION","value":"4.20.0-0-2026-01-28-090915-test-ci-ln-vjb5l1t-latest"}],"resources":{"requests":{"cpu":"5m","memory":"50Mi"}},"volumeMounts":[{"name":"resource-dir","mountPath":"/etc/kubernetes/static-pod-resources"},{"name":"cert-dir","mountPath":"/etc/kubernetes/static-pod-certs"},{"name":"tmp-dir","mountPath":"/tmp"},{"name":"ca-trust-dir","mountPath":"/etc/pki/ca-trust/extracted/pem"},{"name":"var-run-kubernetes","mountPath":"/var/run/kubernetes"}],"terminationMessagePolicy":"FallbackToLogsOnError","imagePullPolicy":"IfNotPresent","securityContext":{"readOnlyRootFilesystem":true}}],"hostNetwork":true,"tolerations":[{"operator":"Exists"}],"priorityClassName":"system-node-critical","priority":2000001000},"status":{}}
2026-01-28T09:44:06.209272661Z I0128 09:44:06.209247       1 cmd.go:610] Writing pod manifest "/etc/kubernetes/static-pod-resources/kube-controller-manager-pod-6/kube-controller-manager-pod.yaml" ...
2026-01-28T09:44:06.209475056Z I0128 09:44:06.209455       1 cmd.go:617] Removed existing static pod manifest "/etc/kubernetes/manifests/kube-controller-manager-pod.yaml" ...
2026-01-28T09:44:06.209596808Z I0128 09:44:06.209510       1 cmd.go:621] Writing static pod manifest "/etc/kubernetes/manifests/kube-controller-manager-pod.yaml" ...
2026-01-28T09:44:06.209596808Z {"kind":"Pod","apiVersion":"v1","metadata":{"name":"kube-controller-manager","namespace":"openshift-kube-controller-manager","creationTimestamp":null,"labels":{"app":"kube-controller-manager","kube-controller-manager":"true","revision":"6"},"annotations":{"kubectl.kubernetes.io/default-container":"kube-controller-manager","target.workload.openshift.io/management":"{\"effect\": \"PreferredDuringScheduling\"}"}},"spec":{"volumes":[{"name":"resource-dir","hostPath":{"path":"/etc/kubernetes/static-pod-resources/kube-controller-manager-pod-6"}},{"name":"cert-dir","hostPath":{"path":"/etc/kubernetes/static-pod-resources/kube-controller-manager-certs"}},{"name":"tmp-dir","emptyDir":{}},{"name":"ca-trust-dir","emptyDir":{}},{"name":"var-run-kubernetes","emptyDir":{}},{"name":"kubelet-plugins","emptyDir":{}}],"containers":[{"name":"kube-controller-manager","image":"registry.build11.ci.openshift.org/ci-ln-vjb5l1t/stable@sha256:fb1529a27e685fb1b5b13a5d1e935a27c9b9591e884ec8f6c22025208ec02596","command":["/bin/bash","-euxo","pipefail","-c"],"args":["timeout 3m /bin/bash -exuo pipefail -c 'while [ -n \"$(ss -Htanop \\( sport = 10257 \\))\" ]; do sleep 1; done'\n\nif [ -f /etc/kubernetes/static-pod-certs/configmaps/trusted-ca-bundle/ca-bundle.crt ]; then\n  echo \"Copying system trust bundle\"\n  cp -f /etc/kubernetes/static-pod-certs/configmaps/trusted-ca-bundle/ca-bundle.crt /etc/pki/ca-trust/extracted/pem/tls-ca-bundle.pem\nfi\n\nif [ -f /etc/kubernetes/static-pod-resources/configmaps/cloud-config/ca-bundle.pem ]; then\n  echo \"Setting custom CA bundle for cloud provider\"\n  export AWS_CA_BUNDLE=/etc/kubernetes/static-pod-resources/configmaps/cloud-config/ca-bundle.pem\nfi\n\nexec hyperkube kube-controller-manager --openshift-config=/etc/kubernetes/static-pod-resources/configmaps/config/config.yaml \\\n  --kubeconfig=/etc/kubernetes/static-pod-resources/configmaps/controller-manager-kubeconfig/kubeconfig \\\n  --authentication-kubeconfig=/etc/kubernetes/static-pod-resources/configmaps/controller-manager-kubeconfig/kubeconfig \\\n  --authorization-kubeconfig=/etc/kubernetes/static-pod-resources/configmaps/controller-manager-kubeconfig/kubeconfig \\\n  --client-ca-file=/etc/kubernetes/static-pod-certs/configmaps/client-ca/ca-bundle.crt \\\n  --requestheader-client-ca-file=/etc/kubernetes/static-pod-certs/configmaps/aggregator-client-ca/ca-bundle.crt -v=2 --tls-cert-file=/etc/kubernetes/static-pod-resources/secrets/serving-cert/tls.crt --tls-private-key-file=/etc/kubernetes/static-pod-resources/secrets/serving-cert/tls.key --allocate-node-cidrs=false --cert-dir=/var/run/kubernetes --cloud-provider=external --cluster-cidr=10.128.0.0/14 --cluster-name=ci-ln-vjb5l1t-76ef8-snmcd --cluster-signing-cert-file=/etc/kubernetes/static-pod-certs/secrets/csr-signer/tls.crt --cluster-signing-duration=720h --cluster-signing-key-file=/etc/kubernetes/static-pod-certs/secrets/csr-signer/tls.key --controllers=* --controllers=-bootstrapsigner --controllers=-tokencleaner --controllers=-ttl --controllers=selinux-warning-controller --enable-dynamic-provisioning=true --feature-gates=AWSClusterHostedDNS=false --feature-gates=AWSClusterHostedDNSInstall=false --feature-gates=AWSDedicatedHosts=false --feature-gates=AWSServiceLBNetworkSecurityGroup=false --feature-gates=AdditionalRoutingCapabilities=true --feature-gates=AdminNetworkPolicy=true --feature-gates=AlibabaPlatform=true --feature-gates=AutomatedEtcdBackup=false --feature-gates=AzureClusterHostedDNSInstall=false --feature-gates=AzureDedicatedHosts=false --feature-gates=AzureMultiDisk=false --feature-gates=AzureWorkloadIdentity=true --feature-gates=BootImageSkewEnforcement=false --feature-gates=BootcNodeManagement=false --feature-gates=BuildCSIVolumes=true --feature-gates=CPMSMachineNamePrefix=true --feature-gates=ClusterAPIInstall=false --feature-gates=ClusterAPIInstallIBMCloud=false --feature-gates=ClusterMonitoringConfig=false --feature-gates=ClusterVersionOperatorConfiguration=false --feature-gates=ConsolePluginContentSecurityPolicy=true --feature-gates=DNSNameResolver=false --feature-gates=DualReplica=false --feature-gates=DyanmicServiceEndpointIBMCloud=false --feature-gates=DynamicResourceAllocation=false --feature-gates=EtcdBackendQuota=false --feature-gates=EventedPLEG=false --feature-gates=Example2=false --feature-gates=Example=false --feature-gates=ExternalOIDC=true --feature-gates=ExternalOIDCWithUIDAndExtraClaimMappings=true --feature-gates=ExternalSnapshotMetadata=false --feature-gates=GCPClusterHostedDNS=false --feature-gates=GCPClusterHostedDNSInstall=false --feature-gates=GCPCustomAPIEndpoints=false --feature-gates=GCPCustomAPIEndpointsInstall=false --feature-gates=GatewayAPI=true --feature-gates=GatewayAPIController=true --feature-gates=HighlyAvailableArbiter=true --feature-gates=ImageModeStatusReporting=false --feature-gates=ImageStreamImportMode=false --feature-gates=ImageVolume=true --feature-gates=IngressControllerDynamicConfigurationManager=false --feature-gates=IngressControllerLBSubnetsAWS=true --feature-gates=InsightsConfig=false --feature-gates=InsightsConfigAPI=false --feature-gates=InsightsOnDemandDataGather=false --feature-gates=IrreconcilableMachineConfig=false --feature-gates=KMSEncryptionProvider=false --feature-gates=KMSv1=true --feature-gates=MachineAPIMigration=false --feature-gates=MachineAPIOperatorDisableMachineHealthCheckController=false --feature-gates=MachineConfigNodes=true --feature-gates=ManagedBootImages=true --feature-gates=ManagedBootImagesAWS=true --feature-gates=ManagedBootImagesAzure=false --feature-gates=ManagedBootImagesvSphere=false --feature-gates=MaxUnavailableStatefulSet=false --feature-gates=MetricsCollectionProfiles=true --feature-gates=MinimumKubeletVersion=false --feature-gates=MixedCPUsAllocation=false --feature-gates=MultiArchInstallAzure=false --feature-gates=MultiDiskSetup=false --feature-gates=MutatingAdmissionPolicy=false --feature-gates=NetworkDiagnosticsConfig=true --feature-gates=NetworkLiveMigration=true --feature-gates=NetworkSegmentation=true --feature-gates=NewOLM=true --feature-gates=NewOLMCatalogdAPIV1Metas=false --feature-gates=NewOLMOwnSingleNamespace=false --feature-gates=NewOLMPreflightPermissionChecks=false --feature-gates=NewOLMWebhookProviderOpenshiftServiceCA=false --feature-gates=NoRegistryClusterOperations=false --feature-gates=NodeSwap=false --feature-gates=NutanixMultiSubnets=false --feature-gates=OVNObservability=false --feature-gates=OpenShiftPodSecurityAdmission=false --feature-gates=PinnedImages=true --feature-gates=PreconfiguredUDNAddresses=true --feature-gates=ProcMountType=true --feature-gates=RouteAdvertisements=true --feature-gates=RouteExternalCertificate=true --feature-gates=SELinuxMount=false --feature-gates=ServiceAccountTokenNodeBinding=true --feature-gates=SetEIPForNLBIngressController=true --feature-gates=ShortCertRotation=false --feature-gates=SignatureStores=false --feature-gates=SigstoreImageVerification=true --feature-gates=SigstoreImageVerificationPKI=false --feature-gates=StoragePerformantSecurityPolicy=true --feature-gates=TranslateStreamCloseWebsocketRequests=false --feature-gates=UpgradeStatus=true --feature-gates=UserNamespacesPodSecurityStandards=true --feature-gates=UserNamespacesSupport=true --feature-gates=VSphereConfigurableMaxAllowedBlockVolumesPerNode=false --feature-gates=VSphereHostVMGroupZonal=false --feature-gates=VSphereMixedNodeEnv=false --feature-gates=VSphereMultiDisk=true --feature-gates=VSphereMultiNetworks=true --feature-gates=VolumeAttributesClass=false --feature-gates=VolumeGroupSnapshot=false --flex-volume-plugin-dir=/etc/kubernetes/kubelet-plugins/volume/exec --kube-api-burst=300 --kube-api-qps=150 --leader-elect-renew-deadline=12s --leader-elect-resource-lock=leases --leader-elect-retry-period=3s --leader-elect=true --pv-recycler-pod-template-filepath-hostpath=/etc/kubernetes/static-pod-resources/configmaps/recycler-config/recycler-pod.yaml --pv-recycler-pod-template-filepath-nfs=/etc/kubernetes/static-pod-resources/configmaps/recycler-config/recycler-pod.yaml --root-ca-file=/etc/kubernetes/static-pod-resources/configmaps/serviceaccount-ca/ca-bundle.crt --secure-port=10257 --service-account-private-key-file=/etc/kubernetes/static-pod-resources/secrets/service-account-private-key/service-account.key --service-cluster-ip-range=172.30.0.0/16 --use-service-account-credentials=true --tls-cipher-suites=TLS_AES_128_GCM_SHA256,TLS_AES_256_GCM_SHA384,TLS_CHACHA20_POLY1305_SHA256,TLS_ECDHE_ECDSA_WITH_AES_128_GCM_SHA256,TLS_ECDHE_RSA_WITH_AES_128_GCM_SHA256,TLS_ECDHE_ECDSA_WITH_AES_256_GCM_SHA384,TLS_ECDHE_RSA_WITH_AES_256_GCM_SHA384,TLS_ECDHE_ECDSA_WITH_CHACHA20_POLY1305_SHA256,TLS_ECDHE_RSA_WITH_CHACHA20_POLY1305_SHA256 --tls-min-version=VersionTLS12"],"ports":[{"containerPort":10257}],"resources":{"requests":{"cpu":"60m","memory":"200Mi"}},"volumeMounts":[{"name":"resource-dir","mountPath":"/etc/kubernetes/static-pod-resources"},{"name":"cert-dir","mountPath":"/etc/kubernetes/static-pod-certs"}],"livenessProbe":{"httpGet":{"path":"healthz","port":10257,"scheme":"HTTPS"},"initialDelaySeconds":45,"timeoutSeconds":10},"readinessProbe":{"httpGet":{"path":"healthz","port":10257,"scheme":"HTTPS"},"initialDelaySeconds":10,"timeoutSeconds":10},"startupProbe":{"httpGet":{"path":"healthz","port":10257,"scheme":"HTTPS"},"timeoutSeconds":3},"terminationMessagePolicy":"FallbackToLogsOnError","imagePullPolicy":"IfNotPresent"},{"name":"cluster-policy-controller","image":"registry.build11.ci.openshift.org/ci-ln-vjb5l1t/stable@sha256:845aa0726919c6280d01d1aa488a139444bf86198082e33f1da3ddb9d91aa3b7","command":["/bin/bash","-euxo","pipefail","-c"],"args":["timeout 3m /bin/bash -exuo pipefail -c 'while [ -n \"$(ss -Htanop \\( sport = 10357 \\))\" ]; do sleep 1; done'\n\nexec cluster-policy-controller start --config=/etc/kubernetes/static-pod-resources/configmaps/cluster-policy-controller-config/config.yaml \\\n  --kubeconfig=/etc/kubernetes/static-pod-resources/configmaps/controller-manager-kubeconfig/kubeconfig \\\n  --namespace=${POD_NAMESPACE} -v=2"],"ports":[{"containerPort":10357}],"env":[{"name":"POD_NAME","valueFrom":{"fieldRef":{"fieldPath":"metadata.name"}}},{"name":"POD_NAMESPACE","valueFrom":{"fieldRef":{"fieldPath":"metadata.namespace"}}}],"resources":{"requests":{"cpu":"10m","memory":"200Mi"}},"volumeMounts":[{"name":"resource-dir","mountPath":"/etc/kubernetes/static-pod-resources"},{"name":"cert-dir","mountPath":"/etc/kubernetes/static-pod-certs"},{"name":"tmp-dir","mountPath":"/tmp"},{"name":"ca-trust-dir","mountPath":"/etc/pki/ca-trust/extracted/pem"},{"name":"var-run-kubernetes","mountPath":"/var/run/kubernetes"}],"livenessProbe":{"httpGet":{"path":"healthz","port":10357,"host":"localhost","scheme":"HTTPS"},"initialDelaySeconds":45,"timeoutSeconds":10},"readinessProbe":{"httpGet":{"path":"healthz","port":10357,"host":"localhost","scheme":"HTTPS"},"initialDelaySeconds":10,"timeoutSeconds":10},"startupProbe":{"httpGet":{"path":"healthz","port":10357,"host":"localhost","scheme":"HTTPS"},"timeoutSeconds":3},"terminationMessagePolicy":"FallbackToLogsOnError","imagePullPolicy":"IfNotPresent","securityContext":{"readOnlyRootFilesystem":true}},{"name":"kube-controller-manager-cert-syncer","image":"registry.build11.ci.openshift.org/ci-ln-vjb5l1t/stable@sha256:f96b1808afd9f4668b6ac008696616690a796ace4bdf46e4f2d2c3b46eaafc5e","command":["cluster-kube-controller-manager-operator","cert-syncer"],"args":["--kubeconfig=/etc/kubernetes/static-pod-resources/configmaps/kube-controller-cert-syncer-kubeconfig/kubeconfig","--namespace=$(POD_NAMESPACE)","--destination-dir=/etc/kubernetes/static-pod-certs"],"env":[{"name":"POD_NAME","valueFrom":{"fieldRef":{"fieldPath":"metadata.name"}}},{"name":"POD_NAMESPACE","valueFrom":{"fieldRef":{"fieldPath":"metadata.namespace"}}}],"resources":{"requests":{"cpu":"5m","memory":"50Mi"}},"volumeMounts":[{"name":"resource-dir","mountPath":"/etc/kubernetes/static-pod-resources"},{"name":"cert-dir","mountPath":"/etc/kubernetes/static-pod-certs"},{"name":"tmp-dir","mountPath":"/tmp"},{"name":"ca-trust-dir","mountPath":"/etc/pki/ca-trust/extracted/pem"},{"name":"var-run-kubernetes","mountPath":"/var/run/kubernetes"}],"terminationMessagePolicy":"FallbackToLogsOnError","imagePullPolicy":"IfNotPresent","securityContext":{"readOnlyRootFilesystem":true}},{"name":"kube-controller-manager-recovery-controller","image":"registry.build11.ci.openshift.org/ci-ln-vjb5l1t/stable@sha256:f96b1808afd9f4668b6ac008696616690a796ace4bdf46e4f2d2c3b46eaafc5e","command":["/bin/bash","-euxo","pipefail","-c"],"args":["timeout 3m /bin/bash -exuo pipefail -c 'while [ -n \"$(ss -Htanop \\( sport = 9443 \\))\" ]; do sleep 1; done'\n\nexec cluster-kube-controller-manager-operator cert-recovery-controller --kubeconfig=/etc/kubernetes/static-pod-resources/configmaps/kube-controller-cert-syncer-kubeconfig/kubeconfig --namespace=${POD_NAMESPACE} --listen=0.0.0.0:9443 -v=2"],"env":[{"name":"POD_NAMESPACE","valueFrom":{"fieldRef":{"fieldPath":"metadata.namespace"}}},{"name":"OPERATOR_IMAGE_VERSION","value":"4.20.0-0-2026-01-28-090915-test-ci-ln-vjb5l1t-latest"}],"resources":{"requests":{"cpu":"5m","memory":"50Mi"}},"volumeMounts":[{"name":"resource-dir","mountPath":"/etc/kubernetes/static-pod-resources"},{"name":"cert-dir","mountPath":"/etc/kubernetes/static-pod-certs"},{"name":"tmp-dir","mountPath":"/tmp"},{"name":"ca-trust-dir","mountPath":"/etc/pki/ca-trust/extracted/pem"},{"name":"var-run-kubernetes","mountPath":"/var/run/kubernetes"}],"terminationMessagePolicy":"FallbackToLogsOnError","imagePullPolicy":"IfNotPresent","securityContext":{"readOnlyRootFilesystem":true}}],"hostNetwork":true,"tolerations":[{"operator":"Exists"}],"priorityClassName":"system-node-critical","priority":2000001000},"status":{}}
