2026-01-28T09:45:23.125261123Z I0128 09:45:23.125080       1 cmd.go:95] &{<nil> true {false} installer true map[cert-configmaps:0xc0007670e0 cert-dir:0xc0007672c0 cert-secrets:0xc000767040 configmaps:0xc000766be0 namespace:0xc000766a00 optional-cert-configmaps:0xc000767220 optional-configmaps:0xc000766d20 optional-secrets:0xc000766c80 pod:0xc000766aa0 pod-manifest-dir:0xc000766e60 resource-dir:0xc000766dc0 revision:0xc000766960 secrets:0xc000766b40 v:0xc000767cc0] [0xc000767cc0 0xc000766960 0xc000766a00 0xc000766aa0 0xc000766dc0 0xc000766e60 0xc000766be0 0xc000766d20 0xc000766b40 0xc000766c80 0xc0007672c0 0xc0007670e0 0xc000767220 0xc000767040] [] map[cert-configmaps:0xc0007670e0 cert-dir:0xc0007672c0 cert-secrets:0xc000767040 configmaps:0xc000766be0 help:0xc000804140 kubeconfig:0xc0007668c0 log-flush-frequency:0xc000767c20 namespace:0xc000766a00 optional-cert-configmaps:0xc000767220 optional-cert-secrets:0xc000767180 optional-configmaps:0xc000766d20 optional-secrets:0xc000766c80 pod:0xc000766aa0 pod-manifest-dir:0xc000766e60 pod-manifests-lock-file:0xc000766fa0 resource-dir:0xc000766dc0 revision:0xc000766960 secrets:0xc000766b40 timeout-duration:0xc000766f00 v:0xc000767cc0 vmodule:0xc000767d60] [0xc0007668c0 0xc000766960 0xc000766a00 0xc000766aa0 0xc000766b40 0xc000766be0 0xc000766c80 0xc000766d20 0xc000766dc0 0xc000766e60 0xc000766f00 0xc000766fa0 0xc000767040 0xc0007670e0 0xc000767180 0xc000767220 0xc0007672c0 0xc000767c20 0xc000767cc0 0xc000767d60 0xc000804140] [0xc0007670e0 0xc0007672c0 0xc000767040 0xc000766be0 0xc000804140 0xc0007668c0 0xc000767c20 0xc000766a00 0xc000767220 0xc000767180 0xc000766d20 0xc000766c80 0xc000766aa0 0xc000766e60 0xc000766fa0 0xc000766dc0 0xc000766960 0xc000766b40 0xc000766f00 0xc000767cc0 0xc000767d60] map[104:0xc000804140 118:0xc000767cc0] [] -1 0 0xc0007264e0 true 0x77f6c0 []}
2026-01-28T09:45:23.125405786Z I0128 09:45:23.125262       1 cmd.go:96] (*installerpod.InstallOptions)(0xc0009dc820)({
2026-01-28T09:45:23.125405786Z  KubeConfig: (string) "",
2026-01-28T09:45:23.125405786Z  KubeClient: (kubernetes.Interface) <nil>,
2026-01-28T09:45:23.125405786Z  Revision: (string) (len=1) "7",
2026-01-28T09:45:23.125405786Z  NodeName: (string) "",
2026-01-28T09:45:23.125405786Z  Namespace: (string) (len=33) "openshift-kube-controller-manager",
2026-01-28T09:45:23.125405786Z  Clock: (clock.RealClock) {
2026-01-28T09:45:23.125405786Z  },
2026-01-28T09:45:23.125405786Z  PodConfigMapNamePrefix: (string) (len=27) "kube-controller-manager-pod",
2026-01-28T09:45:23.125405786Z  SecretNamePrefixes: ([]string) (len=2 cap=2) {
2026-01-28T09:45:23.125405786Z   (string) (len=27) "service-account-private-key",
2026-01-28T09:45:23.125405786Z   (string) (len=31) "localhost-recovery-client-token"
2026-01-28T09:45:23.125405786Z  },
2026-01-28T09:45:23.125405786Z  OptionalSecretNamePrefixes: ([]string) (len=1 cap=1) {
2026-01-28T09:45:23.125405786Z   (string) (len=12) "serving-cert"
2026-01-28T09:45:23.125405786Z  },
2026-01-28T09:45:23.125405786Z  ConfigMapNamePrefixes: ([]string) (len=8 cap=8) {
2026-01-28T09:45:23.125405786Z   (string) (len=27) "kube-controller-manager-pod",
2026-01-28T09:45:23.125405786Z   (string) (len=6) "config",
2026-01-28T09:45:23.125405786Z   (string) (len=32) "cluster-policy-controller-config",
2026-01-28T09:45:23.125405786Z   (string) (len=29) "controller-manager-kubeconfig",
2026-01-28T09:45:23.125405786Z   (string) (len=38) "kube-controller-cert-syncer-kubeconfig",
2026-01-28T09:45:23.125405786Z   (string) (len=17) "serviceaccount-ca",
2026-01-28T09:45:23.125405786Z   (string) (len=10) "service-ca",
2026-01-28T09:45:23.125405786Z   (string) (len=15) "recycler-config"
2026-01-28T09:45:23.125405786Z  },
2026-01-28T09:45:23.125405786Z  OptionalConfigMapNamePrefixes: ([]string) (len=1 cap=1) {
2026-01-28T09:45:23.125405786Z   (string) (len=12) "cloud-config"
2026-01-28T09:45:23.125405786Z  },
2026-01-28T09:45:23.125405786Z  CertSecretNames: ([]string) (len=2 cap=2) {
2026-01-28T09:45:23.125405786Z   (string) (len=39) "kube-controller-manager-client-cert-key",
2026-01-28T09:45:23.125405786Z   (string) (len=10) "csr-signer"
2026-01-28T09:45:23.125405786Z  },
2026-01-28T09:45:23.125405786Z  OptionalCertSecretNamePrefixes: ([]string) <nil>,
2026-01-28T09:45:23.125405786Z  CertConfigMapNamePrefixes: ([]string) (len=2 cap=2) {
2026-01-28T09:45:23.125405786Z   (string) (len=20) "aggregator-client-ca",
2026-01-28T09:45:23.125405786Z   (string) (len=9) "client-ca"
2026-01-28T09:45:23.125405786Z  },
2026-01-28T09:45:23.125405786Z  OptionalCertConfigMapNamePrefixes: ([]string) (len=1 cap=1) {
2026-01-28T09:45:23.125405786Z   (string) (len=17) "trusted-ca-bundle"
2026-01-28T09:45:23.125405786Z  },
2026-01-28T09:45:23.125405786Z  CertDir: (string) (len=66) "/etc/kubernetes/static-pod-resources/kube-controller-manager-certs",
2026-01-28T09:45:23.125405786Z  ResourceDir: (string) (len=36) "/etc/kubernetes/static-pod-resources",
2026-01-28T09:45:23.125405786Z  PodManifestDir: (string) (len=25) "/etc/kubernetes/manifests",
2026-01-28T09:45:23.125405786Z  Timeout: (time.Duration) 2m0s,
2026-01-28T09:45:23.125405786Z  StaticPodManifestsLockFile: (string) "",
2026-01-28T09:45:23.125405786Z  PodMutationFns: ([]installerpod.PodMutationFunc) <nil>,
2026-01-28T09:45:23.125405786Z  KubeletVersion: (string) ""
2026-01-28T09:45:23.125405786Z })
2026-01-28T09:45:23.125648131Z I0128 09:45:23.125619       1 envvar.go:172] "Feature gate default state" feature="ClientsPreferCBOR" enabled=false
2026-01-28T09:45:23.125648131Z I0128 09:45:23.125638       1 envvar.go:172] "Feature gate default state" feature="InformerResourceVersion" enabled=false
2026-01-28T09:45:23.125648131Z I0128 09:45:23.125643       1 envvar.go:172] "Feature gate default state" feature="InOrderInformers" enabled=true
2026-01-28T09:45:23.125660242Z I0128 09:45:23.125647       1 envvar.go:172] "Feature gate default state" feature="WatchListClient" enabled=false
2026-01-28T09:45:23.125660242Z I0128 09:45:23.125650       1 envvar.go:172] "Feature gate default state" feature="ClientsAllowCBOR" enabled=false
2026-01-28T09:45:23.126019230Z I0128 09:45:23.125989       1 cmd.go:413] Getting controller reference for node ip-10-0-102-200.us-west-1.compute.internal
2026-01-28T09:45:23.136851618Z I0128 09:45:23.136822       1 cmd.go:426] Waiting for installer revisions to settle for node ip-10-0-102-200.us-west-1.compute.internal
2026-01-28T09:45:23.221133297Z I0128 09:45:23.221060       1 cmd.go:518] Waiting additional period after revisions have settled for node ip-10-0-102-200.us-west-1.compute.internal
2026-01-28T09:45:53.221225659Z I0128 09:45:53.221157       1 cmd.go:524] Getting installer pods for node ip-10-0-102-200.us-west-1.compute.internal
2026-01-28T09:45:53.227057110Z I0128 09:45:53.227020       1 cmd.go:542] Latest installer revision for node ip-10-0-102-200.us-west-1.compute.internal is: 7
2026-01-28T09:45:53.227057110Z I0128 09:45:53.227039       1 cmd.go:431] Querying kubelet version for node ip-10-0-102-200.us-west-1.compute.internal
2026-01-28T09:45:53.230417326Z I0128 09:45:53.230392       1 cmd.go:444] Got kubelet version 1.33.6 on target node ip-10-0-102-200.us-west-1.compute.internal
2026-01-28T09:45:53.230417326Z I0128 09:45:53.230408       1 cmd.go:293] Creating target resource directory "/etc/kubernetes/static-pod-resources/kube-controller-manager-pod-7" ...
2026-01-28T09:45:53.230542629Z I0128 09:45:53.230517       1 cmd.go:221] Creating target resource directory "/etc/kubernetes/static-pod-resources/kube-controller-manager-pod-7" ...
2026-01-28T09:45:53.230542629Z I0128 09:45:53.230536       1 cmd.go:229] Getting secrets ...
2026-01-28T09:45:53.233887744Z I0128 09:45:53.233857       1 copy.go:32] Got secret openshift-kube-controller-manager/localhost-recovery-client-token-7
2026-01-28T09:45:53.237158368Z I0128 09:45:53.237131       1 copy.go:32] Got secret openshift-kube-controller-manager/service-account-private-key-7
2026-01-28T09:45:53.240282948Z I0128 09:45:53.240233       1 copy.go:32] Got secret openshift-kube-controller-manager/serving-cert-7
2026-01-28T09:45:53.240282948Z I0128 09:45:53.240259       1 cmd.go:242] Getting config maps ...
2026-01-28T09:45:53.243013510Z I0128 09:45:53.242979       1 copy.go:60] Got configMap openshift-kube-controller-manager/cluster-policy-controller-config-7
2026-01-28T09:45:53.245975066Z I0128 09:45:53.245949       1 copy.go:60] Got configMap openshift-kube-controller-manager/config-7
2026-01-28T09:45:53.248904502Z I0128 09:45:53.248881       1 copy.go:60] Got configMap openshift-kube-controller-manager/controller-manager-kubeconfig-7
2026-01-28T09:45:53.251949381Z I0128 09:45:53.251927       1 copy.go:60] Got configMap openshift-kube-controller-manager/kube-controller-cert-syncer-kubeconfig-7
2026-01-28T09:45:53.254767734Z I0128 09:45:53.254737       1 copy.go:60] Got configMap openshift-kube-controller-manager/kube-controller-manager-pod-7
2026-01-28T09:45:53.425612193Z I0128 09:45:53.425554       1 copy.go:60] Got configMap openshift-kube-controller-manager/recycler-config-7
2026-01-28T09:45:53.625719401Z I0128 09:45:53.625673       1 copy.go:60] Got configMap openshift-kube-controller-manager/service-ca-7
2026-01-28T09:45:53.825682005Z I0128 09:45:53.825617       1 copy.go:60] Got configMap openshift-kube-controller-manager/serviceaccount-ca-7
2026-01-28T09:45:54.036407323Z I0128 09:45:54.036348       1 copy.go:52] Failed to get config map openshift-kube-controller-manager/cloud-config-7: configmaps "cloud-config-7" not found
2026-01-28T09:45:54.036516625Z I0128 09:45:54.036497       1 cmd.go:261] Creating directory "/etc/kubernetes/static-pod-resources/kube-controller-manager-pod-7/secrets/localhost-recovery-client-token" ...
2026-01-28T09:45:54.036760261Z I0128 09:45:54.036742       1 cmd.go:639] Writing secret manifest "/etc/kubernetes/static-pod-resources/kube-controller-manager-pod-7/secrets/localhost-recovery-client-token/ca.crt" ...
2026-01-28T09:45:54.036986086Z I0128 09:45:54.036958       1 cmd.go:639] Writing secret manifest "/etc/kubernetes/static-pod-resources/kube-controller-manager-pod-7/secrets/localhost-recovery-client-token/namespace" ...
2026-01-28T09:45:54.037169200Z I0128 09:45:54.037152       1 cmd.go:639] Writing secret manifest "/etc/kubernetes/static-pod-resources/kube-controller-manager-pod-7/secrets/localhost-recovery-client-token/service-ca.crt" ...
2026-01-28T09:45:54.037377005Z I0128 09:45:54.037350       1 cmd.go:639] Writing secret manifest "/etc/kubernetes/static-pod-resources/kube-controller-manager-pod-7/secrets/localhost-recovery-client-token/token" ...
2026-01-28T09:45:54.037532778Z I0128 09:45:54.037517       1 cmd.go:261] Creating directory "/etc/kubernetes/static-pod-resources/kube-controller-manager-pod-7/secrets/service-account-private-key" ...
2026-01-28T09:45:54.037656791Z I0128 09:45:54.037630       1 cmd.go:639] Writing secret manifest "/etc/kubernetes/static-pod-resources/kube-controller-manager-pod-7/secrets/service-account-private-key/service-account.key" ...
2026-01-28T09:45:54.037816194Z I0128 09:45:54.037800       1 cmd.go:639] Writing secret manifest "/etc/kubernetes/static-pod-resources/kube-controller-manager-pod-7/secrets/service-account-private-key/service-account.pub" ...
2026-01-28T09:45:54.037991308Z I0128 09:45:54.037976       1 cmd.go:261] Creating directory "/etc/kubernetes/static-pod-resources/kube-controller-manager-pod-7/secrets/serving-cert" ...
2026-01-28T09:45:54.038106341Z I0128 09:45:54.038075       1 cmd.go:639] Writing secret manifest "/etc/kubernetes/static-pod-resources/kube-controller-manager-pod-7/secrets/serving-cert/tls.crt" ...
2026-01-28T09:45:54.038271745Z I0128 09:45:54.038252       1 cmd.go:639] Writing secret manifest "/etc/kubernetes/static-pod-resources/kube-controller-manager-pod-7/secrets/serving-cert/tls.key" ...
2026-01-28T09:45:54.038438969Z I0128 09:45:54.038423       1 cmd.go:277] Creating directory "/etc/kubernetes/static-pod-resources/kube-controller-manager-pod-7/configmaps/cluster-policy-controller-config" ...
2026-01-28T09:45:54.038594962Z I0128 09:45:54.038580       1 cmd.go:629] Writing config file "/etc/kubernetes/static-pod-resources/kube-controller-manager-pod-7/configmaps/cluster-policy-controller-config/config.yaml" ...
2026-01-28T09:45:54.038758886Z I0128 09:45:54.038744       1 cmd.go:277] Creating directory "/etc/kubernetes/static-pod-resources/kube-controller-manager-pod-7/configmaps/config" ...
2026-01-28T09:45:54.039159445Z I0128 09:45:54.039141       1 cmd.go:629] Writing config file "/etc/kubernetes/static-pod-resources/kube-controller-manager-pod-7/configmaps/config/config.yaml" ...
2026-01-28T09:45:54.039336219Z I0128 09:45:54.039321       1 cmd.go:277] Creating directory "/etc/kubernetes/static-pod-resources/kube-controller-manager-pod-7/configmaps/controller-manager-kubeconfig" ...
2026-01-28T09:45:54.039458352Z I0128 09:45:54.039431       1 cmd.go:629] Writing config file "/etc/kubernetes/static-pod-resources/kube-controller-manager-pod-7/configmaps/controller-manager-kubeconfig/kubeconfig" ...
2026-01-28T09:45:54.039609155Z I0128 09:45:54.039594       1 cmd.go:277] Creating directory "/etc/kubernetes/static-pod-resources/kube-controller-manager-pod-7/configmaps/kube-controller-cert-syncer-kubeconfig" ...
2026-01-28T09:45:54.039723387Z I0128 09:45:54.039699       1 cmd.go:629] Writing config file "/etc/kubernetes/static-pod-resources/kube-controller-manager-pod-7/configmaps/kube-controller-cert-syncer-kubeconfig/kubeconfig" ...
2026-01-28T09:45:54.039877071Z I0128 09:45:54.039862       1 cmd.go:277] Creating directory "/etc/kubernetes/static-pod-resources/kube-controller-manager-pod-7/configmaps/kube-controller-manager-pod" ...
2026-01-28T09:45:54.039980403Z I0128 09:45:54.039965       1 cmd.go:629] Writing config file "/etc/kubernetes/static-pod-resources/kube-controller-manager-pod-7/configmaps/kube-controller-manager-pod/forceRedeploymentReason" ...
2026-01-28T09:45:54.040145417Z I0128 09:45:54.040129       1 cmd.go:629] Writing config file "/etc/kubernetes/static-pod-resources/kube-controller-manager-pod-7/configmaps/kube-controller-manager-pod/pod.yaml" ...
2026-01-28T09:45:54.040330881Z I0128 09:45:54.040314       1 cmd.go:629] Writing config file "/etc/kubernetes/static-pod-resources/kube-controller-manager-pod-7/configmaps/kube-controller-manager-pod/version" ...
2026-01-28T09:45:54.040492325Z I0128 09:45:54.040477       1 cmd.go:277] Creating directory "/etc/kubernetes/static-pod-resources/kube-controller-manager-pod-7/configmaps/recycler-config" ...
2026-01-28T09:45:54.041991389Z I0128 09:45:54.041970       1 cmd.go:629] Writing config file "/etc/kubernetes/static-pod-resources/kube-controller-manager-pod-7/configmaps/recycler-config/recycler-pod.yaml" ...
2026-01-28T09:45:54.042190063Z I0128 09:45:54.042164       1 cmd.go:277] Creating directory "/etc/kubernetes/static-pod-resources/kube-controller-manager-pod-7/configmaps/service-ca" ...
2026-01-28T09:45:54.042312186Z I0128 09:45:54.042285       1 cmd.go:629] Writing config file "/etc/kubernetes/static-pod-resources/kube-controller-manager-pod-7/configmaps/service-ca/ca-bundle.crt" ...
2026-01-28T09:45:54.042465609Z I0128 09:45:54.042450       1 cmd.go:277] Creating directory "/etc/kubernetes/static-pod-resources/kube-controller-manager-pod-7/configmaps/serviceaccount-ca" ...
2026-01-28T09:45:54.042557051Z I0128 09:45:54.042542       1 cmd.go:629] Writing config file "/etc/kubernetes/static-pod-resources/kube-controller-manager-pod-7/configmaps/serviceaccount-ca/ca-bundle.crt" ...
2026-01-28T09:45:54.042703694Z I0128 09:45:54.042687       1 cmd.go:221] Creating target resource directory "/etc/kubernetes/static-pod-resources/kube-controller-manager-certs" ...
2026-01-28T09:45:54.042744215Z I0128 09:45:54.042732       1 cmd.go:229] Getting secrets ...
2026-01-28T09:45:54.244774167Z I0128 09:45:54.244712       1 copy.go:32] Got secret openshift-kube-controller-manager/csr-signer
2026-01-28T09:45:54.425340354Z I0128 09:45:54.425286       1 copy.go:32] Got secret openshift-kube-controller-manager/kube-controller-manager-client-cert-key
2026-01-28T09:45:54.425340354Z I0128 09:45:54.425322       1 cmd.go:242] Getting config maps ...
2026-01-28T09:45:54.625968464Z I0128 09:45:54.625921       1 copy.go:60] Got configMap openshift-kube-controller-manager/aggregator-client-ca
2026-01-28T09:45:54.825948399Z I0128 09:45:54.825903       1 copy.go:60] Got configMap openshift-kube-controller-manager/client-ca
2026-01-28T09:45:55.038070287Z I0128 09:45:55.038025       1 copy.go:60] Got configMap openshift-kube-controller-manager/trusted-ca-bundle
2026-01-28T09:45:55.038333053Z I0128 09:45:55.038312       1 cmd.go:261] Creating directory "/etc/kubernetes/static-pod-resources/kube-controller-manager-certs/secrets/csr-signer" ...
2026-01-28T09:45:55.038351994Z I0128 09:45:55.038338       1 cmd.go:639] Writing secret manifest "/etc/kubernetes/static-pod-resources/kube-controller-manager-certs/secrets/csr-signer/tls.crt" ...
2026-01-28T09:45:55.038521287Z I0128 09:45:55.038503       1 cmd.go:639] Writing secret manifest "/etc/kubernetes/static-pod-resources/kube-controller-manager-certs/secrets/csr-signer/tls.key" ...
2026-01-28T09:45:55.038641410Z I0128 09:45:55.038612       1 cmd.go:261] Creating directory "/etc/kubernetes/static-pod-resources/kube-controller-manager-certs/secrets/kube-controller-manager-client-cert-key" ...
2026-01-28T09:45:55.038641410Z I0128 09:45:55.038629       1 cmd.go:639] Writing secret manifest "/etc/kubernetes/static-pod-resources/kube-controller-manager-certs/secrets/kube-controller-manager-client-cert-key/tls.crt" ...
2026-01-28T09:45:55.038757573Z I0128 09:45:55.038737       1 cmd.go:639] Writing secret manifest "/etc/kubernetes/static-pod-resources/kube-controller-manager-certs/secrets/kube-controller-manager-client-cert-key/tls.key" ...
2026-01-28T09:45:55.038858895Z I0128 09:45:55.038843       1 cmd.go:277] Creating directory "/etc/kubernetes/static-pod-resources/kube-controller-manager-certs/configmaps/aggregator-client-ca" ...
2026-01-28T09:45:55.038875065Z I0128 09:45:55.038861       1 cmd.go:629] Writing config file "/etc/kubernetes/static-pod-resources/kube-controller-manager-certs/configmaps/aggregator-client-ca/ca-bundle.crt" ...
2026-01-28T09:45:55.039006768Z I0128 09:45:55.038986       1 cmd.go:277] Creating directory "/etc/kubernetes/static-pod-resources/kube-controller-manager-certs/configmaps/client-ca" ...
2026-01-28T09:45:55.039046469Z I0128 09:45:55.039027       1 cmd.go:629] Writing config file "/etc/kubernetes/static-pod-resources/kube-controller-manager-certs/configmaps/client-ca/ca-bundle.crt" ...
2026-01-28T09:45:55.039249654Z I0128 09:45:55.039231       1 cmd.go:277] Creating directory "/etc/kubernetes/static-pod-resources/kube-controller-manager-certs/configmaps/trusted-ca-bundle" ...
2026-01-28T09:45:55.039311795Z I0128 09:45:55.039286       1 cmd.go:629] Writing config file "/etc/kubernetes/static-pod-resources/kube-controller-manager-certs/configmaps/trusted-ca-bundle/ca-bundle.crt" ...
2026-01-28T09:45:55.039634532Z I0128 09:45:55.039608       1 cmd.go:335] Getting pod configmaps/kube-controller-manager-pod-7 -n openshift-kube-controller-manager
2026-01-28T09:45:55.225750705Z I0128 09:45:55.225694       1 cmd.go:351] Creating directory for static pod manifest "/etc/kubernetes/manifests" ...
2026-01-28T09:45:55.225750705Z I0128 09:45:55.225732       1 cmd.go:379] Writing a pod under "kube-controller-manager-pod.yaml" key 
2026-01-28T09:45:55.225750705Z {"kind":"Pod","apiVersion":"v1","metadata":{"name":"kube-controller-manager","namespace":"openshift-kube-controller-manager","creationTimestamp":null,"labels":{"app":"kube-controller-manager","kube-controller-manager":"true","revision":"7"},"annotations":{"kubectl.kubernetes.io/default-container":"kube-controller-manager","target.workload.openshift.io/management":"{\"effect\": \"PreferredDuringScheduling\"}"}},"spec":{"volumes":[{"name":"resource-dir","hostPath":{"path":"/etc/kubernetes/static-pod-resources/kube-controller-manager-pod-7"}},{"name":"cert-dir","hostPath":{"path":"/etc/kubernetes/static-pod-resources/kube-controller-manager-certs"}},{"name":"tmp-dir","emptyDir":{}},{"name":"ca-trust-dir","emptyDir":{}},{"name":"var-run-kubernetes","emptyDir":{}},{"name":"kubelet-plugins","emptyDir":{}}],"containers":[{"name":"kube-controller-manager","image":"registry.build11.ci.openshift.org/ci-ln-vjb5l1t/stable@sha256:fb1529a27e685fb1b5b13a5d1e935a27c9b9591e884ec8f6c22025208ec02596","command":["/bin/bash","-euxo","pipefail","-c"],"args":["timeout 3m /bin/bash -exuo pipefail -c 'while [ -n \"$(ss -Htanop \\( sport = 10257 \\))\" ]; do sleep 1; done'\n\nif [ -f /etc/kubernetes/static-pod-certs/configmaps/trusted-ca-bundle/ca-bundle.crt ]; then\n  echo \"Copying system trust bundle\"\n  cp -f /etc/kubernetes/static-pod-certs/configmaps/trusted-ca-bundle/ca-bundle.crt /etc/pki/ca-trust/extracted/pem/tls-ca-bundle.pem\nfi\n\nif [ -f /etc/kubernetes/static-pod-resources/configmaps/cloud-config/ca-bundle.pem ]; then\n  echo \"Setting custom CA bundle for cloud provider\"\n  export AWS_CA_BUNDLE=/etc/kubernetes/static-pod-resources/configmaps/cloud-config/ca-bundle.pem\nfi\n\nexec hyperkube kube-controller-manager --openshift-config=/etc/kubernetes/static-pod-resources/configmaps/config/config.yaml \\\n  --kubeconfig=/etc/kubernetes/static-pod-resources/configmaps/controller-manager-kubeconfig/kubeconfig \\\n  --authentication-kubeconfig=/etc/kubernetes/static-pod-resources/configmaps/controller-manager-kubeconfig/kubeconfig \\\n  --authorization-kubeconfig=/etc/kubernetes/static-pod-resources/configmaps/controller-manager-kubeconfig/kubeconfig \\\n  --client-ca-file=/etc/kubernetes/static-pod-certs/configmaps/client-ca/ca-bundle.crt \\\n  --requestheader-client-ca-file=/etc/kubernetes/static-pod-certs/configmaps/aggregator-client-ca/ca-bundle.crt -v=2 --tls-cert-file=/etc/kubernetes/static-pod-resources/secrets/serving-cert/tls.crt --tls-private-key-file=/etc/kubernetes/static-pod-resources/secrets/serving-cert/tls.key --allocate-node-cidrs=false --cert-dir=/var/run/kubernetes --cloud-provider=external --cluster-cidr=10.128.0.0/14 --cluster-name=ci-ln-vjb5l1t-76ef8-snmcd --cluster-signing-cert-file=/etc/kubernetes/static-pod-certs/secrets/csr-signer/tls.crt --cluster-signing-duration=720h --cluster-signing-key-file=/etc/kubernetes/static-pod-certs/secrets/csr-signer/tls.key --controllers=* --controllers=-bootstrapsigner --controllers=-tokencleaner --controllers=-ttl --controllers=selinux-warning-controller --enable-dynamic-provisioning=true --feature-gates=AWSClusterHostedDNS=false --feature-gates=AWSClusterHostedDNSInstall=false --feature-gates=AWSDedicatedHosts=false --feature-gates=AWSServiceLBNetworkSecurityGroup=false --feature-gates=AdditionalRoutingCapabilities=true --feature-gates=AdminNetworkPolicy=true --feature-gates=AlibabaPlatform=true --feature-gates=AutomatedEtcdBackup=false --feature-gates=AzureClusterHostedDNSInstall=false --feature-gates=AzureDedicatedHosts=false --feature-gates=AzureMultiDisk=false --feature-gates=AzureWorkloadIdentity=true --feature-gates=BootImageSkewEnforcement=false --feature-gates=BootcNodeManagement=false --feature-gates=BuildCSIVolumes=true --feature-gates=CPMSMachineNamePrefix=true --feature-gates=ClusterAPIInstall=false --feature-gates=ClusterAPIInstallIBMCloud=false --feature-gates=ClusterMonitoringConfig=false --feature-gates=ClusterVersionOperatorConfiguration=false --feature-gates=ConsolePluginContentSecurityPolicy=true --feature-gates=DNSNameResolver=false --feature-gates=DualReplica=false --feature-gates=DyanmicServiceEndpointIBMCloud=false --feature-gates=DynamicResourceAllocation=false --feature-gates=EtcdBackendQuota=false --feature-gates=EventedPLEG=false --feature-gates=Example2=false --feature-gates=Example=false --feature-gates=ExternalOIDC=true --feature-gates=ExternalOIDCWithUIDAndExtraClaimMappings=true --feature-gates=ExternalSnapshotMetadata=false --feature-gates=GCPClusterHostedDNS=false --feature-gates=GCPClusterHostedDNSInstall=false --feature-gates=GCPCustomAPIEndpoints=false --feature-gates=GCPCustomAPIEndpointsInstall=false --feature-gates=GatewayAPI=true --feature-gates=GatewayAPIController=true --feature-gates=HighlyAvailableArbiter=true --feature-gates=ImageModeStatusReporting=false --feature-gates=ImageStreamImportMode=false --feature-gates=ImageVolume=true --feature-gates=IngressControllerDynamicConfigurationManager=false --feature-gates=IngressControllerLBSubnetsAWS=true --feature-gates=InsightsConfig=false --feature-gates=InsightsConfigAPI=false --feature-gates=InsightsOnDemandDataGather=false --feature-gates=IrreconcilableMachineConfig=false --feature-gates=KMSEncryptionProvider=false --feature-gates=KMSv1=true --feature-gates=MachineAPIMigration=false --feature-gates=MachineAPIOperatorDisableMachineHealthCheckController=false --feature-gates=MachineConfigNodes=true --feature-gates=ManagedBootImages=true --feature-gates=ManagedBootImagesAWS=true --feature-gates=ManagedBootImagesAzure=false --feature-gates=ManagedBootImagesvSphere=false --feature-gates=MaxUnavailableStatefulSet=false --feature-gates=MetricsCollectionProfiles=true --feature-gates=MinimumKubeletVersion=false --feature-gates=MixedCPUsAllocation=false --feature-gates=MultiArchInstallAzure=false --feature-gates=MultiDiskSetup=false --feature-gates=MutatingAdmissionPolicy=false --feature-gates=NetworkDiagnosticsConfig=true --feature-gates=NetworkLiveMigration=true --feature-gates=NetworkSegmentation=true --feature-gates=NewOLM=true --feature-gates=NewOLMCatalogdAPIV1Metas=false --feature-gates=NewOLMOwnSingleNamespace=false --feature-gates=NewOLMPreflightPermissionChecks=false --feature-gates=NewOLMWebhookProviderOpenshiftServiceCA=false --feature-gates=NoRegistryClusterOperations=false --feature-gates=NodeSwap=false --feature-gates=NutanixMultiSubnets=false --feature-gates=OVNObservability=false --feature-gates=OpenShiftPodSecurityAdmission=false --feature-gates=PinnedImages=true --feature-gates=PreconfiguredUDNAddresses=true --feature-gates=ProcMountType=true --feature-gates=RouteAdvertisements=true --feature-gates=RouteExternalCertificate=true --feature-gates=SELinuxMount=false --feature-gates=ServiceAccountTokenNodeBinding=true --feature-gates=SetEIPForNLBIngressController=true --feature-gates=ShortCertRotation=false --feature-gates=SignatureStores=false --feature-gates=SigstoreImageVerification=true --feature-gates=SigstoreImageVerificationPKI=false --feature-gates=StoragePerformantSecurityPolicy=true --feature-gates=TranslateStreamCloseWebsocketRequests=false --feature-gates=UpgradeStatus=true --feature-gates=UserNamespacesPodSecurityStandards=true --feature-gates=UserNamespacesSupport=true --feature-gates=VSphereConfigurableMaxAllowedBlockVolumesPerNode=false --feature-gates=VSphereHostVMGroupZonal=false --feature-gates=VSphereMixedNodeEnv=false --feature-gates=VSphereMultiDisk=true --feature-gates=VSphereMultiNetworks=true --feature-gates=VolumeAttributesClass=false --feature-gates=VolumeGroupSnapshot=false --flex-volume-plugin-dir=/etc/kubernetes/kubelet-plugins/volume/exec --kube-api-burst=300 --kube-api-qps=150 --leader-elect-renew-deadline=12s --leader-elect-resource-lock=leases --leader-elect-retry-period=3s --leader-elect=true --pv-recycler-pod-template-filepath-hostpath=/etc/kubernetes/static-pod-resources/configmaps/recycler-config/recycler-pod.yaml --pv-recycler-pod-template-filepath-nfs=/etc/kubernetes/static-pod-resources/configmaps/recycler-config/recycler-pod.yaml --root-ca-file=/etc/kubernetes/static-pod-resources/configmaps/serviceaccount-ca/ca-bundle.crt --secure-port=10257 --service-account-private-key-file=/etc/kubernetes/static-pod-resources/secrets/service-account-private-key/service-account.key --service-cluster-ip-range=172.30.0.0/16 --use-service-account-credentials=true --tls-cipher-suites=TLS_AES_128_GCM_SHA256,TLS_AES_256_GCM_SHA384,TLS_CHACHA20_POLY1305_SHA256,TLS_ECDHE_ECDSA_WITH_AES_128_GCM_SHA256,TLS_ECDHE_RSA_WITH_AES_128_GCM_SHA256,TLS_ECDHE_ECDSA_WITH_AES_256_GCM_SHA384,TLS_ECDHE_RSA_WITH_AES_256_GCM_SHA384,TLS_ECDHE_ECDSA_WITH_CHACHA20_POLY1305_SHA256,TLS_ECDHE_RSA_WITH_CHACHA20_POLY1305_SHA256 --tls-min-version=VersionTLS12"],"ports":[{"containerPort":10257}],"resources":{"requests":{"cpu":"60m","memory":"200Mi"}},"volumeMounts":[{"name":"resource-dir","mountPath":"/etc/kubernetes/static-pod-resources"},{"name":"cert-dir","mountPath":"/etc/kubernetes/static-pod-certs"}],"livenessProbe":{"httpGet":{"path":"healthz","port":10257,"scheme":"HTTPS"},"initialDelaySeconds":45,"timeoutSeconds":10},"readinessProbe":{"httpGet":{"path":"healthz","port":10257,"scheme":"HTTPS"},"initialDelaySeconds":10,"timeoutSeconds":10},"startupProbe":{"httpGet":{"path":"healthz","port":10257,"scheme":"HTTPS"},"timeoutSeconds":3},"terminationMessagePolicy":"FallbackToLogsOnError","imagePullPolicy":"IfNotPresent"},{"name":"cluster-policy-controller","image":"registry.build11.ci.openshift.org/ci-ln-vjb5l1t/stable@sha256:845aa0726919c6280d01d1aa488a139444bf86198082e33f1da3ddb9d91aa3b7","command":["/bin/bash","-euxo","pipefail","-c"],"args":["timeout 3m /bin/bash -exuo pipefail -c 'while [ -n \"$(ss -Htanop \\( sport = 10357 \\))\" ]; do sleep 1; done'\n\nexec cluster-policy-controller start --config=/etc/kubernetes/static-pod-resources/configmaps/cluster-policy-controller-config/config.yaml \\\n  --kubeconfig=/etc/kubernetes/static-pod-resources/configmaps/controller-manager-kubeconfig/kubeconfig \\\n  --namespace=${POD_NAMESPACE} -v=2"],"ports":[{"containerPort":10357}],"env":[{"name":"POD_NAME","valueFrom":{"fieldRef":{"fieldPath":"metadata.name"}}},{"name":"POD_NAMESPACE","valueFrom":{"fieldRef":{"fieldPath":"metadata.namespace"}}}],"resources":{"requests":{"cpu":"10m","memory":"200Mi"}},"volumeMounts":[{"name":"resource-dir","mountPath":"/etc/kubernetes/static-pod-resources"},{"name":"cert-dir","mountPath":"/etc/kubernetes/static-pod-certs"},{"name":"tmp-dir","mountPath":"/tmp"},{"name":"ca-trust-dir","mountPath":"/etc/pki/ca-trust/extracted/pem"},{"name":"var-run-kubernetes","mountPath":"/var/run/kubernetes"}],"livenessProbe":{"httpGet":{"path":"healthz","port":10357,"host":"localhost","scheme":"HTTPS"},"initialDelaySeconds":45,"timeoutSeconds":10},"readinessProbe":{"httpGet":{"path":"healthz","port":10357,"host":"localhost","scheme":"HTTPS"},"initialDelaySeconds":10,"timeoutSeconds":10},"startupProbe":{"httpGet":{"path":"healthz","port":10357,"host":"localhost","scheme":"HTTPS"},"timeoutSeconds":3},"terminationMessagePolicy":"FallbackToLogsOnError","imagePullPolicy":"IfNotPresent","securityContext":{"readOnlyRootFilesystem":true}},{"name":"kube-controller-manager-cert-syncer","image":"registry.build11.ci.openshift.org/ci-ln-vjb5l1t/stable@sha256:f96b1808afd9f4668b6ac008696616690a796ace4bdf46e4f2d2c3b46eaafc5e","command":["cluster-kube-controller-manager-operator","cert-syncer"],"args":["--kubeconfig=/etc/kubernetes/static-pod-resources/configmaps/kube-controller-cert-syncer-kubeconfig/kubeconfig","--namespace=$(POD_NAMESPACE)","--destination-dir=/etc/kubernetes/static-pod-certs"],"env":[{"name":"POD_NAME","valueFrom":{"fieldRef":{"fieldPath":"metadata.name"}}},{"name":"POD_NAMESPACE","valueFrom":{"fieldRef":{"fieldPath":"metadata.namespace"}}}],"resources":{"requests":{"cpu":"5m","memory":"50Mi"}},"volumeMounts":[{"name":"resource-dir","mountPath":"/etc/kubernetes/static-pod-resources"},{"name":"cert-dir","mountPath":"/etc/kubernetes/static-pod-certs"},{"name":"tmp-dir","mountPath":"/tmp"},{"name":"ca-trust-dir","mountPath":"/etc/pki/ca-trust/extracted/pem"},{"name":"var-run-kubernetes","mountPath":"/var/run/kubernetes"}],"terminationMessagePolicy":"FallbackToLogsOnError","imagePullPolicy":"IfNotPresent","securityContext":{"readOnlyRootFilesystem":true}},{"name":"kube-controller-manager-recovery-controller","image":"registry.build11.ci.openshift.org/ci-ln-vjb5l1t/stable@sha256:f96b1808afd9f4668b6ac008696616690a796ace4bdf46e4f2d2c3b46eaafc5e","command":["/bin/bash","-euxo","pipefail","-c"],"args":["timeout 3m /bin/bash -exuo pipefail -c 'while [ -n \"$(ss -Htanop \\( sport = 9443 \\))\" ]; do sleep 1; done'\n\nexec cluster-kube-controller-manager-operator cert-recovery-controller --kubeconfig=/etc/kubernetes/static-pod-resources/configmaps/kube-controller-cert-syncer-kubeconfig/kubeconfig --namespace=${POD_NAMESPACE} --listen=0.0.0.0:9443 -v=2"],"env":[{"name":"POD_NAMESPACE","valueFrom":{"fieldRef":{"fieldPath":"metadata.namespace"}}},{"name":"OPERATOR_IMAGE_VERSION","value":"4.20.0-0-2026-01-28-090915-test-ci-ln-vjb5l1t-latest"}],"resources":{"requests":{"cpu":"5m","memory":"50Mi"}},"volumeMounts":[{"name":"resource-dir","mountPath":"/etc/kubernetes/static-pod-resources"},{"name":"cert-dir","mountPath":"/etc/kubernetes/static-pod-certs"},{"name":"tmp-dir","mountPath":"/tmp"},{"name":"ca-trust-dir","mountPath":"/etc/pki/ca-trust/extracted/pem"},{"name":"var-run-kubernetes","mountPath":"/var/run/kubernetes"}],"terminationMessagePolicy":"FallbackToLogsOnError","imagePullPolicy":"IfNotPresent","securityContext":{"readOnlyRootFilesystem":true}}],"hostNetwork":true,"tolerations":[{"operator":"Exists"}],"priorityClassName":"system-node-critical","priority":2000001000},"status":{}}
2026-01-28T09:45:55.228272622Z I0128 09:45:55.228225       1 cmd.go:610] Writing pod manifest "/etc/kubernetes/static-pod-resources/kube-controller-manager-pod-7/kube-controller-manager-pod.yaml" ...
2026-01-28T09:45:55.228492107Z I0128 09:45:55.228457       1 cmd.go:617] Removed existing static pod manifest "/etc/kubernetes/manifests/kube-controller-manager-pod.yaml" ...
2026-01-28T09:45:55.228655011Z I0128 09:45:55.228627       1 cmd.go:621] Writing static pod manifest "/etc/kubernetes/manifests/kube-controller-manager-pod.yaml" ...
2026-01-28T09:45:55.228655011Z {"kind":"Pod","apiVersion":"v1","metadata":{"name":"kube-controller-manager","namespace":"openshift-kube-controller-manager","creationTimestamp":null,"labels":{"app":"kube-controller-manager","kube-controller-manager":"true","revision":"7"},"annotations":{"kubectl.kubernetes.io/default-container":"kube-controller-manager","target.workload.openshift.io/management":"{\"effect\": \"PreferredDuringScheduling\"}"}},"spec":{"volumes":[{"name":"resource-dir","hostPath":{"path":"/etc/kubernetes/static-pod-resources/kube-controller-manager-pod-7"}},{"name":"cert-dir","hostPath":{"path":"/etc/kubernetes/static-pod-resources/kube-controller-manager-certs"}},{"name":"tmp-dir","emptyDir":{}},{"name":"ca-trust-dir","emptyDir":{}},{"name":"var-run-kubernetes","emptyDir":{}},{"name":"kubelet-plugins","emptyDir":{}}],"containers":[{"name":"kube-controller-manager","image":"registry.build11.ci.openshift.org/ci-ln-vjb5l1t/stable@sha256:fb1529a27e685fb1b5b13a5d1e935a27c9b9591e884ec8f6c22025208ec02596","command":["/bin/bash","-euxo","pipefail","-c"],"args":["timeout 3m /bin/bash -exuo pipefail -c 'while [ -n \"$(ss -Htanop \\( sport = 10257 \\))\" ]; do sleep 1; done'\n\nif [ -f /etc/kubernetes/static-pod-certs/configmaps/trusted-ca-bundle/ca-bundle.crt ]; then\n  echo \"Copying system trust bundle\"\n  cp -f /etc/kubernetes/static-pod-certs/configmaps/trusted-ca-bundle/ca-bundle.crt /etc/pki/ca-trust/extracted/pem/tls-ca-bundle.pem\nfi\n\nif [ -f /etc/kubernetes/static-pod-resources/configmaps/cloud-config/ca-bundle.pem ]; then\n  echo \"Setting custom CA bundle for cloud provider\"\n  export AWS_CA_BUNDLE=/etc/kubernetes/static-pod-resources/configmaps/cloud-config/ca-bundle.pem\nfi\n\nexec hyperkube kube-controller-manager --openshift-config=/etc/kubernetes/static-pod-resources/configmaps/config/config.yaml \\\n  --kubeconfig=/etc/kubernetes/static-pod-resources/configmaps/controller-manager-kubeconfig/kubeconfig \\\n  --authentication-kubeconfig=/etc/kubernetes/static-pod-resources/configmaps/controller-manager-kubeconfig/kubeconfig \\\n  --authorization-kubeconfig=/etc/kubernetes/static-pod-resources/configmaps/controller-manager-kubeconfig/kubeconfig \\\n  --client-ca-file=/etc/kubernetes/static-pod-certs/configmaps/client-ca/ca-bundle.crt \\\n  --requestheader-client-ca-file=/etc/kubernetes/static-pod-certs/configmaps/aggregator-client-ca/ca-bundle.crt -v=2 --tls-cert-file=/etc/kubernetes/static-pod-resources/secrets/serving-cert/tls.crt --tls-private-key-file=/etc/kubernetes/static-pod-resources/secrets/serving-cert/tls.key --allocate-node-cidrs=false --cert-dir=/var/run/kubernetes --cloud-provider=external --cluster-cidr=10.128.0.0/14 --cluster-name=ci-ln-vjb5l1t-76ef8-snmcd --cluster-signing-cert-file=/etc/kubernetes/static-pod-certs/secrets/csr-signer/tls.crt --cluster-signing-duration=720h --cluster-signing-key-file=/etc/kubernetes/static-pod-certs/secrets/csr-signer/tls.key --controllers=* --controllers=-bootstrapsigner --controllers=-tokencleaner --controllers=-ttl --controllers=selinux-warning-controller --enable-dynamic-provisioning=true --feature-gates=AWSClusterHostedDNS=false --feature-gates=AWSClusterHostedDNSInstall=false --feature-gates=AWSDedicatedHosts=false --feature-gates=AWSServiceLBNetworkSecurityGroup=false --feature-gates=AdditionalRoutingCapabilities=true --feature-gates=AdminNetworkPolicy=true --feature-gates=AlibabaPlatform=true --feature-gates=AutomatedEtcdBackup=false --feature-gates=AzureClusterHostedDNSInstall=false --feature-gates=AzureDedicatedHosts=false --feature-gates=AzureMultiDisk=false --feature-gates=AzureWorkloadIdentity=true --feature-gates=BootImageSkewEnforcement=false --feature-gates=BootcNodeManagement=false --feature-gates=BuildCSIVolumes=true --feature-gates=CPMSMachineNamePrefix=true --feature-gates=ClusterAPIInstall=false --feature-gates=ClusterAPIInstallIBMCloud=false --feature-gates=ClusterMonitoringConfig=false --feature-gates=ClusterVersionOperatorConfiguration=false --feature-gates=ConsolePluginContentSecurityPolicy=true --feature-gates=DNSNameResolver=false --feature-gates=DualReplica=false --feature-gates=DyanmicServiceEndpointIBMCloud=false --feature-gates=DynamicResourceAllocation=false --feature-gates=EtcdBackendQuota=false --feature-gates=EventedPLEG=false --feature-gates=Example2=false --feature-gates=Example=false --feature-gates=ExternalOIDC=true --feature-gates=ExternalOIDCWithUIDAndExtraClaimMappings=true --feature-gates=ExternalSnapshotMetadata=false --feature-gates=GCPClusterHostedDNS=false --feature-gates=GCPClusterHostedDNSInstall=false --feature-gates=GCPCustomAPIEndpoints=false --feature-gates=GCPCustomAPIEndpointsInstall=false --feature-gates=GatewayAPI=true --feature-gates=GatewayAPIController=true --feature-gates=HighlyAvailableArbiter=true --feature-gates=ImageModeStatusReporting=false --feature-gates=ImageStreamImportMode=false --feature-gates=ImageVolume=true --feature-gates=IngressControllerDynamicConfigurationManager=false --feature-gates=IngressControllerLBSubnetsAWS=true --feature-gates=InsightsConfig=false --feature-gates=InsightsConfigAPI=false --feature-gates=InsightsOnDemandDataGather=false --feature-gates=IrreconcilableMachineConfig=false --feature-gates=KMSEncryptionProvider=false --feature-gates=KMSv1=true --feature-gates=MachineAPIMigration=false --feature-gates=MachineAPIOperatorDisableMachineHealthCheckController=false --feature-gates=MachineConfigNodes=true --feature-gates=ManagedBootImages=true --feature-gates=ManagedBootImagesAWS=true --feature-gates=ManagedBootImagesAzure=false --feature-gates=ManagedBootImagesvSphere=false --feature-gates=MaxUnavailableStatefulSet=false --feature-gates=MetricsCollectionProfiles=true --feature-gates=MinimumKubeletVersion=false --feature-gates=MixedCPUsAllocation=false --feature-gates=MultiArchInstallAzure=false --feature-gates=MultiDiskSetup=false --feature-gates=MutatingAdmissionPolicy=false --feature-gates=NetworkDiagnosticsConfig=true --feature-gates=NetworkLiveMigration=true --feature-gates=NetworkSegmentation=true --feature-gates=NewOLM=true --feature-gates=NewOLMCatalogdAPIV1Metas=false --feature-gates=NewOLMOwnSingleNamespace=false --feature-gates=NewOLMPreflightPermissionChecks=false --feature-gates=NewOLMWebhookProviderOpenshiftServiceCA=false --feature-gates=NoRegistryClusterOperations=false --feature-gates=NodeSwap=false --feature-gates=NutanixMultiSubnets=false --feature-gates=OVNObservability=false --feature-gates=OpenShiftPodSecurityAdmission=false --feature-gates=PinnedImages=true --feature-gates=PreconfiguredUDNAddresses=true --feature-gates=ProcMountType=true --feature-gates=RouteAdvertisements=true --feature-gates=RouteExternalCertificate=true --feature-gates=SELinuxMount=false --feature-gates=ServiceAccountTokenNodeBinding=true --feature-gates=SetEIPForNLBIngressController=true --feature-gates=ShortCertRotation=false --feature-gates=SignatureStores=false --feature-gates=SigstoreImageVerification=true --feature-gates=SigstoreImageVerificationPKI=false --feature-gates=StoragePerformantSecurityPolicy=true --feature-gates=TranslateStreamCloseWebsocketRequests=false --feature-gates=UpgradeStatus=true --feature-gates=UserNamespacesPodSecurityStandards=true --feature-gates=UserNamespacesSupport=true --feature-gates=VSphereConfigurableMaxAllowedBlockVolumesPerNode=false --feature-gates=VSphereHostVMGroupZonal=false --feature-gates=VSphereMixedNodeEnv=false --feature-gates=VSphereMultiDisk=true --feature-gates=VSphereMultiNetworks=true --feature-gates=VolumeAttributesClass=false --feature-gates=VolumeGroupSnapshot=false --flex-volume-plugin-dir=/etc/kubernetes/kubelet-plugins/volume/exec --kube-api-burst=300 --kube-api-qps=150 --leader-elect-renew-deadline=12s --leader-elect-resource-lock=leases --leader-elect-retry-period=3s --leader-elect=true --pv-recycler-pod-template-filepath-hostpath=/etc/kubernetes/static-pod-resources/configmaps/recycler-config/recycler-pod.yaml --pv-recycler-pod-template-filepath-nfs=/etc/kubernetes/static-pod-resources/configmaps/recycler-config/recycler-pod.yaml --root-ca-file=/etc/kubernetes/static-pod-resources/configmaps/serviceaccount-ca/ca-bundle.crt --secure-port=10257 --service-account-private-key-file=/etc/kubernetes/static-pod-resources/secrets/service-account-private-key/service-account.key --service-cluster-ip-range=172.30.0.0/16 --use-service-account-credentials=true --tls-cipher-suites=TLS_AES_128_GCM_SHA256,TLS_AES_256_GCM_SHA384,TLS_CHACHA20_POLY1305_SHA256,TLS_ECDHE_ECDSA_WITH_AES_128_GCM_SHA256,TLS_ECDHE_RSA_WITH_AES_128_GCM_SHA256,TLS_ECDHE_ECDSA_WITH_AES_256_GCM_SHA384,TLS_ECDHE_RSA_WITH_AES_256_GCM_SHA384,TLS_ECDHE_ECDSA_WITH_CHACHA20_POLY1305_SHA256,TLS_ECDHE_RSA_WITH_CHACHA20_POLY1305_SHA256 --tls-min-version=VersionTLS12"],"ports":[{"containerPort":10257}],"resources":{"requests":{"cpu":"60m","memory":"200Mi"}},"volumeMounts":[{"name":"resource-dir","mountPath":"/etc/kubernetes/static-pod-resources"},{"name":"cert-dir","mountPath":"/etc/kubernetes/static-pod-certs"}],"livenessProbe":{"httpGet":{"path":"healthz","port":10257,"scheme":"HTTPS"},"initialDelaySeconds":45,"timeoutSeconds":10},"readinessProbe":{"httpGet":{"path":"healthz","port":10257,"scheme":"HTTPS"},"initialDelaySeconds":10,"timeoutSeconds":10},"startupProbe":{"httpGet":{"path":"healthz","port":10257,"scheme":"HTTPS"},"timeoutSeconds":3},"terminationMessagePolicy":"FallbackToLogsOnError","imagePullPolicy":"IfNotPresent"},{"name":"cluster-policy-controller","image":"registry.build11.ci.openshift.org/ci-ln-vjb5l1t/stable@sha256:845aa0726919c6280d01d1aa488a139444bf86198082e33f1da3ddb9d91aa3b7","command":["/bin/bash","-euxo","pipefail","-c"],"args":["timeout 3m /bin/bash -exuo pipefail -c 'while [ -n \"$(ss -Htanop \\( sport = 10357 \\))\" ]; do sleep 1; done'\n\nexec cluster-policy-controller start --config=/etc/kubernetes/static-pod-resources/configmaps/cluster-policy-controller-config/config.yaml \\\n  --kubeconfig=/etc/kubernetes/static-pod-resources/configmaps/controller-manager-kubeconfig/kubeconfig \\\n  --namespace=${POD_NAMESPACE} -v=2"],"ports":[{"containerPort":10357}],"env":[{"name":"POD_NAME","valueFrom":{"fieldRef":{"fieldPath":"metadata.name"}}},{"name":"POD_NAMESPACE","valueFrom":{"fieldRef":{"fieldPath":"metadata.namespace"}}}],"resources":{"requests":{"cpu":"10m","memory":"200Mi"}},"volumeMounts":[{"name":"resource-dir","mountPath":"/etc/kubernetes/static-pod-resources"},{"name":"cert-dir","mountPath":"/etc/kubernetes/static-pod-certs"},{"name":"tmp-dir","mountPath":"/tmp"},{"name":"ca-trust-dir","mountPath":"/etc/pki/ca-trust/extracted/pem"},{"name":"var-run-kubernetes","mountPath":"/var/run/kubernetes"}],"livenessProbe":{"httpGet":{"path":"healthz","port":10357,"host":"localhost","scheme":"HTTPS"},"initialDelaySeconds":45,"timeoutSeconds":10},"readinessProbe":{"httpGet":{"path":"healthz","port":10357,"host":"localhost","scheme":"HTTPS"},"initialDelaySeconds":10,"timeoutSeconds":10},"startupProbe":{"httpGet":{"path":"healthz","port":10357,"host":"localhost","scheme":"HTTPS"},"timeoutSeconds":3},"terminationMessagePolicy":"FallbackToLogsOnError","imagePullPolicy":"IfNotPresent","securityContext":{"readOnlyRootFilesystem":true}},{"name":"kube-controller-manager-cert-syncer","image":"registry.build11.ci.openshift.org/ci-ln-vjb5l1t/stable@sha256:f96b1808afd9f4668b6ac008696616690a796ace4bdf46e4f2d2c3b46eaafc5e","command":["cluster-kube-controller-manager-operator","cert-syncer"],"args":["--kubeconfig=/etc/kubernetes/static-pod-resources/configmaps/kube-controller-cert-syncer-kubeconfig/kubeconfig","--namespace=$(POD_NAMESPACE)","--destination-dir=/etc/kubernetes/static-pod-certs"],"env":[{"name":"POD_NAME","valueFrom":{"fieldRef":{"fieldPath":"metadata.name"}}},{"name":"POD_NAMESPACE","valueFrom":{"fieldRef":{"fieldPath":"metadata.namespace"}}}],"resources":{"requests":{"cpu":"5m","memory":"50Mi"}},"volumeMounts":[{"name":"resource-dir","mountPath":"/etc/kubernetes/static-pod-resources"},{"name":"cert-dir","mountPath":"/etc/kubernetes/static-pod-certs"},{"name":"tmp-dir","mountPath":"/tmp"},{"name":"ca-trust-dir","mountPath":"/etc/pki/ca-trust/extracted/pem"},{"name":"var-run-kubernetes","mountPath":"/var/run/kubernetes"}],"terminationMessagePolicy":"FallbackToLogsOnError","imagePullPolicy":"IfNotPresent","securityContext":{"readOnlyRootFilesystem":true}},{"name":"kube-controller-manager-recovery-controller","image":"registry.build11.ci.openshift.org/ci-ln-vjb5l1t/stable@sha256:f96b1808afd9f4668b6ac008696616690a796ace4bdf46e4f2d2c3b46eaafc5e","command":["/bin/bash","-euxo","pipefail","-c"],"args":["timeout 3m /bin/bash -exuo pipefail -c 'while [ -n \"$(ss -Htanop \\( sport = 9443 \\))\" ]; do sleep 1; done'\n\nexec cluster-kube-controller-manager-operator cert-recovery-controller --kubeconfig=/etc/kubernetes/static-pod-resources/configmaps/kube-controller-cert-syncer-kubeconfig/kubeconfig --namespace=${POD_NAMESPACE} --listen=0.0.0.0:9443 -v=2"],"env":[{"name":"POD_NAMESPACE","valueFrom":{"fieldRef":{"fieldPath":"metadata.namespace"}}},{"name":"OPERATOR_IMAGE_VERSION","value":"4.20.0-0-2026-01-28-090915-test-ci-ln-vjb5l1t-latest"}],"resources":{"requests":{"cpu":"5m","memory":"50Mi"}},"volumeMounts":[{"name":"resource-dir","mountPath":"/etc/kubernetes/static-pod-resources"},{"name":"cert-dir","mountPath":"/etc/kubernetes/static-pod-certs"},{"name":"tmp-dir","mountPath":"/tmp"},{"name":"ca-trust-dir","mountPath":"/etc/pki/ca-trust/extracted/pem"},{"name":"var-run-kubernetes","mountPath":"/var/run/kubernetes"}],"terminationMessagePolicy":"FallbackToLogsOnError","imagePullPolicy":"IfNotPresent","securityContext":{"readOnlyRootFilesystem":true}}],"hostNetwork":true,"tolerations":[{"operator":"Exists"}],"priorityClassName":"system-node-critical","priority":2000001000},"status":{}}
