2026-01-28T09:45:52.451912528Z W0128 09:45:52.451758       1 cmd.go:257] Using insecure, self-signed certificates
2026-01-28T09:45:52.452221215Z I0128 09:45:52.452199       1 crypto.go:594] Generating new CA for check-endpoints-signer@1769593552 cert, and key in /tmp/serving-cert-3833519323/serving-signer.crt, /tmp/serving-cert-3833519323/serving-signer.key
2026-01-28T09:45:52.452221215Z Validity period of the certificate for "check-endpoints-signer@1769593552" is unset, resetting to 43800h0m0s!
2026-01-28T09:45:52.975924073Z I0128 09:45:52.975869       1 observer_polling.go:159] Starting file observer
2026-01-28T09:45:52.976059296Z I0128 09:45:52.976034       1 envvar.go:172] "Feature gate default state" feature="ClientsAllowCBOR" enabled=false
2026-01-28T09:45:52.976059296Z I0128 09:45:52.976051       1 envvar.go:172] "Feature gate default state" feature="ClientsPreferCBOR" enabled=false
2026-01-28T09:45:52.976059296Z I0128 09:45:52.976056       1 envvar.go:172] "Feature gate default state" feature="InformerResourceVersion" enabled=false
2026-01-28T09:45:52.976071956Z I0128 09:45:52.976059       1 envvar.go:172] "Feature gate default state" feature="InOrderInformers" enabled=true
2026-01-28T09:45:52.976071956Z I0128 09:45:52.976062       1 envvar.go:172] "Feature gate default state" feature="WatchListClient" enabled=false
2026-01-28T09:45:52.987332830Z I0128 09:45:52.987292       1 builder.go:304] check-endpoints version 4.20.0-202601161812.p2.g974542a.assembly.stream.el9-974542a-974542ae2ef86a631546b3a48fd0da3c2e3b74dd
2026-01-28T09:45:52.987966924Z I0128 09:45:52.987937       1 dynamic_serving_content.go:116] "Loaded a new cert/key pair" name="serving-cert::/tmp/serving-cert-3833519323/tls.crt::/tmp/serving-cert-3833519323/tls.key"
2026-01-28T09:45:53.353245383Z I0128 09:45:53.353205       1 requestheader_controller.go:255] Loaded a new request header values for RequestHeaderAuthRequestController
2026-01-28T09:45:53.354866289Z I0128 09:45:53.354844       1 maxinflight.go:139] "Initialized nonMutatingChan" len=400
2026-01-28T09:45:53.354907730Z I0128 09:45:53.354896       1 maxinflight.go:145] "Initialized mutatingChan" len=200
2026-01-28T09:45:53.354997772Z I0128 09:45:53.354985       1 maxinflight.go:116] "Set denominator for readonly requests" limit=400
2026-01-28T09:45:53.355027083Z I0128 09:45:53.355017       1 maxinflight.go:120] "Set denominator for mutating requests" limit=200
2026-01-28T09:45:53.358507801Z I0128 09:45:53.358474       1 secure_serving.go:57] Forcing use of http/1.1 only
2026-01-28T09:45:53.358507801Z I0128 09:45:53.358488       1 genericapiserver.go:546] MuxAndDiscoveryComplete has all endpoints registered and discovery information is complete
2026-01-28T09:45:53.358507801Z W0128 09:45:53.358501       1 secure_serving.go:69] Use of insecure cipher 'TLS_ECDHE_ECDSA_WITH_AES_128_CBC_SHA256' detected.
2026-01-28T09:45:53.358532942Z W0128 09:45:53.358510       1 secure_serving.go:69] Use of insecure cipher 'TLS_ECDHE_RSA_WITH_AES_128_CBC_SHA256' detected.
2026-01-28T09:45:53.358532942Z W0128 09:45:53.358516       1 secure_serving.go:69] Use of insecure cipher 'TLS_RSA_WITH_AES_128_GCM_SHA256' detected.
2026-01-28T09:45:53.358532942Z W0128 09:45:53.358519       1 secure_serving.go:69] Use of insecure cipher 'TLS_RSA_WITH_AES_256_GCM_SHA384' detected.
2026-01-28T09:45:53.358532942Z W0128 09:45:53.358522       1 secure_serving.go:69] Use of insecure cipher 'TLS_RSA_WITH_AES_128_CBC_SHA' detected.
2026-01-28T09:45:53.358532942Z W0128 09:45:53.358525       1 secure_serving.go:69] Use of insecure cipher 'TLS_RSA_WITH_AES_256_CBC_SHA' detected.
2026-01-28T09:45:53.361942589Z I0128 09:45:53.361921       1 requestheader_controller.go:180] Starting RequestHeaderAuthRequestController
2026-01-28T09:45:53.361988850Z I0128 09:45:53.361959       1 shared_informer.go:350] "Waiting for caches to sync" controller="RequestHeaderAuthRequestController"
2026-01-28T09:45:53.362029531Z I0128 09:45:53.362008       1 configmap_cafile_content.go:205] "Starting controller" name="client-ca::kube-system::extension-apiserver-authentication::client-ca-file"
2026-01-28T09:45:53.362071341Z I0128 09:45:53.362028       1 configmap_cafile_content.go:205] "Starting controller" name="client-ca::kube-system::extension-apiserver-authentication::requestheader-client-ca-file"
2026-01-28T09:45:53.362128563Z I0128 09:45:53.362114       1 shared_informer.go:350] "Waiting for caches to sync" controller="client-ca::kube-system::extension-apiserver-authentication::requestheader-client-ca-file"
2026-01-28T09:45:53.362177244Z I0128 09:45:53.362061       1 shared_informer.go:350] "Waiting for caches to sync" controller="client-ca::kube-system::extension-apiserver-authentication::client-ca-file"
2026-01-28T09:45:53.362317427Z I0128 09:45:53.362293       1 dynamic_serving_content.go:135] "Starting controller" name="serving-cert::/tmp/serving-cert-3833519323/tls.crt::/tmp/serving-cert-3833519323/tls.key"
2026-01-28T09:45:53.362529712Z I0128 09:45:53.362501       1 tlsconfig.go:203] "Loaded serving cert" certName="serving-cert::/tmp/serving-cert-3833519323/tls.crt::/tmp/serving-cert-3833519323/tls.key" certDetail="\"localhost\" [serving] validServingFor=[localhost] issuer=\"check-endpoints-signer@1769593552\" (2026-01-28 09:45:51 +0000 UTC to 2026-01-28 09:45:52 +0000 UTC (now=2026-01-28 09:45:53.362465761 +0000 UTC))"
2026-01-28T09:45:53.362675735Z I0128 09:45:53.362657       1 named_certificates.go:53] "Loaded SNI cert" index=0 certName="self-signed loopback" certDetail="\"apiserver-loopback-client@1769593553\" [serving] validServingFor=[apiserver-loopback-client] issuer=\"apiserver-loopback-client-ca@1769593553\" (2026-01-28 08:45:52 +0000 UTC to 2029-01-28 08:45:52 +0000 UTC (now=2026-01-28 09:45:53.362643754 +0000 UTC))"
2026-01-28T09:45:53.362688866Z I0128 09:45:53.362675       1 secure_serving.go:211] Serving securely on [::]:17698
2026-01-28T09:45:53.362697766Z I0128 09:45:53.362689       1 genericapiserver.go:696] [graceful-termination] waiting for shutdown to be initiated
2026-01-28T09:45:53.362720106Z I0128 09:45:53.362707       1 tlsconfig.go:243] "Starting DynamicServingCertificateController"
2026-01-28T09:45:53.363228978Z I0128 09:45:53.363174       1 base_controller.go:76] Waiting for caches to sync for CheckEndpointsTimeToStart
2026-01-28T09:45:53.363592666Z I0128 09:45:53.363545       1 reflector.go:430] "Caches populated" type="*v1.ConfigMap" reflector="k8s.io/client-go@v0.33.2/tools/cache/reflector.go:285"
2026-01-28T09:45:53.363725899Z I0128 09:45:53.363689       1 reflector.go:430] "Caches populated" type="*v1.ConfigMap" reflector="k8s.io/client-go@v0.33.2/tools/cache/reflector.go:285"
2026-01-28T09:45:53.363809511Z I0128 09:45:53.363698       1 reflector.go:430] "Caches populated" type="*v1.ConfigMap" reflector="k8s.io/client-go@v0.33.2/tools/cache/reflector.go:285"
2026-01-28T09:45:53.463672360Z I0128 09:45:53.463608       1 shared_informer.go:357] "Caches are synced" controller="client-ca::kube-system::extension-apiserver-authentication::client-ca-file"
2026-01-28T09:45:53.463672360Z I0128 09:45:53.463608       1 shared_informer.go:357] "Caches are synced" controller="RequestHeaderAuthRequestController"
2026-01-28T09:45:53.463806773Z I0128 09:45:53.463772       1 shared_informer.go:357] "Caches are synced" controller="client-ca::kube-system::extension-apiserver-authentication::requestheader-client-ca-file"
2026-01-28T09:45:53.464038069Z I0128 09:45:53.464005       1 tlsconfig.go:181] "Loaded client CA" index=0 certName="client-ca::kube-system::extension-apiserver-authentication::client-ca-file,client-ca::kube-system::extension-apiserver-authentication::requestheader-client-ca-file" certDetail="\"aggregator-signer\" [] issuer=\"<self>\" (2026-01-28 09:13:04 +0000 UTC to 2026-01-29 09:13:04 +0000 UTC (now=2026-01-28 09:45:53.463976217 +0000 UTC))"
2026-01-28T09:45:53.464264564Z I0128 09:45:53.464235       1 tlsconfig.go:203] "Loaded serving cert" certName="serving-cert::/tmp/serving-cert-3833519323/tls.crt::/tmp/serving-cert-3833519323/tls.key" certDetail="\"localhost\" [serving] validServingFor=[localhost] issuer=\"check-endpoints-signer@1769593552\" (2026-01-28 09:45:51 +0000 UTC to 2026-01-28 09:45:52 +0000 UTC (now=2026-01-28 09:45:53.464217413 +0000 UTC))"
2026-01-28T09:45:53.464452278Z I0128 09:45:53.464424       1 named_certificates.go:53] "Loaded SNI cert" index=0 certName="self-signed loopback" certDetail="\"apiserver-loopback-client@1769593553\" [serving] validServingFor=[apiserver-loopback-client] issuer=\"apiserver-loopback-client-ca@1769593553\" (2026-01-28 08:45:52 +0000 UTC to 2029-01-28 08:45:52 +0000 UTC (now=2026-01-28 09:45:53.464412557 +0000 UTC))"
2026-01-28T09:45:53.464585611Z I0128 09:45:53.464554       1 tlsconfig.go:181] "Loaded client CA" index=0 certName="client-ca::kube-system::extension-apiserver-authentication::client-ca-file,client-ca::kube-system::extension-apiserver-authentication::requestheader-client-ca-file" certDetail="\"admin-kubeconfig-signer\" [] issuer=\"<self>\" (2026-01-28 09:13:02 +0000 UTC to 2036-01-26 09:13:02 +0000 UTC (now=2026-01-28 09:45:53.46453059 +0000 UTC))"
2026-01-28T09:45:53.464600311Z I0128 09:45:53.464588       1 tlsconfig.go:181] "Loaded client CA" index=1 certName="client-ca::kube-system::extension-apiserver-authentication::client-ca-file,client-ca::kube-system::extension-apiserver-authentication::requestheader-client-ca-file" certDetail="\"kubelet-signer\" [] issuer=\"<self>\" (2026-01-28 09:13:06 +0000 UTC to 2026-01-29 09:13:06 +0000 UTC (now=2026-01-28 09:45:53.464572981 +0000 UTC))"
2026-01-28T09:45:53.464612862Z I0128 09:45:53.464606       1 tlsconfig.go:181] "Loaded client CA" index=2 certName="client-ca::kube-system::extension-apiserver-authentication::client-ca-file,client-ca::kube-system::extension-apiserver-authentication::requestheader-client-ca-file" certDetail="\"kube-control-plane-signer\" [] issuer=\"<self>\" (2026-01-28 09:13:06 +0000 UTC to 2027-01-28 09:13:06 +0000 UTC (now=2026-01-28 09:45:53.464594491 +0000 UTC))"
2026-01-28T09:45:53.464640592Z I0128 09:45:53.464623       1 tlsconfig.go:181] "Loaded client CA" index=3 certName="client-ca::kube-system::extension-apiserver-authentication::client-ca-file,client-ca::kube-system::extension-apiserver-authentication::requestheader-client-ca-file" certDetail="\"kube-apiserver-to-kubelet-signer\" [] issuer=\"<self>\" (2026-01-28 09:13:07 +0000 UTC to 2027-01-28 09:13:07 +0000 UTC (now=2026-01-28 09:45:53.464611442 +0000 UTC))"
2026-01-28T09:45:53.464652192Z I0128 09:45:53.464640       1 tlsconfig.go:181] "Loaded client CA" index=4 certName="client-ca::kube-system::extension-apiserver-authentication::client-ca-file,client-ca::kube-system::extension-apiserver-authentication::requestheader-client-ca-file" certDetail="\"kubelet-bootstrap-kubeconfig-signer\" [] issuer=\"<self>\" (2026-01-28 09:13:03 +0000 UTC to 2036-01-26 09:13:03 +0000 UTC (now=2026-01-28 09:45:53.464629102 +0000 UTC))"
2026-01-28T09:45:53.464663963Z I0128 09:45:53.464657       1 tlsconfig.go:181] "Loaded client CA" index=5 certName="client-ca::kube-system::extension-apiserver-authentication::client-ca-file,client-ca::kube-system::extension-apiserver-authentication::requestheader-client-ca-file" certDetail="\"kube-csr-signer_@1769592636\" [] issuer=\"kubelet-signer\" (2026-01-28 09:30:35 +0000 UTC to 2026-01-29 09:13:06 +0000 UTC (now=2026-01-28 09:45:53.464645992 +0000 UTC))"
2026-01-28T09:45:53.464689973Z I0128 09:45:53.464674       1 tlsconfig.go:181] "Loaded client CA" index=6 certName="client-ca::kube-system::extension-apiserver-authentication::client-ca-file,client-ca::kube-system::extension-apiserver-authentication::requestheader-client-ca-file" certDetail="\"openshift-kube-apiserver-operator_node-system-admin-signer@1769592635\" [] issuer=\"<self>\" (2026-01-28 09:30:35 +0000 UTC to 2029-01-27 09:30:36 +0000 UTC (now=2026-01-28 09:45:53.464662003 +0000 UTC))"
2026-01-28T09:45:53.464706844Z I0128 09:45:53.464692       1 tlsconfig.go:181] "Loaded client CA" index=7 certName="client-ca::kube-system::extension-apiserver-authentication::client-ca-file,client-ca::kube-system::extension-apiserver-authentication::requestheader-client-ca-file" certDetail="\"aggregator-signer\" [] issuer=\"<self>\" (2026-01-28 09:13:04 +0000 UTC to 2026-01-29 09:13:04 +0000 UTC (now=2026-01-28 09:45:53.464681583 +0000 UTC))"
2026-01-28T09:45:53.464851757Z I0128 09:45:53.464826       1 tlsconfig.go:203] "Loaded serving cert" certName="serving-cert::/tmp/serving-cert-3833519323/tls.crt::/tmp/serving-cert-3833519323/tls.key" certDetail="\"localhost\" [serving] validServingFor=[localhost] issuer=\"check-endpoints-signer@1769593552\" (2026-01-28 09:45:51 +0000 UTC to 2026-01-28 09:45:52 +0000 UTC (now=2026-01-28 09:45:53.464817966 +0000 UTC))"
2026-01-28T09:45:53.465005611Z I0128 09:45:53.464979       1 named_certificates.go:53] "Loaded SNI cert" index=0 certName="self-signed loopback" certDetail="\"apiserver-loopback-client@1769593553\" [serving] validServingFor=[apiserver-loopback-client] issuer=\"apiserver-loopback-client-ca@1769593553\" (2026-01-28 08:45:52 +0000 UTC to 2029-01-28 08:45:52 +0000 UTC (now=2026-01-28 09:45:53.464965759 +0000 UTC))"
2026-01-28T09:45:53.474178387Z I0128 09:45:53.474124       1 reflector.go:430] "Caches populated" type="*v1.CustomResourceDefinition" reflector="k8s.io/client-go@v0.33.2/tools/cache/reflector.go:285"
2026-01-28T09:45:53.564364749Z I0128 09:45:53.564299       1 base_controller.go:82] Caches are synced for CheckEndpointsTimeToStart 
2026-01-28T09:45:53.564364749Z I0128 09:45:53.564331       1 base_controller.go:119] Starting #1 worker of CheckEndpointsTimeToStart controller ...
