2026-01-28T09:47:07.686582224Z I0128 09:47:07.686462       1 readyz.go:175] Listening on 0.0.0.0:9980
2026-01-28T09:47:08.741070267Z I0128 09:47:08.740999       1 etcdcli_pool.go:70] creating a new cached client
2026-01-28T09:47:08.742583372Z 2026/01/28 09:47:08 WARNING: [core] [Channel #1 SubChannel #2]grpc: addrConn.createTransport failed to connect to {Addr: "localhost:2379", ServerName: "localhost:2379", }. Err: connection error: desc = "transport: Error while dialing: dial tcp [::1]:2379: connect: connection refused"
2026-01-28T09:47:09.744172932Z 2026/01/28 09:47:09 WARNING: [core] [Channel #1 SubChannel #2]grpc: addrConn.createTransport failed to connect to {Addr: "localhost:2379", ServerName: "localhost:2379", }. Err: connection error: desc = "transport: Error while dialing: dial tcp [::1]:2379: connect: connection refused"
2026-01-28T09:47:10.742268788Z W0128 09:47:10.742226       1 etcdcli_pool.go:73] could not create a new cached client after 0 tries, trying again. Err: context deadline exceeded
2026-01-28T09:47:12.742481510Z I0128 09:47:12.742426       1 etcdcli_pool.go:70] creating a new cached client
2026-01-28T09:47:12.743671939Z 2026/01/28 09:47:12 WARNING: [core] [Channel #3 SubChannel #4]grpc: addrConn.createTransport failed to connect to {Addr: "localhost:2379", ServerName: "localhost:2379", }. Err: connection error: desc = "transport: Error while dialing: dial tcp [::1]:2379: connect: connection refused"
2026-01-28T09:47:13.741603047Z I0128 09:47:13.741560       1 etcdcli_pool.go:70] creating a new cached client
2026-01-28T09:47:13.742780246Z 2026/01/28 09:47:13 WARNING: [core] [Channel #5 SubChannel #6]grpc: addrConn.createTransport failed to connect to {Addr: "localhost:2379", ServerName: "localhost:2379", }. Err: connection error: desc = "transport: Error while dialing: dial tcp [::1]:2379: connect: connection refused"
2026-01-28T09:47:13.744302892Z 2026/01/28 09:47:13 WARNING: [core] [Channel #3 SubChannel #4]grpc: addrConn.createTransport failed to connect to {Addr: "localhost:2379", ServerName: "localhost:2379", }. Err: connection error: desc = "transport: Error while dialing: dial tcp [::1]:2379: connect: connection refused"
2026-01-28T09:47:14.743237130Z W0128 09:47:14.743180       1 etcdcli_pool.go:73] could not create a new cached client after 1 tries, trying again. Err: context deadline exceeded
2026-01-28T09:47:14.743797077Z 2026/01/28 09:47:14 WARNING: [core] [Channel #5 SubChannel #6]grpc: addrConn.createTransport failed to connect to {Addr: "localhost:2379", ServerName: "localhost:2379", }. Err: connection error: desc = "transport: Error while dialing: dial tcp [::1]:2379: connect: connection refused"
2026-01-28T09:47:15.743763226Z W0128 09:47:15.743714       1 etcdcli_pool.go:73] could not create a new cached client after 0 tries, trying again. Err: context deadline exceeded
2026-01-28T09:47:17.744300615Z I0128 09:47:17.744248       1 etcdcli_pool.go:70] creating a new cached client
2026-01-28T09:47:17.745432711Z 2026/01/28 09:47:17 WARNING: [core] [Channel #7 SubChannel #8]grpc: addrConn.createTransport failed to connect to {Addr: "localhost:2379", ServerName: "localhost:2379", }. Err: connection error: desc = "transport: Error while dialing: dial tcp [::1]:2379: connect: connection refused"
2026-01-28T09:47:18.743416062Z I0128 09:47:18.743372       1 etcdcli_pool.go:70] creating a new cached client
2026-01-28T09:47:18.744830882Z 2026/01/28 09:47:18 WARNING: [core] [Channel #9 SubChannel #10]grpc: addrConn.createTransport failed to connect to {Addr: "localhost:2379", ServerName: "localhost:2379", }. Err: connection error: desc = "transport: Error while dialing: dial tcp [::1]:2379: connect: connection refused"
2026-01-28T09:47:18.752687913Z 2026/01/28 09:47:18 WARNING: [core] [Channel #7 SubChannel #8]grpc: addrConn.createTransport failed to connect to {Addr: "localhost:2379", ServerName: "localhost:2379", }. Err: connection error: desc = "transport: Error while dialing: dial tcp [::1]:2379: connect: connection refused"
2026-01-28T09:47:18.755292182Z I0128 09:47:18.755266       1 etcdcli_pool.go:70] creating a new cached client
2026-01-28T09:47:18.765346893Z 2026/01/28 09:47:18 WARNING: [core] [Channel #11 SubChannel #12]grpc: addrConn.createTransport failed to connect to {Addr: "localhost:2379", ServerName: "localhost:2379", }. Err: connection error: desc = "transport: Error while dialing: dial tcp [::1]:2379: connect: connection refused"
2026-01-28T09:47:19.745401905Z W0128 09:47:19.745307       1 etcdcli_pool.go:73] could not create a new cached client after 1 tries, trying again. Err: context deadline exceeded
2026-01-28T09:47:19.746141822Z 2026/01/28 09:47:19 WARNING: [core] [Channel #9 SubChannel #10]grpc: addrConn.createTransport failed to connect to {Addr: "localhost:2379", ServerName: "localhost:2379", }. Err: connection error: desc = "transport: Error while dialing: dial tcp [::1]:2379: connect: connection refused"
2026-01-28T09:47:19.766676493Z 2026/01/28 09:47:19 WARNING: [core] [Channel #11 SubChannel #12]grpc: addrConn.createTransport failed to connect to {Addr: "localhost:2379", ServerName: "localhost:2379", }. Err: connection error: desc = "transport: Error while dialing: dial tcp [::1]:2379: connect: connection refused"
2026-01-28T09:47:20.744664460Z W0128 09:47:20.744613       1 etcdcli_pool.go:73] could not create a new cached client after 2 tries, trying again. Err: context deadline exceeded
2026-01-28T09:47:20.765103897Z W0128 09:47:20.765080       1 etcdcli_pool.go:73] could not create a new cached client after 0 tries, trying again. Err: context deadline exceeded
2026-01-28T09:47:22.765214236Z I0128 09:47:22.765167       1 etcdcli_pool.go:70] creating a new cached client
2026-01-28T09:47:22.766440587Z 2026/01/28 09:47:22 WARNING: [core] [Channel #13 SubChannel #14]grpc: addrConn.createTransport failed to connect to {Addr: "localhost:2379", ServerName: "localhost:2379", }. Err: connection error: desc = "transport: Error while dialing: dial tcp [::1]:2379: connect: connection refused"
2026-01-28T09:47:23.744624334Z I0128 09:47:23.744563       1 etcdcli_pool.go:70] creating a new cached client
2026-01-28T09:47:23.745489757Z I0128 09:47:23.745464       1 etcdcli_pool.go:70] creating a new cached client
2026-01-28T09:47:23.745741769Z 2026/01/28 09:47:23 WARNING: [core] [Channel #15 SubChannel #16]grpc: addrConn.createTransport failed to connect to {Addr: "localhost:2379", ServerName: "localhost:2379", }. Err: connection error: desc = "transport: Error while dialing: dial tcp [::1]:2379: connect: connection refused"
2026-01-28T09:47:23.746378791Z 2026/01/28 09:47:23 WARNING: [core] [Channel #17 SubChannel #18]grpc: addrConn.createTransport failed to connect to {Addr: "localhost:2379", ServerName: "localhost:2379", }. Err: connection error: desc = "transport: Error while dialing: dial tcp [::1]:2379: connect: connection refused"
2026-01-28T09:47:23.767920613Z 2026/01/28 09:47:23 WARNING: [core] [Channel #13 SubChannel #14]grpc: addrConn.createTransport failed to connect to {Addr: "localhost:2379", ServerName: "localhost:2379", }. Err: connection error: desc = "transport: Error while dialing: dial tcp [::1]:2379: connect: connection refused"
2026-01-28T09:47:24.222326450Z I0128 09:47:24.222257       1 etcdcli_pool.go:70] creating a new cached client
2026-01-28T09:47:24.223422985Z 2026/01/28 09:47:24 WARNING: [core] [Channel #19 SubChannel #20]grpc: addrConn.createTransport failed to connect to {Addr: "localhost:2379", ServerName: "localhost:2379", }. Err: connection error: desc = "transport: Error while dialing: dial tcp [::1]:2379: connect: connection refused"
2026-01-28T09:47:24.747309519Z 2026/01/28 09:47:24 WARNING: [core] [Channel #17 SubChannel #18]grpc: addrConn.createTransport failed to connect to {Addr: "localhost:2379", ServerName: "localhost:2379", }. Err: connection error: desc = "transport: Error while dialing: dial tcp [::1]:2379: connect: connection refused"
2026-01-28T09:47:24.747393213Z 2026/01/28 09:47:24 WARNING: [core] [Channel #15 SubChannel #16]grpc: addrConn.createTransport failed to connect to {Addr: "localhost:2379", ServerName: "localhost:2379", }. Err: connection error: desc = "transport: Error while dialing: dial tcp [::1]:2379: connect: connection refused"
2026-01-28T09:47:24.766572277Z W0128 09:47:24.766544       1 etcdcli_pool.go:73] could not create a new cached client after 1 tries, trying again. Err: context deadline exceeded
2026-01-28T09:47:25.224666558Z 2026/01/28 09:47:25 WARNING: [core] [Channel #19 SubChannel #20]grpc: addrConn.createTransport failed to connect to {Addr: "localhost:2379", ServerName: "localhost:2379", }. Err: connection error: desc = "transport: Error while dialing: dial tcp [::1]:2379: connect: connection refused"
2026-01-28T09:47:25.745233407Z W0128 09:47:25.745186       1 etcdcli_pool.go:73] could not create a new cached client after 0 tries, trying again. Err: context deadline exceeded
2026-01-28T09:47:25.746196995Z W0128 09:47:25.746171       1 etcdcli_pool.go:73] could not create a new cached client after 2 tries, trying again. Err: context deadline exceeded
2026-01-28T09:47:26.223870300Z W0128 09:47:26.223827       1 etcdcli_pool.go:73] could not create a new cached client after 0 tries, trying again. Err: context deadline exceeded
2026-01-28T09:47:27.746237421Z I0128 09:47:27.746168       1 etcdcli_pool.go:70] creating a new cached client
2026-01-28T09:47:27.747307654Z 2026/01/28 09:47:27 WARNING: [core] [Channel #21 SubChannel #22]grpc: addrConn.createTransport failed to connect to {Addr: "localhost:2379", ServerName: "localhost:2379", }. Err: connection error: desc = "transport: Error while dialing: dial tcp [::1]:2379: connect: connection refused"
2026-01-28T09:47:28.224925777Z I0128 09:47:28.224880       1 etcdcli_pool.go:70] creating a new cached client
2026-01-28T09:47:28.226296235Z 2026/01/28 09:47:28 WARNING: [core] [Channel #23 SubChannel #24]grpc: addrConn.createTransport failed to connect to {Addr: "localhost:2379", ServerName: "localhost:2379", }. Err: connection error: desc = "transport: Error while dialing: dial tcp [::1]:2379: connect: connection refused"
2026-01-28T09:47:28.745446323Z I0128 09:47:28.745398       1 etcdcli_pool.go:70] creating a new cached client
2026-01-28T09:47:28.746522207Z 2026/01/28 09:47:28 WARNING: [core] [Channel #25 SubChannel #26]grpc: addrConn.createTransport failed to connect to {Addr: "localhost:2379", ServerName: "localhost:2379", }. Err: connection error: desc = "transport: Error while dialing: dial tcp [::1]:2379: connect: connection refused"
2026-01-28T09:47:28.747972939Z 2026/01/28 09:47:28 WARNING: [core] [Channel #21 SubChannel #22]grpc: addrConn.createTransport failed to connect to {Addr: "localhost:2379", ServerName: "localhost:2379", }. Err: connection error: desc = "transport: Error while dialing: dial tcp [::1]:2379: connect: connection refused"
2026-01-28T09:47:28.767116832Z I0128 09:47:28.767077       1 etcdcli_pool.go:70] creating a new cached client
2026-01-28T09:47:28.767890660Z 2026/01/28 09:47:28 WARNING: [core] [Channel #27 SubChannel #28]grpc: addrConn.createTransport failed to connect to {Addr: "localhost:2379", ServerName: "localhost:2379", }. Err: connection error: desc = "transport: Error while dialing: dial tcp [::1]:2379: connect: connection refused"
2026-01-28T09:47:29.227901676Z 2026/01/28 09:47:29 WARNING: [core] [Channel #23 SubChannel #24]grpc: addrConn.createTransport failed to connect to {Addr: "localhost:2379", ServerName: "localhost:2379", }. Err: connection error: desc = "transport: Error while dialing: dial tcp [::1]:2379: connect: connection refused"
2026-01-28T09:47:29.747321228Z W0128 09:47:29.747258       1 etcdcli_pool.go:73] could not create a new cached client after 1 tries, trying again. Err: context deadline exceeded
2026-01-28T09:47:29.747749810Z 2026/01/28 09:47:29 WARNING: [core] [Channel #25 SubChannel #26]grpc: addrConn.createTransport failed to connect to {Addr: "localhost:2379", ServerName: "localhost:2379", }. Err: connection error: desc = "transport: Error while dialing: dial tcp [::1]:2379: connect: connection refused"
2026-01-28T09:47:29.769689781Z 2026/01/28 09:47:29 WARNING: [core] [Channel #27 SubChannel #28]grpc: addrConn.createTransport failed to connect to {Addr: "localhost:2379", ServerName: "localhost:2379", }. Err: connection error: desc = "transport: Error while dialing: dial tcp [::1]:2379: connect: connection refused"
2026-01-28T09:47:30.226302769Z W0128 09:47:30.226264       1 etcdcli_pool.go:73] could not create a new cached client after 1 tries, trying again. Err: context deadline exceeded
2026-01-28T09:47:30.747238706Z W0128 09:47:30.747185       1 etcdcli_pool.go:73] could not create a new cached client after 0 tries, trying again. Err: context deadline exceeded
2026-01-28T09:47:30.770500044Z W0128 09:47:30.769868       1 etcdcli_pool.go:73] could not create a new cached client after 2 tries, trying again. Err: context deadline exceeded
2026-01-28T09:47:32.747681012Z I0128 09:47:32.747635       1 etcdcli_pool.go:70] creating a new cached client
2026-01-28T09:47:33.746703525Z I0128 09:47:33.746636       1 etcdcli_pool.go:70] creating a new cached client
2026-01-28T09:47:33.747335376Z I0128 09:47:33.747312       1 etcdcli_pool.go:70] creating a new cached client
2026-01-28T09:47:34.222845194Z I0128 09:47:34.222806       1 etcdcli_pool.go:70] creating a new cached client
2026-01-28T09:47:34.227275754Z I0128 09:47:34.227251       1 etcdcli_pool.go:70] creating a new cached client
2026-01-28T09:47:34.748502997Z W0128 09:47:34.748450       1 etcdcli_pool.go:73] could not create a new cached client after 1 tries, trying again. Err: context deadline exceeded
2026-01-28T09:47:34.748587961Z 2026/01/28 09:47:34 WARNING: [core] [Channel #29 SubChannel #30]grpc: addrConn.createTransport failed to connect to {Addr: "localhost:2379", ServerName: "localhost:2379", }. Err: connection error: desc = "transport: authentication handshake failed: context canceled"
2026-01-28T09:47:35.748296575Z W0128 09:47:35.748228       1 etcdcli_pool.go:73] could not create a new cached client after 2 tries, trying again. Err: context deadline exceeded
2026-01-28T09:47:35.748296575Z W0128 09:47:35.748233       1 etcdcli_pool.go:73] could not create a new cached client after 0 tries, trying again. Err: context deadline exceeded
2026-01-28T09:47:35.748371289Z 2026/01/28 09:47:35 WARNING: [core] [Channel #33 SubChannel #34]grpc: addrConn.createTransport failed to connect to {Addr: "localhost:2379", ServerName: "localhost:2379", }. Err: connection error: desc = "transport: authentication handshake failed: context canceled"
2026-01-28T09:47:35.748371289Z 2026/01/28 09:47:35 WARNING: [core] [Channel #31 SubChannel #32]grpc: addrConn.createTransport failed to connect to {Addr: "localhost:2379", ServerName: "localhost:2379", }. Err: connection error: desc = "transport: authentication handshake failed: context canceled"
2026-01-28T09:47:36.223948265Z 2026/01/28 09:47:36 WARNING: [core] [Channel #35 SubChannel #36]grpc: addrConn.createTransport failed to connect to {Addr: "localhost:2379", ServerName: "localhost:2379", }. Err: connection error: desc = "transport: authentication handshake failed: context canceled"
2026-01-28T09:47:36.223948265Z W0128 09:47:36.223888       1 etcdcli_pool.go:73] could not create a new cached client after 0 tries, trying again. Err: context deadline exceeded
2026-01-28T09:47:36.227883711Z W0128 09:47:36.227862       1 etcdcli_pool.go:73] could not create a new cached client after 2 tries, trying again. Err: context deadline exceeded
2026-01-28T09:47:36.227978216Z 2026/01/28 09:47:36 WARNING: [core] [Channel #37 SubChannel #38]grpc: addrConn.createTransport failed to connect to {Addr: "localhost:2379", ServerName: "localhost:2379", }. Err: connection error: desc = "transport: authentication handshake failed: context canceled"
2026-01-28T09:47:37.749395339Z I0128 09:47:37.749328       1 etcdcli_pool.go:70] creating a new cached client
2026-01-28T09:47:38.234365462Z I0128 09:47:38.229712       1 etcdcli_pool.go:70] creating a new cached client
2026-01-28T09:47:38.747002804Z I0128 09:47:38.746961       1 etcdcli_pool.go:70] creating a new cached client
2026-01-28T09:47:38.748974912Z I0128 09:47:38.748954       1 etcdcli_pool.go:70] creating a new cached client
2026-01-28T09:47:39.751130084Z W0128 09:47:39.751078       1 etcdcli_pool.go:73] could not create a new cached client after 1 tries, trying again. Err: context deadline exceeded
2026-01-28T09:47:39.751183166Z 2026/01/28 09:47:39 WARNING: [core] [Channel #39 SubChannel #40]grpc: addrConn.createTransport failed to connect to {Addr: "localhost:2379", ServerName: "localhost:2379", }. Err: connection error: desc = "transport: authentication handshake failed: context canceled"
2026-01-28T09:47:40.230481058Z W0128 09:47:40.230428       1 etcdcli_pool.go:73] could not create a new cached client after 1 tries, trying again. Err: context deadline exceeded
2026-01-28T09:47:40.230546901Z 2026/01/28 09:47:40 WARNING: [core] [Channel #41 SubChannel #42]grpc: addrConn.createTransport failed to connect to {Addr: "localhost:2379", ServerName: "localhost:2379", }. Err: connection error: desc = "transport: authentication handshake failed: context canceled"
2026-01-28T09:47:40.747916818Z W0128 09:47:40.747859       1 etcdcli_pool.go:73] could not create a new cached client after 0 tries, trying again. Err: context deadline exceeded
2026-01-28T09:47:40.748012123Z 2026/01/28 09:47:40 WARNING: [core] [Channel #43 SubChannel #44]grpc: addrConn.createTransport failed to connect to {Addr: "localhost:2379", ServerName: "localhost:2379", }. Err: connection error: desc = "transport: authentication handshake failed: context canceled"
2026-01-28T09:47:40.750179531Z W0128 09:47:40.750112       1 etcdcli_pool.go:73] could not create a new cached client after 2 tries, trying again. Err: context deadline exceeded
2026-01-28T09:47:40.750256074Z 2026/01/28 09:47:40 WARNING: [core] [Channel #45 SubChannel #46]grpc: addrConn.createTransport failed to connect to {Addr: "localhost:2379", ServerName: "localhost:2379", }. Err: connection error: desc = "transport: authentication handshake failed: context canceled"
2026-01-28T09:47:42.748300176Z I0128 09:47:42.748246       1 etcdcli_pool.go:70] creating a new cached client
2026-01-28T09:47:43.748087679Z I0128 09:47:43.748041       1 etcdcli_pool.go:70] creating a new cached client
2026-01-28T09:47:43.751207234Z I0128 09:47:43.751179       1 etcdcli_pool.go:70] creating a new cached client
2026-01-28T09:47:44.222412423Z I0128 09:47:44.222364       1 etcdcli_pool.go:70] creating a new cached client
2026-01-28T09:47:44.230527017Z I0128 09:47:44.230490       1 etcdcli_pool.go:70] creating a new cached client
2026-01-28T09:47:44.749131876Z W0128 09:47:44.749079       1 etcdcli_pool.go:73] could not create a new cached client after 1 tries, trying again. Err: context deadline exceeded
2026-01-28T09:47:44.749193649Z 2026/01/28 09:47:44 WARNING: [core] [Channel #47 SubChannel #48]grpc: addrConn.createTransport failed to connect to {Addr: "localhost:2379", ServerName: "localhost:2379", }. Err: connection error: desc = "transport: authentication handshake failed: context canceled"
2026-01-28T09:47:45.748854367Z W0128 09:47:45.748778       1 etcdcli_pool.go:73] could not create a new cached client after 0 tries, trying again. Err: context deadline exceeded
2026-01-28T09:47:45.748978363Z 2026/01/28 09:47:45 WARNING: [core] [Channel #49 SubChannel #50]grpc: addrConn.createTransport failed to connect to {Addr: "localhost:2379", ServerName: "localhost:2379", }. Err: connection error: desc = "transport: authentication handshake failed: context canceled"
2026-01-28T09:47:45.751869697Z W0128 09:47:45.751834       1 etcdcli_pool.go:73] could not create a new cached client after 2 tries, trying again. Err: context deadline exceeded
2026-01-28T09:47:45.751916789Z 2026/01/28 09:47:45 WARNING: [core] [Channel #51 SubChannel #52]grpc: addrConn.createTransport failed to connect to {Addr: "localhost:2379", ServerName: "localhost:2379", }. Err: connection error: desc = "transport: authentication handshake failed: context canceled"
2026-01-28T09:47:46.223400742Z W0128 09:47:46.223348       1 etcdcli_pool.go:73] could not create a new cached client after 0 tries, trying again. Err: context deadline exceeded
2026-01-28T09:47:46.223485686Z 2026/01/28 09:47:46 WARNING: [core] [Channel #53 SubChannel #54]grpc: addrConn.createTransport failed to connect to {Addr: "localhost:2379", ServerName: "localhost:2379", }. Err: connection error: desc = "transport: authentication handshake failed: context canceled"
2026-01-28T09:47:46.231515506Z W0128 09:47:46.231486       1 etcdcli_pool.go:73] could not create a new cached client after 2 tries, trying again. Err: context deadline exceeded
2026-01-28T09:47:46.231593930Z 2026/01/28 09:47:46 WARNING: [core] [Channel #55 SubChannel #56]grpc: addrConn.createTransport failed to connect to {Addr: "localhost:2379", ServerName: "localhost:2379", }. Err: connection error: desc = "transport: authentication handshake failed: context canceled"
2026-01-28T09:47:47.749367551Z I0128 09:47:47.749312       1 etcdcli_pool.go:70] creating a new cached client
2026-01-28T09:47:48.224053503Z I0128 09:47:48.223995       1 etcdcli_pool.go:70] creating a new cached client
2026-01-28T09:47:48.748932234Z I0128 09:47:48.748855       1 etcdcli_pool.go:70] creating a new cached client
2026-01-28T09:47:48.749373076Z I0128 09:47:48.749351       1 etcdcli_pool.go:70] creating a new cached client
2026-01-28T09:47:49.750282875Z W0128 09:47:49.750220       1 etcdcli_pool.go:73] could not create a new cached client after 1 tries, trying again. Err: context deadline exceeded
2026-01-28T09:47:49.750354949Z 2026/01/28 09:47:49 WARNING: [core] [Channel #57 SubChannel #58]grpc: addrConn.createTransport failed to connect to {Addr: "localhost:2379", ServerName: "localhost:2379", }. Err: connection error: desc = "transport: authentication handshake failed: context canceled"
2026-01-28T09:47:50.224808089Z W0128 09:47:50.224751       1 etcdcli_pool.go:73] could not create a new cached client after 1 tries, trying again. Err: context deadline exceeded
2026-01-28T09:47:50.224878673Z 2026/01/28 09:47:50 WARNING: [core] [Channel #59 SubChannel #60]grpc: addrConn.createTransport failed to connect to {Addr: "localhost:2379", ServerName: "localhost:2379", }. Err: connection error: desc = "transport: authentication handshake failed: context canceled"
2026-01-28T09:47:50.750306031Z W0128 09:47:50.750257       1 etcdcli_pool.go:73] could not create a new cached client after 2 tries, trying again. Err: context deadline exceeded
2026-01-28T09:47:50.750428567Z 2026/01/28 09:47:50 WARNING: [core] [Channel #61 SubChannel #62]grpc: addrConn.createTransport failed to connect to {Addr: "localhost:2379", ServerName: "localhost:2379", }. Err: connection error: desc = "transport: authentication handshake failed: context canceled"
2026-01-28T09:47:50.750477669Z 2026/01/28 09:47:50 WARNING: [core] [Channel #63 SubChannel #64]grpc: addrConn.createTransport failed to connect to {Addr: "localhost:2379", ServerName: "localhost:2379", }. Err: connection error: desc = "transport: authentication handshake failed: context canceled"
2026-01-28T09:47:50.750477669Z W0128 09:47:50.750257       1 etcdcli_pool.go:73] could not create a new cached client after 0 tries, trying again. Err: context deadline exceeded
2026-01-28T09:47:52.751300982Z I0128 09:47:52.751257       1 etcdcli_pool.go:70] creating a new cached client
2026-01-28T09:47:53.749852273Z I0128 09:47:53.749806       1 etcdcli_pool.go:70] creating a new cached client
2026-01-28T09:47:53.750323926Z I0128 09:47:53.750300       1 etcdcli_pool.go:70] creating a new cached client
2026-01-28T09:47:54.222712356Z I0128 09:47:54.222656       1 etcdcli_pool.go:70] creating a new cached client
2026-01-28T09:47:54.225776938Z I0128 09:47:54.225746       1 etcdcli_pool.go:70] creating a new cached client
2026-01-28T09:47:54.752040594Z W0128 09:47:54.751976       1 etcdcli_pool.go:73] could not create a new cached client after 1 tries, trying again. Err: context deadline exceeded
2026-01-28T09:47:54.752150360Z 2026/01/28 09:47:54 WARNING: [core] [Channel #65 SubChannel #66]grpc: addrConn.createTransport failed to connect to {Addr: "localhost:2379", ServerName: "localhost:2379", }. Err: connection error: desc = "transport: authentication handshake failed: context canceled"
2026-01-28T09:47:55.752325782Z W0128 09:47:55.752262       1 etcdcli_pool.go:73] could not create a new cached client after 2 tries, trying again. Err: context deadline exceeded
2026-01-28T09:47:55.752325782Z W0128 09:47:55.752262       1 etcdcli_pool.go:73] could not create a new cached client after 0 tries, trying again. Err: context deadline exceeded
2026-01-28T09:47:55.752391115Z 2026/01/28 09:47:55 WARNING: [core] [Channel #67 SubChannel #68]grpc: addrConn.createTransport failed to connect to {Addr: "localhost:2379", ServerName: "localhost:2379", }. Err: connection error: desc = "transport: authentication handshake failed: context canceled"
2026-01-28T09:47:55.752391115Z 2026/01/28 09:47:55 WARNING: [core] [Channel #69 SubChannel #70]grpc: addrConn.createTransport failed to connect to {Addr: "localhost:2379", ServerName: "localhost:2379", }. Err: connection error: desc = "transport: authentication handshake failed: context canceled"
2026-01-28T09:47:56.223706082Z W0128 09:47:56.223629       1 etcdcli_pool.go:73] could not create a new cached client after 0 tries, trying again. Err: context deadline exceeded
2026-01-28T09:47:56.223765824Z 2026/01/28 09:47:56 WARNING: [core] [Channel #71 SubChannel #72]grpc: addrConn.createTransport failed to connect to {Addr: "localhost:2379", ServerName: "localhost:2379", }. Err: connection error: desc = "transport: authentication handshake failed: context canceled"
2026-01-28T09:47:56.226677239Z W0128 09:47:56.226654       1 etcdcli_pool.go:73] could not create a new cached client after 2 tries, trying again. Err: context deadline exceeded
2026-01-28T09:47:56.226757993Z 2026/01/28 09:47:56 WARNING: [core] [Channel #73 SubChannel #74]grpc: addrConn.createTransport failed to connect to {Addr: "localhost:2379", ServerName: "localhost:2379", }. Err: connection error: desc = "transport: authentication handshake failed: context canceled"
2026-01-28T09:47:57.753311556Z I0128 09:47:57.753272       1 etcdcli_pool.go:70] creating a new cached client
2026-01-28T09:47:58.223876226Z I0128 09:47:58.223807       1 etcdcli_pool.go:70] creating a new cached client
2026-01-28T09:47:58.751151632Z I0128 09:47:58.751104       1 etcdcli_pool.go:70] creating a new cached client
2026-01-28T09:47:58.752125610Z I0128 09:47:58.752101       1 etcdcli_pool.go:70] creating a new cached client
2026-01-28T09:47:59.755040277Z W0128 09:47:59.754962       1 etcdcli_pool.go:73] could not create a new cached client after 1 tries, trying again. Err: context deadline exceeded
2026-01-28T09:47:59.755089060Z 2026/01/28 09:47:59 WARNING: [core] [Channel #75 SubChannel #76]grpc: addrConn.createTransport failed to connect to {Addr: "localhost:2379", ServerName: "localhost:2379", }. Err: connection error: desc = "transport: authentication handshake failed: context canceled"
2026-01-28T09:48:00.230323651Z W0128 09:48:00.230269       1 etcdcli_pool.go:73] could not create a new cached client after 1 tries, trying again. Err: context deadline exceeded
2026-01-28T09:48:00.230420066Z 2026/01/28 09:48:00 WARNING: [core] [Channel #77 SubChannel #78]grpc: addrConn.createTransport failed to connect to {Addr: "localhost:2379", ServerName: "localhost:2379", }. Err: connection error: desc = "transport: authentication handshake failed: context canceled"
2026-01-28T09:48:00.751869092Z W0128 09:48:00.751829       1 etcdcli_pool.go:73] could not create a new cached client after 0 tries, trying again. Err: context deadline exceeded
2026-01-28T09:48:00.752000309Z 2026/01/28 09:48:00 WARNING: [core] [Channel #79 SubChannel #80]grpc: addrConn.createTransport failed to connect to {Addr: "localhost:2379", ServerName: "localhost:2379", }. Err: connection error: desc = "transport: authentication handshake failed: context canceled"
2026-01-28T09:48:00.754236000Z W0128 09:48:00.754119       1 etcdcli_pool.go:73] could not create a new cached client after 2 tries, trying again. Err: context deadline exceeded
2026-01-28T09:48:00.754236000Z 2026/01/28 09:48:00 WARNING: [core] [Channel #81 SubChannel #82]grpc: addrConn.createTransport failed to connect to {Addr: "localhost:2379", ServerName: "localhost:2379", }. Err: connection error: desc = "transport: authentication handshake failed: context canceled"
2026-01-28T09:48:02.752406805Z I0128 09:48:02.752352       1 etcdcli_pool.go:70] creating a new cached client
2026-01-28T09:48:04.231324032Z I0128 09:48:04.231241       1 etcdcli_pool.go:70] creating a new cached client
