2026-01-28T09:42:36.126467125Z I0128 09:42:36.126302       1 template.go:560] "msg"="starting router" "logger"="router" "version"="majorFromGit: \nminorFromGit: \ncommitFromGit: db8d384266051ef06b67883aaa83674bc6c9f1ae\nversionFromGit: 4.0.0-583-gdb8d3842\ngitTreeState: clean\nbuildDate: 2026-01-16T19:55:57Z\n"
2026-01-28T09:42:36.128466673Z I0128 09:42:36.128432       1 metrics.go:156] "msg"="router health and metrics port listening on HTTP and HTTPS" "address"="0.0.0.0:1936" "logger"="metrics"
2026-01-28T09:42:36.132383736Z I0128 09:42:36.131380       1 router.go:214] "msg"="creating a new template router" "logger"="template" "writeDir"="/var/lib/haproxy"
2026-01-28T09:42:36.132383736Z I0128 09:42:36.131426       1 router.go:298] "msg"="router will coalesce reloads within an interval of each other" "interval"="5s" "logger"="template"
2026-01-28T09:42:36.132383736Z I0128 09:42:36.131857       1 router.go:368] "msg"="watching for changes" "logger"="template" "path"="/etc/pki/tls/private"
2026-01-28T09:42:36.132383736Z I0128 09:42:36.131911       1 router.go:283] "msg"="router is including routes in all namespaces" "logger"="router"
2026-01-28T09:42:36.151697774Z I0128 09:42:36.151637       1 reflector.go:359] Caches populated for *v1.Route from github.com/openshift/router/pkg/router/controller/factory/factory.go:124
2026-01-28T09:42:36.157229765Z I0128 09:42:36.157203       1 reflector.go:359] Caches populated for *v1.Service from github.com/openshift/router/pkg/router/template/service_lookup.go:33
2026-01-28T09:42:36.159051588Z I0128 09:42:36.159032       1 reflector.go:359] Caches populated for *v1.EndpointSlice from github.com/openshift/router/pkg/router/controller/factory/factory.go:124
2026-01-28T09:42:36.239780853Z I0128 09:42:36.239745       1 template_helper.go:370] "msg"="parseIPList empty list found" "logger"="template"
2026-01-28T09:42:36.240114801Z I0128 09:42:36.240098       1 template_helper.go:370] "msg"="parseIPList empty list found" "logger"="template"
2026-01-28T09:42:36.240463209Z E0128 09:42:36.240447       1 haproxy.go:418] can't scrape HAProxy: dial unix /var/lib/haproxy/run/haproxy.sock: connect: no such file or directory
2026-01-28T09:42:36.302847439Z I0128 09:42:36.302810       1 router.go:665] "msg"="router reloaded" "logger"="template" "output"=" - Checking http://localhost:80 using PROXY protocol ...\n - Health check ok : 0 retry attempt(s).\n"
2026-01-28T09:42:41.236314054Z I0128 09:42:41.236259       1 template_helper.go:370] "msg"="parseIPList empty list found" "logger"="template"
2026-01-28T09:42:41.236578330Z I0128 09:42:41.236547       1 template_helper.go:370] "msg"="parseIPList empty list found" "logger"="template"
2026-01-28T09:42:41.276718892Z I0128 09:42:41.276670       1 router.go:665] "msg"="router reloaded" "logger"="template" "output"=" - Checking http://localhost:80 using PROXY protocol ...\n - Health check ok : 0 retry attempt(s).\n"
2026-01-28T09:42:46.237114156Z I0128 09:42:46.237058       1 template_helper.go:370] "msg"="parseIPList empty list found" "logger"="template"
2026-01-28T09:42:46.237378552Z I0128 09:42:46.237361       1 template_helper.go:370] "msg"="parseIPList empty list found" "logger"="template"
2026-01-28T09:42:46.237666169Z I0128 09:42:46.237644       1 template_helper.go:370] "msg"="parseIPList empty list found" "logger"="template"
2026-01-28T09:42:46.238053618Z I0128 09:42:46.238032       1 template_helper.go:370] "msg"="parseIPList empty list found" "logger"="template"
2026-01-28T09:42:46.238247873Z I0128 09:42:46.238229       1 template_helper.go:370] "msg"="parseIPList empty list found" "logger"="template"
2026-01-28T09:42:46.238437187Z I0128 09:42:46.238417       1 template_helper.go:370] "msg"="parseIPList empty list found" "logger"="template"
2026-01-28T09:42:46.289349925Z I0128 09:42:46.289297       1 router.go:665] "msg"="router reloaded" "logger"="template" "output"=" - Checking http://localhost:80 using PROXY protocol ...\n - Health check ok : 0 retry attempt(s).\n"
2026-01-28T09:42:56.501106938Z I0128 09:42:56.501063       1 template_helper.go:370] "msg"="parseIPList empty list found" "logger"="template"
2026-01-28T09:42:56.501385025Z I0128 09:42:56.501362       1 template_helper.go:370] "msg"="parseIPList empty list found" "logger"="template"
2026-01-28T09:42:56.501650783Z I0128 09:42:56.501599       1 template_helper.go:370] "msg"="parseIPList empty list found" "logger"="template"
2026-01-28T09:42:56.501825947Z I0128 09:42:56.501797       1 template_helper.go:370] "msg"="parseIPList empty list found" "logger"="template"
2026-01-28T09:42:56.501985561Z I0128 09:42:56.501959       1 template_helper.go:370] "msg"="parseIPList empty list found" "logger"="template"
2026-01-28T09:42:56.502099874Z I0128 09:42:56.502078       1 template_helper.go:370] "msg"="parseIPList empty list found" "logger"="template"
2026-01-28T09:42:56.543684599Z I0128 09:42:56.543623       1 router.go:665] "msg"="router reloaded" "logger"="template" "output"=" - Checking http://localhost:80 using PROXY protocol ...\n - Health check ok : 0 retry attempt(s).\n"
2026-01-28T09:43:01.490826446Z I0128 09:43:01.490782       1 template_helper.go:370] "msg"="parseIPList empty list found" "logger"="template"
2026-01-28T09:43:01.491110004Z I0128 09:43:01.491085       1 template_helper.go:370] "msg"="parseIPList empty list found" "logger"="template"
2026-01-28T09:43:01.491390491Z I0128 09:43:01.491358       1 template_helper.go:370] "msg"="parseIPList empty list found" "logger"="template"
2026-01-28T09:43:01.491582436Z I0128 09:43:01.491562       1 template_helper.go:370] "msg"="parseIPList empty list found" "logger"="template"
2026-01-28T09:43:01.491743290Z I0128 09:43:01.491719       1 template_helper.go:370] "msg"="parseIPList empty list found" "logger"="template"
2026-01-28T09:43:01.491903045Z I0128 09:43:01.491888       1 template_helper.go:370] "msg"="parseIPList empty list found" "logger"="template"
2026-01-28T09:43:01.534390713Z I0128 09:43:01.534302       1 router.go:665] "msg"="router reloaded" "logger"="template" "output"=" - Checking http://localhost:80 using PROXY protocol ...\n - Health check ok : 0 retry attempt(s).\n"
2026-01-28T09:43:14.465233113Z I0128 09:43:14.465199       1 template_helper.go:370] "msg"="parseIPList empty list found" "logger"="template"
2026-01-28T09:43:14.465473719Z I0128 09:43:14.465443       1 template_helper.go:370] "msg"="parseIPList empty list found" "logger"="template"
2026-01-28T09:43:14.467105300Z I0128 09:43:14.465723       1 template_helper.go:370] "msg"="parseIPList empty list found" "logger"="template"
2026-01-28T09:43:14.467105300Z I0128 09:43:14.466082       1 template_helper.go:370] "msg"="parseIPList empty list found" "logger"="template"
2026-01-28T09:43:14.467105300Z I0128 09:43:14.466233       1 template_helper.go:370] "msg"="parseIPList empty list found" "logger"="template"
2026-01-28T09:43:14.467105300Z I0128 09:43:14.466387       1 template_helper.go:370] "msg"="parseIPList empty list found" "logger"="template"
2026-01-28T09:43:14.512690984Z I0128 09:43:14.512639       1 router.go:665] "msg"="router reloaded" "logger"="template" "output"=" - Checking http://localhost:80 using PROXY protocol ...\n - Health check ok : 0 retry attempt(s).\n"
2026-01-28T09:43:19.465225975Z I0128 09:43:19.465169       1 template_helper.go:370] "msg"="parseIPList empty list found" "logger"="template"
2026-01-28T09:43:19.465473642Z I0128 09:43:19.465451       1 template_helper.go:370] "msg"="parseIPList empty list found" "logger"="template"
2026-01-28T09:43:19.465695077Z I0128 09:43:19.465674       1 template_helper.go:370] "msg"="parseIPList empty list found" "logger"="template"
2026-01-28T09:43:19.466070557Z I0128 09:43:19.466047       1 template_helper.go:370] "msg"="parseIPList empty list found" "logger"="template"
2026-01-28T09:43:19.466246201Z I0128 09:43:19.466209       1 template_helper.go:370] "msg"="parseIPList empty list found" "logger"="template"
2026-01-28T09:43:19.466400085Z I0128 09:43:19.466386       1 template_helper.go:370] "msg"="parseIPList empty list found" "logger"="template"
2026-01-28T09:43:19.498232734Z I0128 09:43:19.498187       1 router.go:665] "msg"="router reloaded" "logger"="template" "output"=" - Checking http://localhost:80 using PROXY protocol ...\n - Health check ok : 0 retry attempt(s).\n"
2026-01-28T09:43:38.135918035Z I0128 09:43:38.135870       1 template_helper.go:370] "msg"="parseIPList empty list found" "logger"="template"
2026-01-28T09:43:38.136181612Z I0128 09:43:38.136163       1 template_helper.go:370] "msg"="parseIPList empty list found" "logger"="template"
2026-01-28T09:43:38.136465579Z I0128 09:43:38.136450       1 template_helper.go:370] "msg"="parseIPList empty list found" "logger"="template"
2026-01-28T09:43:38.136670804Z I0128 09:43:38.136656       1 template_helper.go:370] "msg"="parseIPList empty list found" "logger"="template"
2026-01-28T09:43:38.137036013Z I0128 09:43:38.137018       1 template_helper.go:370] "msg"="parseIPList empty list found" "logger"="template"
2026-01-28T09:43:38.137182966Z I0128 09:43:38.137167       1 template_helper.go:370] "msg"="parseIPList empty list found" "logger"="template"
2026-01-28T09:43:38.137344810Z I0128 09:43:38.137330       1 template_helper.go:370] "msg"="parseIPList empty list found" "logger"="template"
2026-01-28T09:43:38.169203448Z I0128 09:43:38.169163       1 router.go:665] "msg"="router reloaded" "logger"="template" "output"=" - Checking http://localhost:80 using PROXY protocol ...\n - Health check ok : 0 retry attempt(s).\n"
2026-01-28T09:43:43.136579410Z I0128 09:43:43.136535       1 template_helper.go:370] "msg"="parseIPList empty list found" "logger"="template"
2026-01-28T09:43:43.136816106Z I0128 09:43:43.136798       1 template_helper.go:370] "msg"="parseIPList empty list found" "logger"="template"
2026-01-28T09:43:43.137008230Z I0128 09:43:43.136990       1 template_helper.go:370] "msg"="parseIPList empty list found" "logger"="template"
2026-01-28T09:43:43.137254506Z I0128 09:43:43.137236       1 template_helper.go:370] "msg"="parseIPList empty list found" "logger"="template"
2026-01-28T09:43:43.137446471Z I0128 09:43:43.137431       1 template_helper.go:370] "msg"="parseIPList empty list found" "logger"="template"
2026-01-28T09:43:43.137770179Z I0128 09:43:43.137755       1 template_helper.go:370] "msg"="parseIPList empty list found" "logger"="template"
2026-01-28T09:43:43.137891312Z I0128 09:43:43.137877       1 template_helper.go:370] "msg"="parseIPList empty list found" "logger"="template"
2026-01-28T09:43:43.138050606Z I0128 09:43:43.138035       1 template_helper.go:370] "msg"="parseIPList empty list found" "logger"="template"
2026-01-28T09:43:43.172410408Z I0128 09:43:43.172359       1 router.go:665] "msg"="router reloaded" "logger"="template" "output"=" - Checking http://localhost:80 using PROXY protocol ...\n - Health check ok : 0 retry attempt(s).\n"
2026-01-28T09:43:48.475983615Z I0128 09:43:48.475940       1 template_helper.go:370] "msg"="parseIPList empty list found" "logger"="template"
2026-01-28T09:43:48.476208351Z I0128 09:43:48.476190       1 template_helper.go:370] "msg"="parseIPList empty list found" "logger"="template"
2026-01-28T09:43:48.476408075Z I0128 09:43:48.476387       1 template_helper.go:370] "msg"="parseIPList empty list found" "logger"="template"
2026-01-28T09:43:48.476745424Z I0128 09:43:48.476712       1 template_helper.go:370] "msg"="parseIPList empty list found" "logger"="template"
2026-01-28T09:43:48.477225656Z I0128 09:43:48.477203       1 template_helper.go:370] "msg"="parseIPList empty list found" "logger"="template"
2026-01-28T09:43:48.477624235Z I0128 09:43:48.477605       1 template_helper.go:370] "msg"="parseIPList empty list found" "logger"="template"
2026-01-28T09:43:48.477788040Z I0128 09:43:48.477769       1 template_helper.go:370] "msg"="parseIPList empty list found" "logger"="template"
2026-01-28T09:43:48.477983484Z I0128 09:43:48.477966       1 template_helper.go:370] "msg"="parseIPList empty list found" "logger"="template"
2026-01-28T09:43:48.512756207Z I0128 09:43:48.512710       1 router.go:665] "msg"="router reloaded" "logger"="template" "output"=" - Checking http://localhost:80 using PROXY protocol ...\n - Health check ok : 0 retry attempt(s).\n"
2026-01-28T09:43:53.474965617Z I0128 09:43:53.474914       1 template_helper.go:370] "msg"="parseIPList empty list found" "logger"="template"
2026-01-28T09:43:53.475200173Z I0128 09:43:53.475173       1 template_helper.go:370] "msg"="parseIPList empty list found" "logger"="template"
2026-01-28T09:43:53.475423358Z I0128 09:43:53.475388       1 template_helper.go:370] "msg"="parseIPList empty list found" "logger"="template"
2026-01-28T09:43:53.475748096Z I0128 09:43:53.475729       1 template_helper.go:370] "msg"="parseIPList empty list found" "logger"="template"
2026-01-28T09:43:53.476065474Z I0128 09:43:53.476049       1 template_helper.go:370] "msg"="parseIPList empty list found" "logger"="template"
2026-01-28T09:43:53.476518295Z I0128 09:43:53.476502       1 template_helper.go:370] "msg"="parseIPList empty list found" "logger"="template"
2026-01-28T09:43:53.476710790Z I0128 09:43:53.476686       1 template_helper.go:370] "msg"="parseIPList empty list found" "logger"="template"
2026-01-28T09:43:53.476881094Z I0128 09:43:53.476859       1 template_helper.go:370] "msg"="parseIPList empty list found" "logger"="template"
2026-01-28T09:43:53.508097989Z I0128 09:43:53.508050       1 router.go:665] "msg"="router reloaded" "logger"="template" "output"=" - Checking http://localhost:80 using PROXY protocol ...\n - Health check ok : 0 retry attempt(s).\n"
2026-01-28T09:43:59.075483016Z I0128 09:43:59.075435       1 template_helper.go:370] "msg"="parseIPList empty list found" "logger"="template"
2026-01-28T09:43:59.075625879Z I0128 09:43:59.075603       1 template_helper.go:370] "msg"="parseIPList empty list found" "logger"="template"
2026-01-28T09:43:59.075810164Z I0128 09:43:59.075790       1 template_helper.go:370] "msg"="parseIPList empty list found" "logger"="template"
2026-01-28T09:43:59.076094051Z I0128 09:43:59.076073       1 template_helper.go:370] "msg"="parseIPList empty list found" "logger"="template"
2026-01-28T09:43:59.076325427Z I0128 09:43:59.076294       1 template_helper.go:370] "msg"="parseIPList empty list found" "logger"="template"
2026-01-28T09:43:59.076717366Z I0128 09:43:59.076695       1 template_helper.go:370] "msg"="parseIPList empty list found" "logger"="template"
2026-01-28T09:43:59.077003324Z I0128 09:43:59.076983       1 template_helper.go:370] "msg"="parseIPList empty list found" "logger"="template"
2026-01-28T09:43:59.077235409Z I0128 09:43:59.077217       1 template_helper.go:370] "msg"="parseIPList empty list found" "logger"="template"
2026-01-28T09:43:59.110758460Z I0128 09:43:59.110711       1 router.go:665] "msg"="router reloaded" "logger"="template" "output"=" - Checking http://localhost:80 using PROXY protocol ...\n - Health check ok : 0 retry attempt(s).\n"
2026-01-28T09:44:04.076721546Z I0128 09:44:04.076675       1 template_helper.go:370] "msg"="parseIPList empty list found" "logger"="template"
2026-01-28T09:44:04.076878780Z I0128 09:44:04.076857       1 template_helper.go:370] "msg"="parseIPList empty list found" "logger"="template"
2026-01-28T09:44:04.077081685Z I0128 09:44:04.077057       1 template_helper.go:370] "msg"="parseIPList empty list found" "logger"="template"
2026-01-28T09:44:04.077326421Z I0128 09:44:04.077304       1 template_helper.go:370] "msg"="parseIPList empty list found" "logger"="template"
2026-01-28T09:44:04.077525966Z I0128 09:44:04.077504       1 template_helper.go:370] "msg"="parseIPList empty list found" "logger"="template"
2026-01-28T09:44:04.077828523Z I0128 09:44:04.077804       1 template_helper.go:370] "msg"="parseIPList empty list found" "logger"="template"
2026-01-28T09:44:04.078128781Z I0128 09:44:04.078105       1 template_helper.go:370] "msg"="parseIPList empty list found" "logger"="template"
2026-01-28T09:44:04.078397777Z I0128 09:44:04.078375       1 template_helper.go:370] "msg"="parseIPList empty list found" "logger"="template"
2026-01-28T09:44:04.112285387Z I0128 09:44:04.112241       1 router.go:665] "msg"="router reloaded" "logger"="template" "output"=" - Checking http://localhost:80 using PROXY protocol ...\n - Health check ok : 0 retry attempt(s).\n"
2026-01-28T09:44:22.780880583Z I0128 09:44:22.780837       1 template_helper.go:370] "msg"="parseIPList empty list found" "logger"="template"
2026-01-28T09:44:22.781176170Z I0128 09:44:22.781152       1 template_helper.go:370] "msg"="parseIPList empty list found" "logger"="template"
2026-01-28T09:44:22.781392805Z I0128 09:44:22.781375       1 template_helper.go:370] "msg"="parseIPList empty list found" "logger"="template"
2026-01-28T09:44:22.781795094Z I0128 09:44:22.781779       1 template_helper.go:370] "msg"="parseIPList empty list found" "logger"="template"
2026-01-28T09:44:22.782106051Z I0128 09:44:22.782089       1 template_helper.go:370] "msg"="parseIPList empty list found" "logger"="template"
2026-01-28T09:44:22.782546271Z I0128 09:44:22.782530       1 template_helper.go:370] "msg"="parseIPList empty list found" "logger"="template"
2026-01-28T09:44:22.782962361Z I0128 09:44:22.782947       1 template_helper.go:370] "msg"="parseIPList empty list found" "logger"="template"
2026-01-28T09:44:22.783411421Z I0128 09:44:22.783375       1 template_helper.go:370] "msg"="parseIPList empty list found" "logger"="template"
2026-01-28T09:44:22.819959689Z I0128 09:44:22.819887       1 router.go:665] "msg"="router reloaded" "logger"="template" "output"=" - Checking http://localhost:80 using PROXY protocol ...\n - Health check ok : 0 retry attempt(s).\n"
2026-01-28T09:44:27.781280189Z I0128 09:44:27.781233       1 template_helper.go:370] "msg"="parseIPList empty list found" "logger"="template"
2026-01-28T09:44:27.781464814Z I0128 09:44:27.781447       1 template_helper.go:370] "msg"="parseIPList empty list found" "logger"="template"
2026-01-28T09:44:27.781649328Z I0128 09:44:27.781631       1 template_helper.go:370] "msg"="parseIPList empty list found" "logger"="template"
2026-01-28T09:44:27.781900924Z I0128 09:44:27.781884       1 template_helper.go:370] "msg"="parseIPList empty list found" "logger"="template"
2026-01-28T09:44:27.782194271Z I0128 09:44:27.782133       1 template_helper.go:370] "msg"="parseIPList empty list found" "logger"="template"
2026-01-28T09:44:27.783322537Z I0128 09:44:27.783299       1 template_helper.go:370] "msg"="parseIPList empty list found" "logger"="template"
2026-01-28T09:44:27.783579283Z I0128 09:44:27.783563       1 template_helper.go:370] "msg"="parseIPList empty list found" "logger"="template"
2026-01-28T09:44:27.783782628Z I0128 09:44:27.783766       1 template_helper.go:370] "msg"="parseIPList empty list found" "logger"="template"
2026-01-28T09:44:27.816280251Z I0128 09:44:27.816233       1 router.go:665] "msg"="router reloaded" "logger"="template" "output"=" - Checking http://localhost:80 using PROXY protocol ...\n - Health check ok : 0 retry attempt(s).\n"
2026-01-28T09:44:50.162071730Z I0128 09:44:50.162027       1 template_helper.go:370] "msg"="parseIPList empty list found" "logger"="template"
2026-01-28T09:44:50.162326406Z I0128 09:44:50.162312       1 template_helper.go:370] "msg"="parseIPList empty list found" "logger"="template"
2026-01-28T09:44:50.162546901Z I0128 09:44:50.162504       1 template_helper.go:370] "msg"="parseIPList empty list found" "logger"="template"
2026-01-28T09:44:50.162810096Z I0128 09:44:50.162789       1 template_helper.go:370] "msg"="parseIPList empty list found" "logger"="template"
2026-01-28T09:44:50.163117093Z I0128 09:44:50.163051       1 template_helper.go:370] "msg"="parseIPList empty list found" "logger"="template"
2026-01-28T09:44:50.163894721Z I0128 09:44:50.163342       1 template_helper.go:370] "msg"="parseIPList empty list found" "logger"="template"
2026-01-28T09:44:50.163894721Z I0128 09:44:50.163578       1 template_helper.go:370] "msg"="parseIPList empty list found" "logger"="template"
2026-01-28T09:44:50.163894721Z I0128 09:44:50.163807       1 template_helper.go:370] "msg"="parseIPList empty list found" "logger"="template"
2026-01-28T09:44:50.196227301Z I0128 09:44:50.196179       1 router.go:665] "msg"="router reloaded" "logger"="template" "output"=" - Checking http://localhost:80 using PROXY protocol ...\n - Health check ok : 0 retry attempt(s).\n"
2026-01-28T09:44:55.518587573Z I0128 09:44:55.518547       1 template_helper.go:370] "msg"="parseIPList empty list found" "logger"="template"
2026-01-28T09:44:55.519021523Z I0128 09:44:55.518953       1 template_helper.go:370] "msg"="parseIPList empty list found" "logger"="template"
2026-01-28T09:44:55.519211127Z I0128 09:44:55.519192       1 template_helper.go:370] "msg"="parseIPList empty list found" "logger"="template"
2026-01-28T09:44:55.519562955Z I0128 09:44:55.519548       1 template_helper.go:370] "msg"="parseIPList empty list found" "logger"="template"
2026-01-28T09:44:55.519840641Z I0128 09:44:55.519826       1 template_helper.go:370] "msg"="parseIPList empty list found" "logger"="template"
2026-01-28T09:44:55.520325952Z I0128 09:44:55.520301       1 template_helper.go:370] "msg"="parseIPList empty list found" "logger"="template"
2026-01-28T09:44:55.520618979Z I0128 09:44:55.520585       1 template_helper.go:370] "msg"="parseIPList empty list found" "logger"="template"
2026-01-28T09:44:55.520888594Z I0128 09:44:55.520829       1 template_helper.go:370] "msg"="parseIPList empty list found" "logger"="template"
2026-01-28T09:44:55.590091015Z I0128 09:44:55.590049       1 router.go:665] "msg"="router reloaded" "logger"="template" "output"=" - Checking http://localhost:80 using PROXY protocol ...\n - Health check ok : 0 retry attempt(s).\n"
2026-01-28T09:45:00.518515107Z I0128 09:45:00.518471       1 template_helper.go:370] "msg"="parseIPList empty list found" "logger"="template"
2026-01-28T09:45:00.518732602Z I0128 09:45:00.518718       1 template_helper.go:370] "msg"="parseIPList empty list found" "logger"="template"
2026-01-28T09:45:00.518905606Z I0128 09:45:00.518891       1 template_helper.go:370] "msg"="parseIPList empty list found" "logger"="template"
2026-01-28T09:45:00.519178172Z I0128 09:45:00.519162       1 template_helper.go:370] "msg"="parseIPList empty list found" "logger"="template"
2026-01-28T09:45:00.519379286Z I0128 09:45:00.519365       1 template_helper.go:370] "msg"="parseIPList empty list found" "logger"="template"
2026-01-28T09:45:00.519628722Z I0128 09:45:00.519613       1 template_helper.go:370] "msg"="parseIPList empty list found" "logger"="template"
2026-01-28T09:45:00.519835546Z I0128 09:45:00.519821       1 template_helper.go:370] "msg"="parseIPList empty list found" "logger"="template"
2026-01-28T09:45:00.520089452Z I0128 09:45:00.520072       1 template_helper.go:370] "msg"="parseIPList empty list found" "logger"="template"
2026-01-28T09:45:00.553108707Z I0128 09:45:00.553057       1 router.go:665] "msg"="router reloaded" "logger"="template" "output"=" - Checking http://localhost:80 using PROXY protocol ...\n - Health check ok : 0 retry attempt(s).\n"
2026-01-28T09:45:27.586834278Z I0128 09:45:27.586797       1 template_helper.go:370] "msg"="parseIPList empty list found" "logger"="template"
2026-01-28T09:45:27.587240387Z I0128 09:45:27.587202       1 template_helper.go:370] "msg"="parseIPList empty list found" "logger"="template"
2026-01-28T09:45:27.587459532Z I0128 09:45:27.587426       1 template_helper.go:370] "msg"="parseIPList empty list found" "logger"="template"
2026-01-28T09:45:27.587779690Z I0128 09:45:27.587760       1 template_helper.go:370] "msg"="parseIPList empty list found" "logger"="template"
2026-01-28T09:45:27.588101017Z I0128 09:45:27.588083       1 template_helper.go:370] "msg"="parseIPList empty list found" "logger"="template"
2026-01-28T09:45:27.588759973Z I0128 09:45:27.588724       1 template_helper.go:370] "msg"="parseIPList empty list found" "logger"="template"
2026-01-28T09:45:27.589044489Z I0128 09:45:27.589014       1 template_helper.go:370] "msg"="parseIPList empty list found" "logger"="template"
2026-01-28T09:45:27.589279765Z I0128 09:45:27.589262       1 template_helper.go:370] "msg"="parseIPList empty list found" "logger"="template"
2026-01-28T09:45:27.641059329Z I0128 09:45:27.641019       1 router.go:665] "msg"="router reloaded" "logger"="template" "output"=" - Checking http://localhost:80 using PROXY protocol ...\n - Health check ok : 0 retry attempt(s).\n"
2026-01-28T09:45:33.980184124Z I0128 09:45:33.980144       1 template_helper.go:370] "msg"="parseIPList empty list found" "logger"="template"
2026-01-28T09:45:33.980471570Z I0128 09:45:33.980450       1 template_helper.go:370] "msg"="parseIPList empty list found" "logger"="template"
2026-01-28T09:45:33.980700346Z I0128 09:45:33.980681       1 template_helper.go:370] "msg"="parseIPList empty list found" "logger"="template"
2026-01-28T09:45:33.981101005Z I0128 09:45:33.981076       1 template_helper.go:370] "msg"="parseIPList empty list found" "logger"="template"
2026-01-28T09:45:33.981345871Z I0128 09:45:33.981332       1 template_helper.go:370] "msg"="parseIPList empty list found" "logger"="template"
2026-01-28T09:45:33.981726639Z I0128 09:45:33.981709       1 template_helper.go:370] "msg"="parseIPList empty list found" "logger"="template"
2026-01-28T09:45:33.982138309Z I0128 09:45:33.982122       1 template_helper.go:370] "msg"="parseIPList empty list found" "logger"="template"
2026-01-28T09:45:33.982514478Z I0128 09:45:33.982501       1 template_helper.go:370] "msg"="parseIPList empty list found" "logger"="template"
2026-01-28T09:45:34.030185337Z I0128 09:45:34.030140       1 router.go:665] "msg"="router reloaded" "logger"="template" "output"=" - Checking http://localhost:80 using PROXY protocol ...\n - Health check ok : 0 retry attempt(s).\n"
2026-01-28T09:45:38.980168844Z I0128 09:45:38.980131       1 template_helper.go:370] "msg"="parseIPList empty list found" "logger"="template"
2026-01-28T09:45:38.980392779Z I0128 09:45:38.980376       1 template_helper.go:370] "msg"="parseIPList empty list found" "logger"="template"
2026-01-28T09:45:38.980574134Z I0128 09:45:38.980556       1 template_helper.go:370] "msg"="parseIPList empty list found" "logger"="template"
2026-01-28T09:45:38.980804109Z I0128 09:45:38.980790       1 template_helper.go:370] "msg"="parseIPList empty list found" "logger"="template"
2026-01-28T09:45:38.981023694Z I0128 09:45:38.981004       1 template_helper.go:370] "msg"="parseIPList empty list found" "logger"="template"
2026-01-28T09:45:38.981330242Z I0128 09:45:38.981314       1 template_helper.go:370] "msg"="parseIPList empty list found" "logger"="template"
2026-01-28T09:45:38.981533176Z I0128 09:45:38.981509       1 template_helper.go:370] "msg"="parseIPList empty list found" "logger"="template"
2026-01-28T09:45:38.981719381Z I0128 09:45:38.981699       1 template_helper.go:370] "msg"="parseIPList empty list found" "logger"="template"
2026-01-28T09:45:39.013756611Z I0128 09:45:39.013702       1 router.go:665] "msg"="router reloaded" "logger"="template" "output"=" - Checking http://localhost:80 using PROXY protocol ...\n - Health check ok : 0 retry attempt(s).\n"
2026-01-28T09:46:42.491895614Z I0128 09:46:42.491858       1 template_helper.go:370] "msg"="parseIPList empty list found" "logger"="template"
2026-01-28T09:46:42.492305655Z I0128 09:46:42.492291       1 template_helper.go:370] "msg"="parseIPList empty list found" "logger"="template"
2026-01-28T09:46:42.492577603Z I0128 09:46:42.492563       1 template_helper.go:370] "msg"="parseIPList empty list found" "logger"="template"
2026-01-28T09:46:42.492962174Z I0128 09:46:42.492944       1 template_helper.go:370] "msg"="parseIPList empty list found" "logger"="template"
2026-01-28T09:46:42.493257652Z I0128 09:46:42.493244       1 template_helper.go:370] "msg"="parseIPList empty list found" "logger"="template"
2026-01-28T09:46:42.495203426Z I0128 09:46:42.494256       1 template_helper.go:370] "msg"="parseIPList empty list found" "logger"="template"
2026-01-28T09:46:42.495203426Z I0128 09:46:42.494609       1 template_helper.go:370] "msg"="parseIPList empty list found" "logger"="template"
2026-01-28T09:46:42.495203426Z I0128 09:46:42.494989       1 template_helper.go:370] "msg"="parseIPList empty list found" "logger"="template"
2026-01-28T09:46:42.530034457Z I0128 09:46:42.529987       1 router.go:665] "msg"="router reloaded" "logger"="template" "output"=" - Checking http://localhost:80 using PROXY protocol ...\n - Health check ok : 0 retry attempt(s).\n"
2026-01-28T09:46:54.696957171Z I0128 09:46:54.696892       1 template_helper.go:370] "msg"="parseIPList empty list found" "logger"="template"
2026-01-28T09:46:54.697208167Z I0128 09:46:54.697189       1 template_helper.go:370] "msg"="parseIPList empty list found" "logger"="template"
2026-01-28T09:46:54.697518094Z I0128 09:46:54.697500       1 template_helper.go:370] "msg"="parseIPList empty list found" "logger"="template"
2026-01-28T09:46:54.697813461Z I0128 09:46:54.697782       1 template_helper.go:370] "msg"="parseIPList empty list found" "logger"="template"
2026-01-28T09:46:54.698059287Z I0128 09:46:54.698038       1 template_helper.go:370] "msg"="parseIPList empty list found" "logger"="template"
2026-01-28T09:46:54.698414925Z I0128 09:46:54.698389       1 template_helper.go:370] "msg"="parseIPList empty list found" "logger"="template"
2026-01-28T09:46:54.698745722Z I0128 09:46:54.698717       1 template_helper.go:370] "msg"="parseIPList empty list found" "logger"="template"
2026-01-28T09:46:54.699107991Z I0128 09:46:54.699082       1 template_helper.go:370] "msg"="parseIPList empty list found" "logger"="template"
2026-01-28T09:46:54.732955631Z I0128 09:46:54.732889       1 router.go:665] "msg"="router reloaded" "logger"="template" "output"=" - Checking http://localhost:80 using PROXY protocol ...\n - Health check ok : 0 retry attempt(s).\n"
2026-01-28T09:46:59.697803775Z I0128 09:46:59.697760       1 template_helper.go:370] "msg"="parseIPList empty list found" "logger"="template"
2026-01-28T09:46:59.698147743Z I0128 09:46:59.698129       1 template_helper.go:370] "msg"="parseIPList empty list found" "logger"="template"
2026-01-28T09:46:59.698428130Z I0128 09:46:59.698409       1 template_helper.go:370] "msg"="parseIPList empty list found" "logger"="template"
2026-01-28T09:46:59.698665215Z I0128 09:46:59.698644       1 template_helper.go:370] "msg"="parseIPList empty list found" "logger"="template"
2026-01-28T09:46:59.698856190Z I0128 09:46:59.698840       1 template_helper.go:370] "msg"="parseIPList empty list found" "logger"="template"
2026-01-28T09:46:59.699192547Z I0128 09:46:59.699176       1 template_helper.go:370] "msg"="parseIPList empty list found" "logger"="template"
2026-01-28T09:46:59.699501335Z I0128 09:46:59.699483       1 template_helper.go:370] "msg"="parseIPList empty list found" "logger"="template"
2026-01-28T09:46:59.699799881Z I0128 09:46:59.699784       1 template_helper.go:370] "msg"="parseIPList empty list found" "logger"="template"
2026-01-28T09:46:59.733351815Z I0128 09:46:59.733309       1 router.go:665] "msg"="router reloaded" "logger"="template" "output"=" - Checking http://localhost:80 using PROXY protocol ...\n - Health check ok : 0 retry attempt(s).\n"
2026-01-28T09:47:23.578530325Z I0128 09:47:23.578482       1 template_helper.go:370] "msg"="parseIPList empty list found" "logger"="template"
2026-01-28T09:47:23.578794632Z I0128 09:47:23.578773       1 template_helper.go:370] "msg"="parseIPList empty list found" "logger"="template"
2026-01-28T09:47:23.579239212Z I0128 09:47:23.579219       1 template_helper.go:370] "msg"="parseIPList empty list found" "logger"="template"
2026-01-28T09:47:23.579710262Z I0128 09:47:23.579519       1 template_helper.go:370] "msg"="parseIPList empty list found" "logger"="template"
2026-01-28T09:47:23.579874146Z I0128 09:47:23.579754       1 template_helper.go:370] "msg"="parseIPList empty list found" "logger"="template"
2026-01-28T09:47:23.581560755Z I0128 09:47:23.580192       1 template_helper.go:370] "msg"="parseIPList empty list found" "logger"="template"
2026-01-28T09:47:23.581560755Z I0128 09:47:23.580554       1 template_helper.go:370] "msg"="parseIPList empty list found" "logger"="template"
2026-01-28T09:47:23.581560755Z I0128 09:47:23.580914       1 template_helper.go:370] "msg"="parseIPList empty list found" "logger"="template"
2026-01-28T09:47:23.621598624Z I0128 09:47:23.621551       1 router.go:665] "msg"="router reloaded" "logger"="template" "output"=" - Checking http://localhost:80 using PROXY protocol ...\n - Health check ok : 0 retry attempt(s).\n"
